Copyright 1986-2022 Xilinx, Inc. All Rights Reserved. Copyright 2022-2025 Advanced Micro Devices, Inc. All Rights Reserved.
---------------------------------------------------------------------------------------------------------------------------------------------
| Tool Version : Vivado v.2025.2 (lin64) Build 6299465 Fri Nov 14 12:34:56 MST 2025
| Date         : Tue Aug 25 21:06:03 2026
| Host         : MSI running 64-bit Ubuntu 26.04 LTS
| Command      : report_timing_summary -file /tmp/fsrch_chipv2_slh_dsa_16598_10.57.rpt
| Design       : top
| Device       : 7a200t-fbg676
| Speed File   : -1  PRODUCTION 1.23 2018-06-13
| Design State : Routed
---------------------------------------------------------------------------------------------------------------------------------------------

Timing Summary Report

------------------------------------------------------------------------------------------------
| Timer Settings
| --------------
------------------------------------------------------------------------------------------------

  Enable Multi Corner Analysis               :  Yes
  Enable Pessimism Removal                   :  Yes
  Pessimism Removal Resolution               :  Nearest Common Node
  Enable Input Delay Default Clock           :  No
  Enable Preset / Clear Arcs                 :  No
  Disable Flight Delays                      :  No
  Ignore I/O Paths                           :  No
  Timing Early Launch at Borrowing Latches   :  No
  Borrow Time for Max Delay Exceptions       :  Yes
  Merge Timing Exceptions                    :  Yes
  Inter-SLR Compensation                     :  Conservative

  Corner  Analyze    Analyze    
  Name    Max Paths  Min Paths  
  ------  ---------  ---------  
  Slow    Yes        Yes        
  Fast    Yes        Yes        


------------------------------------------------------------------------------------------------
| Report Methodology
| ------------------
------------------------------------------------------------------------------------------------

No report available as report_methodology has not been run prior. Run report_methodology on the current design for the summary of methodology violations.



check_timing report

Table of Contents
-----------------
1. checking no_clock (4)
2. checking constant_clock (0)
3. checking pulse_width_clock (0)
4. checking unconstrained_internal_endpoints (1)
5. checking no_input_delay (170)
6. checking no_output_delay (80)
7. checking multiple_clock (0)
8. checking generated_clocks (0)
9. checking loops (0)
10. checking partial_input_delay (0)
11. checking partial_output_delay (0)
12. checking latch_loops (0)

1. checking no_clock (4)
------------------------
 There is 1 register/latch pin with no clock driven by root clock pin: wots_xmss_fsm_md0/md0/XMSS_start_reg/Q (HIGH)

 There is 1 register/latch pin with no clock driven by root clock pin: wots_xmss_fsm_md0/md0/cnt_reg[1]/Q (HIGH)

 There is 1 register/latch pin with no clock driven by root clock pin: wots_xmss_fsm_md0/md0/cnt_reg[2]/Q (HIGH)

 There is 1 register/latch pin with no clock driven by root clock pin: wots_xmss_fsm_md0/md0/cnt_reg[3]/Q (HIGH)


2. checking constant_clock (0)
------------------------------
 There are 0 register/latch pins with constant_clock.


3. checking pulse_width_clock (0)
---------------------------------
 There are 0 register/latch pins which need pulse_width check


4. checking unconstrained_internal_endpoints (1)
------------------------------------------------
 There is 1 pin that is not constrained for maximum delay. (HIGH)

 There are 0 pins that are not constrained for maximum delay due to constant clock.


5. checking no_input_delay (170)
--------------------------------
 There are 156 input ports with no input delay specified. (HIGH)

 There are 14 input ports with no input delay but user has a false path constraint. (MEDIUM)


6. checking no_output_delay (80)
--------------------------------
 There are 80 ports with no output delay specified. (HIGH)

 There are 0 ports with no output delay but user has a false path constraint

 There are 0 ports with no output delay but with a timing clock defined on it or propagating through it


7. checking multiple_clock (0)
------------------------------
 There are 0 register/latch pins with multiple clocks.


8. checking generated_clocks (0)
--------------------------------
 There are 0 generated clocks that are not connected to a clock source.


9. checking loops (0)
---------------------
 There are 0 combinational loops in the design.


10. checking partial_input_delay (0)
------------------------------------
 There are 0 input ports with partial input delay specified.


11. checking partial_output_delay (0)
-------------------------------------
 There are 0 ports with partial output delay specified.


12. checking latch_loops (0)
----------------------------
 There are 0 combinational latch loops in the design through latch input



------------------------------------------------------------------------------------------------
| Design Timing Summary
| ---------------------
------------------------------------------------------------------------------------------------

    WNS(ns)      TNS(ns)  TNS Failing Endpoints  TNS Total Endpoints      WHS(ns)      THS(ns)  THS Failing Endpoints  THS Total Endpoints     WPWS(ns)     TPWS(ns)  TPWS Failing Endpoints  TPWS Total Endpoints  
    -------      -------  ---------------------  -------------------      -------      -------  ---------------------  -------------------     --------     --------  ----------------------  --------------------  
      0.120        0.000                      0                15365        0.064        0.000                      0                15365        4.035        0.000                       0                  6979  


All user specified timing constraints are met.


------------------------------------------------------------------------------------------------
| Clock Summary
| -------------
------------------------------------------------------------------------------------------------

Clock  Waveform(ns)       Period(ns)      Frequency(MHz)
-----  ------------       ----------      --------------
clk    {0.000 5.285}      10.570          94.607          


------------------------------------------------------------------------------------------------
| Intra Clock Table
| -----------------
------------------------------------------------------------------------------------------------

Clock             WNS(ns)      TNS(ns)  TNS Failing Endpoints  TNS Total Endpoints      WHS(ns)      THS(ns)  THS Failing Endpoints  THS Total Endpoints     WPWS(ns)     TPWS(ns)  TPWS Failing Endpoints  TPWS Total Endpoints  
-----             -------      -------  ---------------------  -------------------      -------      -------  ---------------------  -------------------     --------     --------  ----------------------  --------------------  
clk                 0.120        0.000                      0                15365        0.064        0.000                      0                15365        4.035        0.000                       0                  6979  


------------------------------------------------------------------------------------------------
| Inter Clock Table
| -----------------
------------------------------------------------------------------------------------------------

From Clock    To Clock          WNS(ns)      TNS(ns)  TNS Failing Endpoints  TNS Total Endpoints      WHS(ns)      THS(ns)  THS Failing Endpoints  THS Total Endpoints  
----------    --------          -------      -------  ---------------------  -------------------      -------      -------  ---------------------  -------------------  


------------------------------------------------------------------------------------------------
| Other Path Groups Table
| -----------------------
------------------------------------------------------------------------------------------------

Path Group    From Clock    To Clock          WNS(ns)      TNS(ns)  TNS Failing Endpoints  TNS Total Endpoints      WHS(ns)      THS(ns)  THS Failing Endpoints  THS Total Endpoints  
----------    ----------    --------          -------      -------  ---------------------  -------------------      -------      -------  ---------------------  -------------------  


------------------------------------------------------------------------------------------------
| Timing Details
| --------------
------------------------------------------------------------------------------------------------


---------------------------------------------------------------------------------------------------
From Clock:  clk
  To Clock:  clk

Setup :            0  Failing Endpoints,  Worst Slack        0.120ns,  Total Violation        0.000ns
Hold  :            0  Failing Endpoints,  Worst Slack        0.064ns,  Total Violation        0.000ns
PW    :            0  Failing Endpoints,  Worst Slack        4.035ns,  Total Violation        0.000ns
---------------------------------------------------------------------------------------------------


Max Delay Paths
--------------------------------------------------------------------------------------
Slack (MET) :             0.120ns  (required time - arrival time)
  Source:                 hash_tile_md0/HASH_SM/SHA256/w_mem_inst/w_mem_reg[9][6]/C
                            (rising edge-triggered cell FDCE clocked by clk  {rise@0.000ns fall@5.285ns period=10.570ns})
  Destination:            hash_tile_md0/HASH_SM/SHA256/a_reg_reg[31]/D
                            (rising edge-triggered cell FDCE clocked by clk  {rise@0.000ns fall@5.285ns period=10.570ns})
  Path Group:             clk
  Path Type:              Setup (Max at Slow Process Corner)
  Requirement:            10.570ns  (clk rise@10.570ns - clk rise@0.000ns)
  Data Path Delay:        10.397ns  (logic 4.469ns (42.982%)  route 5.928ns (57.018%))
  Logic Levels:           17  (CARRY4=9 LUT3=2 LUT5=3 LUT6=3)
  Clock Path Skew:        -0.049ns (DCD - SCD + CPR)
    Destination Clock Delay (DCD):    0.924ns = ( 11.494 - 10.570 ) 
    Source Clock Delay      (SCD):    0.973ns
    Clock Pessimism Removal (CPR):    0.000ns
  Clock Uncertainty:      0.035ns  ((TSJ^2 + TIJ^2)^1/2 + DJ) / 2 + PE
    Total System Jitter     (TSJ):    0.071ns
    Total Input Jitter      (TIJ):    0.000ns
    Discrete Jitter          (DJ):    0.000ns
    Phase Error              (PE):    0.000ns

    Location             Delay type                Incr(ns)  Path(ns)    Netlist Resource(s)
  -------------------------------------------------------------------    -------------------
                         (clock clk rise edge)        0.000     0.000 r  
                                                      0.000     0.000 r  clk (IN)
                         net (fo=6978, unset)         0.973     0.973    hash_tile_md0/HASH_SM/SHA256/w_mem_inst/clk
    SLICE_X89Y106        FDCE                                         r  hash_tile_md0/HASH_SM/SHA256/w_mem_inst/w_mem_reg[9][6]/C
  -------------------------------------------------------------------    -------------------
    SLICE_X89Y106        FDCE (Prop_fdce_C_Q)         0.456     1.429 r  hash_tile_md0/HASH_SM/SHA256/w_mem_inst/w_mem_reg[9][6]/Q
                         net (fo=4, routed)           1.038     2.467    hash_tile_md0/HASH_SM/SHA256/w_mem_inst/w_mem_reg[9]_5[6]
    SLICE_X90Y100        LUT5 (Prop_lut5_I1_O)        0.124     2.591 r  hash_tile_md0/HASH_SM/SHA256/w_mem_inst/w_mem[15][7]_i_11/O
                         net (fo=2, routed)           0.653     3.245    hash_tile_md0/HASH_SM/SHA256/w_mem_inst/w_mem[15][7]_i_11_n_0
    SLICE_X91Y102        LUT5 (Prop_lut5_I3_O)        0.124     3.369 r  hash_tile_md0/HASH_SM/SHA256/w_mem_inst/w_mem[15][7]_i_3/O
                         net (fo=2, routed)           0.671     4.039    hash_tile_md0/HASH_SM/SHA256/w_mem_inst/w_mem[15][7]_i_3_n_0
    SLICE_X90Y103        CARRY4 (Prop_carry4_DI[3]_CO[3])
                                                      0.396     4.435 r  hash_tile_md0/HASH_SM/SHA256/w_mem_inst/w_mem_reg[15][7]_i_2/CO[3]
                         net (fo=1, routed)           0.000     4.435    hash_tile_md0/HASH_SM/SHA256/w_mem_inst/w_mem_reg[15][7]_i_2_n_0
    SLICE_X90Y104        CARRY4 (Prop_carry4_CI_CO[3])
                                                      0.117     4.552 r  hash_tile_md0/HASH_SM/SHA256/w_mem_inst/w_mem_reg[15][11]_i_2/CO[3]
                         net (fo=1, routed)           0.000     4.552    hash_tile_md0/HASH_SM/SHA256/w_mem_inst/w_mem_reg[15][11]_i_2_n_0
    SLICE_X90Y105        CARRY4 (Prop_carry4_CI_CO[3])
                                                      0.117     4.669 r  hash_tile_md0/HASH_SM/SHA256/w_mem_inst/w_mem_reg[15][15]_i_2/CO[3]
                         net (fo=1, routed)           0.000     4.669    hash_tile_md0/HASH_SM/SHA256/w_mem_inst/w_mem_reg[15][15]_i_2_n_0
    SLICE_X90Y106        CARRY4 (Prop_carry4_CI_CO[3])
                                                      0.117     4.786 r  hash_tile_md0/HASH_SM/SHA256/w_mem_inst/w_mem_reg[15][19]_i_2/CO[3]
                         net (fo=1, routed)           0.000     4.786    hash_tile_md0/HASH_SM/SHA256/w_mem_inst/w_mem_reg[15][19]_i_2_n_0
    SLICE_X90Y107        CARRY4 (Prop_carry4_CI_O[3])
                                                      0.315     5.101 r  hash_tile_md0/HASH_SM/SHA256/w_mem_inst/w_mem_reg[15][23]_i_2/O[3]
                         net (fo=2, routed)           0.467     5.568    hash_tile_md0/HASH_SM/SHA256/w_mem_inst/w_new[23]
    SLICE_X89Y107        LUT6 (Prop_lut6_I3_O)        0.307     5.875 r  hash_tile_md0/HASH_SM/SHA256/w_mem_inst/i___30_i_26/O
                         net (fo=2, routed)           0.551     6.427    hash_tile_md0/HASH_SM/SHA256/w_mem_inst/w_data[23]
    SLICE_X87Y107        LUT3 (Prop_lut3_I2_O)        0.124     6.551 r  hash_tile_md0/HASH_SM/SHA256/w_mem_inst/i___30_i_16/O
                         net (fo=3, routed)           0.704     7.254    hash_tile_md0/HASH_SM/SHA256/w_mem_inst/t1_logic.csa2_s__0[23]
    SLICE_X87Y104        LUT3 (Prop_lut3_I1_O)        0.124     7.378 r  hash_tile_md0/HASH_SM/SHA256/w_mem_inst/i___34_i_2/O
                         net (fo=1, routed)           0.475     7.853    hash_tile_md0/HASH_SM/SHA256/w_mem_inst/t1_logic.csa3_s[23]
    SLICE_X86Y103        CARRY4 (Prop_carry4_DI[3]_CO[3])
                                                      0.385     8.238 r  hash_tile_md0/HASH_SM/SHA256/w_mem_inst/i___34_i_1/CO[3]
                         net (fo=1, routed)           0.000     8.238    hash_tile_md0/HASH_SM/SHA256/w_mem_inst/i___34_i_1_n_0
    SLICE_X86Y104        CARRY4 (Prop_carry4_CI_O[1])
                                                      0.334     8.572 r  hash_tile_md0/HASH_SM/SHA256/w_mem_inst/i___30_i_1/O[1]
                         net (fo=4, routed)           0.471     9.043    hash_tile_md0/HASH_SM/SHA256/w_mem_inst/i___30_i_9_0[1]
    SLICE_X85Y103        LUT5 (Prop_lut5_I0_O)        0.303     9.346 r  hash_tile_md0/HASH_SM/SHA256/w_mem_inst/a_reg[27]_i_4/O
                         net (fo=2, routed)           0.597     9.943    hash_tile_md0/HASH_SM/SHA256/w_mem_inst/a_reg[27]_i_4_n_0
    SLICE_X84Y103        LUT6 (Prop_lut6_I0_O)        0.124    10.067 r  hash_tile_md0/HASH_SM/SHA256/w_mem_inst/a_reg[27]_i_8/O
                         net (fo=1, routed)           0.000    10.067    hash_tile_md0/HASH_SM/SHA256/w_mem_inst/a_reg[27]_i_8_n_0
    SLICE_X84Y103        CARRY4 (Prop_carry4_S[2]_CO[3])
                                                      0.380    10.447 r  hash_tile_md0/HASH_SM/SHA256/w_mem_inst/a_reg_reg[27]_i_2/CO[3]
                         net (fo=1, routed)           0.000    10.447    hash_tile_md0/HASH_SM/SHA256/w_mem_inst/a_reg_reg[27]_i_2_n_0
    SLICE_X84Y104        CARRY4 (Prop_carry4_CI_O[3])
                                                      0.315    10.762 r  hash_tile_md0/HASH_SM/SHA256/w_mem_inst/a_reg_reg[31]_i_2/O[3]
                         net (fo=1, routed)           0.301    11.063    hash_tile_md0/HASH_SM/SHA256/w_mem_inst/a_new0[31]
    SLICE_X87Y103        LUT6 (Prop_lut6_I2_O)        0.307    11.370 r  hash_tile_md0/HASH_SM/SHA256/w_mem_inst/a_reg[31]_i_1/O
                         net (fo=1, routed)           0.000    11.370    hash_tile_md0/HASH_SM/SHA256/w_mem_inst_n_7
    SLICE_X87Y103        FDCE                                         r  hash_tile_md0/HASH_SM/SHA256/a_reg_reg[31]/D
  -------------------------------------------------------------------    -------------------

                         (clock clk rise edge)       10.570    10.570 r  
                                                      0.000    10.570 r  clk (IN)
                         net (fo=6978, unset)         0.924    11.494    hash_tile_md0/HASH_SM/SHA256/clk
    SLICE_X87Y103        FDCE                                         r  hash_tile_md0/HASH_SM/SHA256/a_reg_reg[31]/C
                         clock pessimism              0.000    11.494    
                         clock uncertainty           -0.035    11.459    
    SLICE_X87Y103        FDCE (Setup_fdce_C_D)        0.031    11.490    hash_tile_md0/HASH_SM/SHA256/a_reg_reg[31]
  -------------------------------------------------------------------
                         required time                         11.490    
                         arrival time                         -11.370    
  -------------------------------------------------------------------
                         slack                                  0.120    





Min Delay Paths
--------------------------------------------------------------------------------------
Slack (MET) :             0.064ns  (arrival time - required time)
  Source:                 mti_md0/indices_addr0_reg[5]/C
                            (rising edge-triggered cell FDCE clocked by clk  {rise@0.000ns fall@5.285ns period=10.570ns})
  Destination:            INDICES_MEM/mem_reg/DIADI[11]
                            (rising edge-triggered cell RAMB18E1 clocked by clk  {rise@0.000ns fall@5.285ns period=10.570ns})
  Path Group:             clk
  Path Type:              Hold (Min at Fast Process Corner)
  Requirement:            0.000ns  (clk rise@0.000ns - clk rise@0.000ns)
  Data Path Delay:        0.328ns  (logic 0.128ns (38.980%)  route 0.200ns (61.020%))
  Logic Levels:           0  
  Clock Path Skew:        0.022ns (DCD - SCD - CPR)
    Destination Clock Delay (DCD):    0.432ns
    Source Clock Delay      (SCD):    0.410ns
    Clock Pessimism Removal (CPR):    -0.000ns

    Location             Delay type                Incr(ns)  Path(ns)    Netlist Resource(s)
  -------------------------------------------------------------------    -------------------
                         (clock clk rise edge)        0.000     0.000 r  
                                                      0.000     0.000 r  clk (IN)
                         net (fo=6978, unset)         0.410     0.410    mti_md0/clk
    SLICE_X77Y53         FDCE                                         r  mti_md0/indices_addr0_reg[5]/C
  -------------------------------------------------------------------    -------------------
    SLICE_X77Y53         FDCE (Prop_fdce_C_Q)         0.128     0.538 r  mti_md0/indices_addr0_reg[5]/Q
                         net (fo=3, routed)           0.200     0.739    INDICES_MEM/DIADI[11]
    RAMB18_X4Y20         RAMB18E1                                     r  INDICES_MEM/mem_reg/DIADI[11]
  -------------------------------------------------------------------    -------------------

                         (clock clk rise edge)        0.000     0.000 r  
                                                      0.000     0.000 r  clk (IN)
                         net (fo=6978, unset)         0.432     0.432    INDICES_MEM/clk
    RAMB18_X4Y20         RAMB18E1                                     r  INDICES_MEM/mem_reg/CLKARDCLK
                         clock pessimism              0.000     0.432    
    RAMB18_X4Y20         RAMB18E1 (Hold_ramb18e1_CLKARDCLK_DIADI[11])
                                                      0.243     0.675    INDICES_MEM/mem_reg
  -------------------------------------------------------------------
                         required time                         -0.675    
                         arrival time                           0.739    
  -------------------------------------------------------------------
                         slack                                  0.064    





Pulse Width Checks
--------------------------------------------------------------------------------------
Clock Name:         clk
Waveform(ns):       { 0.000 5.285 }
Period(ns):         10.570
Sources:            { clk }

Check Type        Corner  Lib Pin             Reference Pin  Required(ns)  Actual(ns)  Slack(ns)  Location      Pin
Min Period        n/a     RAMB36E1/CLKARDCLK  n/a            2.944         10.570      7.626      RAMB36_X1Y15  hash_tile_md0/BIG_MEM/mem_reg/CLKARDCLK
Low Pulse Width   Slow    RAMD32/CLK          n/a            1.250         5.285       4.035      SLICE_X22Y77  hash_tile_md0/B_FIFO_INSTANCE/fifo_mem_reg_0_7_0_5/RAMA/CLK
High Pulse Width  Slow    RAMD32/CLK          n/a            1.250         5.285       4.035      SLICE_X22Y77  hash_tile_md0/B_FIFO_INSTANCE/fifo_mem_reg_0_7_0_5/RAMA/CLK



