Copyright 1986-2022 Xilinx, Inc. All Rights Reserved. Copyright 2022-2025 Advanced Micro Devices, Inc. All Rights Reserved.
---------------------------------------------------------------------------------------------------------------------------------------------
| Tool Version : Vivado v.2025.2 (lin64) Build 6299465 Fri Nov 14 12:34:56 MST 2025
| Date         : Tue Aug 25 21:00:23 2026
| Host         : MSI running 64-bit Ubuntu 26.04 LTS
| Command      : report_timing_summary -file /tmp/fsrch_chipv2_slh_dsa_16598_10.75.rpt
| Design       : top
| Device       : 7a200t-fbg676
| Speed File   : -1  PRODUCTION 1.23 2018-06-13
| Design State : Routed
---------------------------------------------------------------------------------------------------------------------------------------------

Timing Summary Report

------------------------------------------------------------------------------------------------
| Timer Settings
| --------------
------------------------------------------------------------------------------------------------

  Enable Multi Corner Analysis               :  Yes
  Enable Pessimism Removal                   :  Yes
  Pessimism Removal Resolution               :  Nearest Common Node
  Enable Input Delay Default Clock           :  No
  Enable Preset / Clear Arcs                 :  No
  Disable Flight Delays                      :  No
  Ignore I/O Paths                           :  No
  Timing Early Launch at Borrowing Latches   :  No
  Borrow Time for Max Delay Exceptions       :  Yes
  Merge Timing Exceptions                    :  Yes
  Inter-SLR Compensation                     :  Conservative

  Corner  Analyze    Analyze    
  Name    Max Paths  Min Paths  
  ------  ---------  ---------  
  Slow    Yes        Yes        
  Fast    Yes        Yes        


------------------------------------------------------------------------------------------------
| Report Methodology
| ------------------
------------------------------------------------------------------------------------------------

No report available as report_methodology has not been run prior. Run report_methodology on the current design for the summary of methodology violations.



check_timing report

Table of Contents
-----------------
1. checking no_clock (4)
2. checking constant_clock (0)
3. checking pulse_width_clock (0)
4. checking unconstrained_internal_endpoints (1)
5. checking no_input_delay (170)
6. checking no_output_delay (80)
7. checking multiple_clock (0)
8. checking generated_clocks (0)
9. checking loops (0)
10. checking partial_input_delay (0)
11. checking partial_output_delay (0)
12. checking latch_loops (0)

1. checking no_clock (4)
------------------------
 There is 1 register/latch pin with no clock driven by root clock pin: wots_xmss_fsm_md0/md0/XMSS_start_reg/Q (HIGH)

 There is 1 register/latch pin with no clock driven by root clock pin: wots_xmss_fsm_md0/md0/cnt_reg[1]/Q (HIGH)

 There is 1 register/latch pin with no clock driven by root clock pin: wots_xmss_fsm_md0/md0/cnt_reg[2]/Q (HIGH)

 There is 1 register/latch pin with no clock driven by root clock pin: wots_xmss_fsm_md0/md0/cnt_reg[3]/Q (HIGH)


2. checking constant_clock (0)
------------------------------
 There are 0 register/latch pins with constant_clock.


3. checking pulse_width_clock (0)
---------------------------------
 There are 0 register/latch pins which need pulse_width check


4. checking unconstrained_internal_endpoints (1)
------------------------------------------------
 There is 1 pin that is not constrained for maximum delay. (HIGH)

 There are 0 pins that are not constrained for maximum delay due to constant clock.


5. checking no_input_delay (170)
--------------------------------
 There are 156 input ports with no input delay specified. (HIGH)

 There are 14 input ports with no input delay but user has a false path constraint. (MEDIUM)


6. checking no_output_delay (80)
--------------------------------
 There are 80 ports with no output delay specified. (HIGH)

 There are 0 ports with no output delay but user has a false path constraint

 There are 0 ports with no output delay but with a timing clock defined on it or propagating through it


7. checking multiple_clock (0)
------------------------------
 There are 0 register/latch pins with multiple clocks.


8. checking generated_clocks (0)
--------------------------------
 There are 0 generated clocks that are not connected to a clock source.


9. checking loops (0)
---------------------
 There are 0 combinational loops in the design.


10. checking partial_input_delay (0)
------------------------------------
 There are 0 input ports with partial input delay specified.


11. checking partial_output_delay (0)
-------------------------------------
 There are 0 ports with partial output delay specified.


12. checking latch_loops (0)
----------------------------
 There are 0 combinational latch loops in the design through latch input



------------------------------------------------------------------------------------------------
| Design Timing Summary
| ---------------------
------------------------------------------------------------------------------------------------

    WNS(ns)      TNS(ns)  TNS Failing Endpoints  TNS Total Endpoints      WHS(ns)      THS(ns)  THS Failing Endpoints  THS Total Endpoints     WPWS(ns)     TPWS(ns)  TPWS Failing Endpoints  TPWS Total Endpoints  
    -------      -------  ---------------------  -------------------      -------      -------  ---------------------  -------------------     --------     --------  ----------------------  --------------------  
      0.018        0.000                      0                15365        0.059        0.000                      0                15365        4.125        0.000                       0                  6979  


All user specified timing constraints are met.


------------------------------------------------------------------------------------------------
| Clock Summary
| -------------
------------------------------------------------------------------------------------------------

Clock  Waveform(ns)       Period(ns)      Frequency(MHz)
-----  ------------       ----------      --------------
clk    {0.000 5.375}      10.750          93.023          


------------------------------------------------------------------------------------------------
| Intra Clock Table
| -----------------
------------------------------------------------------------------------------------------------

Clock             WNS(ns)      TNS(ns)  TNS Failing Endpoints  TNS Total Endpoints      WHS(ns)      THS(ns)  THS Failing Endpoints  THS Total Endpoints     WPWS(ns)     TPWS(ns)  TPWS Failing Endpoints  TPWS Total Endpoints  
-----             -------      -------  ---------------------  -------------------      -------      -------  ---------------------  -------------------     --------     --------  ----------------------  --------------------  
clk                 0.018        0.000                      0                15365        0.059        0.000                      0                15365        4.125        0.000                       0                  6979  


------------------------------------------------------------------------------------------------
| Inter Clock Table
| -----------------
------------------------------------------------------------------------------------------------

From Clock    To Clock          WNS(ns)      TNS(ns)  TNS Failing Endpoints  TNS Total Endpoints      WHS(ns)      THS(ns)  THS Failing Endpoints  THS Total Endpoints  
----------    --------          -------      -------  ---------------------  -------------------      -------      -------  ---------------------  -------------------  


------------------------------------------------------------------------------------------------
| Other Path Groups Table
| -----------------------
------------------------------------------------------------------------------------------------

Path Group    From Clock    To Clock          WNS(ns)      TNS(ns)  TNS Failing Endpoints  TNS Total Endpoints      WHS(ns)      THS(ns)  THS Failing Endpoints  THS Total Endpoints  
----------    ----------    --------          -------      -------  ---------------------  -------------------      -------      -------  ---------------------  -------------------  


------------------------------------------------------------------------------------------------
| Timing Details
| --------------
------------------------------------------------------------------------------------------------


---------------------------------------------------------------------------------------------------
From Clock:  clk
  To Clock:  clk

Setup :            0  Failing Endpoints,  Worst Slack        0.018ns,  Total Violation        0.000ns
Hold  :            0  Failing Endpoints,  Worst Slack        0.059ns,  Total Violation        0.000ns
PW    :            0  Failing Endpoints,  Worst Slack        4.125ns,  Total Violation        0.000ns
---------------------------------------------------------------------------------------------------


Max Delay Paths
--------------------------------------------------------------------------------------
Slack (MET) :             0.018ns  (required time - arrival time)
  Source:                 hash_tile_md0/HASH_BM/SHA256/w_mem_inst/w_mem_reg[1][9]/C
                            (rising edge-triggered cell FDCE clocked by clk  {rise@0.000ns fall@5.375ns period=10.750ns})
  Destination:            hash_tile_md0/HASH_BM/SHA256/a_reg_reg[29]/D
                            (rising edge-triggered cell FDCE clocked by clk  {rise@0.000ns fall@5.375ns period=10.750ns})
  Path Group:             clk
  Path Type:              Setup (Max at Slow Process Corner)
  Requirement:            10.750ns  (clk rise@10.750ns - clk rise@0.000ns)
  Data Path Delay:        10.679ns  (logic 4.845ns (45.368%)  route 5.834ns (54.632%))
  Logic Levels:           18  (CARRY4=9 LUT3=2 LUT5=3 LUT6=4)
  Clock Path Skew:        -0.049ns (DCD - SCD + CPR)
    Destination Clock Delay (DCD):    0.924ns = ( 11.674 - 10.750 ) 
    Source Clock Delay      (SCD):    0.973ns
    Clock Pessimism Removal (CPR):    0.000ns
  Clock Uncertainty:      0.035ns  ((TSJ^2 + TIJ^2)^1/2 + DJ) / 2 + PE
    Total System Jitter     (TSJ):    0.071ns
    Total Input Jitter      (TIJ):    0.000ns
    Discrete Jitter          (DJ):    0.000ns
    Phase Error              (PE):    0.000ns

    Location             Delay type                Incr(ns)  Path(ns)    Netlist Resource(s)
  -------------------------------------------------------------------    -------------------
                         (clock clk rise edge)        0.000     0.000 r  
                                                      0.000     0.000 r  clk (IN)
                         net (fo=6978, unset)         0.973     0.973    hash_tile_md0/HASH_BM/SHA256/w_mem_inst/clk
    SLICE_X10Y104        FDCE                                         r  hash_tile_md0/HASH_BM/SHA256/w_mem_inst/w_mem_reg[1][9]/C
  -------------------------------------------------------------------    -------------------
    SLICE_X10Y104        FDCE (Prop_fdce_C_Q)         0.518     1.491 r  hash_tile_md0/HASH_BM/SHA256/w_mem_inst/w_mem_reg[1][9]/Q
                         net (fo=8, routed)           0.875     2.366    hash_tile_md0/HASH_BM/SHA256/w_mem_inst/p_2_in[2]
    SLICE_X10Y102        LUT5 (Prop_lut5_I2_O)        0.124     2.490 r  hash_tile_md0/HASH_BM/SHA256/w_mem_inst/w_mem[15][7]_i_18__0/O
                         net (fo=2, routed)           0.890     3.379    hash_tile_md0/HASH_BM/SHA256/w_mem_inst/w_mem[15][7]_i_18__0_n_0
    SLICE_X9Y105         LUT5 (Prop_lut5_I4_O)        0.124     3.503 r  hash_tile_md0/HASH_BM/SHA256/w_mem_inst/w_mem[15][7]_i_6__0/O
                         net (fo=2, routed)           0.366     3.870    hash_tile_md0/HASH_BM/SHA256/w_mem_inst/w_mem[15][7]_i_6__0_n_0
    SLICE_X8Y105         LUT6 (Prop_lut6_I0_O)        0.124     3.994 r  hash_tile_md0/HASH_BM/SHA256/w_mem_inst/w_mem[15][7]_i_10__0/O
                         net (fo=1, routed)           0.000     3.994    hash_tile_md0/HASH_BM/SHA256/w_mem_inst/w_mem[15][7]_i_10__0_n_0
    SLICE_X8Y105         CARRY4 (Prop_carry4_S[0]_CO[3])
                                                      0.513     4.507 r  hash_tile_md0/HASH_BM/SHA256/w_mem_inst/w_mem_reg[15][7]_i_2__0/CO[3]
                         net (fo=1, routed)           0.000     4.507    hash_tile_md0/HASH_BM/SHA256/w_mem_inst/w_mem_reg[15][7]_i_2__0_n_0
    SLICE_X8Y106         CARRY4 (Prop_carry4_CI_O[0])
                                                      0.219     4.726 r  hash_tile_md0/HASH_BM/SHA256/w_mem_inst/w_mem_reg[15][11]_i_2__0/O[0]
                         net (fo=2, routed)           0.428     5.154    hash_tile_md0/HASH_BM/SHA256/w_mem_inst/w_new[8]
    SLICE_X11Y106        LUT6 (Prop_lut6_I3_O)        0.295     5.449 r  hash_tile_md0/HASH_BM/SHA256/w_mem_inst/i___46_i_23__0/O
                         net (fo=2, routed)           0.607     6.056    hash_tile_md0/HASH_BM/SHA256/w_mem_inst/w_data[8]
    SLICE_X14Y107        LUT3 (Prop_lut3_I2_O)        0.124     6.180 r  hash_tile_md0/HASH_BM/SHA256/w_mem_inst/i___46_i_15__0/O
                         net (fo=3, routed)           0.639     6.819    hash_tile_md0/HASH_BM/SHA256/w_mem_inst/t1_logic.csa2_s__0[8]
    SLICE_X14Y106        LUT3 (Prop_lut3_I1_O)        0.124     6.943 r  hash_tile_md0/HASH_BM/SHA256/w_mem_inst/i___46_i_5__0/O
                         net (fo=1, routed)           0.525     7.468    hash_tile_md0/HASH_BM/SHA256/w_mem_inst/t1_logic.csa3_s[8]
    SLICE_X16Y106        CARRY4 (Prop_carry4_DI[0]_CO[3])
                                                      0.550     8.018 r  hash_tile_md0/HASH_BM/SHA256/w_mem_inst/i___46_i_1__0/CO[3]
                         net (fo=1, routed)           0.000     8.018    hash_tile_md0/HASH_BM/SHA256/w_mem_inst/i___46_i_1__0_n_0
    SLICE_X16Y107        CARRY4 (Prop_carry4_CI_O[1])
                                                      0.323     8.341 r  hash_tile_md0/HASH_BM/SHA256/w_mem_inst/i___42_i_1__0/O[1]
                         net (fo=4, routed)           0.612     8.953    hash_tile_md0/HASH_BM/SHA256/w_mem_inst/i___42_i_9__0_0[1]
    SLICE_X18Y105        LUT5 (Prop_lut5_I0_O)        0.306     9.259 r  hash_tile_md0/HASH_BM/SHA256/w_mem_inst/a_reg[15]_i_4__0/O
                         net (fo=2, routed)           0.604     9.862    hash_tile_md0/HASH_BM/SHA256/w_mem_inst/a_reg[15]_i_4__0_n_0
    SLICE_X19Y105        LUT6 (Prop_lut6_I0_O)        0.124     9.986 r  hash_tile_md0/HASH_BM/SHA256/w_mem_inst/a_reg[15]_i_8__0/O
                         net (fo=1, routed)           0.000     9.986    hash_tile_md0/HASH_BM/SHA256/w_mem_inst/a_reg[15]_i_8__0_n_0
    SLICE_X19Y105        CARRY4 (Prop_carry4_S[2]_CO[3])
                                                      0.398    10.384 r  hash_tile_md0/HASH_BM/SHA256/w_mem_inst/a_reg_reg[15]_i_2__0/CO[3]
                         net (fo=1, routed)           0.000    10.384    hash_tile_md0/HASH_BM/SHA256/w_mem_inst/a_reg_reg[15]_i_2__0_n_0
    SLICE_X19Y106        CARRY4 (Prop_carry4_CI_CO[3])
                                                      0.114    10.498 r  hash_tile_md0/HASH_BM/SHA256/w_mem_inst/a_reg_reg[19]_i_2__0/CO[3]
                         net (fo=1, routed)           0.000    10.498    hash_tile_md0/HASH_BM/SHA256/w_mem_inst/a_reg_reg[19]_i_2__0_n_0
    SLICE_X19Y107        CARRY4 (Prop_carry4_CI_CO[3])
                                                      0.114    10.612 r  hash_tile_md0/HASH_BM/SHA256/w_mem_inst/a_reg_reg[23]_i_2__0/CO[3]
                         net (fo=1, routed)           0.000    10.612    hash_tile_md0/HASH_BM/SHA256/w_mem_inst/a_reg_reg[23]_i_2__0_n_0
    SLICE_X19Y108        CARRY4 (Prop_carry4_CI_CO[3])
                                                      0.114    10.726 r  hash_tile_md0/HASH_BM/SHA256/w_mem_inst/a_reg_reg[27]_i_2__0/CO[3]
                         net (fo=1, routed)           0.000    10.726    hash_tile_md0/HASH_BM/SHA256/w_mem_inst/a_reg_reg[27]_i_2__0_n_0
    SLICE_X19Y109        CARRY4 (Prop_carry4_CI_O[1])
                                                      0.334    11.060 r  hash_tile_md0/HASH_BM/SHA256/w_mem_inst/a_reg_reg[31]_i_2__0/O[1]
                         net (fo=1, routed)           0.289    11.349    hash_tile_md0/HASH_BM/SHA256/w_mem_inst/a_new0[29]
    SLICE_X17Y109        LUT6 (Prop_lut6_I5_O)        0.303    11.652 r  hash_tile_md0/HASH_BM/SHA256/w_mem_inst/a_reg[29]_i_1__0/O
                         net (fo=1, routed)           0.000    11.652    hash_tile_md0/HASH_BM/SHA256/w_mem_inst_n_8
    SLICE_X17Y109        FDCE                                         r  hash_tile_md0/HASH_BM/SHA256/a_reg_reg[29]/D
  -------------------------------------------------------------------    -------------------

                         (clock clk rise edge)       10.750    10.750 r  
                                                      0.000    10.750 r  clk (IN)
                         net (fo=6978, unset)         0.924    11.674    hash_tile_md0/HASH_BM/SHA256/clk
    SLICE_X17Y109        FDCE                                         r  hash_tile_md0/HASH_BM/SHA256/a_reg_reg[29]/C
                         clock pessimism              0.000    11.674    
                         clock uncertainty           -0.035    11.639    
    SLICE_X17Y109        FDCE (Setup_fdce_C_D)        0.031    11.670    hash_tile_md0/HASH_BM/SHA256/a_reg_reg[29]
  -------------------------------------------------------------------
                         required time                         11.670    
                         arrival time                         -11.652    
  -------------------------------------------------------------------
                         slack                                  0.018    





Min Delay Paths
--------------------------------------------------------------------------------------
Slack (MET) :             0.059ns  (arrival time - required time)
  Source:                 mti_md0/indices_addr0_reg[5]/C
                            (rising edge-triggered cell FDCE clocked by clk  {rise@0.000ns fall@5.375ns period=10.750ns})
  Destination:            INDICES_MEM/mem_reg/DIADI[11]
                            (rising edge-triggered cell RAMB18E1 clocked by clk  {rise@0.000ns fall@5.375ns period=10.750ns})
  Path Group:             clk
  Path Type:              Hold (Min at Fast Process Corner)
  Requirement:            0.000ns  (clk rise@0.000ns - clk rise@0.000ns)
  Data Path Delay:        0.324ns  (logic 0.148ns (45.677%)  route 0.176ns (54.323%))
  Logic Levels:           0  
  Clock Path Skew:        0.022ns (DCD - SCD - CPR)
    Destination Clock Delay (DCD):    0.432ns
    Source Clock Delay      (SCD):    0.410ns
    Clock Pessimism Removal (CPR):    -0.000ns

    Location             Delay type                Incr(ns)  Path(ns)    Netlist Resource(s)
  -------------------------------------------------------------------    -------------------
                         (clock clk rise edge)        0.000     0.000 r  
                                                      0.000     0.000 r  clk (IN)
                         net (fo=6978, unset)         0.410     0.410    mti_md0/clk
    SLICE_X76Y61         FDCE                                         r  mti_md0/indices_addr0_reg[5]/C
  -------------------------------------------------------------------    -------------------
    SLICE_X76Y61         FDCE (Prop_fdce_C_Q)         0.148     0.558 r  mti_md0/indices_addr0_reg[5]/Q
                         net (fo=3, routed)           0.176     0.734    INDICES_MEM/DIADI[11]
    RAMB18_X4Y24         RAMB18E1                                     r  INDICES_MEM/mem_reg/DIADI[11]
  -------------------------------------------------------------------    -------------------

                         (clock clk rise edge)        0.000     0.000 r  
                                                      0.000     0.000 r  clk (IN)
                         net (fo=6978, unset)         0.432     0.432    INDICES_MEM/clk
    RAMB18_X4Y24         RAMB18E1                                     r  INDICES_MEM/mem_reg/CLKARDCLK
                         clock pessimism              0.000     0.432    
    RAMB18_X4Y24         RAMB18E1 (Hold_ramb18e1_CLKARDCLK_DIADI[11])
                                                      0.243     0.675    INDICES_MEM/mem_reg
  -------------------------------------------------------------------
                         required time                         -0.675    
                         arrival time                           0.734    
  -------------------------------------------------------------------
                         slack                                  0.059    





Pulse Width Checks
--------------------------------------------------------------------------------------
Clock Name:         clk
Waveform(ns):       { 0.000 5.375 }
Period(ns):         10.750
Sources:            { clk }

Check Type        Corner  Lib Pin             Reference Pin  Required(ns)  Actual(ns)  Slack(ns)  Location      Pin
Min Period        n/a     RAMB36E1/CLKARDCLK  n/a            2.944         10.750      7.806      RAMB36_X1Y17  hash_tile_md0/BIG_MEM/mem_reg/CLKARDCLK
Low Pulse Width   Slow    RAMD32/CLK          n/a            1.250         5.375       4.125      SLICE_X18Y86  hash_tile_md0/B_FIFO_INSTANCE/fifo_mem_reg_0_7_0_5/RAMA/CLK
High Pulse Width  Slow    RAMD32/CLK          n/a            1.250         5.375       4.125      SLICE_X18Y86  hash_tile_md0/B_FIFO_INSTANCE/fifo_mem_reg_0_7_0_5/RAMA/CLK



