Copyright 1986-2022 Xilinx, Inc. All Rights Reserved. Copyright 2022-2025 Advanced Micro Devices, Inc. All Rights Reserved.
---------------------------------------------------------------------------------------------------------------------------------------------
| Tool Version : Vivado v.2025.2 (lin64) Build 6299465 Fri Nov 14 12:34:56 MST 2025
| Date         : Tue Aug 25 21:07:58 2026
| Host         : MSI running 64-bit Ubuntu 26.04 LTS
| Command      : report_timing_summary -file /tmp/fsrch_chipv2_slh_dsa_16598_10.48.rpt
| Design       : top
| Device       : 7a200t-fbg676
| Speed File   : -1  PRODUCTION 1.23 2018-06-13
| Design State : Routed
---------------------------------------------------------------------------------------------------------------------------------------------

Timing Summary Report

------------------------------------------------------------------------------------------------
| Timer Settings
| --------------
------------------------------------------------------------------------------------------------

  Enable Multi Corner Analysis               :  Yes
  Enable Pessimism Removal                   :  Yes
  Pessimism Removal Resolution               :  Nearest Common Node
  Enable Input Delay Default Clock           :  No
  Enable Preset / Clear Arcs                 :  No
  Disable Flight Delays                      :  No
  Ignore I/O Paths                           :  No
  Timing Early Launch at Borrowing Latches   :  No
  Borrow Time for Max Delay Exceptions       :  Yes
  Merge Timing Exceptions                    :  Yes
  Inter-SLR Compensation                     :  Conservative

  Corner  Analyze    Analyze    
  Name    Max Paths  Min Paths  
  ------  ---------  ---------  
  Slow    Yes        Yes        
  Fast    Yes        Yes        


------------------------------------------------------------------------------------------------
| Report Methodology
| ------------------
------------------------------------------------------------------------------------------------

No report available as report_methodology has not been run prior. Run report_methodology on the current design for the summary of methodology violations.



check_timing report

Table of Contents
-----------------
1. checking no_clock (4)
2. checking constant_clock (0)
3. checking pulse_width_clock (0)
4. checking unconstrained_internal_endpoints (1)
5. checking no_input_delay (170)
6. checking no_output_delay (80)
7. checking multiple_clock (0)
8. checking generated_clocks (0)
9. checking loops (0)
10. checking partial_input_delay (0)
11. checking partial_output_delay (0)
12. checking latch_loops (0)

1. checking no_clock (4)
------------------------
 There is 1 register/latch pin with no clock driven by root clock pin: wots_xmss_fsm_md0/md0/XMSS_start_reg/Q (HIGH)

 There is 1 register/latch pin with no clock driven by root clock pin: wots_xmss_fsm_md0/md0/cnt_reg[1]/Q (HIGH)

 There is 1 register/latch pin with no clock driven by root clock pin: wots_xmss_fsm_md0/md0/cnt_reg[2]/Q (HIGH)

 There is 1 register/latch pin with no clock driven by root clock pin: wots_xmss_fsm_md0/md0/cnt_reg[3]/Q (HIGH)


2. checking constant_clock (0)
------------------------------
 There are 0 register/latch pins with constant_clock.


3. checking pulse_width_clock (0)
---------------------------------
 There are 0 register/latch pins which need pulse_width check


4. checking unconstrained_internal_endpoints (1)
------------------------------------------------
 There is 1 pin that is not constrained for maximum delay. (HIGH)

 There are 0 pins that are not constrained for maximum delay due to constant clock.


5. checking no_input_delay (170)
--------------------------------
 There are 156 input ports with no input delay specified. (HIGH)

 There are 14 input ports with no input delay but user has a false path constraint. (MEDIUM)


6. checking no_output_delay (80)
--------------------------------
 There are 80 ports with no output delay specified. (HIGH)

 There are 0 ports with no output delay but user has a false path constraint

 There are 0 ports with no output delay but with a timing clock defined on it or propagating through it


7. checking multiple_clock (0)
------------------------------
 There are 0 register/latch pins with multiple clocks.


8. checking generated_clocks (0)
--------------------------------
 There are 0 generated clocks that are not connected to a clock source.


9. checking loops (0)
---------------------
 There are 0 combinational loops in the design.


10. checking partial_input_delay (0)
------------------------------------
 There are 0 input ports with partial input delay specified.


11. checking partial_output_delay (0)
-------------------------------------
 There are 0 ports with partial output delay specified.


12. checking latch_loops (0)
----------------------------
 There are 0 combinational latch loops in the design through latch input



------------------------------------------------------------------------------------------------
| Design Timing Summary
| ---------------------
------------------------------------------------------------------------------------------------

    WNS(ns)      TNS(ns)  TNS Failing Endpoints  TNS Total Endpoints      WHS(ns)      THS(ns)  THS Failing Endpoints  THS Total Endpoints     WPWS(ns)     TPWS(ns)  TPWS Failing Endpoints  TPWS Total Endpoints  
    -------      -------  ---------------------  -------------------      -------      -------  ---------------------  -------------------     --------     --------  ----------------------  --------------------  
      0.065        0.000                      0                15365        0.039        0.000                      0                15365        3.990        0.000                       0                  6979  


All user specified timing constraints are met.


------------------------------------------------------------------------------------------------
| Clock Summary
| -------------
------------------------------------------------------------------------------------------------

Clock  Waveform(ns)       Period(ns)      Frequency(MHz)
-----  ------------       ----------      --------------
clk    {0.000 5.240}      10.480          95.420          


------------------------------------------------------------------------------------------------
| Intra Clock Table
| -----------------
------------------------------------------------------------------------------------------------

Clock             WNS(ns)      TNS(ns)  TNS Failing Endpoints  TNS Total Endpoints      WHS(ns)      THS(ns)  THS Failing Endpoints  THS Total Endpoints     WPWS(ns)     TPWS(ns)  TPWS Failing Endpoints  TPWS Total Endpoints  
-----             -------      -------  ---------------------  -------------------      -------      -------  ---------------------  -------------------     --------     --------  ----------------------  --------------------  
clk                 0.065        0.000                      0                15365        0.039        0.000                      0                15365        3.990        0.000                       0                  6979  


------------------------------------------------------------------------------------------------
| Inter Clock Table
| -----------------
------------------------------------------------------------------------------------------------

From Clock    To Clock          WNS(ns)      TNS(ns)  TNS Failing Endpoints  TNS Total Endpoints      WHS(ns)      THS(ns)  THS Failing Endpoints  THS Total Endpoints  
----------    --------          -------      -------  ---------------------  -------------------      -------      -------  ---------------------  -------------------  


------------------------------------------------------------------------------------------------
| Other Path Groups Table
| -----------------------
------------------------------------------------------------------------------------------------

Path Group    From Clock    To Clock          WNS(ns)      TNS(ns)  TNS Failing Endpoints  TNS Total Endpoints      WHS(ns)      THS(ns)  THS Failing Endpoints  THS Total Endpoints  
----------    ----------    --------          -------      -------  ---------------------  -------------------      -------      -------  ---------------------  -------------------  


------------------------------------------------------------------------------------------------
| Timing Details
| --------------
------------------------------------------------------------------------------------------------


---------------------------------------------------------------------------------------------------
From Clock:  clk
  To Clock:  clk

Setup :            0  Failing Endpoints,  Worst Slack        0.065ns,  Total Violation        0.000ns
Hold  :            0  Failing Endpoints,  Worst Slack        0.039ns,  Total Violation        0.000ns
PW    :            0  Failing Endpoints,  Worst Slack        3.990ns,  Total Violation        0.000ns
---------------------------------------------------------------------------------------------------


Max Delay Paths
--------------------------------------------------------------------------------------
Slack (MET) :             0.065ns  (required time - arrival time)
  Source:                 hash_tile_md0/HASH_SM/SHA256/w_mem_inst/w_mem_reg[0][4]/C
                            (rising edge-triggered cell FDCE clocked by clk  {rise@0.000ns fall@5.240ns period=10.480ns})
  Destination:            hash_tile_md0/HASH_SM/SHA256/a_reg_reg[31]/D
                            (rising edge-triggered cell FDCE clocked by clk  {rise@0.000ns fall@5.240ns period=10.480ns})
  Path Group:             clk
  Path Type:              Setup (Max at Slow Process Corner)
  Requirement:            10.480ns  (clk rise@10.480ns - clk rise@0.000ns)
  Data Path Delay:        10.362ns  (logic 4.619ns (44.575%)  route 5.743ns (55.425%))
  Logic Levels:           18  (CARRY4=9 LUT3=2 LUT5=3 LUT6=4)
  Clock Path Skew:        -0.049ns (DCD - SCD + CPR)
    Destination Clock Delay (DCD):    0.924ns = ( 11.404 - 10.480 ) 
    Source Clock Delay      (SCD):    0.973ns
    Clock Pessimism Removal (CPR):    0.000ns
  Clock Uncertainty:      0.035ns  ((TSJ^2 + TIJ^2)^1/2 + DJ) / 2 + PE
    Total System Jitter     (TSJ):    0.071ns
    Total Input Jitter      (TIJ):    0.000ns
    Discrete Jitter          (DJ):    0.000ns
    Phase Error              (PE):    0.000ns

    Location             Delay type                Incr(ns)  Path(ns)    Netlist Resource(s)
  -------------------------------------------------------------------    -------------------
                         (clock clk rise edge)        0.000     0.000 r  
                                                      0.000     0.000 r  clk (IN)
                         net (fo=6978, unset)         0.973     0.973    hash_tile_md0/HASH_SM/SHA256/w_mem_inst/clk
    SLICE_X76Y108        FDCE                                         r  hash_tile_md0/HASH_SM/SHA256/w_mem_inst/w_mem_reg[0][4]/C
  -------------------------------------------------------------------    -------------------
    SLICE_X76Y108        FDCE (Prop_fdce_C_Q)         0.518     1.491 r  hash_tile_md0/HASH_SM/SHA256/w_mem_inst/w_mem_reg[0][4]/Q
                         net (fo=3, routed)           0.817     2.308    hash_tile_md0/HASH_SM/SHA256/w_mem_inst/w_mem_reg[0]_13[4]
    SLICE_X78Y107        LUT5 (Prop_lut5_I4_O)        0.124     2.432 r  hash_tile_md0/HASH_SM/SHA256/w_mem_inst/w_mem[15][7]_i_14/O
                         net (fo=2, routed)           0.562     2.994    hash_tile_md0/HASH_SM/SHA256/w_mem_inst/w_mem[15][7]_i_14_n_0
    SLICE_X75Y108        LUT5 (Prop_lut5_I4_O)        0.124     3.118 r  hash_tile_md0/HASH_SM/SHA256/w_mem_inst/w_mem[15][7]_i_4/O
                         net (fo=2, routed)           0.698     3.816    hash_tile_md0/HASH_SM/SHA256/w_mem_inst/w_mem[15][7]_i_4_n_0
    SLICE_X75Y111        LUT6 (Prop_lut6_I0_O)        0.124     3.940 r  hash_tile_md0/HASH_SM/SHA256/w_mem_inst/w_mem[15][7]_i_8/O
                         net (fo=1, routed)           0.000     3.940    hash_tile_md0/HASH_SM/SHA256/w_mem_inst/w_mem[15][7]_i_8_n_0
    SLICE_X75Y111        CARRY4 (Prop_carry4_S[2]_CO[3])
                                                      0.398     4.338 r  hash_tile_md0/HASH_SM/SHA256/w_mem_inst/w_mem_reg[15][7]_i_2/CO[3]
                         net (fo=1, routed)           0.000     4.338    hash_tile_md0/HASH_SM/SHA256/w_mem_inst/w_mem_reg[15][7]_i_2_n_0
    SLICE_X75Y112        CARRY4 (Prop_carry4_CI_CO[3])
                                                      0.114     4.452 r  hash_tile_md0/HASH_SM/SHA256/w_mem_inst/w_mem_reg[15][11]_i_2/CO[3]
                         net (fo=1, routed)           0.000     4.452    hash_tile_md0/HASH_SM/SHA256/w_mem_inst/w_mem_reg[15][11]_i_2_n_0
    SLICE_X75Y113        CARRY4 (Prop_carry4_CI_CO[3])
                                                      0.114     4.566 r  hash_tile_md0/HASH_SM/SHA256/w_mem_inst/w_mem_reg[15][15]_i_2/CO[3]
                         net (fo=1, routed)           0.000     4.566    hash_tile_md0/HASH_SM/SHA256/w_mem_inst/w_mem_reg[15][15]_i_2_n_0
    SLICE_X75Y114        CARRY4 (Prop_carry4_CI_O[2])
                                                      0.239     4.805 r  hash_tile_md0/HASH_SM/SHA256/w_mem_inst/w_mem_reg[15][19]_i_2/O[2]
                         net (fo=2, routed)           0.582     5.386    hash_tile_md0/HASH_SM/SHA256/w_mem_inst/w_new[18]
    SLICE_X72Y114        LUT6 (Prop_lut6_I3_O)        0.302     5.688 r  hash_tile_md0/HASH_SM/SHA256/w_mem_inst/i___34_i_29/O
                         net (fo=2, routed)           0.561     6.250    hash_tile_md0/HASH_SM/SHA256/w_mem_inst/w_data[18]
    SLICE_X72Y114        LUT3 (Prop_lut3_I2_O)        0.124     6.374 r  hash_tile_md0/HASH_SM/SHA256/w_mem_inst/i___38_i_11/O
                         net (fo=3, routed)           0.294     6.668    hash_tile_md0/HASH_SM/SHA256/w_mem_inst/t1_logic.csa2_s__0[18]
    SLICE_X72Y114        LUT3 (Prop_lut3_I1_O)        0.124     6.792 r  hash_tile_md0/HASH_SM/SHA256/w_mem_inst/i___38_i_3/O
                         net (fo=1, routed)           0.685     7.477    hash_tile_md0/HASH_SM/SHA256/w_mem_inst/t1_logic.csa3_s[18]
    SLICE_X70Y114        CARRY4 (Prop_carry4_DI[2]_CO[3])
                                                      0.404     7.881 r  hash_tile_md0/HASH_SM/SHA256/w_mem_inst/i___38_i_1/CO[3]
                         net (fo=1, routed)           0.000     7.881    hash_tile_md0/HASH_SM/SHA256/w_mem_inst/i___38_i_1_n_0
    SLICE_X70Y115        CARRY4 (Prop_carry4_CI_CO[3])
                                                      0.117     7.998 r  hash_tile_md0/HASH_SM/SHA256/w_mem_inst/i___34_i_1/CO[3]
                         net (fo=1, routed)           0.000     7.998    hash_tile_md0/HASH_SM/SHA256/w_mem_inst/i___34_i_1_n_0
    SLICE_X70Y116        CARRY4 (Prop_carry4_CI_O[0])
                                                      0.219     8.217 r  hash_tile_md0/HASH_SM/SHA256/w_mem_inst/i___30_i_1/O[0]
                         net (fo=4, routed)           0.334     8.551    hash_tile_md0/HASH_SM/SHA256/w_mem_inst/i___30_i_9_0[0]
    SLICE_X72Y115        LUT5 (Prop_lut5_I0_O)        0.295     8.846 r  hash_tile_md0/HASH_SM/SHA256/w_mem_inst/a_reg[27]_i_5/O
                         net (fo=2, routed)           0.773     9.619    hash_tile_md0/HASH_SM/SHA256/w_mem_inst/a_reg[27]_i_5_n_0
    SLICE_X76Y115        LUT6 (Prop_lut6_I0_O)        0.124     9.743 r  hash_tile_md0/HASH_SM/SHA256/w_mem_inst/a_reg[27]_i_9/O
                         net (fo=1, routed)           0.000     9.743    hash_tile_md0/HASH_SM/SHA256/w_mem_inst/a_reg[27]_i_9_n_0
    SLICE_X76Y115        CARRY4 (Prop_carry4_S[1]_CO[3])
                                                      0.533    10.276 r  hash_tile_md0/HASH_SM/SHA256/w_mem_inst/a_reg_reg[27]_i_2/CO[3]
                         net (fo=1, routed)           0.000    10.276    hash_tile_md0/HASH_SM/SHA256/w_mem_inst/a_reg_reg[27]_i_2_n_0
    SLICE_X76Y116        CARRY4 (Prop_carry4_CI_O[3])
                                                      0.315    10.591 r  hash_tile_md0/HASH_SM/SHA256/w_mem_inst/a_reg_reg[31]_i_2/O[3]
                         net (fo=1, routed)           0.437    11.028    hash_tile_md0/HASH_SM/SHA256/w_mem_inst/a_new0[31]
    SLICE_X77Y119        LUT6 (Prop_lut6_I2_O)        0.307    11.335 r  hash_tile_md0/HASH_SM/SHA256/w_mem_inst/a_reg[31]_i_1/O
                         net (fo=1, routed)           0.000    11.335    hash_tile_md0/HASH_SM/SHA256/w_mem_inst_n_7
    SLICE_X77Y119        FDCE                                         r  hash_tile_md0/HASH_SM/SHA256/a_reg_reg[31]/D
  -------------------------------------------------------------------    -------------------

                         (clock clk rise edge)       10.480    10.480 r  
                                                      0.000    10.480 r  clk (IN)
                         net (fo=6978, unset)         0.924    11.404    hash_tile_md0/HASH_SM/SHA256/clk
    SLICE_X77Y119        FDCE                                         r  hash_tile_md0/HASH_SM/SHA256/a_reg_reg[31]/C
                         clock pessimism              0.000    11.404    
                         clock uncertainty           -0.035    11.369    
    SLICE_X77Y119        FDCE (Setup_fdce_C_D)        0.031    11.400    hash_tile_md0/HASH_SM/SHA256/a_reg_reg[31]
  -------------------------------------------------------------------
                         required time                         11.400    
                         arrival time                         -11.335    
  -------------------------------------------------------------------
                         slack                                  0.065    





Min Delay Paths
--------------------------------------------------------------------------------------
Slack (MET) :             0.039ns  (arrival time - required time)
  Source:                 hash_tile_md0/B_FIFO_INSTANCE/wr_addr_reg[0]/C
                            (rising edge-triggered cell FDRE clocked by clk  {rise@0.000ns fall@5.240ns period=10.480ns})
  Destination:            hash_tile_md0/B_FIFO_INSTANCE/fifo_mem_reg_0_7_60_63/RAMA/WADR0
                            (rising edge-triggered cell RAMD32 clocked by clk  {rise@0.000ns fall@5.240ns period=10.480ns})
  Path Group:             clk
  Path Type:              Hold (Min at Fast Process Corner)
  Requirement:            0.000ns  (clk rise@0.000ns - clk rise@0.000ns)
  Data Path Delay:        0.371ns  (logic 0.141ns (38.052%)  route 0.230ns (61.947%))
  Logic Levels:           0  
  Clock Path Skew:        0.022ns (DCD - SCD - CPR)
    Destination Clock Delay (DCD):    0.432ns
    Source Clock Delay      (SCD):    0.410ns
    Clock Pessimism Removal (CPR):    -0.000ns

    Location             Delay type                Incr(ns)  Path(ns)    Netlist Resource(s)
  -------------------------------------------------------------------    -------------------
                         (clock clk rise edge)        0.000     0.000 r  
                                                      0.000     0.000 r  clk (IN)
                         net (fo=6978, unset)         0.410     0.410    hash_tile_md0/B_FIFO_INSTANCE/clk
    SLICE_X23Y90         FDRE                                         r  hash_tile_md0/B_FIFO_INSTANCE/wr_addr_reg[0]/C
  -------------------------------------------------------------------    -------------------
    SLICE_X23Y90         FDRE (Prop_fdre_C_Q)         0.141     0.551 r  hash_tile_md0/B_FIFO_INSTANCE/wr_addr_reg[0]/Q
                         net (fo=93, routed)          0.230     0.781    hash_tile_md0/B_FIFO_INSTANCE/fifo_mem_reg_0_7_60_63/ADDRD0
    SLICE_X22Y90         RAMD32                                       r  hash_tile_md0/B_FIFO_INSTANCE/fifo_mem_reg_0_7_60_63/RAMA/WADR0
  -------------------------------------------------------------------    -------------------

                         (clock clk rise edge)        0.000     0.000 r  
                                                      0.000     0.000 r  clk (IN)
                         net (fo=6978, unset)         0.432     0.432    hash_tile_md0/B_FIFO_INSTANCE/fifo_mem_reg_0_7_60_63/WCLK
    SLICE_X22Y90         RAMD32                                       r  hash_tile_md0/B_FIFO_INSTANCE/fifo_mem_reg_0_7_60_63/RAMA/CLK
                         clock pessimism              0.000     0.432    
    SLICE_X22Y90         RAMD32 (Hold_ramd32_CLK_WADR0)
                                                      0.310     0.742    hash_tile_md0/B_FIFO_INSTANCE/fifo_mem_reg_0_7_60_63/RAMA
  -------------------------------------------------------------------
                         required time                         -0.742    
                         arrival time                           0.781    
  -------------------------------------------------------------------
                         slack                                  0.039    





Pulse Width Checks
--------------------------------------------------------------------------------------
Clock Name:         clk
Waveform(ns):       { 0.000 5.240 }
Period(ns):         10.480
Sources:            { clk }

Check Type        Corner  Lib Pin             Reference Pin  Required(ns)  Actual(ns)  Slack(ns)  Location      Pin
Min Period        n/a     RAMB36E1/CLKARDCLK  n/a            2.944         10.480      7.536      RAMB36_X1Y17  hash_tile_md0/BIG_MEM/mem_reg/CLKARDCLK
Low Pulse Width   Slow    RAMD32/CLK          n/a            1.250         5.240       3.990      SLICE_X22Y85  hash_tile_md0/B_FIFO_INSTANCE/fifo_mem_reg_0_7_0_5/RAMA/CLK
High Pulse Width  Slow    RAMD32/CLK          n/a            1.250         5.240       3.990      SLICE_X22Y85  hash_tile_md0/B_FIFO_INSTANCE/fifo_mem_reg_0_7_0_5/RAMA/CLK



