Copyright 1986-2022 Xilinx, Inc. All Rights Reserved. Copyright 2022-2025 Advanced Micro Devices, Inc. All Rights Reserved.
---------------------------------------------------------------------------------------------------------------------------------------------
| Tool Version : Vivado v.2025.2 (lin64) Build 6299465 Fri Nov 14 12:34:56 MST 2025
| Date         : Tue Aug 25 21:03:29 2026
| Host         : MSI running 64-bit Ubuntu 26.04 LTS
| Command      : report_timing_summary -file /tmp/fsrch_chipv2_slh_dsa_16598_10.38.rpt
| Design       : top
| Device       : 7a200t-fbg676
| Speed File   : -1  PRODUCTION 1.23 2018-06-13
| Design State : Routed
---------------------------------------------------------------------------------------------------------------------------------------------

Timing Summary Report

------------------------------------------------------------------------------------------------
| Timer Settings
| --------------
------------------------------------------------------------------------------------------------

  Enable Multi Corner Analysis               :  Yes
  Enable Pessimism Removal                   :  Yes
  Pessimism Removal Resolution               :  Nearest Common Node
  Enable Input Delay Default Clock           :  No
  Enable Preset / Clear Arcs                 :  No
  Disable Flight Delays                      :  No
  Ignore I/O Paths                           :  No
  Timing Early Launch at Borrowing Latches   :  No
  Borrow Time for Max Delay Exceptions       :  Yes
  Merge Timing Exceptions                    :  Yes
  Inter-SLR Compensation                     :  Conservative

  Corner  Analyze    Analyze    
  Name    Max Paths  Min Paths  
  ------  ---------  ---------  
  Slow    Yes        Yes        
  Fast    Yes        Yes        


------------------------------------------------------------------------------------------------
| Report Methodology
| ------------------
------------------------------------------------------------------------------------------------

No report available as report_methodology has not been run prior. Run report_methodology on the current design for the summary of methodology violations.



check_timing report

Table of Contents
-----------------
1. checking no_clock (4)
2. checking constant_clock (0)
3. checking pulse_width_clock (0)
4. checking unconstrained_internal_endpoints (1)
5. checking no_input_delay (170)
6. checking no_output_delay (80)
7. checking multiple_clock (0)
8. checking generated_clocks (0)
9. checking loops (0)
10. checking partial_input_delay (0)
11. checking partial_output_delay (0)
12. checking latch_loops (0)

1. checking no_clock (4)
------------------------
 There is 1 register/latch pin with no clock driven by root clock pin: wots_xmss_fsm_md0/md0/XMSS_start_reg/Q (HIGH)

 There is 1 register/latch pin with no clock driven by root clock pin: wots_xmss_fsm_md0/md0/cnt_reg[1]/Q (HIGH)

 There is 1 register/latch pin with no clock driven by root clock pin: wots_xmss_fsm_md0/md0/cnt_reg[2]/Q (HIGH)

 There is 1 register/latch pin with no clock driven by root clock pin: wots_xmss_fsm_md0/md0/cnt_reg[3]/Q (HIGH)


2. checking constant_clock (0)
------------------------------
 There are 0 register/latch pins with constant_clock.


3. checking pulse_width_clock (0)
---------------------------------
 There are 0 register/latch pins which need pulse_width check


4. checking unconstrained_internal_endpoints (1)
------------------------------------------------
 There is 1 pin that is not constrained for maximum delay. (HIGH)

 There are 0 pins that are not constrained for maximum delay due to constant clock.


5. checking no_input_delay (170)
--------------------------------
 There are 156 input ports with no input delay specified. (HIGH)

 There are 14 input ports with no input delay but user has a false path constraint. (MEDIUM)


6. checking no_output_delay (80)
--------------------------------
 There are 80 ports with no output delay specified. (HIGH)

 There are 0 ports with no output delay but user has a false path constraint

 There are 0 ports with no output delay but with a timing clock defined on it or propagating through it


7. checking multiple_clock (0)
------------------------------
 There are 0 register/latch pins with multiple clocks.


8. checking generated_clocks (0)
--------------------------------
 There are 0 generated clocks that are not connected to a clock source.


9. checking loops (0)
---------------------
 There are 0 combinational loops in the design.


10. checking partial_input_delay (0)
------------------------------------
 There are 0 input ports with partial input delay specified.


11. checking partial_output_delay (0)
-------------------------------------
 There are 0 ports with partial output delay specified.


12. checking latch_loops (0)
----------------------------
 There are 0 combinational latch loops in the design through latch input



------------------------------------------------------------------------------------------------
| Design Timing Summary
| ---------------------
------------------------------------------------------------------------------------------------

    WNS(ns)      TNS(ns)  TNS Failing Endpoints  TNS Total Endpoints      WHS(ns)      THS(ns)  THS Failing Endpoints  THS Total Endpoints     WPWS(ns)     TPWS(ns)  TPWS Failing Endpoints  TPWS Total Endpoints  
    -------      -------  ---------------------  -------------------      -------      -------  ---------------------  -------------------     --------     --------  ----------------------  --------------------  
     -0.665       -9.455                     27                15397        0.064        0.000                      0                15397        3.940        0.000                       0                  6995  


Timing constraints are not met.


------------------------------------------------------------------------------------------------
| Clock Summary
| -------------
------------------------------------------------------------------------------------------------

Clock  Waveform(ns)       Period(ns)      Frequency(MHz)
-----  ------------       ----------      --------------
clk    {0.000 5.190}      10.380          96.339          


------------------------------------------------------------------------------------------------
| Intra Clock Table
| -----------------
------------------------------------------------------------------------------------------------

Clock             WNS(ns)      TNS(ns)  TNS Failing Endpoints  TNS Total Endpoints      WHS(ns)      THS(ns)  THS Failing Endpoints  THS Total Endpoints     WPWS(ns)     TPWS(ns)  TPWS Failing Endpoints  TPWS Total Endpoints  
-----             -------      -------  ---------------------  -------------------      -------      -------  ---------------------  -------------------     --------     --------  ----------------------  --------------------  
clk                -0.665       -9.455                     27                15397        0.064        0.000                      0                15397        3.940        0.000                       0                  6995  


------------------------------------------------------------------------------------------------
| Inter Clock Table
| -----------------
------------------------------------------------------------------------------------------------

From Clock    To Clock          WNS(ns)      TNS(ns)  TNS Failing Endpoints  TNS Total Endpoints      WHS(ns)      THS(ns)  THS Failing Endpoints  THS Total Endpoints  
----------    --------          -------      -------  ---------------------  -------------------      -------      -------  ---------------------  -------------------  


------------------------------------------------------------------------------------------------
| Other Path Groups Table
| -----------------------
------------------------------------------------------------------------------------------------

Path Group    From Clock    To Clock          WNS(ns)      TNS(ns)  TNS Failing Endpoints  TNS Total Endpoints      WHS(ns)      THS(ns)  THS Failing Endpoints  THS Total Endpoints  
----------    ----------    --------          -------      -------  ---------------------  -------------------      -------      -------  ---------------------  -------------------  


------------------------------------------------------------------------------------------------
| Timing Details
| --------------
------------------------------------------------------------------------------------------------


---------------------------------------------------------------------------------------------------
From Clock:  clk
  To Clock:  clk

Setup :           27  Failing Endpoints,  Worst Slack       -0.665ns,  Total Violation       -9.455ns
Hold  :            0  Failing Endpoints,  Worst Slack        0.064ns,  Total Violation        0.000ns
PW    :            0  Failing Endpoints,  Worst Slack        3.940ns,  Total Violation        0.000ns
---------------------------------------------------------------------------------------------------


Max Delay Paths
--------------------------------------------------------------------------------------
Slack (VIOLATED) :        -0.665ns  (required time - arrival time)
  Source:                 hash_tile_md0/HASH_BM/SHA256/w_mem_inst/w_mem_reg[9][3]_replica/C
                            (rising edge-triggered cell FDCE clocked by clk  {rise@0.000ns fall@5.190ns period=10.380ns})
  Destination:            hash_tile_md0/HASH_BM/SHA256/a_reg_reg[31]/D
                            (rising edge-triggered cell FDCE clocked by clk  {rise@0.000ns fall@5.190ns period=10.380ns})
  Path Group:             clk
  Path Type:              Setup (Max at Slow Process Corner)
  Requirement:            10.380ns  (clk rise@10.380ns - clk rise@0.000ns)
  Data Path Delay:        11.040ns  (logic 4.669ns (42.293%)  route 6.371ns (57.707%))
  Logic Levels:           17  (CARRY4=9 LUT3=2 LUT5=3 LUT6=3)
  Clock Path Skew:        -0.049ns (DCD - SCD + CPR)
    Destination Clock Delay (DCD):    0.924ns = ( 11.304 - 10.380 ) 
    Source Clock Delay      (SCD):    0.973ns
    Clock Pessimism Removal (CPR):    0.000ns
  Clock Uncertainty:      0.035ns  ((TSJ^2 + TIJ^2)^1/2 + DJ) / 2 + PE
    Total System Jitter     (TSJ):    0.071ns
    Total Input Jitter      (TIJ):    0.000ns
    Discrete Jitter          (DJ):    0.000ns
    Phase Error              (PE):    0.000ns

    Location             Delay type                Incr(ns)  Path(ns)    Netlist Resource(s)
  -------------------------------------------------------------------    -------------------
                         (clock clk rise edge)        0.000     0.000 r  
                                                      0.000     0.000 r  clk (IN)
                         net (fo=6994, unset)         0.973     0.973    hash_tile_md0/HASH_BM/SHA256/w_mem_inst/clk
    SLICE_X38Y117        FDCE                                         r  hash_tile_md0/HASH_BM/SHA256/w_mem_inst/w_mem_reg[9][3]_replica/C
  -------------------------------------------------------------------    -------------------
    SLICE_X38Y117        FDCE (Prop_fdce_C_Q)         0.456     1.429 r  hash_tile_md0/HASH_BM/SHA256/w_mem_inst/w_mem_reg[9][3]_replica/Q
                         net (fo=2, routed)           0.681     2.110    hash_tile_md0/HASH_BM/SHA256/w_mem_inst/w_mem_reg[9]_19[3]_repN
    SLICE_X39Y117        LUT5 (Prop_lut5_I0_O)        0.124     2.234 r  hash_tile_md0/HASH_BM/SHA256/w_mem_inst/w_mem[15][7]_i_16__0/O
                         net (fo=2, routed)           0.712     2.946    hash_tile_md0/HASH_BM/SHA256/w_mem_inst/w_mem[15][7]_i_16__0_n_0
    SLICE_X39Y125        LUT5 (Prop_lut5_I4_O)        0.124     3.070 r  hash_tile_md0/HASH_BM/SHA256/w_mem_inst/w_mem[15][7]_i_5__0/O
                         net (fo=2, routed)           0.808     3.878    hash_tile_md0/HASH_BM/SHA256/w_mem_inst/w_mem[15][7]_i_5__0_n_0
    SLICE_X38Y126        LUT6 (Prop_lut6_I0_O)        0.124     4.002 r  hash_tile_md0/HASH_BM/SHA256/w_mem_inst/w_mem[15][7]_i_9__0/O
                         net (fo=1, routed)           0.000     4.002    hash_tile_md0/HASH_BM/SHA256/w_mem_inst/w_mem[15][7]_i_9__0_n_0
    SLICE_X38Y126        CARRY4 (Prop_carry4_S[1]_CO[3])
                                                      0.550     4.552 r  hash_tile_md0/HASH_BM/SHA256/w_mem_inst/w_mem_reg[15][7]_i_2__0/CO[3]
                         net (fo=1, routed)           0.000     4.552    hash_tile_md0/HASH_BM/SHA256/w_mem_inst/w_mem_reg[15][7]_i_2__0_n_0
    SLICE_X38Y127        CARRY4 (Prop_carry4_CI_CO[3])
                                                      0.114     4.666 r  hash_tile_md0/HASH_BM/SHA256/w_mem_inst/w_mem_reg[15][11]_i_2__0/CO[3]
                         net (fo=1, routed)           0.000     4.666    hash_tile_md0/HASH_BM/SHA256/w_mem_inst/w_mem_reg[15][11]_i_2__0_n_0
    SLICE_X38Y128        CARRY4 (Prop_carry4_CI_CO[3])
                                                      0.114     4.780 r  hash_tile_md0/HASH_BM/SHA256/w_mem_inst/w_mem_reg[15][15]_i_2__0/CO[3]
                         net (fo=1, routed)           0.000     4.780    hash_tile_md0/HASH_BM/SHA256/w_mem_inst/w_mem_reg[15][15]_i_2__0_n_0
    SLICE_X38Y129        CARRY4 (Prop_carry4_CI_O[0])
                                                      0.222     5.002 r  hash_tile_md0/HASH_BM/SHA256/w_mem_inst/w_mem_reg[15][19]_i_2__0/O[0]
                         net (fo=3, routed)           0.568     5.569    hash_tile_md0/HASH_BM/SHA256/w_mem_inst/w_new[16]
    SLICE_X42Y130        LUT6 (Prop_lut6_I3_O)        0.299     5.868 r  hash_tile_md0/HASH_BM/SHA256/w_mem_inst/i___38_i_23__0/O
                         net (fo=1, routed)           0.171     6.039    hash_tile_md0/HASH_BM/SHA256/w_mem_inst/w_data[16]
    SLICE_X42Y130        LUT3 (Prop_lut3_I2_O)        0.124     6.163 r  hash_tile_md0/HASH_BM/SHA256/w_mem_inst/i___38_i_15__0/O
                         net (fo=3, routed)           0.983     7.146    hash_tile_md0/HASH_BM/SHA256/w_mem_inst/t1_logic.csa2_s__0[16]
    SLICE_X37Y120        LUT3 (Prop_lut3_I1_O)        0.124     7.270 r  hash_tile_md0/HASH_BM/SHA256/w_mem_inst/i___38_i_5__0/O
                         net (fo=1, routed)           0.777     8.047    hash_tile_md0/HASH_BM/SHA256/w_mem_inst/t1_logic.csa3_s[16]
    SLICE_X37Y125        CARRY4 (Prop_carry4_DI[0]_CO[3])
                                                      0.526     8.573 r  hash_tile_md0/HASH_BM/SHA256/w_mem_inst/i___38_i_1__0/CO[3]
                         net (fo=1, routed)           0.000     8.573    hash_tile_md0/HASH_BM/SHA256/w_mem_inst/i___38_i_1__0_n_0
    SLICE_X37Y126        CARRY4 (Prop_carry4_CI_CO[3])
                                                      0.114     8.687 r  hash_tile_md0/HASH_BM/SHA256/w_mem_inst/i___34_i_1__0/CO[3]
                         net (fo=1, routed)           0.000     8.687    hash_tile_md0/HASH_BM/SHA256/w_mem_inst/i___34_i_1__0_n_0
    SLICE_X37Y127        CARRY4 (Prop_carry4_CI_O[1])
                                                      0.334     9.021 r  hash_tile_md0/HASH_BM/SHA256/w_mem_inst/i___30_i_1__0/O[1]
                         net (fo=4, routed)           0.470     9.491    hash_tile_md0/HASH_BM/SHA256/w_mem_inst/i___30_i_9__0_0[1]
    SLICE_X41Y128        LUT5 (Prop_lut5_I0_O)        0.303     9.794 r  hash_tile_md0/HASH_BM/SHA256/w_mem_inst/a_reg[27]_i_4__0/O
                         net (fo=2, routed)           0.807    10.601    hash_tile_md0/HASH_BM/SHA256/w_mem_inst/a_reg[27]_i_4__0_n_0
    SLICE_X41Y126        CARRY4 (Prop_carry4_DI[2]_CO[3])
                                                      0.398    10.999 r  hash_tile_md0/HASH_BM/SHA256/w_mem_inst/a_reg_reg[27]_i_2__0/CO[3]
                         net (fo=1, routed)           0.000    10.999    hash_tile_md0/HASH_BM/SHA256/w_mem_inst/a_reg_reg[27]_i_2__0_n_0
    SLICE_X41Y127        CARRY4 (Prop_carry4_CI_O[3])
                                                      0.313    11.312 r  hash_tile_md0/HASH_BM/SHA256/w_mem_inst/a_reg_reg[31]_i_2__0/O[3]
                         net (fo=1, routed)           0.394    11.707    hash_tile_md0/HASH_BM/SHA256/w_mem_inst/a_new0[31]
    SLICE_X42Y127        LUT6 (Prop_lut6_I2_O)        0.306    12.013 r  hash_tile_md0/HASH_BM/SHA256/w_mem_inst/a_reg[31]_i_1__0/O
                         net (fo=1, routed)           0.000    12.013    hash_tile_md0/HASH_BM/SHA256/w_mem_inst_n_6
    SLICE_X42Y127        FDCE                                         r  hash_tile_md0/HASH_BM/SHA256/a_reg_reg[31]/D
  -------------------------------------------------------------------    -------------------

                         (clock clk rise edge)       10.380    10.380 r  
                                                      0.000    10.380 r  clk (IN)
                         net (fo=6994, unset)         0.924    11.304    hash_tile_md0/HASH_BM/SHA256/clk
    SLICE_X42Y127        FDCE                                         r  hash_tile_md0/HASH_BM/SHA256/a_reg_reg[31]/C
                         clock pessimism              0.000    11.304    
                         clock uncertainty           -0.035    11.269    
    SLICE_X42Y127        FDCE (Setup_fdce_C_D)        0.079    11.348    hash_tile_md0/HASH_BM/SHA256/a_reg_reg[31]
  -------------------------------------------------------------------
                         required time                         11.348    
                         arrival time                         -12.013    
  -------------------------------------------------------------------
                         slack                                 -0.665    





Min Delay Paths
--------------------------------------------------------------------------------------
Slack (MET) :             0.064ns  (arrival time - required time)
  Source:                 wots_xmss_fsm_md0/o_WOTS_s_in_0_reg[10]/C
                            (rising edge-triggered cell FDCE clocked by clk  {rise@0.000ns fall@5.190ns period=10.380ns})
  Destination:            MEM_64BIT_1/mem_reg_0/DIBDI[10]
                            (rising edge-triggered cell RAMB36E1 clocked by clk  {rise@0.000ns fall@5.190ns period=10.380ns})
  Path Group:             clk
  Path Type:              Hold (Min at Slow Process Corner)
  Requirement:            0.000ns  (clk rise@0.000ns - clk rise@0.000ns)
  Data Path Delay:        0.780ns  (logic 0.418ns (53.581%)  route 0.362ns (46.419%))
  Logic Levels:           0  
  Clock Path Skew:        0.049ns (DCD - SCD - CPR)
    Destination Clock Delay (DCD):    0.973ns
    Source Clock Delay      (SCD):    0.924ns
    Clock Pessimism Removal (CPR):    -0.000ns

    Location             Delay type                Incr(ns)  Path(ns)    Netlist Resource(s)
  -------------------------------------------------------------------    -------------------
                         (clock clk rise edge)        0.000     0.000 r  
                                                      0.000     0.000 r  clk (IN)
                         net (fo=6994, unset)         0.924     0.924    wots_xmss_fsm_md0/clk
    SLICE_X60Y96         FDCE                                         r  wots_xmss_fsm_md0/o_WOTS_s_in_0_reg[10]/C
  -------------------------------------------------------------------    -------------------
    SLICE_X60Y96         FDCE (Prop_fdce_C_Q)         0.418     1.342 r  wots_xmss_fsm_md0/o_WOTS_s_in_0_reg[10]/Q
                         net (fo=3, routed)           0.362     1.704    MEM_64BIT_1/mem_reg_1_0[10]
    RAMB36_X3Y19         RAMB36E1                                     r  MEM_64BIT_1/mem_reg_0/DIBDI[10]
  -------------------------------------------------------------------    -------------------

                         (clock clk rise edge)        0.000     0.000 r  
                                                      0.000     0.000 r  clk (IN)
                         net (fo=6994, unset)         0.973     0.973    MEM_64BIT_1/clk
    RAMB36_X3Y19         RAMB36E1                                     r  MEM_64BIT_1/mem_reg_0/CLKBWRCLK
                         clock pessimism              0.000     0.973    
    RAMB36_X3Y19         RAMB36E1 (Hold_ramb36e1_CLKBWRCLK_DIBDI[10])
                                                      0.667     1.640    MEM_64BIT_1/mem_reg_0
  -------------------------------------------------------------------
                         required time                         -1.640    
                         arrival time                           1.704    
  -------------------------------------------------------------------
                         slack                                  0.064    





Pulse Width Checks
--------------------------------------------------------------------------------------
Clock Name:         clk
Waveform(ns):       { 0.000 5.190 }
Period(ns):         10.380
Sources:            { clk }

Check Type        Corner  Lib Pin             Reference Pin  Required(ns)  Actual(ns)  Slack(ns)  Location       Pin
Min Period        n/a     RAMB36E1/CLKARDCLK  n/a            2.944         10.380      7.436      RAMB36_X2Y22   hash_tile_md0/BIG_MEM/mem_reg/CLKARDCLK
Low Pulse Width   Slow    RAMD32/CLK          n/a            1.250         5.190       3.940      SLICE_X22Y110  hash_tile_md0/B_FIFO_INSTANCE/fifo_mem_reg_0_7_0_5/RAMA/CLK
High Pulse Width  Slow    RAMD32/CLK          n/a            1.250         5.190       3.940      SLICE_X22Y110  hash_tile_md0/B_FIFO_INSTANCE/fifo_mem_reg_0_7_0_5/RAMA/CLK



