============================================================
  Generated by:           Genus(TM) Synthesis Solution 25.12-s067_1
  Generated on:           Aug 12 2026  06:12:18 pm
  Module:                 butterfly2x2
  Operating conditions:   PVT_0P7V_25C 
  Interconnect mode:      global
  Area mode:              physical library
============================================================


Path 1: VIOLATED (-22 ps) Setup Check with Pin BF1_2_mult_p_reg[43]/CLK->D
          Group: clk
     Startpoint: (R) BF1_1_modei_reg[1]/CLK
          Clock: (R) clk
       Endpoint: (R) BF1_2_mult_p_reg[43]/D
          Clock: (R) clk

                     Capture       Launch     
        Clock Edge:+     555            0     
       Src Latency:+       0            0     
       Net Latency:+       0 (I)        0 (I) 
           Arrival:=     555            0     
                                              
             Setup:-      10                  
       Uncertainty:-      28                  
     Required Time:=     517                  
      Launch Clock:-       0                  
         Data Path:-     540                  
             Slack:=     -22                  

#-----------------------------------------------------------------------------------------------------------------
#       Timing Point        Flags    Arc    Edge          Cell           Fanout Load Trans Delay Arrival Instance 
#                                                                               (fF)  (ps)  (ps)   (ps)  Location 
#-----------------------------------------------------------------------------------------------------------------
  BF1_1_modei_reg[1]/CLK    -       -       R     (arrival)                3513    -     0     0       0    (-,-) 
  BF1_1_modei_reg[1]/QN     -       CLK->QN R     DFFHQNx2_ASAP7_75t_SL       1  4.6    28    43      43    (-,-) 
  fopt83197/Y               -       A->Y    F     INVx5_ASAP7_75t_SL          3  6.9    15     8      51    (-,-) 
  g84017/Y                  -       B->Y    F     AND3x4_ASAP7_75t_SL         3 13.5    24    28      80    (-,-) 
  g82779/Y                  -       A->Y    R     INVx8_ASAP7_75t_SL          6 20.2    24    15      94    (-,-) 
  g77579/Y                  -       A->Y    R     BUFx12f_ASAP7_75t_SL        9 17.1    16    18     112    (-,-) 
  g50413/Y                  -       A->Y    F     INVx8_ASAP7_75t_SL          4  6.1     9     6     118    (-,-) 
  g73210/Y                  -       B1->Y   F     AO22x2_ASAP7_75t_SL         1  4.0    17    22     140    (-,-) 
  g73209/Y                  -       A->Y    F     BUFx12f_ASAP7_75t_SL       13 28.5    19    20     160    (-,-) 
  BF1_2_mul_175_29_g72551/Y -       A->Y    R     XOR2x2_ASAP7_75t_SL         1  2.1    12    26     186    (-,-) 
  BF1_2_mul_175_29_g68033/Y -       B2->Y   R     AO22x2_ASAP7_75t_SL         2  3.7    19    20     206    (-,-) 
  g84321/Y                  -       A->Y    F     XOR2x2_ASAP7_75t_SL         2  4.5    18    24     230    (-,-) 
  g72264/Y                  -       B->Y    F     XNOR2x1_ASAP7_75t_SL        1  3.2    22    20     250    (-,-) 
  g84979/Y                  -       A->Y    F     XNOR2x1_ASAP7_75t_SL        2  4.6    28    23     274    (-,-) 
  g84980/Y                  -       A->Y    F     XNOR2x1_ASAP7_75t_SL        1  2.6    22    20     294    (-,-) 
  g83213/Y                  -       B->Y    R     XOR2x2_ASAP7_75t_SL         2  4.6    20    32     325    (-,-) 
  g83209/Y                  -       B->Y    R     XNOR2x1_ASAP7_75t_SL        2  4.2    34    20     346    (-,-) 
  BF1_2_mul_175_29_g71091/Y -       B->Y    R     XNOR2x1_ASAP7_75t_SL        1  3.2    30    20     365    (-,-) 
  BF1_2_mul_175_29_g74520/Y -       B->Y    R     XNOR2x1_ASAP7_75t_SL        2  3.9    34    20     386    (-,-) 
  BF1_2_mul_175_29_g74522/Y -       B->Y    R     OR2x2_ASAP7_75t_SL          2  3.8    17    21     407    (-,-) 
  g83857/Y                  -       B->Y    F     OAI21x1_ASAP7_75t_SL        2  3.1    22    13     420    (-,-) 
  g83859/Y                  -       A2->Y   F     AO21x2_ASAP7_75t_SL         1  2.4    12    21     441    (-,-) 
  BF1_2_mul_175_29_g27129/Y -       A2->Y   F     AO211x2_ASAP7_75t_SL        3  5.7    20    23     463    (-,-) 
  BF1_2_mul_175_29_g27121/Y -       B->Y    R     NAND2x1p5_ASAP7_75t_SL      1  2.6    17    12     475    (-,-) 
  g82990/Y                  -       A->Y    R     AND2x6_ASAP7_75t_SL         3 11.2    18    21     496    (-,-) 
  g82989/Y                  -       A->Y    F     INVx11_ASAP7_75t_SL        12 22.4    18    11     507    (-,-) 
  BF1_2_mul_175_29_g27073/Y -       A2->Y   R     AOI21x1_ASAP7_75t_SL        1  3.2    29    15     522    (-,-) 
  BF1_2_mul_175_29_g27061/Y -       B->Y    R     XNOR2x1_ASAP7_75t_SL        1  2.1    34    18     540    (-,-) 
  BF1_2_mult_p_reg[43]/D    -       -       R     DFFHQx4_ASAP7_75t_SL        1    -     -     0     540    (-,-) 
#-----------------------------------------------------------------------------------------------------------------



Path 2: VIOLATED (-22 ps) Setup Check with Pin BF1_2_mult_p_reg[42]/CLK->D
          Group: clk
     Startpoint: (R) BF1_1_modei_reg[1]/CLK
          Clock: (R) clk
       Endpoint: (R) BF1_2_mult_p_reg[42]/D
          Clock: (R) clk

                     Capture       Launch     
        Clock Edge:+     555            0     
       Src Latency:+       0            0     
       Net Latency:+       0 (I)        0 (I) 
           Arrival:=     555            0     
                                              
             Setup:-      10                  
       Uncertainty:-      28                  
     Required Time:=     517                  
      Launch Clock:-       0                  
         Data Path:-     540                  
             Slack:=     -22                  

#-----------------------------------------------------------------------------------------------------------------
#       Timing Point        Flags    Arc    Edge          Cell           Fanout Load Trans Delay Arrival Instance 
#                                                                               (fF)  (ps)  (ps)   (ps)  Location 
#-----------------------------------------------------------------------------------------------------------------
  BF1_1_modei_reg[1]/CLK    -       -       R     (arrival)                3513    -     0     0       0    (-,-) 
  BF1_1_modei_reg[1]/QN     -       CLK->QN R     DFFHQNx2_ASAP7_75t_SL       1  4.6    28    43      43    (-,-) 
  fopt83197/Y               -       A->Y    F     INVx5_ASAP7_75t_SL          3  6.9    15     8      51    (-,-) 
  g84017/Y                  -       B->Y    F     AND3x4_ASAP7_75t_SL         3 13.5    24    28      80    (-,-) 
  g82779/Y                  -       A->Y    R     INVx8_ASAP7_75t_SL          6 20.2    24    15      94    (-,-) 
  g77579/Y                  -       A->Y    R     BUFx12f_ASAP7_75t_SL        9 17.1    16    18     112    (-,-) 
  g50413/Y                  -       A->Y    F     INVx8_ASAP7_75t_SL          4  6.1     9     6     118    (-,-) 
  g73210/Y                  -       B1->Y   F     AO22x2_ASAP7_75t_SL         1  4.0    17    22     140    (-,-) 
  g73209/Y                  -       A->Y    F     BUFx12f_ASAP7_75t_SL       13 28.5    19    20     160    (-,-) 
  BF1_2_mul_175_29_g72551/Y -       A->Y    R     XOR2x2_ASAP7_75t_SL         1  2.1    12    26     186    (-,-) 
  BF1_2_mul_175_29_g68033/Y -       B2->Y   R     AO22x2_ASAP7_75t_SL         2  3.7    19    20     206    (-,-) 
  g84321/Y                  -       A->Y    F     XOR2x2_ASAP7_75t_SL         2  4.5    18    24     230    (-,-) 
  g72264/Y                  -       B->Y    F     XNOR2x1_ASAP7_75t_SL        1  3.2    22    20     250    (-,-) 
  g84979/Y                  -       A->Y    F     XNOR2x1_ASAP7_75t_SL        2  4.6    28    23     274    (-,-) 
  g84980/Y                  -       A->Y    F     XNOR2x1_ASAP7_75t_SL        1  2.6    22    20     294    (-,-) 
  g83213/Y                  -       B->Y    R     XOR2x2_ASAP7_75t_SL         2  4.6    20    32     325    (-,-) 
  g83209/Y                  -       B->Y    R     XNOR2x1_ASAP7_75t_SL        2  4.2    34    20     346    (-,-) 
  BF1_2_mul_175_29_g71091/Y -       B->Y    R     XNOR2x1_ASAP7_75t_SL        1  3.2    30    20     365    (-,-) 
  BF1_2_mul_175_29_g74520/Y -       B->Y    R     XNOR2x1_ASAP7_75t_SL        2  3.9    34    20     386    (-,-) 
  BF1_2_mul_175_29_g74522/Y -       B->Y    R     OR2x2_ASAP7_75t_SL          2  3.8    17    21     407    (-,-) 
  g83857/Y                  -       B->Y    F     OAI21x1_ASAP7_75t_SL        2  3.1    22    13     420    (-,-) 
  g83859/Y                  -       A2->Y   F     AO21x2_ASAP7_75t_SL         1  2.4    12    21     441    (-,-) 
  BF1_2_mul_175_29_g27129/Y -       A2->Y   F     AO211x2_ASAP7_75t_SL        3  5.7    20    23     463    (-,-) 
  BF1_2_mul_175_29_g27121/Y -       B->Y    R     NAND2x1p5_ASAP7_75t_SL      1  2.6    17    12     475    (-,-) 
  g82990/Y                  -       A->Y    R     AND2x6_ASAP7_75t_SL         3 11.2    18    21     496    (-,-) 
  g82989/Y                  -       A->Y    F     INVx11_ASAP7_75t_SL        12 22.4    18    11     507    (-,-) 
  g82992/Y                  -       A2->Y   R     AOI21x1_ASAP7_75t_SL        1  3.2    28    15     522    (-,-) 
  g82991/Y                  -       B->Y    R     XNOR2x1_ASAP7_75t_SL        1  2.1    34    18     540    (-,-) 
  BF1_2_mult_p_reg[42]/D    -       -       R     DFFHQx4_ASAP7_75t_SL        1    -     -     0     540    (-,-) 
#-----------------------------------------------------------------------------------------------------------------



Path 3: VIOLATED (-22 ps) Setup Check with Pin BF1_2_mult_p_reg[39]/CLK->D
          Group: clk
     Startpoint: (R) BF1_1_modei_reg[1]/CLK
          Clock: (R) clk
       Endpoint: (F) BF1_2_mult_p_reg[39]/D
          Clock: (R) clk

                     Capture       Launch     
        Clock Edge:+     555            0     
       Src Latency:+       0            0     
       Net Latency:+       0 (I)        0 (I) 
           Arrival:=     555            0     
                                              
             Setup:-       7                  
       Uncertainty:-      28                  
     Required Time:=     520                  
      Launch Clock:-       0                  
         Data Path:-     542                  
             Slack:=     -22                  

#-----------------------------------------------------------------------------------------------------------------
#       Timing Point        Flags    Arc    Edge          Cell           Fanout Load Trans Delay Arrival Instance 
#                                                                               (fF)  (ps)  (ps)   (ps)  Location 
#-----------------------------------------------------------------------------------------------------------------
  BF1_1_modei_reg[1]/CLK    -       -       R     (arrival)                3513    -     0     0       0    (-,-) 
  BF1_1_modei_reg[1]/QN     -       CLK->QN R     DFFHQNx2_ASAP7_75t_SL       1  4.6    28    43      43    (-,-) 
  fopt83197/Y               -       A->Y    F     INVx5_ASAP7_75t_SL          3  6.9    15     8      51    (-,-) 
  g84017/Y                  -       B->Y    F     AND3x4_ASAP7_75t_SL         3 13.5    24    28      80    (-,-) 
  g82779/Y                  -       A->Y    R     INVx8_ASAP7_75t_SL          6 20.2    24    15      94    (-,-) 
  g77579/Y                  -       A->Y    R     BUFx12f_ASAP7_75t_SL        9 17.1    16    18     112    (-,-) 
  g50413/Y                  -       A->Y    F     INVx8_ASAP7_75t_SL          4  6.1     9     6     118    (-,-) 
  g73210/Y                  -       B1->Y   F     AO22x2_ASAP7_75t_SL         1  4.0    17    22     140    (-,-) 
  g73209/Y                  -       A->Y    F     BUFx12f_ASAP7_75t_SL       13 28.5    19    20     160    (-,-) 
  BF1_2_mul_175_29_g72551/Y -       A->Y    F     XOR2x2_ASAP7_75t_SL         1  2.1    12    22     182    (-,-) 
  BF1_2_mul_175_29_g68033/Y -       B2->Y   F     AO22x2_ASAP7_75t_SL         2  3.8    18    22     204    (-,-) 
  g84321/Y                  -       A->Y    R     XOR2x2_ASAP7_75t_SL         2  4.5    20    30     234    (-,-) 
  g72264/Y                  -       B->Y    R     XNOR2x1_ASAP7_75t_SL        1  3.1    27    19     252    (-,-) 
  g84979/Y                  -       A->Y    R     XNOR2x1_ASAP7_75t_SL        2  4.5    37    23     276    (-,-) 
  g84980/Y                  -       A->Y    R     XNOR2x1_ASAP7_75t_SL        1  2.6    28    21     297    (-,-) 
  g83213/Y                  -       B->Y    F     XOR2x2_ASAP7_75t_SL         2  4.6    18    23     320    (-,-) 
  g83209/Y                  -       B->Y    F     XNOR2x1_ASAP7_75t_SL        2  4.2    27    22     342    (-,-) 
  BF1_2_mul_175_29_g71091/Y -       B->Y    F     XNOR2x1_ASAP7_75t_SL        1  3.2    25    22     364    (-,-) 
  BF1_2_mul_175_29_g74520/Y -       B->Y    F     XNOR2x1_ASAP7_75t_SL        2  3.9    27    23     387    (-,-) 
  BF1_2_mul_175_29_g69788/Y -       B->Y    F     AND2x4_ASAP7_75t_SL         2  6.4    13    20     407    (-,-) 
  g83857/Y                  -       A2->Y   R     OAI21x1_ASAP7_75t_SL        2  3.1    27    14     422    (-,-) 
  g83859/Y                  -       A2->Y   R     AO21x2_ASAP7_75t_SL         1  2.4    13    19     441    (-,-) 
  BF1_2_mul_175_29_g27129/Y -       A2->Y   R     AO211x2_ASAP7_75t_SL        3  5.7    24    27     468    (-,-) 
  BF1_2_mul_175_29_g27121/Y -       B->Y    F     NAND2x1p5_ASAP7_75t_SL      1  2.6    16     9     477    (-,-) 
  g82990/Y                  -       A->Y    F     AND2x6_ASAP7_75t_SL         3 11.2    16    23     500    (-,-) 
  g82989/Y                  -       A->Y    R     INVx11_ASAP7_75t_SL        12 22.5    20    12     512    (-,-) 
  g71485/Y                  -       A2->Y   F     AOI21x1_ASAP7_75t_SL        1  3.2    22    12     524    (-,-) 
  g71484/Y                  -       B->Y    F     XNOR2x1_ASAP7_75t_SL        1  2.1    19    19     542    (-,-) 
  BF1_2_mult_p_reg[39]/D    -       -       F     DFFHQx4_ASAP7_75t_SL        1    -     -     0     542    (-,-) 
#-----------------------------------------------------------------------------------------------------------------



Path 4: VIOLATED (-22 ps) Setup Check with Pin BF1_2_mult_p_reg[38]/CLK->D
          Group: clk
     Startpoint: (R) BF1_1_modei_reg[1]/CLK
          Clock: (R) clk
       Endpoint: (F) BF1_2_mult_p_reg[38]/D
          Clock: (R) clk

                     Capture       Launch     
        Clock Edge:+     555            0     
       Src Latency:+       0            0     
       Net Latency:+       0 (I)        0 (I) 
           Arrival:=     555            0     
                                              
             Setup:-       7                  
       Uncertainty:-      28                  
     Required Time:=     520                  
      Launch Clock:-       0                  
         Data Path:-     542                  
             Slack:=     -22                  

#-----------------------------------------------------------------------------------------------------------------
#       Timing Point        Flags    Arc    Edge          Cell           Fanout Load Trans Delay Arrival Instance 
#                                                                               (fF)  (ps)  (ps)   (ps)  Location 
#-----------------------------------------------------------------------------------------------------------------
  BF1_1_modei_reg[1]/CLK    -       -       R     (arrival)                3513    -     0     0       0    (-,-) 
  BF1_1_modei_reg[1]/QN     -       CLK->QN R     DFFHQNx2_ASAP7_75t_SL       1  4.6    28    43      43    (-,-) 
  fopt83197/Y               -       A->Y    F     INVx5_ASAP7_75t_SL          3  6.9    15     8      51    (-,-) 
  g84017/Y                  -       B->Y    F     AND3x4_ASAP7_75t_SL         3 13.5    24    28      80    (-,-) 
  g82779/Y                  -       A->Y    R     INVx8_ASAP7_75t_SL          6 20.2    24    15      94    (-,-) 
  g77579/Y                  -       A->Y    R     BUFx12f_ASAP7_75t_SL        9 17.1    16    18     112    (-,-) 
  g50413/Y                  -       A->Y    F     INVx8_ASAP7_75t_SL          4  6.1     9     6     118    (-,-) 
  g73210/Y                  -       B1->Y   F     AO22x2_ASAP7_75t_SL         1  4.0    17    22     140    (-,-) 
  g73209/Y                  -       A->Y    F     BUFx12f_ASAP7_75t_SL       13 28.5    19    20     160    (-,-) 
  BF1_2_mul_175_29_g72551/Y -       A->Y    F     XOR2x2_ASAP7_75t_SL         1  2.1    12    22     182    (-,-) 
  BF1_2_mul_175_29_g68033/Y -       B2->Y   F     AO22x2_ASAP7_75t_SL         2  3.8    18    22     204    (-,-) 
  g84321/Y                  -       A->Y    R     XOR2x2_ASAP7_75t_SL         2  4.5    20    30     234    (-,-) 
  g72264/Y                  -       B->Y    R     XNOR2x1_ASAP7_75t_SL        1  3.1    27    19     252    (-,-) 
  g84979/Y                  -       A->Y    R     XNOR2x1_ASAP7_75t_SL        2  4.5    37    23     276    (-,-) 
  g84980/Y                  -       A->Y    R     XNOR2x1_ASAP7_75t_SL        1  2.6    28    21     297    (-,-) 
  g83213/Y                  -       B->Y    F     XOR2x2_ASAP7_75t_SL         2  4.6    18    23     320    (-,-) 
  g83209/Y                  -       B->Y    F     XNOR2x1_ASAP7_75t_SL        2  4.2    27    22     342    (-,-) 
  BF1_2_mul_175_29_g71091/Y -       B->Y    F     XNOR2x1_ASAP7_75t_SL        1  3.2    25    22     364    (-,-) 
  BF1_2_mul_175_29_g74520/Y -       B->Y    F     XNOR2x1_ASAP7_75t_SL        2  3.9    27    23     387    (-,-) 
  BF1_2_mul_175_29_g69788/Y -       B->Y    F     AND2x4_ASAP7_75t_SL         2  6.4    13    20     407    (-,-) 
  g83857/Y                  -       A2->Y   R     OAI21x1_ASAP7_75t_SL        2  3.1    27    14     422    (-,-) 
  g83859/Y                  -       A2->Y   R     AO21x2_ASAP7_75t_SL         1  2.4    13    19     441    (-,-) 
  BF1_2_mul_175_29_g27129/Y -       A2->Y   R     AO211x2_ASAP7_75t_SL        3  5.7    24    27     468    (-,-) 
  BF1_2_mul_175_29_g27121/Y -       B->Y    F     NAND2x1p5_ASAP7_75t_SL      1  2.6    16     9     477    (-,-) 
  g82990/Y                  -       A->Y    F     AND2x6_ASAP7_75t_SL         3 11.2    16    23     500    (-,-) 
  g82989/Y                  -       A->Y    R     INVx11_ASAP7_75t_SL        12 22.5    20    12     512    (-,-) 
  g118/Y                    -       A2->Y   F     AOI21x1_ASAP7_75t_SL        1  3.2    22    12     524    (-,-) 
  g117/Y                    -       B->Y    F     XNOR2x1_ASAP7_75t_SL        1  2.1    20    19     542    (-,-) 
  BF1_2_mult_p_reg[38]/D    -       -       F     DFFHQx4_ASAP7_75t_SL        1    -     -     0     542    (-,-) 
#-----------------------------------------------------------------------------------------------------------------



Path 5: VIOLATED (-22 ps) Setup Check with Pin BF1_2_mult_p_reg[37]/CLK->D
          Group: clk
     Startpoint: (R) BF1_1_modei_reg[1]/CLK
          Clock: (R) clk
       Endpoint: (R) BF1_2_mult_p_reg[37]/D
          Clock: (R) clk

                     Capture       Launch     
        Clock Edge:+     555            0     
       Src Latency:+       0            0     
       Net Latency:+       0 (I)        0 (I) 
           Arrival:=     555            0     
                                              
             Setup:-      10                  
       Uncertainty:-      28                  
     Required Time:=     517                  
      Launch Clock:-       0                  
         Data Path:-     540                  
             Slack:=     -22                  

#-----------------------------------------------------------------------------------------------------------------
#       Timing Point        Flags    Arc    Edge          Cell           Fanout Load Trans Delay Arrival Instance 
#                                                                               (fF)  (ps)  (ps)   (ps)  Location 
#-----------------------------------------------------------------------------------------------------------------
  BF1_1_modei_reg[1]/CLK    -       -       R     (arrival)                3513    -     0     0       0    (-,-) 
  BF1_1_modei_reg[1]/QN     -       CLK->QN R     DFFHQNx2_ASAP7_75t_SL       1  4.6    28    43      43    (-,-) 
  fopt83197/Y               -       A->Y    F     INVx5_ASAP7_75t_SL          3  6.9    15     8      51    (-,-) 
  g84017/Y                  -       B->Y    F     AND3x4_ASAP7_75t_SL         3 13.5    24    28      80    (-,-) 
  g82779/Y                  -       A->Y    R     INVx8_ASAP7_75t_SL          6 20.2    24    15      94    (-,-) 
  g77579/Y                  -       A->Y    R     BUFx12f_ASAP7_75t_SL        9 17.1    16    18     112    (-,-) 
  g50413/Y                  -       A->Y    F     INVx8_ASAP7_75t_SL          4  6.1     9     6     118    (-,-) 
  g73210/Y                  -       B1->Y   F     AO22x2_ASAP7_75t_SL         1  4.0    17    22     140    (-,-) 
  g73209/Y                  -       A->Y    F     BUFx12f_ASAP7_75t_SL       13 28.5    19    20     160    (-,-) 
  BF1_2_mul_175_29_g72551/Y -       A->Y    R     XOR2x2_ASAP7_75t_SL         1  2.1    12    26     186    (-,-) 
  BF1_2_mul_175_29_g68033/Y -       B2->Y   R     AO22x2_ASAP7_75t_SL         2  3.7    19    20     206    (-,-) 
  g84321/Y                  -       A->Y    F     XOR2x2_ASAP7_75t_SL         2  4.5    18    24     230    (-,-) 
  g72264/Y                  -       B->Y    F     XNOR2x1_ASAP7_75t_SL        1  3.2    22    20     250    (-,-) 
  g84979/Y                  -       A->Y    F     XNOR2x1_ASAP7_75t_SL        2  4.6    28    23     274    (-,-) 
  g84980/Y                  -       A->Y    F     XNOR2x1_ASAP7_75t_SL        1  2.6    22    20     294    (-,-) 
  g83213/Y                  -       B->Y    R     XOR2x2_ASAP7_75t_SL         2  4.6    20    32     325    (-,-) 
  g83209/Y                  -       B->Y    R     XNOR2x1_ASAP7_75t_SL        2  4.2    34    20     346    (-,-) 
  BF1_2_mul_175_29_g71091/Y -       B->Y    R     XNOR2x1_ASAP7_75t_SL        1  3.2    30    20     365    (-,-) 
  BF1_2_mul_175_29_g74520/Y -       B->Y    R     XNOR2x1_ASAP7_75t_SL        2  3.9    34    20     386    (-,-) 
  BF1_2_mul_175_29_g74522/Y -       B->Y    R     OR2x2_ASAP7_75t_SL          2  3.8    17    21     407    (-,-) 
  g83857/Y                  -       B->Y    F     OAI21x1_ASAP7_75t_SL        2  3.1    22    13     420    (-,-) 
  g83859/Y                  -       A2->Y   F     AO21x2_ASAP7_75t_SL         1  2.4    12    21     441    (-,-) 
  BF1_2_mul_175_29_g27129/Y -       A2->Y   F     AO211x2_ASAP7_75t_SL        3  5.7    20    23     463    (-,-) 
  BF1_2_mul_175_29_g27121/Y -       B->Y    R     NAND2x1p5_ASAP7_75t_SL      1  2.6    17    12     475    (-,-) 
  g82990/Y                  -       A->Y    R     AND2x6_ASAP7_75t_SL         3 11.2    18    21     496    (-,-) 
  g82989/Y                  -       A->Y    F     INVx11_ASAP7_75t_SL        12 22.4    18    11     507    (-,-) 
  BF1_2_mul_175_29_g27087/Y -       A2->Y   R     AOI21x1_ASAP7_75t_SL        1  3.2    30    15     522    (-,-) 
  BF1_2_mul_175_29_g27067/Y -       B->Y    R     XNOR2x1_ASAP7_75t_SL        1  2.1    32    18     540    (-,-) 
  BF1_2_mult_p_reg[37]/D    -       -       R     DFFHQx4_ASAP7_75t_SL        1    -     -     0     540    (-,-) 
#-----------------------------------------------------------------------------------------------------------------



Path 6: VIOLATED (-22 ps) Setup Check with Pin BF1_2_mult_p_reg[35]/CLK->D
          Group: clk
     Startpoint: (R) BF1_1_modei_reg[1]/CLK
          Clock: (R) clk
       Endpoint: (R) BF1_2_mult_p_reg[35]/D
          Clock: (R) clk

                     Capture       Launch     
        Clock Edge:+     555            0     
       Src Latency:+       0            0     
       Net Latency:+       0 (I)        0 (I) 
           Arrival:=     555            0     
                                              
             Setup:-      10                  
       Uncertainty:-      28                  
     Required Time:=     517                  
      Launch Clock:-       0                  
         Data Path:-     540                  
             Slack:=     -22                  

#-----------------------------------------------------------------------------------------------------------------
#       Timing Point        Flags    Arc    Edge          Cell           Fanout Load Trans Delay Arrival Instance 
#                                                                               (fF)  (ps)  (ps)   (ps)  Location 
#-----------------------------------------------------------------------------------------------------------------
  BF1_1_modei_reg[1]/CLK    -       -       R     (arrival)                3513    -     0     0       0    (-,-) 
  BF1_1_modei_reg[1]/QN     -       CLK->QN R     DFFHQNx2_ASAP7_75t_SL       1  4.6    28    43      43    (-,-) 
  fopt83197/Y               -       A->Y    F     INVx5_ASAP7_75t_SL          3  6.9    15     8      51    (-,-) 
  g84017/Y                  -       B->Y    F     AND3x4_ASAP7_75t_SL         3 13.5    24    28      80    (-,-) 
  g82779/Y                  -       A->Y    R     INVx8_ASAP7_75t_SL          6 20.2    24    15      94    (-,-) 
  g77579/Y                  -       A->Y    R     BUFx12f_ASAP7_75t_SL        9 17.1    16    18     112    (-,-) 
  g50413/Y                  -       A->Y    F     INVx8_ASAP7_75t_SL          4  6.1     9     6     118    (-,-) 
  g73210/Y                  -       B1->Y   F     AO22x2_ASAP7_75t_SL         1  4.0    17    22     140    (-,-) 
  g73209/Y                  -       A->Y    F     BUFx12f_ASAP7_75t_SL       13 28.5    19    20     160    (-,-) 
  BF1_2_mul_175_29_g72551/Y -       A->Y    R     XOR2x2_ASAP7_75t_SL         1  2.1    12    26     186    (-,-) 
  BF1_2_mul_175_29_g68033/Y -       B2->Y   R     AO22x2_ASAP7_75t_SL         2  3.7    19    20     206    (-,-) 
  g84321/Y                  -       A->Y    F     XOR2x2_ASAP7_75t_SL         2  4.5    18    24     230    (-,-) 
  g72264/Y                  -       B->Y    F     XNOR2x1_ASAP7_75t_SL        1  3.2    22    20     250    (-,-) 
  g84979/Y                  -       A->Y    F     XNOR2x1_ASAP7_75t_SL        2  4.6    28    23     274    (-,-) 
  g84980/Y                  -       A->Y    F     XNOR2x1_ASAP7_75t_SL        1  2.6    22    20     294    (-,-) 
  g83213/Y                  -       B->Y    R     XOR2x2_ASAP7_75t_SL         2  4.6    20    32     325    (-,-) 
  g83209/Y                  -       B->Y    R     XNOR2x1_ASAP7_75t_SL        2  4.2    34    20     346    (-,-) 
  BF1_2_mul_175_29_g71091/Y -       B->Y    R     XNOR2x1_ASAP7_75t_SL        1  3.2    30    20     365    (-,-) 
  BF1_2_mul_175_29_g74520/Y -       B->Y    R     XNOR2x1_ASAP7_75t_SL        2  3.9    34    20     386    (-,-) 
  BF1_2_mul_175_29_g74522/Y -       B->Y    R     OR2x2_ASAP7_75t_SL          2  3.8    17    21     407    (-,-) 
  g83857/Y                  -       B->Y    F     OAI21x1_ASAP7_75t_SL        2  3.1    22    13     420    (-,-) 
  g83859/Y                  -       A2->Y   F     AO21x2_ASAP7_75t_SL         1  2.4    12    21     441    (-,-) 
  BF1_2_mul_175_29_g27129/Y -       A2->Y   F     AO211x2_ASAP7_75t_SL        3  5.7    20    23     463    (-,-) 
  BF1_2_mul_175_29_g27121/Y -       B->Y    R     NAND2x1p5_ASAP7_75t_SL      1  2.6    17    12     475    (-,-) 
  g82990/Y                  -       A->Y    R     AND2x6_ASAP7_75t_SL         3 11.2    18    21     496    (-,-) 
  g82989/Y                  -       A->Y    F     INVx11_ASAP7_75t_SL        12 22.4    18    11     507    (-,-) 
  g72318/Y                  -       A2->Y   R     AOI21x1_ASAP7_75t_SL        1  3.2    30    15     522    (-,-) 
  g72317/Y                  -       B->Y    R     XNOR2x1_ASAP7_75t_SL        1  2.1    32    18     540    (-,-) 
  BF1_2_mult_p_reg[35]/D    -       -       R     DFFHQx4_ASAP7_75t_SL        1    -     -     0     540    (-,-) 
#-----------------------------------------------------------------------------------------------------------------



Path 7: VIOLATED (-22 ps) Setup Check with Pin BF1_2_mult_p_reg[34]/CLK->D
          Group: clk
     Startpoint: (R) BF1_1_modei_reg[1]/CLK
          Clock: (R) clk
       Endpoint: (F) BF1_2_mult_p_reg[34]/D
          Clock: (R) clk

                     Capture       Launch     
        Clock Edge:+     555            0     
       Src Latency:+       0            0     
       Net Latency:+       0 (I)        0 (I) 
           Arrival:=     555            0     
                                              
             Setup:-       7                  
       Uncertainty:-      28                  
     Required Time:=     520                  
      Launch Clock:-       0                  
         Data Path:-     542                  
             Slack:=     -22                  

#-----------------------------------------------------------------------------------------------------------------
#       Timing Point        Flags    Arc    Edge          Cell           Fanout Load Trans Delay Arrival Instance 
#                                                                               (fF)  (ps)  (ps)   (ps)  Location 
#-----------------------------------------------------------------------------------------------------------------
  BF1_1_modei_reg[1]/CLK    -       -       R     (arrival)                3513    -     0     0       0    (-,-) 
  BF1_1_modei_reg[1]/QN     -       CLK->QN R     DFFHQNx2_ASAP7_75t_SL       1  4.6    28    43      43    (-,-) 
  fopt83197/Y               -       A->Y    F     INVx5_ASAP7_75t_SL          3  6.9    15     8      51    (-,-) 
  g84017/Y                  -       B->Y    F     AND3x4_ASAP7_75t_SL         3 13.5    24    28      80    (-,-) 
  g82779/Y                  -       A->Y    R     INVx8_ASAP7_75t_SL          6 20.2    24    15      94    (-,-) 
  g77579/Y                  -       A->Y    R     BUFx12f_ASAP7_75t_SL        9 17.1    16    18     112    (-,-) 
  g50413/Y                  -       A->Y    F     INVx8_ASAP7_75t_SL          4  6.1     9     6     118    (-,-) 
  g73210/Y                  -       B1->Y   F     AO22x2_ASAP7_75t_SL         1  4.0    17    22     140    (-,-) 
  g73209/Y                  -       A->Y    F     BUFx12f_ASAP7_75t_SL       13 28.5    19    20     160    (-,-) 
  BF1_2_mul_175_29_g72551/Y -       A->Y    F     XOR2x2_ASAP7_75t_SL         1  2.1    12    22     182    (-,-) 
  BF1_2_mul_175_29_g68033/Y -       B2->Y   F     AO22x2_ASAP7_75t_SL         2  3.8    18    22     204    (-,-) 
  g84321/Y                  -       A->Y    R     XOR2x2_ASAP7_75t_SL         2  4.5    20    30     234    (-,-) 
  g72264/Y                  -       B->Y    R     XNOR2x1_ASAP7_75t_SL        1  3.1    27    19     252    (-,-) 
  g84979/Y                  -       A->Y    R     XNOR2x1_ASAP7_75t_SL        2  4.5    37    23     276    (-,-) 
  g84980/Y                  -       A->Y    R     XNOR2x1_ASAP7_75t_SL        1  2.6    28    21     297    (-,-) 
  g83213/Y                  -       B->Y    F     XOR2x2_ASAP7_75t_SL         2  4.6    18    23     320    (-,-) 
  g83209/Y                  -       B->Y    F     XNOR2x1_ASAP7_75t_SL        2  4.2    27    22     342    (-,-) 
  BF1_2_mul_175_29_g71091/Y -       B->Y    F     XNOR2x1_ASAP7_75t_SL        1  3.2    25    22     364    (-,-) 
  BF1_2_mul_175_29_g74520/Y -       B->Y    F     XNOR2x1_ASAP7_75t_SL        2  3.9    27    23     387    (-,-) 
  BF1_2_mul_175_29_g69788/Y -       B->Y    F     AND2x4_ASAP7_75t_SL         2  6.4    13    20     407    (-,-) 
  g83857/Y                  -       A2->Y   R     OAI21x1_ASAP7_75t_SL        2  3.1    27    14     422    (-,-) 
  g83859/Y                  -       A2->Y   R     AO21x2_ASAP7_75t_SL         1  2.4    13    19     441    (-,-) 
  BF1_2_mul_175_29_g27129/Y -       A2->Y   R     AO211x2_ASAP7_75t_SL        3  5.7    24    27     468    (-,-) 
  BF1_2_mul_175_29_g27121/Y -       B->Y    F     NAND2x1p5_ASAP7_75t_SL      1  2.6    16     9     477    (-,-) 
  g82990/Y                  -       A->Y    F     AND2x6_ASAP7_75t_SL         3 11.2    16    23     500    (-,-) 
  g82989/Y                  -       A->Y    R     INVx11_ASAP7_75t_SL        12 22.5    20    12     512    (-,-) 
  BF1_2_mul_175_29_g27074/Y -       A2->Y   F     AOI21x1_ASAP7_75t_SL        1  3.2    22    12     524    (-,-) 
  BF1_2_mul_175_29_g27070/Y -       B->Y    F     XNOR2x1_ASAP7_75t_SL        1  2.1    19    19     542    (-,-) 
  BF1_2_mult_p_reg[34]/D    -       -       F     DFFHQx4_ASAP7_75t_SL        1    -     -     0     542    (-,-) 
#-----------------------------------------------------------------------------------------------------------------



Path 8: VIOLATED (-22 ps) Setup Check with Pin BF1_2_mult_p_reg[43]/CLK->D
          Group: clk
     Startpoint: (R) BF1_1_modei_reg[1]/CLK
          Clock: (R) clk
       Endpoint: (R) BF1_2_mult_p_reg[43]/D
          Clock: (R) clk

                     Capture       Launch     
        Clock Edge:+     555            0     
       Src Latency:+       0            0     
       Net Latency:+       0 (I)        0 (I) 
           Arrival:=     555            0     
                                              
             Setup:-      10                  
       Uncertainty:-      28                  
     Required Time:=     517                  
      Launch Clock:-       0                  
         Data Path:-     540                  
             Slack:=     -22                  

#--------------------------------------------------------------------------------------------------------------------------
#           Timing Point             Flags    Arc    Edge          Cell           Fanout Load Trans Delay Arrival Instance 
#                                                                                        (fF)  (ps)  (ps)   (ps)  Location 
#--------------------------------------------------------------------------------------------------------------------------
  BF1_1_modei_reg[1]/CLK             -       -       R     (arrival)                3513    -     0     0       0    (-,-) 
  BF1_1_modei_reg[1]/QN              -       CLK->QN F     DFFHQNx2_ASAP7_75t_SL       1  4.6    28    41      41    (-,-) 
  fopt83197/Y                        -       A->Y    R     INVx5_ASAP7_75t_SL          3  7.1    17    11      52    (-,-) 
  g84017/Y                           -       B->Y    R     AND3x4_ASAP7_75t_SL         3 13.5    29    29      82    (-,-) 
  g82779/Y                           -       A->Y    F     INVx8_ASAP7_75t_SL          6 20.2    22    13      94    (-,-) 
  g75013/Y                           -       A->Y    F     BUFx12f_ASAP7_75t_SL       10 16.0    13    18     113    (-,-) 
  g49598__75024/Y                    -       B2->Y   F     AO22x2_ASAP7_75t_SL         1  4.0    18    23     135    (-,-) 
  g66933/Y                           -       A->Y    F     BUFx12f_ASAP7_75t_SL       13 27.0    19    20     155    (-,-) 
  BF1_2_mul_175_29_g29575/Y          -       A->Y    R     INVx11_ASAP7_75t_SL        11 17.5    17    11     166    (-,-) 
  BF1_2_mul_175_29_g29307/Y          -       B->Y    F     NAND2x1_ASAP7_75t_SL        1  3.1    24    12     178    (-,-) 
  BF1_2_mul_175_29_g66938/Y          -       B->Y    R     NAND2x1p5_ASAP7_75t_SL      2  3.5    25    15     193    (-,-) 
  BF1_2_mul_175_29_g28772/Y          -       A->Y    F     INVx1_ASAP7_75t_SL          1  2.7    20    13     206    (-,-) 
  BF1_2_mul_175_29_g28386/Y          -       A1->Y   R     AOI22x1_ASAP7_75t_SL        2  4.5    40    22     228    (-,-) 
  BF1_2_mul_175_29_g28114/Y          -       B->Y    R     MAJx2_ASAP7_75t_SL          2  3.7    18    27     254    (-,-) 
  BF1_2_mul_175_29_g27930/Y          -       A->Y    F     XOR2x2_ASAP7_75t_SL         2  3.9    17    23     277    (-,-) 
  g84976/Y                           -       A->Y    F     MAJx2_ASAP7_75t_SL          2  4.6    19    25     302    (-,-) 
  g74915/Y                           -       B->Y    F     XNOR2x1_ASAP7_75t_SL        1  2.5    21    19     321    (-,-) 
  BF1_2_mul_175_29_g27487/Y          -       A->Y    F     XOR2x2_ASAP7_75t_SL         2  4.6    18    26     347    (-,-) 
  BF1_2_mul_175_29_g27404/Y          -       B->Y    F     XNOR2x1_ASAP7_75t_SL        1  3.2    22    20     368    (-,-) 
  g83875/Y                           -       B->Y    F     XNOR2x1_ASAP7_75t_SL        2  4.5    30    24     391    (-,-) 
  BF1_2_mul_175_29_g67911/Y          -       B->Y    F     AND2x4_ASAP7_75t_SL         2  4.0    10    19     410    (-,-) 
  BF1_2_mul_175_29_g66540_dup69150/Y -       A2->Y   R     AOI21x1_ASAP7_75t_SL        1  2.7    24    13     423    (-,-) 
  g72321/Y                           -       A1->Y   F     OAI21x1_ASAP7_75t_SL        2  3.1    22    12     435    (-,-) 
  g72324/Y                           -       A2->Y   F     AO21x2_ASAP7_75t_SL         2  3.5    15    22     457    (-,-) 
  BF1_2_mul_175_29_g79732/Y          -       A2->Y   F     AO21x2_ASAP7_75t_SL         2  5.8    21    24     481    (-,-) 
  BF1_2_mul_175_29_g27123/Y          -       A->Y    R     INVx4_ASAP7_75t_SL          4  8.5    20    13     494    (-,-) 
  BF1_2_mul_175_29_g27100/Y          -       A1->Y   F     OAI21x1_ASAP7_75t_SL        1  2.7    22    10     504    (-,-) 
  BF1_2_mul_175_29_g27073/Y          -       B->Y    R     AOI21x1_ASAP7_75t_SL        1  3.2    29    18     522    (-,-) 
  BF1_2_mul_175_29_g27061/Y          -       B->Y    R     XNOR2x1_ASAP7_75t_SL        1  2.1    34    18     540    (-,-) 
  BF1_2_mult_p_reg[43]/D             -       -       R     DFFHQx4_ASAP7_75t_SL        1    -     -     0     540    (-,-) 
#--------------------------------------------------------------------------------------------------------------------------



Path 9: VIOLATED (-22 ps) Setup Check with Pin BF1_2_mult_p_reg[43]/CLK->D
          Group: clk
     Startpoint: (R) BF1_1_modei_reg[1]/CLK
          Clock: (R) clk
       Endpoint: (R) BF1_2_mult_p_reg[43]/D
          Clock: (R) clk

                     Capture       Launch     
        Clock Edge:+     555            0     
       Src Latency:+       0            0     
       Net Latency:+       0 (I)        0 (I) 
           Arrival:=     555            0     
                                              
             Setup:-      10                  
       Uncertainty:-      28                  
     Required Time:=     517                  
      Launch Clock:-       0                  
         Data Path:-     540                  
             Slack:=     -22                  

#----------------------------------------------------------------------------------------------------------------
#       Timing Point        Flags    Arc    Edge         Cell           Fanout Load Trans Delay Arrival Instance 
#                                                                              (fF)  (ps)  (ps)   (ps)  Location 
#----------------------------------------------------------------------------------------------------------------
  BF1_1_modei_reg[1]/CLK    -       -       R     (arrival)               3513    -     0     0       0    (-,-) 
  BF1_1_modei_reg[1]/QN     -       CLK->QN F     DFFHQNx2_ASAP7_75t_SL      1  4.6    28    41      41    (-,-) 
  fopt83197/Y               -       A->Y    R     INVx5_ASAP7_75t_SL         3  7.1    17    11      52    (-,-) 
  g84017/Y                  -       B->Y    R     AND3x4_ASAP7_75t_SL        3 13.5    29    29      82    (-,-) 
  g82779/Y                  -       A->Y    F     INVx8_ASAP7_75t_SL         6 20.2    22    13      94    (-,-) 
  g77579/Y                  -       A->Y    F     BUFx12f_ASAP7_75t_SL       9 17.1    14    18     113    (-,-) 
  g49901/Y                  -       B2->Y   F     AO22x2_ASAP7_75t_SL        2  6.6    23    26     139    (-,-) 
  g78254/Y                  -       A->Y    F     BUFx12f_ASAP7_75t_SL      13 19.5    15    19     159    (-,-) 
  BF1_2_mul_175_29_g29293/Y -       B->Y    F     AND2x4_ASAP7_75t_SL        3  7.4    15    18     177    (-,-) 
  BF1_2_mul_175_29_g28917/Y -       A->Y    R     NOR2x1p5_ASAP7_75t_SL      2  4.3    27    13     190    (-,-) 
  g83782/Y                  -       B1->Y   F     AOI22x1_ASAP7_75t_L        2  4.5    37    20     210    (-,-) 
  g83783/Y                  -       B->Y    F     MAJx2_ASAP7_75t_SL         2  4.3    18    31     241    (-,-) 
  BF1_2_mul_175_29_g27915/Y -       A->Y    R     XNOR2xp5_ASAP7_75t_L       1  2.6    46    26     266    (-,-) 
  BF1_2_mul_175_29_g75497/Y -       A->Y    F     XNOR2x2_ASAP7_75t_SL       2  5.2    20    33     300    (-,-) 
  BF1_2_mul_175_29_g27746/Y -       A->Y    R     INVx2_ASAP7_75t_SL         1  2.6    14    10     309    (-,-) 
  BF1_2_mul_175_29_g27629/Y -       C->Y    R     MAJx2_ASAP7_75t_SL         2  5.0    22    23     332    (-,-) 
  g74300/Y                  -       A->Y    R     XNOR2x1_ASAP7_75t_SL       1  2.5    25    19     351    (-,-) 
  g74299/Y                  -       B->Y    F     XNOR2x2_ASAP7_75t_SL       2  5.2    20    31     382    (-,-) 
  g74298/Y                  -       A->Y    F     XNOR2x1_ASAP7_75t_SL       3  5.9    34    26     407    (-,-) 
  g83655/Y                  -       B->Y    F     OR2x2_ASAP7_75t_SL         2  3.9    16    25     432    (-,-) 
  BF1_2_mul_175_29_g74398/Y -       A1->Y   R     AOI21x1_ASAP7_75t_SL       1  2.6    24    13     445    (-,-) 
  g72918/Y                  -       A2->Y   F     OAI21x1_ASAP7_75t_SL       2  4.0    26    14     458    (-,-) 
  g72917/Y                  -       A1->Y   R     AOI21x1_ASAP7_75t_SL       1  2.6    25    14     473    (-,-) 
  g82990/Y                  -       B->Y    R     AND2x6_ASAP7_75t_SL        3 11.2    18    23     496    (-,-) 
  g82989/Y                  -       A->Y    F     INVx11_ASAP7_75t_SL       12 22.4    18    11     507    (-,-) 
  BF1_2_mul_175_29_g27073/Y -       A2->Y   R     AOI21x1_ASAP7_75t_SL       1  3.2    29    15     522    (-,-) 
  BF1_2_mul_175_29_g27061/Y -       B->Y    R     XNOR2x1_ASAP7_75t_SL       1  2.1    34    18     540    (-,-) 
  BF1_2_mult_p_reg[43]/D    -       -       R     DFFHQx4_ASAP7_75t_SL       1    -     -     0     540    (-,-) 
#----------------------------------------------------------------------------------------------------------------



Path 10: VIOLATED (-22 ps) Setup Check with Pin BF1_2_mult_p_reg[43]/CLK->D
          Group: clk
     Startpoint: (R) BF1_1_modei_reg[1]/CLK
          Clock: (R) clk
       Endpoint: (R) BF1_2_mult_p_reg[43]/D
          Clock: (R) clk

                     Capture       Launch     
        Clock Edge:+     555            0     
       Src Latency:+       0            0     
       Net Latency:+       0 (I)        0 (I) 
           Arrival:=     555            0     
                                              
             Setup:-      10                  
       Uncertainty:-      28                  
     Required Time:=     517                  
      Launch Clock:-       0                  
         Data Path:-     540                  
             Slack:=     -22                  

#-----------------------------------------------------------------------------------------------------------------
#       Timing Point        Flags    Arc    Edge          Cell           Fanout Load Trans Delay Arrival Instance 
#                                                                               (fF)  (ps)  (ps)   (ps)  Location 
#-----------------------------------------------------------------------------------------------------------------
  BF1_1_modei_reg[1]/CLK    -       -       R     (arrival)                3513    -     0     0       0    (-,-) 
  BF1_1_modei_reg[1]/QN     -       CLK->QN F     DFFHQNx2_ASAP7_75t_SL       1  4.6    28    41      41    (-,-) 
  fopt83197/Y               -       A->Y    R     INVx5_ASAP7_75t_SL          3  7.1    17    11      52    (-,-) 
  g84017/Y                  -       B->Y    R     AND3x4_ASAP7_75t_SL         3 13.5    29    29      82    (-,-) 
  g82779/Y                  -       A->Y    F     INVx8_ASAP7_75t_SL          6 20.2    22    13      94    (-,-) 
  g77579/Y                  -       A->Y    F     BUFx12f_ASAP7_75t_SL        9 17.1    14    18     113    (-,-) 
  g50413/Y                  -       A->Y    R     INVx8_ASAP7_75t_SL          4  6.1    10     7     120    (-,-) 
  g73210/Y                  -       B1->Y   R     AO22x2_ASAP7_75t_SL         1  4.0    19    20     139    (-,-) 
  g73209/Y                  -       A->Y    R     BUFx12f_ASAP7_75t_SL       13 28.3    22    20     159    (-,-) 
  BF1_2_mul_175_29_g72538/Y -       A->Y    F     INVx13_ASAP7_75t_SL         9 14.5    14     8     168    (-,-) 
  BF1_2_mul_175_29_g72550/Y -       B1->Y   R     AOI22xp5_ASAP7_75t_SL       2  3.4    52    26     194    (-,-) 
  g85947/Y                  -       B1->Y   R     OA22x2_ASAP7_75t_SL         2  4.9    22    25     218    (-,-) 
  g85946/Y                  -       C->Y    R     MAJx2_ASAP7_75t_SL          2  5.0    23    23     242    (-,-) 
  g85945/Y                  -       A->Y    R     XOR2x1_ASAP7_75t_SL         1  2.6    25    20     261    (-,-) 
  g83284/Y                  -       A->Y    F     XNOR2x2_ASAP7_75t_SL        2  3.8    16    29     290    (-,-) 
  g84977/Y                  -       A->Y    F     MAJx2_ASAP7_75t_SL          2  4.1    17    24     315    (-,-) 
  g738/Y                    -       A->Y    F     MAJx2_ASAP7_75t_SL          2  5.0    20    26     340    (-,-) 
  g86179/Y                  -       B->Y    F     XNOR2x1_ASAP7_75t_SL        1  2.6    20    19     360    (-,-) 
  g86178/Y                  -       A->Y    R     XNOR2x2_ASAP7_75t_SL        2  4.7    21    26     386    (-,-) 
  BF1_2_mul_175_29_g86180/Y -       B->Y    F     NAND2x2_ASAP7_75t_SL        2  3.6    16     9     395    (-,-) 
  BF1_2_mul_175_29_g69221/Y -       A->Y    F     AND2x4_ASAP7_75t_SL         1  4.0    10    17     412    (-,-) 
  BF1_2_mul_175_29_g70137/Y -       C->Y    R     NAND3x2_ASAP7_75t_SL        2  5.0    30    18     429    (-,-) 
  BF1_2_mul_175_29_g27143/Y -       B->Y    F     NOR2x1p5_ASAP7_75t_SL       1  2.4    16    10     440    (-,-) 
  BF1_2_mul_175_29_g27129/Y -       C->Y    F     AO211x2_ASAP7_75t_SL        3  5.7    20    23     463    (-,-) 
  BF1_2_mul_175_29_g27121/Y -       B->Y    R     NAND2x1p5_ASAP7_75t_SL      1  2.6    17    12     475    (-,-) 
  g82990/Y                  -       A->Y    R     AND2x6_ASAP7_75t_SL         3 11.2    18    21     496    (-,-) 
  g82989/Y                  -       A->Y    F     INVx11_ASAP7_75t_SL        12 22.4    18    11     507    (-,-) 
  BF1_2_mul_175_29_g27073/Y -       A2->Y   R     AOI21x1_ASAP7_75t_SL        1  3.2    29    15     522    (-,-) 
  BF1_2_mul_175_29_g27061/Y -       B->Y    R     XNOR2x1_ASAP7_75t_SL        1  2.1    34    18     540    (-,-) 
  BF1_2_mult_p_reg[43]/D    -       -       R     DFFHQx4_ASAP7_75t_SL        1    -     -     0     540    (-,-) 
#-----------------------------------------------------------------------------------------------------------------



Path 11: VIOLATED (-22 ps) Setup Check with Pin BF1_2_mult_p_reg[43]/CLK->D
          Group: clk
     Startpoint: (R) BF1_1_modei_reg[1]/CLK
          Clock: (R) clk
       Endpoint: (R) BF1_2_mult_p_reg[43]/D
          Clock: (R) clk

                     Capture       Launch     
        Clock Edge:+     555            0     
       Src Latency:+       0            0     
       Net Latency:+       0 (I)        0 (I) 
           Arrival:=     555            0     
                                              
             Setup:-      10                  
       Uncertainty:-      28                  
     Required Time:=     517                  
      Launch Clock:-       0                  
         Data Path:-     540                  
             Slack:=     -22                  

#---------------------------------------------------------------------------------------------------------------------------
#           Timing Point             Flags    Arc    Edge          Cell            Fanout Load Trans Delay Arrival Instance 
#                                                                                         (fF)  (ps)  (ps)   (ps)  Location 
#---------------------------------------------------------------------------------------------------------------------------
  BF1_1_modei_reg[1]/CLK             -       -       R     (arrival)                 3513    -     0     0       0    (-,-) 
  BF1_1_modei_reg[1]/QN              -       CLK->QN R     DFFHQNx2_ASAP7_75t_SL        1  4.6    28    43      43    (-,-) 
  fopt83197/Y                        -       A->Y    F     INVx5_ASAP7_75t_SL           3  6.9    15     8      51    (-,-) 
  g84051/Y                           -       C->Y    R     NAND3x2_ASAP7_75t_SL         2  7.2    38    22      73    (-,-) 
  fopt86341/Y                        -       A->Y    R     BUFx12f_ASAP7_75t_SL        11 32.4    26    23      96    (-,-) 
  g86342/Y                           -       A->Y    R     BUFx12f_ASAP7_75t_SL         7 15.1    14    17     114    (-,-) 
  g49723__75018/Y                    -       B2->Y   R     AO22x2_ASAP7_75t_SL          1  4.0    19    21     134    (-,-) 
  g49714/Y                           -       A->Y    R     BUFx12f_ASAP7_75t_SL        13 29.5    23    20     155    (-,-) 
  BF1_2_mul_175_29_g29566/Y          -       A->Y    F     CKINVDCx16_ASAP7_75t_SL     10 14.6    12     8     163    (-,-) 
  BF1_2_mul_175_29_g29153/Y          -       B1->Y   F     AO22x2_ASAP7_75t_SL          2  4.0    17    23     186    (-,-) 
  BF1_2_mul_175_29_g85186/Y          -       A->Y    R     INVx1_ASAP7_75t_SL           1  2.8    23    14     200    (-,-) 
  BF1_2_mul_175_29_g28585_dup88984/Y -       A2->Y   F     OAI22x1_ASAP7_75t_SL         2  5.0    32    19     218    (-,-) 
  BF1_2_mul_175_29_g85188/Y          -       C->Y    F     MAJx2_ASAP7_75t_SL           2  5.1    20    28     246    (-,-) 
  BF1_2_mul_175_29_g85331/Y          -       B->Y    F     XNOR2x1_ASAP7_75t_SL         1  3.2    23    21     267    (-,-) 
  BF1_2_mul_175_29_g85330/Y          -       B->Y    F     XNOR2x1_ASAP7_75t_SL         2  4.4    29    24     290    (-,-) 
  BF1_2_mul_175_29_g85329/Y          -       A->Y    F     XNOR2x1_ASAP7_75t_SL         1  2.4    21    20     310    (-,-) 
  BF1_2_mul_175_29_g27557/Y          -       B->Y    R     XNOR2x2_ASAP7_75t_SL         2  3.9    18    26     336    (-,-) 
  BF1_2_mul_175_29_g29684/Y          -       B->Y    R     OR2x2_ASAP7_75t_SL           2  4.2    18    20     356    (-,-) 
  BF1_2_mul_175_29_g68758/Y          -       B->Y    F     OAI21x1_ASAP7_75t_SL         1  2.1    18    11     367    (-,-) 
  g73128/Y                           -       B->Y    F     AO21x2_ASAP7_75t_SL          2  3.6    16    22     389    (-,-) 
  g73125/Y                           -       A2->Y   R     AOI21x1_ASAP7_75t_SL         1  3.6    33    16     405    (-,-) 
  g83225/Y                           -       A->Y    F     NAND2x2_ASAP7_75t_SL         2  4.8    19    10     414    (-,-) 
  g84987/Y                           -       A->Y    R     NAND2x2_ASAP7_75t_SL         2  3.9    22    15     429    (-,-) 
  g84986/Y                           -       A2->Y   F     OAI21x1_ASAP7_75t_SL         1  2.4    19    10     440    (-,-) 
  BF1_2_mul_175_29_g27129/Y          -       B->Y    F     AO211x2_ASAP7_75t_SL         3  5.7    20    24     463    (-,-) 
  BF1_2_mul_175_29_g27121/Y          -       B->Y    R     NAND2x1p5_ASAP7_75t_SL       1  2.6    17    12     475    (-,-) 
  g82990/Y                           -       A->Y    R     AND2x6_ASAP7_75t_SL          3 11.2    18    21     496    (-,-) 
  g82989/Y                           -       A->Y    F     INVx11_ASAP7_75t_SL         12 22.4    18    11     507    (-,-) 
  BF1_2_mul_175_29_g27073/Y          -       A2->Y   R     AOI21x1_ASAP7_75t_SL         1  3.2    29    15     522    (-,-) 
  BF1_2_mul_175_29_g27061/Y          -       B->Y    R     XNOR2x1_ASAP7_75t_SL         1  2.1    34    18     540    (-,-) 
  BF1_2_mult_p_reg[43]/D             -       -       R     DFFHQx4_ASAP7_75t_SL         1    -     -     0     540    (-,-) 
#---------------------------------------------------------------------------------------------------------------------------



Path 12: VIOLATED (-22 ps) Setup Check with Pin BF1_2_mult_p_reg[43]/CLK->D
          Group: clk
     Startpoint: (R) BF1_1_modei_reg[1]/CLK
          Clock: (R) clk
       Endpoint: (R) BF1_2_mult_p_reg[43]/D
          Clock: (R) clk

                     Capture       Launch     
        Clock Edge:+     555            0     
       Src Latency:+       0            0     
       Net Latency:+       0 (I)        0 (I) 
           Arrival:=     555            0     
                                              
             Setup:-      10                  
       Uncertainty:-      28                  
     Required Time:=     517                  
      Launch Clock:-       0                  
         Data Path:-     540                  
             Slack:=     -22                  

#------------------------------------------------------------------------------------------------------------------
#       Timing Point        Flags    Arc    Edge          Cell            Fanout Load Trans Delay Arrival Instance 
#                                                                                (fF)  (ps)  (ps)   (ps)  Location 
#------------------------------------------------------------------------------------------------------------------
  BF1_1_modei_reg[1]/CLK    -       -       R     (arrival)                 3513    -     0     0       0    (-,-) 
  BF1_1_modei_reg[1]/QN     -       CLK->QN F     DFFHQNx2_ASAP7_75t_SL        1  4.6    28    41      41    (-,-) 
  fopt83197/Y               -       A->Y    R     INVx5_ASAP7_75t_SL           3  7.1    17    11      52    (-,-) 
  g84017/Y                  -       B->Y    R     AND3x4_ASAP7_75t_SL          3 13.5    29    29      82    (-,-) 
  g82779/Y                  -       A->Y    F     INVx8_ASAP7_75t_SL           6 20.2    22    13      94    (-,-) 
  g50420/Y                  -       A->Y    F     BUFx6f_ASAP7_75t_SL          8 13.8    17    20     115    (-,-) 
  g49680__67201/Y           -       B2->Y   F     AO22x2_ASAP7_75t_SL          1  4.0    17    24     138    (-,-) 
  g80335/Y                  -       A->Y    F     BUFx12f_ASAP7_75t_SL        15 35.3    23    22     160    (-,-) 
  BF1_2_mul_175_29_g80336/Y -       A->Y    R     CKINVDCx16_ASAP7_75t_SL     10 17.1    15    10     171    (-,-) 
  BF1_2_mul_175_29_g67207/Y -       A2->Y   F     OAI22x1_ASAP7_75t_SL         2  3.4    30    14     184    (-,-) 
  fopt70980/Y               -       A->Y    F     BUFx2_ASAP7_75t_SL           1  2.6    12    20     204    (-,-) 
  g84260/Y                  -       B1->Y   R     AOI22x1_ASAP7_75t_SL         2  4.6    47    20     224    (-,-) 
  g84259/Y                  -       A->Y    F     INVx2_ASAP7_75t_SL           1  2.1    17     8     232    (-,-) 
  g84258/Y                  -       A->Y    F     MAJx2_ASAP7_75t_SL           2  5.0    19    26     257    (-,-) 
  g84257/Y                  -       A->Y    F     XNOR2x1_ASAP7_75t_SL         1  3.2    23    20     277    (-,-) 
  g84256/Y                  -       B->Y    F     XNOR2x1_ASAP7_75t_SL         2  5.0    32    25     302    (-,-) 
  g739/Y                    -       A->Y    F     XNOR2x1_ASAP7_75t_SL         1  3.2    25    22     324    (-,-) 
  g736/Y                    -       A->Y    F     XNOR2x1_ASAP7_75t_SL         2  4.5    29    23     347    (-,-) 
  g82924/Y                  -       A->Y    F     XNOR2x1_ASAP7_75t_SL         1  3.2    24    21     368    (-,-) 
  g82923/Y                  -       A->Y    F     XNOR2x1_ASAP7_75t_SL         2  3.8    26    22     390    (-,-) 
  g82922/Y                  -       A->Y    F     OR2x6_ASAP7_75t_SL           3  6.6    14    24     414    (-,-) 
  BF1_2_mul_175_29_g70137/Y -       A->Y    R     NAND3x2_ASAP7_75t_SL         2  5.0    30    15     429    (-,-) 
  BF1_2_mul_175_29_g27143/Y -       B->Y    F     NOR2x1p5_ASAP7_75t_SL        1  2.4    16    10     440    (-,-) 
  BF1_2_mul_175_29_g27129/Y -       C->Y    F     AO211x2_ASAP7_75t_SL         3  5.7    20    23     463    (-,-) 
  BF1_2_mul_175_29_g27121/Y -       B->Y    R     NAND2x1p5_ASAP7_75t_SL       1  2.6    17    12     475    (-,-) 
  g82990/Y                  -       A->Y    R     AND2x6_ASAP7_75t_SL          3 11.2    18    21     496    (-,-) 
  g82989/Y                  -       A->Y    F     INVx11_ASAP7_75t_SL         12 22.4    18    11     507    (-,-) 
  BF1_2_mul_175_29_g27073/Y -       A2->Y   R     AOI21x1_ASAP7_75t_SL         1  3.2    29    15     522    (-,-) 
  BF1_2_mul_175_29_g27061/Y -       B->Y    R     XNOR2x1_ASAP7_75t_SL         1  2.1    34    18     540    (-,-) 
  BF1_2_mult_p_reg[43]/D    -       -       R     DFFHQx4_ASAP7_75t_SL         1    -     -     0     540    (-,-) 
#------------------------------------------------------------------------------------------------------------------



Path 13: VIOLATED (-22 ps) Setup Check with Pin BF1_2_mult_p_reg[43]/CLK->D
          Group: clk
     Startpoint: (R) BF1_1_modei_reg[1]/CLK
          Clock: (R) clk
       Endpoint: (R) BF1_2_mult_p_reg[43]/D
          Clock: (R) clk

                     Capture       Launch     
        Clock Edge:+     555            0     
       Src Latency:+       0            0     
       Net Latency:+       0 (I)        0 (I) 
           Arrival:=     555            0     
                                              
             Setup:-      10                  
       Uncertainty:-      28                  
     Required Time:=     517                  
      Launch Clock:-       0                  
         Data Path:-     540                  
             Slack:=     -22                  

#-----------------------------------------------------------------------------------------------------------------
#       Timing Point        Flags    Arc    Edge          Cell           Fanout Load Trans Delay Arrival Instance 
#                                                                               (fF)  (ps)  (ps)   (ps)  Location 
#-----------------------------------------------------------------------------------------------------------------
  BF1_1_modei_reg[1]/CLK    -       -       R     (arrival)                3513    -     0     0       0    (-,-) 
  BF1_1_modei_reg[1]/QN     -       CLK->QN F     DFFHQNx2_ASAP7_75t_SL       1  4.6    28    41      41    (-,-) 
  fopt83197/Y               -       A->Y    R     INVx5_ASAP7_75t_SL          3  7.1    17    11      52    (-,-) 
  g84017/Y                  -       B->Y    R     AND3x4_ASAP7_75t_SL         3 13.5    29    29      82    (-,-) 
  g82779/Y                  -       A->Y    F     INVx8_ASAP7_75t_SL          6 20.2    22    13      94    (-,-) 
  g77579/Y                  -       A->Y    F     BUFx12f_ASAP7_75t_SL        9 17.1    14    18     113    (-,-) 
  g49559__84629/Y           -       B1->Y   F     AO22x2_ASAP7_75t_SL         2  5.9    22    26     139    (-,-) 
  g67890_dup84637/Y         -       A->Y    F     BUFx6f_ASAP7_75t_L          8 14.3    19    24     163    (-,-) 
  BF1_2_mul_175_29_g84639/Y -       B2->Y   R     OAI22xp5_ASAP7_75t_SL       2  3.4    53    27     191    (-,-) 
  BF1_2_mul_175_29_g28627/Y -       A2->Y   R     AO22x2_ASAP7_75t_SL         2  4.4    21    28     218    (-,-) 
  g83822/Y                  -       A->Y    R     XNOR2x1_ASAP7_75t_SL        1  3.1    28    20     239    (-,-) 
  g83821/Y                  -       A->Y    R     XNOR2x1_ASAP7_75t_SL        2  4.4    37    23     262    (-,-) 
  g72916/Y                  -       A->Y    R     XNOR2x1_ASAP7_75t_SL        1  2.5    27    21     283    (-,-) 
  g72914/Y                  -       B->Y    R     XNOR2x2_ASAP7_75t_SL        2  3.9    18    24     307    (-,-) 
  BF1_2_mul_175_29_g29689/Y -       A->Y    F     XNOR2x2_ASAP7_75t_SL        2  4.9    19    30     337    (-,-) 
  BF1_2_mul_175_29_g69168/Y -       A->Y    F     OR2x6_ASAP7_75t_SL          3  6.1    13    22     359    (-,-) 
  BF1_2_mul_175_29_g69171/Y -       A->Y    R     NAND2x2_ASAP7_75t_SL        2  5.6    26    16     375    (-,-) 
  g73126/Y                  -       B->Y    F     NOR3x2_ASAP7_75t_SL         1  2.7    20    14     388    (-,-) 
  g73125/Y                  -       A1->Y   R     AOI21x1_ASAP7_75t_SL        1  3.6    33    16     405    (-,-) 
  g83225/Y                  -       A->Y    F     NAND2x2_ASAP7_75t_SL        2  4.8    19    10     414    (-,-) 
  g84987/Y                  -       A->Y    R     NAND2x2_ASAP7_75t_SL        2  3.9    22    15     429    (-,-) 
  g84986/Y                  -       A2->Y   F     OAI21x1_ASAP7_75t_SL        1  2.4    19    10     440    (-,-) 
  BF1_2_mul_175_29_g27129/Y -       B->Y    F     AO211x2_ASAP7_75t_SL        3  5.7    20    24     463    (-,-) 
  BF1_2_mul_175_29_g27121/Y -       B->Y    R     NAND2x1p5_ASAP7_75t_SL      1  2.6    17    12     475    (-,-) 
  g82990/Y                  -       A->Y    R     AND2x6_ASAP7_75t_SL         3 11.2    18    21     496    (-,-) 
  g82989/Y                  -       A->Y    F     INVx11_ASAP7_75t_SL        12 22.4    18    11     507    (-,-) 
  BF1_2_mul_175_29_g27073/Y -       A2->Y   R     AOI21x1_ASAP7_75t_SL        1  3.2    29    15     522    (-,-) 
  BF1_2_mul_175_29_g27061/Y -       B->Y    R     XNOR2x1_ASAP7_75t_SL        1  2.1    34    18     540    (-,-) 
  BF1_2_mult_p_reg[43]/D    -       -       R     DFFHQx4_ASAP7_75t_SL        1    -     -     0     540    (-,-) 
#-----------------------------------------------------------------------------------------------------------------



Path 14: VIOLATED (-22 ps) Setup Check with Pin BF1_2_mult_p_reg[43]/CLK->D
          Group: clk
     Startpoint: (R) BF1_1_modei_reg[1]/CLK
          Clock: (R) clk
       Endpoint: (R) BF1_2_mult_p_reg[43]/D
          Clock: (R) clk

                     Capture       Launch     
        Clock Edge:+     555            0     
       Src Latency:+       0            0     
       Net Latency:+       0 (I)        0 (I) 
           Arrival:=     555            0     
                                              
             Setup:-      10                  
       Uncertainty:-      28                  
     Required Time:=     517                  
      Launch Clock:-       0                  
         Data Path:-     540                  
             Slack:=     -22                  

#-----------------------------------------------------------------------------------------------------------------
#       Timing Point        Flags    Arc    Edge          Cell           Fanout Load Trans Delay Arrival Instance 
#                                                                               (fF)  (ps)  (ps)   (ps)  Location 
#-----------------------------------------------------------------------------------------------------------------
  BF1_1_modei_reg[1]/CLK    -       -       R     (arrival)                3513    -     0     0       0    (-,-) 
  BF1_1_modei_reg[1]/QN     -       CLK->QN F     DFFHQNx2_ASAP7_75t_SL       1  4.6    28    41      41    (-,-) 
  fopt83197/Y               -       A->Y    R     INVx5_ASAP7_75t_SL          3  7.1    17    11      52    (-,-) 
  g84017/Y                  -       B->Y    R     AND3x4_ASAP7_75t_SL         3 13.5    29    29      82    (-,-) 
  g82779/Y                  -       A->Y    F     INVx8_ASAP7_75t_SL          6 20.2    22    13      94    (-,-) 
  g77579/Y                  -       A->Y    F     BUFx12f_ASAP7_75t_SL        9 17.1    14    18     113    (-,-) 
  g49643__2883/Y            -       B2->Y   F     AO22x2_ASAP7_75t_SL         1  4.0    17    23     136    (-,-) 
  g85308/Y                  -       A->Y    F     BUFx12f_ASAP7_75t_SL       13 27.7    19    20     156    (-,-) 
  BF1_2_mul_175_29_g85311/Y -       A->Y    R     INVx11_ASAP7_75t_SL        11 17.8    18    11     167    (-,-) 
  BF1_2_mul_175_29_g29197/Y -       A2->Y   F     OAI22xp5_ASAP7_75t_SL       2  3.5    47    22     189    (-,-) 
  BF1_2_mul_175_29_g28587/Y -       B2->Y   F     AO22x2_ASAP7_75t_SL         2  4.5    19    30     219    (-,-) 
  BF1_2_mul_175_29_g28146/Y -       B->Y    F     MAJx2_ASAP7_75t_SL          2  5.0    20    28     247    (-,-) 
  BF1_2_mul_175_29_g85331/Y -       A->Y    F     XNOR2x1_ASAP7_75t_SL        1  3.2    23    20     267    (-,-) 
  BF1_2_mul_175_29_g85330/Y -       B->Y    F     XNOR2x1_ASAP7_75t_SL        2  4.4    29    24     290    (-,-) 
  BF1_2_mul_175_29_g85329/Y -       A->Y    F     XNOR2x1_ASAP7_75t_SL        1  2.4    21    20     310    (-,-) 
  BF1_2_mul_175_29_g27557/Y -       B->Y    R     XNOR2x2_ASAP7_75t_SL        2  3.9    18    26     336    (-,-) 
  BF1_2_mul_175_29_g29684/Y -       B->Y    R     OR2x2_ASAP7_75t_SL          2  4.2    18    20     356    (-,-) 
  BF1_2_mul_175_29_g68758/Y -       B->Y    F     OAI21x1_ASAP7_75t_SL        1  2.1    18    11     367    (-,-) 
  g73128/Y                  -       B->Y    F     AO21x2_ASAP7_75t_SL         2  3.6    16    22     389    (-,-) 
  g73125/Y                  -       A2->Y   R     AOI21x1_ASAP7_75t_SL        1  3.6    33    16     405    (-,-) 
  g83225/Y                  -       A->Y    F     NAND2x2_ASAP7_75t_SL        2  4.8    19    10     414    (-,-) 
  g84987/Y                  -       A->Y    R     NAND2x2_ASAP7_75t_SL        2  3.9    22    15     429    (-,-) 
  g84986/Y                  -       A2->Y   F     OAI21x1_ASAP7_75t_SL        1  2.4    19    10     440    (-,-) 
  BF1_2_mul_175_29_g27129/Y -       B->Y    F     AO211x2_ASAP7_75t_SL        3  5.7    20    24     463    (-,-) 
  BF1_2_mul_175_29_g27121/Y -       B->Y    R     NAND2x1p5_ASAP7_75t_SL      1  2.6    17    12     475    (-,-) 
  g82990/Y                  -       A->Y    R     AND2x6_ASAP7_75t_SL         3 11.2    18    21     496    (-,-) 
  g82989/Y                  -       A->Y    F     INVx11_ASAP7_75t_SL        12 22.4    18    11     507    (-,-) 
  BF1_2_mul_175_29_g27073/Y -       A2->Y   R     AOI21x1_ASAP7_75t_SL        1  3.2    29    15     522    (-,-) 
  BF1_2_mul_175_29_g27061/Y -       B->Y    R     XNOR2x1_ASAP7_75t_SL        1  2.1    34    18     540    (-,-) 
  BF1_2_mult_p_reg[43]/D    -       -       R     DFFHQx4_ASAP7_75t_SL        1    -     -     0     540    (-,-) 
#-----------------------------------------------------------------------------------------------------------------



Path 15: VIOLATED (-22 ps) Setup Check with Pin BF1_2_mult_p_reg[43]/CLK->D
          Group: clk
     Startpoint: (R) BF1_1_modei_reg[2]/CLK
          Clock: (R) clk
       Endpoint: (R) BF1_2_mult_p_reg[43]/D
          Clock: (R) clk

                     Capture       Launch     
        Clock Edge:+     555            0     
       Src Latency:+       0            0     
       Net Latency:+       0 (I)        0 (I) 
           Arrival:=     555            0     
                                              
             Setup:-      10                  
       Uncertainty:-      28                  
     Required Time:=     517                  
      Launch Clock:-       0                  
         Data Path:-     540                  
             Slack:=     -22                  

#-------------------------------------------------------------------------------------------------------------------------
#           Timing Point             Flags    Arc   Edge          Cell           Fanout Load Trans Delay Arrival Instance 
#                                                                                       (fF)  (ps)  (ps)   (ps)  Location 
#-------------------------------------------------------------------------------------------------------------------------
  BF1_1_modei_reg[2]/CLK             -       -      R     (arrival)                3513    -     0     0       0    (-,-) 
  BF1_1_modei_reg[2]/Q               -       CLK->Q F     DFFHQx4_ASAP7_75t_SL        3  8.0    16    47      47    (-,-) 
  g83196/Y                           -       A->Y   R     INVx3_ASAP7_75t_SL          1  2.6    10     7      54    (-,-) 
  g84017/Y                           -       A->Y   R     AND3x4_ASAP7_75t_SL         3 13.5    29    28      82    (-,-) 
  g82779/Y                           -       A->Y   F     INVx8_ASAP7_75t_SL          6 20.2    22    13      94    (-,-) 
  g75013/Y                           -       A->Y   F     BUFx12f_ASAP7_75t_SL       10 16.0    13    18     113    (-,-) 
  g49598__75024/Y                    -       B2->Y  F     AO22x2_ASAP7_75t_SL         1  4.0    18    23     135    (-,-) 
  g66933/Y                           -       A->Y   F     BUFx12f_ASAP7_75t_SL       13 27.0    19    20     155    (-,-) 
  BF1_2_mul_175_29_g29575/Y          -       A->Y   R     INVx11_ASAP7_75t_SL        11 17.5    17    11     166    (-,-) 
  BF1_2_mul_175_29_g29307/Y          -       B->Y   F     NAND2x1_ASAP7_75t_SL        1  3.1    24    12     178    (-,-) 
  BF1_2_mul_175_29_g66938/Y          -       B->Y   R     NAND2x1p5_ASAP7_75t_SL      2  3.5    25    15     193    (-,-) 
  BF1_2_mul_175_29_g28772/Y          -       A->Y   F     INVx1_ASAP7_75t_SL          1  2.7    20    13     206    (-,-) 
  BF1_2_mul_175_29_g28386/Y          -       A1->Y  R     AOI22x1_ASAP7_75t_SL        2  4.5    40    22     228    (-,-) 
  BF1_2_mul_175_29_g28114/Y          -       B->Y   R     MAJx2_ASAP7_75t_SL          2  3.7    18    27     254    (-,-) 
  BF1_2_mul_175_29_g27930/Y          -       A->Y   F     XOR2x2_ASAP7_75t_SL         2  3.9    17    23     277    (-,-) 
  g84976/Y                           -       A->Y   F     MAJx2_ASAP7_75t_SL          2  4.6    19    25     302    (-,-) 
  g74915/Y                           -       B->Y   F     XNOR2x1_ASAP7_75t_SL        1  2.5    21    19     321    (-,-) 
  BF1_2_mul_175_29_g27487/Y          -       A->Y   F     XOR2x2_ASAP7_75t_SL         2  4.6    18    26     347    (-,-) 
  BF1_2_mul_175_29_g27404/Y          -       B->Y   F     XNOR2x1_ASAP7_75t_SL        1  3.2    22    20     368    (-,-) 
  g83875/Y                           -       B->Y   F     XNOR2x1_ASAP7_75t_SL        2  4.5    30    24     391    (-,-) 
  BF1_2_mul_175_29_g67911/Y          -       B->Y   F     AND2x4_ASAP7_75t_SL         2  4.0    10    19     410    (-,-) 
  BF1_2_mul_175_29_g66540_dup69150/Y -       A2->Y  R     AOI21x1_ASAP7_75t_SL        1  2.7    24    13     423    (-,-) 
  g72321/Y                           -       A1->Y  F     OAI21x1_ASAP7_75t_SL        2  3.1    22    12     435    (-,-) 
  g72324/Y                           -       A2->Y  F     AO21x2_ASAP7_75t_SL         2  3.5    15    22     457    (-,-) 
  BF1_2_mul_175_29_g79732/Y          -       A2->Y  F     AO21x2_ASAP7_75t_SL         2  5.8    21    24     481    (-,-) 
  BF1_2_mul_175_29_g27123/Y          -       A->Y   R     INVx4_ASAP7_75t_SL          4  8.5    20    13     494    (-,-) 
  BF1_2_mul_175_29_g27100/Y          -       A1->Y  F     OAI21x1_ASAP7_75t_SL        1  2.7    22    10     504    (-,-) 
  BF1_2_mul_175_29_g27073/Y          -       B->Y   R     AOI21x1_ASAP7_75t_SL        1  3.2    29    18     522    (-,-) 
  BF1_2_mul_175_29_g27061/Y          -       B->Y   R     XNOR2x1_ASAP7_75t_SL        1  2.1    34    18     540    (-,-) 
  BF1_2_mult_p_reg[43]/D             -       -      R     DFFHQx4_ASAP7_75t_SL        1    -     -     0     540    (-,-) 
#-------------------------------------------------------------------------------------------------------------------------



Path 16: VIOLATED (-22 ps) Setup Check with Pin BF1_2_mult_p_reg[42]/CLK->D
          Group: clk
     Startpoint: (R) BF1_1_modei_reg[1]/CLK
          Clock: (R) clk
       Endpoint: (R) BF1_2_mult_p_reg[42]/D
          Clock: (R) clk

                     Capture       Launch     
        Clock Edge:+     555            0     
       Src Latency:+       0            0     
       Net Latency:+       0 (I)        0 (I) 
           Arrival:=     555            0     
                                              
             Setup:-      10                  
       Uncertainty:-      28                  
     Required Time:=     517                  
      Launch Clock:-       0                  
         Data Path:-     540                  
             Slack:=     -22                  

#----------------------------------------------------------------------------------------------------------------
#       Timing Point        Flags    Arc    Edge         Cell           Fanout Load Trans Delay Arrival Instance 
#                                                                              (fF)  (ps)  (ps)   (ps)  Location 
#----------------------------------------------------------------------------------------------------------------
  BF1_1_modei_reg[1]/CLK    -       -       R     (arrival)               3513    -     0     0       0    (-,-) 
  BF1_1_modei_reg[1]/QN     -       CLK->QN F     DFFHQNx2_ASAP7_75t_SL      1  4.6    28    41      41    (-,-) 
  fopt83197/Y               -       A->Y    R     INVx5_ASAP7_75t_SL         3  7.1    17    11      52    (-,-) 
  g84017/Y                  -       B->Y    R     AND3x4_ASAP7_75t_SL        3 13.5    29    29      82    (-,-) 
  g82779/Y                  -       A->Y    F     INVx8_ASAP7_75t_SL         6 20.2    22    13      94    (-,-) 
  g77579/Y                  -       A->Y    F     BUFx12f_ASAP7_75t_SL       9 17.1    14    18     113    (-,-) 
  g49901/Y                  -       B2->Y   F     AO22x2_ASAP7_75t_SL        2  6.6    23    26     139    (-,-) 
  g78254/Y                  -       A->Y    F     BUFx12f_ASAP7_75t_SL      13 19.5    15    19     159    (-,-) 
  BF1_2_mul_175_29_g29293/Y -       B->Y    F     AND2x4_ASAP7_75t_SL        3  7.4    15    18     177    (-,-) 
  BF1_2_mul_175_29_g28917/Y -       A->Y    R     NOR2x1p5_ASAP7_75t_SL      2  4.3    27    13     190    (-,-) 
  g83782/Y                  -       B1->Y   F     AOI22x1_ASAP7_75t_L        2  4.5    37    20     210    (-,-) 
  g83783/Y                  -       B->Y    F     MAJx2_ASAP7_75t_SL         2  4.3    18    31     241    (-,-) 
  BF1_2_mul_175_29_g27915/Y -       A->Y    R     XNOR2xp5_ASAP7_75t_L       1  2.6    46    26     266    (-,-) 
  BF1_2_mul_175_29_g75497/Y -       A->Y    F     XNOR2x2_ASAP7_75t_SL       2  5.2    20    33     300    (-,-) 
  BF1_2_mul_175_29_g27746/Y -       A->Y    R     INVx2_ASAP7_75t_SL         1  2.6    14    10     309    (-,-) 
  BF1_2_mul_175_29_g27629/Y -       C->Y    R     MAJx2_ASAP7_75t_SL         2  5.0    22    23     332    (-,-) 
  g74300/Y                  -       A->Y    R     XNOR2x1_ASAP7_75t_SL       1  2.5    25    19     351    (-,-) 
  g74299/Y                  -       B->Y    F     XNOR2x2_ASAP7_75t_SL       2  5.2    20    31     382    (-,-) 
  g74298/Y                  -       A->Y    F     XNOR2x1_ASAP7_75t_SL       3  5.9    34    26     407    (-,-) 
  g83655/Y                  -       B->Y    F     OR2x2_ASAP7_75t_SL         2  3.9    16    25     432    (-,-) 
  BF1_2_mul_175_29_g74398/Y -       A1->Y   R     AOI21x1_ASAP7_75t_SL       1  2.6    24    13     445    (-,-) 
  g72918/Y                  -       A2->Y   F     OAI21x1_ASAP7_75t_SL       2  4.0    26    14     458    (-,-) 
  g72917/Y                  -       A1->Y   R     AOI21x1_ASAP7_75t_SL       1  2.6    25    14     473    (-,-) 
  g82990/Y                  -       B->Y    R     AND2x6_ASAP7_75t_SL        3 11.2    18    23     496    (-,-) 
  g82989/Y                  -       A->Y    F     INVx11_ASAP7_75t_SL       12 22.4    18    11     507    (-,-) 
  g82992/Y                  -       A2->Y   R     AOI21x1_ASAP7_75t_SL       1  3.2    28    15     522    (-,-) 
  g82991/Y                  -       B->Y    R     XNOR2x1_ASAP7_75t_SL       1  2.1    34    18     540    (-,-) 
  BF1_2_mult_p_reg[42]/D    -       -       R     DFFHQx4_ASAP7_75t_SL       1    -     -     0     540    (-,-) 
#----------------------------------------------------------------------------------------------------------------



Path 17: VIOLATED (-22 ps) Setup Check with Pin BF1_2_mult_p_reg[42]/CLK->D
          Group: clk
     Startpoint: (R) BF1_1_modei_reg[1]/CLK
          Clock: (R) clk
       Endpoint: (R) BF1_2_mult_p_reg[42]/D
          Clock: (R) clk

                     Capture       Launch     
        Clock Edge:+     555            0     
       Src Latency:+       0            0     
       Net Latency:+       0 (I)        0 (I) 
           Arrival:=     555            0     
                                              
             Setup:-      10                  
       Uncertainty:-      28                  
     Required Time:=     517                  
      Launch Clock:-       0                  
         Data Path:-     540                  
             Slack:=     -22                  

#-----------------------------------------------------------------------------------------------------------------
#       Timing Point        Flags    Arc    Edge          Cell           Fanout Load Trans Delay Arrival Instance 
#                                                                               (fF)  (ps)  (ps)   (ps)  Location 
#-----------------------------------------------------------------------------------------------------------------
  BF1_1_modei_reg[1]/CLK    -       -       R     (arrival)                3513    -     0     0       0    (-,-) 
  BF1_1_modei_reg[1]/QN     -       CLK->QN F     DFFHQNx2_ASAP7_75t_SL       1  4.6    28    41      41    (-,-) 
  fopt83197/Y               -       A->Y    R     INVx5_ASAP7_75t_SL          3  7.1    17    11      52    (-,-) 
  g84017/Y                  -       B->Y    R     AND3x4_ASAP7_75t_SL         3 13.5    29    29      82    (-,-) 
  g82779/Y                  -       A->Y    F     INVx8_ASAP7_75t_SL          6 20.2    22    13      94    (-,-) 
  g77579/Y                  -       A->Y    F     BUFx12f_ASAP7_75t_SL        9 17.1    14    18     113    (-,-) 
  g50413/Y                  -       A->Y    R     INVx8_ASAP7_75t_SL          4  6.1    10     7     120    (-,-) 
  g73210/Y                  -       B1->Y   R     AO22x2_ASAP7_75t_SL         1  4.0    19    20     139    (-,-) 
  g73209/Y                  -       A->Y    R     BUFx12f_ASAP7_75t_SL       13 28.3    22    20     159    (-,-) 
  BF1_2_mul_175_29_g72538/Y -       A->Y    F     INVx13_ASAP7_75t_SL         9 14.5    14     8     168    (-,-) 
  BF1_2_mul_175_29_g72550/Y -       B1->Y   R     AOI22xp5_ASAP7_75t_SL       2  3.4    52    26     194    (-,-) 
  g85947/Y                  -       B1->Y   R     OA22x2_ASAP7_75t_SL         2  4.9    22    25     218    (-,-) 
  g85946/Y                  -       C->Y    R     MAJx2_ASAP7_75t_SL          2  5.0    23    23     242    (-,-) 
  g85945/Y                  -       A->Y    R     XOR2x1_ASAP7_75t_SL         1  2.6    25    20     261    (-,-) 
  g83284/Y                  -       A->Y    F     XNOR2x2_ASAP7_75t_SL        2  3.8    16    29     290    (-,-) 
  g84977/Y                  -       A->Y    F     MAJx2_ASAP7_75t_SL          2  4.1    17    24     315    (-,-) 
  g738/Y                    -       A->Y    F     MAJx2_ASAP7_75t_SL          2  5.0    20    26     340    (-,-) 
  g86179/Y                  -       B->Y    F     XNOR2x1_ASAP7_75t_SL        1  2.6    20    19     360    (-,-) 
  g86178/Y                  -       A->Y    R     XNOR2x2_ASAP7_75t_SL        2  4.7    21    26     386    (-,-) 
  BF1_2_mul_175_29_g86180/Y -       B->Y    F     NAND2x2_ASAP7_75t_SL        2  3.6    16     9     395    (-,-) 
  BF1_2_mul_175_29_g69221/Y -       A->Y    F     AND2x4_ASAP7_75t_SL         1  4.0    10    17     412    (-,-) 
  BF1_2_mul_175_29_g70137/Y -       C->Y    R     NAND3x2_ASAP7_75t_SL        2  5.0    30    18     429    (-,-) 
  BF1_2_mul_175_29_g27143/Y -       B->Y    F     NOR2x1p5_ASAP7_75t_SL       1  2.4    16    10     440    (-,-) 
  BF1_2_mul_175_29_g27129/Y -       C->Y    F     AO211x2_ASAP7_75t_SL        3  5.7    20    23     463    (-,-) 
  BF1_2_mul_175_29_g27121/Y -       B->Y    R     NAND2x1p5_ASAP7_75t_SL      1  2.6    17    12     475    (-,-) 
  g82990/Y                  -       A->Y    R     AND2x6_ASAP7_75t_SL         3 11.2    18    21     496    (-,-) 
  g82989/Y                  -       A->Y    F     INVx11_ASAP7_75t_SL        12 22.4    18    11     507    (-,-) 
  g82992/Y                  -       A2->Y   R     AOI21x1_ASAP7_75t_SL        1  3.2    28    15     522    (-,-) 
  g82991/Y                  -       B->Y    R     XNOR2x1_ASAP7_75t_SL        1  2.1    34    18     540    (-,-) 
  BF1_2_mult_p_reg[42]/D    -       -       R     DFFHQx4_ASAP7_75t_SL        1    -     -     0     540    (-,-) 
#-----------------------------------------------------------------------------------------------------------------



Path 18: VIOLATED (-22 ps) Setup Check with Pin BF1_2_mult_p_reg[42]/CLK->D
          Group: clk
     Startpoint: (R) BF1_1_modei_reg[1]/CLK
          Clock: (R) clk
       Endpoint: (R) BF1_2_mult_p_reg[42]/D
          Clock: (R) clk

                     Capture       Launch     
        Clock Edge:+     555            0     
       Src Latency:+       0            0     
       Net Latency:+       0 (I)        0 (I) 
           Arrival:=     555            0     
                                              
             Setup:-      10                  
       Uncertainty:-      28                  
     Required Time:=     517                  
      Launch Clock:-       0                  
         Data Path:-     540                  
             Slack:=     -22                  

#---------------------------------------------------------------------------------------------------------------------------
#           Timing Point             Flags    Arc    Edge          Cell            Fanout Load Trans Delay Arrival Instance 
#                                                                                         (fF)  (ps)  (ps)   (ps)  Location 
#---------------------------------------------------------------------------------------------------------------------------
  BF1_1_modei_reg[1]/CLK             -       -       R     (arrival)                 3513    -     0     0       0    (-,-) 
  BF1_1_modei_reg[1]/QN              -       CLK->QN R     DFFHQNx2_ASAP7_75t_SL        1  4.6    28    43      43    (-,-) 
  fopt83197/Y                        -       A->Y    F     INVx5_ASAP7_75t_SL           3  6.9    15     8      51    (-,-) 
  g84051/Y                           -       C->Y    R     NAND3x2_ASAP7_75t_SL         2  7.2    38    22      73    (-,-) 
  fopt86341/Y                        -       A->Y    R     BUFx12f_ASAP7_75t_SL        11 32.4    26    23      96    (-,-) 
  g86342/Y                           -       A->Y    R     BUFx12f_ASAP7_75t_SL         7 15.1    14    17     114    (-,-) 
  g49723__75018/Y                    -       B2->Y   R     AO22x2_ASAP7_75t_SL          1  4.0    19    21     134    (-,-) 
  g49714/Y                           -       A->Y    R     BUFx12f_ASAP7_75t_SL        13 29.5    23    20     155    (-,-) 
  BF1_2_mul_175_29_g29566/Y          -       A->Y    F     CKINVDCx16_ASAP7_75t_SL     10 14.6    12     8     163    (-,-) 
  BF1_2_mul_175_29_g29153/Y          -       B1->Y   F     AO22x2_ASAP7_75t_SL          2  4.0    17    23     186    (-,-) 
  BF1_2_mul_175_29_g85186/Y          -       A->Y    R     INVx1_ASAP7_75t_SL           1  2.8    23    14     200    (-,-) 
  BF1_2_mul_175_29_g28585_dup88984/Y -       A2->Y   F     OAI22x1_ASAP7_75t_SL         2  5.0    32    19     218    (-,-) 
  BF1_2_mul_175_29_g85188/Y          -       C->Y    F     MAJx2_ASAP7_75t_SL           2  5.1    20    28     246    (-,-) 
  BF1_2_mul_175_29_g85331/Y          -       B->Y    F     XNOR2x1_ASAP7_75t_SL         1  3.2    23    21     267    (-,-) 
  BF1_2_mul_175_29_g85330/Y          -       B->Y    F     XNOR2x1_ASAP7_75t_SL         2  4.4    29    24     290    (-,-) 
  BF1_2_mul_175_29_g85329/Y          -       A->Y    F     XNOR2x1_ASAP7_75t_SL         1  2.4    21    20     310    (-,-) 
  BF1_2_mul_175_29_g27557/Y          -       B->Y    R     XNOR2x2_ASAP7_75t_SL         2  3.9    18    26     336    (-,-) 
  BF1_2_mul_175_29_g29684/Y          -       B->Y    R     OR2x2_ASAP7_75t_SL           2  4.2    18    20     356    (-,-) 
  BF1_2_mul_175_29_g68758/Y          -       B->Y    F     OAI21x1_ASAP7_75t_SL         1  2.1    18    11     367    (-,-) 
  g73128/Y                           -       B->Y    F     AO21x2_ASAP7_75t_SL          2  3.6    16    22     389    (-,-) 
  g73125/Y                           -       A2->Y   R     AOI21x1_ASAP7_75t_SL         1  3.6    33    16     405    (-,-) 
  g83225/Y                           -       A->Y    F     NAND2x2_ASAP7_75t_SL         2  4.8    19    10     414    (-,-) 
  g84987/Y                           -       A->Y    R     NAND2x2_ASAP7_75t_SL         2  3.9    22    15     429    (-,-) 
  g84986/Y                           -       A2->Y   F     OAI21x1_ASAP7_75t_SL         1  2.4    19    10     440    (-,-) 
  BF1_2_mul_175_29_g27129/Y          -       B->Y    F     AO211x2_ASAP7_75t_SL         3  5.7    20    24     463    (-,-) 
  BF1_2_mul_175_29_g27121/Y          -       B->Y    R     NAND2x1p5_ASAP7_75t_SL       1  2.6    17    12     475    (-,-) 
  g82990/Y                           -       A->Y    R     AND2x6_ASAP7_75t_SL          3 11.2    18    21     496    (-,-) 
  g82989/Y                           -       A->Y    F     INVx11_ASAP7_75t_SL         12 22.4    18    11     507    (-,-) 
  g82992/Y                           -       A2->Y   R     AOI21x1_ASAP7_75t_SL         1  3.2    28    15     522    (-,-) 
  g82991/Y                           -       B->Y    R     XNOR2x1_ASAP7_75t_SL         1  2.1    34    18     540    (-,-) 
  BF1_2_mult_p_reg[42]/D             -       -       R     DFFHQx4_ASAP7_75t_SL         1    -     -     0     540    (-,-) 
#---------------------------------------------------------------------------------------------------------------------------



Path 19: VIOLATED (-22 ps) Setup Check with Pin BF1_2_mult_p_reg[42]/CLK->D
          Group: clk
     Startpoint: (R) BF1_1_modei_reg[1]/CLK
          Clock: (R) clk
       Endpoint: (R) BF1_2_mult_p_reg[42]/D
          Clock: (R) clk

                     Capture       Launch     
        Clock Edge:+     555            0     
       Src Latency:+       0            0     
       Net Latency:+       0 (I)        0 (I) 
           Arrival:=     555            0     
                                              
             Setup:-      10                  
       Uncertainty:-      28                  
     Required Time:=     517                  
      Launch Clock:-       0                  
         Data Path:-     540                  
             Slack:=     -22                  

#------------------------------------------------------------------------------------------------------------------
#       Timing Point        Flags    Arc    Edge          Cell            Fanout Load Trans Delay Arrival Instance 
#                                                                                (fF)  (ps)  (ps)   (ps)  Location 
#------------------------------------------------------------------------------------------------------------------
  BF1_1_modei_reg[1]/CLK    -       -       R     (arrival)                 3513    -     0     0       0    (-,-) 
  BF1_1_modei_reg[1]/QN     -       CLK->QN F     DFFHQNx2_ASAP7_75t_SL        1  4.6    28    41      41    (-,-) 
  fopt83197/Y               -       A->Y    R     INVx5_ASAP7_75t_SL           3  7.1    17    11      52    (-,-) 
  g84017/Y                  -       B->Y    R     AND3x4_ASAP7_75t_SL          3 13.5    29    29      82    (-,-) 
  g82779/Y                  -       A->Y    F     INVx8_ASAP7_75t_SL           6 20.2    22    13      94    (-,-) 
  g50420/Y                  -       A->Y    F     BUFx6f_ASAP7_75t_SL          8 13.8    17    20     115    (-,-) 
  g49680__67201/Y           -       B2->Y   F     AO22x2_ASAP7_75t_SL          1  4.0    17    24     138    (-,-) 
  g80335/Y                  -       A->Y    F     BUFx12f_ASAP7_75t_SL        15 35.3    23    22     160    (-,-) 
  BF1_2_mul_175_29_g80336/Y -       A->Y    R     CKINVDCx16_ASAP7_75t_SL     10 17.1    15    10     171    (-,-) 
  BF1_2_mul_175_29_g67207/Y -       A2->Y   F     OAI22x1_ASAP7_75t_SL         2  3.4    30    14     184    (-,-) 
  fopt70980/Y               -       A->Y    F     BUFx2_ASAP7_75t_SL           1  2.6    12    20     204    (-,-) 
  g84260/Y                  -       B1->Y   R     AOI22x1_ASAP7_75t_SL         2  4.6    47    20     224    (-,-) 
  g84259/Y                  -       A->Y    F     INVx2_ASAP7_75t_SL           1  2.1    17     8     232    (-,-) 
  g84258/Y                  -       A->Y    F     MAJx2_ASAP7_75t_SL           2  5.0    19    26     257    (-,-) 
  g84257/Y                  -       A->Y    F     XNOR2x1_ASAP7_75t_SL         1  3.2    23    20     277    (-,-) 
  g84256/Y                  -       B->Y    F     XNOR2x1_ASAP7_75t_SL         2  5.0    32    25     302    (-,-) 
  g739/Y                    -       A->Y    F     XNOR2x1_ASAP7_75t_SL         1  3.2    25    22     324    (-,-) 
  g736/Y                    -       A->Y    F     XNOR2x1_ASAP7_75t_SL         2  4.5    29    23     347    (-,-) 
  g82924/Y                  -       A->Y    F     XNOR2x1_ASAP7_75t_SL         1  3.2    24    21     368    (-,-) 
  g82923/Y                  -       A->Y    F     XNOR2x1_ASAP7_75t_SL         2  3.8    26    22     390    (-,-) 
  g82922/Y                  -       A->Y    F     OR2x6_ASAP7_75t_SL           3  6.6    14    24     414    (-,-) 
  BF1_2_mul_175_29_g70137/Y -       A->Y    R     NAND3x2_ASAP7_75t_SL         2  5.0    30    15     429    (-,-) 
  BF1_2_mul_175_29_g27143/Y -       B->Y    F     NOR2x1p5_ASAP7_75t_SL        1  2.4    16    10     440    (-,-) 
  BF1_2_mul_175_29_g27129/Y -       C->Y    F     AO211x2_ASAP7_75t_SL         3  5.7    20    23     463    (-,-) 
  BF1_2_mul_175_29_g27121/Y -       B->Y    R     NAND2x1p5_ASAP7_75t_SL       1  2.6    17    12     475    (-,-) 
  g82990/Y                  -       A->Y    R     AND2x6_ASAP7_75t_SL          3 11.2    18    21     496    (-,-) 
  g82989/Y                  -       A->Y    F     INVx11_ASAP7_75t_SL         12 22.4    18    11     507    (-,-) 
  g82992/Y                  -       A2->Y   R     AOI21x1_ASAP7_75t_SL         1  3.2    28    15     522    (-,-) 
  g82991/Y                  -       B->Y    R     XNOR2x1_ASAP7_75t_SL         1  2.1    34    18     540    (-,-) 
  BF1_2_mult_p_reg[42]/D    -       -       R     DFFHQx4_ASAP7_75t_SL         1    -     -     0     540    (-,-) 
#------------------------------------------------------------------------------------------------------------------



Path 20: VIOLATED (-22 ps) Setup Check with Pin BF1_2_mult_p_reg[42]/CLK->D
          Group: clk
     Startpoint: (R) BF1_1_modei_reg[1]/CLK
          Clock: (R) clk
       Endpoint: (R) BF1_2_mult_p_reg[42]/D
          Clock: (R) clk

                     Capture       Launch     
        Clock Edge:+     555            0     
       Src Latency:+       0            0     
       Net Latency:+       0 (I)        0 (I) 
           Arrival:=     555            0     
                                              
             Setup:-      10                  
       Uncertainty:-      28                  
     Required Time:=     517                  
      Launch Clock:-       0                  
         Data Path:-     540                  
             Slack:=     -22                  

#-----------------------------------------------------------------------------------------------------------------
#       Timing Point        Flags    Arc    Edge          Cell           Fanout Load Trans Delay Arrival Instance 
#                                                                               (fF)  (ps)  (ps)   (ps)  Location 
#-----------------------------------------------------------------------------------------------------------------
  BF1_1_modei_reg[1]/CLK    -       -       R     (arrival)                3513    -     0     0       0    (-,-) 
  BF1_1_modei_reg[1]/QN     -       CLK->QN F     DFFHQNx2_ASAP7_75t_SL       1  4.6    28    41      41    (-,-) 
  fopt83197/Y               -       A->Y    R     INVx5_ASAP7_75t_SL          3  7.1    17    11      52    (-,-) 
  g84017/Y                  -       B->Y    R     AND3x4_ASAP7_75t_SL         3 13.5    29    29      82    (-,-) 
  g82779/Y                  -       A->Y    F     INVx8_ASAP7_75t_SL          6 20.2    22    13      94    (-,-) 
  g77579/Y                  -       A->Y    F     BUFx12f_ASAP7_75t_SL        9 17.1    14    18     113    (-,-) 
  g49559__84629/Y           -       B1->Y   F     AO22x2_ASAP7_75t_SL         2  5.9    22    26     139    (-,-) 
  g67890_dup84637/Y         -       A->Y    F     BUFx6f_ASAP7_75t_L          8 14.3    19    24     163    (-,-) 
  BF1_2_mul_175_29_g84639/Y -       B2->Y   R     OAI22xp5_ASAP7_75t_SL       2  3.4    53    27     191    (-,-) 
  BF1_2_mul_175_29_g28627/Y -       A2->Y   R     AO22x2_ASAP7_75t_SL         2  4.4    21    28     218    (-,-) 
  g83822/Y                  -       A->Y    R     XNOR2x1_ASAP7_75t_SL        1  3.1    28    20     239    (-,-) 
  g83821/Y                  -       A->Y    R     XNOR2x1_ASAP7_75t_SL        2  4.4    37    23     262    (-,-) 
  g72916/Y                  -       A->Y    R     XNOR2x1_ASAP7_75t_SL        1  2.5    27    21     283    (-,-) 
  g72914/Y                  -       B->Y    R     XNOR2x2_ASAP7_75t_SL        2  3.9    18    24     307    (-,-) 
  BF1_2_mul_175_29_g29689/Y -       A->Y    F     XNOR2x2_ASAP7_75t_SL        2  4.9    19    30     337    (-,-) 
  BF1_2_mul_175_29_g69168/Y -       A->Y    F     OR2x6_ASAP7_75t_SL          3  6.1    13    22     359    (-,-) 
  BF1_2_mul_175_29_g69171/Y -       A->Y    R     NAND2x2_ASAP7_75t_SL        2  5.6    26    16     375    (-,-) 
  g73126/Y                  -       B->Y    F     NOR3x2_ASAP7_75t_SL         1  2.7    20    14     388    (-,-) 
  g73125/Y                  -       A1->Y   R     AOI21x1_ASAP7_75t_SL        1  3.6    33    16     405    (-,-) 
  g83225/Y                  -       A->Y    F     NAND2x2_ASAP7_75t_SL        2  4.8    19    10     414    (-,-) 
  g84987/Y                  -       A->Y    R     NAND2x2_ASAP7_75t_SL        2  3.9    22    15     429    (-,-) 
  g84986/Y                  -       A2->Y   F     OAI21x1_ASAP7_75t_SL        1  2.4    19    10     440    (-,-) 
  BF1_2_mul_175_29_g27129/Y -       B->Y    F     AO211x2_ASAP7_75t_SL        3  5.7    20    24     463    (-,-) 
  BF1_2_mul_175_29_g27121/Y -       B->Y    R     NAND2x1p5_ASAP7_75t_SL      1  2.6    17    12     475    (-,-) 
  g82990/Y                  -       A->Y    R     AND2x6_ASAP7_75t_SL         3 11.2    18    21     496    (-,-) 
  g82989/Y                  -       A->Y    F     INVx11_ASAP7_75t_SL        12 22.4    18    11     507    (-,-) 
  g82992/Y                  -       A2->Y   R     AOI21x1_ASAP7_75t_SL        1  3.2    28    15     522    (-,-) 
  g82991/Y                  -       B->Y    R     XNOR2x1_ASAP7_75t_SL        1  2.1    34    18     540    (-,-) 
  BF1_2_mult_p_reg[42]/D    -       -       R     DFFHQx4_ASAP7_75t_SL        1    -     -     0     540    (-,-) 
#-----------------------------------------------------------------------------------------------------------------

