============================================================
  Generated by:           Genus(TM) Synthesis Solution 25.12-s067_1
  Generated on:           Aug 10 2026  09:18:16 pm
  Operating conditions:   PVT_0P7V_25C 
  Interconnect mode:      global
  Area mode:              physical library
============================================================

                                                                                       
           Gate             Instances    Area                   Library                
---------------------------------------------------------------------------------------
A2O1A1Ixp33_ASAP7_75t_SL           32    44.790     asap7sc7p5t_AO_SLVT_TT_nldm_211120 
A2O1A1O1Ixp25_ASAP7_75t_SL         11    23.095     asap7sc7p5t_AO_SLVT_TT_nldm_211120 
AND2x2_ASAP7_75t_L                  5     6.998  asap7sc7p5t_SIMPLE_LVT_TT_nldm_211120 
AND2x2_ASAP7_75t_SL               425   594.864 asap7sc7p5t_SIMPLE_SLVT_TT_nldm_211120 
AND2x4_ASAP7_75t_L                 17    39.658  asap7sc7p5t_SIMPLE_LVT_TT_nldm_211120 
AND2x4_ASAP7_75t_SL               122   284.602 asap7sc7p5t_SIMPLE_SLVT_TT_nldm_211120 
AND2x6_ASAP7_75t_L                  1     2.799  asap7sc7p5t_SIMPLE_LVT_TT_nldm_211120 
AND2x6_ASAP7_75t_SL                 5    13.997 asap7sc7p5t_SIMPLE_SLVT_TT_nldm_211120 
AND3x1_ASAP7_75t_L                  9    12.597  asap7sc7p5t_SIMPLE_LVT_TT_nldm_211120 
AND3x1_ASAP7_75t_SL                39    54.588 asap7sc7p5t_SIMPLE_SLVT_TT_nldm_211120 
AND3x2_ASAP7_75t_L                  1     1.633  asap7sc7p5t_SIMPLE_LVT_TT_nldm_211120 
AND3x2_ASAP7_75t_SL                 9    14.697 asap7sc7p5t_SIMPLE_SLVT_TT_nldm_211120 
AND3x4_ASAP7_75t_SL                22    71.850 asap7sc7p5t_SIMPLE_SLVT_TT_nldm_211120 
AND4x1_ASAP7_75t_L                  1     1.633  asap7sc7p5t_SIMPLE_LVT_TT_nldm_211120 
AND4x1_ASAP7_75t_SL                20    32.659 asap7sc7p5t_SIMPLE_SLVT_TT_nldm_211120 
AND4x2_ASAP7_75t_SL                13    24.261 asap7sc7p5t_SIMPLE_SLVT_TT_nldm_211120 
AND5x1_ASAP7_75t_SL                 4     7.465 asap7sc7p5t_SIMPLE_SLVT_TT_nldm_211120 
AO21x1_ASAP7_75t_L                  7     9.798      asap7sc7p5t_AO_LVT_TT_nldm_211120 
AO21x1_ASAP7_75t_SL               145   202.954     asap7sc7p5t_AO_SLVT_TT_nldm_211120 
AO21x2_ASAP7_75t_L                  2     3.266      asap7sc7p5t_AO_LVT_TT_nldm_211120 
AO21x2_ASAP7_75t_SL                94   153.498     asap7sc7p5t_AO_SLVT_TT_nldm_211120 
AO221x1_ASAP7_75t_SL               87   202.954     asap7sc7p5t_AO_SLVT_TT_nldm_211120 
AO221x2_ASAP7_75t_SL                7    17.963     asap7sc7p5t_AO_SLVT_TT_nldm_211120 
AO222x2_ASAP7_75t_SL              131   366.716     asap7sc7p5t_AO_SLVT_TT_nldm_211120 
AO22x1_ASAP7_75t_SL               659  1383.584     asap7sc7p5t_AO_SLVT_TT_nldm_211120 
AO22x2_ASAP7_75t_L                 22    51.322      asap7sc7p5t_AO_LVT_TT_nldm_211120 
AO22x2_ASAP7_75t_SL               256   597.197     asap7sc7p5t_AO_SLVT_TT_nldm_211120 
AO31x2_ASAP7_75t_SL                 3    11.197     asap7sc7p5t_AO_SLVT_TT_nldm_211120 
AO322x2_ASAP7_75t_SL                2     6.998     asap7sc7p5t_AO_SLVT_TT_nldm_211120 
AO32x1_ASAP7_75t_SL                 1     1.866     asap7sc7p5t_AO_SLVT_TT_nldm_211120 
AO32x2_ASAP7_75t_SL                 1     2.100     asap7sc7p5t_AO_SLVT_TT_nldm_211120 
AO332x1_ASAP7_75t_SL                1     2.566     asap7sc7p5t_AO_SLVT_TT_nldm_211120 
AOI211x1_ASAP7_75t_SL               2     5.599     asap7sc7p5t_AO_SLVT_TT_nldm_211120 
AOI211xp5_ASAP7_75t_SL             28    39.191     asap7sc7p5t_AO_SLVT_TT_nldm_211120 
AOI21x1_ASAP7_75t_L                 7    13.064      asap7sc7p5t_AO_LVT_TT_nldm_211120 
AOI21x1_ASAP7_75t_SL              151   281.802     asap7sc7p5t_AO_SLVT_TT_nldm_211120 
AOI21xp33_ASAP7_75t_SL             24    27.994     asap7sc7p5t_AO_SLVT_TT_nldm_211120 
AOI21xp5_ASAP7_75t_L                4     4.666      asap7sc7p5t_AO_LVT_TT_nldm_211120 
AOI21xp5_ASAP7_75t_SL             201   234.446     asap7sc7p5t_AO_SLVT_TT_nldm_211120 
AOI221x1_ASAP7_75t_L                3     9.798      asap7sc7p5t_AO_LVT_TT_nldm_211120 
AOI221x1_ASAP7_75t_SL              24    78.382     asap7sc7p5t_AO_SLVT_TT_nldm_211120 
AOI221xp5_ASAP7_75t_SL            218   355.985     asap7sc7p5t_AO_SLVT_TT_nldm_211120 
AOI222xp33_ASAP7_75t_SL           145   338.256     asap7sc7p5t_AO_SLVT_TT_nldm_211120 
AOI22x1_ASAP7_75t_L                55   128.304      asap7sc7p5t_AO_LVT_TT_nldm_211120 
AOI22x1_ASAP7_75t_SL              214   499.219     asap7sc7p5t_AO_SLVT_TT_nldm_211120 
AOI22xp33_ASAP7_75t_SL             11    15.396     asap7sc7p5t_AO_SLVT_TT_nldm_211120 
AOI22xp5_ASAP7_75t_L                3     4.199      asap7sc7p5t_AO_LVT_TT_nldm_211120 
AOI22xp5_ASAP7_75t_SL             581   813.214     asap7sc7p5t_AO_SLVT_TT_nldm_211120 
AOI31xp33_ASAP7_75t_SL              2     2.799     asap7sc7p5t_AO_SLVT_TT_nldm_211120 
AOI321xp33_ASAP7_75t_SL            10    18.662     asap7sc7p5t_AO_SLVT_TT_nldm_211120 
AOI322xp5_ASAP7_75t_SL             50   104.976     asap7sc7p5t_AO_SLVT_TT_nldm_211120 
AOI32xp33_ASAP7_75t_SL             11    17.963     asap7sc7p5t_AO_SLVT_TT_nldm_211120 
BUFx10_ASAP7_75t_L                  6    19.596  asap7sc7p5t_INVBUF_LVT_TT_nldm_211120 
BUFx10_ASAP7_75t_SL                 5    16.330 asap7sc7p5t_INVBUF_SLVT_TT_nldm_211120 
BUFx12f_ASAP7_75t_SL               96   403.108 asap7sc7p5t_INVBUF_SLVT_TT_nldm_211120 
BUFx16f_ASAP7_75t_L                 1     5.132  asap7sc7p5t_INVBUF_LVT_TT_nldm_211120 
BUFx24_ASAP7_75t_L                  3    20.995  asap7sc7p5t_INVBUF_LVT_TT_nldm_211120 
BUFx24_ASAP7_75t_SL                 1     6.998 asap7sc7p5t_INVBUF_SLVT_TT_nldm_211120 
BUFx2_ASAP7_75t_L                  30    34.992  asap7sc7p5t_INVBUF_LVT_TT_nldm_211120 
BUFx2_ASAP7_75t_SL                 74    86.314 asap7sc7p5t_INVBUF_SLVT_TT_nldm_211120 
BUFx3_ASAP7_75t_L                   2     2.799  asap7sc7p5t_INVBUF_LVT_TT_nldm_211120 
BUFx3_ASAP7_75t_SL                 22    30.793 asap7sc7p5t_INVBUF_SLVT_TT_nldm_211120 
BUFx4f_ASAP7_75t_SL                17    31.726 asap7sc7p5t_INVBUF_SLVT_TT_nldm_211120 
BUFx5_ASAP7_75t_SL                  4     7.465 asap7sc7p5t_INVBUF_SLVT_TT_nldm_211120 
BUFx6f_ASAP7_75t_L                  1     2.333  asap7sc7p5t_INVBUF_LVT_TT_nldm_211120 
BUFx6f_ASAP7_75t_SL                42    97.978 asap7sc7p5t_INVBUF_SLVT_TT_nldm_211120 
BUFx8_ASAP7_75t_SL                  3     8.398 asap7sc7p5t_INVBUF_SLVT_TT_nldm_211120 
CKINVDCx16_ASAP7_75t_SL             7    48.989 asap7sc7p5t_INVBUF_SLVT_TT_nldm_211120 
CKINVDCx8_ASAP7_75t_SL              1     5.132 asap7sc7p5t_INVBUF_SLVT_TT_nldm_211120 
DFFHQNx1_ASAP7_75t_L              206   961.114     asap7sc7p5t_SEQ_LVT_TT_nldm_220123 
DFFHQNx1_ASAP7_75t_SL            1115  5202.144    asap7sc7p5t_SEQ_SLVT_TT_nldm_220123 
DFFHQNx2_ASAP7_75t_L                1     4.899     asap7sc7p5t_SEQ_LVT_TT_nldm_220123 
DFFHQNx2_ASAP7_75t_SL               3    14.697    asap7sc7p5t_SEQ_SLVT_TT_nldm_220123 
DFFHQNx3_ASAP7_75t_SL               2    10.264    asap7sc7p5t_SEQ_SLVT_TT_nldm_220123 
DFFHQx4_ASAP7_75t_L                 6    34.992     asap7sc7p5t_SEQ_LVT_TT_nldm_220123 
DFFHQx4_ASAP7_75t_SL             1008  5878.656    asap7sc7p5t_SEQ_SLVT_TT_nldm_220123 
FAx1_ASAP7_75t_SL                  37   120.839 asap7sc7p5t_SIMPLE_SLVT_TT_nldm_211120 
HAxp5_ASAP7_75t_L                  30    62.986  asap7sc7p5t_SIMPLE_LVT_TT_nldm_211120 
HAxp5_ASAP7_75t_SL                 20    41.990 asap7sc7p5t_SIMPLE_SLVT_TT_nldm_211120 
HB1xp67_ASAP7_75t_L                71    66.252  asap7sc7p5t_INVBUF_LVT_TT_nldm_211120 
HB1xp67_ASAP7_75t_SL              106    98.911 asap7sc7p5t_INVBUF_SLVT_TT_nldm_211120 
INVx11_ASAP7_75t_SL                28    84.914 asap7sc7p5t_INVBUF_SLVT_TT_nldm_211120 
INVx13_ASAP7_75t_SL                10    34.992 asap7sc7p5t_INVBUF_SLVT_TT_nldm_211120 
INVx1_ASAP7_75t_L                  44    30.793  asap7sc7p5t_INVBUF_LVT_TT_nldm_211120 
INVx1_ASAP7_75t_SL               2064  1444.470 asap7sc7p5t_INVBUF_SLVT_TT_nldm_211120 
INVx2_ASAP7_75t_L                  45    41.990  asap7sc7p5t_INVBUF_LVT_TT_nldm_211120 
INVx2_ASAP7_75t_SL                245   228.614 asap7sc7p5t_INVBUF_SLVT_TT_nldm_211120 
INVx3_ASAP7_75t_L                   5     5.832  asap7sc7p5t_INVBUF_LVT_TT_nldm_211120 
INVx3_ASAP7_75t_SL                 78    90.979 asap7sc7p5t_INVBUF_SLVT_TT_nldm_211120 
INVx4_ASAP7_75t_L                   1     1.400  asap7sc7p5t_INVBUF_LVT_TT_nldm_211120 
INVx4_ASAP7_75t_SL                 54    75.583 asap7sc7p5t_INVBUF_SLVT_TT_nldm_211120 
INVx5_ASAP7_75t_SL                 38    62.052 asap7sc7p5t_INVBUF_SLVT_TT_nldm_211120 
INVx6_ASAP7_75t_SL                 44    82.115 asap7sc7p5t_INVBUF_SLVT_TT_nldm_211120 
INVx8_ASAP7_75t_SL                 77   179.626 asap7sc7p5t_INVBUF_SLVT_TT_nldm_211120 
INVxp33_ASAP7_75t_SL               31    21.695 asap7sc7p5t_INVBUF_SLVT_TT_nldm_211120 
INVxp67_ASAP7_75t_L                 3     2.100  asap7sc7p5t_INVBUF_LVT_TT_nldm_211120 
INVxp67_ASAP7_75t_SL               48    33.592 asap7sc7p5t_INVBUF_SLVT_TT_nldm_211120 
MAJIxp5_ASAP7_75t_L                 2     3.266  asap7sc7p5t_SIMPLE_LVT_TT_nldm_211120 
MAJIxp5_ASAP7_75t_SL              239   390.277 asap7sc7p5t_SIMPLE_SLVT_TT_nldm_211120 
MAJx2_ASAP7_75t_L                   4     8.398  asap7sc7p5t_SIMPLE_LVT_TT_nldm_211120 
MAJx2_ASAP7_75t_SL                817  1715.308 asap7sc7p5t_SIMPLE_SLVT_TT_nldm_211120 
MAJx3_ASAP7_75t_SL                  4     9.331 asap7sc7p5t_SIMPLE_SLVT_TT_nldm_211120 
NAND2x1_ASAP7_75t_L                10    13.997  asap7sc7p5t_SIMPLE_LVT_TT_nldm_211120 
NAND2x1_ASAP7_75t_SL              112   156.764 asap7sc7p5t_SIMPLE_SLVT_TT_nldm_211120 
NAND2x1p5_ASAP7_75t_L              14    26.127  asap7sc7p5t_SIMPLE_LVT_TT_nldm_211120 
NAND2x1p5_ASAP7_75t_SL             83   154.898 asap7sc7p5t_SIMPLE_SLVT_TT_nldm_211120 
NAND2x2_ASAP7_75t_SL               23    53.654 asap7sc7p5t_SIMPLE_SLVT_TT_nldm_211120 
NAND2xp33_ASAP7_75t_L               2     1.866  asap7sc7p5t_SIMPLE_LVT_TT_nldm_211120 
NAND2xp33_ASAP7_75t_SL             12    11.197 asap7sc7p5t_SIMPLE_SLVT_TT_nldm_211120 
NAND2xp5_ASAP7_75t_L                6     5.599  asap7sc7p5t_SIMPLE_LVT_TT_nldm_211120 
NAND2xp5_ASAP7_75t_SL            1568  1463.132 asap7sc7p5t_SIMPLE_SLVT_TT_nldm_211120 
NAND2xp67_ASAP7_75t_SL              6     8.398 asap7sc7p5t_SIMPLE_SLVT_TT_nldm_211120 
NAND3x1_ASAP7_75t_L                 1     2.566  asap7sc7p5t_SIMPLE_LVT_TT_nldm_211120 
NAND3x1_ASAP7_75t_SL               21    53.888 asap7sc7p5t_SIMPLE_SLVT_TT_nldm_211120 
NAND3x2_ASAP7_75t_SL               14    65.318 asap7sc7p5t_SIMPLE_SLVT_TT_nldm_211120 
NAND3xp33_ASAP7_75t_L               1     1.166  asap7sc7p5t_SIMPLE_LVT_TT_nldm_211120 
NAND3xp33_ASAP7_75t_SL             34    39.658 asap7sc7p5t_SIMPLE_SLVT_TT_nldm_211120 
NAND4xp25_ASAP7_75t_SL             45    62.986 asap7sc7p5t_SIMPLE_SLVT_TT_nldm_211120 
NAND4xp75_ASAP7_75t_SL             59   192.689 asap7sc7p5t_SIMPLE_SLVT_TT_nldm_211120 
NAND5xp2_ASAP7_75t_SL               2     3.266 asap7sc7p5t_SIMPLE_SLVT_TT_nldm_211120 
NOR2x1_ASAP7_75t_L                  9    12.597  asap7sc7p5t_SIMPLE_LVT_TT_nldm_211120 
NOR2x1_ASAP7_75t_SL               180   251.942 asap7sc7p5t_SIMPLE_SLVT_TT_nldm_211120 
NOR2x1p5_ASAP7_75t_L               14    26.127  asap7sc7p5t_SIMPLE_LVT_TT_nldm_211120 
NOR2x1p5_ASAP7_75t_SL              72   134.369 asap7sc7p5t_SIMPLE_SLVT_TT_nldm_211120 
NOR2x2_ASAP7_75t_SL                19    44.323 asap7sc7p5t_SIMPLE_SLVT_TT_nldm_211120 
NOR2xp33_ASAP7_75t_L              102    95.178  asap7sc7p5t_SIMPLE_LVT_TT_nldm_211120 
NOR2xp33_ASAP7_75t_SL             397   370.449 asap7sc7p5t_SIMPLE_SLVT_TT_nldm_211120 
NOR2xp67_ASAP7_75t_L               25    34.992  asap7sc7p5t_SIMPLE_LVT_TT_nldm_211120 
NOR2xp67_ASAP7_75t_SL               5     6.998 asap7sc7p5t_SIMPLE_SLVT_TT_nldm_211120 
NOR3x1_ASAP7_75t_SL                 3     7.698 asap7sc7p5t_SIMPLE_SLVT_TT_nldm_211120 
NOR3xp33_ASAP7_75t_SL              23    26.827 asap7sc7p5t_SIMPLE_SLVT_TT_nldm_211120 
NOR4xp25_ASAP7_75t_SL              10    13.997 asap7sc7p5t_SIMPLE_SLVT_TT_nldm_211120 
NOR4xp75_ASAP7_75t_SL               1     3.266 asap7sc7p5t_SIMPLE_SLVT_TT_nldm_211120 
NOR5xp2_ASAP7_75t_SL                2     3.266 asap7sc7p5t_SIMPLE_SLVT_TT_nldm_211120 
O2A1O1Ixp33_ASAP7_75t_L             7     9.798      asap7sc7p5t_OA_LVT_TT_nldm_211120 
O2A1O1Ixp33_ASAP7_75t_SL           34    47.589     asap7sc7p5t_OA_SLVT_TT_nldm_211120 
O2A1O1Ixp5_ASAP7_75t_SL             3     5.599     asap7sc7p5t_OA_SLVT_TT_nldm_211120 
OA211x2_ASAP7_75t_SL               37    69.051     asap7sc7p5t_OA_SLVT_TT_nldm_211120 
OA21x2_ASAP7_75t_SL               127   207.386     asap7sc7p5t_OA_SLVT_TT_nldm_211120 
OA221x2_ASAP7_75t_SL               12    44.790     asap7sc7p5t_OA_SLVT_TT_nldm_211120 
OA222x2_ASAP7_75t_SL                4    11.197     asap7sc7p5t_OA_SLVT_TT_nldm_211120 
OA22x2_ASAP7_75t_SL               302   704.506     asap7sc7p5t_OA_SLVT_TT_nldm_211120 
OAI211xp5_ASAP7_75t_L               1     1.400      asap7sc7p5t_OA_LVT_TT_nldm_211120 
OAI211xp5_ASAP7_75t_SL             30    41.990     asap7sc7p5t_OA_SLVT_TT_nldm_211120 
OAI21x1_ASAP7_75t_L                 7    13.064      asap7sc7p5t_OA_LVT_TT_nldm_211120 
OAI21x1_ASAP7_75t_SL              127   237.012     asap7sc7p5t_OA_SLVT_TT_nldm_211120 
OAI21xp33_ASAP7_75t_L               1     1.166      asap7sc7p5t_OA_LVT_TT_nldm_211120 
OAI21xp33_ASAP7_75t_SL              8     9.331     asap7sc7p5t_OA_SLVT_TT_nldm_211120 
OAI21xp5_ASAP7_75t_L                3     3.499      asap7sc7p5t_OA_LVT_TT_nldm_211120 
OAI21xp5_ASAP7_75t_SL             156   181.958     asap7sc7p5t_OA_SLVT_TT_nldm_211120 
OAI221xp5_ASAP7_75t_SL             13    21.228     asap7sc7p5t_OA_SLVT_TT_nldm_211120 
OAI222xp33_ASAP7_75t_SL             2     4.666     asap7sc7p5t_OA_SLVT_TT_nldm_211120 
OAI22x1_ASAP7_75t_L                31    72.317      asap7sc7p5t_OA_LVT_TT_nldm_211120 
OAI22x1_ASAP7_75t_SL              153   356.918     asap7sc7p5t_OA_SLVT_TT_nldm_211120 
OAI22xp33_ASAP7_75t_SL              2     2.799     asap7sc7p5t_OA_SLVT_TT_nldm_211120 
OAI22xp5_ASAP7_75t_L                1     1.400      asap7sc7p5t_OA_LVT_TT_nldm_211120 
OAI22xp5_ASAP7_75t_SL             293   410.106     asap7sc7p5t_OA_SLVT_TT_nldm_211120 
OAI311xp33_ASAP7_75t_SL             1     1.633     asap7sc7p5t_OA_SLVT_TT_nldm_211120 
OAI31xp33_ASAP7_75t_SL              2     2.799     asap7sc7p5t_OA_SLVT_TT_nldm_211120 
OAI31xp67_ASAP7_75t_SL              1     3.033     asap7sc7p5t_OA_SLVT_TT_nldm_211120 
OAI322xp33_ASAP7_75t_SL             1     2.100     asap7sc7p5t_OA_SLVT_TT_nldm_211120 
OAI32xp33_ASAP7_75t_SL              1     1.633     asap7sc7p5t_OA_SLVT_TT_nldm_211120 
OR2x2_ASAP7_75t_L                   5     6.998  asap7sc7p5t_SIMPLE_LVT_TT_nldm_211120 
OR2x2_ASAP7_75t_SL                346   484.289 asap7sc7p5t_SIMPLE_SLVT_TT_nldm_211120 
OR2x4_ASAP7_75t_SL                  7    13.064 asap7sc7p5t_SIMPLE_SLVT_TT_nldm_211120 
OR2x6_ASAP7_75t_SL                 49   137.169 asap7sc7p5t_SIMPLE_SLVT_TT_nldm_211120 
OR3x1_ASAP7_75t_SL                 12    16.796 asap7sc7p5t_SIMPLE_SLVT_TT_nldm_211120 
OR3x2_ASAP7_75t_SL                  5     8.165 asap7sc7p5t_SIMPLE_SLVT_TT_nldm_211120 
OR4x1_ASAP7_75t_SL                 17    27.760 asap7sc7p5t_SIMPLE_SLVT_TT_nldm_211120 
OR5x1_ASAP7_75t_SL                  6    11.197 asap7sc7p5t_SIMPLE_SLVT_TT_nldm_211120 
SDFHx1_ASAP7_75t_L                  4    23.328     asap7sc7p5t_SEQ_LVT_TT_nldm_220123 
SDFHx1_ASAP7_75t_SL                10    58.320    asap7sc7p5t_SEQ_SLVT_TT_nldm_220123 
SDFHx2_ASAP7_75t_SL                 2    12.131    asap7sc7p5t_SEQ_SLVT_TT_nldm_220123 
SDFHx4_ASAP7_75t_L                  1     7.232     asap7sc7p5t_SEQ_LVT_TT_nldm_220123 
SDFHx4_ASAP7_75t_SL                 3    21.695    asap7sc7p5t_SEQ_SLVT_TT_nldm_220123 
XNOR2x1_ASAP7_75t_L                 9    25.194  asap7sc7p5t_SIMPLE_LVT_TT_nldm_211120 
XNOR2x1_ASAP7_75t_SL              634  1774.794 asap7sc7p5t_SIMPLE_SLVT_TT_nldm_211120 
XNOR2x2_ASAP7_75t_L                60   153.965  asap7sc7p5t_SIMPLE_LVT_TT_nldm_211120 
XNOR2x2_ASAP7_75t_SL              365   936.619 asap7sc7p5t_SIMPLE_SLVT_TT_nldm_211120 
XNOR2xp5_ASAP7_75t_L              127   266.639  asap7sc7p5t_SIMPLE_LVT_TT_nldm_211120 
XNOR2xp5_ASAP7_75t_SL             718  1507.455 asap7sc7p5t_SIMPLE_SLVT_TT_nldm_211120 
XOR2x1_ASAP7_75t_L                  2     5.599  asap7sc7p5t_SIMPLE_LVT_TT_nldm_211120 
XOR2x1_ASAP7_75t_SL                33    92.379 asap7sc7p5t_SIMPLE_SLVT_TT_nldm_211120 
XOR2x2_ASAP7_75t_L                 19    48.756  asap7sc7p5t_SIMPLE_LVT_TT_nldm_211120 
XOR2x2_ASAP7_75t_SL               587  1506.289 asap7sc7p5t_SIMPLE_SLVT_TT_nldm_211120 
XOR2xp5_ASAP7_75t_L               138   289.734  asap7sc7p5t_SIMPLE_LVT_TT_nldm_211120 
XOR2xp5_ASAP7_75t_SL              458   961.580 asap7sc7p5t_SIMPLE_SLVT_TT_nldm_211120 
---------------------------------------------------------------------------------------
total                           18551 39330.541                                        
                                                                       
                Library                Instances    Area   Instances % 
-----------------------------------------------------------------------
asap7sc7p5t_AO_LVT_TT_nldm_211120            103   224.415         0.6 
asap7sc7p5t_AO_SLVT_TT_nldm_211120          3102  5851.362        16.7 
asap7sc7p5t_INVBUF_LVT_TT_nldm_211120        212   234.213         1.1 
asap7sc7p5t_INVBUF_SLVT_TT_nldm_211120      3095  3180.773        16.7 
asap7sc7p5t_OA_LVT_TT_nldm_211120             51   102.643         0.3 
asap7sc7p5t_OA_SLVT_TT_nldm_211120          1309  2367.325         7.1 
asap7sc7p5t_SEQ_LVT_TT_nldm_220123           218  1031.564         1.2 
asap7sc7p5t_SEQ_SLVT_TT_nldm_220123         2143 11197.907        11.6 
asap7sc7p5t_SIMPLE_LVT_TT_nldm_211120        614  1157.069         3.3 
asap7sc7p5t_SIMPLE_SLVT_TT_nldm_211120      7704 13983.270        41.5 
                                          
     Type      Instances    Area   Area % 
------------------------------------------
sequential          2361 12229.471   31.1 
inverter            2823  2474.868    6.3 
buffer               484   940.118    2.4 
unresolved             4     0.000    0.0 
logic              12883 23686.085   60.2 
physical_cells         0     0.000    0.0 
------------------------------------------
total              18555 39330.541  100.0 
