============================================================
  Generated by:           Genus(TM) Synthesis Solution 25.12-s067_1
  Generated on:           Aug 10 2026  09:50:20 pm
  Module:                 butterfly2x2
  Operating conditions:   PVT_0P7V_25C 
  Interconnect mode:      global
  Area mode:              physical library
============================================================


Path 1: MET (0 ps) Setup Check with Pin BF2_1_ajlen2_INTT_reg[21]/CLK->D
          Group: clk
     Startpoint: (R) BF1_1_modei_reg[2]/CLK
          Clock: (R) clk
       Endpoint: (F) BF2_1_ajlen2_INTT_reg[21]/D
          Clock: (R) clk

                     Capture       Launch     
        Clock Edge:+     581            0     
       Src Latency:+       0            0     
       Net Latency:+       0 (I)        0 (I) 
           Arrival:=     581            0     
                                              
             Setup:-       7                  
       Uncertainty:-      29                  
     Required Time:=     545                  
      Launch Clock:-       0                  
         Data Path:-     545                  
             Slack:=       0                  

#---------------------------------------------------------------------------------------------------------------------------------------
#                  Timing Point                   Flags    Arc    Edge          Cell           Fanout Load Trans Delay Arrival Instance 
#                                                                                                     (fF)  (ps)  (ps)   (ps)  Location 
#---------------------------------------------------------------------------------------------------------------------------------------
  BF1_1_modei_reg[2]/CLK                          -       -       R     (arrival)                2365    -     0     0       0    (-,-) 
  BF1_1_modei_reg[2]/QN                           -       CLK->QN R     DFFHQNx2_ASAP7_75t_SL       1  4.0    26    41      41    (-,-) 
  g84212/Y                                        -       A->Y    F     INVx4_ASAP7_75t_SL          3  6.9    16    10      51    (-,-) 
  g47526/Y                                        -       A->Y    R     INVx3_ASAP7_75t_SL          3  8.7    23    14      65    (-,-) 
  g88781/Y                                        -       A->Y    R     OR2x6_ASAP7_75t_SL          4  7.5    14    20      85    (-,-) 
  g88784/Y                                        -       A->Y    R     OR2x4_ASAP7_75t_SL          3  9.8    22    26     112    (-,-) 
  g88783/Y                                        -       A->Y    F     INVx5_ASAP7_75t_SL          3 10.4    17    11     122    (-,-) 
  g62480/Y                                        -       A->Y    F     BUFx12f_ASAP7_75t_SL       26 38.4    25    23     145    (-,-) 
  g62105/Y                                        -       B->Y    R     NAND2xp5_ASAP7_75t_SL       1  3.1    36    22     167    (-,-) 
  g61059/Y                                        -       B->Y    F     NAND4xp75_ASAP7_75t_SL      3  5.0    47    23     190    (-,-) 
  g61003/Y                                        -       A->Y    F     HB1xp67_ASAP7_75t_L         3  5.9    54    47     237    (-,-) 
  WALLACE_CSA_DUMMY_OP922_groupi_g1716/Y          -       A->Y    R     INVx1_ASAP7_75t_SL          2  3.9    39    25     262    (-,-) 
  WALLACE_CSA_DUMMY_OP922_groupi_g1675/Y          -       A->Y    R     XOR2xp5_ASAP7_75t_SL        1  2.4    42    28     289    (-,-) 
  WALLACE_CSA_DUMMY_OP922_groupi_g1601/Y          -       B->Y    R     XNOR2xp5_ASAP7_75t_SL       2  3.2    52    22     312    (-,-) 
  WALLACE_CSA_DUMMY_OP922_groupi_g1583/Y          -       B->Y    F     NOR2xp33_ASAP7_75t_SL       3  4.8    86    50     362    (-,-) 
  WALLACE_CSA_DUMMY_OP922_groupi_g1533/Y          -       A1->Y   F     AO21x1_ASAP7_75t_SL         2  3.5    24    36     397    (-,-) 
  WALLACE_CSA_DUMMY_OP922_groupi_g1524/Y          -       A1->Y   R     AOI21xp5_ASAP7_75t_SL       1  2.1    50    18     416    (-,-) 
  WALLACE_CSA_DUMMY_OP922_groupi_g1516/Y          -       A2->Y   F     OAI21xp5_ASAP7_75t_SL       2  3.3    56    25     441    (-,-) 
  WALLACE_CSA_DUMMY_OP922_groupi_g1491/Y          -       B->Y    F     AO21x2_ASAP7_75t_SL         3  5.7    22    31     472    (-,-) 
  WALLACE_CSA_DUMMY_OP922_groupi_g72345/Y         -       A2->Y   F     AO21x2_ASAP7_75t_SL         1  3.2    17    22     494    (-,-) 
  WALLACE_CSA_DUMMY_OP922_groupi_g1478_dup90584/Y -       A->Y    F     XNOR2x1_ASAP7_75t_SL        2  3.9    30    21     515    (-,-) 
  g72347/Y                                        -       A1->Y   F     AO222x2_ASAP7_75t_SL        1  2.1    24    31     545    (-,-) 
  BF2_1_ajlen2_INTT_reg[21]/D                     <<<     -       F     DFFHQx4_ASAP7_75t_SL        1    -     -     0     545    (-,-) 
#---------------------------------------------------------------------------------------------------------------------------------------

