============================================================
  Generated by:           Genus(TM) Synthesis Solution 25.12-s067_1
  Generated on:           Aug 10 2026  07:34:09 pm
  Module:                 butterfly2x2
  Operating conditions:   PVT_0P7V_25C 
  Interconnect mode:      global
  Area mode:              physical library
============================================================


Path 1: VIOLATED (-69 ps) Setup Check with Pin BF1_2_barrett_datai_reg[31]/CLK->D
          Group: clk
     Startpoint: (R) BF1_1_modei_reg[2]/CLK
          Clock: (R) clk
       Endpoint: (R) BF1_2_barrett_datai_reg[31]/D
          Clock: (R) clk

                     Capture       Launch     
        Clock Edge:+     500            0     
       Src Latency:+       0            0     
       Net Latency:+       0 (I)        0 (I) 
           Arrival:=     500            0     
                                              
             Setup:-      10                  
       Uncertainty:-      25                  
     Required Time:=     465                  
      Launch Clock:-       0                  
         Data Path:-     534                  
             Slack:=     -69                  

#---------------------------------------------------------------------------------------------------------------------
#         Timing Point          Flags    Arc   Edge          Cell            Fanout Load Trans Delay Arrival Instance 
#                                                                                   (fF)  (ps)  (ps)   (ps)  Location 
#---------------------------------------------------------------------------------------------------------------------
  BF1_1_modei_reg[2]/CLK        -       -      R     (arrival)                 2365    -     0     0       0    (-,-) 
  BF1_1_modei_reg[2]/Q          -       CLK->Q R     DFFHQx4_ASAP7_75t_SL         1  4.6    13    44      44    (-,-) 
  fopt118095/Y                  -       A->Y   F     INVx5_ASAP7_75t_SL           3  5.5    10     6      50    (-,-) 
  g114529/Y                     -       B->Y   F     AND3x4_ASAP7_75t_SL          3 12.9    24    27      77    (-,-) 
  g106936/Y                     -       A->Y   F     BUFx12f_ASAP7_75t_SL         4 16.8    14    19      96    (-,-) 
  g106937/Y                     -       A->Y   F     BUFx12f_ASAP7_75t_SL        10 19.4    15    17     113    (-,-) 
  g97169__9945/Y                -       A2->Y  F     AO22x2_ASAP7_75t_SL          1  4.0    17    22     135    (-,-) 
  g97108/Y                      -       A->Y   F     BUFx12f_ASAP7_75t_SL        14 33.1    22    21     157    (-,-) 
  BF1_2_mul_170_29_g17661/Y     -       A->Y   R     CKINVDCx16_ASAP7_75t_SL      8 13.2    13     9     166    (-,-) 
  BF1_2_mul_170_29_g17297/Y     -       A1->Y  F     OAI22x1_ASAP7_75t_SL         2  3.4    27    14     180    (-,-) 
  g125709/Y                     -       A2->Y  F     AO22x2_ASAP7_75t_SL          2  5.1    20    26     205    (-,-) 
  g125707/Y                     -       B->Y   F     XNOR2x1_ASAP7_75t_SL         1  3.2    23    21     226    (-,-) 
  g125706/Y                     -       A->Y   F     XNOR2x1_ASAP7_75t_SL         2  4.5    28    23     249    (-,-) 
  g127205/Y                     -       A->Y   F     XNOR2x1_ASAP7_75t_SL         1  2.6    22    20     269    (-,-) 
  g127204/Y                     -       B->Y   R     XOR2x2_ASAP7_75t_SL          2  4.5    20    31     300    (-,-) 
  g127203/Y                     -       B->Y   R     XNOR2x1_ASAP7_75t_SL         1  3.2    28    19     319    (-,-) 
  g110676/Y                     -       B->Y   R     XNOR2x1_ASAP7_75t_SL         2  4.3    35    21     340    (-,-) 
  g112082/Y                     -       A->Y   R     XNOR2x1_ASAP7_75t_SL         1  3.1    31    22     362    (-,-) 
  g113256/Y                     -       A->Y   R     XNOR2x1_ASAP7_75t_SL         2  4.9    40    24     386    (-,-) 
  g113258/Y                     -       B->Y   F     NAND2x1p5_ASAP7_75t_SL       2  3.6    23    12     399    (-,-) 
  g113257/Y                     -       B->Y   F     AND2x4_ASAP7_75t_SL          3  6.3    13    19     418    (-,-) 
  BF1_2_mul_170_29_g126782/Y    -       A->Y   F     AND2x4_ASAP7_75t_SL          1  4.3    10    17     435    (-,-) 
  g109699/Y                     -       A->Y   R     NAND3x2_ASAP7_75t_SL         1  4.3    28    13     448    (-,-) 
  g121238/Y                     -       A->Y   F     NAND3x2_ASAP7_75t_SL         3  5.6    24    12     460    (-,-) 
  g109752/Y                     -       A2->Y  F     AO21x2_ASAP7_75t_SL          2  3.4    14    23     483    (-,-) 
  BF1_2_mul_170_29_g105944/Y    -       A2->Y  F     AO21x2_ASAP7_75t_SL          2  4.1    16    22     504    (-,-) 
  g112002/Y                     -       A1->Y  R     AOI21x1_ASAP7_75t_SL         1  2.6    24    13     517    (-,-) 
  g112001/Y                     -       A->Y   R     XNOR2xp5_ASAP7_75t_SL        1  2.1    35    17     534    (-,-) 
  BF1_2_barrett_datai_reg[31]/D <<<     -      R     DFFHQx4_ASAP7_75t_SL         1    -     -     0     534    (-,-) 
#---------------------------------------------------------------------------------------------------------------------

