============================================================
  Generated by:           Genus(TM) Synthesis Solution 25.12-s067_1
  Generated on:           Aug 10 2026  06:19:25 pm
  Module:                 butterfly2x2
  Operating conditions:   PVT_0P7V_25C 
  Interconnect mode:      global
  Area mode:              physical library
============================================================


Path 1: MET (0 ps) Setup Check with Pin BF2_2_aj4_reg[23]/CLK->D
          Group: clk
     Startpoint: (R) BF1_1_modei_reg[2]/CLK
          Clock: (R) clk
       Endpoint: (F) BF2_2_aj4_reg[23]/D
          Clock: (R) clk

                     Capture       Launch     
        Clock Edge:+     600            0     
       Src Latency:+       0            0     
       Net Latency:+       0 (I)        0 (I) 
           Arrival:=     600            0     
                                              
             Setup:-      16                  
       Uncertainty:-      30                  
     Required Time:=     554                  
      Launch Clock:-       0                  
         Data Path:-     554                  
             Slack:=       0                  

#-----------------------------------------------------------------------------------------------------------------
#       Timing Point        Flags    Arc   Edge          Cell            Fanout Load Trans Delay Arrival Instance 
#                                                                               (fF)  (ps)  (ps)   (ps)  Location 
#-----------------------------------------------------------------------------------------------------------------
  BF1_1_modei_reg[2]/CLK    -       -      R     (arrival)                 2365    -     0     0       0    (-,-) 
  BF1_1_modei_reg[2]/Q      -       CLK->Q F     DFFHQx4_ASAP7_75t_SL         2  5.1    12    45      45    (-,-) 
  g86/Y                     -       B->Y   R     NOR2x1p5_ASAP7_75t_SL        2  4.4    24    13      58    (-,-) 
  g85/Y                     -       A->Y   R     AND2x4_ASAP7_75t_SL          6 20.1    37    28      86    (-,-) 
  g77050/Y                  -       A->Y   R     BUFx12f_ASAP7_75t_SL         8 18.8    17    19     105    (-,-) 
  g77058/Y                  -       A->Y   F     INVx5_ASAP7_75t_SL           4  8.0    13     8     113    (-,-) 
  g77063/Y                  -       A->Y   R     INVx4_ASAP7_75t_SL          13 17.4    32    18     131    (-,-) 
  g59684/Y                  -       B->Y   F     NAND2xp5_ASAP7_75t_SL        2  4.3    47    26     157    (-,-) 
  g59287__2398/Y            -       B->Y   R     NAND2x1_ASAP7_75t_SL         2  4.9    44    29     186    (-,-) 
  BF2_2_add_169_28_g1500/Y  -       A->Y   F     NOR2x1p5_ASAP7_75t_SL        2  3.2    25    15     201    (-,-) 
  BF2_2_add_169_28_g1445/Y  -       A2->Y  F     OA21x2_ASAP7_75t_SL          2  3.8    16    24     225    (-,-) 
  BF2_2_add_169_28_g1438/Y  -       A2->Y  F     OA21x2_ASAP7_75t_SL          2  4.4    18    23     248    (-,-) 
  BF2_2_add_169_28_g1436/Y  -       A1->Y  R     OAI21x1_ASAP7_75t_SL         2  3.1    31    17     264    (-,-) 
  BF2_2_add_169_28_g72545/Y -       A2->Y  R     AO21x2_ASAP7_75t_SL          2  4.3    20    23     287    (-,-) 
  BF2_2_add_169_28_g72549/Y -       A1->Y  F     AOI21x1_ASAP7_75t_SL         2  3.7    25    15     302    (-,-) 
  BF2_2_add_169_28_g72551/Y -       A1->Y  R     OAI21x1_ASAP7_75t_SL         3  5.0    50    23     325    (-,-) 
  BF2_2_add_169_28_g1421/Y  -       A2->Y  R     AO21x2_ASAP7_75t_SL          3  4.9    23    25     350    (-,-) 
  BF2_2_add_169_28_g1413/Y  -       A1->Y  R     AO21x2_ASAP7_75t_SL          3  4.7    22    20     371    (-,-) 
  BF2_2_add_169_28_g1405/Y  -       A2->Y  R     AO21x2_ASAP7_75t_SL          2  3.9    19    21     392    (-,-) 
  BF2_2_add_169_28_g1398/Y  -       A2->Y  R     AO21x2_ASAP7_75t_SL          3  5.5    23    23     415    (-,-) 
  g629/Y                    -       A1->Y  F     AOI211x1_ASAP7_75t_SL        1  2.1    38    18     432    (-,-) 
  g620/Y                    -       A2->Y  F     OA21x2_ASAP7_75t_SL          2  3.8    16    26     459    (-,-) 
  g619/Y                    -       A2->Y  R     OAI21xp5_ASAP7_75t_SL        1  2.4    36    20     479    (-,-) 
  BF2_2_add_169_28_g1388/Y  -       A->Y   R     XOR2x2_ASAP7_75t_SL          4  7.0    28    26     505    (-,-) 
  g69171/Y                  -       A->Y   F     INVx3_ASAP7_75t_SL           2  3.7    14     8     513    (-,-) 
  g67295/Y                  -       A1->Y  R     O2A1O1Ixp5_ASAP7_75t_SL      1  2.4    46    20     533    (-,-) 
  g67278/Y                  -       C->Y   F     AOI221x1_ASAP7_75t_SL        1  2.1    99    21     554    (-,-) 
  BF2_2_aj4_reg[23]/D       <<<     -      F     DFFHQNx1_ASAP7_75t_L         1    -     -     0     554    (-,-) 
#-----------------------------------------------------------------------------------------------------------------

