============================================================
  Generated by:           Genus(TM) Synthesis Solution 25.12-s067_1
  Generated on:           Aug 10 2026  08:50:16 pm
  Module:                 butterfly2x2
  Operating conditions:   PVT_0P7V_25C 
  Interconnect mode:      global
  Area mode:              physical library
============================================================


Path 1: VIOLATED (-4 ps) Setup Check with Pin BF2_1_barrett_datai_reg[36]/CLK->D
          Group: clk
     Startpoint: (R) BF1_1_modei_reg[2]/CLK
          Clock: (R) clk
       Endpoint: (F) BF2_1_barrett_datai_reg[36]/D
          Clock: (R) clk

                     Capture       Launch     
        Clock Edge:+     575            0     
       Src Latency:+       0            0     
       Net Latency:+       0 (I)        0 (I) 
           Arrival:=     575            0     
                                              
             Setup:-       6                  
       Uncertainty:-      29                  
     Required Time:=     540                  
      Launch Clock:-       0                  
         Data Path:-     544                  
             Slack:=      -4                  

#--------------------------------------------------------------------------------------------------------------------
#         Timing Point          Flags    Arc    Edge         Cell           Fanout Load Trans Delay Arrival Instance 
#                                                                                  (fF)  (ps)  (ps)   (ps)  Location 
#--------------------------------------------------------------------------------------------------------------------
  BF1_1_modei_reg[2]/CLK        -       -       R     (arrival)               2365    -     0     0       0    (-,-) 
  BF1_1_modei_reg[2]/QN         -       CLK->QN F     DFFHQNx2_ASAP7_75t_SL      1  4.0    26    40      40    (-,-) 
  g92773/Y                      -       A->Y    R     INVx4_ASAP7_75t_SL         3  5.0    16    10      50    (-,-) 
  g94501/Y                      -       B->Y    R     AND3x4_ASAP7_75t_SL        1  8.3    20    25      75    (-,-) 
  g94500/Y                      -       A->Y    F     INVx11_ASAP7_75t_SL        9 28.6    22    13      87    (-,-) 
  g94499/Y                      -       A->Y    F     BUFx12f_ASAP7_75t_SL       6 20.0    15    19     106    (-,-) 
  g84060/Y                      -       A->Y    F     BUFx12f_ASAP7_75t_SL       5 10.6    10    15     122    (-,-) 
  g80581/Y                      -       B->Y    F     AND2x2_ASAP7_75t_SL        1  2.6    12    16     138    (-,-) 
  g93227/Y                      -       B->Y    F     OR2x6_ASAP7_75t_SL         5 13.2    19    24     162    (-,-) 
  g93228/Y                      -       A->Y    R     INVx6_ASAP7_75t_SL         5  8.0    15    10     171    (-,-) 
  BF2_1_mul_170_29_g18597/Y     -       A2->Y   R     OA22x2_ASAP7_75t_SL        2  4.5    20    22     193    (-,-) 
  g86115/Y                      -       B1->Y   F     OAI22x1_ASAP7_75t_SL       2  5.0    36    17     210    (-,-) 
  g96832/Y                      -       B->Y    F     XNOR2x1_ASAP7_75t_SL       1  3.2    27    23     233    (-,-) 
  g96831/Y                      -       A->Y    F     XNOR2x1_ASAP7_75t_SL       2  4.2    28    23     256    (-,-) 
  g82636/Y                      -       B->Y    F     XNOR2x1_ASAP7_75t_SL       1  3.2    26    22     278    (-,-) 
  g98377/Y                      -       A->Y    F     XNOR2x1_ASAP7_75t_SL       2  4.5    28    24     302    (-,-) 
  g122/Y                        -       B->Y    F     XNOR2x1_ASAP7_75t_SL       1  3.2    26    22     324    (-,-) 
  g92736/Y                      -       A->Y    F     XNOR2x1_ASAP7_75t_SL       2  4.2    27    23     346    (-,-) 
  BF2_1_mul_170_29_g16840/Y     -       A->Y    F     XNOR2x1_ASAP7_75t_SL       1  3.2    24    21     368    (-,-) 
  g93879/Y                      -       B->Y    F     XNOR2x1_ASAP7_75t_SL       2  4.5    30    24     392    (-,-) 
  g95049/Y                      -       B->Y    F     AND2x4_ASAP7_75t_SL        2  6.4    13    21     412    (-,-) 
  fopt95051/Y                   -       A->Y    R     INVx5_ASAP7_75t_SL         3  7.0    13     9     421    (-,-) 
  g95170/Y                      -       A1->Y   F     AOI21x1_ASAP7_75t_SL       1  2.1    17    10     431    (-,-) 
  g95348/Y                      -       B1->Y   F     OA22x2_ASAP7_75t_SL        1  4.3    17    24     455    (-,-) 
  g397/Y                        -       A->Y    R     NAND3x2_ASAP7_75t_SL       2  6.3    36    18     473    (-,-) 
  BF2_1_mul_170_29_g72239/Y     -       B->Y    F     NAND2x2_ASAP7_75t_SL       2  4.4    21    11     484    (-,-) 
  g83371/Y                      -       A->Y    F     AND2x6_ASAP7_75t_SL        7 13.5    18    25     509    (-,-) 
  BF2_1_mul_170_29_g74701/Y     -       A1->Y   R     OAI21x1_ASAP7_75t_SL       1  2.4    24    15     524    (-,-) 
  BF2_1_mul_170_29_g16495/Y     -       A->Y    F     XOR2x2_ASAP7_75t_SL        1  2.1    13    21     544    (-,-) 
  BF2_1_barrett_datai_reg[36]/D <<<     -       F     DFFHQx4_ASAP7_75t_SL       1    -     -     0     544    (-,-) 
#--------------------------------------------------------------------------------------------------------------------

