============================================================
  Generated by:           Genus(TM) Synthesis Solution 25.12-s067_1
  Generated on:           Aug 10 2026  08:13:56 pm
  Module:                 butterfly2x2
  Operating conditions:   PVT_0P7V_25C 
  Interconnect mode:      global
  Area mode:              physical library
============================================================


Path 1: VIOLATED (-30 ps) Setup Check with Pin BF1_1_barrett_datai_reg[40]/CLK->D
          Group: clk
     Startpoint: (R) BF1_1_modei_reg[2]/CLK
          Clock: (R) clk
       Endpoint: (R) BF1_1_barrett_datai_reg[40]/D
          Clock: (R) clk

                     Capture       Launch     
        Clock Edge:+     550            0     
       Src Latency:+       0            0     
       Net Latency:+       0 (I)        0 (I) 
           Arrival:=     550            0     
                                              
             Setup:-      10                  
       Uncertainty:-      28                  
     Required Time:=     512                  
      Launch Clock:-       0                  
         Data Path:-     542                  
             Slack:=     -30                  

#--------------------------------------------------------------------------------------------------------------------
#         Timing Point          Flags    Arc    Edge         Cell           Fanout Load Trans Delay Arrival Instance 
#                                                                                  (fF)  (ps)  (ps)   (ps)  Location 
#--------------------------------------------------------------------------------------------------------------------
  BF1_1_modei_reg[2]/CLK        -       -       R     (arrival)               2365    -     0     0       0    (-,-) 
  BF1_1_modei_reg[2]/QN         -       CLK->QN R     DFFHQNx2_ASAP7_75t_SL      1  4.0    26    41      41    (-,-) 
  fopt109156/Y                  -       A->Y    F     INVx4_ASAP7_75t_SL         2  4.5    13     7      49    (-,-) 
  g99691/Y                      -       B->Y    F     AND3x4_ASAP7_75t_SL        1  8.3    18    24      73    (-,-) 
  fopt102970/Y                  -       A->Y    R     INVx11_ASAP7_75t_SL        8 25.3    22    13      86    (-,-) 
  fopt100283/Y                  -       A->Y    R     BUFx12f_ASAP7_75t_SL      12 22.9    19    19     105    (-,-) 
  fopt97180/Y                   -       A->Y    R     BUFx12f_ASAP7_75t_SL       8 15.0    14    16     122    (-,-) 
  g99672/Y                      -       A1->Y   F     OAI22x1_ASAP7_75t_SL       1  4.0    30    15     137    (-,-) 
  fopt103616/Y                  -       A->Y    F     BUFx12f_ASAP7_75t_SL      16 30.3    21    23     160    (-,-) 
  fopt103615/Y                  -       A->Y    R     INVx8_ASAP7_75t_SL         7 11.4    16    11     170    (-,-) 
  BF1_1_mul_170_29_g18429/Y     -       B1->Y   F     AOI22x1_ASAP7_75t_SL       2  3.5    31    13     184    (-,-) 
  BF1_1_mul_170_29_g17686/Y     -       B1->Y   F     OA22x2_ASAP7_75t_SL        2  5.1    20    27     210    (-,-) 
  BF1_1_mul_170_29_g17474/Y     -       A->Y    F     XNOR2x1_ASAP7_75t_SL       1  3.2    27    20     231    (-,-) 
  BF1_1_mul_170_29_g17228/Y     -       A->Y    F     XNOR2x1_ASAP7_75t_SL       2  3.7    27    22     253    (-,-) 
  BF1_1_mul_170_29_g77394/Y     -       A->Y    R     XOR2x2_ASAP7_75t_SL        2  5.5    24    33     286    (-,-) 
  g100853/Y                     -       B->Y    R     XNOR2x1_ASAP7_75t_SL       1  3.2    29    19     305    (-,-) 
  g100852/Y                     -       B->Y    R     XNOR2x1_ASAP7_75t_SL       2  3.8    34    20     325    (-,-) 
  g100851/Y                     -       B->Y    F     XNOR2x2_ASAP7_75t_SL       2  5.6    21    32     357    (-,-) 
  g80459_dup/Y                  -       A->Y    F     XNOR2x1_ASAP7_75t_SL       1  2.1    18    18     375    (-,-) 
  g108292/Y                     -       A->Y    F     MAJx2_ASAP7_75t_SL         2  4.7    19    25     400    (-,-) 
  g99557/Y                      -       A->Y    R     NAND2x2_ASAP7_75t_SL       2  5.8    28    18     418    (-,-) 
  g99559/Y                      -       A->Y    F     INVx4_ASAP7_75t_SL         2  3.6    12     6     424    (-,-) 
  g108297/Y                     -       A2->Y   R     OAI21x1_ASAP7_75t_SL       1  2.1    22    12     436    (-,-) 
  g348/Y                        -       B->Y    R     AO21x2_ASAP7_75t_SL        2  3.8    18    18     454    (-,-) 
  g101443/Y                     -       B2->Y   F     AOI221x1_ASAP7_75t_SL      1  2.1    35    16     470    (-,-) 
  g98765/Y                      -       B->Y    F     OA21x2_ASAP7_75t_SL        1  4.0    16    21     492    (-,-) 
  g98764/Y                      -       A->Y    F     BUFx12f_ASAP7_75t_SL      14 26.6    18    20     511    (-,-) 
  g82093/Y                      -       A2->Y   R     OAI21x1_ASAP7_75t_SL       1  2.6    25    14     525    (-,-) 
  g82092/Y                      -       A->Y    R     XNOR2xp5_ASAP7_75t_SL      1  2.1    36    17     542    (-,-) 
  BF1_1_barrett_datai_reg[40]/D <<<     -       R     DFFHQx4_ASAP7_75t_SL       1    -     -     0     542    (-,-) 
#--------------------------------------------------------------------------------------------------------------------

