============================================================
  Generated by:           Genus(TM) Synthesis Solution 25.12-s067_1
  Generated on:           Aug 10 2026  10:14:57 pm
  Module:                 butterfly2x2
  Operating conditions:   PVT_0P7V_25C 
  Interconnect mode:      global
  Area mode:              physical library
============================================================


Path 1: MET (0 ps) Setup Check with Pin BF2_2_ajlen5_reg[19]/CLK->D
          Group: clk
     Startpoint: (R) BF1_1_modei_reg[1]/CLK
          Clock: (R) clk
       Endpoint: (R) BF2_2_ajlen5_reg[19]/D
          Clock: (R) clk

                     Capture       Launch     
        Clock Edge:+     578            0     
       Src Latency:+       0            0     
       Net Latency:+       0 (I)        0 (I) 
           Arrival:=     578            0     
                                              
             Setup:-      17                  
       Uncertainty:-      29                  
     Required Time:=     532                  
      Launch Clock:-       0                  
         Data Path:-     532                  
             Slack:=       0                  

#----------------------------------------------------------------------------------------------------------------------------
#            Timing Point              Flags    Arc   Edge          Cell            Fanout Load Trans Delay Arrival Instance 
#                                                                                          (fF)  (ps)  (ps)   (ps)  Location 
#----------------------------------------------------------------------------------------------------------------------------
  BF1_1_modei_reg[1]/CLK               -       -      R     (arrival)                 2365    -     0     0       0    (-,-) 
  BF1_1_modei_reg[1]/Q                 -       CLK->Q R     DFFHQx4_ASAP7_75t_SL         2  7.2    17    46      46    (-,-) 
  g47562/Y                             -       A->Y   F     INVx3_ASAP7_75t_SL           2  8.0    18    12      58    (-,-) 
  g47555__2883/Y                       -       A->Y   R     NAND2x2_ASAP7_75t_SL         2  4.4    23    16      73    (-,-) 
  g47487__73832/Y                      -       A->Y   R     OR2x6_ASAP7_75t_SL           3 11.7    18    23      96    (-,-) 
  g40316/Y                             -       A->Y   R     BUFx12f_ASAP7_75t_SL         4 12.5    12    16     111    (-,-) 
  g62403/Y                             -       A->Y   R     BUFx12f_ASAP7_75t_SL        12 30.6    24    20     131    (-,-) 
  g62397/Y                             -       A->Y   F     INVx11_ASAP7_75t_SL         20 27.4    22    13     144    (-,-) 
  g59608/Y                             -       B2->Y  F     AO22x1_ASAP7_75t_SL          2  3.2    22    27     170    (-,-) 
  g85889/Y                             -       C->Y   F     AO221x2_ASAP7_75t_SL         4  6.5    26    34     204    (-,-) 
  g40844__6131/Y                       -       B->Y   F     AND2x2_ASAP7_75t_SL          1  2.1    11    19     223    (-,-) 
  g40825__2346/Y                       -       A1->Y  F     AO21x1_ASAP7_75t_SL          1  2.0    15    18     242    (-,-) 
  g40806__8428/Y                       -       B1->Y  R     AOI321xp33_ASAP7_75t_SL      1  2.1    55    28     269    (-,-) 
  g40803__84885/Y                      -       A2->Y  R     OA21x2_ASAP7_75t_SL          1  2.1    13    21     290    (-,-) 
  g40802__84884/Y                      -       A1->Y  R     OA21x2_ASAP7_75t_SL          5  7.8    30    26     317    (-,-) 
  WALLACE_CSA_DUMMY_OP_groupi_g84888/Y -       A->Y   F     NAND2xp5_ASAP7_75t_SL        4  7.0    76    34     350    (-,-) 
  WALLACE_CSA_DUMMY_OP_groupi_g1639/Y  -       A1->Y  R     AOI21x1_ASAP7_75t_SL         2  3.5    46    22     373    (-,-) 
  WALLACE_CSA_DUMMY_OP_groupi_g1625/Y  -       A2->Y  F     OAI21xp5_ASAP7_75t_SL        1  2.1    58    19     391    (-,-) 
  WALLACE_CSA_DUMMY_OP_groupi_g1619/Y  -       A1->Y  R     AOI21xp5_ASAP7_75t_SL        1  2.1    45    22     414    (-,-) 
  g81184/Y                             -       B->Y   R     OA21x2_ASAP7_75t_SL          3  7.2    29    27     441    (-,-) 
  WALLACE_CSA_DUMMY_OP_groupi_g1596/Y  -       A2->Y  F     OAI21x1_ASAP7_75t_SL         2  3.8    37    14     455    (-,-) 
  WALLACE_CSA_DUMMY_OP_groupi_g1588/Y  -       A2->Y  R     AOI21xp5_ASAP7_75t_SL        1  2.5    55    23     478    (-,-) 
  WALLACE_CSA_DUMMY_OP_groupi_g1584/Y  -       B->Y   F     XNOR2x2_ASAP7_75t_SL         2  3.3    16    29     507    (-,-) 
  g67942/Y                             -       A1->Y  R     AOI221xp5_ASAP7_75t_SL       1  2.1   105    25     532    (-,-) 
  BF2_2_ajlen5_reg[19]/D               <<<     -      R     DFFHQNx1_ASAP7_75t_L         1    -     -     0     532    (-,-) 
#----------------------------------------------------------------------------------------------------------------------------

