============================================================
  Generated by:           Genus(TM) Synthesis Solution 25.12-s067_1
  Generated on:           Aug 10 2026  09:18:16 pm
  Module:                 butterfly2x2
  Operating conditions:   PVT_0P7V_25C 
  Interconnect mode:      global
  Area mode:              physical library
============================================================


Path 1: MET (0 ps) Setup Check with Pin BF2_1_ajlen5_reg[22]/CLK->D
          Group: clk
     Startpoint: (R) BF1_1_modei_reg[1]/CLK
          Clock: (R) clk
       Endpoint: (F) BF2_1_ajlen5_reg[22]/D
          Clock: (R) clk

                     Capture       Launch     
        Clock Edge:+     588            0     
       Src Latency:+       0            0     
       Net Latency:+       0 (I)        0 (I) 
           Arrival:=     588            0     
                                              
             Setup:-      16                  
       Uncertainty:-      29                  
     Required Time:=     542                  
      Launch Clock:-       0                  
         Data Path:-     542                  
             Slack:=       0                  

#--------------------------------------------------------------------------------------------------------------------------------------
#                  Timing Point                   Flags    Arc   Edge          Cell           Fanout Load Trans Delay Arrival Instance 
#                                                                                                    (fF)  (ps)  (ps)   (ps)  Location 
#--------------------------------------------------------------------------------------------------------------------------------------
  BF1_1_modei_reg[1]/CLK                          -       -      R     (arrival)                2365    -     0     0       0    (-,-) 
  BF1_1_modei_reg[1]/Q                            -       CLK->Q R     DFFHQx4_ASAP7_75t_SL        2  6.6    16    46      46    (-,-) 
  g43987/Y                                        -       A->Y   F     INVx2_ASAP7_75t_SL          3  8.6    26    15      61    (-,-) 
  g43986/Y                                        -       A->Y   R     INVx4_ASAP7_75t_SL          3  7.9    20    13      74    (-,-) 
  g43985/Y                                        -       A->Y   F     INVx2_ASAP7_75t_SL          2  4.4    17    10      84    (-,-) 
  g43907__6417/Y                                  -       A->Y   F     AND3x4_ASAP7_75t_SL         3  9.2    19    24     108    (-,-) 
  g43850/Y                                        -       A->Y   F     BUFx6f_ASAP7_75t_SL        13 19.1    22    22     130    (-,-) 
  g43000__3680/Y                                  -       B->Y   R     NAND2xp5_ASAP7_75t_SL       2  3.3    48    22     153    (-,-) 
  g81830/Y                                        -       B->Y   R     AND4x2_ASAP7_75t_SL         2  5.2    26    36     188    (-,-) 
  g57776/Y                                        -       A->Y   F     INVx4_ASAP7_75t_SL          4  7.2    16    10     198    (-,-) 
  g57353/Y                                        -       C2->Y  F     AO222x2_ASAP7_75t_SL        2  5.1    24    35     234    (-,-) 
  g69/Y                                           -       A->Y   R     INVx3_ASAP7_75t_SL          1  3.6    15    10     244    (-,-) 
  g66/Y                                           -       A->Y   F     NAND2x2_ASAP7_75t_SL        1  4.3    15     9     252    (-,-) 
  g64/Y                                           -       A->Y   R     NAND3x2_ASAP7_75t_SL        1  2.1    21    11     263    (-,-) 
  g56871/Y                                        -       B->Y   R     AO21x2_ASAP7_75t_SL         1  3.7    18    18     280    (-,-) 
  g56734/Y                                        -       B->Y   F     NAND2x2_ASAP7_75t_SL        2  4.3    27    10     290    (-,-) 
  WALLACE_CSA_DUMMY_OP922_groupi_g68521/Y         -       B->Y   R     NAND2x1p5_ASAP7_75t_SL      2  4.2    36    17     307    (-,-) 
  WALLACE_CSA_DUMMY_OP922_groupi_g68524/Y         -       A2->Y  F     OAI21x1_ASAP7_75t_SL        2  3.1    30    13     319    (-,-) 
  WALLACE_CSA_DUMMY_OP922_groupi_g68523/Y         -       A2->Y  F     AO21x2_ASAP7_75t_SL         2  3.7    17    24     344    (-,-) 
  WALLACE_CSA_DUMMY_OP922_groupi_g83267/Y         -       A2->Y  F     AO21x2_ASAP7_75t_SL         4  6.6    24    26     370    (-,-) 
  WALLACE_CSA_DUMMY_OP922_groupi_g83269/Y         -       A2->Y  R     AOI21x1_ASAP7_75t_SL        2  4.0    35    18     388    (-,-) 
  WALLACE_CSA_DUMMY_OP922_groupi_g1507_dup83268/Y -       A1->Y  F     OAI21x1_ASAP7_75t_SL        1  2.1    19     9     397    (-,-) 
  WALLACE_CSA_DUMMY_OP922_groupi_g69716/Y         -       A2->Y  F     AO21x2_ASAP7_75t_SL         3  5.0    20    24     421    (-,-) 
  WALLACE_CSA_DUMMY_OP922_groupi_g1495/Y          -       A2->Y  F     AO21x2_ASAP7_75t_SL         4  6.3    22    26     447    (-,-) 
  WALLACE_CSA_DUMMY_OP922_groupi_g1486/Y          -       A2->Y  F     AO21x2_ASAP7_75t_SL         4  7.8    26    28     476    (-,-) 
  WALLACE_CSA_DUMMY_OP922_groupi_g1485/Y          -       A->Y   R     INVx3_ASAP7_75t_SL          1  2.1    12     8     484    (-,-) 
  WALLACE_CSA_DUMMY_OP922_groupi_g1476/Y          -       A1->Y  R     OA21x2_ASAP7_75t_SL         1  3.2    18    19     503    (-,-) 
  WALLACE_CSA_DUMMY_OP922_groupi_g1473/Y          -       B->Y   R     XNOR2x1_ASAP7_75t_SL        2  3.7    37    19     522    (-,-) 
  g64668/Y                                        -       A2->Y  F     AOI221x1_ASAP7_75t_SL       1  2.1    99    20     542    (-,-) 
  BF2_1_ajlen5_reg[22]/D                          <<<     -      F     DFFHQNx1_ASAP7_75t_L        1    -     -     0     542    (-,-) 
#--------------------------------------------------------------------------------------------------------------------------------------

