============================================================
  Generated by:           Genus(TM) Synthesis Solution 25.12-s067_1
  Generated on:           Aug 10 2026  07:01:20 pm
  Module:                 butterfly2x2
  Operating conditions:   PVT_0P7V_25C 
  Interconnect mode:      global
  Area mode:              physical library
============================================================


Path 1: VIOLATED (-168 ps) Setup Check with Pin BF2_1_barrett_datai_reg[45]/CLK->D
          Group: clk
     Startpoint: (R) BF1_1_modei_reg[1]/CLK
          Clock: (R) clk
       Endpoint: (F) BF2_1_barrett_datai_reg[45]/D
          Clock: (R) clk

                     Capture       Launch     
        Clock Edge:+     400            0     
       Src Latency:+       0            0     
       Net Latency:+       0 (I)        0 (I) 
           Arrival:=     400            0     
                                              
             Setup:-       6                  
       Uncertainty:-      20                  
     Required Time:=     374                  
      Launch Clock:-       0                  
         Data Path:-     542                  
             Slack:=    -168                  

#--------------------------------------------------------------------------------------------------------------------
#         Timing Point          Flags    Arc    Edge         Cell           Fanout Load Trans Delay Arrival Instance 
#                                                                                  (fF)  (ps)  (ps)   (ps)  Location 
#--------------------------------------------------------------------------------------------------------------------
  BF1_1_modei_reg[1]/CLK        -       -       R     (arrival)               2365    -     0     0       0    (-,-) 
  BF1_1_modei_reg[1]/QN         -       CLK->QN R     DFFHQNx2_ASAP7_75t_SL      1  4.0    26    41      41    (-,-) 
  fopt97825/Y                   -       A->Y    F     INVx4_ASAP7_75t_SL         3  6.7    16     9      51    (-,-) 
  g100775/Y                     -       B->Y    F     AND3x4_ASAP7_75t_SL        4 13.7    25    29      80    (-,-) 
  fopt106831/Y                  -       A->Y    F     BUFx12f_ASAP7_75t_SL      27 36.5    24    24     103    (-,-) 
  g73311__120453/Y              -       A2->Y   F     AO22x2_ASAP7_75t_SL        2  6.0    22    27     130    (-,-) 
  fopt124931/Y                  -       A->Y    F     BUFx6f_ASAP7_75t_SL        3  8.3    12    18     148    (-,-) 
  fopt124930/Y                  -       A->Y    R     INVx3_ASAP7_75t_SL         2  3.3    11     8     155    (-,-) 
  BF2_1_mul_170_29_g18305/Y     -       A1->Y   R     OA22x2_ASAP7_75t_SL        2  4.7    20    22     177    (-,-) 
  BF2_1_mul_170_29_g17886/Y     -       B2->Y   F     OAI22x1_ASAP7_75t_SL       2  4.4    33    15     192    (-,-) 
  g206/Y                        -       B->Y    R     XOR2x2_ASAP7_75t_SL        1  3.2    16    31     224    (-,-) 
  g100495/Y                     -       B->Y    R     XNOR2x1_ASAP7_75t_SL       2  4.4    36    20     244    (-,-) 
  g539/Y                        -       B->Y    R     XNOR2x1_ASAP7_75t_SL       2  4.3    37    22     266    (-,-) 
  g99420/Y                      -       B->Y    F     XNOR2x2_ASAP7_75t_SL       1  3.1    14    28     294    (-,-) 
  g100527/Y                     -       B->Y    F     XOR2x1_ASAP7_75t_SL        2  4.5    30    23     317    (-,-) 
  g99208/Y                      -       A->Y    F     XNOR2x1_ASAP7_75t_SL       1  3.2    24    21     338    (-,-) 
  g99204/Y                      -       B->Y    F     XNOR2x1_ASAP7_75t_SL       2  3.7    27    22     361    (-,-) 
  BF2_1_mul_170_29_g16628/Y     -       B->Y    R     XNOR2x2_ASAP7_75t_SL       2  5.4    23    29     390    (-,-) 
  BF2_1_mul_170_29_g126984/Y    -       B->Y    F     NOR2x1p5_ASAP7_75t_SL      2  3.2    18    12     401    (-,-) 
  g126986/Y                     -       B->Y    F     AO21x2_ASAP7_75t_SL        2  3.8    16    22     424    (-,-) 
  g126985/Y                     -       A2->Y   R     AOI21x1_ASAP7_75t_SL       2  3.7    31    16     440    (-,-) 
  g101480/Y                     -       A1->Y   F     OAI21x1_ASAP7_75t_SL       1  2.7    21    11     451    (-,-) 
  g98629/Y                      -       B->Y    R     AOI21x1_ASAP7_75t_SL       1  2.1    23    14     465    (-,-) 
  g53/Y                         -       B->Y    R     OA21x2_ASAP7_75t_SL        2  6.6    26    25     490    (-,-) 
  g116977/Y                     -       A->Y    R     BUFx12f_ASAP7_75t_SL      10 19.0    17    18     508    (-,-) 
  g102/Y                        -       A2->Y   F     OAI21x1_ASAP7_75t_SL       1  2.6    19    10     518    (-,-) 
  g102238/Y                     -       A->Y    F     XNOR2xp5_ASAP7_75t_SL      1  2.1    28    23     542    (-,-) 
  BF2_1_barrett_datai_reg[45]/D <<<     -       F     DFFHQx4_ASAP7_75t_SL       1    -     -     0     542    (-,-) 
#--------------------------------------------------------------------------------------------------------------------

