============================================================
  Generated by:           Genus(TM) Synthesis Solution 25.12-s067_1
  Generated on:           Aug 12 2026  06:20:29 pm
  Module:                 butterfly2x2
  Operating conditions:   PVT_0P7V_25C 
  Interconnect mode:      global
  Area mode:              physical library
============================================================


Path 1: VIOLATED (-34 ps) Setup Check with Pin BF1_2_mult_p_reg[43]/CLK->D
          Group: clk
     Startpoint: (R) BF1_1_modei_reg[2]/CLK
          Clock: (R) clk
       Endpoint: (R) BF1_2_mult_p_reg[43]/D
          Clock: (R) clk

                     Capture       Launch     
        Clock Edge:+     540            0     
       Src Latency:+       0            0     
       Net Latency:+       0 (I)        0 (I) 
           Arrival:=     540            0     
                                              
             Setup:-       9                  
       Uncertainty:-      27                  
     Required Time:=     504                  
      Launch Clock:-       0                  
         Data Path:-     538                  
             Slack:=     -34                  

#---------------------------------------------------------------------------------------------------------------
#       Timing Point         Flags    Arc   Edge         Cell          Fanout Load Trans Delay Arrival Instance 
#                                                                             (fF)  (ps)  (ps)   (ps)  Location 
#---------------------------------------------------------------------------------------------------------------
  BF1_1_modei_reg[2]/CLK     -       -      R     (arrival)              3513    -     0     0       0    (-,-) 
  BF1_1_modei_reg[2]/Q       -       CLK->Q F     DFFHQx4_ASAP7_75t_SL      1  5.3    12    45      45    (-,-) 
  fopt119686/Y               -       A->Y   R     INVx6_ASAP7_75t_SL        4  7.0    12     8      53    (-,-) 
  g119401/Y                  -       A->Y   R     AND3x4_ASAP7_75t_SL       2  7.2    19    23      75    (-,-) 
  fopt103749_dup119400/Y     -       A->Y   R     BUFx12f_ASAP7_75t_SL      4 14.3    14    16      91    (-,-) 
  fopt116044/Y               -       A->Y   R     BUFx12f_ASAP7_75t_SL      8 19.5    17    17     108    (-,-) 
  fopt116046/Y               -       A->Y   F     INVx4_ASAP7_75t_SL        3  4.7    11     7     115    (-,-) 
  g59518__119874/Y           -       B2->Y  F     AO22x2_ASAP7_75t_SL       1  4.0    17    22     137    (-,-) 
  g119873/Y                  -       A->Y   F     BUFx12f_ASAP7_75t_SL     13 25.6    18    20     157    (-,-) 
  BF1_2_mul_175_29_g119872/Y -       A->Y   R     INVx13_ASAP7_75t_SL       9 13.2    14     9     166    (-,-) 
  BF1_2_mul_175_29_g119880/Y -       A2->Y  R     OA22x2_ASAP7_75t_SL       2  3.9    18    21     187    (-,-) 
  g116972/Y                  -       B1->Y  F     OAI22x1_ASAP7_75t_SL      2  3.7    35    14     201    (-,-) 
  g103/Y                     -       A->Y   F     XOR2x2_ASAP7_75t_SL       2  4.2    18    29     229    (-,-) 
  g178/Y                     -       A->Y   F     XNOR2x1_ASAP7_75t_SL      1  3.2    27    20     249    (-,-) 
  g118183/Y                  -       B->Y   F     XNOR2x1_ASAP7_75t_SL      2  4.5    30    24     274    (-,-) 
  g118182/Y                  -       A->Y   F     XNOR2x1_ASAP7_75t_SL      1  2.6    22    20     294    (-,-) 
  g118788/Y                  -       B->Y   F     XOR2x2_ASAP7_75t_SL       3  5.8    21    27     320    (-,-) 
  g514/Y                     -       A->Y   F     MAJx2_ASAP7_75t_SL        2  4.5    18    26     346    (-,-) 
  g118301/Y                  -       B->Y   F     XNOR2x1_ASAP7_75t_SL      1  3.2    22    20     367    (-,-) 
  g118300/Y                  -       A->Y   F     XNOR2x1_ASAP7_75t_SL      2  3.8    25    22     388    (-,-) 
  g116171/Y                  -       B->Y   F     AND2x4_ASAP7_75t_SL       3  6.4    13    20     408    (-,-) 
  BF1_2_mul_175_29_g15976/Y  -       A->Y   R     NOR2x2_ASAP7_75t_SL       1  2.6    14     9     417    (-,-) 
  g119889/Y                  -       A->Y   R     AND3x4_ASAP7_75t_SL       2  3.9    13    20     437    (-,-) 
  g116270/Y                  -       B->Y   F     OAI21x1_ASAP7_75t_SL      1  2.6    20    11     448    (-,-) 
  BF1_2_mul_175_29_g112704/Y -       B->Y   F     AND2x4_ASAP7_75t_SL       2  3.4    10    16     465    (-,-) 
  g118325/Y                  -       A2->Y  F     OA21x2_ASAP7_75t_SL       1  4.0    16    21     485    (-,-) 
  g118324/Y                  -       A->Y   F     BUFx12f_ASAP7_75t_SL     14 26.2    18    19     505    (-,-) 
  g118322/Y                  -       A2->Y  R     OAI21x1_ASAP7_75t_SL      1  3.2    29    16     520    (-,-) 
  BF1_2_mul_175_29_g15825/Y  -       B->Y   R     XNOR2x1_ASAP7_75t_SL      1  2.1    25    18     538    (-,-) 
  BF1_2_mult_p_reg[43]/D     -       -      R     DFFHQx4_ASAP7_75t_SL      1    -     -     0     538    (-,-) 
#---------------------------------------------------------------------------------------------------------------



Path 2: VIOLATED (-34 ps) Setup Check with Pin BF1_2_mult_p_reg[43]/CLK->D
          Group: clk
     Startpoint: (R) BF1_1_modei_reg[2]/CLK
          Clock: (R) clk
       Endpoint: (R) BF1_2_mult_p_reg[43]/D
          Clock: (R) clk

                     Capture       Launch     
        Clock Edge:+     540            0     
       Src Latency:+       0            0     
       Net Latency:+       0 (I)        0 (I) 
           Arrival:=     540            0     
                                              
             Setup:-       9                  
       Uncertainty:-      27                  
     Required Time:=     504                  
      Launch Clock:-       0                  
         Data Path:-     538                  
             Slack:=     -34                  

#--------------------------------------------------------------------------------------------------------------
#       Timing Point        Flags    Arc   Edge         Cell          Fanout Load Trans Delay Arrival Instance 
#                                                                            (fF)  (ps)  (ps)   (ps)  Location 
#--------------------------------------------------------------------------------------------------------------
  BF1_1_modei_reg[2]/CLK    -       -      R     (arrival)              3513    -     0     0       0    (-,-) 
  BF1_1_modei_reg[2]/Q      -       CLK->Q F     DFFHQx4_ASAP7_75t_SL      1  5.3    12    45      45    (-,-) 
  fopt119686/Y              -       A->Y   R     INVx6_ASAP7_75t_SL        4  7.0    12     8      53    (-,-) 
  g119401/Y                 -       A->Y   R     AND3x4_ASAP7_75t_SL       2  7.2    19    23      75    (-,-) 
  fopt103749_dup119400/Y    -       A->Y   R     BUFx12f_ASAP7_75t_SL      4 14.3    14    16      91    (-,-) 
  fopt116044/Y              -       A->Y   R     BUFx12f_ASAP7_75t_SL      8 19.5    17    17     108    (-,-) 
  fopt105790/Y              -       A->Y   F     INVx6_ASAP7_75t_SL        4  6.1    10     6     115    (-,-) 
  g59534__101426/Y          -       B->Y   F     AND2x2_ASAP7_75t_SL       2  4.4    17    19     133    (-,-) 
  g58802__97918_dup/Y       -       B->Y   F     OR2x6_ASAP7_75t_SL        7 12.8    19    24     158    (-,-) 
  g118318/Y                 -       A->Y   R     INVx2_ASAP7_75t_SL        1  2.6    14     9     167    (-,-) 
  g118316/Y                 -       B->Y   F     NAND2x1_ASAP7_75t_SL      1  2.1    17     9     176    (-,-) 
  g118315/Y                 -       B->Y   F     OA21x2_ASAP7_75t_SL       2  4.1    16    18     194    (-,-) 
  BF1_2_mul_175_29_g17260/Y -       B2->Y  F     OA22x2_ASAP7_75t_SL       2  5.1    20    26     220    (-,-) 
  BF1_2_mul_175_29_g17122/Y -       B->Y   F     XNOR2x1_ASAP7_75t_SL      1  2.6    20    20     239    (-,-) 
  g104416/Y                 -       B->Y   F     XOR2x2_ASAP7_75t_SL       2  5.1    20    25     265    (-,-) 
  g104415/Y                 -       B->Y   F     XNOR2x1_ASAP7_75t_SL      1  2.6    28    20     284    (-,-) 
  g214/Y                    -       B->Y   R     XOR2x2_ASAP7_75t_SL       2  4.2    19    32     316    (-,-) 
  g104305/Y                 -       A->Y   F     XOR2x2_ASAP7_75t_SL       1  3.2    15    22     338    (-,-) 
  g116504/Y                 -       A->Y   F     XNOR2x1_ASAP7_75t_SL      2  3.8    25    20     359    (-,-) 
  g116503/Y                 -       B->Y   F     XOR2x2_ASAP7_75t_SL       1  3.2    15    23     382    (-,-) 
  g102535/Y                 -       A->Y   F     XNOR2x1_ASAP7_75t_SL      2  4.0    26    21     402    (-,-) 
  g102536/Y                 -       B->Y   F     AND2x4_ASAP7_75t_SL       1  4.0    10    18     421    (-,-) 
  g107/Y                    -       A->Y   R     INVx4_ASAP7_75t_SL        4  6.6    14     9     430    (-,-) 
  g468/Y                    -       B->Y   R     AND3x2_ASAP7_75t_SL       2  4.9    23    26     456    (-,-) 
  g125563/Y                 -       B1->Y  F     AOI22x1_ASAP7_75t_SL      1  2.1    21    11     466    (-,-) 
  g118325/Y                 -       B->Y   F     OA21x2_ASAP7_75t_SL       1  4.0    16    19     485    (-,-) 
  g118324/Y                 -       A->Y   F     BUFx12f_ASAP7_75t_SL     14 26.2    18    19     505    (-,-) 
  g118322/Y                 -       A2->Y  R     OAI21x1_ASAP7_75t_SL      1  3.2    29    16     520    (-,-) 
  BF1_2_mul_175_29_g15825/Y -       B->Y   R     XNOR2x1_ASAP7_75t_SL      1  2.1    25    18     538    (-,-) 
  BF1_2_mult_p_reg[43]/D    -       -      R     DFFHQx4_ASAP7_75t_SL      1    -     -     0     538    (-,-) 
#--------------------------------------------------------------------------------------------------------------



Path 3: VIOLATED (-34 ps) Setup Check with Pin BF1_2_mult_p_reg[43]/CLK->D
          Group: clk
     Startpoint: (R) BF1_1_modei_reg[1]/CLK
          Clock: (R) clk
       Endpoint: (R) BF1_2_mult_p_reg[43]/D
          Clock: (R) clk

                     Capture       Launch     
        Clock Edge:+     540            0     
       Src Latency:+       0            0     
       Net Latency:+       0 (I)        0 (I) 
           Arrival:=     540            0     
                                              
             Setup:-       9                  
       Uncertainty:-      27                  
     Required Time:=     504                  
      Launch Clock:-       0                  
         Data Path:-     538                  
             Slack:=     -34                  

#-----------------------------------------------------------------------------------------------------------------------
#         Timing Point           Flags    Arc    Edge          Cell            Fanout Load Trans Delay Arrival Instance 
#                                                                                     (fF)  (ps)  (ps)   (ps)  Location 
#-----------------------------------------------------------------------------------------------------------------------
  BF1_1_modei_reg[1]/CLK         -       -       R     (arrival)                 3513    -     0     0       0    (-,-) 
  BF1_1_modei_reg[1]/QN          -       CLK->QN R     DFFHQNx2_ASAP7_75t_SL        1  4.0    26    41      41    (-,-) 
  g115970/Y                      -       A->Y    F     INVx4_ASAP7_75t_SL           3  5.5    14     8      50    (-,-) 
  g119401/Y                      -       B->Y    F     AND3x4_ASAP7_75t_SL          2  7.2    16    24      73    (-,-) 
  fopt103749_dup119400/Y         -       A->Y    F     BUFx12f_ASAP7_75t_SL         4 14.3    12    16      90    (-,-) 
  fopt116044/Y                   -       A->Y    F     BUFx12f_ASAP7_75t_SL         8 19.5    15    17     107    (-,-) 
  fopt105790/Y                   -       A->Y    R     INVx6_ASAP7_75t_SL           4  6.1    11     8     115    (-,-) 
  g59530__2883/Y                 -       B2->Y   R     AO22x2_ASAP7_75t_SL          1  4.0    20    20     135    (-,-) 
  g59525/Y                       -       A->Y    R     BUFx12f_ASAP7_75t_SL        14 29.5    23    20     156    (-,-) 
  BF1_2_mul_175_29_g18309/Y      -       A->Y    F     CKINVDCx16_ASAP7_75t_SL     10 14.3    12     8     163    (-,-) 
  BF1_2_mul_175_29_g107788/Y     -       A2->Y   F     OA22x2_ASAP7_75t_SL          2  4.0    17    22     185    (-,-) 
  g107792/Y                      -       A2->Y   F     OA22x2_ASAP7_75t_SL          2  5.0    20    25     210    (-,-) 
  g120038/Y                      -       A->Y    F     XNOR2x1_ASAP7_75t_SL         2  4.8    29    23     233    (-,-) 
  g119018_dup/Y                  -       B->Y    F     XNOR2x1_ASAP7_75t_SL         1  2.7    24    21     254    (-,-) 
  g120039/Y                      -       B->Y    F     MAJx2_ASAP7_75t_SL           2  3.7    16    27     281    (-,-) 
  g117492/Y                      -       B->Y    R     XNOR2x2_ASAP7_75t_SL         2  4.9    22    26     308    (-,-) 
  BF1_2_mul_175_29_g101295_dup/Y -       B->Y    R     XNOR2x1_ASAP7_75t_SL         1  3.1    28    19     326    (-,-) 
  BF1_2_mul_175_29_g105370/Y     -       A->Y    R     XNOR2x1_ASAP7_75t_SL         1  3.2    30    21     348    (-,-) 
  g107247/Y                      -       B->Y    R     XNOR2x1_ASAP7_75t_SL         2  3.8    33    20     368    (-,-) 
  g107246/Y                      -       B->Y    F     XNOR2x2_ASAP7_75t_SL         2  5.4    20    32     400    (-,-) 
  g107245/Y                      -       A->Y    R     NAND2x1p5_ASAP7_75t_SL       2  4.0    24    16     415    (-,-) 
  g116655/Y                      -       A->Y    F     INVx2_ASAP7_75t_L            2  4.7    19    14     429    (-,-) 
  g116659/Y                      -       A->Y    R     NOR2x2_ASAP7_75t_SL          2  4.0    21    11     441    (-,-) 
  BF1_2_mul_175_29_g116660/Y     -       A->Y    R     AND2x4_ASAP7_75t_SL          3  6.3    15    17     458    (-,-) 
  g467/Y                         -       A->Y    F     NAND2x1p5_ASAP7_75t_SL       1  2.1    15     7     464    (-,-) 
  g118325/Y                      -       A1->Y   F     OA21x2_ASAP7_75t_SL          1  4.0    16    21     485    (-,-) 
  g118324/Y                      -       A->Y    F     BUFx12f_ASAP7_75t_SL        14 26.2    18    19     505    (-,-) 
  g118322/Y                      -       A2->Y   R     OAI21x1_ASAP7_75t_SL         1  3.2    29    16     520    (-,-) 
  BF1_2_mul_175_29_g15825/Y      -       B->Y    R     XNOR2x1_ASAP7_75t_SL         1  2.1    25    18     538    (-,-) 
  BF1_2_mult_p_reg[43]/D         -       -       R     DFFHQx4_ASAP7_75t_SL         1    -     -     0     538    (-,-) 
#-----------------------------------------------------------------------------------------------------------------------



Path 4: VIOLATED (-34 ps) Setup Check with Pin BF1_2_mult_p_reg[43]/CLK->D
          Group: clk
     Startpoint: (R) BF1_1_modei_reg[2]/CLK
          Clock: (R) clk
       Endpoint: (R) BF1_2_mult_p_reg[43]/D
          Clock: (R) clk

                     Capture       Launch     
        Clock Edge:+     540            0     
       Src Latency:+       0            0     
       Net Latency:+       0 (I)        0 (I) 
           Arrival:=     540            0     
                                              
             Setup:-       9                  
       Uncertainty:-      27                  
     Required Time:=     504                  
      Launch Clock:-       0                  
         Data Path:-     538                  
             Slack:=     -34                  

#----------------------------------------------------------------------------------------------------------------
#       Timing Point         Flags    Arc   Edge         Cell           Fanout Load Trans Delay Arrival Instance 
#                                                                              (fF)  (ps)  (ps)   (ps)  Location 
#----------------------------------------------------------------------------------------------------------------
  BF1_1_modei_reg[2]/CLK     -       -      R     (arrival)               3513    -     0     0       0    (-,-) 
  BF1_1_modei_reg[2]/Q       -       CLK->Q F     DFFHQx4_ASAP7_75t_SL       1  5.3    12    45      45    (-,-) 
  fopt119686/Y               -       A->Y   R     INVx6_ASAP7_75t_SL         4  7.0    12     8      53    (-,-) 
  g119401/Y                  -       A->Y   R     AND3x4_ASAP7_75t_SL        2  7.2    19    23      75    (-,-) 
  fopt103749_dup119400/Y     -       A->Y   R     BUFx12f_ASAP7_75t_SL       4 14.3    14    16      91    (-,-) 
  fopt117245/Y               -       A->Y   R     BUFx12f_ASAP7_75t_SL      13 25.6    20    18     110    (-,-) 
  fopt117258/Y               -       A->Y   F     INVx3_ASAP7_75t_SL         2  3.4    12     7     117    (-,-) 
  g59636__6161/Y             -       B2->Y  F     AO22x2_ASAP7_75t_SL        2  5.4    21    24     141    (-,-) 
  g110339/Y                  -       A->Y   F     BUFx6f_ASAP7_75t_SL       12 18.8    21    22     164    (-,-) 
  BF1_2_mul_175_29_g17765/Y  -       B2->Y  F     OA22x2_ASAP7_75t_SL        2  4.1    18    26     189    (-,-) 
  fopt117212/Y               -       A->Y   R     INVx2_ASAP7_75t_SL         1  2.1    12     8     197    (-,-) 
  BF1_2_mul_175_29_g119711/Y -       A2->Y  R     AO22x2_ASAP7_75t_SL        2  4.9    22    23     220    (-,-) 
  BF1_2_mul_175_29_g17112/Y  -       A->Y   R     XNOR2x1_ASAP7_75t_SL       1  2.4    24    19     239    (-,-) 
  g103141/Y                  -       A->Y   F     XOR2x2_ASAP7_75t_SL        2  4.5    18    24     264    (-,-) 
  g107242/Y                  -       B->Y   F     XNOR2x1_ASAP7_75t_SL       1  3.2    24    20     284    (-,-) 
  g756/Y                     -       A->Y   F     XNOR2x1_ASAP7_75t_SL       2  3.9    26    22     306    (-,-) 
  g752/Y                     -       A->Y   F     MAJx2_ASAP7_75t_SL         2  4.6    18    27     333    (-,-) 
  g118994/Y                  -       B->Y   F     XNOR2x1_ASAP7_75t_SL       2  4.5    28    23     356    (-,-) 
  BF1_2_mul_175_29_g104065/Y -       A->Y   F     XNOR2x1_ASAP7_75t_SL       2  4.0    28    23     379    (-,-) 
  g104859/Y                  -       B->Y   R     XNOR2x2_ASAP7_75t_SL       1  3.1    16    26     404    (-,-) 
  g104858/Y                  -       A->Y   F     NOR2x1p5_ASAP7_75t_SL      2  4.6    21    14     418    (-,-) 
  BF1_2_mul_175_29_g15926/Y  -       A->Y   R     NOR2x2_ASAP7_75t_SL        2  3.4    18    11     429    (-,-) 
  g468/Y                     -       A->Y   R     AND3x2_ASAP7_75t_SL        2  4.9    23    27     456    (-,-) 
  g125563/Y                  -       B1->Y  F     AOI22x1_ASAP7_75t_SL       1  2.1    21    11     466    (-,-) 
  g118325/Y                  -       B->Y   F     OA21x2_ASAP7_75t_SL        1  4.0    16    19     485    (-,-) 
  g118324/Y                  -       A->Y   F     BUFx12f_ASAP7_75t_SL      14 26.2    18    19     505    (-,-) 
  g118322/Y                  -       A2->Y  R     OAI21x1_ASAP7_75t_SL       1  3.2    29    16     520    (-,-) 
  BF1_2_mul_175_29_g15825/Y  -       B->Y   R     XNOR2x1_ASAP7_75t_SL       1  2.1    25    18     538    (-,-) 
  BF1_2_mult_p_reg[43]/D     -       -      R     DFFHQx4_ASAP7_75t_SL       1    -     -     0     538    (-,-) 
#----------------------------------------------------------------------------------------------------------------



Path 5: VIOLATED (-34 ps) Setup Check with Pin BF1_2_mult_p_reg[43]/CLK->D
          Group: clk
     Startpoint: (R) BF1_1_modei_reg[1]/CLK
          Clock: (R) clk
       Endpoint: (R) BF1_2_mult_p_reg[43]/D
          Clock: (R) clk

                     Capture       Launch     
        Clock Edge:+     540            0     
       Src Latency:+       0            0     
       Net Latency:+       0 (I)        0 (I) 
           Arrival:=     540            0     
                                              
             Setup:-       9                  
       Uncertainty:-      27                  
     Required Time:=     504                  
      Launch Clock:-       0                  
         Data Path:-     538                  
             Slack:=     -34                  

#-----------------------------------------------------------------------------------------------------------------
#       Timing Point         Flags    Arc    Edge         Cell           Fanout Load Trans Delay Arrival Instance 
#                                                                               (fF)  (ps)  (ps)   (ps)  Location 
#-----------------------------------------------------------------------------------------------------------------
  BF1_1_modei_reg[1]/CLK     -       -       R     (arrival)               3513    -     0     0       0    (-,-) 
  BF1_1_modei_reg[1]/QN      -       CLK->QN R     DFFHQNx2_ASAP7_75t_SL      1  4.0    26    41      41    (-,-) 
  g115970/Y                  -       A->Y    F     INVx4_ASAP7_75t_SL         3  5.5    14     8      50    (-,-) 
  g119401/Y                  -       B->Y    F     AND3x4_ASAP7_75t_SL        2  7.2    16    24      73    (-,-) 
  fopt103749_dup119400/Y     -       A->Y    F     BUFx12f_ASAP7_75t_SL       4 14.3    12    16      90    (-,-) 
  fopt117245/Y               -       A->Y    F     BUFx12f_ASAP7_75t_SL      13 25.6    18    18     108    (-,-) 
  fopt117258/Y               -       A->Y    R     INVx3_ASAP7_75t_SL         2  3.4    13     9     117    (-,-) 
  g59636__6161/Y             -       B2->Y   R     AO22x2_ASAP7_75t_SL        2  5.4    24    23     140    (-,-) 
  g110338/Y                  -       A->Y    F     INVx3_ASAP7_75t_SL        11 16.1    34    20     160    (-,-) 
  BF1_2_mul_175_29_g17909/Y  -       B1->Y   R     AOI22xp5_ASAP7_75t_SL      2  4.1    62    35     194    (-,-) 
  BF1_2_mul_175_29_g17476/Y  -       A2->Y   F     OAI22x1_ASAP7_75t_SL       2  3.7    36    20     214    (-,-) 
  BF1_2_mul_175_29_g17120/Y  -       B->Y    R     XNOR2x2_ASAP7_75t_SL       1  3.2    17    27     242    (-,-) 
  g106289/Y                  -       B->Y    R     XNOR2x1_ASAP7_75t_SL       2  3.7    33    19     261    (-,-) 
  g119604/Y                  -       B->Y    F     XNOR2x2_ASAP7_75t_SL       2  4.9    20    31     292    (-,-) 
  g106284_dup/Y              -       B->Y    F     XNOR2x1_ASAP7_75t_SL       1  3.2    23    21     312    (-,-) 
  g119605/Y                  -       A->Y    R     XNOR2x1_ASAP7_75t_SL       1  3.2    30    18     330    (-,-) 
  BF1_2_mul_175_29_g18499/Y  -       A->Y    R     XOR2x1_ASAP7_75t_SL        2  3.8    32    23     354    (-,-) 
  BF1_2_mul_175_29_g16185/Y  -       B->Y    F     XNOR2x2_ASAP7_75t_SL       2  3.9    16    29     383    (-,-) 
  BF1_2_mul_175_29_g100458/Y -       B->Y    F     AND2x4_ASAP7_75t_SL        4  8.1    15    19     402    (-,-) 
  g100461/Y                  -       A->Y    R     NOR4xp75_ASAP7_75t_SL      1  2.6    36    17     419    (-,-) 
  g102189/Y                  -       B->Y    R     AND2x4_ASAP7_75t_SL        3  5.3    14    19     438    (-,-) 
  g116270/Y                  -       A1->Y   F     OAI21x1_ASAP7_75t_SL       1  2.6    20    10     448    (-,-) 
  BF1_2_mul_175_29_g112704/Y -       B->Y    F     AND2x4_ASAP7_75t_SL        2  3.4    10    16     465    (-,-) 
  g118325/Y                  -       A2->Y   F     OA21x2_ASAP7_75t_SL        1  4.0    16    21     485    (-,-) 
  g118324/Y                  -       A->Y    F     BUFx12f_ASAP7_75t_SL      14 26.2    18    19     505    (-,-) 
  g118322/Y                  -       A2->Y   R     OAI21x1_ASAP7_75t_SL       1  3.2    29    16     520    (-,-) 
  BF1_2_mul_175_29_g15825/Y  -       B->Y    R     XNOR2x1_ASAP7_75t_SL       1  2.1    25    18     538    (-,-) 
  BF1_2_mult_p_reg[43]/D     -       -       R     DFFHQx4_ASAP7_75t_SL       1    -     -     0     538    (-,-) 
#-----------------------------------------------------------------------------------------------------------------



Path 6: VIOLATED (-34 ps) Setup Check with Pin BF1_2_mult_p_reg[43]/CLK->D
          Group: clk
     Startpoint: (R) BF1_1_modei_reg[2]/CLK
          Clock: (R) clk
       Endpoint: (R) BF1_2_mult_p_reg[43]/D
          Clock: (R) clk

                     Capture       Launch     
        Clock Edge:+     540            0     
       Src Latency:+       0            0     
       Net Latency:+       0 (I)        0 (I) 
           Arrival:=     540            0     
                                              
             Setup:-       9                  
       Uncertainty:-      27                  
     Required Time:=     504                  
      Launch Clock:-       0                  
         Data Path:-     538                  
             Slack:=     -34                  

#------------------------------------------------------------------------------------------------------------------
#       Timing Point         Flags    Arc   Edge          Cell            Fanout Load Trans Delay Arrival Instance 
#                                                                                (fF)  (ps)  (ps)   (ps)  Location 
#------------------------------------------------------------------------------------------------------------------
  BF1_1_modei_reg[2]/CLK     -       -      R     (arrival)                 3513    -     0     0       0    (-,-) 
  BF1_1_modei_reg[2]/Q       -       CLK->Q F     DFFHQx4_ASAP7_75t_SL         1  5.3    12    45      45    (-,-) 
  fopt119686/Y               -       A->Y   R     INVx6_ASAP7_75t_SL           4  7.0    12     8      53    (-,-) 
  g119401/Y                  -       A->Y   R     AND3x4_ASAP7_75t_SL          2  7.2    19    23      75    (-,-) 
  fopt103749_dup119400/Y     -       A->Y   R     BUFx12f_ASAP7_75t_SL         4 14.3    14    16      91    (-,-) 
  fopt117245/Y               -       A->Y   R     BUFx12f_ASAP7_75t_SL        13 25.6    20    18     110    (-,-) 
  fopt117257/Y               -       A->Y   F     INVx8_ASAP7_75t_SL           4  6.1    10     6     116    (-,-) 
  g59541__119424/Y           -       B2->Y  F     AO22x2_ASAP7_75t_SL          1  4.0    18    22     138    (-,-) 
  g59537/Y                   -       A->Y   F     BUFx12f_ASAP7_75t_SL        14 32.3    22    21     159    (-,-) 
  BF1_2_mul_175_29_g18119/Y  -       A->Y   R     CKINVDCx16_ASAP7_75t_SL     11 17.4    15    10     169    (-,-) 
  BF1_2_mul_175_29_g17877/Y  -       A2->Y  F     OAI22xp5_ASAP7_75t_SL        2  3.4    42    20     190    (-,-) 
  g116589/Y                  -       B2->Y  F     AO22x2_ASAP7_75t_SL          2  5.0    20    30     220    (-,-) 
  g118297/Y                  -       B->Y   F     XNOR2x1_ASAP7_75t_SL         2  5.0    31    24     244    (-,-) 
  g118296/Y                  -       A->Y   F     XNOR2x1_ASAP7_75t_SL         1  2.5    32    20     264    (-,-) 
  BF1_2_mul_175_29_g16700/Y  -       A->Y   R     XOR2x2_ASAP7_75t_SL          2  4.5    20    32     296    (-,-) 
  g104812/Y                  -       A->Y   R     XOR2x1_ASAP7_75t_SL          1  3.1    29    21     317    (-,-) 
  g104811/Y                  -       A->Y   R     XNOR2x1_ASAP7_75t_SL         2  3.7    34    22     339    (-,-) 
  g118974/Y                  -       A->Y   F     XOR2x2_ASAP7_75t_SL          2  4.0    17    24     364    (-,-) 
  g106802/Y                  -       B->Y   F     AND2x4_ASAP7_75t_SL          3  5.7    12    18     381    (-,-) 
  g116508/Y                  -       C->Y   R     AOI211x1_ASAP7_75t_SL        1  2.4    32    16     398    (-,-) 
  g116507/Y                  -       C->Y   R     AO211x2_ASAP7_75t_SL         2  3.9    19    25     422    (-,-) 
  g102189/Y                  -       A->Y   R     AND2x4_ASAP7_75t_SL          3  5.3    14    16     438    (-,-) 
  g116270/Y                  -       A1->Y  F     OAI21x1_ASAP7_75t_SL         1  2.6    20    10     448    (-,-) 
  BF1_2_mul_175_29_g112704/Y -       B->Y   F     AND2x4_ASAP7_75t_SL          2  3.4    10    16     465    (-,-) 
  g118325/Y                  -       A2->Y  F     OA21x2_ASAP7_75t_SL          1  4.0    16    21     485    (-,-) 
  g118324/Y                  -       A->Y   F     BUFx12f_ASAP7_75t_SL        14 26.2    18    19     505    (-,-) 
  g118322/Y                  -       A2->Y  R     OAI21x1_ASAP7_75t_SL         1  3.2    29    16     520    (-,-) 
  BF1_2_mul_175_29_g15825/Y  -       B->Y   R     XNOR2x1_ASAP7_75t_SL         1  2.1    25    18     538    (-,-) 
  BF1_2_mult_p_reg[43]/D     -       -      R     DFFHQx4_ASAP7_75t_SL         1    -     -     0     538    (-,-) 
#------------------------------------------------------------------------------------------------------------------



Path 7: VIOLATED (-34 ps) Setup Check with Pin BF1_2_mult_p_reg[43]/CLK->D
          Group: clk
     Startpoint: (R) BF1_1_modei_reg[1]/CLK
          Clock: (R) clk
       Endpoint: (R) BF1_2_mult_p_reg[43]/D
          Clock: (R) clk

                     Capture       Launch     
        Clock Edge:+     540            0     
       Src Latency:+       0            0     
       Net Latency:+       0 (I)        0 (I) 
           Arrival:=     540            0     
                                              
             Setup:-       9                  
       Uncertainty:-      27                  
     Required Time:=     504                  
      Launch Clock:-       0                  
         Data Path:-     538                  
             Slack:=     -34                  

#-------------------------------------------------------------------------------------------------------------------
#       Timing Point         Flags    Arc    Edge          Cell            Fanout Load Trans Delay Arrival Instance 
#                                                                                 (fF)  (ps)  (ps)   (ps)  Location 
#-------------------------------------------------------------------------------------------------------------------
  BF1_1_modei_reg[1]/CLK     -       -       R     (arrival)                 3513    -     0     0       0    (-,-) 
  BF1_1_modei_reg[1]/QN      -       CLK->QN R     DFFHQNx2_ASAP7_75t_SL        1  4.0    26    41      41    (-,-) 
  g115970/Y                  -       A->Y    F     INVx4_ASAP7_75t_SL           3  5.5    14     8      50    (-,-) 
  g119401/Y                  -       B->Y    F     AND3x4_ASAP7_75t_SL          2  7.2    16    24      73    (-,-) 
  fopt119402/Y               -       A->Y    F     BUFx12f_ASAP7_75t_SL         4 13.7    12    16      90    (-,-) 
  fopt116768/Y               -       A->Y    F     BUFx12f_ASAP7_75t_SL        20 31.6    21    20     110    (-,-) 
  fopt116777/Y               -       A->Y    R     INVx8_ASAP7_75t_SL           4  6.1    12     8     118    (-,-) 
  g59102__119419/Y           -       B2->Y   R     AO22x2_ASAP7_75t_SL          1  4.0    18    21     138    (-,-) 
  g113197/Y                  -       A->Y    R     BUFx12f_ASAP7_75t_SL        12 28.4    22    20     158    (-,-) 
  BF1_2_mul_175_29_g113198/Y -       A->Y    F     CKINVDCx16_ASAP7_75t_SL     11 16.2    13     8     166    (-,-) 
  g107654/Y                  -       B1->Y   R     OAI22xp5_ASAP7_75t_SL        2  3.4    56    25     191    (-,-) 
  g106147/Y                  -       B->Y    F     NAND2xp5_ASAP7_75t_SL        1  2.1    34    18     210    (-,-) 
  g106146/Y                  -       B->Y    F     OA21x2_ASAP7_75t_SL          2  4.5    18    22     231    (-,-) 
  g103203/Y                  -       A->Y    F     XNOR2x1_ASAP7_75t_SL         1  2.5    20    18     250    (-,-) 
  BF1_2_mul_175_29_g120067/Y -       A->Y    F     XOR2x2_ASAP7_75t_SL          3  6.3    22    28     278    (-,-) 
  g125166/Y                  -       B->Y    F     XNOR2x1_ASAP7_75t_SL         2  4.5    29    24     302    (-,-) 
  g120068/Y                  -       A->Y    F     XNOR2x1_ASAP7_75t_SL         1  3.2    24    21     323    (-,-) 
  g102946_dup116905/Y        -       A->Y    F     XNOR2x1_ASAP7_75t_SL         1  3.2    23    21     344    (-,-) 
  g116464/Y                  -       A->Y    F     XNOR2x1_ASAP7_75t_SL         1  3.2    23    20     364    (-,-) 
  g116974/Y                  -       A->Y    F     XNOR2x1_ASAP7_75t_SL         3  4.8    30    24     388    (-,-) 
  g119888/Y                  -       B->Y    F     AND2x4_ASAP7_75t_SL          3  7.8    15    22     410    (-,-) 
  BF1_2_mul_175_29_g119890/Y -       A->Y    R     INVx5_ASAP7_75t_SL           2  4.2    10     7     417    (-,-) 
  g119889/Y                  -       B->Y    R     AND3x4_ASAP7_75t_SL          2  3.9    13    20     437    (-,-) 
  g116270/Y                  -       B->Y    F     OAI21x1_ASAP7_75t_SL         1  2.6    20    11     448    (-,-) 
  BF1_2_mul_175_29_g112704/Y -       B->Y    F     AND2x4_ASAP7_75t_SL          2  3.4    10    16     465    (-,-) 
  g118325/Y                  -       A2->Y   F     OA21x2_ASAP7_75t_SL          1  4.0    16    21     485    (-,-) 
  g118324/Y                  -       A->Y    F     BUFx12f_ASAP7_75t_SL        14 26.2    18    19     505    (-,-) 
  g118322/Y                  -       A2->Y   R     OAI21x1_ASAP7_75t_SL         1  3.2    29    16     520    (-,-) 
  BF1_2_mul_175_29_g15825/Y  -       B->Y    R     XNOR2x1_ASAP7_75t_SL         1  2.1    25    18     538    (-,-) 
  BF1_2_mult_p_reg[43]/D     -       -       R     DFFHQx4_ASAP7_75t_SL         1    -     -     0     538    (-,-) 
#-------------------------------------------------------------------------------------------------------------------



Path 8: VIOLATED (-34 ps) Setup Check with Pin BF1_2_mult_p_reg[43]/CLK->D
          Group: clk
     Startpoint: (R) BF1_1_modei_reg[1]/CLK
          Clock: (R) clk
       Endpoint: (R) BF1_2_mult_p_reg[43]/D
          Clock: (R) clk

                     Capture       Launch     
        Clock Edge:+     540            0     
       Src Latency:+       0            0     
       Net Latency:+       0 (I)        0 (I) 
           Arrival:=     540            0     
                                              
             Setup:-       9                  
       Uncertainty:-      27                  
     Required Time:=     504                  
      Launch Clock:-       0                  
         Data Path:-     538                  
             Slack:=     -34                  

#-----------------------------------------------------------------------------------------------------------------
#       Timing Point         Flags    Arc    Edge         Cell           Fanout Load Trans Delay Arrival Instance 
#                                                                               (fF)  (ps)  (ps)   (ps)  Location 
#-----------------------------------------------------------------------------------------------------------------
  BF1_1_modei_reg[1]/CLK     -       -       R     (arrival)               3513    -     0     0       0    (-,-) 
  BF1_1_modei_reg[1]/QN      -       CLK->QN R     DFFHQNx2_ASAP7_75t_SL      1  4.0    26    41      41    (-,-) 
  g115970/Y                  -       A->Y    F     INVx4_ASAP7_75t_SL         3  5.5    14     8      50    (-,-) 
  g119401/Y                  -       B->Y    F     AND3x4_ASAP7_75t_SL        2  7.2    16    24      73    (-,-) 
  fopt103749_dup119400/Y     -       A->Y    F     BUFx12f_ASAP7_75t_SL       4 14.3    12    16      90    (-,-) 
  fopt119404/Y               -       A->Y    F     BUFx12f_ASAP7_75t_SL      13 28.1    19    19     109    (-,-) 
  fopt119412/Y               -       A->Y    R     INVx4_ASAP7_75t_SL         4  6.1    16    10     119    (-,-) 
  g59590__98485/Y            -       B->Y    R     AND2x2_ASAP7_75t_SL        2  5.2    22    21     141    (-,-) 
  fopt112043/Y               -       A->Y    F     INVx3_ASAP7_75t_SL         3  7.0    18    11     152    (-,-) 
  g190/Y                     -       B->Y    F     AND2x4_ASAP7_75t_SL        4  6.5    13    18     170    (-,-) 
  g116356/Y                  -       B2->Y   F     OA22x2_ASAP7_75t_SL        2  3.4    16    22     193    (-,-) 
  BF1_2_mul_175_29_g17397/Y  -       B2->Y   R     OAI22xp5_ASAP7_75t_SL      2  4.4    67    32     225    (-,-) 
  g283/Y                     -       C->Y    R     MAJx2_ASAP7_75t_SL         3  6.3    27    28     252    (-,-) 
  g118785/Y                  -       B->Y    R     XNOR2x1_ASAP7_75t_SL       1  3.1    29    19     272    (-,-) 
  g118784/Y                  -       A->Y    R     XNOR2x1_ASAP7_75t_SL       2  3.7    33    22     294    (-,-) 
  g118783/Y                  -       A->Y    R     MAJx2_ASAP7_75t_SL         2  4.5    20    25     319    (-,-) 
  g116550/Y                  -       C->Y    R     MAJx2_ASAP7_75t_SL         2  3.9    19    21     340    (-,-) 
  BF1_2_mul_175_29_g16184/Y  -       B->Y    F     XNOR2x2_ASAP7_75t_SL       1  3.2    15    27     367    (-,-) 
  g106296/Y                  -       A->Y    F     XNOR2x1_ASAP7_75t_SL       2  3.9    25    21     388    (-,-) 
  BF1_2_mul_175_29_g16053/Y  -       B->Y    F     AND2x4_ASAP7_75t_SL        3  6.5    13    20     408    (-,-) 
  BF1_2_mul_175_29_g15976/Y  -       B->Y    R     NOR2x2_ASAP7_75t_SL        1  2.6    14     9     417    (-,-) 
  g119889/Y                  -       A->Y    R     AND3x4_ASAP7_75t_SL        2  3.9    13    20     437    (-,-) 
  g116270/Y                  -       B->Y    F     OAI21x1_ASAP7_75t_SL       1  2.6    20    11     448    (-,-) 
  BF1_2_mul_175_29_g112704/Y -       B->Y    F     AND2x4_ASAP7_75t_SL        2  3.4    10    16     465    (-,-) 
  g118325/Y                  -       A2->Y   F     OA21x2_ASAP7_75t_SL        1  4.0    16    21     485    (-,-) 
  g118324/Y                  -       A->Y    F     BUFx12f_ASAP7_75t_SL      14 26.2    18    19     505    (-,-) 
  g118322/Y                  -       A2->Y   R     OAI21x1_ASAP7_75t_SL       1  3.2    29    16     520    (-,-) 
  BF1_2_mul_175_29_g15825/Y  -       B->Y    R     XNOR2x1_ASAP7_75t_SL       1  2.1    25    18     538    (-,-) 
  BF1_2_mult_p_reg[43]/D     -       -       R     DFFHQx4_ASAP7_75t_SL       1    -     -     0     538    (-,-) 
#-----------------------------------------------------------------------------------------------------------------



Path 9: VIOLATED (-34 ps) Setup Check with Pin BF1_2_mult_p_reg[43]/CLK->D
          Group: clk
     Startpoint: (R) BF1_1_modei_reg[1]/CLK
          Clock: (R) clk
       Endpoint: (R) BF1_2_mult_p_reg[43]/D
          Clock: (R) clk

                     Capture       Launch     
        Clock Edge:+     540            0     
       Src Latency:+       0            0     
       Net Latency:+       0 (I)        0 (I) 
           Arrival:=     540            0     
                                              
             Setup:-       9                  
       Uncertainty:-      27                  
     Required Time:=     504                  
      Launch Clock:-       0                  
         Data Path:-     538                  
             Slack:=     -34                  

#-------------------------------------------------------------------------------------------------------------------
#       Timing Point         Flags    Arc    Edge          Cell            Fanout Load Trans Delay Arrival Instance 
#                                                                                 (fF)  (ps)  (ps)   (ps)  Location 
#-------------------------------------------------------------------------------------------------------------------
  BF1_1_modei_reg[1]/CLK     -       -       R     (arrival)                 3513    -     0     0       0    (-,-) 
  BF1_1_modei_reg[1]/QN      -       CLK->QN R     DFFHQNx2_ASAP7_75t_SL        1  4.0    26    41      41    (-,-) 
  g115970/Y                  -       A->Y    F     INVx4_ASAP7_75t_SL           3  5.5    14     8      50    (-,-) 
  g119401/Y                  -       B->Y    F     AND3x4_ASAP7_75t_SL          2  7.2    16    24      73    (-,-) 
  fopt103749_dup119400/Y     -       A->Y    F     BUFx12f_ASAP7_75t_SL         4 14.3    12    16      90    (-,-) 
  fopt116044/Y               -       A->Y    F     BUFx12f_ASAP7_75t_SL         8 19.5    15    17     107    (-,-) 
  fopt105790/Y               -       A->Y    R     INVx6_ASAP7_75t_SL           4  6.1    11     8     115    (-,-) 
  g59530__2883/Y             -       B2->Y   R     AO22x2_ASAP7_75t_SL          1  4.0    20    20     135    (-,-) 
  g59525/Y                   -       A->Y    R     BUFx12f_ASAP7_75t_SL        14 29.5    23    20     156    (-,-) 
  BF1_2_mul_175_29_g18309/Y  -       A->Y    F     CKINVDCx16_ASAP7_75t_SL     10 14.3    12     8     163    (-,-) 
  BF1_2_mul_175_29_g17729/Y  -       B2->Y   F     AO22x2_ASAP7_75t_SL          2  3.5    17    22     185    (-,-) 
  BF1_2_mul_175_29_g17587/Y  -       A->Y    R     INVx1_ASAP7_75t_SL           1  2.1    18    12     197    (-,-) 
  BF1_2_mul_175_29_g17330/Y  -       B1->Y   R     OA22x2_ASAP7_75t_SL          2  5.1    22    23     220    (-,-) 
  BF1_2_mul_175_29_g99254/Y  -       B->Y    R     MAJx2_ASAP7_75t_SL           2  3.9    19    25     244    (-,-) 
  BF1_2_mul_175_29_g16735/Y  -       A->Y    F     XNOR2x2_ASAP7_75t_SL         1  3.2    16    28     272    (-,-) 
  g103420/Y                  -       B->Y    F     XNOR2x1_ASAP7_75t_SL         2  4.0    34    22     294    (-,-) 
  g103419/Y                  -       A->Y    R     XNOR2x2_ASAP7_75t_SL         1  2.5    14    24     318    (-,-) 
  g515/Y                     -       B->Y    F     XNOR2x2_ASAP7_75t_SL         2  4.6    18    29     347    (-,-) 
  g118301/Y                  -       A->Y    F     XNOR2x1_ASAP7_75t_SL         1  3.2    22    20     366    (-,-) 
  g118300/Y                  -       A->Y    F     XNOR2x1_ASAP7_75t_SL         2  3.8    25    22     388    (-,-) 
  g116171/Y                  -       B->Y    F     AND2x4_ASAP7_75t_SL          3  6.4    13    20     408    (-,-) 
  BF1_2_mul_175_29_g15976/Y  -       A->Y    R     NOR2x2_ASAP7_75t_SL          1  2.6    14     9     417    (-,-) 
  g119889/Y                  -       A->Y    R     AND3x4_ASAP7_75t_SL          2  3.9    13    20     437    (-,-) 
  g116270/Y                  -       B->Y    F     OAI21x1_ASAP7_75t_SL         1  2.6    20    11     448    (-,-) 
  BF1_2_mul_175_29_g112704/Y -       B->Y    F     AND2x4_ASAP7_75t_SL          2  3.4    10    16     465    (-,-) 
  g118325/Y                  -       A2->Y   F     OA21x2_ASAP7_75t_SL          1  4.0    16    21     485    (-,-) 
  g118324/Y                  -       A->Y    F     BUFx12f_ASAP7_75t_SL        14 26.2    18    19     505    (-,-) 
  g118322/Y                  -       A2->Y   R     OAI21x1_ASAP7_75t_SL         1  3.2    29    16     520    (-,-) 
  BF1_2_mul_175_29_g15825/Y  -       B->Y    R     XNOR2x1_ASAP7_75t_SL         1  2.1    25    18     538    (-,-) 
  BF1_2_mult_p_reg[43]/D     -       -       R     DFFHQx4_ASAP7_75t_SL         1    -     -     0     538    (-,-) 
#-------------------------------------------------------------------------------------------------------------------



Path 10: VIOLATED (-34 ps) Setup Check with Pin BF1_2_mult_p_reg[43]/CLK->D
          Group: clk
     Startpoint: (R) BF1_1_modei_reg[2]/CLK
          Clock: (R) clk
       Endpoint: (R) BF1_2_mult_p_reg[43]/D
          Clock: (R) clk

                     Capture       Launch     
        Clock Edge:+     540            0     
       Src Latency:+       0            0     
       Net Latency:+       0 (I)        0 (I) 
           Arrival:=     540            0     
                                              
             Setup:-       9                  
       Uncertainty:-      27                  
     Required Time:=     504                  
      Launch Clock:-       0                  
         Data Path:-     538                  
             Slack:=     -34                  

#---------------------------------------------------------------------------------------------------------------
#       Timing Point         Flags    Arc   Edge         Cell          Fanout Load Trans Delay Arrival Instance 
#                                                                             (fF)  (ps)  (ps)   (ps)  Location 
#---------------------------------------------------------------------------------------------------------------
  BF1_1_modei_reg[2]/CLK     -       -      R     (arrival)              3513    -     0     0       0    (-,-) 
  BF1_1_modei_reg[2]/Q       -       CLK->Q F     DFFHQx4_ASAP7_75t_SL      1  5.3    12    45      45    (-,-) 
  fopt119686/Y               -       A->Y   R     INVx6_ASAP7_75t_SL        4  7.0    12     8      53    (-,-) 
  g119401/Y                  -       A->Y   R     AND3x4_ASAP7_75t_SL       2  7.2    19    23      75    (-,-) 
  fopt103749_dup119400/Y     -       A->Y   R     BUFx12f_ASAP7_75t_SL      4 14.3    14    16      91    (-,-) 
  fopt116044/Y               -       A->Y   R     BUFx12f_ASAP7_75t_SL      8 19.5    17    17     108    (-,-) 
  fopt116046/Y               -       A->Y   F     INVx4_ASAP7_75t_SL        3  4.7    11     7     115    (-,-) 
  g59518__119874/Y           -       B2->Y  F     AO22x2_ASAP7_75t_SL       1  4.0    17    22     137    (-,-) 
  g119873/Y                  -       A->Y   F     BUFx12f_ASAP7_75t_SL     13 25.6    18    20     157    (-,-) 
  BF1_2_mul_175_29_g119872/Y -       A->Y   R     INVx13_ASAP7_75t_SL       9 13.2    14     9     166    (-,-) 
  BF1_2_mul_175_29_g119880/Y -       A2->Y  R     OA22x2_ASAP7_75t_SL       2  3.9    18    21     187    (-,-) 
  g116972/Y                  -       B1->Y  F     OAI22x1_ASAP7_75t_SL      2  3.7    35    14     201    (-,-) 
  g103/Y                     -       A->Y   R     XOR2x2_ASAP7_75t_SL       2  4.1    19    32     233    (-,-) 
  g178/Y                     -       A->Y   R     XNOR2x1_ASAP7_75t_SL      1  3.2    33    20     253    (-,-) 
  g118183/Y                  -       B->Y   R     XNOR2x1_ASAP7_75t_SL      2  4.4    37    22     274    (-,-) 
  g118182/Y                  -       A->Y   R     XNOR2x1_ASAP7_75t_SL      1  2.6    28    21     296    (-,-) 
  g118788/Y                  -       B->Y   F     XOR2x2_ASAP7_75t_SL       3  5.8    21    25     320    (-,-) 
  g514/Y                     -       A->Y   F     MAJx2_ASAP7_75t_SL        2  4.5    18    26     346    (-,-) 
  g118301/Y                  -       B->Y   F     XNOR2x1_ASAP7_75t_SL      1  3.2    22    20     366    (-,-) 
  g118300/Y                  -       A->Y   F     XNOR2x1_ASAP7_75t_SL      2  3.8    25    22     388    (-,-) 
  g116171/Y                  -       B->Y   F     AND2x4_ASAP7_75t_SL       3  6.4    13    20     408    (-,-) 
  BF1_2_mul_175_29_g15976/Y  -       A->Y   R     NOR2x2_ASAP7_75t_SL       1  2.6    14     9     417    (-,-) 
  g119889/Y                  -       A->Y   R     AND3x4_ASAP7_75t_SL       2  3.9    13    20     437    (-,-) 
  g116270/Y                  -       B->Y   F     OAI21x1_ASAP7_75t_SL      1  2.6    20    11     448    (-,-) 
  BF1_2_mul_175_29_g112704/Y -       B->Y   F     AND2x4_ASAP7_75t_SL       2  3.4    10    16     465    (-,-) 
  g118325/Y                  -       A2->Y  F     OA21x2_ASAP7_75t_SL       1  4.0    16    21     485    (-,-) 
  g118324/Y                  -       A->Y   F     BUFx12f_ASAP7_75t_SL     14 26.2    18    19     505    (-,-) 
  g118322/Y                  -       A2->Y  R     OAI21x1_ASAP7_75t_SL      1  3.2    29    16     520    (-,-) 
  BF1_2_mul_175_29_g15825/Y  -       B->Y   R     XNOR2x1_ASAP7_75t_SL      1  2.1    25    18     538    (-,-) 
  BF1_2_mult_p_reg[43]/D     -       -      R     DFFHQx4_ASAP7_75t_SL      1    -     -     0     538    (-,-) 
#---------------------------------------------------------------------------------------------------------------



Path 11: VIOLATED (-34 ps) Setup Check with Pin BF1_2_mult_p_reg[43]/CLK->D
          Group: clk
     Startpoint: (R) BF1_1_modei_reg[2]/CLK
          Clock: (R) clk
       Endpoint: (R) BF1_2_mult_p_reg[43]/D
          Clock: (R) clk

                     Capture       Launch     
        Clock Edge:+     540            0     
       Src Latency:+       0            0     
       Net Latency:+       0 (I)        0 (I) 
           Arrival:=     540            0     
                                              
             Setup:-       9                  
       Uncertainty:-      27                  
     Required Time:=     504                  
      Launch Clock:-       0                  
         Data Path:-     538                  
             Slack:=     -34                  

#----------------------------------------------------------------------------------------------------------------
#       Timing Point         Flags    Arc   Edge         Cell           Fanout Load Trans Delay Arrival Instance 
#                                                                              (fF)  (ps)  (ps)   (ps)  Location 
#----------------------------------------------------------------------------------------------------------------
  BF1_1_modei_reg[2]/CLK     -       -      R     (arrival)               3513    -     0     0       0    (-,-) 
  BF1_1_modei_reg[2]/Q       -       CLK->Q F     DFFHQx4_ASAP7_75t_SL       1  5.3    12    45      45    (-,-) 
  fopt119686/Y               -       A->Y   R     INVx6_ASAP7_75t_SL         4  7.0    12     8      53    (-,-) 
  g119401/Y                  -       A->Y   R     AND3x4_ASAP7_75t_SL        2  7.2    19    23      75    (-,-) 
  fopt103749_dup119400/Y     -       A->Y   R     BUFx12f_ASAP7_75t_SL       4 14.3    14    16      91    (-,-) 
  fopt116044/Y               -       A->Y   R     BUFx12f_ASAP7_75t_SL       8 19.5    17    17     108    (-,-) 
  fopt105790/Y               -       A->Y   F     INVx6_ASAP7_75t_SL         4  6.1    10     6     115    (-,-) 
  g59534__101426/Y           -       B->Y   F     AND2x2_ASAP7_75t_SL        2  4.4    17    19     133    (-,-) 
  g58802__101424/Y           -       B->Y   F     OR2x6_ASAP7_75t_SL         7 14.9    21    25     158    (-,-) 
  fopt103719/Y               -       A->Y   F     BUFx6f_ASAP7_75t_SL        3  7.0    11    17     175    (-,-) 
  fopt103717/Y               -       A->Y   R     INVx4_ASAP7_75t_SL         2  3.4     9     6     182    (-,-) 
  BF1_2_mul_175_29_g101430/Y -       A1->Y  F     OAI22xp5_ASAP7_75t_SL      1  2.1    35    14     196    (-,-) 
  BF1_2_mul_175_29_g17313/Y  -       B->Y   F     AO21x2_ASAP7_75t_SL        2  3.7    17    25     221    (-,-) 
  g283/Y                     -       A->Y   F     MAJx2_ASAP7_75t_SL         3  6.3    24    27     248    (-,-) 
  g118785/Y                  -       B->Y   F     XNOR2x1_ASAP7_75t_SL       1  3.2    24    21     270    (-,-) 
  g118784/Y                  -       A->Y   F     XNOR2x1_ASAP7_75t_SL       2  3.8    25    22     291    (-,-) 
  g118788/Y                  -       A->Y   F     XOR2x2_ASAP7_75t_SL        3  5.8    21    29     320    (-,-) 
  g514/Y                     -       A->Y   F     MAJx2_ASAP7_75t_SL         2  4.5    18    26     346    (-,-) 
  g118301/Y                  -       B->Y   F     XNOR2x1_ASAP7_75t_SL       1  3.2    22    20     366    (-,-) 
  g118300/Y                  -       A->Y   F     XNOR2x1_ASAP7_75t_SL       2  3.8    25    22     388    (-,-) 
  g116171/Y                  -       B->Y   F     AND2x4_ASAP7_75t_SL        3  6.4    13    20     408    (-,-) 
  BF1_2_mul_175_29_g15976/Y  -       A->Y   R     NOR2x2_ASAP7_75t_SL        1  2.6    14     9     417    (-,-) 
  g119889/Y                  -       A->Y   R     AND3x4_ASAP7_75t_SL        2  3.9    13    20     437    (-,-) 
  g116270/Y                  -       B->Y   F     OAI21x1_ASAP7_75t_SL       1  2.6    20    11     448    (-,-) 
  BF1_2_mul_175_29_g112704/Y -       B->Y   F     AND2x4_ASAP7_75t_SL        2  3.4    10    16     465    (-,-) 
  g118325/Y                  -       A2->Y  F     OA21x2_ASAP7_75t_SL        1  4.0    16    21     485    (-,-) 
  g118324/Y                  -       A->Y   F     BUFx12f_ASAP7_75t_SL      14 26.2    18    19     505    (-,-) 
  g118322/Y                  -       A2->Y  R     OAI21x1_ASAP7_75t_SL       1  3.2    29    16     520    (-,-) 
  BF1_2_mul_175_29_g15825/Y  -       B->Y   R     XNOR2x1_ASAP7_75t_SL       1  2.1    25    18     538    (-,-) 
  BF1_2_mult_p_reg[43]/D     -       -      R     DFFHQx4_ASAP7_75t_SL       1    -     -     0     538    (-,-) 
#----------------------------------------------------------------------------------------------------------------



Path 12: VIOLATED (-34 ps) Setup Check with Pin BF1_2_mult_p_reg[43]/CLK->D
          Group: clk
     Startpoint: (R) BF1_1_modei_reg[1]/CLK
          Clock: (R) clk
       Endpoint: (R) BF1_2_mult_p_reg[43]/D
          Clock: (R) clk

                     Capture       Launch     
        Clock Edge:+     540            0     
       Src Latency:+       0            0     
       Net Latency:+       0 (I)        0 (I) 
           Arrival:=     540            0     
                                              
             Setup:-       9                  
       Uncertainty:-      27                  
     Required Time:=     504                  
      Launch Clock:-       0                  
         Data Path:-     538                  
             Slack:=     -34                  

#-----------------------------------------------------------------------------------------------------------------
#       Timing Point         Flags    Arc    Edge         Cell           Fanout Load Trans Delay Arrival Instance 
#                                                                               (fF)  (ps)  (ps)   (ps)  Location 
#-----------------------------------------------------------------------------------------------------------------
  BF1_1_modei_reg[1]/CLK     -       -       R     (arrival)               3513    -     0     0       0    (-,-) 
  BF1_1_modei_reg[1]/QN      -       CLK->QN R     DFFHQNx2_ASAP7_75t_SL      1  4.0    26    41      41    (-,-) 
  g115970/Y                  -       A->Y    F     INVx4_ASAP7_75t_SL         3  5.5    14     8      50    (-,-) 
  g119401/Y                  -       B->Y    F     AND3x4_ASAP7_75t_SL        2  7.2    16    24      73    (-,-) 
  fopt103749_dup119400/Y     -       A->Y    F     BUFx12f_ASAP7_75t_SL       4 14.3    12    16      90    (-,-) 
  fopt116050/Y               -       A->Y    R     INVx5_ASAP7_75t_SL        11 19.7    30    16     106    (-,-) 
  fopt116051/Y               -       A->Y    F     INVx5_ASAP7_75t_SL         3  4.7    13     7     113    (-,-) 
  g59617__100715/Y           -       B1->Y   F     OA22x2_ASAP7_75t_SL        1  6.5    23    26     139    (-,-) 
  g100714/Y                  -       A->Y    R     INVx8_ASAP7_75t_SL        13 26.9    29    18     157    (-,-) 
  BF1_2_mul_175_29_g100713/Y -       A->Y    F     INVx8_ASAP7_75t_SL         8 14.5    18    10     167    (-,-) 
  BF1_2_mul_175_29_g100723/Y -       B1->Y   R     AOI22xp5_ASAP7_75t_SL      2  3.9    62    30     197    (-,-) 
  BF1_2_mul_175_29_g17372/Y  -       A1->Y   F     OAI22x1_ASAP7_75t_L        2  3.3    36    24     221    (-,-) 
  BF1_2_mul_175_29_g117346/Y -       A->Y    F     MAJx2_ASAP7_75t_SL         2  4.4    18    28     250    (-,-) 
  g118185/Y                  -       C->Y    F     MAJx2_ASAP7_75t_SL         2  4.6    18    25     275    (-,-) 
  g118182/Y                  -       B->Y    F     XNOR2x1_ASAP7_75t_SL       1  2.6    22    19     294    (-,-) 
  g118788/Y                  -       B->Y    F     XOR2x2_ASAP7_75t_SL        3  5.8    21    27     320    (-,-) 
  g514/Y                     -       A->Y    F     MAJx2_ASAP7_75t_SL         2  4.5    18    26     346    (-,-) 
  g118301/Y                  -       B->Y    F     XNOR2x1_ASAP7_75t_SL       1  3.2    22    20     366    (-,-) 
  g118300/Y                  -       A->Y    F     XNOR2x1_ASAP7_75t_SL       2  3.8    25    22     388    (-,-) 
  g116171/Y                  -       B->Y    F     AND2x4_ASAP7_75t_SL        3  6.4    13    20     408    (-,-) 
  BF1_2_mul_175_29_g15976/Y  -       A->Y    R     NOR2x2_ASAP7_75t_SL        1  2.6    14     9     417    (-,-) 
  g119889/Y                  -       A->Y    R     AND3x4_ASAP7_75t_SL        2  3.9    13    20     437    (-,-) 
  g116270/Y                  -       B->Y    F     OAI21x1_ASAP7_75t_SL       1  2.6    20    11     448    (-,-) 
  BF1_2_mul_175_29_g112704/Y -       B->Y    F     AND2x4_ASAP7_75t_SL        2  3.4    10    16     465    (-,-) 
  g118325/Y                  -       A2->Y   F     OA21x2_ASAP7_75t_SL        1  4.0    16    21     485    (-,-) 
  g118324/Y                  -       A->Y    F     BUFx12f_ASAP7_75t_SL      14 26.2    18    19     505    (-,-) 
  g118322/Y                  -       A2->Y   R     OAI21x1_ASAP7_75t_SL       1  3.2    29    16     520    (-,-) 
  BF1_2_mul_175_29_g15825/Y  -       B->Y    R     XNOR2x1_ASAP7_75t_SL       1  2.1    25    18     538    (-,-) 
  BF1_2_mult_p_reg[43]/D     -       -       R     DFFHQx4_ASAP7_75t_SL       1    -     -     0     538    (-,-) 
#-----------------------------------------------------------------------------------------------------------------



Path 13: VIOLATED (-34 ps) Setup Check with Pin BF1_2_mult_p_reg[42]/CLK->D
          Group: clk
     Startpoint: (R) BF1_1_modei_reg[2]/CLK
          Clock: (R) clk
       Endpoint: (R) BF1_2_mult_p_reg[42]/D
          Clock: (R) clk

                     Capture       Launch     
        Clock Edge:+     540            0     
       Src Latency:+       0            0     
       Net Latency:+       0 (I)        0 (I) 
           Arrival:=     540            0     
                                              
             Setup:-       9                  
       Uncertainty:-      27                  
     Required Time:=     504                  
      Launch Clock:-       0                  
         Data Path:-     538                  
             Slack:=     -34                  

#---------------------------------------------------------------------------------------------------------------
#       Timing Point         Flags    Arc   Edge         Cell          Fanout Load Trans Delay Arrival Instance 
#                                                                             (fF)  (ps)  (ps)   (ps)  Location 
#---------------------------------------------------------------------------------------------------------------
  BF1_1_modei_reg[2]/CLK     -       -      R     (arrival)              3513    -     0     0       0    (-,-) 
  BF1_1_modei_reg[2]/Q       -       CLK->Q F     DFFHQx4_ASAP7_75t_SL      1  5.3    12    45      45    (-,-) 
  fopt119686/Y               -       A->Y   R     INVx6_ASAP7_75t_SL        4  7.0    12     8      53    (-,-) 
  g119401/Y                  -       A->Y   R     AND3x4_ASAP7_75t_SL       2  7.2    19    23      75    (-,-) 
  fopt103749_dup119400/Y     -       A->Y   R     BUFx12f_ASAP7_75t_SL      4 14.3    14    16      91    (-,-) 
  fopt116044/Y               -       A->Y   R     BUFx12f_ASAP7_75t_SL      8 19.5    17    17     108    (-,-) 
  fopt116046/Y               -       A->Y   F     INVx4_ASAP7_75t_SL        3  4.7    11     7     115    (-,-) 
  g59518__119874/Y           -       B2->Y  F     AO22x2_ASAP7_75t_SL       1  4.0    17    22     137    (-,-) 
  g119873/Y                  -       A->Y   F     BUFx12f_ASAP7_75t_SL     13 25.6    18    20     157    (-,-) 
  BF1_2_mul_175_29_g119872/Y -       A->Y   R     INVx13_ASAP7_75t_SL       9 13.2    14     9     166    (-,-) 
  BF1_2_mul_175_29_g119880/Y -       A2->Y  R     OA22x2_ASAP7_75t_SL       2  3.9    18    21     187    (-,-) 
  g116972/Y                  -       B1->Y  F     OAI22x1_ASAP7_75t_SL      2  3.7    35    14     201    (-,-) 
  g103/Y                     -       A->Y   F     XOR2x2_ASAP7_75t_SL       2  4.2    18    29     229    (-,-) 
  g178/Y                     -       A->Y   F     XNOR2x1_ASAP7_75t_SL      1  3.2    27    20     249    (-,-) 
  g118183/Y                  -       B->Y   F     XNOR2x1_ASAP7_75t_SL      2  4.5    30    24     274    (-,-) 
  g118182/Y                  -       A->Y   F     XNOR2x1_ASAP7_75t_SL      1  2.6    22    20     294    (-,-) 
  g118788/Y                  -       B->Y   F     XOR2x2_ASAP7_75t_SL       3  5.8    21    27     320    (-,-) 
  g514/Y                     -       A->Y   F     MAJx2_ASAP7_75t_SL        2  4.5    18    26     346    (-,-) 
  g118301/Y                  -       B->Y   F     XNOR2x1_ASAP7_75t_SL      1  3.2    22    20     367    (-,-) 
  g118300/Y                  -       A->Y   F     XNOR2x1_ASAP7_75t_SL      2  3.8    25    22     388    (-,-) 
  g116171/Y                  -       B->Y   F     AND2x4_ASAP7_75t_SL       3  6.4    13    20     408    (-,-) 
  BF1_2_mul_175_29_g15976/Y  -       A->Y   R     NOR2x2_ASAP7_75t_SL       1  2.6    14     9     417    (-,-) 
  g119889/Y                  -       A->Y   R     AND3x4_ASAP7_75t_SL       2  3.9    13    20     437    (-,-) 
  g116270/Y                  -       B->Y   F     OAI21x1_ASAP7_75t_SL      1  2.6    20    11     448    (-,-) 
  BF1_2_mul_175_29_g112704/Y -       B->Y   F     AND2x4_ASAP7_75t_SL       2  3.4    10    16     465    (-,-) 
  g118325/Y                  -       A2->Y  F     OA21x2_ASAP7_75t_SL       1  4.0    16    21     485    (-,-) 
  g118324/Y                  -       A->Y   F     BUFx12f_ASAP7_75t_SL     14 26.2    18    19     505    (-,-) 
  BF1_2_mul_175_29_g15847/Y  -       A2->Y  R     OAI21x1_ASAP7_75t_SL      1  3.2    28    16     520    (-,-) 
  BF1_2_mul_175_29_g15826/Y  -       B->Y   R     XNOR2x1_ASAP7_75t_SL      1  2.1    24    18     538    (-,-) 
  BF1_2_mult_p_reg[42]/D     -       -      R     DFFHQx4_ASAP7_75t_SL      1    -     -     0     538    (-,-) 
#---------------------------------------------------------------------------------------------------------------



Path 14: VIOLATED (-34 ps) Setup Check with Pin BF1_2_mult_p_reg[41]/CLK->D
          Group: clk
     Startpoint: (R) BF1_1_modei_reg[2]/CLK
          Clock: (R) clk
       Endpoint: (R) BF1_2_mult_p_reg[41]/D
          Clock: (R) clk

                     Capture       Launch     
        Clock Edge:+     540            0     
       Src Latency:+       0            0     
       Net Latency:+       0 (I)        0 (I) 
           Arrival:=     540            0     
                                              
             Setup:-       9                  
       Uncertainty:-      27                  
     Required Time:=     504                  
      Launch Clock:-       0                  
         Data Path:-     538                  
             Slack:=     -34                  

#---------------------------------------------------------------------------------------------------------------
#       Timing Point         Flags    Arc   Edge         Cell          Fanout Load Trans Delay Arrival Instance 
#                                                                             (fF)  (ps)  (ps)   (ps)  Location 
#---------------------------------------------------------------------------------------------------------------
  BF1_1_modei_reg[2]/CLK     -       -      R     (arrival)              3513    -     0     0       0    (-,-) 
  BF1_1_modei_reg[2]/Q       -       CLK->Q F     DFFHQx4_ASAP7_75t_SL      1  5.3    12    45      45    (-,-) 
  fopt119686/Y               -       A->Y   R     INVx6_ASAP7_75t_SL        4  7.0    12     8      53    (-,-) 
  g119401/Y                  -       A->Y   R     AND3x4_ASAP7_75t_SL       2  7.2    19    23      75    (-,-) 
  fopt103749_dup119400/Y     -       A->Y   R     BUFx12f_ASAP7_75t_SL      4 14.3    14    16      91    (-,-) 
  fopt116044/Y               -       A->Y   R     BUFx12f_ASAP7_75t_SL      8 19.5    17    17     108    (-,-) 
  fopt116046/Y               -       A->Y   F     INVx4_ASAP7_75t_SL        3  4.7    11     7     115    (-,-) 
  g59518__119874/Y           -       B2->Y  F     AO22x2_ASAP7_75t_SL       1  4.0    17    22     137    (-,-) 
  g119873/Y                  -       A->Y   F     BUFx12f_ASAP7_75t_SL     13 25.6    18    20     157    (-,-) 
  BF1_2_mul_175_29_g119872/Y -       A->Y   R     INVx13_ASAP7_75t_SL       9 13.2    14     9     166    (-,-) 
  BF1_2_mul_175_29_g119880/Y -       A2->Y  R     OA22x2_ASAP7_75t_SL       2  3.9    18    21     187    (-,-) 
  g116972/Y                  -       B1->Y  F     OAI22x1_ASAP7_75t_SL      2  3.7    35    14     201    (-,-) 
  g103/Y                     -       A->Y   F     XOR2x2_ASAP7_75t_SL       2  4.2    18    29     229    (-,-) 
  g178/Y                     -       A->Y   F     XNOR2x1_ASAP7_75t_SL      1  3.2    27    20     249    (-,-) 
  g118183/Y                  -       B->Y   F     XNOR2x1_ASAP7_75t_SL      2  4.5    30    24     274    (-,-) 
  g118182/Y                  -       A->Y   F     XNOR2x1_ASAP7_75t_SL      1  2.6    22    20     294    (-,-) 
  g118788/Y                  -       B->Y   F     XOR2x2_ASAP7_75t_SL       3  5.8    21    27     320    (-,-) 
  g514/Y                     -       A->Y   F     MAJx2_ASAP7_75t_SL        2  4.5    18    26     346    (-,-) 
  g118301/Y                  -       B->Y   F     XNOR2x1_ASAP7_75t_SL      1  3.2    22    20     367    (-,-) 
  g118300/Y                  -       A->Y   F     XNOR2x1_ASAP7_75t_SL      2  3.8    25    22     388    (-,-) 
  g116171/Y                  -       B->Y   F     AND2x4_ASAP7_75t_SL       3  6.4    13    20     408    (-,-) 
  BF1_2_mul_175_29_g15976/Y  -       A->Y   R     NOR2x2_ASAP7_75t_SL       1  2.6    14     9     417    (-,-) 
  g119889/Y                  -       A->Y   R     AND3x4_ASAP7_75t_SL       2  3.9    13    20     437    (-,-) 
  g116270/Y                  -       B->Y   F     OAI21x1_ASAP7_75t_SL      1  2.6    20    11     448    (-,-) 
  BF1_2_mul_175_29_g112704/Y -       B->Y   F     AND2x4_ASAP7_75t_SL       2  3.4    10    16     465    (-,-) 
  g118325/Y                  -       A2->Y  F     OA21x2_ASAP7_75t_SL       1  4.0    16    21     485    (-,-) 
  g118324/Y                  -       A->Y   F     BUFx12f_ASAP7_75t_SL     14 26.2    18    19     505    (-,-) 
  BF1_2_mul_175_29_g15845/Y  -       A2->Y  R     OAI21x1_ASAP7_75t_SL      1  3.2    29    16     520    (-,-) 
  BF1_2_mul_175_29_g15821/Y  -       B->Y   R     XNOR2x1_ASAP7_75t_SL      1  2.1    25    18     538    (-,-) 
  BF1_2_mult_p_reg[41]/D     -       -      R     DFFHQx4_ASAP7_75t_SL      1    -     -     0     538    (-,-) 
#---------------------------------------------------------------------------------------------------------------



Path 15: VIOLATED (-34 ps) Setup Check with Pin BF1_2_mult_p_reg[40]/CLK->D
          Group: clk
     Startpoint: (R) BF1_1_modei_reg[2]/CLK
          Clock: (R) clk
       Endpoint: (R) BF1_2_mult_p_reg[40]/D
          Clock: (R) clk

                     Capture       Launch     
        Clock Edge:+     540            0     
       Src Latency:+       0            0     
       Net Latency:+       0 (I)        0 (I) 
           Arrival:=     540            0     
                                              
             Setup:-       9                  
       Uncertainty:-      27                  
     Required Time:=     504                  
      Launch Clock:-       0                  
         Data Path:-     538                  
             Slack:=     -34                  

#---------------------------------------------------------------------------------------------------------------
#       Timing Point         Flags    Arc   Edge         Cell          Fanout Load Trans Delay Arrival Instance 
#                                                                             (fF)  (ps)  (ps)   (ps)  Location 
#---------------------------------------------------------------------------------------------------------------
  BF1_1_modei_reg[2]/CLK     -       -      R     (arrival)              3513    -     0     0       0    (-,-) 
  BF1_1_modei_reg[2]/Q       -       CLK->Q F     DFFHQx4_ASAP7_75t_SL      1  5.3    12    45      45    (-,-) 
  fopt119686/Y               -       A->Y   R     INVx6_ASAP7_75t_SL        4  7.0    12     8      53    (-,-) 
  g119401/Y                  -       A->Y   R     AND3x4_ASAP7_75t_SL       2  7.2    19    23      75    (-,-) 
  fopt103749_dup119400/Y     -       A->Y   R     BUFx12f_ASAP7_75t_SL      4 14.3    14    16      91    (-,-) 
  fopt116044/Y               -       A->Y   R     BUFx12f_ASAP7_75t_SL      8 19.5    17    17     108    (-,-) 
  fopt116046/Y               -       A->Y   F     INVx4_ASAP7_75t_SL        3  4.7    11     7     115    (-,-) 
  g59518__119874/Y           -       B2->Y  F     AO22x2_ASAP7_75t_SL       1  4.0    17    22     137    (-,-) 
  g119873/Y                  -       A->Y   F     BUFx12f_ASAP7_75t_SL     13 25.6    18    20     157    (-,-) 
  BF1_2_mul_175_29_g119872/Y -       A->Y   R     INVx13_ASAP7_75t_SL       9 13.2    14     9     166    (-,-) 
  BF1_2_mul_175_29_g119880/Y -       A2->Y  R     OA22x2_ASAP7_75t_SL       2  3.9    18    21     187    (-,-) 
  g116972/Y                  -       B1->Y  F     OAI22x1_ASAP7_75t_SL      2  3.7    35    14     201    (-,-) 
  g103/Y                     -       A->Y   F     XOR2x2_ASAP7_75t_SL       2  4.2    18    29     229    (-,-) 
  g178/Y                     -       A->Y   F     XNOR2x1_ASAP7_75t_SL      1  3.2    27    20     249    (-,-) 
  g118183/Y                  -       B->Y   F     XNOR2x1_ASAP7_75t_SL      2  4.5    30    24     274    (-,-) 
  g118182/Y                  -       A->Y   F     XNOR2x1_ASAP7_75t_SL      1  2.6    22    20     294    (-,-) 
  g118788/Y                  -       B->Y   F     XOR2x2_ASAP7_75t_SL       3  5.8    21    27     320    (-,-) 
  g514/Y                     -       A->Y   F     MAJx2_ASAP7_75t_SL        2  4.5    18    26     346    (-,-) 
  g118301/Y                  -       B->Y   F     XNOR2x1_ASAP7_75t_SL      1  3.2    22    20     367    (-,-) 
  g118300/Y                  -       A->Y   F     XNOR2x1_ASAP7_75t_SL      2  3.8    25    22     388    (-,-) 
  g116171/Y                  -       B->Y   F     AND2x4_ASAP7_75t_SL       3  6.4    13    20     408    (-,-) 
  BF1_2_mul_175_29_g15976/Y  -       A->Y   R     NOR2x2_ASAP7_75t_SL       1  2.6    14     9     417    (-,-) 
  g119889/Y                  -       A->Y   R     AND3x4_ASAP7_75t_SL       2  3.9    13    20     437    (-,-) 
  g116270/Y                  -       B->Y   F     OAI21x1_ASAP7_75t_SL      1  2.6    20    11     448    (-,-) 
  BF1_2_mul_175_29_g112704/Y -       B->Y   F     AND2x4_ASAP7_75t_SL       2  3.4    10    16     465    (-,-) 
  g118325/Y                  -       A2->Y  F     OA21x2_ASAP7_75t_SL       1  4.0    16    21     485    (-,-) 
  g118324/Y                  -       A->Y   F     BUFx12f_ASAP7_75t_SL     14 26.2    18    19     505    (-,-) 
  BF1_2_mul_175_29_g15841/Y  -       A2->Y  R     OAI21x1_ASAP7_75t_SL      1  3.2    29    16     520    (-,-) 
  BF1_2_mul_175_29_g15822/Y  -       B->Y   R     XNOR2x1_ASAP7_75t_SL      1  2.1    24    18     538    (-,-) 
  BF1_2_mult_p_reg[40]/D     -       -      R     DFFHQx4_ASAP7_75t_SL      1    -     -     0     538    (-,-) 
#---------------------------------------------------------------------------------------------------------------



Path 16: VIOLATED (-34 ps) Setup Check with Pin BF1_2_mult_p_reg[39]/CLK->D
          Group: clk
     Startpoint: (R) BF1_1_modei_reg[2]/CLK
          Clock: (R) clk
       Endpoint: (R) BF1_2_mult_p_reg[39]/D
          Clock: (R) clk

                     Capture       Launch     
        Clock Edge:+     540            0     
       Src Latency:+       0            0     
       Net Latency:+       0 (I)        0 (I) 
           Arrival:=     540            0     
                                              
             Setup:-       9                  
       Uncertainty:-      27                  
     Required Time:=     504                  
      Launch Clock:-       0                  
         Data Path:-     538                  
             Slack:=     -34                  

#---------------------------------------------------------------------------------------------------------------
#       Timing Point         Flags    Arc   Edge         Cell          Fanout Load Trans Delay Arrival Instance 
#                                                                             (fF)  (ps)  (ps)   (ps)  Location 
#---------------------------------------------------------------------------------------------------------------
  BF1_1_modei_reg[2]/CLK     -       -      R     (arrival)              3513    -     0     0       0    (-,-) 
  BF1_1_modei_reg[2]/Q       -       CLK->Q F     DFFHQx4_ASAP7_75t_SL      1  5.3    12    45      45    (-,-) 
  fopt119686/Y               -       A->Y   R     INVx6_ASAP7_75t_SL        4  7.0    12     8      53    (-,-) 
  g119401/Y                  -       A->Y   R     AND3x4_ASAP7_75t_SL       2  7.2    19    23      75    (-,-) 
  fopt103749_dup119400/Y     -       A->Y   R     BUFx12f_ASAP7_75t_SL      4 14.3    14    16      91    (-,-) 
  fopt116044/Y               -       A->Y   R     BUFx12f_ASAP7_75t_SL      8 19.5    17    17     108    (-,-) 
  fopt116046/Y               -       A->Y   F     INVx4_ASAP7_75t_SL        3  4.7    11     7     115    (-,-) 
  g59518__119874/Y           -       B2->Y  F     AO22x2_ASAP7_75t_SL       1  4.0    17    22     137    (-,-) 
  g119873/Y                  -       A->Y   F     BUFx12f_ASAP7_75t_SL     13 25.6    18    20     157    (-,-) 
  BF1_2_mul_175_29_g119872/Y -       A->Y   R     INVx13_ASAP7_75t_SL       9 13.2    14     9     166    (-,-) 
  BF1_2_mul_175_29_g119880/Y -       A2->Y  R     OA22x2_ASAP7_75t_SL       2  3.9    18    21     187    (-,-) 
  g116972/Y                  -       B1->Y  F     OAI22x1_ASAP7_75t_SL      2  3.7    35    14     201    (-,-) 
  g103/Y                     -       A->Y   F     XOR2x2_ASAP7_75t_SL       2  4.2    18    29     229    (-,-) 
  g178/Y                     -       A->Y   F     XNOR2x1_ASAP7_75t_SL      1  3.2    27    20     249    (-,-) 
  g118183/Y                  -       B->Y   F     XNOR2x1_ASAP7_75t_SL      2  4.5    30    24     274    (-,-) 
  g118182/Y                  -       A->Y   F     XNOR2x1_ASAP7_75t_SL      1  2.6    22    20     294    (-,-) 
  g118788/Y                  -       B->Y   F     XOR2x2_ASAP7_75t_SL       3  5.8    21    27     320    (-,-) 
  g514/Y                     -       A->Y   F     MAJx2_ASAP7_75t_SL        2  4.5    18    26     346    (-,-) 
  g118301/Y                  -       B->Y   F     XNOR2x1_ASAP7_75t_SL      1  3.2    22    20     367    (-,-) 
  g118300/Y                  -       A->Y   F     XNOR2x1_ASAP7_75t_SL      2  3.8    25    22     388    (-,-) 
  g116171/Y                  -       B->Y   F     AND2x4_ASAP7_75t_SL       3  6.4    13    20     408    (-,-) 
  BF1_2_mul_175_29_g15976/Y  -       A->Y   R     NOR2x2_ASAP7_75t_SL       1  2.6    14     9     417    (-,-) 
  g119889/Y                  -       A->Y   R     AND3x4_ASAP7_75t_SL       2  3.9    13    20     437    (-,-) 
  g116270/Y                  -       B->Y   F     OAI21x1_ASAP7_75t_SL      1  2.6    20    11     448    (-,-) 
  BF1_2_mul_175_29_g112704/Y -       B->Y   F     AND2x4_ASAP7_75t_SL       2  3.4    10    16     465    (-,-) 
  g118325/Y                  -       A2->Y  F     OA21x2_ASAP7_75t_SL       1  4.0    16    21     485    (-,-) 
  g118324/Y                  -       A->Y   F     BUFx12f_ASAP7_75t_SL     14 26.2    18    19     505    (-,-) 
  BF1_2_mul_175_29_g15849/Y  -       A2->Y  R     OAI21x1_ASAP7_75t_SL      1  3.2    28    16     520    (-,-) 
  BF1_2_mul_175_29_g15823/Y  -       B->Y   R     XNOR2x1_ASAP7_75t_SL      1  2.1    24    18     538    (-,-) 
  BF1_2_mult_p_reg[39]/D     -       -      R     DFFHQx4_ASAP7_75t_SL      1    -     -     0     538    (-,-) 
#---------------------------------------------------------------------------------------------------------------



Path 17: VIOLATED (-34 ps) Setup Check with Pin BF1_2_mult_p_reg[38]/CLK->D
          Group: clk
     Startpoint: (R) BF1_1_modei_reg[2]/CLK
          Clock: (R) clk
       Endpoint: (R) BF1_2_mult_p_reg[38]/D
          Clock: (R) clk

                     Capture       Launch     
        Clock Edge:+     540            0     
       Src Latency:+       0            0     
       Net Latency:+       0 (I)        0 (I) 
           Arrival:=     540            0     
                                              
             Setup:-       9                  
       Uncertainty:-      27                  
     Required Time:=     504                  
      Launch Clock:-       0                  
         Data Path:-     538                  
             Slack:=     -34                  

#---------------------------------------------------------------------------------------------------------------
#       Timing Point         Flags    Arc   Edge         Cell          Fanout Load Trans Delay Arrival Instance 
#                                                                             (fF)  (ps)  (ps)   (ps)  Location 
#---------------------------------------------------------------------------------------------------------------
  BF1_1_modei_reg[2]/CLK     -       -      R     (arrival)              3513    -     0     0       0    (-,-) 
  BF1_1_modei_reg[2]/Q       -       CLK->Q F     DFFHQx4_ASAP7_75t_SL      1  5.3    12    45      45    (-,-) 
  fopt119686/Y               -       A->Y   R     INVx6_ASAP7_75t_SL        4  7.0    12     8      53    (-,-) 
  g119401/Y                  -       A->Y   R     AND3x4_ASAP7_75t_SL       2  7.2    19    23      75    (-,-) 
  fopt103749_dup119400/Y     -       A->Y   R     BUFx12f_ASAP7_75t_SL      4 14.3    14    16      91    (-,-) 
  fopt116044/Y               -       A->Y   R     BUFx12f_ASAP7_75t_SL      8 19.5    17    17     108    (-,-) 
  fopt116046/Y               -       A->Y   F     INVx4_ASAP7_75t_SL        3  4.7    11     7     115    (-,-) 
  g59518__119874/Y           -       B2->Y  F     AO22x2_ASAP7_75t_SL       1  4.0    17    22     137    (-,-) 
  g119873/Y                  -       A->Y   F     BUFx12f_ASAP7_75t_SL     13 25.6    18    20     157    (-,-) 
  BF1_2_mul_175_29_g119872/Y -       A->Y   R     INVx13_ASAP7_75t_SL       9 13.2    14     9     166    (-,-) 
  BF1_2_mul_175_29_g119880/Y -       A2->Y  R     OA22x2_ASAP7_75t_SL       2  3.9    18    21     187    (-,-) 
  g116972/Y                  -       B1->Y  F     OAI22x1_ASAP7_75t_SL      2  3.7    35    14     201    (-,-) 
  g103/Y                     -       A->Y   F     XOR2x2_ASAP7_75t_SL       2  4.2    18    29     229    (-,-) 
  g178/Y                     -       A->Y   F     XNOR2x1_ASAP7_75t_SL      1  3.2    27    20     249    (-,-) 
  g118183/Y                  -       B->Y   F     XNOR2x1_ASAP7_75t_SL      2  4.5    30    24     274    (-,-) 
  g118182/Y                  -       A->Y   F     XNOR2x1_ASAP7_75t_SL      1  2.6    22    20     294    (-,-) 
  g118788/Y                  -       B->Y   F     XOR2x2_ASAP7_75t_SL       3  5.8    21    27     320    (-,-) 
  g514/Y                     -       A->Y   F     MAJx2_ASAP7_75t_SL        2  4.5    18    26     346    (-,-) 
  g118301/Y                  -       B->Y   F     XNOR2x1_ASAP7_75t_SL      1  3.2    22    20     367    (-,-) 
  g118300/Y                  -       A->Y   F     XNOR2x1_ASAP7_75t_SL      2  3.8    25    22     388    (-,-) 
  g116171/Y                  -       B->Y   F     AND2x4_ASAP7_75t_SL       3  6.4    13    20     408    (-,-) 
  BF1_2_mul_175_29_g15976/Y  -       A->Y   R     NOR2x2_ASAP7_75t_SL       1  2.6    14     9     417    (-,-) 
  g119889/Y                  -       A->Y   R     AND3x4_ASAP7_75t_SL       2  3.9    13    20     437    (-,-) 
  g116270/Y                  -       B->Y   F     OAI21x1_ASAP7_75t_SL      1  2.6    20    11     448    (-,-) 
  BF1_2_mul_175_29_g112704/Y -       B->Y   F     AND2x4_ASAP7_75t_SL       2  3.4    10    16     465    (-,-) 
  g118325/Y                  -       A2->Y  F     OA21x2_ASAP7_75t_SL       1  4.0    16    21     485    (-,-) 
  g118324/Y                  -       A->Y   F     BUFx12f_ASAP7_75t_SL     14 26.2    18    19     505    (-,-) 
  BF1_2_mul_175_29_g15843/Y  -       A2->Y  R     OAI21x1_ASAP7_75t_SL      1  3.2    28    16     520    (-,-) 
  BF1_2_mul_175_29_g15832/Y  -       B->Y   R     XNOR2x1_ASAP7_75t_SL      1  2.1    24    18     538    (-,-) 
  BF1_2_mult_p_reg[38]/D     -       -      R     DFFHQx4_ASAP7_75t_SL      1    -     -     0     538    (-,-) 
#---------------------------------------------------------------------------------------------------------------



Path 18: VIOLATED (-34 ps) Setup Check with Pin BF1_2_mult_p_reg[35]/CLK->D
          Group: clk
     Startpoint: (R) BF1_1_modei_reg[2]/CLK
          Clock: (R) clk
       Endpoint: (R) BF1_2_mult_p_reg[35]/D
          Clock: (R) clk

                     Capture       Launch     
        Clock Edge:+     540            0     
       Src Latency:+       0            0     
       Net Latency:+       0 (I)        0 (I) 
           Arrival:=     540            0     
                                              
             Setup:-       9                  
       Uncertainty:-      27                  
     Required Time:=     504                  
      Launch Clock:-       0                  
         Data Path:-     538                  
             Slack:=     -34                  

#---------------------------------------------------------------------------------------------------------------
#       Timing Point         Flags    Arc   Edge         Cell          Fanout Load Trans Delay Arrival Instance 
#                                                                             (fF)  (ps)  (ps)   (ps)  Location 
#---------------------------------------------------------------------------------------------------------------
  BF1_1_modei_reg[2]/CLK     -       -      R     (arrival)              3513    -     0     0       0    (-,-) 
  BF1_1_modei_reg[2]/Q       -       CLK->Q F     DFFHQx4_ASAP7_75t_SL      1  5.3    12    45      45    (-,-) 
  fopt119686/Y               -       A->Y   R     INVx6_ASAP7_75t_SL        4  7.0    12     8      53    (-,-) 
  g119401/Y                  -       A->Y   R     AND3x4_ASAP7_75t_SL       2  7.2    19    23      75    (-,-) 
  fopt103749_dup119400/Y     -       A->Y   R     BUFx12f_ASAP7_75t_SL      4 14.3    14    16      91    (-,-) 
  fopt116044/Y               -       A->Y   R     BUFx12f_ASAP7_75t_SL      8 19.5    17    17     108    (-,-) 
  fopt116046/Y               -       A->Y   F     INVx4_ASAP7_75t_SL        3  4.7    11     7     115    (-,-) 
  g59518__119874/Y           -       B2->Y  F     AO22x2_ASAP7_75t_SL       1  4.0    17    22     137    (-,-) 
  g119873/Y                  -       A->Y   F     BUFx12f_ASAP7_75t_SL     13 25.6    18    20     157    (-,-) 
  BF1_2_mul_175_29_g119872/Y -       A->Y   R     INVx13_ASAP7_75t_SL       9 13.2    14     9     166    (-,-) 
  BF1_2_mul_175_29_g119880/Y -       A2->Y  R     OA22x2_ASAP7_75t_SL       2  3.9    18    21     187    (-,-) 
  g116972/Y                  -       B1->Y  F     OAI22x1_ASAP7_75t_SL      2  3.7    35    14     201    (-,-) 
  g103/Y                     -       A->Y   F     XOR2x2_ASAP7_75t_SL       2  4.2    18    29     229    (-,-) 
  g178/Y                     -       A->Y   F     XNOR2x1_ASAP7_75t_SL      1  3.2    27    20     249    (-,-) 
  g118183/Y                  -       B->Y   F     XNOR2x1_ASAP7_75t_SL      2  4.5    30    24     274    (-,-) 
  g118182/Y                  -       A->Y   F     XNOR2x1_ASAP7_75t_SL      1  2.6    22    20     294    (-,-) 
  g118788/Y                  -       B->Y   F     XOR2x2_ASAP7_75t_SL       3  5.8    21    27     320    (-,-) 
  g514/Y                     -       A->Y   F     MAJx2_ASAP7_75t_SL        2  4.5    18    26     346    (-,-) 
  g118301/Y                  -       B->Y   F     XNOR2x1_ASAP7_75t_SL      1  3.2    22    20     367    (-,-) 
  g118300/Y                  -       A->Y   F     XNOR2x1_ASAP7_75t_SL      2  3.8    25    22     388    (-,-) 
  g116171/Y                  -       B->Y   F     AND2x4_ASAP7_75t_SL       3  6.4    13    20     408    (-,-) 
  BF1_2_mul_175_29_g15976/Y  -       A->Y   R     NOR2x2_ASAP7_75t_SL       1  2.6    14     9     417    (-,-) 
  g119889/Y                  -       A->Y   R     AND3x4_ASAP7_75t_SL       2  3.9    13    20     437    (-,-) 
  g116270/Y                  -       B->Y   F     OAI21x1_ASAP7_75t_SL      1  2.6    20    11     448    (-,-) 
  BF1_2_mul_175_29_g112704/Y -       B->Y   F     AND2x4_ASAP7_75t_SL       2  3.4    10    16     465    (-,-) 
  g118325/Y                  -       A2->Y  F     OA21x2_ASAP7_75t_SL       1  4.0    16    21     485    (-,-) 
  g118324/Y                  -       A->Y   F     BUFx12f_ASAP7_75t_SL     14 26.2    18    19     505    (-,-) 
  BF1_2_mul_175_29_g15850/Y  -       A2->Y  R     OAI21x1_ASAP7_75t_SL      1  3.2    28    16     520    (-,-) 
  BF1_2_mul_175_29_g15827/Y  -       B->Y   R     XNOR2x1_ASAP7_75t_SL      1  2.1    25    18     538    (-,-) 
  BF1_2_mult_p_reg[35]/D     -       -      R     DFFHQx4_ASAP7_75t_SL      1    -     -     0     538    (-,-) 
#---------------------------------------------------------------------------------------------------------------



Path 19: VIOLATED (-34 ps) Setup Check with Pin BF1_1_mult_p_reg[45]/CLK->D
          Group: clk
     Startpoint: (R) BF1_1_modei_reg[2]/CLK
          Clock: (R) clk
       Endpoint: (F) BF1_1_mult_p_reg[45]/D
          Clock: (R) clk

                     Capture       Launch     
        Clock Edge:+     540            0     
       Src Latency:+       0            0     
       Net Latency:+       0 (I)        0 (I) 
           Arrival:=     540            0     
                                              
             Setup:-       7                  
       Uncertainty:-      27                  
     Required Time:=     506                  
      Launch Clock:-       0                  
         Data Path:-     540                  
             Slack:=     -34                  

#---------------------------------------------------------------------------------------------------------------
#       Timing Point        Flags    Arc   Edge         Cell           Fanout Load Trans Delay Arrival Instance 
#                                                                             (fF)  (ps)  (ps)   (ps)  Location 
#---------------------------------------------------------------------------------------------------------------
  BF1_1_modei_reg[2]/CLK    -       -      R     (arrival)               3513    -     0     0       0    (-,-) 
  BF1_1_modei_reg[2]/Q      -       CLK->Q F     DFFHQx4_ASAP7_75t_SL       1  5.3    12    45      45    (-,-) 
  fopt119686/Y              -       A->Y   R     INVx6_ASAP7_75t_SL         4  7.0    12     8      53    (-,-) 
  g119401/Y                 -       A->Y   R     AND3x4_ASAP7_75t_SL        2  7.2    19    23      75    (-,-) 
  fopt103749_dup119400/Y    -       A->Y   R     BUFx12f_ASAP7_75t_SL       4 14.3    14    16      91    (-,-) 
  fopt119404/Y              -       A->Y   R     BUFx12f_ASAP7_75t_SL      13 28.1    22    19     110    (-,-) 
  fopt119413/Y              -       A->Y   F     INVx8_ASAP7_75t_SL         4  6.1    10     6     116    (-,-) 
  g58971__9315/Y            -       B2->Y  F     AO22x2_ASAP7_75t_SL        1  4.0    18    22     138    (-,-) 
  fopt97134/Y               -       A->Y   F     BUFx12f_ASAP7_75t_SL      15 34.2    22    22     160    (-,-) 
  fopt97130/Y               -       A->Y   R     INVx8_ASAP7_75t_SL         4  6.1    12     8     168    (-,-) 
  BF1_1_mul_175_29_g17951/Y -       A2->Y  F     OAI22xp5_ASAP7_75t_SL      2  3.2    41    19     187    (-,-) 
  BF1_1_mul_175_29_g17370/Y -       A2->Y  F     AO22x2_ASAP7_75t_SL        2  4.1    17    26     213    (-,-) 
  g117859/Y                 -       B->Y   F     MAJx2_ASAP7_75t_SL         2  5.1    20    28     241    (-,-) 
  g116456/Y                 -       B->Y   F     MAJx2_ASAP7_75t_SL         2  4.5    18    27     268    (-,-) 
  g116455/Y                 -       A->Y   F     XNOR2x1_ASAP7_75t_SL       1  2.5    20    18     286    (-,-) 
  g107599/Y                 -       A->Y   F     XOR2x2_ASAP7_75t_SL        2  4.2    17    25     312    (-,-) 
  g107602/Y                 -       B->Y   F     XNOR2x1_ASAP7_75t_SL       1  2.6    20    19     330    (-,-) 
  g117891/Y                 -       B->Y   R     XOR2x2_ASAP7_75t_SL        2  4.3    20    31     361    (-,-) 
  g120092/Y                 -       A->Y   R     XNOR2x1_ASAP7_75t_SL       1  3.1    28    20     381    (-,-) 
  g120091/Y                 -       A->Y   R     XNOR2x1_ASAP7_75t_SL       2  3.9    34    22     403    (-,-) 
  g118283/Y                 -       B->Y   R     OR2x2_ASAP7_75t_SL         2  4.1    18    22     425    (-,-) 
  g120115/Y                 -       B->Y   F     OAI21x1_ASAP7_75t_SL       1  2.4    19    12     437    (-,-) 
  g1731/Y                   -       A2->Y  F     AO211x2_ASAP7_75t_SL       1  2.6    13    18     455    (-,-) 
  g1729/Y                   -       B1->Y  R     AOI22x1_ASAP7_75t_SL       1  2.1    25    13     468    (-,-) 
  BF1_1_mul_175_29_g15858/Y -       B->Y   R     OA21x2_ASAP7_75t_SL        1  4.0    18    21     489    (-,-) 
  g109160/Y                 -       A->Y   R     BUFx12f_ASAP7_75t_SL      14 26.9    22    20     509    (-,-) 
  BF1_1_mul_175_29_g15840/Y -       A2->Y  F     OAI21x1_ASAP7_75t_SL       1  3.2    24    12     521    (-,-) 
  BF1_1_mul_175_29_g15820/Y -       B->Y   F     XNOR2x1_ASAP7_75t_SL       1  2.1    20    19     540    (-,-) 
  BF1_1_mult_p_reg[45]/D    -       -      F     DFFHQx4_ASAP7_75t_SL       1    -     -     0     540    (-,-) 
#---------------------------------------------------------------------------------------------------------------



Path 20: VIOLATED (-34 ps) Setup Check with Pin BF1_1_mult_p_reg[44]/CLK->D
          Group: clk
     Startpoint: (R) BF1_1_modei_reg[2]/CLK
          Clock: (R) clk
       Endpoint: (R) BF1_1_mult_p_reg[44]/D
          Clock: (R) clk

                     Capture       Launch     
        Clock Edge:+     540            0     
       Src Latency:+       0            0     
       Net Latency:+       0 (I)        0 (I) 
           Arrival:=     540            0     
                                              
             Setup:-       9                  
       Uncertainty:-      27                  
     Required Time:=     504                  
      Launch Clock:-       0                  
         Data Path:-     538                  
             Slack:=     -34                  

#------------------------------------------------------------------------------------------------------------------
#       Timing Point         Flags    Arc   Edge          Cell            Fanout Load Trans Delay Arrival Instance 
#                                                                                (fF)  (ps)  (ps)   (ps)  Location 
#------------------------------------------------------------------------------------------------------------------
  BF1_1_modei_reg[2]/CLK     -       -      R     (arrival)                 3513    -     0     0       0    (-,-) 
  BF1_1_modei_reg[2]/Q       -       CLK->Q F     DFFHQx4_ASAP7_75t_SL         1  5.3    12    45      45    (-,-) 
  fopt119686/Y               -       A->Y   R     INVx6_ASAP7_75t_SL           4  7.0    12     8      53    (-,-) 
  g119401/Y                  -       A->Y   R     AND3x4_ASAP7_75t_SL          2  7.2    19    23      75    (-,-) 
  fopt119402/Y               -       A->Y   R     BUFx12f_ASAP7_75t_SL         4 13.7    13    16      91    (-,-) 
  fopt117213/Y               -       A->Y   R     BUFx12f_ASAP7_75t_SL         7 23.9    19    18     109    (-,-) 
  fopt115262/Y               -       A->Y   F     INVx2_ASAP7_75t_SL           2  3.4    14     9     118    (-,-) 
  g59047__116787/Y           -       B2->Y  F     AO22x2_ASAP7_75t_SL          1  4.0    18    23     141    (-,-) 
  g118127/Y                  -       A->Y   F     BUFx12f_ASAP7_75t_SL        15 35.0    23    22     163    (-,-) 
  BF1_1_mul_175_29_g118130/Y -       A->Y   R     CKINVDCx16_ASAP7_75t_SL     11 18.3    16    11     174    (-,-) 
  BF1_1_mul_175_29_g17686/Y  -       A1->Y  F     OAI22x1_ASAP7_75t_SL         2  3.9    29    15     189    (-,-) 
  g103128/Y                  -       B2->Y  F     AO22x2_ASAP7_75t_SL          2  3.9    17    26     215    (-,-) 
  g844/Y                     -       C->Y   F     MAJx2_ASAP7_75t_SL           2  4.5    18    25     239    (-,-) 
  g118763/Y                  -       A->Y   F     XNOR2x1_ASAP7_75t_SL         1  2.5    19    18     258    (-,-) 
  BF1_1_mul_175_29_g16581/Y  -       A->Y   F     XOR2x2_ASAP7_75t_SL          2  4.6    18    26     284    (-,-) 
  BF1_1_mul_175_29_g16427/Y  -       B->Y   F     XNOR2x1_ASAP7_75t_SL         1  3.2    22    20     304    (-,-) 
  g116250/Y                  -       A->Y   F     XNOR2x1_ASAP7_75t_SL         2  3.5    28    21     325    (-,-) 
  g104677/Y                  -       A->Y   F     MAJx2_ASAP7_75t_SL           2  4.5    18    27     352    (-,-) 
  BF1_1_mul_175_29_g100659/Y -       A->Y   F     XNOR2x1_ASAP7_75t_SL         1  2.5    20    18     370    (-,-) 
  BF1_1_mul_175_29_g98219/Y  -       A->Y   R     XOR2x2_ASAP7_75t_SL          2  4.4    20    30     400    (-,-) 
  BF1_1_mul_175_29_g107098/Y -       B->Y   R     AND2x4_ASAP7_75t_SL          3  4.4    12    17     417    (-,-) 
  g199/Y                     -       A->Y   R     MAJx2_ASAP7_75t_SL           1  3.4    17    20     437    (-,-) 
  g107103/Y                  -       A->Y   F     INVx3_ASAP7_75t_SL           1  2.6     9     6     443    (-,-) 
  g104961/Y                  -       A2->Y  R     OAI21x1_ASAP7_75t_SL         1  2.7    24    13     456    (-,-) 
  g1729/Y                    -       A1->Y  F     AOI22x1_ASAP7_75t_SL         1  2.1    22    10     466    (-,-) 
  BF1_1_mul_175_29_g15858/Y  -       B->Y   F     OA21x2_ASAP7_75t_SL          1  4.0    16    19     485    (-,-) 
  g109160/Y                  -       A->Y   F     BUFx12f_ASAP7_75t_SL        14 26.9    19    20     505    (-,-) 
  BF1_1_mul_175_29_g15848/Y  -       A2->Y  R     OAI21x1_ASAP7_75t_SL         1  3.2    28    16     520    (-,-) 
  BF1_1_mul_175_29_g15824/Y  -       B->Y   R     XNOR2x1_ASAP7_75t_SL         1  2.1    26    18     538    (-,-) 
  BF1_1_mult_p_reg[44]/D     -       -      R     DFFHQx4_ASAP7_75t_SL         1    -     -     0     538    (-,-) 
#------------------------------------------------------------------------------------------------------------------

