============================================================
  Generated by:           Genus(TM) Synthesis Solution 25.12-s067_1
  Generated on:           Aug 11 2026  12:20:17 pm
  Module:                 butterfly2x2
  Operating conditions:   PVT_0P7V_25C 
  Interconnect mode:      global
  Area mode:              physical library
============================================================


Path 1: VIOLATED (-23 ps) Setup Check with Pin BF1_1_mult_p_reg[44]/CLK->D
          Group: clk
     Startpoint: (R) BF1_1_modei_reg[0]/CLK
          Clock: (R) clk
       Endpoint: (R) BF1_1_mult_p_reg[44]/D
          Clock: (R) clk

                     Capture       Launch     
        Clock Edge:+     573            0     
       Src Latency:+       0            0     
       Net Latency:+       0 (I)        0 (I) 
           Arrival:=     573            0     
                                              
             Setup:-      11                  
       Uncertainty:-      29                  
     Required Time:=     534                  
      Launch Clock:-       0                  
         Data Path:-     557                  
             Slack:=     -23                  

#----------------------------------------------------------------------------------------------------------------
#       Timing Point        Flags    Arc    Edge         Cell           Fanout Load Trans Delay Arrival Instance 
#                                                                              (fF)  (ps)  (ps)   (ps)  Location 
#----------------------------------------------------------------------------------------------------------------
  BF1_1_modei_reg[0]/CLK    -       -       R     (arrival)               3033    -     0     0       0    (-,-) 
  BF1_1_modei_reg[0]/QN     -       CLK->QN F     DFFHQNx2_ASAP7_75t_SL      3  9.0    39    49      49    (-,-) 
  g41079/Y                  -       A->Y    F     AND2x6_ASAP7_75t_SL       12 29.1    32    36      86    (-,-) 
  g84250/Y                  -       A->Y    F     BUFx12f_ASAP7_75t_SL      20 32.5    22    24     110    (-,-) 
  g81258/Y                  -       B->Y    F     AND2x2_ASAP7_75t_SL        1  2.6    12    19     128    (-,-) 
  g81059/Y                  -       A->Y    F     OR2x6_ASAP7_75t_SL        13 26.6    31    30     159    (-,-) 
  BF1_1_mul_175_29_g18481/Y -       A->Y    R     INVx8_ASAP7_75t_SL         7 12.2    19    12     171    (-,-) 
  BF1_1_mul_175_29_g18311/Y -       B1->Y   F     AOI22x1_ASAP7_75t_SL       2  4.1    35    15     186    (-,-) 
  BF1_1_mul_175_29_g18151/Y -       A->Y    R     INVx2_ASAP7_75t_SL         1  2.6    18    12     198    (-,-) 
  BF1_1_mul_175_29_g17665/Y -       B1->Y   F     AOI22x1_ASAP7_75t_SL       2  3.8    36    14     212    (-,-) 
  BF1_1_mul_175_29_g17383/Y -       A->Y    R     XOR2x2_ASAP7_75t_SL        1  3.1    17    30     242    (-,-) 
  BF1_1_mul_175_29_g17211/Y -       A->Y    R     XNOR2x1_ASAP7_75t_SL       2  4.9    39    22     264    (-,-) 
  BF1_1_mul_175_29_g17001/Y -       A->Y    R     XNOR2x1_ASAP7_75t_SL       1  3.1    31    22     287    (-,-) 
  BF1_1_mul_175_29_g16843/Y -       A->Y    R     XNOR2x1_ASAP7_75t_SL       2  4.7    39    24     311    (-,-) 
  BF1_1_mul_175_29_g16835/Y -       A->Y    F     INVx3_ASAP7_75t_SL         1  3.2    15     8     319    (-,-) 
  BF1_1_mul_175_29_g16671/Y -       A->Y    F     XNOR2x1_ASAP7_75t_SL       2  3.9    25    21     339    (-,-) 
  BF1_1_mul_175_29_g16502/Y -       A->Y    R     XOR2x2_ASAP7_75t_SL        2  3.7    18    30     369    (-,-) 
  BF1_1_mul_175_29_g16425/Y -       A->Y    F     XOR2x2_ASAP7_75t_SL        1  3.2    15    22     391    (-,-) 
  BF1_1_mul_175_29_g16349/Y -       A->Y    F     XNOR2x1_ASAP7_75t_SL       2  6.0    34    25     416    (-,-) 
  BF1_1_mul_175_29_g16302/Y -       B->Y    R     NAND2x2_ASAP7_75t_SL       3  5.2    27    19     434    (-,-) 
  BF1_1_mul_175_29_g16279/Y -       A->Y    R     AND2x4_ASAP7_75t_SL        3  5.7    14    17     451    (-,-) 
  BF1_1_mul_175_29_g16260/Y -       B->Y    R     AND2x4_ASAP7_75t_SL        2  4.4    12    16     467    (-,-) 
  BF1_1_mul_175_29_g16230/Y -       A2->Y   F     AOI21x1_ASAP7_75t_SL       1  2.1    18     9     476    (-,-) 
  BF1_1_mul_175_29_g16220/Y -       B->Y    F     OA21x2_ASAP7_75t_SL        1  2.6    13    16     492    (-,-) 
  BF1_1_mul_175_29_g16211/Y -       A->Y    F     AND2x6_ASAP7_75t_SL       14 27.5    30    29     522    (-,-) 
  BF1_1_mul_175_29_g16201/Y -       A1->Y   R     OAI21x1_ASAP7_75t_SL       1  2.4    27    17     539    (-,-) 
  BF1_1_mul_175_29_g16166/Y -       B->Y    R     XNOR2xp5_ASAP7_75t_SL      1  2.1    41    18     557    (-,-) 
  BF1_1_mult_p_reg[44]/D    -       -       R     DFFHQx4_ASAP7_75t_SL       1    -     -     0     557    (-,-) 
#----------------------------------------------------------------------------------------------------------------



Path 2: VIOLATED (-23 ps) Setup Check with Pin BF1_1_mult_p_reg[45]/CLK->D
          Group: clk
     Startpoint: (R) BF1_1_modei_reg[0]/CLK
          Clock: (R) clk
       Endpoint: (R) BF1_1_mult_p_reg[45]/D
          Clock: (R) clk

                     Capture       Launch     
        Clock Edge:+     573            0     
       Src Latency:+       0            0     
       Net Latency:+       0 (I)        0 (I) 
           Arrival:=     573            0     
                                              
             Setup:-      10                  
       Uncertainty:-      29                  
     Required Time:=     534                  
      Launch Clock:-       0                  
         Data Path:-     557                  
             Slack:=     -23                  

#-------------------------------------------------------------------------------------------------------------------
#        Timing Point          Flags    Arc    Edge         Cell           Fanout Load Trans Delay Arrival Instance 
#                                                                                 (fF)  (ps)  (ps)   (ps)  Location 
#-------------------------------------------------------------------------------------------------------------------
  BF1_1_modei_reg[0]/CLK       -       -       R     (arrival)               3033    -     0     0       0    (-,-) 
  BF1_1_modei_reg[0]/QN        -       CLK->QN F     DFFHQNx2_ASAP7_75t_SL      3  9.0    39    49      49    (-,-) 
  g41079/Y                     -       A->Y    F     AND2x6_ASAP7_75t_SL       12 29.1    32    36      86    (-,-) 
  g84260/Y                     -       A->Y    F     BUFx12f_ASAP7_75t_SL      16 25.3    18    22     108    (-,-) 
  g81736/Y                     -       B->Y    F     AND2x2_ASAP7_75t_SL        1  2.6    12    18     126    (-,-) 
  g81540/Y                     -       A->Y    F     OR2x6_ASAP7_75t_SL         5 13.2    19    24     150    (-,-) 
  BF1_1_mul_175_29_fopt18820/Y -       A->Y    R     INVx3_ASAP7_75t_SL         3  6.1    18    12     162    (-,-) 
  BF1_1_mul_175_29_fopt18819/Y -       A->Y    F     INVx2_ASAP7_75t_SL         1  2.1    10     6     169    (-,-) 
  BF1_1_mul_175_29_g18261/Y    -       B1->Y   R     OAI22xp5_ASAP7_75t_SL      2  3.1    57    23     192    (-,-) 
  BF1_1_mul_175_29_g17755/Y    -       B2->Y   R     AO22x1_ASAP7_75t_SL        2  4.4    34    32     223    (-,-) 
  BF1_1_mul_175_29_g17408/Y    -       A->Y    R     XOR2xp5_ASAP7_75t_SL       1  2.4    40    28     251    (-,-) 
  BF1_1_mul_175_29_g17103/Y    -       A->Y    F     XOR2x2_ASAP7_75t_SL        2  4.0    18    25     276    (-,-) 
  BF1_1_mul_175_29_g16967/Y    -       B->Y    R     XOR2x2_ASAP7_75t_SL        1  3.1    16    28     304    (-,-) 
  BF1_1_mul_175_29_g16820/Y    -       A->Y    R     XNOR2x1_ASAP7_75t_SL       2  4.6    45    22     325    (-,-) 
  BF1_1_mul_175_29_g16803/Y    -       A->Y    F     INVx2_ASAP7_75t_SL         1  2.6    18     9     334    (-,-) 
  BF1_1_mul_175_29_g16599/Y    -       B->Y    R     XOR2x2_ASAP7_75t_SL        3  7.2    29    35     369    (-,-) 
  BF1_1_mul_175_29_g16428/Y    -       B2->Y   F     AOI22x1_ASAP7_75t_SL       1  2.5    25    14     383    (-,-) 
  BF1_1_mul_175_29_g16351/Y    -       A->Y    R     XOR2x2_ASAP7_75t_SL        2  3.9    19    30     413    (-,-) 
  BF1_1_mul_175_29_g16316/Y    -       B->Y    R     OR2x2_ASAP7_75t_SL         2  4.0    17    20     433    (-,-) 
  BF1_1_mul_175_29_g16267/Y    -       B->Y    F     OAI21x1_ASAP7_75t_SL       1  2.1    17    11     444    (-,-) 
  BF1_1_mul_175_29_g16254/Y    -       B->Y    F     AO21x2_ASAP7_75t_SL        2  4.0    16    22     466    (-,-) 
  BF1_1_mul_175_29_g16230/Y    -       A1->Y   R     AOI21x1_ASAP7_75t_SL       1  2.1    21    12     478    (-,-) 
  BF1_1_mul_175_29_g16220/Y    -       B->Y    R     OA21x2_ASAP7_75t_SL        1  2.6    14    18     496    (-,-) 
  BF1_1_mul_175_29_g16211/Y    -       A->Y    R     AND2x6_ASAP7_75t_SL       14 27.4    36    29     526    (-,-) 
  BF1_1_mul_175_29_g16187/Y    -       A1->Y   F     OAI21x1_ASAP7_75t_SL       1  2.5    22    10     536    (-,-) 
  BF1_1_mul_175_29_g16170/Y    -       B->Y    R     XNOR2xp5_ASAP7_75t_SL      1  2.1    39    21     557    (-,-) 
  BF1_1_mult_p_reg[45]/D       -       -       R     DFFHQx4_ASAP7_75t_SL       1    -     -     0     557    (-,-) 
#-------------------------------------------------------------------------------------------------------------------



Path 3: VIOLATED (-23 ps) Setup Check with Pin BF1_1_mult_p_reg[45]/CLK->D
          Group: clk
     Startpoint: (R) BF1_1_modei_reg[0]/CLK
          Clock: (R) clk
       Endpoint: (R) BF1_1_mult_p_reg[45]/D
          Clock: (R) clk

                     Capture       Launch     
        Clock Edge:+     573            0     
       Src Latency:+       0            0     
       Net Latency:+       0 (I)        0 (I) 
           Arrival:=     573            0     
                                              
             Setup:-      10                  
       Uncertainty:-      29                  
     Required Time:=     534                  
      Launch Clock:-       0                  
         Data Path:-     557                  
             Slack:=     -23                  

#----------------------------------------------------------------------------------------------------------------
#       Timing Point        Flags    Arc    Edge         Cell           Fanout Load Trans Delay Arrival Instance 
#                                                                              (fF)  (ps)  (ps)   (ps)  Location 
#----------------------------------------------------------------------------------------------------------------
  BF1_1_modei_reg[0]/CLK    -       -       R     (arrival)               3033    -     0     0       0    (-,-) 
  BF1_1_modei_reg[0]/QN     -       CLK->QN F     DFFHQNx2_ASAP7_75t_SL      3  9.0    39    49      49    (-,-) 
  g84377/Y                  -       C->Y    R     NAND3x2_ASAP7_75t_SL       2  7.2    43    29      78    (-,-) 
  g84277/Y                  -       A->Y    R     BUFx12f_ASAP7_75t_SL      31 41.8    32    26     104    (-,-) 
  g83599/Y                  -       A2->Y   R     OA22x2_ASAP7_75t_SL        1  5.3    22    26     130    (-,-) 
  g83498/Y                  -       A->Y    F     INVx6_ASAP7_75t_SL        13 23.4    27    16     146    (-,-) 
  BF1_1_mul_175_29_g18482/Y -       A->Y    R     INVx5_ASAP7_75t_SL         6  8.6    19    12     158    (-,-) 
  BF1_1_mul_175_29_g18449/Y -       A->Y    F     NAND2xp5_ASAP7_75t_SL      1  3.1    33    17     175    (-,-) 
  BF1_1_mul_175_29_g17989/Y -       B->Y    R     NAND2x1p5_ASAP7_75t_L      2  4.7    33    22     197    (-,-) 
  BF1_1_mul_175_29_g17545/Y -       A2->Y   F     OAI22x1_ASAP7_75t_SL       2  3.9    44    18     215    (-,-) 
  BF1_1_mul_175_29_g17239/Y -       A->Y    F     MAJx2_ASAP7_75t_SL         2  4.5    19    30     245    (-,-) 
  BF1_1_mul_175_29_g17064/Y -       B->Y    R     XOR2x2_ASAP7_75t_SL        1  3.2    16    29     274    (-,-) 
  BF1_1_mul_175_29_g16891/Y -       B->Y    R     XNOR2x1_ASAP7_75t_SL       2  3.7    36    19     293    (-,-) 
  BF1_1_mul_175_29_g16756/Y -       A->Y    F     XOR2x2_ASAP7_75t_SL        1  3.2    15    23     316    (-,-) 
  BF1_1_mul_175_29_g16651/Y -       A->Y    F     XNOR2x1_ASAP7_75t_SL       2  4.0    27    21     337    (-,-) 
  BF1_1_mul_175_29_g16531/Y -       C->Y    F     MAJx2_ASAP7_75t_SL         2  5.2    20    27     364    (-,-) 
  fopt88675/Y               -       A->Y    R     INVx3_ASAP7_75t_SL         2  4.1    15    10     374    (-,-) 
  BF1_1_mul_175_29_g16430/Y -       A1->Y   F     AOI22x1_ASAP7_75t_SL       1  2.6    26    10     384    (-,-) 
  BF1_1_mul_175_29_g16344/Y -       B->Y    R     XOR2x2_ASAP7_75t_SL        2  3.9    18    31     415    (-,-) 
  BF1_1_mul_175_29_g16320/Y -       B->Y    R     AND2x4_ASAP7_75t_SL        2  4.9    13    17     432    (-,-) 
  BF1_1_mul_175_29_g16276/Y -       A->Y    F     NOR2x2_ASAP7_75t_SL        2  3.9    17    11     443    (-,-) 
  BF1_1_mul_175_29_g16254/Y -       A1->Y   F     AO21x2_ASAP7_75t_SL        2  4.0    16    23     466    (-,-) 
  BF1_1_mul_175_29_g16230/Y -       A1->Y   R     AOI21x1_ASAP7_75t_SL       1  2.1    21    12     478    (-,-) 
  BF1_1_mul_175_29_g16220/Y -       B->Y    R     OA21x2_ASAP7_75t_SL        1  2.6    14    18     496    (-,-) 
  BF1_1_mul_175_29_g16211/Y -       A->Y    R     AND2x6_ASAP7_75t_SL       14 27.4    36    29     526    (-,-) 
  BF1_1_mul_175_29_g16187/Y -       A1->Y   F     OAI21x1_ASAP7_75t_SL       1  2.5    22    10     536    (-,-) 
  BF1_1_mul_175_29_g16170/Y -       B->Y    R     XNOR2xp5_ASAP7_75t_SL      1  2.1    39    21     557    (-,-) 
  BF1_1_mult_p_reg[45]/D    -       -       R     DFFHQx4_ASAP7_75t_SL       1    -     -     0     557    (-,-) 
#----------------------------------------------------------------------------------------------------------------



Path 4: VIOLATED (-23 ps) Setup Check with Pin BF1_1_mult_p_reg[45]/CLK->D
          Group: clk
     Startpoint: (R) BF1_1_modei_reg[0]/CLK
          Clock: (R) clk
       Endpoint: (R) BF1_1_mult_p_reg[45]/D
          Clock: (R) clk

                     Capture       Launch     
        Clock Edge:+     573            0     
       Src Latency:+       0            0     
       Net Latency:+       0 (I)        0 (I) 
           Arrival:=     573            0     
                                              
             Setup:-      10                  
       Uncertainty:-      29                  
     Required Time:=     534                  
      Launch Clock:-       0                  
         Data Path:-     557                  
             Slack:=     -23                  

#----------------------------------------------------------------------------------------------------------------
#       Timing Point        Flags    Arc    Edge         Cell           Fanout Load Trans Delay Arrival Instance 
#                                                                              (fF)  (ps)  (ps)   (ps)  Location 
#----------------------------------------------------------------------------------------------------------------
  BF1_1_modei_reg[0]/CLK    -       -       R     (arrival)               3033    -     0     0       0    (-,-) 
  BF1_1_modei_reg[0]/QN     -       CLK->QN F     DFFHQNx2_ASAP7_75t_SL      3  9.0    39    49      49    (-,-) 
  g84377/Y                  -       C->Y    R     NAND3x2_ASAP7_75t_SL       2  7.2    43    29      78    (-,-) 
  g84277/Y                  -       A->Y    R     BUFx12f_ASAP7_75t_SL      31 41.8    32    26     104    (-,-) 
  g83599/Y                  -       A2->Y   R     OA22x2_ASAP7_75t_SL        1  5.3    22    26     130    (-,-) 
  g83498/Y                  -       A->Y    F     INVx6_ASAP7_75t_SL        13 23.4    27    16     146    (-,-) 
  BF1_1_mul_175_29_g18482/Y -       A->Y    R     INVx5_ASAP7_75t_SL         6  8.6    19    12     158    (-,-) 
  BF1_1_mul_175_29_g18449/Y -       A->Y    F     NAND2xp5_ASAP7_75t_SL      1  3.1    33    17     175    (-,-) 
  BF1_1_mul_175_29_g17989/Y -       B->Y    R     NAND2x1p5_ASAP7_75t_L      2  4.7    33    22     197    (-,-) 
  BF1_1_mul_175_29_g17545/Y -       A2->Y   F     OAI22x1_ASAP7_75t_SL       2  3.9    44    18     215    (-,-) 
  BF1_1_mul_175_29_g17239/Y -       A->Y    F     MAJx2_ASAP7_75t_SL         2  4.5    19    30     245    (-,-) 
  BF1_1_mul_175_29_g17064/Y -       B->Y    R     XOR2x2_ASAP7_75t_SL        1  3.2    16    29     274    (-,-) 
  BF1_1_mul_175_29_g16891/Y -       B->Y    R     XNOR2x1_ASAP7_75t_SL       2  3.7    36    19     293    (-,-) 
  BF1_1_mul_175_29_g16756/Y -       A->Y    F     XOR2x2_ASAP7_75t_SL        1  3.2    15    23     316    (-,-) 
  BF1_1_mul_175_29_g16651/Y -       A->Y    F     XNOR2x1_ASAP7_75t_SL       2  4.0    27    21     337    (-,-) 
  BF1_1_mul_175_29_g16531/Y -       C->Y    F     MAJx2_ASAP7_75t_SL         2  5.2    20    27     364    (-,-) 
  fopt88675/Y               -       A->Y    R     INVx3_ASAP7_75t_SL         2  4.1    15    10     374    (-,-) 
  BF1_1_mul_175_29_g16430/Y -       A1->Y   F     AOI22x1_ASAP7_75t_SL       1  2.6    26    10     384    (-,-) 
  BF1_1_mul_175_29_g16344/Y -       B->Y    R     XOR2x2_ASAP7_75t_SL        2  3.9    18    31     415    (-,-) 
  BF1_1_mul_175_29_g16304/Y -       B->Y    R     OR2x2_ASAP7_75t_SL         2  4.0    17    20     435    (-,-) 
  BF1_1_mul_175_29_g16267/Y -       A2->Y   F     OAI21x1_ASAP7_75t_SL       1  2.1    17     9     444    (-,-) 
  BF1_1_mul_175_29_g16254/Y -       B->Y    F     AO21x2_ASAP7_75t_SL        2  4.0    16    22     466    (-,-) 
  BF1_1_mul_175_29_g16230/Y -       A1->Y   R     AOI21x1_ASAP7_75t_SL       1  2.1    21    12     478    (-,-) 
  BF1_1_mul_175_29_g16220/Y -       B->Y    R     OA21x2_ASAP7_75t_SL        1  2.6    14    18     496    (-,-) 
  BF1_1_mul_175_29_g16211/Y -       A->Y    R     AND2x6_ASAP7_75t_SL       14 27.4    36    29     526    (-,-) 
  BF1_1_mul_175_29_g16187/Y -       A1->Y   F     OAI21x1_ASAP7_75t_SL       1  2.5    22    10     536    (-,-) 
  BF1_1_mul_175_29_g16170/Y -       B->Y    R     XNOR2xp5_ASAP7_75t_SL      1  2.1    39    21     557    (-,-) 
  BF1_1_mult_p_reg[45]/D    -       -       R     DFFHQx4_ASAP7_75t_SL       1    -     -     0     557    (-,-) 
#----------------------------------------------------------------------------------------------------------------



Path 5: VIOLATED (-23 ps) Setup Check with Pin BF1_1_mult_p_reg[45]/CLK->D
          Group: clk
     Startpoint: (R) BF1_1_modei_reg[0]/CLK
          Clock: (R) clk
       Endpoint: (R) BF1_1_mult_p_reg[45]/D
          Clock: (R) clk

                     Capture       Launch     
        Clock Edge:+     573            0     
       Src Latency:+       0            0     
       Net Latency:+       0 (I)        0 (I) 
           Arrival:=     573            0     
                                              
             Setup:-      10                  
       Uncertainty:-      29                  
     Required Time:=     534                  
      Launch Clock:-       0                  
         Data Path:-     557                  
             Slack:=     -23                  

#------------------------------------------------------------------------------------------------------------------
#       Timing Point        Flags    Arc    Edge          Cell            Fanout Load Trans Delay Arrival Instance 
#                                                                                (fF)  (ps)  (ps)   (ps)  Location 
#------------------------------------------------------------------------------------------------------------------
  BF1_1_modei_reg[0]/CLK    -       -       R     (arrival)                 3033    -     0     0       0    (-,-) 
  BF1_1_modei_reg[0]/QN     -       CLK->QN F     DFFHQNx2_ASAP7_75t_SL        3  9.0    39    49      49    (-,-) 
  g84377/Y                  -       C->Y    R     NAND3x2_ASAP7_75t_SL         2  7.2    43    29      78    (-,-) 
  g84276/Y                  -       A->Y    R     BUFx16f_ASAP7_75t_SL        46 61.6    38    31     109    (-,-) 
  g81800/Y                  -       A2->Y   R     OA22x2_ASAP7_75t_SL          1  5.3    22    26     135    (-,-) 
  g81703/Y                  -       A->Y    F     INVx6_ASAP7_75t_SL          13 29.0    32    18     154    (-,-) 
  BF1_1_mul_175_29_g18653/Y -       A->Y    R     CKINVDCx16_ASAP7_75t_SL     11 15.7    16    11     165    (-,-) 
  BF1_1_mul_175_29_g18086/Y -       A2->Y   R     OA22x2_ASAP7_75t_SL          2  3.5    18    21     186    (-,-) 
  BF1_1_mul_175_29_g17945/Y -       A->Y    F     INVx1_ASAP7_75t_SL           1  2.1    16    10     196    (-,-) 
  BF1_1_mul_175_29_g17728/Y -       B2->Y   F     AO22x2_ASAP7_75t_SL          2  3.5    16    22     218    (-,-) 
  BF1_1_mul_175_29_g17316/Y -       A->Y    F     MAJx2_ASAP7_75t_SL           2  4.6    19    25     243    (-,-) 
  BF1_1_mul_175_29_g17072/Y -       A->Y    F     XNOR2x1_ASAP7_75t_SL         1  2.5    20    18     262    (-,-) 
  BF1_1_mul_175_29_g16903/Y -       A->Y    R     XOR2x2_ASAP7_75t_SL          3  5.0    22    31     293    (-,-) 
  BF1_1_mul_175_29_g16762/Y -       B->Y    F     XOR2x2_ASAP7_75t_SL          1  3.2    15    21     314    (-,-) 
  BF1_1_mul_175_29_g16645/Y -       B->Y    F     XNOR2x1_ASAP7_75t_SL         2  3.8    24    21     335    (-,-) 
  BF1_1_mul_175_29_g16562/Y -       A->Y    F     XOR2x2_ASAP7_75t_SL          1  3.2    15    25     360    (-,-) 
  BF1_1_mul_175_29_g16478/Y -       B->Y    F     XNOR2x1_ASAP7_75t_SL         2  4.5    27    22     382    (-,-) 
  BF1_1_mul_175_29_g16464/Y -       A->Y    R     INVx2_ASAP7_75t_SL           1  2.1    14     9     391    (-,-) 
  BF1_1_mul_175_29_g16390/Y -       A->Y    R     MAJx2_ASAP7_75t_SL           2  3.8    18    21     413    (-,-) 
  BF1_1_mul_175_29_g16316/Y -       A->Y    R     OR2x2_ASAP7_75t_SL           2  4.0    17    20     433    (-,-) 
  BF1_1_mul_175_29_g16267/Y -       B->Y    F     OAI21x1_ASAP7_75t_SL         1  2.1    17    11     444    (-,-) 
  BF1_1_mul_175_29_g16254/Y -       B->Y    F     AO21x2_ASAP7_75t_SL          2  4.0    16    22     466    (-,-) 
  BF1_1_mul_175_29_g16230/Y -       A1->Y   R     AOI21x1_ASAP7_75t_SL         1  2.1    21    12     478    (-,-) 
  BF1_1_mul_175_29_g16220/Y -       B->Y    R     OA21x2_ASAP7_75t_SL          1  2.6    14    18     496    (-,-) 
  BF1_1_mul_175_29_g16211/Y -       A->Y    R     AND2x6_ASAP7_75t_SL         14 27.4    36    29     526    (-,-) 
  BF1_1_mul_175_29_g16187/Y -       A1->Y   F     OAI21x1_ASAP7_75t_SL         1  2.5    22    10     536    (-,-) 
  BF1_1_mul_175_29_g16170/Y -       B->Y    R     XNOR2xp5_ASAP7_75t_SL        1  2.1    39    21     557    (-,-) 
  BF1_1_mult_p_reg[45]/D    -       -       R     DFFHQx4_ASAP7_75t_SL         1    -     -     0     557    (-,-) 
#------------------------------------------------------------------------------------------------------------------



Path 6: VIOLATED (-23 ps) Setup Check with Pin BF1_1_mult_p_reg[42]/CLK->D
          Group: clk
     Startpoint: (R) BF1_1_modei_reg[0]/CLK
          Clock: (R) clk
       Endpoint: (R) BF1_1_mult_p_reg[42]/D
          Clock: (R) clk

                     Capture       Launch     
        Clock Edge:+     573            0     
       Src Latency:+       0            0     
       Net Latency:+       0 (I)        0 (I) 
           Arrival:=     573            0     
                                              
             Setup:-      11                  
       Uncertainty:-      29                  
     Required Time:=     534                  
      Launch Clock:-       0                  
         Data Path:-     557                  
             Slack:=     -23                  

#----------------------------------------------------------------------------------------------------------------
#       Timing Point        Flags    Arc    Edge         Cell           Fanout Load Trans Delay Arrival Instance 
#                                                                              (fF)  (ps)  (ps)   (ps)  Location 
#----------------------------------------------------------------------------------------------------------------
  BF1_1_modei_reg[0]/CLK    -       -       R     (arrival)               3033    -     0     0       0    (-,-) 
  BF1_1_modei_reg[0]/QN     -       CLK->QN F     DFFHQNx2_ASAP7_75t_SL      3  9.0    39    49      49    (-,-) 
  g41079/Y                  -       A->Y    F     AND2x6_ASAP7_75t_SL       12 29.1    32    36      86    (-,-) 
  g84250/Y                  -       A->Y    F     BUFx12f_ASAP7_75t_SL      20 32.5    22    24     110    (-,-) 
  g81258/Y                  -       B->Y    F     AND2x2_ASAP7_75t_SL        1  2.6    12    19     128    (-,-) 
  g81059/Y                  -       A->Y    F     OR2x6_ASAP7_75t_SL        13 26.6    31    30     159    (-,-) 
  BF1_1_mul_175_29_g18481/Y -       A->Y    R     INVx8_ASAP7_75t_SL         7 12.2    19    12     171    (-,-) 
  BF1_1_mul_175_29_g18311/Y -       B1->Y   F     AOI22x1_ASAP7_75t_SL       2  4.1    35    15     186    (-,-) 
  BF1_1_mul_175_29_g18151/Y -       A->Y    R     INVx2_ASAP7_75t_SL         1  2.6    18    12     198    (-,-) 
  BF1_1_mul_175_29_g17665/Y -       B1->Y   F     AOI22x1_ASAP7_75t_SL       2  3.8    36    14     212    (-,-) 
  BF1_1_mul_175_29_g17383/Y -       A->Y    R     XOR2x2_ASAP7_75t_SL        1  3.1    17    30     242    (-,-) 
  BF1_1_mul_175_29_g17211/Y -       A->Y    R     XNOR2x1_ASAP7_75t_SL       2  4.9    39    22     264    (-,-) 
  BF1_1_mul_175_29_g17001/Y -       A->Y    R     XNOR2x1_ASAP7_75t_SL       1  3.1    31    22     287    (-,-) 
  BF1_1_mul_175_29_g16843/Y -       A->Y    R     XNOR2x1_ASAP7_75t_SL       2  4.7    39    24     311    (-,-) 
  BF1_1_mul_175_29_g16835/Y -       A->Y    F     INVx3_ASAP7_75t_SL         1  3.2    15     8     319    (-,-) 
  BF1_1_mul_175_29_g16671/Y -       A->Y    F     XNOR2x1_ASAP7_75t_SL       2  3.9    25    21     339    (-,-) 
  BF1_1_mul_175_29_g16502/Y -       A->Y    R     XOR2x2_ASAP7_75t_SL        2  3.7    18    30     369    (-,-) 
  BF1_1_mul_175_29_g16425/Y -       A->Y    F     XOR2x2_ASAP7_75t_SL        1  3.2    15    22     391    (-,-) 
  BF1_1_mul_175_29_g16349/Y -       A->Y    F     XNOR2x1_ASAP7_75t_SL       2  6.0    34    25     416    (-,-) 
  BF1_1_mul_175_29_g16302/Y -       B->Y    R     NAND2x2_ASAP7_75t_SL       3  5.2    27    19     434    (-,-) 
  BF1_1_mul_175_29_g16279/Y -       A->Y    R     AND2x4_ASAP7_75t_SL        3  5.7    14    17     451    (-,-) 
  BF1_1_mul_175_29_g16260/Y -       B->Y    R     AND2x4_ASAP7_75t_SL        2  4.4    12    16     467    (-,-) 
  BF1_1_mul_175_29_g16230/Y -       A2->Y   F     AOI21x1_ASAP7_75t_SL       1  2.1    18     9     476    (-,-) 
  BF1_1_mul_175_29_g16220/Y -       B->Y    F     OA21x2_ASAP7_75t_SL        1  2.6    13    16     492    (-,-) 
  BF1_1_mul_175_29_g16211/Y -       A->Y    F     AND2x6_ASAP7_75t_SL       14 27.5    30    29     522    (-,-) 
  BF1_1_mul_175_29_g16203/Y -       A1->Y   R     OAI21x1_ASAP7_75t_SL       1  2.4    27    17     539    (-,-) 
  BF1_1_mul_175_29_g16172/Y -       B->Y    R     XNOR2xp5_ASAP7_75t_SL      1  2.1    40    18     557    (-,-) 
  BF1_1_mult_p_reg[42]/D    -       -       R     DFFHQx4_ASAP7_75t_SL       1    -     -     0     557    (-,-) 
#----------------------------------------------------------------------------------------------------------------



Path 7: VIOLATED (-23 ps) Setup Check with Pin BF1_1_mult_p_reg[34]/CLK->D
          Group: clk
     Startpoint: (R) BF1_1_modei_reg[0]/CLK
          Clock: (R) clk
       Endpoint: (R) BF1_1_mult_p_reg[34]/D
          Clock: (R) clk

                     Capture       Launch     
        Clock Edge:+     573            0     
       Src Latency:+       0            0     
       Net Latency:+       0 (I)        0 (I) 
           Arrival:=     573            0     
                                              
             Setup:-      10                  
       Uncertainty:-      29                  
     Required Time:=     534                  
      Launch Clock:-       0                  
         Data Path:-     557                  
             Slack:=     -23                  

#-------------------------------------------------------------------------------------------------------------------
#        Timing Point          Flags    Arc    Edge         Cell           Fanout Load Trans Delay Arrival Instance 
#                                                                                 (fF)  (ps)  (ps)   (ps)  Location 
#-------------------------------------------------------------------------------------------------------------------
  BF1_1_modei_reg[0]/CLK       -       -       R     (arrival)               3033    -     0     0       0    (-,-) 
  BF1_1_modei_reg[0]/QN        -       CLK->QN F     DFFHQNx2_ASAP7_75t_SL      3  9.0    39    49      49    (-,-) 
  g41079/Y                     -       A->Y    F     AND2x6_ASAP7_75t_SL       12 29.1    32    36      86    (-,-) 
  g84260/Y                     -       A->Y    F     BUFx12f_ASAP7_75t_SL      16 25.3    18    22     108    (-,-) 
  g81736/Y                     -       B->Y    F     AND2x2_ASAP7_75t_SL        1  2.6    12    18     126    (-,-) 
  g81540/Y                     -       A->Y    F     OR2x6_ASAP7_75t_SL         5 13.2    19    24     150    (-,-) 
  BF1_1_mul_175_29_fopt18820/Y -       A->Y    R     INVx3_ASAP7_75t_SL         3  6.1    18    12     162    (-,-) 
  BF1_1_mul_175_29_fopt18819/Y -       A->Y    F     INVx2_ASAP7_75t_SL         1  2.1    10     6     169    (-,-) 
  BF1_1_mul_175_29_g18261/Y    -       B1->Y   R     OAI22xp5_ASAP7_75t_SL      2  3.1    57    23     192    (-,-) 
  BF1_1_mul_175_29_g17755/Y    -       B2->Y   R     AO22x1_ASAP7_75t_SL        2  4.4    34    32     223    (-,-) 
  BF1_1_mul_175_29_g17408/Y    -       A->Y    R     XOR2xp5_ASAP7_75t_SL       1  2.4    40    28     251    (-,-) 
  BF1_1_mul_175_29_g17103/Y    -       A->Y    F     XOR2x2_ASAP7_75t_SL        2  4.0    18    25     276    (-,-) 
  BF1_1_mul_175_29_g16967/Y    -       B->Y    R     XOR2x2_ASAP7_75t_SL        1  3.1    16    28     304    (-,-) 
  BF1_1_mul_175_29_g16820/Y    -       A->Y    R     XNOR2x1_ASAP7_75t_SL       2  4.6    45    22     325    (-,-) 
  BF1_1_mul_175_29_g16803/Y    -       A->Y    F     INVx2_ASAP7_75t_SL         1  2.6    18     9     334    (-,-) 
  BF1_1_mul_175_29_g16599/Y    -       B->Y    R     XOR2x2_ASAP7_75t_SL        3  7.2    29    35     369    (-,-) 
  BF1_1_mul_175_29_g16428/Y    -       B2->Y   F     AOI22x1_ASAP7_75t_SL       1  2.5    25    14     383    (-,-) 
  BF1_1_mul_175_29_g16351/Y    -       A->Y    R     XOR2x2_ASAP7_75t_SL        2  3.9    19    30     413    (-,-) 
  BF1_1_mul_175_29_g16316/Y    -       B->Y    R     OR2x2_ASAP7_75t_SL         2  4.0    17    20     433    (-,-) 
  BF1_1_mul_175_29_g16267/Y    -       B->Y    F     OAI21x1_ASAP7_75t_SL       1  2.1    17    11     444    (-,-) 
  BF1_1_mul_175_29_g16254/Y    -       B->Y    F     AO21x2_ASAP7_75t_SL        2  4.0    16    22     466    (-,-) 
  BF1_1_mul_175_29_g16230/Y    -       A1->Y   R     AOI21x1_ASAP7_75t_SL       1  2.1    21    12     478    (-,-) 
  BF1_1_mul_175_29_g16220/Y    -       B->Y    R     OA21x2_ASAP7_75t_SL        1  2.6    14    18     496    (-,-) 
  BF1_1_mul_175_29_g16211/Y    -       A->Y    R     AND2x6_ASAP7_75t_SL       14 27.4    36    29     526    (-,-) 
  BF1_1_mul_175_29_g16185/Y    -       A1->Y   F     OAI21x1_ASAP7_75t_SL       1  2.5    23    10     536    (-,-) 
  BF1_1_mul_175_29_g16177/Y    -       B->Y    R     XNOR2xp5_ASAP7_75t_SL      1  2.1    37    21     557    (-,-) 
  BF1_1_mult_p_reg[34]/D       -       -       R     DFFHQx4_ASAP7_75t_SL       1    -     -     0     557    (-,-) 
#-------------------------------------------------------------------------------------------------------------------



Path 8: VIOLATED (-23 ps) Setup Check with Pin BF1_1_mult_p_reg[34]/CLK->D
          Group: clk
     Startpoint: (R) BF1_1_modei_reg[0]/CLK
          Clock: (R) clk
       Endpoint: (R) BF1_1_mult_p_reg[34]/D
          Clock: (R) clk

                     Capture       Launch     
        Clock Edge:+     573            0     
       Src Latency:+       0            0     
       Net Latency:+       0 (I)        0 (I) 
           Arrival:=     573            0     
                                              
             Setup:-      10                  
       Uncertainty:-      29                  
     Required Time:=     534                  
      Launch Clock:-       0                  
         Data Path:-     557                  
             Slack:=     -23                  

#----------------------------------------------------------------------------------------------------------------
#       Timing Point        Flags    Arc    Edge         Cell           Fanout Load Trans Delay Arrival Instance 
#                                                                              (fF)  (ps)  (ps)   (ps)  Location 
#----------------------------------------------------------------------------------------------------------------
  BF1_1_modei_reg[0]/CLK    -       -       R     (arrival)               3033    -     0     0       0    (-,-) 
  BF1_1_modei_reg[0]/QN     -       CLK->QN F     DFFHQNx2_ASAP7_75t_SL      3  9.0    39    49      49    (-,-) 
  g84377/Y                  -       C->Y    R     NAND3x2_ASAP7_75t_SL       2  7.2    43    29      78    (-,-) 
  g84277/Y                  -       A->Y    R     BUFx12f_ASAP7_75t_SL      31 41.8    32    26     104    (-,-) 
  g83599/Y                  -       A2->Y   R     OA22x2_ASAP7_75t_SL        1  5.3    22    26     130    (-,-) 
  g83498/Y                  -       A->Y    F     INVx6_ASAP7_75t_SL        13 23.4    27    16     146    (-,-) 
  BF1_1_mul_175_29_g18482/Y -       A->Y    R     INVx5_ASAP7_75t_SL         6  8.6    19    12     158    (-,-) 
  BF1_1_mul_175_29_g18449/Y -       A->Y    F     NAND2xp5_ASAP7_75t_SL      1  3.1    33    17     175    (-,-) 
  BF1_1_mul_175_29_g17989/Y -       B->Y    R     NAND2x1p5_ASAP7_75t_L      2  4.7    33    22     197    (-,-) 
  BF1_1_mul_175_29_g17545/Y -       A2->Y   F     OAI22x1_ASAP7_75t_SL       2  3.9    44    18     215    (-,-) 
  BF1_1_mul_175_29_g17239/Y -       A->Y    F     MAJx2_ASAP7_75t_SL         2  4.5    19    30     245    (-,-) 
  BF1_1_mul_175_29_g17064/Y -       B->Y    R     XOR2x2_ASAP7_75t_SL        1  3.2    16    29     274    (-,-) 
  BF1_1_mul_175_29_g16891/Y -       B->Y    R     XNOR2x1_ASAP7_75t_SL       2  3.7    36    19     293    (-,-) 
  BF1_1_mul_175_29_g16756/Y -       A->Y    F     XOR2x2_ASAP7_75t_SL        1  3.2    15    23     316    (-,-) 
  BF1_1_mul_175_29_g16651/Y -       A->Y    F     XNOR2x1_ASAP7_75t_SL       2  4.0    27    21     337    (-,-) 
  BF1_1_mul_175_29_g16531/Y -       C->Y    F     MAJx2_ASAP7_75t_SL         2  5.2    20    27     364    (-,-) 
  fopt88675/Y               -       A->Y    R     INVx3_ASAP7_75t_SL         2  4.1    15    10     374    (-,-) 
  BF1_1_mul_175_29_g16430/Y -       A1->Y   F     AOI22x1_ASAP7_75t_SL       1  2.6    26    10     384    (-,-) 
  BF1_1_mul_175_29_g16344/Y -       B->Y    R     XOR2x2_ASAP7_75t_SL        2  3.9    18    31     415    (-,-) 
  BF1_1_mul_175_29_g16320/Y -       B->Y    R     AND2x4_ASAP7_75t_SL        2  4.9    13    17     432    (-,-) 
  BF1_1_mul_175_29_g16276/Y -       A->Y    F     NOR2x2_ASAP7_75t_SL        2  3.9    17    11     443    (-,-) 
  BF1_1_mul_175_29_g16254/Y -       A1->Y   F     AO21x2_ASAP7_75t_SL        2  4.0    16    23     466    (-,-) 
  BF1_1_mul_175_29_g16230/Y -       A1->Y   R     AOI21x1_ASAP7_75t_SL       1  2.1    21    12     478    (-,-) 
  BF1_1_mul_175_29_g16220/Y -       B->Y    R     OA21x2_ASAP7_75t_SL        1  2.6    14    18     496    (-,-) 
  BF1_1_mul_175_29_g16211/Y -       A->Y    R     AND2x6_ASAP7_75t_SL       14 27.4    36    29     526    (-,-) 
  BF1_1_mul_175_29_g16185/Y -       A1->Y   F     OAI21x1_ASAP7_75t_SL       1  2.5    23    10     536    (-,-) 
  BF1_1_mul_175_29_g16177/Y -       B->Y    R     XNOR2xp5_ASAP7_75t_SL      1  2.1    37    21     557    (-,-) 
  BF1_1_mult_p_reg[34]/D    -       -       R     DFFHQx4_ASAP7_75t_SL       1    -     -     0     557    (-,-) 
#----------------------------------------------------------------------------------------------------------------



Path 9: VIOLATED (-23 ps) Setup Check with Pin BF1_1_mult_p_reg[34]/CLK->D
          Group: clk
     Startpoint: (R) BF1_1_modei_reg[0]/CLK
          Clock: (R) clk
       Endpoint: (R) BF1_1_mult_p_reg[34]/D
          Clock: (R) clk

                     Capture       Launch     
        Clock Edge:+     573            0     
       Src Latency:+       0            0     
       Net Latency:+       0 (I)        0 (I) 
           Arrival:=     573            0     
                                              
             Setup:-      10                  
       Uncertainty:-      29                  
     Required Time:=     534                  
      Launch Clock:-       0                  
         Data Path:-     557                  
             Slack:=     -23                  

#----------------------------------------------------------------------------------------------------------------
#       Timing Point        Flags    Arc    Edge         Cell           Fanout Load Trans Delay Arrival Instance 
#                                                                              (fF)  (ps)  (ps)   (ps)  Location 
#----------------------------------------------------------------------------------------------------------------
  BF1_1_modei_reg[0]/CLK    -       -       R     (arrival)               3033    -     0     0       0    (-,-) 
  BF1_1_modei_reg[0]/QN     -       CLK->QN F     DFFHQNx2_ASAP7_75t_SL      3  9.0    39    49      49    (-,-) 
  g84377/Y                  -       C->Y    R     NAND3x2_ASAP7_75t_SL       2  7.2    43    29      78    (-,-) 
  g84277/Y                  -       A->Y    R     BUFx12f_ASAP7_75t_SL      31 41.8    32    26     104    (-,-) 
  g83599/Y                  -       A2->Y   R     OA22x2_ASAP7_75t_SL        1  5.3    22    26     130    (-,-) 
  g83498/Y                  -       A->Y    F     INVx6_ASAP7_75t_SL        13 23.4    27    16     146    (-,-) 
  BF1_1_mul_175_29_g18482/Y -       A->Y    R     INVx5_ASAP7_75t_SL         6  8.6    19    12     158    (-,-) 
  BF1_1_mul_175_29_g18449/Y -       A->Y    F     NAND2xp5_ASAP7_75t_SL      1  3.1    33    17     175    (-,-) 
  BF1_1_mul_175_29_g17989/Y -       B->Y    R     NAND2x1p5_ASAP7_75t_L      2  4.7    33    22     197    (-,-) 
  BF1_1_mul_175_29_g17545/Y -       A2->Y   F     OAI22x1_ASAP7_75t_SL       2  3.9    44    18     215    (-,-) 
  BF1_1_mul_175_29_g17239/Y -       A->Y    F     MAJx2_ASAP7_75t_SL         2  4.5    19    30     245    (-,-) 
  BF1_1_mul_175_29_g17064/Y -       B->Y    R     XOR2x2_ASAP7_75t_SL        1  3.2    16    29     274    (-,-) 
  BF1_1_mul_175_29_g16891/Y -       B->Y    R     XNOR2x1_ASAP7_75t_SL       2  3.7    36    19     293    (-,-) 
  BF1_1_mul_175_29_g16756/Y -       A->Y    F     XOR2x2_ASAP7_75t_SL        1  3.2    15    23     316    (-,-) 
  BF1_1_mul_175_29_g16651/Y -       A->Y    F     XNOR2x1_ASAP7_75t_SL       2  4.0    27    21     337    (-,-) 
  BF1_1_mul_175_29_g16531/Y -       C->Y    F     MAJx2_ASAP7_75t_SL         2  5.2    20    27     364    (-,-) 
  fopt88675/Y               -       A->Y    R     INVx3_ASAP7_75t_SL         2  4.1    15    10     374    (-,-) 
  BF1_1_mul_175_29_g16430/Y -       A1->Y   F     AOI22x1_ASAP7_75t_SL       1  2.6    26    10     384    (-,-) 
  BF1_1_mul_175_29_g16344/Y -       B->Y    R     XOR2x2_ASAP7_75t_SL        2  3.9    18    31     415    (-,-) 
  BF1_1_mul_175_29_g16304/Y -       B->Y    R     OR2x2_ASAP7_75t_SL         2  4.0    17    20     435    (-,-) 
  BF1_1_mul_175_29_g16267/Y -       A2->Y   F     OAI21x1_ASAP7_75t_SL       1  2.1    17     9     444    (-,-) 
  BF1_1_mul_175_29_g16254/Y -       B->Y    F     AO21x2_ASAP7_75t_SL        2  4.0    16    22     466    (-,-) 
  BF1_1_mul_175_29_g16230/Y -       A1->Y   R     AOI21x1_ASAP7_75t_SL       1  2.1    21    12     478    (-,-) 
  BF1_1_mul_175_29_g16220/Y -       B->Y    R     OA21x2_ASAP7_75t_SL        1  2.6    14    18     496    (-,-) 
  BF1_1_mul_175_29_g16211/Y -       A->Y    R     AND2x6_ASAP7_75t_SL       14 27.4    36    29     526    (-,-) 
  BF1_1_mul_175_29_g16185/Y -       A1->Y   F     OAI21x1_ASAP7_75t_SL       1  2.5    23    10     536    (-,-) 
  BF1_1_mul_175_29_g16177/Y -       B->Y    R     XNOR2xp5_ASAP7_75t_SL      1  2.1    37    21     557    (-,-) 
  BF1_1_mult_p_reg[34]/D    -       -       R     DFFHQx4_ASAP7_75t_SL       1    -     -     0     557    (-,-) 
#----------------------------------------------------------------------------------------------------------------



Path 10: VIOLATED (-23 ps) Setup Check with Pin BF1_1_mult_p_reg[34]/CLK->D
          Group: clk
     Startpoint: (R) BF1_1_modei_reg[0]/CLK
          Clock: (R) clk
       Endpoint: (R) BF1_1_mult_p_reg[34]/D
          Clock: (R) clk

                     Capture       Launch     
        Clock Edge:+     573            0     
       Src Latency:+       0            0     
       Net Latency:+       0 (I)        0 (I) 
           Arrival:=     573            0     
                                              
             Setup:-      10                  
       Uncertainty:-      29                  
     Required Time:=     534                  
      Launch Clock:-       0                  
         Data Path:-     557                  
             Slack:=     -23                  

#------------------------------------------------------------------------------------------------------------------
#       Timing Point        Flags    Arc    Edge          Cell            Fanout Load Trans Delay Arrival Instance 
#                                                                                (fF)  (ps)  (ps)   (ps)  Location 
#------------------------------------------------------------------------------------------------------------------
  BF1_1_modei_reg[0]/CLK    -       -       R     (arrival)                 3033    -     0     0       0    (-,-) 
  BF1_1_modei_reg[0]/QN     -       CLK->QN F     DFFHQNx2_ASAP7_75t_SL        3  9.0    39    49      49    (-,-) 
  g84377/Y                  -       C->Y    R     NAND3x2_ASAP7_75t_SL         2  7.2    43    29      78    (-,-) 
  g84276/Y                  -       A->Y    R     BUFx16f_ASAP7_75t_SL        46 61.6    38    31     109    (-,-) 
  g81800/Y                  -       A2->Y   R     OA22x2_ASAP7_75t_SL          1  5.3    22    26     135    (-,-) 
  g81703/Y                  -       A->Y    F     INVx6_ASAP7_75t_SL          13 29.0    32    18     154    (-,-) 
  BF1_1_mul_175_29_g18653/Y -       A->Y    R     CKINVDCx16_ASAP7_75t_SL     11 15.7    16    11     165    (-,-) 
  BF1_1_mul_175_29_g18086/Y -       A2->Y   R     OA22x2_ASAP7_75t_SL          2  3.5    18    21     186    (-,-) 
  BF1_1_mul_175_29_g17945/Y -       A->Y    F     INVx1_ASAP7_75t_SL           1  2.1    16    10     196    (-,-) 
  BF1_1_mul_175_29_g17728/Y -       B2->Y   F     AO22x2_ASAP7_75t_SL          2  3.5    16    22     218    (-,-) 
  BF1_1_mul_175_29_g17316/Y -       A->Y    F     MAJx2_ASAP7_75t_SL           2  4.6    19    25     243    (-,-) 
  BF1_1_mul_175_29_g17072/Y -       A->Y    F     XNOR2x1_ASAP7_75t_SL         1  2.5    20    18     262    (-,-) 
  BF1_1_mul_175_29_g16903/Y -       A->Y    R     XOR2x2_ASAP7_75t_SL          3  5.0    22    31     293    (-,-) 
  BF1_1_mul_175_29_g16762/Y -       B->Y    F     XOR2x2_ASAP7_75t_SL          1  3.2    15    21     314    (-,-) 
  BF1_1_mul_175_29_g16645/Y -       B->Y    F     XNOR2x1_ASAP7_75t_SL         2  3.8    24    21     335    (-,-) 
  BF1_1_mul_175_29_g16562/Y -       A->Y    F     XOR2x2_ASAP7_75t_SL          1  3.2    15    25     360    (-,-) 
  BF1_1_mul_175_29_g16478/Y -       B->Y    F     XNOR2x1_ASAP7_75t_SL         2  4.5    27    22     382    (-,-) 
  BF1_1_mul_175_29_g16464/Y -       A->Y    R     INVx2_ASAP7_75t_SL           1  2.1    14     9     391    (-,-) 
  BF1_1_mul_175_29_g16390/Y -       A->Y    R     MAJx2_ASAP7_75t_SL           2  3.8    18    21     413    (-,-) 
  BF1_1_mul_175_29_g16316/Y -       A->Y    R     OR2x2_ASAP7_75t_SL           2  4.0    17    20     433    (-,-) 
  BF1_1_mul_175_29_g16267/Y -       B->Y    F     OAI21x1_ASAP7_75t_SL         1  2.1    17    11     444    (-,-) 
  BF1_1_mul_175_29_g16254/Y -       B->Y    F     AO21x2_ASAP7_75t_SL          2  4.0    16    22     466    (-,-) 
  BF1_1_mul_175_29_g16230/Y -       A1->Y   R     AOI21x1_ASAP7_75t_SL         1  2.1    21    12     478    (-,-) 
  BF1_1_mul_175_29_g16220/Y -       B->Y    R     OA21x2_ASAP7_75t_SL          1  2.6    14    18     496    (-,-) 
  BF1_1_mul_175_29_g16211/Y -       A->Y    R     AND2x6_ASAP7_75t_SL         14 27.4    36    29     526    (-,-) 
  BF1_1_mul_175_29_g16185/Y -       A1->Y   F     OAI21x1_ASAP7_75t_SL         1  2.5    23    10     536    (-,-) 
  BF1_1_mul_175_29_g16177/Y -       B->Y    R     XNOR2xp5_ASAP7_75t_SL        1  2.1    37    21     557    (-,-) 
  BF1_1_mult_p_reg[34]/D    -       -       R     DFFHQx4_ASAP7_75t_SL         1    -     -     0     557    (-,-) 
#------------------------------------------------------------------------------------------------------------------



Path 11: VIOLATED (-23 ps) Setup Check with Pin BF1_1_mult_p_reg[38]/CLK->D
          Group: clk
     Startpoint: (R) BF1_1_modei_reg[0]/CLK
          Clock: (R) clk
       Endpoint: (R) BF1_1_mult_p_reg[38]/D
          Clock: (R) clk

                     Capture       Launch     
        Clock Edge:+     573            0     
       Src Latency:+       0            0     
       Net Latency:+       0 (I)        0 (I) 
           Arrival:=     573            0     
                                              
             Setup:-      10                  
       Uncertainty:-      29                  
     Required Time:=     534                  
      Launch Clock:-       0                  
         Data Path:-     557                  
             Slack:=     -23                  

#----------------------------------------------------------------------------------------------------------------
#       Timing Point        Flags    Arc    Edge         Cell           Fanout Load Trans Delay Arrival Instance 
#                                                                              (fF)  (ps)  (ps)   (ps)  Location 
#----------------------------------------------------------------------------------------------------------------
  BF1_1_modei_reg[0]/CLK    -       -       R     (arrival)               3033    -     0     0       0    (-,-) 
  BF1_1_modei_reg[0]/QN     -       CLK->QN F     DFFHQNx2_ASAP7_75t_SL      3  9.0    39    49      49    (-,-) 
  g41079/Y                  -       A->Y    F     AND2x6_ASAP7_75t_SL       12 29.1    32    36      86    (-,-) 
  g84250/Y                  -       A->Y    F     BUFx12f_ASAP7_75t_SL      20 32.5    22    24     110    (-,-) 
  g81258/Y                  -       B->Y    F     AND2x2_ASAP7_75t_SL        1  2.6    12    19     128    (-,-) 
  g81059/Y                  -       A->Y    F     OR2x6_ASAP7_75t_SL        13 26.6    31    30     159    (-,-) 
  BF1_1_mul_175_29_g18481/Y -       A->Y    R     INVx8_ASAP7_75t_SL         7 12.2    19    12     171    (-,-) 
  BF1_1_mul_175_29_g18311/Y -       B1->Y   F     AOI22x1_ASAP7_75t_SL       2  4.1    35    15     186    (-,-) 
  BF1_1_mul_175_29_g18151/Y -       A->Y    R     INVx2_ASAP7_75t_SL         1  2.6    18    12     198    (-,-) 
  BF1_1_mul_175_29_g17665/Y -       B1->Y   F     AOI22x1_ASAP7_75t_SL       2  3.8    36    14     212    (-,-) 
  BF1_1_mul_175_29_g17383/Y -       A->Y    R     XOR2x2_ASAP7_75t_SL        1  3.1    17    30     242    (-,-) 
  BF1_1_mul_175_29_g17211/Y -       A->Y    R     XNOR2x1_ASAP7_75t_SL       2  4.9    39    22     264    (-,-) 
  BF1_1_mul_175_29_g17001/Y -       A->Y    R     XNOR2x1_ASAP7_75t_SL       1  3.1    31    22     287    (-,-) 
  BF1_1_mul_175_29_g16843/Y -       A->Y    R     XNOR2x1_ASAP7_75t_SL       2  4.7    39    24     311    (-,-) 
  BF1_1_mul_175_29_g16835/Y -       A->Y    F     INVx3_ASAP7_75t_SL         1  3.2    15     8     319    (-,-) 
  BF1_1_mul_175_29_g16671/Y -       A->Y    F     XNOR2x1_ASAP7_75t_SL       2  3.9    25    21     339    (-,-) 
  BF1_1_mul_175_29_g16502/Y -       A->Y    R     XOR2x2_ASAP7_75t_SL        2  3.7    18    30     369    (-,-) 
  BF1_1_mul_175_29_g16425/Y -       A->Y    F     XOR2x2_ASAP7_75t_SL        1  3.2    15    22     391    (-,-) 
  BF1_1_mul_175_29_g16349/Y -       A->Y    F     XNOR2x1_ASAP7_75t_SL       2  6.0    34    25     416    (-,-) 
  BF1_1_mul_175_29_g16302/Y -       B->Y    R     NAND2x2_ASAP7_75t_SL       3  5.2    27    19     434    (-,-) 
  BF1_1_mul_175_29_g16279/Y -       A->Y    R     AND2x4_ASAP7_75t_SL        3  5.7    14    17     451    (-,-) 
  BF1_1_mul_175_29_g16260/Y -       B->Y    R     AND2x4_ASAP7_75t_SL        2  4.4    12    16     467    (-,-) 
  BF1_1_mul_175_29_g16230/Y -       A2->Y   F     AOI21x1_ASAP7_75t_SL       1  2.1    18     9     476    (-,-) 
  BF1_1_mul_175_29_g16220/Y -       B->Y    F     OA21x2_ASAP7_75t_SL        1  2.6    13    16     492    (-,-) 
  BF1_1_mul_175_29_g16211/Y -       A->Y    F     AND2x6_ASAP7_75t_SL       14 27.5    30    29     522    (-,-) 
  BF1_1_mul_175_29_g16183/Y -       A1->Y   R     OAI21x1_ASAP7_75t_SL       1  2.4    27    17     539    (-,-) 
  BF1_1_mul_175_29_g16178/Y -       B->Y    R     XNOR2xp5_ASAP7_75t_SL      1  2.1    39    18     557    (-,-) 
  BF1_1_mult_p_reg[38]/D    -       -       R     DFFHQx4_ASAP7_75t_SL       1    -     -     0     557    (-,-) 
#----------------------------------------------------------------------------------------------------------------



Path 12: VIOLATED (-23 ps) Setup Check with Pin BF1_1_mult_p_reg[45]/CLK->D
          Group: clk
     Startpoint: (R) BF1_1_modei_reg[0]/CLK
          Clock: (R) clk
       Endpoint: (R) BF1_1_mult_p_reg[45]/D
          Clock: (R) clk

                     Capture       Launch     
        Clock Edge:+     573            0     
       Src Latency:+       0            0     
       Net Latency:+       0 (I)        0 (I) 
           Arrival:=     573            0     
                                              
             Setup:-      10                  
       Uncertainty:-      29                  
     Required Time:=     534                  
      Launch Clock:-       0                  
         Data Path:-     557                  
             Slack:=     -23                  

#----------------------------------------------------------------------------------------------------------------
#       Timing Point        Flags    Arc    Edge         Cell           Fanout Load Trans Delay Arrival Instance 
#                                                                              (fF)  (ps)  (ps)   (ps)  Location 
#----------------------------------------------------------------------------------------------------------------
  BF1_1_modei_reg[0]/CLK    -       -       R     (arrival)               3033    -     0     0       0    (-,-) 
  BF1_1_modei_reg[0]/QN     -       CLK->QN F     DFFHQNx2_ASAP7_75t_SL      3  9.0    39    49      49    (-,-) 
  g41079/Y                  -       A->Y    F     AND2x6_ASAP7_75t_SL       12 29.1    32    36      86    (-,-) 
  g84250/Y                  -       A->Y    F     BUFx12f_ASAP7_75t_SL      20 32.5    22    24     110    (-,-) 
  g81258/Y                  -       B->Y    F     AND2x2_ASAP7_75t_SL        1  2.6    12    19     128    (-,-) 
  g81059/Y                  -       A->Y    F     OR2x6_ASAP7_75t_SL        13 26.6    31    30     159    (-,-) 
  BF1_1_mul_175_29_g18481/Y -       A->Y    R     INVx8_ASAP7_75t_SL         7 12.2    19    12     171    (-,-) 
  BF1_1_mul_175_29_g18311/Y -       B1->Y   F     AOI22x1_ASAP7_75t_SL       2  4.1    35    15     186    (-,-) 
  BF1_1_mul_175_29_g18151/Y -       A->Y    R     INVx2_ASAP7_75t_SL         1  2.6    18    12     198    (-,-) 
  BF1_1_mul_175_29_g17665/Y -       B1->Y   F     AOI22x1_ASAP7_75t_SL       2  3.8    36    14     212    (-,-) 
  BF1_1_mul_175_29_g17383/Y -       A->Y    R     XOR2x2_ASAP7_75t_SL        1  3.1    17    30     242    (-,-) 
  BF1_1_mul_175_29_g17211/Y -       A->Y    R     XNOR2x1_ASAP7_75t_SL       2  4.9    39    22     264    (-,-) 
  BF1_1_mul_175_29_g17001/Y -       A->Y    R     XNOR2x1_ASAP7_75t_SL       1  3.1    31    22     287    (-,-) 
  BF1_1_mul_175_29_g16843/Y -       A->Y    R     XNOR2x1_ASAP7_75t_SL       2  4.7    39    24     311    (-,-) 
  BF1_1_mul_175_29_g16835/Y -       A->Y    F     INVx3_ASAP7_75t_SL         1  3.2    15     8     319    (-,-) 
  BF1_1_mul_175_29_g16671/Y -       A->Y    F     XNOR2x1_ASAP7_75t_SL       2  3.9    25    21     339    (-,-) 
  BF1_1_mul_175_29_g16502/Y -       A->Y    R     XOR2x2_ASAP7_75t_SL        2  3.7    18    30     369    (-,-) 
  BF1_1_mul_175_29_g16425/Y -       A->Y    F     XOR2x2_ASAP7_75t_SL        1  3.2    15    22     391    (-,-) 
  BF1_1_mul_175_29_g16349/Y -       A->Y    F     XNOR2x1_ASAP7_75t_SL       2  6.0    34    25     416    (-,-) 
  BF1_1_mul_175_29_g16302/Y -       B->Y    R     NAND2x2_ASAP7_75t_SL       3  5.2    27    19     434    (-,-) 
  BF1_1_mul_175_29_g16279/Y -       A->Y    R     AND2x4_ASAP7_75t_SL        3  5.7    14    17     451    (-,-) 
  BF1_1_mul_175_29_g16260/Y -       B->Y    R     AND2x4_ASAP7_75t_SL        2  4.4    12    16     467    (-,-) 
  BF1_1_mul_175_29_g16230/Y -       A2->Y   F     AOI21x1_ASAP7_75t_SL       1  2.1    18     9     476    (-,-) 
  BF1_1_mul_175_29_g16220/Y -       B->Y    F     OA21x2_ASAP7_75t_SL        1  2.6    13    16     492    (-,-) 
  BF1_1_mul_175_29_g16211/Y -       A->Y    F     AND2x6_ASAP7_75t_SL       14 27.5    30    29     522    (-,-) 
  BF1_1_mul_175_29_g16187/Y -       A1->Y   R     OAI21x1_ASAP7_75t_SL       1  2.4    27    17     539    (-,-) 
  BF1_1_mul_175_29_g16170/Y -       B->Y    R     XNOR2xp5_ASAP7_75t_SL      1  2.1    39    18     557    (-,-) 
  BF1_1_mult_p_reg[45]/D    -       -       R     DFFHQx4_ASAP7_75t_SL       1    -     -     0     557    (-,-) 
#----------------------------------------------------------------------------------------------------------------



Path 13: VIOLATED (-23 ps) Setup Check with Pin BF1_1_mult_p_reg[43]/CLK->D
          Group: clk
     Startpoint: (R) BF1_1_modei_reg[0]/CLK
          Clock: (R) clk
       Endpoint: (R) BF1_1_mult_p_reg[43]/D
          Clock: (R) clk

                     Capture       Launch     
        Clock Edge:+     573            0     
       Src Latency:+       0            0     
       Net Latency:+       0 (I)        0 (I) 
           Arrival:=     573            0     
                                              
             Setup:-      10                  
       Uncertainty:-      29                  
     Required Time:=     534                  
      Launch Clock:-       0                  
         Data Path:-     557                  
             Slack:=     -23                  

#----------------------------------------------------------------------------------------------------------------
#       Timing Point        Flags    Arc    Edge         Cell           Fanout Load Trans Delay Arrival Instance 
#                                                                              (fF)  (ps)  (ps)   (ps)  Location 
#----------------------------------------------------------------------------------------------------------------
  BF1_1_modei_reg[0]/CLK    -       -       R     (arrival)               3033    -     0     0       0    (-,-) 
  BF1_1_modei_reg[0]/QN     -       CLK->QN F     DFFHQNx2_ASAP7_75t_SL      3  9.0    39    49      49    (-,-) 
  g41079/Y                  -       A->Y    F     AND2x6_ASAP7_75t_SL       12 29.1    32    36      86    (-,-) 
  g84250/Y                  -       A->Y    F     BUFx12f_ASAP7_75t_SL      20 32.5    22    24     110    (-,-) 
  g81258/Y                  -       B->Y    F     AND2x2_ASAP7_75t_SL        1  2.6    12    19     128    (-,-) 
  g81059/Y                  -       A->Y    F     OR2x6_ASAP7_75t_SL        13 26.6    31    30     159    (-,-) 
  BF1_1_mul_175_29_g18481/Y -       A->Y    R     INVx8_ASAP7_75t_SL         7 12.2    19    12     171    (-,-) 
  BF1_1_mul_175_29_g18311/Y -       B1->Y   F     AOI22x1_ASAP7_75t_SL       2  4.1    35    15     186    (-,-) 
  BF1_1_mul_175_29_g18151/Y -       A->Y    R     INVx2_ASAP7_75t_SL         1  2.6    18    12     198    (-,-) 
  BF1_1_mul_175_29_g17665/Y -       B1->Y   F     AOI22x1_ASAP7_75t_SL       2  3.8    36    14     212    (-,-) 
  BF1_1_mul_175_29_g17383/Y -       A->Y    R     XOR2x2_ASAP7_75t_SL        1  3.1    17    30     242    (-,-) 
  BF1_1_mul_175_29_g17211/Y -       A->Y    R     XNOR2x1_ASAP7_75t_SL       2  4.9    39    22     264    (-,-) 
  BF1_1_mul_175_29_g17001/Y -       A->Y    R     XNOR2x1_ASAP7_75t_SL       1  3.1    31    22     287    (-,-) 
  BF1_1_mul_175_29_g16843/Y -       A->Y    R     XNOR2x1_ASAP7_75t_SL       2  4.7    39    24     311    (-,-) 
  BF1_1_mul_175_29_g16835/Y -       A->Y    F     INVx3_ASAP7_75t_SL         1  3.2    15     8     319    (-,-) 
  BF1_1_mul_175_29_g16671/Y -       A->Y    F     XNOR2x1_ASAP7_75t_SL       2  3.9    25    21     339    (-,-) 
  BF1_1_mul_175_29_g16502/Y -       A->Y    R     XOR2x2_ASAP7_75t_SL        2  3.7    18    30     369    (-,-) 
  BF1_1_mul_175_29_g16425/Y -       A->Y    F     XOR2x2_ASAP7_75t_SL        1  3.2    15    22     391    (-,-) 
  BF1_1_mul_175_29_g16349/Y -       A->Y    F     XNOR2x1_ASAP7_75t_SL       2  6.0    34    25     416    (-,-) 
  BF1_1_mul_175_29_g16302/Y -       B->Y    R     NAND2x2_ASAP7_75t_SL       3  5.2    27    19     434    (-,-) 
  BF1_1_mul_175_29_g16279/Y -       A->Y    R     AND2x4_ASAP7_75t_SL        3  5.7    14    17     451    (-,-) 
  BF1_1_mul_175_29_g16260/Y -       B->Y    R     AND2x4_ASAP7_75t_SL        2  4.4    12    16     467    (-,-) 
  BF1_1_mul_175_29_g16230/Y -       A2->Y   F     AOI21x1_ASAP7_75t_SL       1  2.1    18     9     476    (-,-) 
  BF1_1_mul_175_29_g16220/Y -       B->Y    F     OA21x2_ASAP7_75t_SL        1  2.6    13    16     492    (-,-) 
  BF1_1_mul_175_29_g16211/Y -       A->Y    F     AND2x6_ASAP7_75t_SL       14 27.5    30    29     522    (-,-) 
  BF1_1_mul_175_29_g16200/Y -       A1->Y   R     OAI21x1_ASAP7_75t_SL       1  2.4    27    17     539    (-,-) 
  BF1_1_mul_175_29_g16171/Y -       B->Y    R     XNOR2xp5_ASAP7_75t_SL      1  2.1    39    18     557    (-,-) 
  BF1_1_mult_p_reg[43]/D    -       -       R     DFFHQx4_ASAP7_75t_SL       1    -     -     0     557    (-,-) 
#----------------------------------------------------------------------------------------------------------------



Path 14: VIOLATED (-23 ps) Setup Check with Pin BF1_1_mult_p_reg[44]/CLK->D
          Group: clk
     Startpoint: (R) BF1_1_modei_reg[0]/CLK
          Clock: (R) clk
       Endpoint: (R) BF1_1_mult_p_reg[44]/D
          Clock: (R) clk

                     Capture       Launch     
        Clock Edge:+     573            0     
       Src Latency:+       0            0     
       Net Latency:+       0 (I)        0 (I) 
           Arrival:=     573            0     
                                              
             Setup:-      11                  
       Uncertainty:-      29                  
     Required Time:=     534                  
      Launch Clock:-       0                  
         Data Path:-     557                  
             Slack:=     -23                  

#-------------------------------------------------------------------------------------------------------------------
#        Timing Point          Flags    Arc    Edge         Cell           Fanout Load Trans Delay Arrival Instance 
#                                                                                 (fF)  (ps)  (ps)   (ps)  Location 
#-------------------------------------------------------------------------------------------------------------------
  BF1_1_modei_reg[0]/CLK       -       -       R     (arrival)               3033    -     0     0       0    (-,-) 
  BF1_1_modei_reg[0]/QN        -       CLK->QN F     DFFHQNx2_ASAP7_75t_SL      3  9.0    39    49      49    (-,-) 
  g41079/Y                     -       A->Y    F     AND2x6_ASAP7_75t_SL       12 29.1    32    36      86    (-,-) 
  g84260/Y                     -       A->Y    F     BUFx12f_ASAP7_75t_SL      16 25.3    18    22     108    (-,-) 
  g81736/Y                     -       B->Y    F     AND2x2_ASAP7_75t_SL        1  2.6    12    18     126    (-,-) 
  g81540/Y                     -       A->Y    F     OR2x6_ASAP7_75t_SL         5 13.2    19    24     150    (-,-) 
  BF1_1_mul_175_29_fopt18820/Y -       A->Y    R     INVx3_ASAP7_75t_SL         3  6.1    18    12     162    (-,-) 
  BF1_1_mul_175_29_fopt18819/Y -       A->Y    F     INVx2_ASAP7_75t_SL         1  2.1    10     6     169    (-,-) 
  BF1_1_mul_175_29_g18261/Y    -       B1->Y   R     OAI22xp5_ASAP7_75t_SL      2  3.1    57    23     192    (-,-) 
  BF1_1_mul_175_29_g17755/Y    -       B2->Y   R     AO22x1_ASAP7_75t_SL        2  4.4    34    32     223    (-,-) 
  BF1_1_mul_175_29_g17408/Y    -       A->Y    R     XOR2xp5_ASAP7_75t_SL       1  2.4    40    28     251    (-,-) 
  BF1_1_mul_175_29_g17103/Y    -       A->Y    F     XOR2x2_ASAP7_75t_SL        2  4.0    18    25     276    (-,-) 
  BF1_1_mul_175_29_g16967/Y    -       B->Y    R     XOR2x2_ASAP7_75t_SL        1  3.1    16    28     304    (-,-) 
  BF1_1_mul_175_29_g16820/Y    -       A->Y    R     XNOR2x1_ASAP7_75t_SL       2  4.6    45    22     325    (-,-) 
  BF1_1_mul_175_29_g16803/Y    -       A->Y    F     INVx2_ASAP7_75t_SL         1  2.6    18     9     334    (-,-) 
  BF1_1_mul_175_29_g16599/Y    -       B->Y    R     XOR2x2_ASAP7_75t_SL        3  7.2    29    35     369    (-,-) 
  BF1_1_mul_175_29_g16428/Y    -       B2->Y   F     AOI22x1_ASAP7_75t_SL       1  2.5    25    14     383    (-,-) 
  BF1_1_mul_175_29_g16351/Y    -       A->Y    R     XOR2x2_ASAP7_75t_SL        2  3.9    19    30     413    (-,-) 
  BF1_1_mul_175_29_g16316/Y    -       B->Y    R     OR2x2_ASAP7_75t_SL         2  4.0    17    20     433    (-,-) 
  BF1_1_mul_175_29_g16267/Y    -       B->Y    F     OAI21x1_ASAP7_75t_SL       1  2.1    17    11     444    (-,-) 
  BF1_1_mul_175_29_g16254/Y    -       B->Y    F     AO21x2_ASAP7_75t_SL        2  4.0    16    22     466    (-,-) 
  BF1_1_mul_175_29_g16230/Y    -       A1->Y   R     AOI21x1_ASAP7_75t_SL       1  2.1    21    12     478    (-,-) 
  BF1_1_mul_175_29_g16220/Y    -       B->Y    R     OA21x2_ASAP7_75t_SL        1  2.6    14    18     496    (-,-) 
  BF1_1_mul_175_29_g16211/Y    -       A->Y    R     AND2x6_ASAP7_75t_SL       14 27.4    36    29     526    (-,-) 
  BF1_1_mul_175_29_g16201/Y    -       A1->Y   F     OAI21x1_ASAP7_75t_SL       1  2.5    21    10     536    (-,-) 
  BF1_1_mul_175_29_g16166/Y    -       B->Y    R     XNOR2xp5_ASAP7_75t_SL      1  2.1    41    21     557    (-,-) 
  BF1_1_mult_p_reg[44]/D       -       -       R     DFFHQx4_ASAP7_75t_SL       1    -     -     0     557    (-,-) 
#-------------------------------------------------------------------------------------------------------------------



Path 15: VIOLATED (-23 ps) Setup Check with Pin BF1_1_mult_p_reg[44]/CLK->D
          Group: clk
     Startpoint: (R) BF1_1_modei_reg[0]/CLK
          Clock: (R) clk
       Endpoint: (R) BF1_1_mult_p_reg[44]/D
          Clock: (R) clk

                     Capture       Launch     
        Clock Edge:+     573            0     
       Src Latency:+       0            0     
       Net Latency:+       0 (I)        0 (I) 
           Arrival:=     573            0     
                                              
             Setup:-      11                  
       Uncertainty:-      29                  
     Required Time:=     534                  
      Launch Clock:-       0                  
         Data Path:-     557                  
             Slack:=     -23                  

#--------------------------------------------------------------------------------------------------------------------
#        Timing Point          Flags    Arc    Edge          Cell           Fanout Load Trans Delay Arrival Instance 
#                                                                                  (fF)  (ps)  (ps)   (ps)  Location 
#--------------------------------------------------------------------------------------------------------------------
  BF1_1_modei_reg[0]/CLK       -       -       R     (arrival)                3033    -     0     0       0    (-,-) 
  BF1_1_modei_reg[0]/QN        -       CLK->QN F     DFFHQNx2_ASAP7_75t_SL       3  9.0    39    49      49    (-,-) 
  g41079/Y                     -       A->Y    F     AND2x6_ASAP7_75t_SL        12 29.1    32    36      86    (-,-) 
  g84250/Y                     -       A->Y    F     BUFx12f_ASAP7_75t_SL       20 32.5    22    24     110    (-,-) 
  g81506/Y                     -       B->Y    F     AND2x2_ASAP7_75t_SL         1  2.6    12    19     128    (-,-) 
  g81294/Y                     -       A->Y    F     OR2x6_ASAP7_75t_SL          6 15.1    21    25     154    (-,-) 
  BF1_1_mul_175_29_fopt18828/Y -       A->Y    R     INVx5_ASAP7_75t_SL          6 11.8    21    14     167    (-,-) 
  BF1_1_mul_175_29_fopt18827/Y -       A->Y    F     INVx5_ASAP7_75t_SL          3  5.9    12     7     174    (-,-) 
  BF1_1_mul_175_29_g18027/Y    -       A1->Y   R     AOI22xp5_ASAP7_75t_SL       2  4.1    63    29     203    (-,-) 
  BF1_1_mul_175_29_g17840/Y    -       A2->Y   F     OAI22x1_ASAP7_75t_SL        2  5.1    44    24     227    (-,-) 
  BF1_1_mul_175_29_g17458/Y    -       B->Y    F     XNOR2x1_ASAP7_75t_SL        1  2.5    30    23     250    (-,-) 
  BF1_1_mul_175_29_g17200/Y    -       A->Y    R     XOR2x2_ASAP7_75t_SL         2  4.6    21    32     282    (-,-) 
  BF1_1_mul_175_29_g17005/Y    -       B->Y    R     XNOR2x1_ASAP7_75t_SL        1  2.6    25    18     300    (-,-) 
  BF1_1_mul_175_29_g18914/Y    -       A->Y    F     XNOR2x2_ASAP7_75t_SL        2  4.0    17    30     329    (-,-) 
  BF1_1_mul_175_29_g16581/Y    -       B->Y    R     XOR2x2_ASAP7_75t_SL         1  2.6    14    27     356    (-,-) 
  BF1_1_mul_175_29_g16489/Y    -       B->Y    F     XOR2x2_ASAP7_75t_SL         2  3.9    17    22     378    (-,-) 
  BF1_1_mul_175_29_g16453/Y    -       B->Y    F     AND2x4_ASAP7_75t_SL         2  5.9    12    18     396    (-,-) 
  BF1_1_mul_175_29_g16440/Y    -       A->Y    R     INVx4_ASAP7_75t_SL          2  5.0    12     8     404    (-,-) 
  BF1_1_mul_175_29_g16408/Y    -       B->Y    F     NAND2x2_ASAP7_75t_SL        2  3.5    13     8     412    (-,-) 
  BF1_1_mul_175_29_g16341/Y    -       B->Y    F     OR3x2_ASAP7_75t_SL          1  3.1    16    26     438    (-,-) 
  BF1_1_mul_175_29_g16287/Y    -       B->Y    R     NOR2x1p5_ASAP7_75t_SL       2  3.4    21    12     450    (-,-) 
  BF1_1_mul_175_29_g16229/Y    -       A2->Y   R     AO221x2_ASAP7_75t_SL        3  6.4    28    32     483    (-,-) 
  BF1_1_mul_175_29_g16223/Y    -       B->Y    F     NAND2x1p5_ASAP7_75t_SL      1  2.6    17     9     492    (-,-) 
  BF1_1_mul_175_29_g16211/Y    -       B->Y    F     AND2x6_ASAP7_75t_SL        14 27.5    30    30     522    (-,-) 
  BF1_1_mul_175_29_g16201/Y    -       A1->Y   R     OAI21x1_ASAP7_75t_SL        1  2.4    27    17     539    (-,-) 
  BF1_1_mul_175_29_g16166/Y    -       B->Y    R     XNOR2xp5_ASAP7_75t_SL       1  2.1    41    18     557    (-,-) 
  BF1_1_mult_p_reg[44]/D       -       -       R     DFFHQx4_ASAP7_75t_SL        1    -     -     0     557    (-,-) 
#--------------------------------------------------------------------------------------------------------------------



Path 16: VIOLATED (-23 ps) Setup Check with Pin BF1_1_mult_p_reg[44]/CLK->D
          Group: clk
     Startpoint: (R) BF1_1_modei_reg[0]/CLK
          Clock: (R) clk
       Endpoint: (R) BF1_1_mult_p_reg[44]/D
          Clock: (R) clk

                     Capture       Launch     
        Clock Edge:+     573            0     
       Src Latency:+       0            0     
       Net Latency:+       0 (I)        0 (I) 
           Arrival:=     573            0     
                                              
             Setup:-      11                  
       Uncertainty:-      29                  
     Required Time:=     534                  
      Launch Clock:-       0                  
         Data Path:-     557                  
             Slack:=     -23                  

#-----------------------------------------------------------------------------------------------------------------
#       Timing Point        Flags    Arc    Edge          Cell           Fanout Load Trans Delay Arrival Instance 
#                                                                               (fF)  (ps)  (ps)   (ps)  Location 
#-----------------------------------------------------------------------------------------------------------------
  BF1_1_modei_reg[0]/CLK    -       -       R     (arrival)                3033    -     0     0       0    (-,-) 
  BF1_1_modei_reg[0]/QN     -       CLK->QN F     DFFHQNx2_ASAP7_75t_SL       3  9.0    39    49      49    (-,-) 
  g41079/Y                  -       A->Y    F     AND2x6_ASAP7_75t_SL        12 29.1    32    36      86    (-,-) 
  g84239/Y                  -       A->Y    F     BUFx6f_ASAP7_75t_SL        14 20.7    24    25     111    (-,-) 
  g82199/Y                  -       B2->Y   F     OA22x2_ASAP7_75t_SL         1  6.5    23    30     140    (-,-) 
  g82155/Y                  -       A->Y    R     INVx8_ASAP7_75t_SL         14 24.7    28    17     157    (-,-) 
  BF1_1_mul_175_29_g18652/Y -       A->Y    F     INVx5_ASAP7_75t_SL          7 10.6    19    11     168    (-,-) 
  BF1_1_mul_175_29_g18294/Y -       B1->Y   R     AOI22xp5_ASAP7_75t_SL       2  4.1    66    31     199    (-,-) 
  fopt88623/Y               -       A->Y    F     INVx2_ASAP7_75t_SL          1  2.1    20     8     207    (-,-) 
  BF1_1_mul_175_29_g17836/Y -       A1->Y   R     AOI22xp5_ASAP7_75t_SL       2  3.7    59    28     235    (-,-) 
  BF1_1_mul_175_29_g17388/Y -       A->Y    F     XOR2x2_ASAP7_75t_SL         1  2.5    14    23     258    (-,-) 
  BF1_1_mul_175_29_g17187/Y -       A->Y    F     XOR2x2_ASAP7_75t_SL         2  3.9    17    24     282    (-,-) 
  BF1_1_mul_175_29_g16924/Y -       A->Y    F     MAJx2_ASAP7_75t_SL          2  3.9    16    24     306    (-,-) 
  BF1_1_mul_175_29_g16794/Y -       A->Y    F     MAJx2_ASAP7_75t_SL          2  5.1    20    26     331    (-,-) 
  BF1_1_mul_175_29_g16606/Y -       B->Y    F     XNOR2x1_ASAP7_75t_SL        1  3.2    24    21     352    (-,-) 
  BF1_1_mul_175_29_g16516/Y -       A->Y    F     XNOR2x1_ASAP7_75t_SL        1  3.2    23    21     373    (-,-) 
  BF1_1_mul_175_29_g16435/Y -       A->Y    F     XNOR2x1_ASAP7_75t_SL        3  5.5    33    25     398    (-,-) 
  BF1_1_mul_175_29_g16371/Y -       B->Y    F     AND2x4_ASAP7_75t_SL         3  6.5    14    21     419    (-,-) 
  BF1_1_mul_175_29_g16327/Y -       A->Y    F     OR2x6_ASAP7_75t_SL          2  5.5    12    20     440    (-,-) 
  BF1_1_mul_175_29_g16314/Y -       B->Y    R     NOR2x2_ASAP7_75t_SL         2  3.3    17    10     449    (-,-) 
  BF1_1_mul_175_29_g16229/Y -       A1->Y   R     AO221x2_ASAP7_75t_SL        3  6.4    28    33     483    (-,-) 
  BF1_1_mul_175_29_g16223/Y -       B->Y    F     NAND2x1p5_ASAP7_75t_SL      1  2.6    17     9     492    (-,-) 
  BF1_1_mul_175_29_g16211/Y -       B->Y    F     AND2x6_ASAP7_75t_SL        14 27.5    30    30     522    (-,-) 
  BF1_1_mul_175_29_g16201/Y -       A1->Y   R     OAI21x1_ASAP7_75t_SL        1  2.4    27    17     539    (-,-) 
  BF1_1_mul_175_29_g16166/Y -       B->Y    R     XNOR2xp5_ASAP7_75t_SL       1  2.1    41    18     557    (-,-) 
  BF1_1_mult_p_reg[44]/D    -       -       R     DFFHQx4_ASAP7_75t_SL        1    -     -     0     557    (-,-) 
#-----------------------------------------------------------------------------------------------------------------



Path 17: VIOLATED (-23 ps) Setup Check with Pin BF1_1_mult_p_reg[44]/CLK->D
          Group: clk
     Startpoint: (R) BF1_1_modei_reg[0]/CLK
          Clock: (R) clk
       Endpoint: (R) BF1_1_mult_p_reg[44]/D
          Clock: (R) clk

                     Capture       Launch     
        Clock Edge:+     573            0     
       Src Latency:+       0            0     
       Net Latency:+       0 (I)        0 (I) 
           Arrival:=     573            0     
                                              
             Setup:-      11                  
       Uncertainty:-      29                  
     Required Time:=     534                  
      Launch Clock:-       0                  
         Data Path:-     557                  
             Slack:=     -23                  

#----------------------------------------------------------------------------------------------------------------
#       Timing Point        Flags    Arc    Edge         Cell           Fanout Load Trans Delay Arrival Instance 
#                                                                              (fF)  (ps)  (ps)   (ps)  Location 
#----------------------------------------------------------------------------------------------------------------
  BF1_1_modei_reg[0]/CLK    -       -       R     (arrival)               3033    -     0     0       0    (-,-) 
  BF1_1_modei_reg[0]/QN     -       CLK->QN F     DFFHQNx2_ASAP7_75t_SL      3  9.0    39    49      49    (-,-) 
  g84377/Y                  -       C->Y    R     NAND3x2_ASAP7_75t_SL       2  7.2    43    29      78    (-,-) 
  g84277/Y                  -       A->Y    R     BUFx12f_ASAP7_75t_SL      31 41.8    32    26     104    (-,-) 
  g83599/Y                  -       A2->Y   R     OA22x2_ASAP7_75t_SL        1  5.3    22    26     130    (-,-) 
  g83498/Y                  -       A->Y    F     INVx6_ASAP7_75t_SL        13 23.4    27    16     146    (-,-) 
  BF1_1_mul_175_29_g18482/Y -       A->Y    R     INVx5_ASAP7_75t_SL         6  8.6    19    12     158    (-,-) 
  BF1_1_mul_175_29_g18449/Y -       A->Y    F     NAND2xp5_ASAP7_75t_SL      1  3.1    33    17     175    (-,-) 
  BF1_1_mul_175_29_g17989/Y -       B->Y    R     NAND2x1p5_ASAP7_75t_L      2  4.7    33    22     197    (-,-) 
  BF1_1_mul_175_29_g17545/Y -       A2->Y   F     OAI22x1_ASAP7_75t_SL       2  3.9    44    18     215    (-,-) 
  BF1_1_mul_175_29_g17239/Y -       A->Y    F     MAJx2_ASAP7_75t_SL         2  4.5    19    30     245    (-,-) 
  BF1_1_mul_175_29_g17064/Y -       B->Y    R     XOR2x2_ASAP7_75t_SL        1  3.2    16    29     274    (-,-) 
  BF1_1_mul_175_29_g16891/Y -       B->Y    R     XNOR2x1_ASAP7_75t_SL       2  3.7    36    19     293    (-,-) 
  BF1_1_mul_175_29_g16756/Y -       A->Y    F     XOR2x2_ASAP7_75t_SL        1  3.2    15    23     316    (-,-) 
  BF1_1_mul_175_29_g16651/Y -       A->Y    F     XNOR2x1_ASAP7_75t_SL       2  4.0    27    21     337    (-,-) 
  BF1_1_mul_175_29_g16531/Y -       C->Y    F     MAJx2_ASAP7_75t_SL         2  5.2    20    27     364    (-,-) 
  fopt88675/Y               -       A->Y    R     INVx3_ASAP7_75t_SL         2  4.1    15    10     374    (-,-) 
  BF1_1_mul_175_29_g16430/Y -       A1->Y   F     AOI22x1_ASAP7_75t_SL       1  2.6    26    10     384    (-,-) 
  BF1_1_mul_175_29_g16344/Y -       B->Y    R     XOR2x2_ASAP7_75t_SL        2  3.9    18    31     415    (-,-) 
  BF1_1_mul_175_29_g16320/Y -       B->Y    R     AND2x4_ASAP7_75t_SL        2  4.9    13    17     432    (-,-) 
  BF1_1_mul_175_29_g16276/Y -       A->Y    F     NOR2x2_ASAP7_75t_SL        2  3.9    17    11     443    (-,-) 
  BF1_1_mul_175_29_g16254/Y -       A1->Y   F     AO21x2_ASAP7_75t_SL        2  4.0    16    23     466    (-,-) 
  BF1_1_mul_175_29_g16230/Y -       A1->Y   R     AOI21x1_ASAP7_75t_SL       1  2.1    21    12     478    (-,-) 
  BF1_1_mul_175_29_g16220/Y -       B->Y    R     OA21x2_ASAP7_75t_SL        1  2.6    14    18     496    (-,-) 
  BF1_1_mul_175_29_g16211/Y -       A->Y    R     AND2x6_ASAP7_75t_SL       14 27.4    36    29     526    (-,-) 
  BF1_1_mul_175_29_g16201/Y -       A1->Y   F     OAI21x1_ASAP7_75t_SL       1  2.5    21    10     536    (-,-) 
  BF1_1_mul_175_29_g16166/Y -       B->Y    R     XNOR2xp5_ASAP7_75t_SL      1  2.1    41    21     557    (-,-) 
  BF1_1_mult_p_reg[44]/D    -       -       R     DFFHQx4_ASAP7_75t_SL       1    -     -     0     557    (-,-) 
#----------------------------------------------------------------------------------------------------------------



Path 18: VIOLATED (-23 ps) Setup Check with Pin BF1_1_mult_p_reg[44]/CLK->D
          Group: clk
     Startpoint: (R) BF1_1_modei_reg[0]/CLK
          Clock: (R) clk
       Endpoint: (R) BF1_1_mult_p_reg[44]/D
          Clock: (R) clk

                     Capture       Launch     
        Clock Edge:+     573            0     
       Src Latency:+       0            0     
       Net Latency:+       0 (I)        0 (I) 
           Arrival:=     573            0     
                                              
             Setup:-      11                  
       Uncertainty:-      29                  
     Required Time:=     534                  
      Launch Clock:-       0                  
         Data Path:-     557                  
             Slack:=     -23                  

#-----------------------------------------------------------------------------------------------------------------
#       Timing Point        Flags    Arc    Edge          Cell           Fanout Load Trans Delay Arrival Instance 
#                                                                               (fF)  (ps)  (ps)   (ps)  Location 
#-----------------------------------------------------------------------------------------------------------------
  BF1_1_modei_reg[0]/CLK    -       -       R     (arrival)                3033    -     0     0       0    (-,-) 
  BF1_1_modei_reg[0]/QN     -       CLK->QN F     DFFHQNx2_ASAP7_75t_SL       3  9.0    39    49      49    (-,-) 
  g41079/Y                  -       A->Y    F     AND2x6_ASAP7_75t_SL        12 29.1    32    36      86    (-,-) 
  g84260/Y                  -       A->Y    F     BUFx12f_ASAP7_75t_SL       16 25.3    18    22     108    (-,-) 
  g82612/Y                  -       B->Y    F     AND2x2_ASAP7_75t_SL         1  2.6    12    18     126    (-,-) 
  g82407/Y                  -       A->Y    F     OR2x6_ASAP7_75t_SL         13 27.2    31    31     157    (-,-) 
  BF1_1_mul_175_29_g18493/Y -       A->Y    R     INVx11_ASAP7_75t_SL        11 18.2    21    13     170    (-,-) 
  BF1_1_mul_175_29_g18451/Y -       B->Y    R     AND2x2_ASAP7_75t_SL         1  2.6    13    18     188    (-,-) 
  BF1_1_mul_175_29_g17990/Y -       B->Y    F     NOR2x1_ASAP7_75t_SL         2  3.5    28    14     202    (-,-) 
  BF1_1_mul_175_29_g17551/Y -       B1->Y   R     AOI22xp5_ASAP7_75t_SL       2  3.7    57    31     234    (-,-) 
  BF1_1_mul_175_29_g17270/Y -       A->Y    R     MAJx2_ASAP7_75t_SL          2  4.5    21    27     261    (-,-) 
  BF1_1_mul_175_29_g17228/Y -       A->Y    F     INVx1_ASAP7_75t_SL          1  2.6    19    12     273    (-,-) 
  BF1_1_mul_175_29_g17021/Y -       C->Y    F     MAJx2_ASAP7_75t_SL          2  4.4    18    25     298    (-,-) 
  BF1_1_mul_175_29_g16742/Y -       B->Y    F     MAJx2_ASAP7_75t_SL          2  5.1    21    28     325    (-,-) 
  BF1_1_mul_175_29_g16586/Y -       B->Y    F     XNOR2x1_ASAP7_75t_SL        1  3.2    23    21     346    (-,-) 
  BF1_1_mul_175_29_g16503/Y -       B->Y    F     XNOR2x1_ASAP7_75t_SL        2  4.5    30    24     370    (-,-) 
  BF1_1_mul_175_29_g16426/Y -       A->Y    F     XNOR2x1_ASAP7_75t_SL        1  3.2    24    21     391    (-,-) 
  BF1_1_mul_175_29_g16350/Y -       A->Y    F     XNOR2x1_ASAP7_75t_SL        2  5.4    32    25     416    (-,-) 
  BF1_1_mul_175_29_g16305/Y -       B->Y    R     NAND2x1p5_ASAP7_75t_SL      2  3.6    24    16     433    (-,-) 
  BF1_1_mul_175_29_g16279/Y -       B->Y    R     AND2x4_ASAP7_75t_SL         3  5.7    14    18     451    (-,-) 
  BF1_1_mul_175_29_g16260/Y -       B->Y    R     AND2x4_ASAP7_75t_SL         2  4.4    12    16     467    (-,-) 
  BF1_1_mul_175_29_g16230/Y -       A2->Y   F     AOI21x1_ASAP7_75t_SL        1  2.1    18     9     476    (-,-) 
  BF1_1_mul_175_29_g16220/Y -       B->Y    F     OA21x2_ASAP7_75t_SL         1  2.6    13    16     492    (-,-) 
  BF1_1_mul_175_29_g16211/Y -       A->Y    F     AND2x6_ASAP7_75t_SL        14 27.5    30    29     522    (-,-) 
  BF1_1_mul_175_29_g16201/Y -       A1->Y   R     OAI21x1_ASAP7_75t_SL        1  2.4    27    17     539    (-,-) 
  BF1_1_mul_175_29_g16166/Y -       B->Y    R     XNOR2xp5_ASAP7_75t_SL       1  2.1    41    18     557    (-,-) 
  BF1_1_mult_p_reg[44]/D    -       -       R     DFFHQx4_ASAP7_75t_SL        1    -     -     0     557    (-,-) 
#-----------------------------------------------------------------------------------------------------------------



Path 19: VIOLATED (-23 ps) Setup Check with Pin BF1_1_mult_p_reg[44]/CLK->D
          Group: clk
     Startpoint: (R) BF1_1_modei_reg[0]/CLK
          Clock: (R) clk
       Endpoint: (R) BF1_1_mult_p_reg[44]/D
          Clock: (R) clk

                     Capture       Launch     
        Clock Edge:+     573            0     
       Src Latency:+       0            0     
       Net Latency:+       0 (I)        0 (I) 
           Arrival:=     573            0     
                                              
             Setup:-      11                  
       Uncertainty:-      29                  
     Required Time:=     534                  
      Launch Clock:-       0                  
         Data Path:-     557                  
             Slack:=     -23                  

#----------------------------------------------------------------------------------------------------------------
#       Timing Point        Flags    Arc    Edge         Cell           Fanout Load Trans Delay Arrival Instance 
#                                                                              (fF)  (ps)  (ps)   (ps)  Location 
#----------------------------------------------------------------------------------------------------------------
  BF1_1_modei_reg[0]/CLK    -       -       R     (arrival)               3033    -     0     0       0    (-,-) 
  BF1_1_modei_reg[0]/QN     -       CLK->QN F     DFFHQNx2_ASAP7_75t_SL      3  9.0    39    49      49    (-,-) 
  g84377/Y                  -       C->Y    R     NAND3x2_ASAP7_75t_SL       2  7.2    43    29      78    (-,-) 
  g84277/Y                  -       A->Y    R     BUFx12f_ASAP7_75t_SL      31 41.8    32    26     104    (-,-) 
  g83599/Y                  -       A2->Y   R     OA22x2_ASAP7_75t_SL        1  5.3    22    26     130    (-,-) 
  g83498/Y                  -       A->Y    F     INVx6_ASAP7_75t_SL        13 23.4    27    16     146    (-,-) 
  BF1_1_mul_175_29_g18482/Y -       A->Y    R     INVx5_ASAP7_75t_SL         6  8.6    19    12     158    (-,-) 
  BF1_1_mul_175_29_g18449/Y -       A->Y    F     NAND2xp5_ASAP7_75t_SL      1  3.1    33    17     175    (-,-) 
  BF1_1_mul_175_29_g17989/Y -       B->Y    R     NAND2x1p5_ASAP7_75t_L      2  4.7    33    22     197    (-,-) 
  BF1_1_mul_175_29_g17545/Y -       A2->Y   F     OAI22x1_ASAP7_75t_SL       2  3.9    44    18     215    (-,-) 
  BF1_1_mul_175_29_g17239/Y -       A->Y    F     MAJx2_ASAP7_75t_SL         2  4.5    19    30     245    (-,-) 
  BF1_1_mul_175_29_g17064/Y -       B->Y    R     XOR2x2_ASAP7_75t_SL        1  3.2    16    29     274    (-,-) 
  BF1_1_mul_175_29_g16891/Y -       B->Y    R     XNOR2x1_ASAP7_75t_SL       2  3.7    36    19     293    (-,-) 
  BF1_1_mul_175_29_g16756/Y -       A->Y    F     XOR2x2_ASAP7_75t_SL        1  3.2    15    23     316    (-,-) 
  BF1_1_mul_175_29_g16651/Y -       A->Y    F     XNOR2x1_ASAP7_75t_SL       2  4.0    27    21     337    (-,-) 
  BF1_1_mul_175_29_g16531/Y -       C->Y    F     MAJx2_ASAP7_75t_SL         2  5.2    20    27     364    (-,-) 
  fopt88675/Y               -       A->Y    R     INVx3_ASAP7_75t_SL         2  4.1    15    10     374    (-,-) 
  BF1_1_mul_175_29_g16430/Y -       A1->Y   F     AOI22x1_ASAP7_75t_SL       1  2.6    26    10     384    (-,-) 
  BF1_1_mul_175_29_g16344/Y -       B->Y    R     XOR2x2_ASAP7_75t_SL        2  3.9    18    31     415    (-,-) 
  BF1_1_mul_175_29_g16304/Y -       B->Y    R     OR2x2_ASAP7_75t_SL         2  4.0    17    20     435    (-,-) 
  BF1_1_mul_175_29_g16267/Y -       A2->Y   F     OAI21x1_ASAP7_75t_SL       1  2.1    17     9     444    (-,-) 
  BF1_1_mul_175_29_g16254/Y -       B->Y    F     AO21x2_ASAP7_75t_SL        2  4.0    16    22     466    (-,-) 
  BF1_1_mul_175_29_g16230/Y -       A1->Y   R     AOI21x1_ASAP7_75t_SL       1  2.1    21    12     478    (-,-) 
  BF1_1_mul_175_29_g16220/Y -       B->Y    R     OA21x2_ASAP7_75t_SL        1  2.6    14    18     496    (-,-) 
  BF1_1_mul_175_29_g16211/Y -       A->Y    R     AND2x6_ASAP7_75t_SL       14 27.4    36    29     526    (-,-) 
  BF1_1_mul_175_29_g16201/Y -       A1->Y   F     OAI21x1_ASAP7_75t_SL       1  2.5    21    10     536    (-,-) 
  BF1_1_mul_175_29_g16166/Y -       B->Y    R     XNOR2xp5_ASAP7_75t_SL      1  2.1    41    21     557    (-,-) 
  BF1_1_mult_p_reg[44]/D    -       -       R     DFFHQx4_ASAP7_75t_SL       1    -     -     0     557    (-,-) 
#----------------------------------------------------------------------------------------------------------------



Path 20: VIOLATED (-23 ps) Setup Check with Pin BF1_1_mult_p_reg[44]/CLK->D
          Group: clk
     Startpoint: (R) BF1_1_modei_reg[0]/CLK
          Clock: (R) clk
       Endpoint: (R) BF1_1_mult_p_reg[44]/D
          Clock: (R) clk

                     Capture       Launch     
        Clock Edge:+     573            0     
       Src Latency:+       0            0     
       Net Latency:+       0 (I)        0 (I) 
           Arrival:=     573            0     
                                              
             Setup:-      11                  
       Uncertainty:-      29                  
     Required Time:=     534                  
      Launch Clock:-       0                  
         Data Path:-     557                  
             Slack:=     -23                  

#------------------------------------------------------------------------------------------------------------------
#       Timing Point        Flags    Arc    Edge          Cell            Fanout Load Trans Delay Arrival Instance 
#                                                                                (fF)  (ps)  (ps)   (ps)  Location 
#------------------------------------------------------------------------------------------------------------------
  BF1_1_modei_reg[0]/CLK    -       -       R     (arrival)                 3033    -     0     0       0    (-,-) 
  BF1_1_modei_reg[0]/QN     -       CLK->QN F     DFFHQNx2_ASAP7_75t_SL        3  9.0    39    49      49    (-,-) 
  g84377/Y                  -       C->Y    R     NAND3x2_ASAP7_75t_SL         2  7.2    43    29      78    (-,-) 
  g84276/Y                  -       A->Y    R     BUFx16f_ASAP7_75t_SL        46 61.6    38    31     109    (-,-) 
  g81800/Y                  -       A2->Y   R     OA22x2_ASAP7_75t_SL          1  5.3    22    26     135    (-,-) 
  g81703/Y                  -       A->Y    F     INVx6_ASAP7_75t_SL          13 29.0    32    18     154    (-,-) 
  BF1_1_mul_175_29_g18653/Y -       A->Y    R     CKINVDCx16_ASAP7_75t_SL     11 15.7    16    11     165    (-,-) 
  BF1_1_mul_175_29_g18086/Y -       A2->Y   R     OA22x2_ASAP7_75t_SL          2  3.5    18    21     186    (-,-) 
  BF1_1_mul_175_29_g17945/Y -       A->Y    F     INVx1_ASAP7_75t_SL           1  2.1    16    10     196    (-,-) 
  BF1_1_mul_175_29_g17728/Y -       B2->Y   F     AO22x2_ASAP7_75t_SL          2  3.5    16    22     218    (-,-) 
  BF1_1_mul_175_29_g17316/Y -       A->Y    F     MAJx2_ASAP7_75t_SL           2  4.6    19    25     243    (-,-) 
  BF1_1_mul_175_29_g17072/Y -       A->Y    F     XNOR2x1_ASAP7_75t_SL         1  2.5    20    18     262    (-,-) 
  BF1_1_mul_175_29_g16903/Y -       A->Y    R     XOR2x2_ASAP7_75t_SL          3  5.0    22    31     293    (-,-) 
  BF1_1_mul_175_29_g16762/Y -       B->Y    F     XOR2x2_ASAP7_75t_SL          1  3.2    15    21     314    (-,-) 
  BF1_1_mul_175_29_g16645/Y -       B->Y    F     XNOR2x1_ASAP7_75t_SL         2  3.8    24    21     335    (-,-) 
  BF1_1_mul_175_29_g16562/Y -       A->Y    F     XOR2x2_ASAP7_75t_SL          1  3.2    15    25     360    (-,-) 
  BF1_1_mul_175_29_g16478/Y -       B->Y    F     XNOR2x1_ASAP7_75t_SL         2  4.5    27    22     382    (-,-) 
  BF1_1_mul_175_29_g16464/Y -       A->Y    R     INVx2_ASAP7_75t_SL           1  2.1    14     9     391    (-,-) 
  BF1_1_mul_175_29_g16390/Y -       A->Y    R     MAJx2_ASAP7_75t_SL           2  3.8    18    21     413    (-,-) 
  BF1_1_mul_175_29_g16316/Y -       A->Y    R     OR2x2_ASAP7_75t_SL           2  4.0    17    20     433    (-,-) 
  BF1_1_mul_175_29_g16267/Y -       B->Y    F     OAI21x1_ASAP7_75t_SL         1  2.1    17    11     444    (-,-) 
  BF1_1_mul_175_29_g16254/Y -       B->Y    F     AO21x2_ASAP7_75t_SL          2  4.0    16    22     466    (-,-) 
  BF1_1_mul_175_29_g16230/Y -       A1->Y   R     AOI21x1_ASAP7_75t_SL         1  2.1    21    12     478    (-,-) 
  BF1_1_mul_175_29_g16220/Y -       B->Y    R     OA21x2_ASAP7_75t_SL          1  2.6    14    18     496    (-,-) 
  BF1_1_mul_175_29_g16211/Y -       A->Y    R     AND2x6_ASAP7_75t_SL         14 27.4    36    29     526    (-,-) 
  BF1_1_mul_175_29_g16201/Y -       A1->Y   F     OAI21x1_ASAP7_75t_SL         1  2.5    21    10     536    (-,-) 
  BF1_1_mul_175_29_g16166/Y -       B->Y    R     XNOR2xp5_ASAP7_75t_SL        1  2.1    41    21     557    (-,-) 
  BF1_1_mult_p_reg[44]/D    -       -       R     DFFHQx4_ASAP7_75t_SL         1    -     -     0     557    (-,-) 
#------------------------------------------------------------------------------------------------------------------

