============================================================
  Generated by:           Genus(TM) Synthesis Solution 25.12-s067_1
  Generated on:           Aug 11 2026  12:32:11 pm
  Module:                 butterfly2x2
  Operating conditions:   PVT_0P7V_25C 
  Interconnect mode:      global
  Area mode:              physical library
============================================================


Path 1: MET (0 ps) Setup Check with Pin BF2_2_ajlen5_reg[23]/CLK->D
          Group: clk
     Startpoint: (R) BF1_1_modei_reg[2]/CLK
          Clock: (R) clk
       Endpoint: (R) BF2_2_ajlen5_reg[23]/D
          Clock: (R) clk

                     Capture       Launch     
        Clock Edge:+     573            0     
       Src Latency:+       0            0     
       Net Latency:+       0 (I)        0 (I) 
           Arrival:=     573            0     
                                              
             Setup:-      16                  
       Uncertainty:-      29                  
     Required Time:=     528                  
      Launch Clock:-       0                  
         Data Path:-     528                  
             Slack:=       0                  

#-------------------------------------------------------------------------------------------------------------------------------
#              Timing Point               Flags    Arc   Edge          Cell            Fanout Load Trans Delay Arrival Instance 
#                                                                                             (fF)  (ps)  (ps)   (ps)  Location 
#-------------------------------------------------------------------------------------------------------------------------------
  BF1_1_modei_reg[2]/CLK                  -       -      R     (arrival)                 3033    -     0     0       0    (-,-) 
  BF1_1_modei_reg[2]/Q                    -       CLK->Q F     DFFHQx4_ASAP7_75t_SL         2  6.2    13    46      46    (-,-) 
  g84758/Y                                -       A->Y   R     INVx3_ASAP7_75t_SL           2  8.1    21    13      58    (-,-) 
  g84757/Y                                -       A->Y   F     INVx5_ASAP7_75t_SL           4 10.6    17    11      69    (-,-) 
  g84756/Y                                -       A->Y   R     INVx6_ASAP7_75t_SL           4  7.6    14     9      78    (-,-) 
  g84373/Y                                -       C->Y   R     AND3x2_ASAP7_75t_SL          2  5.3    24    26     104    (-,-) 
  g84189/Y                                -       A->Y   R     BUFx12f_ASAP7_75t_SL        35 45.0    33    25     129    (-,-) 
  g80900/Y                                -       B2->Y  R     AO22x2_ASAP7_75t_SL          2  3.2    16    22     152    (-,-) 
  g105009/Y                               -       C->Y   R     AO221x2_ASAP7_75t_SL         3  5.7    26    24     176    (-,-) 
  g40586/Y                                -       A->Y   F     INVx2_ASAP7_75t_SL           1  2.6    14     8     184    (-,-) 
  g40572__5122/Y                          -       B->Y   R     NAND2x1_ASAP7_75t_SL         2  3.4    33    16     200    (-,-) 
  g40523__4733/Y                          -       A2->Y  R     AO21x1_ASAP7_75t_SL          1  2.0    17    19     219    (-,-) 
  g105001/Y                               -       A1->Y  R     AO221x1_ASAP7_75t_SL         1  2.4    22    27     246    (-,-) 
  g40508__4319/Y                          -       B1->Y  F     AOI221x1_ASAP7_75t_SL        1  2.1    42    19     264    (-,-) 
  g40506__5107/Y                          -       B->Y   F     OA21x2_ASAP7_75t_SL          1  2.1    12    20     284    (-,-) 
  g40505__2398/Y                          -       A2->Y  F     OA21x2_ASAP7_75t_SL          3  5.8    22    24     308    (-,-) 
  WALLACE_CSA_DUMMY_OP_groupi_g1511/Y     -       B->Y   R     NAND2x1p5_ASAP7_75t_SL       2  3.7    32    14     323    (-,-) 
  WALLACE_CSA_DUMMY_OP_groupi_g1459/Y     -       A1->Y  F     OAI21x1_ASAP7_75t_SL         2  3.1    36    12     334    (-,-) 
  WALLACE_CSA_DUMMY_OP_groupi_g1404/Y     -       A2->Y  F     AO21x2_ASAP7_75t_SL          3  4.7    18    27     361    (-,-) 
  WALLACE_CSA_DUMMY_OP_groupi_g1392/Y     -       A2->Y  F     AO21x2_ASAP7_75t_SL          2  4.0    17    22     384    (-,-) 
  WALLACE_CSA_DUMMY_OP_groupi_g1372/Y     -       A1->Y  F     AO221x2_ASAP7_75t_SL         4  6.2    26    32     415    (-,-) 
  WALLACE_CSA_DUMMY_OP_groupi_g103453/Y   -       A2->Y  F     AO21x2_ASAP7_75t_SL          4  6.9    23    28     443    (-,-) 
  WALLACE_CSA_DUMMY_OP_groupi_g1357_dup/Y -       B2->Y  R     AOI221x1_ASAP7_75t_SL        1  2.6    55    19     462    (-,-) 
  WALLACE_CSA_DUMMY_OP_groupi_g103458/Y   -       A2->Y  F     OAI21x1_ASAP7_75t_SL         1  3.2    30    13     476    (-,-) 
  WALLACE_CSA_DUMMY_OP_groupi_g1349/Y     -       B->Y   F     XNOR2x1_ASAP7_75t_SL         2  3.3    27    22     498    (-,-) 
  g87283/Y                                -       A2->Y  R     AOI222xp33_ASAP7_75t_SL      1  2.1   110    30     528    (-,-) 
  BF2_2_ajlen5_reg[23]/D                  -       -      R     DFFHQNx1_ASAP7_75t_SL        1    -     -     0     528    (-,-) 
#-------------------------------------------------------------------------------------------------------------------------------



Path 2: MET (0 ps) Setup Check with Pin BF2_2_ajlen5_reg[21]/CLK->D
          Group: clk
     Startpoint: (R) BF2_2_ajlen3_reg[0]/CLK
          Clock: (R) clk
       Endpoint: (R) BF2_2_ajlen5_reg[21]/D
          Clock: (R) clk

                     Capture       Launch     
        Clock Edge:+     573            0     
       Src Latency:+       0            0     
       Net Latency:+       0 (I)        0 (I) 
           Arrival:=     573            0     
                                              
             Setup:-      17                  
       Uncertainty:-      29                  
     Required Time:=     528                  
      Launch Clock:-       0                  
         Data Path:-     528                  
             Slack:=       0                  

#--------------------------------------------------------------------------------------------------------------
#      Timing Point       Flags    Arc   Edge          Cell           Fanout Load Trans Delay Arrival Instance 
#                                                                            (fF)  (ps)  (ps)   (ps)  Location 
#--------------------------------------------------------------------------------------------------------------
  BF2_2_ajlen3_reg[0]/CLK -       -      R     (arrival)                3033    -     0     0       0    (-,-) 
  BF2_2_ajlen3_reg[0]/Q   -       CLK->Q R     DFFHQx4_ASAP7_75t_SL        7 10.1    22    48      48    (-,-) 
  g88208/Y                -       B->Y   R     AND2x2_ASAP7_75t_SL         3  4.8    20    22      70    (-,-) 
  g88112/Y                -       B->Y   R     AND2x2_ASAP7_75t_SL         2  4.0    18    20      90    (-,-) 
  g87952/Y                -       B->Y   R     AND2x4_ASAP7_75t_SL         3  5.6    14    17     107    (-,-) 
  g87836/Y                -       B->Y   F     NAND2x1p5_ASAP7_75t_SL      3  5.4    22    13     120    (-,-) 
  g87558/Y                -       B->Y   R     NOR2x1p5_ASAP7_75t_SL       3  5.6    31    18     138    (-,-) 
  g87470/Y                -       B->Y   F     NAND2x1p5_ASAP7_75t_SL      3  4.9    25    14     152    (-,-) 
  g87433/Y                -       B->Y   R     NOR2x1_ASAP7_75t_SL         4  6.0    44    24     176    (-,-) 
  g87326/Y                -       A->Y   R     AND3x2_ASAP7_75t_SL         3  5.6    26    32     209    (-,-) 
  g87258/Y                -       B->Y   F     NAND2x1p5_ASAP7_75t_SL      3  5.4    25    14     223    (-,-) 
  g87226/Y                -       B->Y   R     NOR2x1p5_ASAP7_75t_SL       3  5.1    30    18     241    (-,-) 
  g87135/Y                -       B->Y   F     NAND2x1_ASAP7_75t_SL        3  4.5    29    16     257    (-,-) 
  g87055/Y                -       A->Y   F     AND3x2_ASAP7_75t_SL         3  5.7    19    22     279    (-,-) 
  g87019/Y                -       B->Y   R     NAND2x1p5_ASAP7_75t_SL      3  5.7    32    18     296    (-,-) 
  g86980/Y                -       B->Y   F     NOR2x1p5_ASAP7_75t_SL       3  5.2    25    16     313    (-,-) 
  g86946/Y                -       B->Y   R     NAND2x1_ASAP7_75t_SL        3  5.2    43    25     337    (-,-) 
  g86911/Y                -       B->Y   F     NOR2x1_ASAP7_75t_SL         3  5.1    37    24     361    (-,-) 
  g86881/Y                -       B->Y   R     NAND2x1_ASAP7_75t_L         3  5.2    47    32     394    (-,-) 
  g86848/Y                -       B->Y   F     NOR2x1_ASAP7_75t_SL         3  4.7    36    23     417    (-,-) 
  g86815/Y                -       B->Y   R     NAND2xp5_ASAP7_75t_SL       3  5.2    58    34     451    (-,-) 
  g86787/Y                -       B->Y   F     NOR2x1_ASAP7_75t_SL         3  5.2    42    26     478    (-,-) 
  g86735/Y                -       A->Y   F     XOR2xp5_ASAP7_75t_SL        1  2.1    33    20     498    (-,-) 
  g86673/Y                -       B1->Y  R     AOI221xp5_ASAP7_75t_SL      1  2.1    97    29     528    (-,-) 
  BF2_2_ajlen5_reg[21]/D  -       -      R     DFFHQNx1_ASAP7_75t_L        1    -     -     0     528    (-,-) 
#--------------------------------------------------------------------------------------------------------------



Path 3: MET (0 ps) Setup Check with Pin BF2_1_ajlen5_reg[22]/CLK->D
          Group: clk
     Startpoint: (R) BF1_1_modei_reg[2]/CLK
          Clock: (R) clk
       Endpoint: (F) BF2_1_ajlen5_reg[22]/D
          Clock: (R) clk

                     Capture       Launch     
        Clock Edge:+     573            0     
       Src Latency:+       0            0     
       Net Latency:+       0 (I)        0 (I) 
           Arrival:=     573            0     
                                              
             Setup:-      16                  
       Uncertainty:-      29                  
     Required Time:=     528                  
      Launch Clock:-       0                  
         Data Path:-     528                  
             Slack:=       0                  

#------------------------------------------------------------------------------------------------------------------------------
#              Timing Point               Flags    Arc   Edge          Cell           Fanout Load Trans Delay Arrival Instance 
#                                                                                            (fF)  (ps)  (ps)   (ps)  Location 
#------------------------------------------------------------------------------------------------------------------------------
  BF1_1_modei_reg[2]/CLK                  -       -      R     (arrival)                3033    -     0     0       0    (-,-) 
  BF1_1_modei_reg[2]/Q                    -       CLK->Q F     DFFHQx4_ASAP7_75t_SL        2  6.2    13    46      46    (-,-) 
  g84758/Y                                -       A->Y   R     INVx3_ASAP7_75t_SL          2  8.1    21    13      58    (-,-) 
  g84757/Y                                -       A->Y   F     INVx5_ASAP7_75t_SL          4 10.6    17    11      69    (-,-) 
  g84756/Y                                -       A->Y   R     INVx6_ASAP7_75t_SL          4  7.6    14     9      78    (-,-) 
  g84372/Y                                -       A->Y   R     AND3x4_ASAP7_75t_SL         4 13.8    30    28     106    (-,-) 
  g84182/Y                                -       A->Y   R     BUFx12f_ASAP7_75t_SL       36 51.1    37    27     134    (-,-) 
  g84177/Y                                -       A->Y   R     BUFx12f_ASAP7_75t_SL       12 17.2    16    19     152    (-,-) 
  g79605__2398/Y                          -       B1->Y  R     AO221x2_ASAP7_75t_SL        5  9.2    38    35     187    (-,-) 
  g40710__5107/Y                          -       A->Y   F     NOR2xp33_ASAP7_75t_SL       1  2.1    44    27     215    (-,-) 
  g40684__4319/Y                          -       B->Y   F     AO21x1_ASAP7_75t_SL         1  2.1    16    23     238    (-,-) 
  g40678__6417/Y                          -       A1->Y  F     AO21x1_ASAP7_75t_SL         1  2.1    15    20     258    (-,-) 
  g40674__93624/Y                         -       B1->Y  R     AOI221xp5_ASAP7_75t_SL      1  2.1    53    25     283    (-,-) 
  g40672__93621/Y                         -       B->Y   R     OA21x2_ASAP7_75t_SL         4  7.2    29    28     311    (-,-) 
  WALLACE_CSA_DUMMY_OP922_groupi_g93620/Y -       A->Y   F     NAND2x2_ASAP7_75t_SL        2  4.2    28     9     320    (-,-) 
  WALLACE_CSA_DUMMY_OP922_groupi_g1403/Y  -       A2->Y  R     OAI21x1_ASAP7_75t_SL        2  3.0    33    16     336    (-,-) 
  WALLACE_CSA_DUMMY_OP922_groupi_g1352/Y  -       A1->Y  R     AO221x2_ASAP7_75t_SL        4  6.8    31    37     374    (-,-) 
  WALLACE_CSA_DUMMY_OP922_groupi_g1337/Y  -       A1->Y  R     AO31x2_ASAP7_75t_SL         4  6.4    28    26     400    (-,-) 
  WALLACE_CSA_DUMMY_OP922_groupi_g1324/Y  -       A2->Y  R     AO21x2_ASAP7_75t_SL         3  6.1    25    25     425    (-,-) 
  g102482/Y                               -       A1->Y  F     AOI21x1_ASAP7_75t_SL        4  7.2    41    23     448    (-,-) 
  g102480/Y                               -       A2->Y  F     OA21x2_ASAP7_75t_SL         1  2.6    14    25     473    (-,-) 
  g102479/Y                               -       A->Y   R     XNOR2xp5_ASAP7_75t_SL       2  3.3    58    24     497    (-,-) 
  g87279/Y                                -       A1->Y  F     AOI221xp5_ASAP7_75t_SL      1  2.1   101    31     528    (-,-) 
  BF2_1_ajlen5_reg[22]/D                  -       -      F     DFFHQNx1_ASAP7_75t_L        1    -     -     0     528    (-,-) 
#------------------------------------------------------------------------------------------------------------------------------



Path 4: MET (0 ps) Setup Check with Pin BF2_1_ajlen5_reg[11]/CLK->D
          Group: clk
     Startpoint: (R) BF1_1_modei_reg[1]/CLK
          Clock: (R) clk
       Endpoint: (F) BF2_1_ajlen5_reg[11]/D
          Clock: (R) clk

                     Capture       Launch     
        Clock Edge:+     573            0     
       Src Latency:+       0            0     
       Net Latency:+       0 (I)        0 (I) 
           Arrival:=     573            0     
                                              
             Setup:-      17                  
       Uncertainty:-      29                  
     Required Time:=     528                  
      Launch Clock:-       0                  
         Data Path:-     528                  
             Slack:=       0                  

#------------------------------------------------------------------------------------------------------------------------------
#              Timing Point               Flags    Arc   Edge          Cell           Fanout Load Trans Delay Arrival Instance 
#                                                                                            (fF)  (ps)  (ps)   (ps)  Location 
#------------------------------------------------------------------------------------------------------------------------------
  BF1_1_modei_reg[1]/CLK                  -       -      R     (arrival)                3033    -     0     0       0    (-,-) 
  BF1_1_modei_reg[1]/Q                    -       CLK->Q R     DFFHQx4_ASAP7_75t_SL        2  6.3    16    45      45    (-,-) 
  g84590/Y                                -       A->Y   F     INVx3_ASAP7_75t_SL          2  6.2    15    10      55    (-,-) 
  g84589/Y                                -       A->Y   F     BUFx6f_ASAP7_75t_SL         6 11.7    15    18      73    (-,-) 
  g84374/Y                                -       B->Y   F     AND3x4_ASAP7_75t_SL         1  4.0    12    21      94    (-,-) 
  fopt36/Y                                -       A->Y   F     BUFx12f_ASAP7_75t_SL        9 25.3    18    18     112    (-,-) 
  fopt89149/Y                             -       A->Y   R     INVx8_ASAP7_75t_SL          4 17.5    20    12     125    (-,-) 
  fopt89144/Y                             -       A->Y   F     INVx6_ASAP7_75t_SL         12 16.6    20    12     137    (-,-) 
  g79689__7482/Y                          -       A2->Y  F     AO22x1_ASAP7_75t_SL         1  2.1    17    22     160    (-,-) 
  g79598__2346/Y                          -       B->Y   F     OR3x2_ASAP7_75t_SL          5 11.0    36    38     198    (-,-) 
  g40576__6783/Y                          -       A->Y   R     NAND2x1p5_ASAP7_75t_SL      3  4.7    31    21     219    (-,-) 
  g40690__2802/Y                          -       A->Y   R     AND4x2_ASAP7_75t_SL         2  4.0    23    32     251    (-,-) 
  g40683/Y                                -       A->Y   F     INVx2_ASAP7_75t_SL          1  2.1    11     7     258    (-,-) 
  g40675__2346/Y                          -       A1->Y  F     OA21x2_ASAP7_75t_SL         1  2.1    12    18     275    (-,-) 
  g40673__93623/Y                         -       B->Y   F     OA21x2_ASAP7_75t_SL         1  2.1    12    14     290    (-,-) 
  g40672__93621/Y                         -       A2->Y  F     OA21x2_ASAP7_75t_SL         4  7.1    24    26     315    (-,-) 
  WALLACE_CSA_DUMMY_OP922_groupi_g93620/Y -       A->Y   R     NAND2x2_ASAP7_75t_SL        2  4.2    31    17     332    (-,-) 
  WALLACE_CSA_DUMMY_OP922_groupi_g1403/Y  -       A2->Y  F     OAI21x1_ASAP7_75t_SL        2  3.0    30    12     344    (-,-) 
  WALLACE_CSA_DUMMY_OP922_groupi_g1352/Y  -       A1->Y  F     AO221x2_ASAP7_75t_SL        4  6.9    29    34     378    (-,-) 
  WALLACE_CSA_DUMMY_OP922_groupi_g1337/Y  -       A1->Y  F     AO31x2_ASAP7_75t_SL         4  6.5    23    22     399    (-,-) 
  WALLACE_CSA_DUMMY_OP922_groupi_g1332/Y  -       B->Y   F     AND2x2_ASAP7_75t_SL         2  3.4    14    20     419    (-,-) 
  WALLACE_CSA_DUMMY_OP922_groupi_g1323/Y  -       A1->Y  R     AOI21xp5_ASAP7_75t_SL       2  3.7    53    25     444    (-,-) 
  WALLACE_CSA_DUMMY_OP922_groupi_g1315/Y  -       A2->Y  F     OAI21xp5_ASAP7_75t_SL       1  2.5    38    21     466    (-,-) 
  WALLACE_CSA_DUMMY_OP922_groupi_g1309/Y  -       B->Y   R     XNOR2xp5_ASAP7_75t_SL       2  3.3    54    31     497    (-,-) 
  g87032/Y                                -       A1->Y  F     AOI221xp5_ASAP7_75t_SL      1  2.1   101    30     528    (-,-) 
  BF2_1_ajlen5_reg[11]/D                  -       -      F     DFFHQNx1_ASAP7_75t_SL       1    -     -     0     528    (-,-) 
#------------------------------------------------------------------------------------------------------------------------------



Path 5: MET (0 ps) Setup Check with Pin BF1_1_mult_p_reg[45]/CLK->D
          Group: clk
     Startpoint: (R) BF1_1_modei_reg[2]/CLK
          Clock: (R) clk
       Endpoint: (R) BF1_1_mult_p_reg[45]/D
          Clock: (R) clk

                     Capture       Launch     
        Clock Edge:+     573            0     
       Src Latency:+       0            0     
       Net Latency:+       0 (I)        0 (I) 
           Arrival:=     573            0     
                                              
             Setup:-      10                  
       Uncertainty:-      29                  
     Required Time:=     534                  
      Launch Clock:-       0                  
         Data Path:-     534                  
             Slack:=       0                  

#-----------------------------------------------------------------------------------------------------------------
#       Timing Point         Flags    Arc   Edge          Cell           Fanout Load Trans Delay Arrival Instance 
#                                                                               (fF)  (ps)  (ps)   (ps)  Location 
#-----------------------------------------------------------------------------------------------------------------
  BF1_1_modei_reg[2]/CLK     -       -      R     (arrival)                3033    -     0     0       0    (-,-) 
  BF1_1_modei_reg[2]/Q       -       CLK->Q R     DFFHQx4_ASAP7_75t_SL        2  6.1    15    45      45    (-,-) 
  g84758/Y                   -       A->Y   F     INVx3_ASAP7_75t_SL          2  8.1    18    11      56    (-,-) 
  g102158/Y                  -       A->Y   R     NAND3x2_ASAP7_75t_SL        2  7.2    38    20      76    (-,-) 
  g102159/Y                  -       A->Y   R     BUFx16f_ASAP7_75t_SL       41 54.7    34    29     105    (-,-) 
  g102180/Y                  -       A2->Y  R     OA22x2_ASAP7_75t_SL         1  4.0    18    24     129    (-,-) 
  fopt92165/Y                -       A->Y   F     INVx4_ASAP7_75t_SL          2  7.2    14     9     138    (-,-) 
  fopt92803/Y                -       A->Y   F     BUFx12f_ASAP7_75t_SL       12 21.5    16    18     156    (-,-) 
  fopt92163/Y                -       A->Y   R     INVx4_ASAP7_75t_SL          3  4.6    12     8     164    (-,-) 
  BF1_1_mul_175_29_g18051/Y  -       A2->Y  R     OA22x2_ASAP7_75t_SL         2  4.1    20    21     185    (-,-) 
  BF1_1_mul_175_29_g17930/Y  -       A->Y   F     INVx1_ASAP7_75t_SL          1  3.1    21    13     198    (-,-) 
  g150/Y                     -       B->Y   R     NAND2x1p5_ASAP7_75t_SL      2  5.2    30    17     216    (-,-) 
  g96478/Y                   -       B->Y   F     NAND2x1p5_ASAP7_75t_SL      2  4.5    25    13     229    (-,-) 
  g105384/Y                  -       B2->Y  F     AO22x2_ASAP7_75t_SL         2  5.0    20    27     255    (-,-) 
  g98777/Y                   -       B->Y   F     XNOR2x1_ASAP7_75t_SL        2  4.6    30    24     279    (-,-) 
  g98776/Y                   -       B->Y   F     XNOR2x1_ASAP7_75t_SL        1  3.2    26    22     301    (-,-) 
  BF1_1_mul_175_29_g16769/Y  -       A->Y   F     XNOR2x1_ASAP7_75t_SL        2  4.4    28    23     324    (-,-) 
  BF1_1_mul_175_29_g16654/Y  -       A->Y   F     XNOR2x1_ASAP7_75t_SL        2  4.2    28    23     348    (-,-) 
  fopt88665/Y                -       A->Y   F     HB1xp67_ASAP7_75t_SL        1  2.6    24    25     373    (-,-) 
  BF1_1_mul_175_29_g16527/Y  -       C->Y   F     MAJx2_ASAP7_75t_SL          2  3.4    15    24     397    (-,-) 
  BF1_1_mul_175_29_g16510/Y  -       A->Y   R     INVx1_ASAP7_75t_SL          1  3.1    24    15     411    (-,-) 
  g104160/Y                  -       A->Y   F     NOR2x1p5_ASAP7_75t_SL       2  4.1    22    14     426    (-,-) 
  BF1_1_mul_175_29_g104013/Y -       A->Y   R     INVx2_ASAP7_75t_SL          3  5.2    22    14     440    (-,-) 
  g104019/Y                  -       B->Y   R     AND2x4_ASAP7_75t_SL         2  4.0    12    17     456    (-,-) 
  BF1_1_mul_175_29_g104018/Y -       B->Y   R     AND2x4_ASAP7_75t_SL         4  7.2    16    18     474    (-,-) 
  BF1_1_mul_175_29_g16253/Y  -       B->Y   R     AND2x4_ASAP7_75t_SL         2  4.5    12    16     490    (-,-) 
  BF1_1_mul_175_29_g16235/Y  -       B->Y   F     NAND2x1p5_ASAP7_75t_L       1  2.7    25    10     500    (-,-) 
  g95907/Y                   -       A1->Y  R     OAI21x1_ASAP7_75t_SL        1  2.6    27    17     517    (-,-) 
  g95906/Y                   -       A->Y   R     XNOR2xp5_ASAP7_75t_SL       1  2.1    36    17     534    (-,-) 
  BF1_1_mult_p_reg[45]/D     -       -      R     DFFHQx4_ASAP7_75t_SL        1    -     -     0     534    (-,-) 
#-----------------------------------------------------------------------------------------------------------------



Path 6: MET (0 ps) Setup Check with Pin BF1_1_mult_p_reg[43]/CLK->D
          Group: clk
     Startpoint: (R) BF1_1_modei_reg[2]/CLK
          Clock: (R) clk
       Endpoint: (R) BF1_1_mult_p_reg[43]/D
          Clock: (R) clk

                     Capture       Launch     
        Clock Edge:+     573            0     
       Src Latency:+       0            0     
       Net Latency:+       0 (I)        0 (I) 
           Arrival:=     573            0     
                                              
             Setup:-      11                  
       Uncertainty:-      29                  
     Required Time:=     534                  
      Launch Clock:-       0                  
         Data Path:-     534                  
             Slack:=       0                  

#-------------------------------------------------------------------------------------------------------------------
#         Timing Point          Flags    Arc   Edge         Cell           Fanout Load Trans Delay Arrival Instance 
#                                                                                 (fF)  (ps)  (ps)   (ps)  Location 
#-------------------------------------------------------------------------------------------------------------------
  BF1_1_modei_reg[2]/CLK        -       -      R     (arrival)               3033    -     0     0       0    (-,-) 
  BF1_1_modei_reg[2]/Q          -       CLK->Q R     DFFHQx4_ASAP7_75t_SL       2  6.1    15    45      45    (-,-) 
  g84758/Y                      -       A->Y   F     INVx3_ASAP7_75t_SL         2  8.1    18    11      56    (-,-) 
  g102158/Y                     -       A->Y   R     NAND3x2_ASAP7_75t_SL       2  7.2    38    20      76    (-,-) 
  g102159/Y                     -       A->Y   R     BUFx16f_ASAP7_75t_SL      41 54.7    34    29     105    (-,-) 
  g102182/Y                     -       B->Y   R     AND2x2_ASAP7_75t_SL        2  5.2    22    23     128    (-,-) 
  g102912/Y                     -       A->Y   F     INVx3_ASAP7_75t_SL         2  3.9    13     8     136    (-,-) 
  g102910/Y                     -       B->Y   F     AND2x4_ASAP7_75t_SL        3  7.1    14    18     154    (-,-) 
  BF1_1_mul_175_29_fopt103405/Y -       A->Y   R     INVx4_ASAP7_75t_SL         5  8.1    17    11     165    (-,-) 
  g100368_dup104858/Y           -       A2->Y  F     OAI22x1_ASAP7_75t_SL       2  3.4    31    14     179    (-,-) 
  g103409/Y                     -       A2->Y  F     AO21x2_ASAP7_75t_SL        2  5.1    20    26     206    (-,-) 
  BF1_1_mul_175_29_g17443/Y     -       A->Y   F     XNOR2x1_ASAP7_75t_SL       1  2.6    20    19     224    (-,-) 
  g105867/Y                     -       B->Y   R     XOR2x2_ASAP7_75t_SL        2  4.3    20    31     255    (-,-) 
  g105380/Y                     -       A->Y   R     XNOR2x1_ASAP7_75t_SL       1  3.2    28    20     275    (-,-) 
  g98445/Y                      -       B->Y   R     XNOR2x1_ASAP7_75t_SL       2  3.6    31    20     295    (-,-) 
  g98078/Y                      -       A->Y   R     HB1xp67_ASAP7_75t_SL       1  2.7    30    25     320    (-,-) 
  g98077/Y                      -       B->Y   R     MAJx2_ASAP7_75t_SL         2  4.4    20    26     347    (-,-) 
  BF1_1_mul_175_29_g95613/Y     -       A->Y   R     XNOR2x1_ASAP7_75t_SL       1  2.6    32    19     366    (-,-) 
  BF1_1_mul_175_29_g90003/Y     -       A->Y   F     XNOR2x2_ASAP7_75t_SL       2  4.9    19    32     398    (-,-) 
  g95975/Y                      -       B->Y   R     NAND2x2_ASAP7_75t_SL       3  6.6    30    18     415    (-,-) 
  g102403/Y                     -       B->Y   F     OAI21x1_ASAP7_75t_SL       1  2.6    23    14     429    (-,-) 
  g102402/Y                     -       A2->Y  R     OAI21x1_ASAP7_75t_SL       1  2.0    23    13     442    (-,-) 
  BF1_1_mul_175_29_g91318/Y     -       C->Y   R     AO221x2_ASAP7_75t_SL       3  6.4    28    27     469    (-,-) 
  BF1_1_mul_175_29_g90187/Y     -       B->Y   F     NAND2x2_ASAP7_75t_SL       2  4.4    19    10     479    (-,-) 
  BF1_1_mul_175_29_g16211_dup/Y -       B->Y   F     AND2x6_ASAP7_75t_SL        7 13.4    18    24     503    (-,-) 
  g96103/Y                      -       A2->Y  R     OAI21x1_ASAP7_75t_SL       1  2.6    27    14     517    (-,-) 
  g96102/Y                      -       A->Y   R     XNOR2xp5_ASAP7_75t_SL      1  2.1    40    17     534    (-,-) 
  BF1_1_mult_p_reg[43]/D        -       -      R     DFFHQx4_ASAP7_75t_SL       1    -     -     0     534    (-,-) 
#-------------------------------------------------------------------------------------------------------------------



Path 7: MET (0 ps) Setup Check with Pin BF1_1_mult_p_reg[41]/CLK->D
          Group: clk
     Startpoint: (R) BF1_1_modei_reg[2]/CLK
          Clock: (R) clk
       Endpoint: (R) BF1_1_mult_p_reg[41]/D
          Clock: (R) clk

                     Capture       Launch     
        Clock Edge:+     573            0     
       Src Latency:+       0            0     
       Net Latency:+       0 (I)        0 (I) 
           Arrival:=     573            0     
                                              
             Setup:-      10                  
       Uncertainty:-      29                  
     Required Time:=     534                  
      Launch Clock:-       0                  
         Data Path:-     534                  
             Slack:=       0                  

#-------------------------------------------------------------------------------------------------------------------
#         Timing Point          Flags    Arc   Edge         Cell           Fanout Load Trans Delay Arrival Instance 
#                                                                                 (fF)  (ps)  (ps)   (ps)  Location 
#-------------------------------------------------------------------------------------------------------------------
  BF1_1_modei_reg[2]/CLK        -       -      R     (arrival)               3033    -     0     0       0    (-,-) 
  BF1_1_modei_reg[2]/Q          -       CLK->Q R     DFFHQx4_ASAP7_75t_SL       2  6.1    15    45      45    (-,-) 
  g84758/Y                      -       A->Y   F     INVx3_ASAP7_75t_SL         2  8.1    18    11      56    (-,-) 
  g102158/Y                     -       A->Y   R     NAND3x2_ASAP7_75t_SL       2  7.2    38    20      76    (-,-) 
  g102159/Y                     -       A->Y   R     BUFx16f_ASAP7_75t_SL      41 54.7    34    29     105    (-,-) 
  g102182/Y                     -       B->Y   R     AND2x2_ASAP7_75t_SL        2  5.2    22    23     128    (-,-) 
  g102912/Y                     -       A->Y   F     INVx3_ASAP7_75t_SL         2  3.9    13     8     136    (-,-) 
  g102910/Y                     -       B->Y   F     AND2x4_ASAP7_75t_SL        3  7.1    14    18     154    (-,-) 
  BF1_1_mul_175_29_fopt103405/Y -       A->Y   R     INVx4_ASAP7_75t_SL         5  8.1    17    11     165    (-,-) 
  g100368_dup104858/Y           -       A2->Y  F     OAI22x1_ASAP7_75t_SL       2  3.4    31    14     179    (-,-) 
  g103409/Y                     -       A2->Y  F     AO21x2_ASAP7_75t_SL        2  5.1    20    26     206    (-,-) 
  BF1_1_mul_175_29_g17443/Y     -       A->Y   F     XNOR2x1_ASAP7_75t_SL       1  2.6    20    19     224    (-,-) 
  g105867/Y                     -       B->Y   R     XOR2x2_ASAP7_75t_SL        2  4.3    20    31     255    (-,-) 
  g105380/Y                     -       A->Y   R     XNOR2x1_ASAP7_75t_SL       1  3.2    28    20     275    (-,-) 
  g98445/Y                      -       B->Y   R     XNOR2x1_ASAP7_75t_SL       2  3.6    31    20     295    (-,-) 
  g98078/Y                      -       A->Y   R     HB1xp67_ASAP7_75t_SL       1  2.7    30    25     320    (-,-) 
  g98077/Y                      -       B->Y   R     MAJx2_ASAP7_75t_SL         2  4.4    20    26     347    (-,-) 
  BF1_1_mul_175_29_g95613/Y     -       A->Y   R     XNOR2x1_ASAP7_75t_SL       1  2.6    32    19     366    (-,-) 
  BF1_1_mul_175_29_g90003/Y     -       A->Y   F     XNOR2x2_ASAP7_75t_SL       2  4.9    19    32     398    (-,-) 
  g95975/Y                      -       B->Y   R     NAND2x2_ASAP7_75t_SL       3  6.6    30    18     415    (-,-) 
  g102403/Y                     -       B->Y   F     OAI21x1_ASAP7_75t_SL       1  2.6    23    14     429    (-,-) 
  g102402/Y                     -       A2->Y  R     OAI21x1_ASAP7_75t_SL       1  2.0    23    13     442    (-,-) 
  BF1_1_mul_175_29_g91318/Y     -       C->Y   R     AO221x2_ASAP7_75t_SL       3  6.4    28    27     469    (-,-) 
  BF1_1_mul_175_29_g90187/Y     -       B->Y   F     NAND2x2_ASAP7_75t_SL       2  4.4    19    10     479    (-,-) 
  BF1_1_mul_175_29_g90185/Y     -       B->Y   F     AND2x6_ASAP7_75t_SL        7 13.5    18    24     503    (-,-) 
  g96002/Y                      -       A2->Y  R     OAI21x1_ASAP7_75t_SL       1  2.6    28    14     517    (-,-) 
  g96001/Y                      -       A->Y   R     XNOR2xp5_ASAP7_75t_SL      1  2.1    39    17     534    (-,-) 
  BF1_1_mult_p_reg[41]/D        -       -      R     DFFHQx4_ASAP7_75t_SL       1    -     -     0     534    (-,-) 
#-------------------------------------------------------------------------------------------------------------------



Path 8: MET (0 ps) Setup Check with Pin BF1_1_mult_p_reg[34]/CLK->D
          Group: clk
     Startpoint: (R) BF1_1_modei_reg[2]/CLK
          Clock: (R) clk
       Endpoint: (F) BF1_1_mult_p_reg[34]/D
          Clock: (R) clk

                     Capture       Launch     
        Clock Edge:+     573            0     
       Src Latency:+       0            0     
       Net Latency:+       0 (I)        0 (I) 
           Arrival:=     573            0     
                                              
             Setup:-       6                  
       Uncertainty:-      29                  
     Required Time:=     538                  
      Launch Clock:-       0                  
         Data Path:-     538                  
             Slack:=       0                  

#-------------------------------------------------------------------------------------------------------------------
#         Timing Point          Flags    Arc   Edge         Cell           Fanout Load Trans Delay Arrival Instance 
#                                                                                 (fF)  (ps)  (ps)   (ps)  Location 
#-------------------------------------------------------------------------------------------------------------------
  BF1_1_modei_reg[2]/CLK        -       -      R     (arrival)               3033    -     0     0       0    (-,-) 
  BF1_1_modei_reg[2]/Q          -       CLK->Q R     DFFHQx4_ASAP7_75t_SL       2  6.1    15    45      45    (-,-) 
  g84758/Y                      -       A->Y   F     INVx3_ASAP7_75t_SL         2  8.1    18    11      56    (-,-) 
  g102158/Y                     -       A->Y   R     NAND3x2_ASAP7_75t_SL       2  7.2    38    20      76    (-,-) 
  g102159/Y                     -       A->Y   R     BUFx16f_ASAP7_75t_SL      41 54.7    34    29     105    (-,-) 
  g102182/Y                     -       B->Y   R     AND2x2_ASAP7_75t_SL        2  5.2    22    23     128    (-,-) 
  g97217/Y                      -       A->Y   R     OR2x6_ASAP7_75t_SL         9 16.9    24    25     154    (-,-) 
  BF1_1_mul_175_29_fopt18855/Y  -       A->Y   F     INVx4_ASAP7_75t_SL         4  8.3    17    11     164    (-,-) 
  BF1_1_mul_175_29_g18322/Y     -       A2->Y  R     OAI22x1_ASAP7_75t_SL       2  3.1    34    17     181    (-,-) 
  BF1_1_mul_175_29_g17657/Y     -       A2->Y  R     AO22x1_ASAP7_75t_SL        2  4.0    33    30     211    (-,-) 
  BF1_1_mul_175_29_g17522/Y     -       A->Y   F     INVx1_ASAP7_75t_SL         1  2.1    20    12     223    (-,-) 
  BF1_1_mul_175_29_g17249/Y     -       A->Y   F     MAJx2_ASAP7_75t_SL         2  4.5    18    26     248    (-,-) 
  BF1_1_mul_175_29_g17018/Y     -       B->Y   F     MAJx2_ASAP7_75t_SL         2  4.4    19    27     275    (-,-) 
  BF1_1_mul_175_29_g16859/Y     -       C->Y   F     MAJx2_ASAP7_75t_SL         2  4.5    18    25     300    (-,-) 
  g105370/Y                     -       B->Y   R     XOR2x2_ASAP7_75t_SL        1  3.2    16    28     328    (-,-) 
  g105368/Y                     -       B->Y   R     XNOR2x1_ASAP7_75t_SL       2  4.4    36    20     349    (-,-) 
  BF1_1_mul_175_29_g89943/Y     -       A->Y   R     XNOR2x1_ASAP7_75t_SL       1  2.4    26    21     370    (-,-) 
  BF1_1_mul_175_29_g18894/Y     -       A->Y   F     XOR2x2_ASAP7_75t_SL        2  3.9    16    24     393    (-,-) 
  BF1_1_mul_175_29_g90035/Y     -       B->Y   F     AND2x4_ASAP7_75t_SL        2  3.1     9    16     408    (-,-) 
  BF1_1_mul_175_29_g90038/Y     -       A2->Y  F     AO21x2_ASAP7_75t_SL        2  3.1    14    19     428    (-,-) 
  BF1_1_mul_175_29_g90037/Y     -       A2->Y  F     AO21x2_ASAP7_75t_SL        2  3.7    15    21     448    (-,-) 
  g103872/Y                     -       A1->Y  R     AOI21x1_ASAP7_75t_SL       1  2.1    21    12     460    (-,-) 
  g103870/Y                     -       B->Y   R     OA21x2_ASAP7_75t_SL        2  4.4    19    21     481    (-,-) 
  BF1_1_mul_175_29_g16211_dup/Y -       A->Y   R     AND2x6_ASAP7_75t_SL        7 13.3    21    22     504    (-,-) 
  g96679/Y                      -       A2->Y  F     OAI21x1_ASAP7_75t_SL       1  2.6    23    11     514    (-,-) 
  g96454/Y                      -       A->Y   F     XNOR2xp5_ASAP7_75t_SL      1  2.1    28    24     538    (-,-) 
  BF1_1_mult_p_reg[34]/D        -       -      F     DFFHQx4_ASAP7_75t_SL       1    -     -     0     538    (-,-) 
#-------------------------------------------------------------------------------------------------------------------



Path 9: MET (0 ps) Setup Check with Pin BF1_2_mult_p_reg[38]/CLK->D
          Group: clk
     Startpoint: (R) BF1_1_modei_reg[2]/CLK
          Clock: (R) clk
       Endpoint: (F) BF1_2_mult_p_reg[38]/D
          Clock: (R) clk

                     Capture       Launch     
        Clock Edge:+     573            0     
       Src Latency:+       0            0     
       Net Latency:+       0 (I)        0 (I) 
           Arrival:=     573            0     
                                              
             Setup:-       6                  
       Uncertainty:-      29                  
     Required Time:=     538                  
      Launch Clock:-       0                  
         Data Path:-     538                  
             Slack:=       0                  

#-------------------------------------------------------------------------------------------------------------------
#         Timing Point          Flags    Arc   Edge         Cell           Fanout Load Trans Delay Arrival Instance 
#                                                                                 (fF)  (ps)  (ps)   (ps)  Location 
#-------------------------------------------------------------------------------------------------------------------
  BF1_1_modei_reg[2]/CLK        -       -      R     (arrival)               3033    -     0     0       0    (-,-) 
  BF1_1_modei_reg[2]/Q          -       CLK->Q R     DFFHQx4_ASAP7_75t_SL       2  6.1    15    45      45    (-,-) 
  g84758/Y                      -       A->Y   F     INVx3_ASAP7_75t_SL         2  8.1    18    11      56    (-,-) 
  g102158/Y                     -       A->Y   R     NAND3x2_ASAP7_75t_SL       2  7.2    38    20      76    (-,-) 
  g102159/Y                     -       A->Y   R     BUFx16f_ASAP7_75t_SL      41 54.7    34    29     105    (-,-) 
  g103421/Y                     -       B->Y   R     AND2x2_ASAP7_75t_SL        3  6.2    25    25     130    (-,-) 
  g103423/Y                     -       B->Y   R     OR2x6_ASAP7_75t_SL         4  7.1    14    21     151    (-,-) 
  g103422/Y                     -       A->Y   F     XOR2x2_ASAP7_75t_SL        2  3.4    16    22     173    (-,-) 
  BF1_2_mul_175_29_g17581/Y     -       B2->Y  F     AO22x2_ASAP7_75t_SL        2  4.4    19    24     197    (-,-) 
  BF1_2_mul_175_29_g17483/Y     -       B->Y   F     AND2x4_ASAP7_75t_SL        2  4.2    10    17     214    (-,-) 
  g99448/Y                      -       B->Y   F     XNOR2x1_ASAP7_75t_SL       1  2.6    24    17     231    (-,-) 
  g101647/Y                     -       B->Y   R     XOR2x2_ASAP7_75t_SL        2  4.1    19    31     263    (-,-) 
  g101649/Y                     -       A->Y   R     XNOR2x1_ASAP7_75t_SL       1  3.2    28    20     283    (-,-) 
  BF1_2_mul_175_29_g101108/Y    -       B->Y   R     XNOR2x1_ASAP7_75t_SL       2  4.3    35    21     304    (-,-) 
  g105266/Y                     -       A->Y   R     XNOR2x1_ASAP7_75t_SL       1  3.2    31    22     326    (-,-) 
  g105264/Y                     -       B->Y   R     XNOR2x1_ASAP7_75t_SL       2  4.4    36    21     347    (-,-) 
  g99985/Y                      -       A->Y   R     XNOR2x1_ASAP7_75t_SL       1  2.4    27    21     368    (-,-) 
  g101505/Y                     -       A->Y   F     XOR2x2_ASAP7_75t_SL        2  3.9    16    24     392    (-,-) 
  g98342/Y                      -       B->Y   F     AND2x4_ASAP7_75t_SL        2  3.1     9    16     407    (-,-) 
  BF1_2_mul_175_29_g100506/Y    -       A2->Y  F     AO21x2_ASAP7_75t_SL        2  3.1    14    19     426    (-,-) 
  g105278/Y                     -       A2->Y  F     AO21x2_ASAP7_75t_SL        2  3.6    15    21     447    (-,-) 
  g105276/Y                     -       A2->Y  R     AOI21x1_ASAP7_75t_SL       1  2.1    21    12     459    (-,-) 
  BF1_2_mul_175_29_g90163/Y     -       B->Y   R     OA21x2_ASAP7_75t_SL        2  4.4    19    21     480    (-,-) 
  BF1_2_mul_175_29_g16211_dup/Y -       B->Y   R     AND2x6_ASAP7_75t_SL        7 13.5    21    24     504    (-,-) 
  g95939/Y                      -       A2->Y  F     OAI21x1_ASAP7_75t_SL       1  2.6    20    11     515    (-,-) 
  g95938/Y                      -       A->Y   F     XNOR2xp5_ASAP7_75t_SL      1  2.1    29    24     538    (-,-) 
  BF1_2_mult_p_reg[38]/D        -       -      F     DFFHQx4_ASAP7_75t_SL       1    -     -     0     538    (-,-) 
#-------------------------------------------------------------------------------------------------------------------



Path 10: MET (0 ps) Setup Check with Pin BF1_2_mult_p_reg[38]/CLK->D
          Group: clk
     Startpoint: (R) BF1_2_ajlen2_INTT_reg[20]/CLK
          Clock: (R) clk
       Endpoint: (F) BF1_2_mult_p_reg[38]/D
          Clock: (R) clk

                     Capture       Launch     
        Clock Edge:+     573            0     
       Src Latency:+       0            0     
       Net Latency:+       0 (I)        0 (I) 
           Arrival:=     573            0     
                                              
             Setup:-       6                  
       Uncertainty:-      29                  
     Required Time:=     538                  
      Launch Clock:-       0                  
         Data Path:-     538                  
             Slack:=       0                  

#-------------------------------------------------------------------------------------------------------------------
#         Timing Point          Flags    Arc   Edge         Cell           Fanout Load Trans Delay Arrival Instance 
#                                                                                 (fF)  (ps)  (ps)   (ps)  Location 
#-------------------------------------------------------------------------------------------------------------------
  BF1_2_ajlen2_INTT_reg[20]/CLK -       -      R     (arrival)               3033    -     0     0       0    (-,-) 
  BF1_2_ajlen2_INTT_reg[20]/Q   -       CLK->Q R     DFFHQx4_ASAP7_75t_SL       5  8.1    18    47      47    (-,-) 
  BF1_2_mul_175_29_g18635/Y     -       A->Y   F     INVx1_ASAP7_75t_SL         1  1.9    15    10      56    (-,-) 
  BF1_2_mul_175_29_g18398/Y     -       B->Y   R     NOR2xp33_ASAP7_75t_L       1  2.1    49    27      83    (-,-) 
  BF1_2_mul_175_29_g18378/Y     -       B->Y   R     OR2x4_ASAP7_75t_SL        12 21.2    42    40     123    (-,-) 
  BF1_2_mul_175_29_g95339/Y     -       B->Y   R     OR2x6_ASAP7_75t_SL        16 24.9    34    33     156    (-,-) 
  BF1_2_mul_175_29_g17855/Y     -       A->Y   F     INVx3_ASAP7_75t_SL        10 16.8    37    22     178    (-,-) 
  BF1_2_mul_175_29_g17642/Y     -       A1->Y  F     AO22x2_ASAP7_75t_SL        2  5.0    20    28     206    (-,-) 
  BF1_2_mul_175_29_g101278/Y    -       A->Y   F     XNOR2x1_ASAP7_75t_SL       1  2.6    20    19     225    (-,-) 
  g105000/Y                     -       B->Y   R     XOR2x2_ASAP7_75t_SL        2  4.5    20    31     256    (-,-) 
  g105245/Y                     -       B->Y   R     XNOR2x1_ASAP7_75t_SL       1  3.1    31    19     275    (-,-) 
  g105244/Y                     -       A->Y   R     XNOR2x1_ASAP7_75t_SL       2  4.4    37    24     298    (-,-) 
  g105247/Y                     -       A->Y   R     XNOR2x1_ASAP7_75t_SL       1  3.2    31    22     321    (-,-) 
  BF1_2_mul_175_29_g16624/Y     -       B->Y   R     XNOR2x1_ASAP7_75t_SL       2  4.3    36    21     342    (-,-) 
  g100659/Y                     -       A->Y   R     XNOR2x1_ASAP7_75t_SL       1  2.4    27    21     363    (-,-) 
  g98598/Y                      -       A->Y   F     XOR2x2_ASAP7_75t_SL        2  4.4    18    24     387    (-,-) 
  BF1_2_mul_175_29_g90690/Y     -       A->Y   F     OR2x6_ASAP7_75t_SL         3  6.6    13    22     409    (-,-) 
  BF1_2_mul_175_29_g91251/Y     -       B->Y   R     NAND2x2_ASAP7_75t_SL       1  3.7    22    12     421    (-,-) 
  BF1_2_mul_175_29_g90753/Y     -       B->Y   F     NOR2x2_ASAP7_75t_SL        4  5.9    22    15     436    (-,-) 
  BF1_2_mul_175_29_g91244/Y     -       B1->Y  F     AO221x2_ASAP7_75t_SL       2  5.0    22    31     467    (-,-) 
  BF1_2_mul_175_29_g90315/Y     -       B->Y   R     NAND2x2_ASAP7_75t_SL       2  4.4    22    15     482    (-,-) 
  BF1_2_mul_175_29_g16211_dup/Y -       A->Y   R     AND2x6_ASAP7_75t_SL        7 13.5    21    22     504    (-,-) 
  g95939/Y                      -       A2->Y  F     OAI21x1_ASAP7_75t_SL       1  2.6    20    11     515    (-,-) 
  g95938/Y                      -       A->Y   F     XNOR2xp5_ASAP7_75t_SL      1  2.1    29    24     538    (-,-) 
  BF1_2_mult_p_reg[38]/D        -       -      F     DFFHQx4_ASAP7_75t_SL       1    -     -     0     538    (-,-) 
#-------------------------------------------------------------------------------------------------------------------



Path 11: MET (0 ps) Setup Check with Pin BF1_2_mult_p_reg[41]/CLK->D
          Group: clk
     Startpoint: (R) BF1_2_ajlen2_INTT_reg[5]/CLK
          Clock: (R) clk
       Endpoint: (R) BF1_2_mult_p_reg[41]/D
          Clock: (R) clk

                     Capture       Launch     
        Clock Edge:+     573            0     
       Src Latency:+       0            0     
       Net Latency:+       0 (I)        0 (I) 
           Arrival:=     573            0     
                                              
             Setup:-       9                  
       Uncertainty:-      29                  
     Required Time:=     535                  
      Launch Clock:-       0                  
         Data Path:-     535                  
             Slack:=       0                  

#------------------------------------------------------------------------------------------------------------------------
#            Timing Point             Flags    Arc   Edge         Cell          Fanout Load Trans Delay Arrival Instance 
#                                                                                      (fF)  (ps)  (ps)   (ps)  Location 
#------------------------------------------------------------------------------------------------------------------------
  BF1_2_ajlen2_INTT_reg[5]/CLK        -       -      R     (arrival)              3033    -     0     0       0    (-,-) 
  BF1_2_ajlen2_INTT_reg[5]/Q          -       CLK->Q F     DFFHQx4_ASAP7_75t_SL      3  4.6    11    44      44    (-,-) 
  g97020/Y                            -       A->Y   F     BUFx5_ASAP7_75t_SL       26 41.3    50    38      82    (-,-) 
  BF1_2_mul_175_29_g17971/Y           -       A->Y   F     XNOR2xp5_ASAP7_75t_L      1  2.0    35    33     115    (-,-) 
  BF1_2_mul_175_29_g101331/Y          -       A->Y   F     OR2x4_ASAP7_75t_SL       16 26.2    44    43     158    (-,-) 
  BF1_2_mul_175_29_g102675/Y          -       A->Y   R     INVx4_ASAP7_75t_SL       10 14.2    35    22     180    (-,-) 
  BF1_2_mul_175_29_g17645/Y           -       A1->Y  R     AO22x2_ASAP7_75t_SL       2  4.6    22    23     203    (-,-) 
  fopt90515/Y                         -       A->Y   R     BUFx3_ASAP7_75t_SL        1  2.7    10    15     218    (-,-) 
  BF1_2_mul_175_29_g17276/Y           -       B->Y   R     MAJx2_ASAP7_75t_SL        2  3.9    18    22     241    (-,-) 
  BF1_2_mul_175_29_g97897/Y           -       A->Y   F     XNOR2x2_ASAP7_75t_SL      1  2.5    13    27     267    (-,-) 
  BF1_2_mul_175_29_g18878_dup104878/Y -       A->Y   R     XOR2x2_ASAP7_75t_SL       2  5.1    22    30     297    (-,-) 
  BF1_2_mul_175_29_g97898/Y           -       B->Y   R     XNOR2x1_ASAP7_75t_SL      1  3.1    28    19     316    (-,-) 
  g98733/Y                            -       A->Y   R     XNOR2x1_ASAP7_75t_SL      2  4.5    37    23     339    (-,-) 
  g98734/Y                            -       A->Y   R     XOR2x1_ASAP7_75t_SL       2  3.8    34    24     363    (-,-) 
  BF1_2_mul_175_29_g91248/Y           -       B->Y   F     XNOR2x2_ASAP7_75t_SL      2  4.9    19    31     394    (-,-) 
  BF1_2_mul_175_29_g91250/Y           -       B->Y   R     NAND2x2_ASAP7_75t_SL      3  6.6    30    18     412    (-,-) 
  BF1_2_mul_175_29_g91249/Y           -       B->Y   F     OAI21x1_ASAP7_75t_SL      1  2.6    23    14     426    (-,-) 
  BF1_2_mul_175_29_g90318/Y           -       A2->Y  R     OAI21x1_ASAP7_75t_SL      2  3.2    29    16     442    (-,-) 
  BF1_2_mul_175_29_g91244/Y           -       C->Y   R     AO221x2_ASAP7_75t_SL      2  5.0    24    25     467    (-,-) 
  BF1_2_mul_175_29_g90315/Y           -       B->Y   F     NAND2x2_ASAP7_75t_SL      2  4.4    18    10     478    (-,-) 
  BF1_2_mul_175_29_g16211_dup/Y       -       A->Y   F     AND2x6_ASAP7_75t_SL       7 13.5    18    24     502    (-,-) 
  BF1_2_mul_175_29_g90170/Y           -       A2->Y  R     OAI21x1_ASAP7_75t_SL      1  3.2    29    16     518    (-,-) 
  BF1_2_mul_175_29_g16167/Y           -       B->Y   R     XNOR2x1_ASAP7_75t_SL      1  2.1    27    18     535    (-,-) 
  BF1_2_mult_p_reg[41]/D              -       -      R     DFFHQx4_ASAP7_75t_SL      1    -     -     0     535    (-,-) 
#------------------------------------------------------------------------------------------------------------------------



Path 12: MET (0 ps) Setup Check with Pin BF1_2_mult_p_reg[37]/CLK->D
          Group: clk
     Startpoint: (R) BF1_2_ajlen2_INTT_reg[5]/CLK
          Clock: (R) clk
       Endpoint: (R) BF1_2_mult_p_reg[37]/D
          Clock: (R) clk

                     Capture       Launch     
        Clock Edge:+     573            0     
       Src Latency:+       0            0     
       Net Latency:+       0 (I)        0 (I) 
           Arrival:=     573            0     
                                              
             Setup:-       9                  
       Uncertainty:-      29                  
     Required Time:=     535                  
      Launch Clock:-       0                  
         Data Path:-     535                  
             Slack:=       0                  

#------------------------------------------------------------------------------------------------------------------------
#            Timing Point             Flags    Arc   Edge         Cell          Fanout Load Trans Delay Arrival Instance 
#                                                                                      (fF)  (ps)  (ps)   (ps)  Location 
#------------------------------------------------------------------------------------------------------------------------
  BF1_2_ajlen2_INTT_reg[5]/CLK        -       -      R     (arrival)              3033    -     0     0       0    (-,-) 
  BF1_2_ajlen2_INTT_reg[5]/Q          -       CLK->Q F     DFFHQx4_ASAP7_75t_SL      3  4.6    11    44      44    (-,-) 
  g97020/Y                            -       A->Y   F     BUFx5_ASAP7_75t_SL       26 41.3    50    38      82    (-,-) 
  BF1_2_mul_175_29_g17971/Y           -       A->Y   F     XNOR2xp5_ASAP7_75t_L      1  2.0    35    33     115    (-,-) 
  BF1_2_mul_175_29_g101331/Y          -       A->Y   F     OR2x4_ASAP7_75t_SL       16 26.2    44    43     158    (-,-) 
  BF1_2_mul_175_29_g102675/Y          -       A->Y   R     INVx4_ASAP7_75t_SL       10 14.2    35    22     180    (-,-) 
  BF1_2_mul_175_29_g17645/Y           -       A1->Y  R     AO22x2_ASAP7_75t_SL       2  4.6    22    23     203    (-,-) 
  fopt90515/Y                         -       A->Y   R     BUFx3_ASAP7_75t_SL        1  2.7    10    15     218    (-,-) 
  BF1_2_mul_175_29_g17276/Y           -       B->Y   R     MAJx2_ASAP7_75t_SL        2  3.9    18    22     241    (-,-) 
  BF1_2_mul_175_29_g97897/Y           -       A->Y   F     XNOR2x2_ASAP7_75t_SL      1  2.5    13    27     267    (-,-) 
  BF1_2_mul_175_29_g18878_dup104878/Y -       A->Y   R     XOR2x2_ASAP7_75t_SL       2  5.1    22    30     297    (-,-) 
  BF1_2_mul_175_29_g97898/Y           -       B->Y   R     XNOR2x1_ASAP7_75t_SL      1  3.1    28    19     316    (-,-) 
  g98733/Y                            -       A->Y   R     XNOR2x1_ASAP7_75t_SL      2  4.5    37    23     339    (-,-) 
  g98734/Y                            -       A->Y   R     XOR2x1_ASAP7_75t_SL       2  3.8    34    24     363    (-,-) 
  BF1_2_mul_175_29_g91248/Y           -       B->Y   F     XNOR2x2_ASAP7_75t_SL      2  4.9    19    31     394    (-,-) 
  BF1_2_mul_175_29_g91250/Y           -       B->Y   R     NAND2x2_ASAP7_75t_SL      3  6.6    30    18     412    (-,-) 
  BF1_2_mul_175_29_g91249/Y           -       B->Y   F     OAI21x1_ASAP7_75t_SL      1  2.6    23    14     426    (-,-) 
  BF1_2_mul_175_29_g90318/Y           -       A2->Y  R     OAI21x1_ASAP7_75t_SL      2  3.2    29    16     442    (-,-) 
  BF1_2_mul_175_29_g91244/Y           -       C->Y   R     AO221x2_ASAP7_75t_SL      2  5.0    24    25     467    (-,-) 
  BF1_2_mul_175_29_g90315/Y           -       B->Y   F     NAND2x2_ASAP7_75t_SL      2  4.4    18    10     478    (-,-) 
  BF1_2_mul_175_29_g16211_dup/Y       -       A->Y   F     AND2x6_ASAP7_75t_SL       7 13.5    18    24     502    (-,-) 
  BF1_2_mul_175_29_g90173/Y           -       A2->Y  R     OAI21x1_ASAP7_75t_SL      1  3.2    29    16     518    (-,-) 
  BF1_2_mul_175_29_g16176/Y           -       B->Y   R     XNOR2x1_ASAP7_75t_SL      1  2.1    27    18     535    (-,-) 
  BF1_2_mult_p_reg[37]/D              -       -      R     DFFHQx4_ASAP7_75t_SL      1    -     -     0     535    (-,-) 
#------------------------------------------------------------------------------------------------------------------------



Path 13: MET (0 ps) Setup Check with Pin BF1_2_mult_p_reg[36]/CLK->D
          Group: clk
     Startpoint: (R) BF1_2_ajlen2_INTT_reg[5]/CLK
          Clock: (R) clk
       Endpoint: (R) BF1_2_mult_p_reg[36]/D
          Clock: (R) clk

                     Capture       Launch     
        Clock Edge:+     573            0     
       Src Latency:+       0            0     
       Net Latency:+       0 (I)        0 (I) 
           Arrival:=     573            0     
                                              
             Setup:-       9                  
       Uncertainty:-      29                  
     Required Time:=     535                  
      Launch Clock:-       0                  
         Data Path:-     535                  
             Slack:=       0                  

#------------------------------------------------------------------------------------------------------------------------
#            Timing Point             Flags    Arc   Edge         Cell          Fanout Load Trans Delay Arrival Instance 
#                                                                                      (fF)  (ps)  (ps)   (ps)  Location 
#------------------------------------------------------------------------------------------------------------------------
  BF1_2_ajlen2_INTT_reg[5]/CLK        -       -      R     (arrival)              3033    -     0     0       0    (-,-) 
  BF1_2_ajlen2_INTT_reg[5]/Q          -       CLK->Q F     DFFHQx4_ASAP7_75t_SL      3  4.6    11    44      44    (-,-) 
  g97020/Y                            -       A->Y   F     BUFx5_ASAP7_75t_SL       26 41.3    50    38      82    (-,-) 
  BF1_2_mul_175_29_g17971/Y           -       A->Y   F     XNOR2xp5_ASAP7_75t_L      1  2.0    35    33     115    (-,-) 
  BF1_2_mul_175_29_g101331/Y          -       A->Y   F     OR2x4_ASAP7_75t_SL       16 26.2    44    43     158    (-,-) 
  BF1_2_mul_175_29_g102675/Y          -       A->Y   R     INVx4_ASAP7_75t_SL       10 14.2    35    22     180    (-,-) 
  BF1_2_mul_175_29_g17645/Y           -       A1->Y  R     AO22x2_ASAP7_75t_SL       2  4.6    22    23     203    (-,-) 
  fopt90515/Y                         -       A->Y   R     BUFx3_ASAP7_75t_SL        1  2.7    10    15     218    (-,-) 
  BF1_2_mul_175_29_g17276/Y           -       B->Y   R     MAJx2_ASAP7_75t_SL        2  3.9    18    22     241    (-,-) 
  BF1_2_mul_175_29_g97897/Y           -       A->Y   F     XNOR2x2_ASAP7_75t_SL      1  2.5    13    27     267    (-,-) 
  BF1_2_mul_175_29_g18878_dup104878/Y -       A->Y   R     XOR2x2_ASAP7_75t_SL       2  5.1    22    30     297    (-,-) 
  BF1_2_mul_175_29_g97898/Y           -       B->Y   R     XNOR2x1_ASAP7_75t_SL      1  3.1    28    19     316    (-,-) 
  g98733/Y                            -       A->Y   R     XNOR2x1_ASAP7_75t_SL      2  4.5    37    23     339    (-,-) 
  g98734/Y                            -       A->Y   R     XOR2x1_ASAP7_75t_SL       2  3.8    34    24     363    (-,-) 
  BF1_2_mul_175_29_g91248/Y           -       B->Y   F     XNOR2x2_ASAP7_75t_SL      2  4.9    19    31     394    (-,-) 
  BF1_2_mul_175_29_g91250/Y           -       B->Y   R     NAND2x2_ASAP7_75t_SL      3  6.6    30    18     412    (-,-) 
  BF1_2_mul_175_29_g91249/Y           -       B->Y   F     OAI21x1_ASAP7_75t_SL      1  2.6    23    14     426    (-,-) 
  BF1_2_mul_175_29_g90318/Y           -       A2->Y  R     OAI21x1_ASAP7_75t_SL      2  3.2    29    16     442    (-,-) 
  BF1_2_mul_175_29_g91244/Y           -       C->Y   R     AO221x2_ASAP7_75t_SL      2  5.0    24    25     467    (-,-) 
  BF1_2_mul_175_29_g90315/Y           -       B->Y   F     NAND2x2_ASAP7_75t_SL      2  4.4    18    10     478    (-,-) 
  BF1_2_mul_175_29_g16211_dup/Y       -       A->Y   F     AND2x6_ASAP7_75t_SL       7 13.5    18    24     502    (-,-) 
  BF1_2_mul_175_29_g90176/Y           -       A2->Y  R     OAI21x1_ASAP7_75t_SL      1  3.2    28    16     518    (-,-) 
  BF1_2_mul_175_29_g16174/Y           -       B->Y   R     XNOR2x1_ASAP7_75t_SL      1  2.1    27    18     535    (-,-) 
  BF1_2_mult_p_reg[36]/D              -       -      R     DFFHQx4_ASAP7_75t_SL      1    -     -     0     535    (-,-) 
#------------------------------------------------------------------------------------------------------------------------



Path 14: MET (0 ps) Setup Check with Pin BF1_2_mult_p_reg[35]/CLK->D
          Group: clk
     Startpoint: (R) BF1_2_ajlen2_INTT_reg[5]/CLK
          Clock: (R) clk
       Endpoint: (R) BF1_2_mult_p_reg[35]/D
          Clock: (R) clk

                     Capture       Launch     
        Clock Edge:+     573            0     
       Src Latency:+       0            0     
       Net Latency:+       0 (I)        0 (I) 
           Arrival:=     573            0     
                                              
             Setup:-       9                  
       Uncertainty:-      29                  
     Required Time:=     535                  
      Launch Clock:-       0                  
         Data Path:-     535                  
             Slack:=       0                  

#------------------------------------------------------------------------------------------------------------------------
#            Timing Point             Flags    Arc   Edge         Cell          Fanout Load Trans Delay Arrival Instance 
#                                                                                      (fF)  (ps)  (ps)   (ps)  Location 
#------------------------------------------------------------------------------------------------------------------------
  BF1_2_ajlen2_INTT_reg[5]/CLK        -       -      R     (arrival)              3033    -     0     0       0    (-,-) 
  BF1_2_ajlen2_INTT_reg[5]/Q          -       CLK->Q F     DFFHQx4_ASAP7_75t_SL      3  4.6    11    44      44    (-,-) 
  g97020/Y                            -       A->Y   F     BUFx5_ASAP7_75t_SL       26 41.3    50    38      82    (-,-) 
  BF1_2_mul_175_29_g17971/Y           -       A->Y   F     XNOR2xp5_ASAP7_75t_L      1  2.0    35    33     115    (-,-) 
  BF1_2_mul_175_29_g101331/Y          -       A->Y   F     OR2x4_ASAP7_75t_SL       16 26.2    44    43     158    (-,-) 
  BF1_2_mul_175_29_g102675/Y          -       A->Y   R     INVx4_ASAP7_75t_SL       10 14.2    35    22     180    (-,-) 
  BF1_2_mul_175_29_g17645/Y           -       A1->Y  R     AO22x2_ASAP7_75t_SL       2  4.6    22    23     203    (-,-) 
  fopt90515/Y                         -       A->Y   R     BUFx3_ASAP7_75t_SL        1  2.7    10    15     218    (-,-) 
  BF1_2_mul_175_29_g17276/Y           -       B->Y   R     MAJx2_ASAP7_75t_SL        2  3.9    18    22     241    (-,-) 
  BF1_2_mul_175_29_g97897/Y           -       A->Y   F     XNOR2x2_ASAP7_75t_SL      1  2.5    13    27     267    (-,-) 
  BF1_2_mul_175_29_g18878_dup104878/Y -       A->Y   R     XOR2x2_ASAP7_75t_SL       2  5.1    22    30     297    (-,-) 
  BF1_2_mul_175_29_g97898/Y           -       B->Y   R     XNOR2x1_ASAP7_75t_SL      1  3.1    28    19     316    (-,-) 
  g98733/Y                            -       A->Y   R     XNOR2x1_ASAP7_75t_SL      2  4.5    37    23     339    (-,-) 
  g98734/Y                            -       A->Y   R     XOR2x1_ASAP7_75t_SL       2  3.8    34    24     363    (-,-) 
  BF1_2_mul_175_29_g91248/Y           -       B->Y   F     XNOR2x2_ASAP7_75t_SL      2  4.9    19    31     394    (-,-) 
  BF1_2_mul_175_29_g91250/Y           -       B->Y   R     NAND2x2_ASAP7_75t_SL      3  6.6    30    18     412    (-,-) 
  BF1_2_mul_175_29_g91249/Y           -       B->Y   F     OAI21x1_ASAP7_75t_SL      1  2.6    23    14     426    (-,-) 
  BF1_2_mul_175_29_g90318/Y           -       A2->Y  R     OAI21x1_ASAP7_75t_SL      2  3.2    29    16     442    (-,-) 
  BF1_2_mul_175_29_g91244/Y           -       C->Y   R     AO221x2_ASAP7_75t_SL      2  5.0    24    25     467    (-,-) 
  BF1_2_mul_175_29_g90315/Y           -       B->Y   F     NAND2x2_ASAP7_75t_SL      2  4.4    18    10     478    (-,-) 
  BF1_2_mul_175_29_g16211_dup/Y       -       A->Y   F     AND2x6_ASAP7_75t_SL       7 13.5    18    24     502    (-,-) 
  g99451/Y                            -       A2->Y  R     OAI21x1_ASAP7_75t_SL      1  3.2    29    16     518    (-,-) 
  BF1_2_mul_175_29_g16173/Y           -       B->Y   R     XNOR2x1_ASAP7_75t_SL      1  2.1    27    18     535    (-,-) 
  BF1_2_mult_p_reg[35]/D              -       -      R     DFFHQx4_ASAP7_75t_SL      1    -     -     0     535    (-,-) 
#------------------------------------------------------------------------------------------------------------------------



Path 15: MET (0 ps) Setup Check with Pin BF1_2_mult_p_reg[33]/CLK->D
          Group: clk
     Startpoint: (R) BF1_1_modei_reg[2]/CLK
          Clock: (R) clk
       Endpoint: (F) BF1_2_mult_p_reg[33]/D
          Clock: (R) clk

                     Capture       Launch     
        Clock Edge:+     573            0     
       Src Latency:+       0            0     
       Net Latency:+       0 (I)        0 (I) 
           Arrival:=     573            0     
                                              
             Setup:-       6                  
       Uncertainty:-      29                  
     Required Time:=     538                  
      Launch Clock:-       0                  
         Data Path:-     538                  
             Slack:=       0                  

#-------------------------------------------------------------------------------------------------------------------
#         Timing Point          Flags    Arc   Edge         Cell           Fanout Load Trans Delay Arrival Instance 
#                                                                                 (fF)  (ps)  (ps)   (ps)  Location 
#-------------------------------------------------------------------------------------------------------------------
  BF1_1_modei_reg[2]/CLK        -       -      R     (arrival)               3033    -     0     0       0    (-,-) 
  BF1_1_modei_reg[2]/Q          -       CLK->Q R     DFFHQx4_ASAP7_75t_SL       2  6.1    15    45      45    (-,-) 
  g84758/Y                      -       A->Y   F     INVx3_ASAP7_75t_SL         2  8.1    18    11      56    (-,-) 
  g102158/Y                     -       A->Y   R     NAND3x2_ASAP7_75t_SL       2  7.2    38    20      76    (-,-) 
  g102159/Y                     -       A->Y   R     BUFx16f_ASAP7_75t_SL      41 54.7    34    29     105    (-,-) 
  g103421/Y                     -       B->Y   R     AND2x2_ASAP7_75t_SL        3  6.2    25    25     130    (-,-) 
  g103423/Y                     -       B->Y   R     OR2x6_ASAP7_75t_SL         4  7.1    14    21     151    (-,-) 
  g103422/Y                     -       A->Y   F     XOR2x2_ASAP7_75t_SL        2  3.4    16    22     173    (-,-) 
  BF1_2_mul_175_29_g17581/Y     -       B2->Y  F     AO22x2_ASAP7_75t_SL        2  4.4    19    24     197    (-,-) 
  BF1_2_mul_175_29_g17483/Y     -       B->Y   F     AND2x4_ASAP7_75t_SL        2  4.2    10    17     214    (-,-) 
  g99448/Y                      -       B->Y   F     XNOR2x1_ASAP7_75t_SL       1  2.6    24    17     231    (-,-) 
  g101647/Y                     -       B->Y   R     XOR2x2_ASAP7_75t_SL        2  4.1    19    31     263    (-,-) 
  g101649/Y                     -       A->Y   R     XNOR2x1_ASAP7_75t_SL       1  3.2    28    20     283    (-,-) 
  BF1_2_mul_175_29_g101108/Y    -       B->Y   R     XNOR2x1_ASAP7_75t_SL       2  4.3    35    21     304    (-,-) 
  g105266/Y                     -       A->Y   R     XNOR2x1_ASAP7_75t_SL       1  3.2    31    22     326    (-,-) 
  g105264/Y                     -       B->Y   R     XNOR2x1_ASAP7_75t_SL       2  4.4    36    21     347    (-,-) 
  g99985/Y                      -       A->Y   R     XNOR2x1_ASAP7_75t_SL       1  2.4    27    21     368    (-,-) 
  g101505/Y                     -       A->Y   F     XOR2x2_ASAP7_75t_SL        2  3.9    16    24     392    (-,-) 
  g98342/Y                      -       B->Y   F     AND2x4_ASAP7_75t_SL        2  3.1     9    16     407    (-,-) 
  BF1_2_mul_175_29_g100506/Y    -       A2->Y  F     AO21x2_ASAP7_75t_SL        2  3.1    14    19     426    (-,-) 
  g105278/Y                     -       A2->Y  F     AO21x2_ASAP7_75t_SL        2  3.6    15    21     447    (-,-) 
  g105276/Y                     -       A2->Y  R     AOI21x1_ASAP7_75t_SL       1  2.1    21    12     459    (-,-) 
  BF1_2_mul_175_29_g90163/Y     -       B->Y   R     OA21x2_ASAP7_75t_SL        2  4.4    19    21     480    (-,-) 
  BF1_2_mul_175_29_g16211_dup/Y -       B->Y   R     AND2x6_ASAP7_75t_SL        7 13.5    21    24     504    (-,-) 
  g95937/Y                      -       A2->Y  F     OAI21x1_ASAP7_75t_SL       1  2.6    20    11     515    (-,-) 
  g95936/Y                      -       A->Y   F     XNOR2xp5_ASAP7_75t_SL      1  2.1    29    24     538    (-,-) 
  BF1_2_mult_p_reg[33]/D        -       -      F     DFFHQx4_ASAP7_75t_SL       1    -     -     0     538    (-,-) 
#-------------------------------------------------------------------------------------------------------------------



Path 16: MET (0 ps) Setup Check with Pin BF1_2_mult_p_reg[33]/CLK->D
          Group: clk
     Startpoint: (R) BF1_2_ajlen2_INTT_reg[20]/CLK
          Clock: (R) clk
       Endpoint: (F) BF1_2_mult_p_reg[33]/D
          Clock: (R) clk

                     Capture       Launch     
        Clock Edge:+     573            0     
       Src Latency:+       0            0     
       Net Latency:+       0 (I)        0 (I) 
           Arrival:=     573            0     
                                              
             Setup:-       6                  
       Uncertainty:-      29                  
     Required Time:=     538                  
      Launch Clock:-       0                  
         Data Path:-     538                  
             Slack:=       0                  

#-------------------------------------------------------------------------------------------------------------------
#         Timing Point          Flags    Arc   Edge         Cell           Fanout Load Trans Delay Arrival Instance 
#                                                                                 (fF)  (ps)  (ps)   (ps)  Location 
#-------------------------------------------------------------------------------------------------------------------
  BF1_2_ajlen2_INTT_reg[20]/CLK -       -      R     (arrival)               3033    -     0     0       0    (-,-) 
  BF1_2_ajlen2_INTT_reg[20]/Q   -       CLK->Q R     DFFHQx4_ASAP7_75t_SL       5  8.1    18    47      47    (-,-) 
  BF1_2_mul_175_29_g18635/Y     -       A->Y   F     INVx1_ASAP7_75t_SL         1  1.9    15    10      56    (-,-) 
  BF1_2_mul_175_29_g18398/Y     -       B->Y   R     NOR2xp33_ASAP7_75t_L       1  2.1    49    27      83    (-,-) 
  BF1_2_mul_175_29_g18378/Y     -       B->Y   R     OR2x4_ASAP7_75t_SL        12 21.2    42    40     123    (-,-) 
  BF1_2_mul_175_29_g95339/Y     -       B->Y   R     OR2x6_ASAP7_75t_SL        16 24.9    34    33     156    (-,-) 
  BF1_2_mul_175_29_g17855/Y     -       A->Y   F     INVx3_ASAP7_75t_SL        10 16.8    37    22     178    (-,-) 
  BF1_2_mul_175_29_g17642/Y     -       A1->Y  F     AO22x2_ASAP7_75t_SL        2  5.0    20    28     206    (-,-) 
  BF1_2_mul_175_29_g101278/Y    -       A->Y   F     XNOR2x1_ASAP7_75t_SL       1  2.6    20    19     225    (-,-) 
  g105000/Y                     -       B->Y   R     XOR2x2_ASAP7_75t_SL        2  4.5    20    31     256    (-,-) 
  g105245/Y                     -       B->Y   R     XNOR2x1_ASAP7_75t_SL       1  3.1    31    19     275    (-,-) 
  g105244/Y                     -       A->Y   R     XNOR2x1_ASAP7_75t_SL       2  4.4    37    24     298    (-,-) 
  g105247/Y                     -       A->Y   R     XNOR2x1_ASAP7_75t_SL       1  3.2    31    22     321    (-,-) 
  BF1_2_mul_175_29_g16624/Y     -       B->Y   R     XNOR2x1_ASAP7_75t_SL       2  4.3    36    21     342    (-,-) 
  g100659/Y                     -       A->Y   R     XNOR2x1_ASAP7_75t_SL       1  2.4    27    21     363    (-,-) 
  g98598/Y                      -       A->Y   F     XOR2x2_ASAP7_75t_SL        2  4.4    18    24     387    (-,-) 
  BF1_2_mul_175_29_g90690/Y     -       A->Y   F     OR2x6_ASAP7_75t_SL         3  6.6    13    22     409    (-,-) 
  BF1_2_mul_175_29_g91251/Y     -       B->Y   R     NAND2x2_ASAP7_75t_SL       1  3.7    22    12     421    (-,-) 
  BF1_2_mul_175_29_g90753/Y     -       B->Y   F     NOR2x2_ASAP7_75t_SL        4  5.9    22    15     436    (-,-) 
  BF1_2_mul_175_29_g91244/Y     -       B1->Y  F     AO221x2_ASAP7_75t_SL       2  5.0    22    31     467    (-,-) 
  BF1_2_mul_175_29_g90315/Y     -       B->Y   R     NAND2x2_ASAP7_75t_SL       2  4.4    22    15     482    (-,-) 
  BF1_2_mul_175_29_g16211_dup/Y -       A->Y   R     AND2x6_ASAP7_75t_SL        7 13.5    21    22     504    (-,-) 
  g95937/Y                      -       A2->Y  F     OAI21x1_ASAP7_75t_SL       1  2.6    20    11     515    (-,-) 
  g95936/Y                      -       A->Y   F     XNOR2xp5_ASAP7_75t_SL      1  2.1    29    24     538    (-,-) 
  BF1_2_mult_p_reg[33]/D        -       -      F     DFFHQx4_ASAP7_75t_SL       1    -     -     0     538    (-,-) 
#-------------------------------------------------------------------------------------------------------------------



Path 17: MET (0 ps) Setup Check with Pin BF2_2_mult_p_reg[44]/CLK->D
          Group: clk
     Startpoint: (R) BF1_1_modei_reg[2]/CLK
          Clock: (R) clk
       Endpoint: (R) BF2_2_mult_p_reg[44]/D
          Clock: (R) clk

                     Capture       Launch     
        Clock Edge:+     573            0     
       Src Latency:+       0            0     
       Net Latency:+       0 (I)        0 (I) 
           Arrival:=     573            0     
                                              
             Setup:-      10                  
       Uncertainty:-      29                  
     Required Time:=     534                  
      Launch Clock:-       0                  
         Data Path:-     534                  
             Slack:=       0                  

#---------------------------------------------------------------------------------------------------------------
#       Timing Point         Flags    Arc   Edge         Cell          Fanout Load Trans Delay Arrival Instance 
#                                                                             (fF)  (ps)  (ps)   (ps)  Location 
#---------------------------------------------------------------------------------------------------------------
  BF1_1_modei_reg[2]/CLK     -       -      R     (arrival)              3033    -     0     0       0    (-,-) 
  BF1_1_modei_reg[2]/Q       -       CLK->Q R     DFFHQx4_ASAP7_75t_SL      2  6.1    15    45      45    (-,-) 
  g84758/Y                   -       A->Y   F     INVx3_ASAP7_75t_SL        2  8.1    18    11      56    (-,-) 
  g102158/Y                  -       A->Y   R     NAND3x2_ASAP7_75t_SL      2  7.2    38    20      76    (-,-) 
  g102159/Y                  -       A->Y   R     BUFx16f_ASAP7_75t_SL     41 54.7    34    29     105    (-,-) 
  g104061/Y                  -       B->Y   R     AND2x2_ASAP7_75t_SL       2  3.9    19    21     126    (-,-) 
  g104059/Y                  -       B->Y   R     OR2x6_ASAP7_75t_SL        7 13.8    21    24     150    (-,-) 
  BF2_2_mul_175_29_g97813/Y  -       A->Y   F     INVx6_ASAP7_75t_SL        9 14.4    19    11     162    (-,-) 
  BF2_2_mul_175_29_g97819/Y  -       A2->Y  R     OAI22x1_ASAP7_75t_SL      2  3.5    39    18     180    (-,-) 
  BF2_2_mul_175_29_g18923/Y  -       B2->Y  R     AO22x2_ASAP7_75t_SL       2  4.4    21    25     205    (-,-) 
  BF2_2_mul_175_29_g102074/Y -       A->Y   R     XNOR2x1_ASAP7_75t_SL      1  2.6    25    19     224    (-,-) 
  BF2_2_mul_175_29_g18560/Y  -       A->Y   F     XNOR2x2_ASAP7_75t_SL      2  5.0    20    31     255    (-,-) 
  BF2_2_mul_175_29_g18368/Y  -       A->Y   F     XNOR2x1_ASAP7_75t_SL      1  3.2    27    20     275    (-,-) 
  BF2_2_mul_175_29_g18217/Y  -       A->Y   F     XNOR2x1_ASAP7_75t_SL      2  5.2    32    25     300    (-,-) 
  BF2_2_mul_175_29_g18208/Y  -       A->Y   R     INVx3_ASAP7_75t_SL        1  2.1    13     9     309    (-,-) 
  BF2_2_mul_175_29_g92735/Y  -       A->Y   R     MAJx2_ASAP7_75t_SL        2  4.4    20    22     331    (-,-) 
  BF2_2_mul_175_29_g99156/Y  -       A->Y   R     MAJx2_ASAP7_75t_SL        2  4.9    22    24     355    (-,-) 
  g96062/Y                   -       A->Y   R     XNOR2x1_ASAP7_75t_SL      1  3.1    28    20     375    (-,-) 
  g96061/Y                   -       A->Y   R     XNOR2x1_ASAP7_75t_SL      2  4.0    34    22     398    (-,-) 
  BF2_2_mul_175_29_g90924/Y  -       B->Y   R     AND2x4_ASAP7_75t_SL       3  5.0    13    18     416    (-,-) 
  BF2_2_mul_175_29_g17683/Y  -       B->Y   R     OR2x2_ASAP7_75t_SL        1  2.6    13    16     433    (-,-) 
  BF2_2_mul_175_29_g93852/Y  -       B->Y   R     OR2x6_ASAP7_75t_SL        2  5.0    11    18     450    (-,-) 
  g96249/Y                   -       A1->Y  F     OAI21x1_ASAP7_75t_SL      2  3.4    26    11     462    (-,-) 
  BF2_2_mul_175_29_g90234/Y  -       B->Y   F     AO21x2_ASAP7_75t_SL       1  4.0    16    24     485    (-,-) 
  fopt90233/Y                -       A->Y   F     BUFx12f_ASAP7_75t_SL      8 15.9    13    17     502    (-,-) 
  BF2_2_mul_175_29_g17552/Y  -       A1->Y  R     AOI21x1_ASAP7_75t_SL      1  3.2    29    14     517    (-,-) 
  BF2_2_mul_175_29_g17521/Y  -       B->Y   R     XNOR2x1_ASAP7_75t_SL      1  2.1    37    18     534    (-,-) 
  BF2_2_mult_p_reg[44]/D     -       -      R     DFFHQx4_ASAP7_75t_SL      1    -     -     0     534    (-,-) 
#---------------------------------------------------------------------------------------------------------------



Path 18: MET (0 ps) Setup Check with Pin BF2_2_mult_p_reg[44]/CLK->D
          Group: clk
     Startpoint: (R) BF1_1_modei_reg[2]/CLK
          Clock: (R) clk
       Endpoint: (R) BF2_2_mult_p_reg[44]/D
          Clock: (R) clk

                     Capture       Launch     
        Clock Edge:+     573            0     
       Src Latency:+       0            0     
       Net Latency:+       0 (I)        0 (I) 
           Arrival:=     573            0     
                                              
             Setup:-      10                  
       Uncertainty:-      29                  
     Required Time:=     534                  
      Launch Clock:-       0                  
         Data Path:-     534                  
             Slack:=       0                  

#---------------------------------------------------------------------------------------------------------------
#       Timing Point         Flags    Arc   Edge         Cell          Fanout Load Trans Delay Arrival Instance 
#                                                                             (fF)  (ps)  (ps)   (ps)  Location 
#---------------------------------------------------------------------------------------------------------------
  BF1_1_modei_reg[2]/CLK     -       -      R     (arrival)              3033    -     0     0       0    (-,-) 
  BF1_1_modei_reg[2]/Q       -       CLK->Q R     DFFHQx4_ASAP7_75t_SL      2  6.1    15    45      45    (-,-) 
  g84758/Y                   -       A->Y   F     INVx3_ASAP7_75t_SL        2  8.1    18    11      56    (-,-) 
  g102158/Y                  -       A->Y   R     NAND3x2_ASAP7_75t_SL      2  7.2    38    20      76    (-,-) 
  g102159/Y                  -       A->Y   R     BUFx16f_ASAP7_75t_SL     41 54.7    34    29     105    (-,-) 
  g104061/Y                  -       B->Y   R     AND2x2_ASAP7_75t_SL       2  3.9    19    21     126    (-,-) 
  g104059/Y                  -       B->Y   R     OR2x6_ASAP7_75t_SL        7 13.8    21    24     150    (-,-) 
  BF2_2_mul_175_29_g97813/Y  -       A->Y   F     INVx6_ASAP7_75t_SL        9 14.4    19    11     162    (-,-) 
  BF2_2_mul_175_29_g97818/Y  -       A2->Y  F     OA22x2_ASAP7_75t_SL       2  3.5    16    23     184    (-,-) 
  BF2_2_mul_175_29_g19275/Y  -       A->Y   R     INVx1_ASAP7_75t_SL        1  2.6    21    13     198    (-,-) 
  BF2_2_mul_175_29_g19079/Y  -       B1->Y  F     AOI22x1_ASAP7_75t_SL      2  3.8    31    14     212    (-,-) 
  BF2_2_mul_175_29_g18853/Y  -       B->Y   F     OR2x2_ASAP7_75t_SL        2  4.3    17    25     237    (-,-) 
  BF2_2_mul_175_29_g18608/Y  -       A->Y   F     XNOR2xp5_ASAP7_75t_L      1  2.5    39    29     265    (-,-) 
  BF2_2_mul_175_29_g18427/Y  -       A->Y   R     XOR2x2_ASAP7_75t_SL       2  5.1    23    34     299    (-,-) 
  BF2_2_mul_175_29_g18187/Y  -       B->Y   R     XNOR2x1_ASAP7_75t_SL      1  2.6    25    18     317    (-,-) 
  BF2_2_mul_175_29_g101122/Y -       A->Y   F     XNOR2x2_ASAP7_75t_SL      2  3.3    15    29     346    (-,-) 
  BF2_2_mul_175_29_g101124/Y -       A->Y   F     AND2x2_ASAP7_75t_SL       3  5.1    19    22     368    (-,-) 
  BF2_2_mul_175_29_g101123/Y -       A2->Y  R     AOI21x1_ASAP7_75t_SL      2  3.9    32    17     385    (-,-) 
  BF2_2_mul_175_29_g94919/Y  -       B->Y   F     NOR2x1_ASAP7_75t_SL       1  2.7    23    15     400    (-,-) 
  BF2_2_mul_175_29_g17766/Y  -       A1->Y  R     AOI21x1_ASAP7_75t_SL      1  4.3    36    19     419    (-,-) 
  BF2_2_mul_175_29_g17693/Y  -       A->Y   F     NAND3x2_ASAP7_75t_SL      2  5.5    25    12     431    (-,-) 
  BF2_2_mul_175_29_g17599/Y  -       B->Y   R     NAND3x2_ASAP7_75t_SL      1  4.1    29    19     450    (-,-) 
  BF2_2_mul_175_29_g90232/Y  -       C->Y   F     NAND3x2_ASAP7_75t_SL      4  6.2    27    11     461    (-,-) 
  BF2_2_mul_175_29_g90234/Y  -       A2->Y  F     AO21x2_ASAP7_75t_SL       1  4.0    16    24     485    (-,-) 
  fopt90233/Y                -       A->Y   F     BUFx12f_ASAP7_75t_SL      8 15.9    13    17     502    (-,-) 
  BF2_2_mul_175_29_g17552/Y  -       A1->Y  R     AOI21x1_ASAP7_75t_SL      1  3.2    29    14     517    (-,-) 
  BF2_2_mul_175_29_g17521/Y  -       B->Y   R     XNOR2x1_ASAP7_75t_SL      1  2.1    37    18     534    (-,-) 
  BF2_2_mult_p_reg[44]/D     -       -      R     DFFHQx4_ASAP7_75t_SL      1    -     -     0     534    (-,-) 
#---------------------------------------------------------------------------------------------------------------



Path 19: MET (0 ps) Setup Check with Pin BF2_2_mult_p_reg[44]/CLK->D
          Group: clk
     Startpoint: (R) BF1_1_modei_reg[2]/CLK
          Clock: (R) clk
       Endpoint: (R) BF2_2_mult_p_reg[44]/D
          Clock: (R) clk

                     Capture       Launch     
        Clock Edge:+     573            0     
       Src Latency:+       0            0     
       Net Latency:+       0 (I)        0 (I) 
           Arrival:=     573            0     
                                              
             Setup:-      10                  
       Uncertainty:-      29                  
     Required Time:=     534                  
      Launch Clock:-       0                  
         Data Path:-     534                  
             Slack:=       0                  

#------------------------------------------------------------------------------------------------------------------------
#            Timing Point             Flags    Arc   Edge         Cell          Fanout Load Trans Delay Arrival Instance 
#                                                                                      (fF)  (ps)  (ps)   (ps)  Location 
#------------------------------------------------------------------------------------------------------------------------
  BF1_1_modei_reg[2]/CLK              -       -      R     (arrival)              3033    -     0     0       0    (-,-) 
  BF1_1_modei_reg[2]/Q                -       CLK->Q R     DFFHQx4_ASAP7_75t_SL      2  6.1    15    45      45    (-,-) 
  g84758/Y                            -       A->Y   F     INVx3_ASAP7_75t_SL        2  8.1    18    11      56    (-,-) 
  g102158/Y                           -       A->Y   R     NAND3x2_ASAP7_75t_SL      2  7.2    38    20      76    (-,-) 
  g102159/Y                           -       A->Y   R     BUFx16f_ASAP7_75t_SL     41 54.7    34    29     105    (-,-) 
  g80151__102178/Y                    -       A2->Y  R     OA22x2_ASAP7_75t_SL       1  6.5    26    28     133    (-,-) 
  fopt88860/Y                         -       A->Y   F     INVx8_ASAP7_75t_SL       10 20.6    22    13     146    (-,-) 
  fopt88856/Y                         -       A->Y   R     INVx5_ASAP7_75t_SL        3  5.0    13     9     154    (-,-) 
  BF2_2_mul_175_29_g19662/Y           -       B1->Y  R     AO22x1_ASAP7_75t_SL       2  4.1    32    25     180    (-,-) 
  BF2_2_mul_175_29_g93843/Y           -       A->Y   F     INVx2_ASAP7_75t_SL        1  2.1    14     7     187    (-,-) 
  BF2_2_mul_175_29_g18931_dup105833/Y -       A2->Y  F     OA21x2_ASAP7_75t_SL       2  5.1    19    23     210    (-,-) 
  g96239/Y                            -       B->Y   F     XNOR2x1_ASAP7_75t_SL      1  3.2    23    21     230    (-,-) 
  g97442/Y                            -       B->Y   F     XNOR2x1_ASAP7_75t_SL      2  3.5    25    22     252    (-,-) 
  g105261/Y                           -       A->Y   R     XOR2x2_ASAP7_75t_SL       1  3.1    16    29     281    (-,-) 
  g105260/Y                           -       A->Y   R     XNOR2x1_ASAP7_75t_SL      2  4.4    35    21     302    (-,-) 
  g99337/Y                            -       A->Y   R     BUFx2_ASAP7_75t_SL        1  2.6    13    18     320    (-,-) 
  g99335/Y                            -       C->Y   R     MAJx2_ASAP7_75t_SL        2  4.4    20    22     342    (-,-) 
  BF2_2_mul_175_29_g17815/Y           -       A->Y   R     XNOR2x1_ASAP7_75t_SL      1  3.1    30    20     362    (-,-) 
  BF2_2_mul_175_29_g103343/Y          -       A->Y   R     XNOR2x1_ASAP7_75t_SL      2  3.8    34    22     384    (-,-) 
  BF2_2_mul_175_29_g17675/Y           -       B->Y   R     AND2x4_ASAP7_75t_SL       2  5.5    14    19     404    (-,-) 
  BF2_2_mul_175_29_g91329/Y           -       B->Y   F     NOR2x2_ASAP7_75t_SL       1  2.6    14     9     412    (-,-) 
  g310/Y                              -       A->Y   F     AND2x4_ASAP7_75t_SL       2  6.2    13    18     431    (-,-) 
  BF2_2_mul_175_29_g91336/Y           -       A1->Y  R     AOI21x1_ASAP7_75t_SL      1  4.3    37    17     448    (-,-) 
  BF2_2_mul_175_29_g90232/Y           -       A->Y   F     NAND3x2_ASAP7_75t_SL      4  6.2    27    13     461    (-,-) 
  BF2_2_mul_175_29_g90234/Y           -       A2->Y  F     AO21x2_ASAP7_75t_SL       1  4.0    16    24     485    (-,-) 
  fopt90233/Y                         -       A->Y   F     BUFx12f_ASAP7_75t_SL      8 15.9    13    17     502    (-,-) 
  BF2_2_mul_175_29_g17552/Y           -       A1->Y  R     AOI21x1_ASAP7_75t_SL      1  3.2    29    14     517    (-,-) 
  BF2_2_mul_175_29_g17521/Y           -       B->Y   R     XNOR2x1_ASAP7_75t_SL      1  2.1    37    18     534    (-,-) 
  BF2_2_mult_p_reg[44]/D              -       -      R     DFFHQx4_ASAP7_75t_SL      1    -     -     0     534    (-,-) 
#------------------------------------------------------------------------------------------------------------------------



Path 20: MET (0 ps) Setup Check with Pin BF2_2_mult_p_reg[43]/CLK->D
          Group: clk
     Startpoint: (R) BF1_1_modei_reg[2]/CLK
          Clock: (R) clk
       Endpoint: (R) BF2_2_mult_p_reg[43]/D
          Clock: (R) clk

                     Capture       Launch     
        Clock Edge:+     573            0     
       Src Latency:+       0            0     
       Net Latency:+       0 (I)        0 (I) 
           Arrival:=     573            0     
                                              
             Setup:-      10                  
       Uncertainty:-      29                  
     Required Time:=     535                  
      Launch Clock:-       0                  
         Data Path:-     535                  
             Slack:=       0                  

#---------------------------------------------------------------------------------------------------------------
#       Timing Point         Flags    Arc   Edge         Cell          Fanout Load Trans Delay Arrival Instance 
#                                                                             (fF)  (ps)  (ps)   (ps)  Location 
#---------------------------------------------------------------------------------------------------------------
  BF1_1_modei_reg[2]/CLK     -       -      R     (arrival)              3033    -     0     0       0    (-,-) 
  BF1_1_modei_reg[2]/Q       -       CLK->Q R     DFFHQx4_ASAP7_75t_SL      2  6.1    15    45      45    (-,-) 
  g84758/Y                   -       A->Y   F     INVx3_ASAP7_75t_SL        2  8.1    18    11      56    (-,-) 
  g102158/Y                  -       A->Y   R     NAND3x2_ASAP7_75t_SL      2  7.2    38    20      76    (-,-) 
  g102159/Y                  -       A->Y   R     BUFx16f_ASAP7_75t_SL     41 54.7    34    29     105    (-,-) 
  g104061/Y                  -       B->Y   R     AND2x2_ASAP7_75t_SL       2  3.9    19    21     126    (-,-) 
  g104059/Y                  -       B->Y   R     OR2x6_ASAP7_75t_SL        7 13.8    21    24     150    (-,-) 
  BF2_2_mul_175_29_g97813/Y  -       A->Y   F     INVx6_ASAP7_75t_SL        9 14.4    19    11     162    (-,-) 
  BF2_2_mul_175_29_g97819/Y  -       A2->Y  R     OAI22x1_ASAP7_75t_SL      2  3.5    39    18     180    (-,-) 
  BF2_2_mul_175_29_g18923/Y  -       B2->Y  R     AO22x2_ASAP7_75t_SL       2  4.4    21    25     205    (-,-) 
  BF2_2_mul_175_29_g102074/Y -       A->Y   R     XNOR2x1_ASAP7_75t_SL      1  2.6    25    19     224    (-,-) 
  BF2_2_mul_175_29_g18560/Y  -       A->Y   F     XNOR2x2_ASAP7_75t_SL      2  5.0    20    31     255    (-,-) 
  BF2_2_mul_175_29_g18368/Y  -       A->Y   F     XNOR2x1_ASAP7_75t_SL      1  3.2    27    20     275    (-,-) 
  BF2_2_mul_175_29_g18217/Y  -       A->Y   F     XNOR2x1_ASAP7_75t_SL      2  5.2    32    25     300    (-,-) 
  BF2_2_mul_175_29_g18208/Y  -       A->Y   R     INVx3_ASAP7_75t_SL        1  2.1    13     9     309    (-,-) 
  BF2_2_mul_175_29_g92735/Y  -       A->Y   R     MAJx2_ASAP7_75t_SL        2  4.4    20    22     331    (-,-) 
  BF2_2_mul_175_29_g99156/Y  -       A->Y   R     MAJx2_ASAP7_75t_SL        2  4.9    22    24     355    (-,-) 
  g96062/Y                   -       A->Y   R     XNOR2x1_ASAP7_75t_SL      1  3.1    28    20     375    (-,-) 
  g96061/Y                   -       A->Y   R     XNOR2x1_ASAP7_75t_SL      2  4.0    34    22     398    (-,-) 
  BF2_2_mul_175_29_g90924/Y  -       B->Y   R     AND2x4_ASAP7_75t_SL       3  5.0    13    18     416    (-,-) 
  BF2_2_mul_175_29_g17683/Y  -       B->Y   R     OR2x2_ASAP7_75t_SL        1  2.6    13    16     433    (-,-) 
  BF2_2_mul_175_29_g93852/Y  -       B->Y   R     OR2x6_ASAP7_75t_SL        2  5.0    11    18     450    (-,-) 
  g96249/Y                   -       A1->Y  F     OAI21x1_ASAP7_75t_SL      2  3.4    26    11     462    (-,-) 
  BF2_2_mul_175_29_g90234/Y  -       B->Y   F     AO21x2_ASAP7_75t_SL       1  4.0    16    24     485    (-,-) 
  fopt90233/Y                -       A->Y   F     BUFx12f_ASAP7_75t_SL      8 15.9    13    17     502    (-,-) 
  BF2_2_mul_175_29_g17555/Y  -       A2->Y  R     AOI21x1_ASAP7_75t_SL      1  3.2    33    15     517    (-,-) 
  BF2_2_mul_175_29_g17522/Y  -       B->Y   R     XNOR2x1_ASAP7_75t_SL      1  2.1    29    18     535    (-,-) 
  BF2_2_mult_p_reg[43]/D     -       -      R     DFFHQx4_ASAP7_75t_SL      1    -     -     0     535    (-,-) 
#---------------------------------------------------------------------------------------------------------------

