Copyright 1986-2022 Xilinx, Inc. All Rights Reserved. Copyright 2022-2025 Advanced Micro Devices, Inc. All Rights Reserved.
---------------------------------------------------------------------------------------------------------------------------------------------
| Tool Version : Vivado v.2025.2 (lin64) Build 6299465 Fri Nov 14 12:34:56 MST 2025
| Date         : Mon Aug  3 19:29:33 2026
| Host         : MSI running 64-bit Ubuntu 26.04 LTS
| Command      : report_timing_summary -file /tmp/fsrch_chipv2_mldsa_5372_12.38.rpt
| Design       : combined_top
| Device       : 7a200t-fbg676
| Speed File   : -1  PRODUCTION 1.23 2018-06-13
| Design State : Routed
---------------------------------------------------------------------------------------------------------------------------------------------

Timing Summary Report

------------------------------------------------------------------------------------------------
| Timer Settings
| --------------
------------------------------------------------------------------------------------------------

  Enable Multi Corner Analysis               :  Yes
  Enable Pessimism Removal                   :  Yes
  Pessimism Removal Resolution               :  Nearest Common Node
  Enable Input Delay Default Clock           :  No
  Enable Preset / Clear Arcs                 :  No
  Disable Flight Delays                      :  No
  Ignore I/O Paths                           :  No
  Timing Early Launch at Borrowing Latches   :  No
  Borrow Time for Max Delay Exceptions       :  Yes
  Merge Timing Exceptions                    :  Yes
  Inter-SLR Compensation                     :  Conservative

  Corner  Analyze    Analyze    
  Name    Max Paths  Min Paths  
  ------  ---------  ---------  
  Slow    Yes        Yes        
  Fast    Yes        Yes        


------------------------------------------------------------------------------------------------
| Report Methodology
| ------------------
------------------------------------------------------------------------------------------------

No report available as report_methodology has not been run prior. Run report_methodology on the current design for the summary of methodology violations.



check_timing report

Table of Contents
-----------------
1. checking no_clock (198)
2. checking constant_clock (0)
3. checking pulse_width_clock (0)
4. checking unconstrained_internal_endpoints (66)
5. checking no_input_delay (73)
6. checking no_output_delay (66)
7. checking multiple_clock (0)
8. checking generated_clocks (0)
9. checking loops (0)
10. checking partial_input_delay (0)
11. checking partial_output_delay (0)
12. checking latch_loops (0)

1. checking no_clock (198)
--------------------------
 There are 66 register/latch pins with no clock driven by root clock pin: sec_lvl[0] (HIGH)

 There are 66 register/latch pins with no clock driven by root clock pin: sec_lvl[1] (HIGH)

 There are 66 register/latch pins with no clock driven by root clock pin: sec_lvl[2] (HIGH)


2. checking constant_clock (0)
------------------------------
 There are 0 register/latch pins with constant_clock.


3. checking pulse_width_clock (0)
---------------------------------
 There are 0 register/latch pins which need pulse_width check


4. checking unconstrained_internal_endpoints (66)
-------------------------------------------------
 There are 66 pins that are not constrained for maximum delay. (HIGH)

 There are 0 pins that are not constrained for maximum delay due to constant clock.


5. checking no_input_delay (73)
-------------------------------
 There are 73 input ports with no input delay specified. (HIGH)

 There are 0 input ports with no input delay but user has a false path constraint.


6. checking no_output_delay (66)
--------------------------------
 There are 66 ports with no output delay specified. (HIGH)

 There are 0 ports with no output delay but user has a false path constraint

 There are 0 ports with no output delay but with a timing clock defined on it or propagating through it


7. checking multiple_clock (0)
------------------------------
 There are 0 register/latch pins with multiple clocks.


8. checking generated_clocks (0)
--------------------------------
 There are 0 generated clocks that are not connected to a clock source.


9. checking loops (0)
---------------------
 There are 0 combinational loops in the design.


10. checking partial_input_delay (0)
------------------------------------
 There are 0 input ports with partial input delay specified.


11. checking partial_output_delay (0)
-------------------------------------
 There are 0 ports with partial output delay specified.


12. checking latch_loops (0)
----------------------------
 There are 0 combinational latch loops in the design through latch input



------------------------------------------------------------------------------------------------
| Design Timing Summary
| ---------------------
------------------------------------------------------------------------------------------------

    WNS(ns)      TNS(ns)  TNS Failing Endpoints  TNS Total Endpoints      WHS(ns)      THS(ns)  THS Failing Endpoints  THS Total Endpoints     WPWS(ns)     TPWS(ns)  TPWS Failing Endpoints  TPWS Total Endpoints  
    -------      -------  ---------------------  -------------------      -------      -------  ---------------------  -------------------     --------     --------  ----------------------  --------------------  
     -0.155       -2.223                     37                69003        0.036        0.000                      0                69003        4.940        0.000                       0                 31947  


Timing constraints are not met.


------------------------------------------------------------------------------------------------
| Clock Summary
| -------------
------------------------------------------------------------------------------------------------

Clock  Waveform(ns)       Period(ns)      Frequency(MHz)
-----  ------------       ----------      --------------
clk    {0.000 6.190}      12.380          80.775          


------------------------------------------------------------------------------------------------
| Intra Clock Table
| -----------------
------------------------------------------------------------------------------------------------

Clock             WNS(ns)      TNS(ns)  TNS Failing Endpoints  TNS Total Endpoints      WHS(ns)      THS(ns)  THS Failing Endpoints  THS Total Endpoints     WPWS(ns)     TPWS(ns)  TPWS Failing Endpoints  TPWS Total Endpoints  
-----             -------      -------  ---------------------  -------------------      -------      -------  ---------------------  -------------------     --------     --------  ----------------------  --------------------  
clk                -0.155       -2.223                     37                69003        0.036        0.000                      0                69003        4.940        0.000                       0                 31947  


------------------------------------------------------------------------------------------------
| Inter Clock Table
| -----------------
------------------------------------------------------------------------------------------------

From Clock    To Clock          WNS(ns)      TNS(ns)  TNS Failing Endpoints  TNS Total Endpoints      WHS(ns)      THS(ns)  THS Failing Endpoints  THS Total Endpoints  
----------    --------          -------      -------  ---------------------  -------------------      -------      -------  ---------------------  -------------------  


------------------------------------------------------------------------------------------------
| Other Path Groups Table
| -----------------------
------------------------------------------------------------------------------------------------

Path Group    From Clock    To Clock          WNS(ns)      TNS(ns)  TNS Failing Endpoints  TNS Total Endpoints      WHS(ns)      THS(ns)  THS Failing Endpoints  THS Total Endpoints  
----------    ----------    --------          -------      -------  ---------------------  -------------------      -------      -------  ---------------------  -------------------  


------------------------------------------------------------------------------------------------
| Timing Details
| --------------
------------------------------------------------------------------------------------------------


---------------------------------------------------------------------------------------------------
From Clock:  clk
  To Clock:  clk

Setup :           37  Failing Endpoints,  Worst Slack       -0.155ns,  Total Violation       -2.223ns
Hold  :            0  Failing Endpoints,  Worst Slack        0.036ns,  Total Violation        0.000ns
PW    :            0  Failing Endpoints,  Worst Slack        4.940ns,  Total Violation        0.000ns
---------------------------------------------------------------------------------------------------


Max Delay Paths
--------------------------------------------------------------------------------------
Slack (VIOLATED) :        -0.155ns  (required time - arrival time)
  Source:                 ctr0_reg[9]/C
                            (rising edge-triggered cell FDRE clocked by clk  {rise@0.000ns fall@6.190ns period=12.380ns})
  Destination:            genblk1[2].KECCAK/datapath_gen/state/output_reg[1141]/R
                            (rising edge-triggered cell FDRE clocked by clk  {rise@0.000ns fall@6.190ns period=12.380ns})
  Path Group:             clk
  Path Type:              Setup (Max at Slow Process Corner)
  Requirement:            12.380ns  (clk rise@12.380ns - clk rise@0.000ns)
  Data Path Delay:        12.022ns  (logic 2.068ns (17.201%)  route 9.954ns (82.799%))
  Logic Levels:           13  (LUT2=2 LUT3=2 LUT4=2 LUT5=2 LUT6=5)
  Clock Path Skew:        -0.049ns (DCD - SCD + CPR)
    Destination Clock Delay (DCD):    0.924ns = ( 13.304 - 12.380 ) 
    Source Clock Delay      (SCD):    0.973ns
    Clock Pessimism Removal (CPR):    0.000ns
  Clock Uncertainty:      0.035ns  ((TSJ^2 + TIJ^2)^1/2 + DJ) / 2 + PE
    Total System Jitter     (TSJ):    0.071ns
    Total Input Jitter      (TIJ):    0.000ns
    Discrete Jitter          (DJ):    0.000ns
    Phase Error              (PE):    0.000ns

    Location             Delay type                Incr(ns)  Path(ns)    Netlist Resource(s)
  -------------------------------------------------------------------    -------------------
                         (clock clk rise edge)        0.000     0.000 r  
                                                      0.000     0.000 r  clk (IN)
                         net (fo=31954, unset)        0.973     0.973    clk
    SLICE_X99Y125        FDRE                                         r  ctr0_reg[9]/C
  -------------------------------------------------------------------    -------------------
    SLICE_X99Y125        FDRE (Prop_fdre_C_Q)         0.456     1.429 f  ctr0_reg[9]/Q
                         net (fo=9, routed)           0.902     2.331    genblk1[2].KECCAK/datapath_gen/in_buf/ctr0[0]_i_6_0[9]
    SLICE_X100Y123       LUT4 (Prop_lut4_I0_O)        0.124     2.455 f  genblk1[2].KECCAK/datapath_gen/in_buf/ctr0[0]_i_7/O
                         net (fo=1, routed)           0.162     2.617    genblk1[2].KECCAK/datapath_gen/in_buf/ctr0[0]_i_7_n_0
    SLICE_X100Y123       LUT4 (Prop_lut4_I3_O)        0.124     2.741 f  genblk1[2].KECCAK/datapath_gen/in_buf/ctr0[0]_i_6/O
                         net (fo=7, routed)           0.508     3.249    genblk1[2].KECCAK/control_gen/fsm3_gen/kcount_gen/output_s_i_9__0
    SLICE_X99Y122        LUT2 (Prop_lut2_I1_O)        0.124     3.373 r  genblk1[2].KECCAK/control_gen/fsm3_gen/kcount_gen/output_s_i_15/O
                         net (fo=1, routed)           0.731     4.104    CHALLENGE_SAMPLER/output_s_i_4__4_0
    SLICE_X93Y121        LUT6 (Prop_lut6_I2_O)        0.124     4.228 f  CHALLENGE_SAMPLER/output_s_i_9__0/O
                         net (fo=1, routed)           0.819     5.046    PUBLIC_SAMPLER/genblk2[0].SAMPLER_A/output_s_i_3__14_2
    SLICE_X90Y120        LUT5 (Prop_lut5_I4_O)        0.124     5.170 f  PUBLIC_SAMPLER/genblk2[0].SAMPLER_A/output_s_i_4__4/O
                         net (fo=1, routed)           0.291     5.461    PUBLIC_SAMPLER/genblk2[0].SAMPLER_A/dst_ready_fsm
    SLICE_X91Y121        LUT3 (Prop_lut3_I0_O)        0.124     5.585 f  PUBLIC_SAMPLER/genblk2[0].SAMPLER_A/output_s_i_3__14/O
                         net (fo=9, routed)           0.191     5.776    genblk1[2].KECCAK/control_gen/fsm3_gen/dst_ready[0]
    SLICE_X91Y121        LUT2 (Prop_lut2_I1_O)        0.124     5.900 r  genblk1[2].KECCAK/control_gen/fsm3_gen/valid_o_INST_0_i_7/O
                         net (fo=34, routed)          1.328     7.228    genblk1[1].KECCAK/control_gen/fsm3_gen/dst_write_2
    SLICE_X101Y140       LUT5 (Prop_lut5_I2_O)        0.124     7.352 r  genblk1[1].KECCAK/control_gen/fsm3_gen/SIGN[63]_i_3/O
                         net (fo=20, routed)          0.217     7.569    CHALLENGE_SAMPLER/dst_write_c
    SLICE_X101Y140       LUT6 (Prop_lut6_I5_O)        0.124     7.693 r  CHALLENGE_SAMPLER/FSM_sequential_cstate_fsm1[2]_i_6_replica/O
                         net (fo=1, routed)           0.570     8.264    CHALLENGE_SAMPLER/nstate210_out_repN
    SLICE_X103Y138       LUT6 (Prop_lut6_I5_O)        0.124     8.388 r  CHALLENGE_SAMPLER/FSM_sequential_cstate_fsm1[2]_i_2_replica/O
                         net (fo=1, routed)           0.511     8.899    genblk1[2].KECCAK/control_gen/fsm3_gen/rst_k_c_repN_alias
    SLICE_X102Y130       LUT6 (Prop_lut6_I3_O)        0.124     9.023 f  genblk1[2].KECCAK/control_gen/fsm3_gen/FSM_sequential_cstate_fsm1[2]_i_5__0/O
                         net (fo=1, routed)           0.993    10.016    SECRET_SAMPLER/genblk2[0].SAMPLER_S/output_reg[0]_0
    SLICE_X93Y124        LUT6 (Prop_lut6_I2_O)        0.124    10.140 r  SECRET_SAMPLER/genblk2[0].SAMPLER_S/FSM_sequential_cstate_fsm1[2]_i_2__1/O
                         net (fo=1, routed)           0.149    10.289    SECRET_SAMPLER/genblk2[0].SAMPLER_S/rst_k_fsm
    SLICE_X93Y124        LUT3 (Prop_lut3_I0_O)        0.124    10.413 r  SECRET_SAMPLER/genblk2[0].SAMPLER_S/FSM_sequential_cstate_fsm1[2]_i_1/O
                         net (fo=1708, routed)        2.583    12.995    genblk1[2].KECCAK/datapath_gen/state/output_reg[0]_0
    SLICE_X57Y113        FDRE                                         r  genblk1[2].KECCAK/datapath_gen/state/output_reg[1141]/R
  -------------------------------------------------------------------    -------------------

                         (clock clk rise edge)       12.380    12.380 r  
                                                      0.000    12.380 r  clk (IN)
                         net (fo=31954, unset)        0.924    13.304    genblk1[2].KECCAK/datapath_gen/state/clk
    SLICE_X57Y113        FDRE                                         r  genblk1[2].KECCAK/datapath_gen/state/output_reg[1141]/C
                         clock pessimism              0.000    13.304    
                         clock uncertainty           -0.035    13.269    
    SLICE_X57Y113        FDRE (Setup_fdre_C_R)       -0.429    12.840    genblk1[2].KECCAK/datapath_gen/state/output_reg[1141]
  -------------------------------------------------------------------
                         required time                         12.840    
                         arrival time                         -12.995    
  -------------------------------------------------------------------
                         slack                                 -0.155    





Min Delay Paths
--------------------------------------------------------------------------------------
Slack (MET) :             0.036ns  (arrival time - required time)
  Source:                 RHO_reg[55]/C
                            (rising edge-triggered cell FDRE clocked by clk  {rise@0.000ns fall@6.190ns period=12.380ns})
  Destination:            RHO_reg[183]_srl2/D
                            (rising edge-triggered cell SRL16E clocked by clk  {rise@0.000ns fall@6.190ns period=12.380ns})
  Path Group:             clk
  Path Type:              Hold (Min at Fast Process Corner)
  Requirement:            0.000ns  (clk rise@0.000ns - clk rise@0.000ns)
  Data Path Delay:        0.240ns  (logic 0.141ns (58.691%)  route 0.099ns (41.309%))
  Logic Levels:           0  
  Clock Path Skew:        0.022ns (DCD - SCD - CPR)
    Destination Clock Delay (DCD):    0.432ns
    Source Clock Delay      (SCD):    0.410ns
    Clock Pessimism Removal (CPR):    -0.000ns

    Location             Delay type                Incr(ns)  Path(ns)    Netlist Resource(s)
  -------------------------------------------------------------------    -------------------
                         (clock clk rise edge)        0.000     0.000 r  
                                                      0.000     0.000 r  clk (IN)
                         net (fo=31954, unset)        0.410     0.410    clk
    SLICE_X119Y133       FDRE                                         r  RHO_reg[55]/C
  -------------------------------------------------------------------    -------------------
    SLICE_X119Y133       FDRE (Prop_fdre_C_Q)         0.141     0.551 r  RHO_reg[55]/Q
                         net (fo=1, routed)           0.099     0.650    RHO_reg_n_0_[55]
    SLICE_X116Y133       SRL16E                                       r  RHO_reg[183]_srl2/D
  -------------------------------------------------------------------    -------------------

                         (clock clk rise edge)        0.000     0.000 r  
                                                      0.000     0.000 r  clk (IN)
                         net (fo=31954, unset)        0.432     0.432    clk
    SLICE_X116Y133       SRL16E                                       r  RHO_reg[183]_srl2/CLK
                         clock pessimism              0.000     0.432    
    SLICE_X116Y133       SRL16E (Hold_srl16e_CLK_D)
                                                      0.183     0.615    RHO_reg[183]_srl2
  -------------------------------------------------------------------
                         required time                         -0.615    
                         arrival time                           0.650    
  -------------------------------------------------------------------
                         slack                                  0.036    





Pulse Width Checks
--------------------------------------------------------------------------------------
Clock Name:         clk
Waveform(ns):       { 0.000 6.190 }
Period(ns):         12.380
Sources:            { clk }

Check Type        Corner  Lib Pin             Reference Pin  Required(ns)  Actual(ns)  Slack(ns)  Location       Pin
Min Period        n/a     RAMB36E1/CLKARDCLK  n/a            2.944         12.380      9.436      RAMB36_X7Y9    BRAM_0/ram_reg_0/CLKARDCLK
Low Pulse Width   Slow    RAMD32/CLK          n/a            1.250         6.190       4.940      SLICE_X88Y108  ENCODER/fifo_reg_0_3_0_5/RAMA/CLK
High Pulse Width  Slow    RAMD32/CLK          n/a            1.250         6.190       4.940      SLICE_X88Y108  ENCODER/fifo_reg_0_3_0_5/RAMA/CLK



