Copyright 1986-2022 Xilinx, Inc. All Rights Reserved. Copyright 2022-2025 Advanced Micro Devices, Inc. All Rights Reserved.
---------------------------------------------------------------------------------------------------------------------------------------------
| Tool Version : Vivado v.2025.2 (lin64) Build 6299465 Fri Nov 14 12:34:56 MST 2025
| Date         : Mon Aug  3 19:50:55 2026
| Host         : MSI running 64-bit Ubuntu 26.04 LTS
| Command      : report_timing_summary -file /tmp/fsrch_chipv2_mldsa_5372_12.48.rpt
| Design       : combined_top
| Device       : 7a200t-fbg676
| Speed File   : -1  PRODUCTION 1.23 2018-06-13
| Design State : Routed
---------------------------------------------------------------------------------------------------------------------------------------------

Timing Summary Report

------------------------------------------------------------------------------------------------
| Timer Settings
| --------------
------------------------------------------------------------------------------------------------

  Enable Multi Corner Analysis               :  Yes
  Enable Pessimism Removal                   :  Yes
  Pessimism Removal Resolution               :  Nearest Common Node
  Enable Input Delay Default Clock           :  No
  Enable Preset / Clear Arcs                 :  No
  Disable Flight Delays                      :  No
  Ignore I/O Paths                           :  No
  Timing Early Launch at Borrowing Latches   :  No
  Borrow Time for Max Delay Exceptions       :  Yes
  Merge Timing Exceptions                    :  Yes
  Inter-SLR Compensation                     :  Conservative

  Corner  Analyze    Analyze    
  Name    Max Paths  Min Paths  
  ------  ---------  ---------  
  Slow    Yes        Yes        
  Fast    Yes        Yes        


------------------------------------------------------------------------------------------------
| Report Methodology
| ------------------
------------------------------------------------------------------------------------------------

No report available as report_methodology has not been run prior. Run report_methodology on the current design for the summary of methodology violations.



check_timing report

Table of Contents
-----------------
1. checking no_clock (198)
2. checking constant_clock (0)
3. checking pulse_width_clock (0)
4. checking unconstrained_internal_endpoints (66)
5. checking no_input_delay (73)
6. checking no_output_delay (66)
7. checking multiple_clock (0)
8. checking generated_clocks (0)
9. checking loops (0)
10. checking partial_input_delay (0)
11. checking partial_output_delay (0)
12. checking latch_loops (0)

1. checking no_clock (198)
--------------------------
 There are 66 register/latch pins with no clock driven by root clock pin: sec_lvl[0] (HIGH)

 There are 66 register/latch pins with no clock driven by root clock pin: sec_lvl[1] (HIGH)

 There are 66 register/latch pins with no clock driven by root clock pin: sec_lvl[2] (HIGH)


2. checking constant_clock (0)
------------------------------
 There are 0 register/latch pins with constant_clock.


3. checking pulse_width_clock (0)
---------------------------------
 There are 0 register/latch pins which need pulse_width check


4. checking unconstrained_internal_endpoints (66)
-------------------------------------------------
 There are 66 pins that are not constrained for maximum delay. (HIGH)

 There are 0 pins that are not constrained for maximum delay due to constant clock.


5. checking no_input_delay (73)
-------------------------------
 There are 73 input ports with no input delay specified. (HIGH)

 There are 0 input ports with no input delay but user has a false path constraint.


6. checking no_output_delay (66)
--------------------------------
 There are 66 ports with no output delay specified. (HIGH)

 There are 0 ports with no output delay but user has a false path constraint

 There are 0 ports with no output delay but with a timing clock defined on it or propagating through it


7. checking multiple_clock (0)
------------------------------
 There are 0 register/latch pins with multiple clocks.


8. checking generated_clocks (0)
--------------------------------
 There are 0 generated clocks that are not connected to a clock source.


9. checking loops (0)
---------------------
 There are 0 combinational loops in the design.


10. checking partial_input_delay (0)
------------------------------------
 There are 0 input ports with partial input delay specified.


11. checking partial_output_delay (0)
-------------------------------------
 There are 0 ports with partial output delay specified.


12. checking latch_loops (0)
----------------------------
 There are 0 combinational latch loops in the design through latch input



------------------------------------------------------------------------------------------------
| Design Timing Summary
| ---------------------
------------------------------------------------------------------------------------------------

    WNS(ns)      TNS(ns)  TNS Failing Endpoints  TNS Total Endpoints      WHS(ns)      THS(ns)  THS Failing Endpoints  THS Total Endpoints     WPWS(ns)     TPWS(ns)  TPWS Failing Endpoints  TPWS Total Endpoints  
    -------      -------  ---------------------  -------------------      -------      -------  ---------------------  -------------------     --------     --------  ----------------------  --------------------  
      0.115        0.000                      0                68904        0.037        0.000                      0                68904        4.990        0.000                       0                 31909  


All user specified timing constraints are met.


------------------------------------------------------------------------------------------------
| Clock Summary
| -------------
------------------------------------------------------------------------------------------------

Clock  Waveform(ns)       Period(ns)      Frequency(MHz)
-----  ------------       ----------      --------------
clk    {0.000 6.240}      12.480          80.128          


------------------------------------------------------------------------------------------------
| Intra Clock Table
| -----------------
------------------------------------------------------------------------------------------------

Clock             WNS(ns)      TNS(ns)  TNS Failing Endpoints  TNS Total Endpoints      WHS(ns)      THS(ns)  THS Failing Endpoints  THS Total Endpoints     WPWS(ns)     TPWS(ns)  TPWS Failing Endpoints  TPWS Total Endpoints  
-----             -------      -------  ---------------------  -------------------      -------      -------  ---------------------  -------------------     --------     --------  ----------------------  --------------------  
clk                 0.115        0.000                      0                68904        0.037        0.000                      0                68904        4.990        0.000                       0                 31909  


------------------------------------------------------------------------------------------------
| Inter Clock Table
| -----------------
------------------------------------------------------------------------------------------------

From Clock    To Clock          WNS(ns)      TNS(ns)  TNS Failing Endpoints  TNS Total Endpoints      WHS(ns)      THS(ns)  THS Failing Endpoints  THS Total Endpoints  
----------    --------          -------      -------  ---------------------  -------------------      -------      -------  ---------------------  -------------------  


------------------------------------------------------------------------------------------------
| Other Path Groups Table
| -----------------------
------------------------------------------------------------------------------------------------

Path Group    From Clock    To Clock          WNS(ns)      TNS(ns)  TNS Failing Endpoints  TNS Total Endpoints      WHS(ns)      THS(ns)  THS Failing Endpoints  THS Total Endpoints  
----------    ----------    --------          -------      -------  ---------------------  -------------------      -------      -------  ---------------------  -------------------  


------------------------------------------------------------------------------------------------
| Timing Details
| --------------
------------------------------------------------------------------------------------------------


---------------------------------------------------------------------------------------------------
From Clock:  clk
  To Clock:  clk

Setup :            0  Failing Endpoints,  Worst Slack        0.115ns,  Total Violation        0.000ns
Hold  :            0  Failing Endpoints,  Worst Slack        0.037ns,  Total Violation        0.000ns
PW    :            0  Failing Endpoints,  Worst Slack        4.990ns,  Total Violation        0.000ns
---------------------------------------------------------------------------------------------------


Max Delay Paths
--------------------------------------------------------------------------------------
Slack (MET) :             0.115ns  (required time - arrival time)
  Source:                 DECODER/sipo_in_len_reg[2]/C
                            (rising edge-triggered cell FDRE clocked by clk  {rise@0.000ns fall@6.240ns period=12.480ns})
  Destination:            start_op_reg[0]/D
                            (rising edge-triggered cell FDRE clocked by clk  {rise@0.000ns fall@6.240ns period=12.480ns})
  Path Group:             clk
  Path Type:              Setup (Max at Slow Process Corner)
  Requirement:            12.480ns  (clk rise@12.480ns - clk rise@0.000ns)
  Data Path Delay:        12.312ns  (logic 3.344ns (27.161%)  route 8.968ns (72.839%))
  Logic Levels:           20  (CARRY4=1 LUT3=2 LUT4=1 LUT5=3 LUT6=13)
  Clock Path Skew:        -0.049ns (DCD - SCD + CPR)
    Destination Clock Delay (DCD):    0.924ns = ( 13.404 - 12.480 ) 
    Source Clock Delay      (SCD):    0.973ns
    Clock Pessimism Removal (CPR):    0.000ns
  Clock Uncertainty:      0.035ns  ((TSJ^2 + TIJ^2)^1/2 + DJ) / 2 + PE
    Total System Jitter     (TSJ):    0.071ns
    Total Input Jitter      (TIJ):    0.000ns
    Discrete Jitter          (DJ):    0.000ns
    Phase Error              (PE):    0.000ns

    Location             Delay type                Incr(ns)  Path(ns)    Netlist Resource(s)
  -------------------------------------------------------------------    -------------------
                         (clock clk rise edge)        0.000     0.000 r  
                                                      0.000     0.000 r  clk (IN)
                         net (fo=31916, unset)        0.973     0.973    DECODER/clk
    SLICE_X121Y137       FDRE                                         r  DECODER/sipo_in_len_reg[2]/C
  -------------------------------------------------------------------    -------------------
    SLICE_X121Y137       FDRE (Prop_fdre_C_Q)         0.456     1.429 r  DECODER/sipo_in_len_reg[2]/Q
                         net (fo=140, routed)         0.816     2.245    DECODER/sipo_in_len[2]
    SLICE_X123Y137       LUT4 (Prop_lut4_I2_O)        0.124     2.369 r  DECODER/SIPO_IN[127]_i_19/O
                         net (fo=1, routed)           0.000     2.369    DECODER/SIPO_IN[127]_i_19_n_0
    SLICE_X123Y137       CARRY4 (Prop_carry4_S[0]_CO[3])
                                                      0.532     2.901 f  DECODER/SIPO_IN_reg[127]_i_4/CO[3]
                         net (fo=266, routed)         1.136     4.036    DECODER/SIPO_IN_reg[127]_i_4_n_0
    SLICE_X118Y131       LUT6 (Prop_lut6_I5_O)        0.124     4.160 f  DECODER/ready_i_INST_0_i_9/O
                         net (fo=6, routed)           1.163     5.323    DECODER/ready_i_dec
    SLICE_X93Y129        LUT6 (Prop_lut6_I4_O)        0.124     5.447 f  DECODER/rho[63]_i_16/O
                         net (fo=1, routed)           0.319     5.767    CHALLENGE_SAMPLER/rho[63]_i_3_1
    SLICE_X91Y129        LUT6 (Prop_lut6_I4_O)        0.124     5.891 r  CHALLENGE_SAMPLER/rho[63]_i_7/O
                         net (fo=1, routed)           0.149     6.039    SECRET_SAMPLER/genblk2[0].SAMPLER_S/rho_reg[0]
    SLICE_X91Y129        LUT6 (Prop_lut6_I0_O)        0.124     6.163 r  SECRET_SAMPLER/genblk2[0].SAMPLER_S/rho[63]_i_3/O
                         net (fo=4, routed)           0.530     6.693    SECRET_SAMPLER/genblk2[0].SAMPLER_S/src_ready_fsm
    SLICE_X90Y130        LUT3 (Prop_lut3_I0_O)        0.124     6.817 r  SECRET_SAMPLER/genblk2[0].SAMPLER_S/FSM_sequential_cstate_fsm1[1]_i_3__0/O
                         net (fo=64, routed)          0.416     7.234    genblk1[2].KECCAK/control_gen/fsm1_gen/sr_full_block/FSM_sequential_cstate_fsm1_reg[1]
    SLICE_X91Y131        LUT6 (Prop_lut6_I4_O)        0.124     7.358 f  genblk1[2].KECCAK/control_gen/fsm1_gen/sr_full_block/SIPO_status[7]_i_3_replica/O
                         net (fo=20, routed)          0.643     8.001    genblk1[1].KECCAK/control_gen/fsm1_gen/sr_full_block/output_s_reg_0_repN_alias
    SLICE_X93Y131        LUT5 (Prop_lut5_I2_O)        0.124     8.125 f  genblk1[1].KECCAK/control_gen/fsm1_gen/sr_full_block/ctr[0]_i_4__0/O
                         net (fo=52, routed)          0.345     8.470    CHALLENGE_SAMPLER/src_read_c
    SLICE_X95Y131        LUT6 (Prop_lut6_I0_O)        0.124     8.594 f  CHALLENGE_SAMPLER/ready_i_INST_0_i_14/O
                         net (fo=5, routed)           0.865     9.459    CHALLENGE_SAMPLER/ready_i_c
    SLICE_X95Y117        LUT3 (Prop_lut3_I1_O)        0.124     9.583 f  CHALLENGE_SAMPLER/cstate0[0]_i_32/O
                         net (fo=1, routed)           0.288     9.871    CHALLENGE_SAMPLER/nstate0249_out
    SLICE_X93Y117        LUT6 (Prop_lut6_I0_O)        0.124     9.995 f  CHALLENGE_SAMPLER/cstate0[0]_i_29/O
                         net (fo=1, routed)           0.264    10.260    CHALLENGE_SAMPLER/cstate0[0]_i_29_n_0
    SLICE_X93Y117        LUT5 (Prop_lut5_I0_O)        0.124    10.384 f  CHALLENGE_SAMPLER/cstate0[0]_i_20/O
                         net (fo=1, routed)           0.149    10.532    ENCODER/cstate0[0]_i_2_0
    SLICE_X93Y117        LUT6 (Prop_lut6_I5_O)        0.124    10.656 r  ENCODER/cstate0[0]_i_8/O
                         net (fo=1, routed)           0.295    10.952    ENCODER/cstate0[0]_i_8_n_0
    SLICE_X93Y116        LUT6 (Prop_lut6_I0_O)        0.124    11.076 f  ENCODER/cstate0[0]_i_2/O
                         net (fo=3, routed)           0.460    11.536    genblk2[0].OPERATOR/start_op[0]_i_13_1
    SLICE_X94Y114        LUT5 (Prop_lut5_I2_O)        0.124    11.660 r  genblk2[0].OPERATOR/start_op[1]_i_7/O
                         net (fo=2, routed)           0.520    12.179    genblk2[0].OPERATOR/start_op[1]_i_7_n_0
    SLICE_X94Y107        LUT6 (Prop_lut6_I0_O)        0.124    12.303 f  genblk2[0].OPERATOR/start_op[0]_i_13/O
                         net (fo=1, routed)           0.161    12.464    genblk2[0].OPERATOR/start_op[0]_i_13_n_0
    SLICE_X94Y107        LUT6 (Prop_lut6_I5_O)        0.124    12.588 f  genblk2[0].OPERATOR/start_op[0]_i_6/O
                         net (fo=1, routed)           0.165    12.753    genblk2[0].OPERATOR/start_op[0]_i_6_n_0
    SLICE_X94Y107        LUT6 (Prop_lut6_I5_O)        0.124    12.877 r  genblk2[0].OPERATOR/start_op[0]_i_2/O
                         net (fo=1, routed)           0.283    13.161    genblk2[0].OPERATOR/start_op[0]_i_2_n_0
    SLICE_X93Y107        LUT6 (Prop_lut6_I0_O)        0.124    13.285 r  genblk2[0].OPERATOR/start_op[0]_i_1/O
                         net (fo=1, routed)           0.000    13.285    start_op[0]
    SLICE_X93Y107        FDRE                                         r  start_op_reg[0]/D
  -------------------------------------------------------------------    -------------------

                         (clock clk rise edge)       12.480    12.480 r  
                                                      0.000    12.480 r  clk (IN)
                         net (fo=31916, unset)        0.924    13.404    clk
    SLICE_X93Y107        FDRE                                         r  start_op_reg[0]/C
                         clock pessimism              0.000    13.404    
                         clock uncertainty           -0.035    13.369    
    SLICE_X93Y107        FDRE (Setup_fdre_C_D)        0.031    13.400    start_op_reg[0]
  -------------------------------------------------------------------
                         required time                         13.400    
                         arrival time                         -13.285    
  -------------------------------------------------------------------
                         slack                                  0.115    





Min Delay Paths
--------------------------------------------------------------------------------------
Slack (MET) :             0.037ns  (arrival time - required time)
  Source:                 genblk2[0].OPERATOR/BF_CIRCUIT/BF1_1/aj2_reg[15]/C
                            (rising edge-triggered cell FDRE clocked by clk  {rise@0.000ns fall@6.240ns period=12.480ns})
  Destination:            genblk2[0].OPERATOR/BF_CIRCUIT/BF1_1/aj3_reg[3][15]_srl4/D
                            (rising edge-triggered cell SRL16E clocked by clk  {rise@0.000ns fall@6.240ns period=12.480ns})
  Path Group:             clk
  Path Type:              Hold (Min at Fast Process Corner)
  Requirement:            0.000ns  (clk rise@0.000ns - clk rise@0.000ns)
  Data Path Delay:        0.242ns  (logic 0.141ns (58.263%)  route 0.101ns (41.737%))
  Logic Levels:           0  
  Clock Path Skew:        0.022ns (DCD - SCD - CPR)
    Destination Clock Delay (DCD):    0.432ns
    Source Clock Delay      (SCD):    0.410ns
    Clock Pessimism Removal (CPR):    -0.000ns

    Location             Delay type                Incr(ns)  Path(ns)    Netlist Resource(s)
  -------------------------------------------------------------------    -------------------
                         (clock clk rise edge)        0.000     0.000 r  
                                                      0.000     0.000 r  clk (IN)
                         net (fo=31916, unset)        0.410     0.410    genblk2[0].OPERATOR/BF_CIRCUIT/BF1_1/clk
    SLICE_X119Y29        FDRE                                         r  genblk2[0].OPERATOR/BF_CIRCUIT/BF1_1/aj2_reg[15]/C
  -------------------------------------------------------------------    -------------------
    SLICE_X119Y29        FDRE (Prop_fdre_C_Q)         0.141     0.551 r  genblk2[0].OPERATOR/BF_CIRCUIT/BF1_1/aj2_reg[15]/Q
                         net (fo=1, routed)           0.101     0.652    genblk2[0].OPERATOR/BF_CIRCUIT/BF1_1/aj2[15]
    SLICE_X116Y29        SRL16E                                       r  genblk2[0].OPERATOR/BF_CIRCUIT/BF1_1/aj3_reg[3][15]_srl4/D
  -------------------------------------------------------------------    -------------------

                         (clock clk rise edge)        0.000     0.000 r  
                                                      0.000     0.000 r  clk (IN)
                         net (fo=31916, unset)        0.432     0.432    genblk2[0].OPERATOR/BF_CIRCUIT/BF1_1/clk
    SLICE_X116Y29        SRL16E                                       r  genblk2[0].OPERATOR/BF_CIRCUIT/BF1_1/aj3_reg[3][15]_srl4/CLK
                         clock pessimism              0.000     0.432    
    SLICE_X116Y29        SRL16E (Hold_srl16e_CLK_D)
                                                      0.183     0.615    genblk2[0].OPERATOR/BF_CIRCUIT/BF1_1/aj3_reg[3][15]_srl4
  -------------------------------------------------------------------
                         required time                         -0.615    
                         arrival time                           0.652    
  -------------------------------------------------------------------
                         slack                                  0.037    





Pulse Width Checks
--------------------------------------------------------------------------------------
Clock Name:         clk
Waveform(ns):       { 0.000 6.240 }
Period(ns):         12.480
Sources:            { clk }

Check Type        Corner  Lib Pin             Reference Pin  Required(ns)  Actual(ns)  Slack(ns)  Location        Pin
Min Period        n/a     RAMB36E1/CLKARDCLK  n/a            2.944         12.480      9.536      RAMB36_X8Y10    BRAM_0/ram_reg_0/CLKARDCLK
Low Pulse Width   Slow    RAMD32/CLK          n/a            1.250         6.240       4.990      SLICE_X124Y131  ENCODER/fifo_reg_0_3_0_5/RAMA/CLK
High Pulse Width  Slow    RAMD32/CLK          n/a            1.250         6.240       4.990      SLICE_X124Y131  ENCODER/fifo_reg_0_3_0_5/RAMA/CLK



