Copyright 1986-2022 Xilinx, Inc. All Rights Reserved. Copyright 2022-2025 Advanced Micro Devices, Inc. All Rights Reserved.
---------------------------------------------------------------------------------------------------------------------------------------------
| Tool Version : Vivado v.2025.2 (lin64) Build 6299465 Fri Nov 14 12:34:56 MST 2025
| Date         : Mon Aug  3 18:42:40 2026
| Host         : MSI running 64-bit Ubuntu 26.04 LTS
| Command      : report_timing_summary -file /tmp/fsrch_chipv2_mldsa_baseline_1244_14.25.rpt
| Design       : combined_top
| Device       : 7a200t-fbg676
| Speed File   : -1  PRODUCTION 1.23 2018-06-13
| Design State : Routed
---------------------------------------------------------------------------------------------------------------------------------------------

Timing Summary Report

------------------------------------------------------------------------------------------------
| Timer Settings
| --------------
------------------------------------------------------------------------------------------------

  Enable Multi Corner Analysis               :  Yes
  Enable Pessimism Removal                   :  Yes
  Pessimism Removal Resolution               :  Nearest Common Node
  Enable Input Delay Default Clock           :  No
  Enable Preset / Clear Arcs                 :  No
  Disable Flight Delays                      :  No
  Ignore I/O Paths                           :  No
  Timing Early Launch at Borrowing Latches   :  No
  Borrow Time for Max Delay Exceptions       :  Yes
  Merge Timing Exceptions                    :  Yes
  Inter-SLR Compensation                     :  Conservative

  Corner  Analyze    Analyze    
  Name    Max Paths  Min Paths  
  ------  ---------  ---------  
  Slow    Yes        Yes        
  Fast    Yes        Yes        


------------------------------------------------------------------------------------------------
| Report Methodology
| ------------------
------------------------------------------------------------------------------------------------

No report available as report_methodology has not been run prior. Run report_methodology on the current design for the summary of methodology violations.



check_timing report

Table of Contents
-----------------
1. checking no_clock (198)
2. checking constant_clock (0)
3. checking pulse_width_clock (0)
4. checking unconstrained_internal_endpoints (66)
5. checking no_input_delay (73)
6. checking no_output_delay (66)
7. checking multiple_clock (0)
8. checking generated_clocks (0)
9. checking loops (0)
10. checking partial_input_delay (0)
11. checking partial_output_delay (0)
12. checking latch_loops (0)

1. checking no_clock (198)
--------------------------
 There are 66 register/latch pins with no clock driven by root clock pin: sec_lvl[0] (HIGH)

 There are 66 register/latch pins with no clock driven by root clock pin: sec_lvl[1] (HIGH)

 There are 66 register/latch pins with no clock driven by root clock pin: sec_lvl[2] (HIGH)


2. checking constant_clock (0)
------------------------------
 There are 0 register/latch pins with constant_clock.


3. checking pulse_width_clock (0)
---------------------------------
 There are 0 register/latch pins which need pulse_width check


4. checking unconstrained_internal_endpoints (66)
-------------------------------------------------
 There are 66 pins that are not constrained for maximum delay. (HIGH)

 There are 0 pins that are not constrained for maximum delay due to constant clock.


5. checking no_input_delay (73)
-------------------------------
 There are 73 input ports with no input delay specified. (HIGH)

 There are 0 input ports with no input delay but user has a false path constraint.


6. checking no_output_delay (66)
--------------------------------
 There are 66 ports with no output delay specified. (HIGH)

 There are 0 ports with no output delay but user has a false path constraint

 There are 0 ports with no output delay but with a timing clock defined on it or propagating through it


7. checking multiple_clock (0)
------------------------------
 There are 0 register/latch pins with multiple clocks.


8. checking generated_clocks (0)
--------------------------------
 There are 0 generated clocks that are not connected to a clock source.


9. checking loops (0)
---------------------
 There are 0 combinational loops in the design.


10. checking partial_input_delay (0)
------------------------------------
 There are 0 input ports with partial input delay specified.


11. checking partial_output_delay (0)
-------------------------------------
 There are 0 ports with partial output delay specified.


12. checking latch_loops (0)
----------------------------
 There are 0 combinational latch loops in the design through latch input



------------------------------------------------------------------------------------------------
| Design Timing Summary
| ---------------------
------------------------------------------------------------------------------------------------

    WNS(ns)      TNS(ns)  TNS Failing Endpoints  TNS Total Endpoints      WHS(ns)      THS(ns)  THS Failing Endpoints  THS Total Endpoints     WPWS(ns)     TPWS(ns)  TPWS Failing Endpoints  TPWS Total Endpoints  
    -------      -------  ---------------------  -------------------      -------      -------  ---------------------  -------------------     --------     --------  ----------------------  --------------------  
      0.027        0.000                      0                67079        0.036        0.000                      0                67079        6.145        0.000                       0                 30846  


All user specified timing constraints are met.


------------------------------------------------------------------------------------------------
| Clock Summary
| -------------
------------------------------------------------------------------------------------------------

Clock  Waveform(ns)       Period(ns)      Frequency(MHz)
-----  ------------       ----------      --------------
clk    {0.000 7.125}      14.250          70.175          


------------------------------------------------------------------------------------------------
| Intra Clock Table
| -----------------
------------------------------------------------------------------------------------------------

Clock             WNS(ns)      TNS(ns)  TNS Failing Endpoints  TNS Total Endpoints      WHS(ns)      THS(ns)  THS Failing Endpoints  THS Total Endpoints     WPWS(ns)     TPWS(ns)  TPWS Failing Endpoints  TPWS Total Endpoints  
-----             -------      -------  ---------------------  -------------------      -------      -------  ---------------------  -------------------     --------     --------  ----------------------  --------------------  
clk                 0.027        0.000                      0                67079        0.036        0.000                      0                67079        6.145        0.000                       0                 30846  


------------------------------------------------------------------------------------------------
| Inter Clock Table
| -----------------
------------------------------------------------------------------------------------------------

From Clock    To Clock          WNS(ns)      TNS(ns)  TNS Failing Endpoints  TNS Total Endpoints      WHS(ns)      THS(ns)  THS Failing Endpoints  THS Total Endpoints  
----------    --------          -------      -------  ---------------------  -------------------      -------      -------  ---------------------  -------------------  


------------------------------------------------------------------------------------------------
| Other Path Groups Table
| -----------------------
------------------------------------------------------------------------------------------------

Path Group    From Clock    To Clock          WNS(ns)      TNS(ns)  TNS Failing Endpoints  TNS Total Endpoints      WHS(ns)      THS(ns)  THS Failing Endpoints  THS Total Endpoints  
----------    ----------    --------          -------      -------  ---------------------  -------------------      -------      -------  ---------------------  -------------------  


------------------------------------------------------------------------------------------------
| Timing Details
| --------------
------------------------------------------------------------------------------------------------


---------------------------------------------------------------------------------------------------
From Clock:  clk
  To Clock:  clk

Setup :            0  Failing Endpoints,  Worst Slack        0.027ns,  Total Violation        0.000ns
Hold  :            0  Failing Endpoints,  Worst Slack        0.036ns,  Total Violation        0.000ns
PW    :            0  Failing Endpoints,  Worst Slack        6.145ns,  Total Violation        0.000ns
---------------------------------------------------------------------------------------------------


Max Delay Paths
--------------------------------------------------------------------------------------
Slack (MET) :             0.027ns  (required time - arrival time)
  Source:                 DECODER/encode_mode_reg[1]/C
                            (rising edge-triggered cell FDRE clocked by clk  {rise@0.000ns fall@7.125ns period=14.250ns})
  Destination:            ENCODER/PISO_reg[117]/D
                            (rising edge-triggered cell FDRE clocked by clk  {rise@0.000ns fall@7.125ns period=14.250ns})
  Path Group:             clk
  Path Type:              Setup (Max at Slow Process Corner)
  Requirement:            14.250ns  (clk rise@14.250ns - clk rise@0.000ns)
  Data Path Delay:        14.171ns  (logic 3.872ns (27.324%)  route 10.299ns (72.676%))
  Logic Levels:           19  (CARRY4=2 LUT3=3 LUT4=1 LUT5=3 LUT6=10)
  Clock Path Skew:        -0.049ns (DCD - SCD + CPR)
    Destination Clock Delay (DCD):    0.924ns = ( 15.174 - 14.250 ) 
    Source Clock Delay      (SCD):    0.973ns
    Clock Pessimism Removal (CPR):    0.000ns
  Clock Uncertainty:      0.035ns  ((TSJ^2 + TIJ^2)^1/2 + DJ) / 2 + PE
    Total System Jitter     (TSJ):    0.071ns
    Total Input Jitter      (TIJ):    0.000ns
    Discrete Jitter          (DJ):    0.000ns
    Phase Error              (PE):    0.000ns

    Location             Delay type                Incr(ns)  Path(ns)    Netlist Resource(s)
  -------------------------------------------------------------------    -------------------
                         (clock clk rise edge)        0.000     0.000 r  
                                                      0.000     0.000 r  clk (IN)
                         net (fo=30861, unset)        0.973     0.973    DECODER/clk
    SLICE_X89Y140        FDRE                                         r  DECODER/encode_mode_reg[1]/C
  -------------------------------------------------------------------    -------------------
    SLICE_X89Y140        FDRE (Prop_fdre_C_Q)         0.456     1.429 r  DECODER/encode_mode_reg[1]/Q
                         net (fo=99, routed)          0.609     2.038    DECODER/sel0[1]
    SLICE_X89Y139        LUT6 (Prop_lut6_I5_O)        0.124     2.162 f  DECODER/SIPO_IN[91]_i_5/O
                         net (fo=148, routed)         0.426     2.588    DECODER/SIPO_IN[91]_i_5_n_0
    SLICE_X89Y138        LUT4 (Prop_lut4_I3_O)        0.124     2.712 r  DECODER/SIPO_IN[127]_i_14/O
                         net (fo=1, routed)           0.189     2.901    DECODER/SIPO_IN[127]_i_14_n_0
    SLICE_X88Y138        CARRY4 (Prop_carry4_DI[0]_CO[3])
                                                      0.550     3.451 r  DECODER/SIPO_IN_reg[127]_i_4/CO[3]
                         net (fo=278, routed)         0.864     4.315    DECODER/SIPO_IN_reg[127]_i_4_n_0
    SLICE_X93Y133        LUT6 (Prop_lut6_I5_O)        0.124     4.439 r  DECODER/ready_i_INST_0_i_5/O
                         net (fo=2, routed)           1.227     5.667    DECODER/ready_i_dec
    SLICE_X119Y123       LUT6 (Prop_lut6_I3_O)        0.124     5.791 r  DECODER/FSM_sequential_cstate_fsm1[1]_i_15/O
                         net (fo=1, routed)           0.409     6.200    ENCODER/rho[63]_i_5_1
    SLICE_X121Y123       LUT6 (Prop_lut6_I4_O)        0.124     6.324 f  ENCODER/FSM_sequential_cstate_fsm1[1]_i_7__1/O
                         net (fo=2, routed)           0.296     6.620    ENCODER/src_ready_fsm
    SLICE_X123Y123       LUT3 (Prop_lut3_I0_O)        0.124     6.744 f  ENCODER/FSM_sequential_cstate_fsm1[1]_i_3__0/O
                         net (fo=63, routed)          0.646     7.389    genblk1[2].KECCAK/control_gen/fsm1_gen/sr_full_block/FSM_sequential_cstate_fsm1_reg[1]
    SLICE_X123Y131       LUT6 (Prop_lut6_I4_O)        0.124     7.513 r  genblk1[2].KECCAK/control_gen/fsm1_gen/sr_full_block/ready_i_INST_0_i_16/O
                         net (fo=146, routed)         0.227     7.741    genblk1[2].KECCAK/control_gen/fsm1_gen/sr_full_block/output_s_reg_0
    SLICE_X123Y131       LUT5 (Prop_lut5_I2_O)        0.124     7.865 r  genblk1[2].KECCAK/control_gen/fsm1_gen/sr_full_block/FSM_sequential_cstate[3]_i_6/O
                         net (fo=18, routed)          0.169     8.033    CHALLENGE_SAMPLER/src_read_c
    SLICE_X123Y131       LUT6 (Prop_lut6_I0_O)        0.124     8.157 r  CHALLENGE_SAMPLER/ready_i_INST_0_i_18/O
                         net (fo=5, routed)           0.656     8.814    CHALLENGE_SAMPLER/ready_i_c
    SLICE_X122Y135       LUT6 (Prop_lut6_I0_O)        0.124     8.938 r  CHALLENGE_SAMPLER/PISO[255]_i_8/O
                         net (fo=2, routed)           0.171     9.109    ENCODER/ready_o_enc
    SLICE_X122Y135       LUT5 (Prop_lut5_I4_O)        0.124     9.233 r  ENCODER/PISO[255]_i_3_replica/O
                         net (fo=3, routed)           0.629     9.862    ENCODER/PISO[255]_i_3_n_0_repN
    SLICE_X121Y140       LUT3 (Prop_lut3_I0_O)        0.124     9.986 r  ENCODER/piso_len[9]_i_17/O
                         net (fo=1, routed)           0.000     9.986    ENCODER/piso_len[9]_i_17_n_0
    SLICE_X121Y140       CARRY4 (Prop_carry4_S[1]_O[2])
                                                      0.580    10.566 f  ENCODER/piso_len_reg[9]_i_6/O[2]
                         net (fo=59, routed)          0.652    11.218    ENCODER/piso_len1[8]
    SLICE_X119Y139       LUT3 (Prop_lut3_I1_O)        0.302    11.520 r  ENCODER/PISO[253]_i_13/O
                         net (fo=62, routed)          1.093    12.613    ENCODER/PISO[253]_i_13_n_0
    SLICE_X126Y144       LUT6 (Prop_lut6_I5_O)        0.124    12.737 r  ENCODER/PISO[237]_i_7/O
                         net (fo=6, routed)           0.877    13.613    ENCODER/PISO[237]_i_7_n_0
    SLICE_X134Y148       LUT6 (Prop_lut6_I5_O)        0.124    13.737 r  ENCODER/PISO[213]_i_3/O
                         net (fo=2, routed)           0.725    14.462    ENCODER/PISO[213]_i_3_n_0
    SLICE_X133Y147       LUT5 (Prop_lut5_I1_O)        0.124    14.586 r  ENCODER/PISO[117]_i_2/O
                         net (fo=1, routed)           0.433    15.020    ENCODER/PISO[117]_i_2_n_0
    SLICE_X133Y147       LUT6 (Prop_lut6_I3_O)        0.124    15.144 r  ENCODER/PISO[117]_i_1/O
                         net (fo=1, routed)           0.000    15.144    ENCODER/p_1_in[117]
    SLICE_X133Y147       FDRE                                         r  ENCODER/PISO_reg[117]/D
  -------------------------------------------------------------------    -------------------

                         (clock clk rise edge)       14.250    14.250 r  
                                                      0.000    14.250 r  clk (IN)
                         net (fo=30861, unset)        0.924    15.174    ENCODER/clk
    SLICE_X133Y147       FDRE                                         r  ENCODER/PISO_reg[117]/C
                         clock pessimism              0.000    15.174    
                         clock uncertainty           -0.035    15.139    
    SLICE_X133Y147       FDRE (Setup_fdre_C_D)        0.032    15.171    ENCODER/PISO_reg[117]
  -------------------------------------------------------------------
                         required time                         15.171    
                         arrival time                         -15.144    
  -------------------------------------------------------------------
                         slack                                  0.027    





Min Delay Paths
--------------------------------------------------------------------------------------
Slack (MET) :             0.036ns  (arrival time - required time)
  Source:                 genblk2[0].OPERATOR/BF_CIRCUIT/BF2_1/aj2_reg[23]/C
                            (rising edge-triggered cell FDRE clocked by clk  {rise@0.000ns fall@7.125ns period=14.250ns})
  Destination:            genblk2[0].OPERATOR/BF_CIRCUIT/BF2_1/aj3_reg[2][23]_srl3/D
                            (rising edge-triggered cell SRL16E clocked by clk  {rise@0.000ns fall@7.125ns period=14.250ns})
  Path Group:             clk
  Path Type:              Hold (Min at Fast Process Corner)
  Requirement:            0.000ns  (clk rise@0.000ns - clk rise@0.000ns)
  Data Path Delay:        0.241ns  (logic 0.141ns (58.505%)  route 0.100ns (41.495%))
  Logic Levels:           0  
  Clock Path Skew:        0.022ns (DCD - SCD - CPR)
    Destination Clock Delay (DCD):    0.432ns
    Source Clock Delay      (SCD):    0.410ns
    Clock Pessimism Removal (CPR):    -0.000ns

    Location             Delay type                Incr(ns)  Path(ns)    Netlist Resource(s)
  -------------------------------------------------------------------    -------------------
                         (clock clk rise edge)        0.000     0.000 r  
                                                      0.000     0.000 r  clk (IN)
                         net (fo=30861, unset)        0.410     0.410    genblk2[0].OPERATOR/BF_CIRCUIT/BF2_1/clk
    SLICE_X15Y79         FDRE                                         r  genblk2[0].OPERATOR/BF_CIRCUIT/BF2_1/aj2_reg[23]/C
  -------------------------------------------------------------------    -------------------
    SLICE_X15Y79         FDRE (Prop_fdre_C_Q)         0.141     0.551 r  genblk2[0].OPERATOR/BF_CIRCUIT/BF2_1/aj2_reg[23]/Q
                         net (fo=1, routed)           0.100     0.651    genblk2[0].OPERATOR/BF_CIRCUIT/BF2_1/aj2[23]
    SLICE_X12Y78         SRL16E                                       r  genblk2[0].OPERATOR/BF_CIRCUIT/BF2_1/aj3_reg[2][23]_srl3/D
  -------------------------------------------------------------------    -------------------

                         (clock clk rise edge)        0.000     0.000 r  
                                                      0.000     0.000 r  clk (IN)
                         net (fo=30861, unset)        0.432     0.432    genblk2[0].OPERATOR/BF_CIRCUIT/BF2_1/clk
    SLICE_X12Y78         SRL16E                                       r  genblk2[0].OPERATOR/BF_CIRCUIT/BF2_1/aj3_reg[2][23]_srl3/CLK
                         clock pessimism              0.000     0.432    
    SLICE_X12Y78         SRL16E (Hold_srl16e_CLK_D)
                                                      0.183     0.615    genblk2[0].OPERATOR/BF_CIRCUIT/BF2_1/aj3_reg[2][23]_srl3
  -------------------------------------------------------------------
                         required time                         -0.615    
                         arrival time                           0.651    
  -------------------------------------------------------------------
                         slack                                  0.036    





Pulse Width Checks
--------------------------------------------------------------------------------------
Clock Name:         clk
Waveform(ns):       { 0.000 7.125 }
Period(ns):         14.250
Sources:            { clk }

Check Type        Corner  Lib Pin             Reference Pin  Required(ns)  Actual(ns)  Slack(ns)  Location        Pin
Min Period        n/a     RAMB36E1/CLKARDCLK  n/a            2.944         14.250      11.306     RAMB36_X5Y18    BRAM_0/ram_reg_0/CLKARDCLK
Low Pulse Width   Slow    SRL16E/CLK          n/a            0.980         7.125       6.145      SLICE_X146Y142  C_reg[128]_srl2/CLK
High Pulse Width  Slow    SRL16E/CLK          n/a            0.980         7.125       6.145      SLICE_X146Y142  C_reg[128]_srl2/CLK



