Copyright 1986-2022 Xilinx, Inc. All Rights Reserved. Copyright 2022-2025 Advanced Micro Devices, Inc. All Rights Reserved.
---------------------------------------------------------------------------------------------------------------------------------------------
| Tool Version : Vivado v.2025.2 (lin64) Build 6299465 Fri Nov 14 12:34:56 MST 2025
| Date         : Mon Aug  3 19:40:58 2026
| Host         : MSI running 64-bit Ubuntu 26.04 LTS
| Command      : report_timing_summary -file /tmp/fsrch_chipv2_mldsa_5372_12.57.rpt
| Design       : combined_top
| Device       : 7a200t-fbg676
| Speed File   : -1  PRODUCTION 1.23 2018-06-13
| Design State : Routed
---------------------------------------------------------------------------------------------------------------------------------------------

Timing Summary Report

------------------------------------------------------------------------------------------------
| Timer Settings
| --------------
------------------------------------------------------------------------------------------------

  Enable Multi Corner Analysis               :  Yes
  Enable Pessimism Removal                   :  Yes
  Pessimism Removal Resolution               :  Nearest Common Node
  Enable Input Delay Default Clock           :  No
  Enable Preset / Clear Arcs                 :  No
  Disable Flight Delays                      :  No
  Ignore I/O Paths                           :  No
  Timing Early Launch at Borrowing Latches   :  No
  Borrow Time for Max Delay Exceptions       :  Yes
  Merge Timing Exceptions                    :  Yes
  Inter-SLR Compensation                     :  Conservative

  Corner  Analyze    Analyze    
  Name    Max Paths  Min Paths  
  ------  ---------  ---------  
  Slow    Yes        Yes        
  Fast    Yes        Yes        


------------------------------------------------------------------------------------------------
| Report Methodology
| ------------------
------------------------------------------------------------------------------------------------

No report available as report_methodology has not been run prior. Run report_methodology on the current design for the summary of methodology violations.



check_timing report

Table of Contents
-----------------
1. checking no_clock (198)
2. checking constant_clock (0)
3. checking pulse_width_clock (0)
4. checking unconstrained_internal_endpoints (66)
5. checking no_input_delay (73)
6. checking no_output_delay (66)
7. checking multiple_clock (0)
8. checking generated_clocks (0)
9. checking loops (0)
10. checking partial_input_delay (0)
11. checking partial_output_delay (0)
12. checking latch_loops (0)

1. checking no_clock (198)
--------------------------
 There are 66 register/latch pins with no clock driven by root clock pin: sec_lvl[0] (HIGH)

 There are 66 register/latch pins with no clock driven by root clock pin: sec_lvl[1] (HIGH)

 There are 66 register/latch pins with no clock driven by root clock pin: sec_lvl[2] (HIGH)


2. checking constant_clock (0)
------------------------------
 There are 0 register/latch pins with constant_clock.


3. checking pulse_width_clock (0)
---------------------------------
 There are 0 register/latch pins which need pulse_width check


4. checking unconstrained_internal_endpoints (66)
-------------------------------------------------
 There are 66 pins that are not constrained for maximum delay. (HIGH)

 There are 0 pins that are not constrained for maximum delay due to constant clock.


5. checking no_input_delay (73)
-------------------------------
 There are 73 input ports with no input delay specified. (HIGH)

 There are 0 input ports with no input delay but user has a false path constraint.


6. checking no_output_delay (66)
--------------------------------
 There are 66 ports with no output delay specified. (HIGH)

 There are 0 ports with no output delay but user has a false path constraint

 There are 0 ports with no output delay but with a timing clock defined on it or propagating through it


7. checking multiple_clock (0)
------------------------------
 There are 0 register/latch pins with multiple clocks.


8. checking generated_clocks (0)
--------------------------------
 There are 0 generated clocks that are not connected to a clock source.


9. checking loops (0)
---------------------
 There are 0 combinational loops in the design.


10. checking partial_input_delay (0)
------------------------------------
 There are 0 input ports with partial input delay specified.


11. checking partial_output_delay (0)
-------------------------------------
 There are 0 ports with partial output delay specified.


12. checking latch_loops (0)
----------------------------
 There are 0 combinational latch loops in the design through latch input



------------------------------------------------------------------------------------------------
| Design Timing Summary
| ---------------------
------------------------------------------------------------------------------------------------

    WNS(ns)      TNS(ns)  TNS Failing Endpoints  TNS Total Endpoints      WHS(ns)      THS(ns)  THS Failing Endpoints  THS Total Endpoints     WPWS(ns)     TPWS(ns)  TPWS Failing Endpoints  TPWS Total Endpoints  
    -------      -------  ---------------------  -------------------      -------      -------  ---------------------  -------------------     --------     --------  ----------------------  --------------------  
      0.172        0.000                      0                68960        0.036        0.000                      0                68960        5.035        0.000                       0                 31941  


All user specified timing constraints are met.


------------------------------------------------------------------------------------------------
| Clock Summary
| -------------
------------------------------------------------------------------------------------------------

Clock  Waveform(ns)       Period(ns)      Frequency(MHz)
-----  ------------       ----------      --------------
clk    {0.000 6.285}      12.570          79.554          


------------------------------------------------------------------------------------------------
| Intra Clock Table
| -----------------
------------------------------------------------------------------------------------------------

Clock             WNS(ns)      TNS(ns)  TNS Failing Endpoints  TNS Total Endpoints      WHS(ns)      THS(ns)  THS Failing Endpoints  THS Total Endpoints     WPWS(ns)     TPWS(ns)  TPWS Failing Endpoints  TPWS Total Endpoints  
-----             -------      -------  ---------------------  -------------------      -------      -------  ---------------------  -------------------     --------     --------  ----------------------  --------------------  
clk                 0.172        0.000                      0                68960        0.036        0.000                      0                68960        5.035        0.000                       0                 31941  


------------------------------------------------------------------------------------------------
| Inter Clock Table
| -----------------
------------------------------------------------------------------------------------------------

From Clock    To Clock          WNS(ns)      TNS(ns)  TNS Failing Endpoints  TNS Total Endpoints      WHS(ns)      THS(ns)  THS Failing Endpoints  THS Total Endpoints  
----------    --------          -------      -------  ---------------------  -------------------      -------      -------  ---------------------  -------------------  


------------------------------------------------------------------------------------------------
| Other Path Groups Table
| -----------------------
------------------------------------------------------------------------------------------------

Path Group    From Clock    To Clock          WNS(ns)      TNS(ns)  TNS Failing Endpoints  TNS Total Endpoints      WHS(ns)      THS(ns)  THS Failing Endpoints  THS Total Endpoints  
----------    ----------    --------          -------      -------  ---------------------  -------------------      -------      -------  ---------------------  -------------------  


------------------------------------------------------------------------------------------------
| Timing Details
| --------------
------------------------------------------------------------------------------------------------


---------------------------------------------------------------------------------------------------
From Clock:  clk
  To Clock:  clk

Setup :            0  Failing Endpoints,  Worst Slack        0.172ns,  Total Violation        0.000ns
Hold  :            0  Failing Endpoints,  Worst Slack        0.036ns,  Total Violation        0.000ns
PW    :            0  Failing Endpoints,  Worst Slack        5.035ns,  Total Violation        0.000ns
---------------------------------------------------------------------------------------------------


Max Delay Paths
--------------------------------------------------------------------------------------
Slack (MET) :             0.172ns  (required time - arrival time)
  Source:                 HINT_APPLIER/hint_addr_reg[443]/C
                            (rising edge-triggered cell FDRE clocked by clk  {rise@0.000ns fall@6.285ns period=12.570ns})
  Destination:            HINT_APPLIER/hint_addr_reg[539]/D
                            (rising edge-triggered cell FDRE clocked by clk  {rise@0.000ns fall@6.285ns period=12.570ns})
  Path Group:             clk
  Path Type:              Setup (Max at Slow Process Corner)
  Requirement:            12.570ns  (clk rise@12.570ns - clk rise@0.000ns)
  Data Path Delay:        12.343ns  (logic 1.056ns (8.555%)  route 11.287ns (91.445%))
  Logic Levels:           3  (LUT3=1 LUT5=1 LUT6=1)
  Clock Path Skew:        -0.049ns (DCD - SCD + CPR)
    Destination Clock Delay (DCD):    0.924ns = ( 13.494 - 12.570 ) 
    Source Clock Delay      (SCD):    0.973ns
    Clock Pessimism Removal (CPR):    0.000ns
  Clock Uncertainty:      0.035ns  ((TSJ^2 + TIJ^2)^1/2 + DJ) / 2 + PE
    Total System Jitter     (TSJ):    0.071ns
    Total Input Jitter      (TIJ):    0.000ns
    Discrete Jitter          (DJ):    0.000ns
    Phase Error              (PE):    0.000ns

    Location             Delay type                Incr(ns)  Path(ns)    Netlist Resource(s)
  -------------------------------------------------------------------    -------------------
                         (clock clk rise edge)        0.000     0.000 r  
                                                      0.000     0.000 r  clk (IN)
                         net (fo=31948, unset)        0.973     0.973    HINT_APPLIER/clk
    SLICE_X115Y14        FDRE                                         r  HINT_APPLIER/hint_addr_reg[443]/C
  -------------------------------------------------------------------    -------------------
    SLICE_X115Y14        FDRE (Prop_fdre_C_Q)         0.456     1.429 r  HINT_APPLIER/hint_addr_reg[443]/Q
                         net (fo=6, routed)           3.998     5.427    HINT_APPLIER/p_0_in[187]
    SLICE_X51Y16         LUT6 (Prop_lut6_I0_O)        0.124     5.551 r  HINT_APPLIER/hint_addr[563]_i_3/O
                         net (fo=2, routed)           3.767     9.318    HINT_APPLIER/hint_addr[563]_i_3_n_0
    SLICE_X115Y16        LUT3 (Prop_lut3_I2_O)        0.150     9.468 r  HINT_APPLIER/hint_addr[547]_i_2/O
                         net (fo=2, routed)           3.522    12.990    HINT_APPLIER/hint_addr[547]_i_2_n_0
    SLICE_X51Y16         LUT5 (Prop_lut5_I2_O)        0.326    13.316 r  HINT_APPLIER/hint_addr[539]_i_1/O
                         net (fo=1, routed)           0.000    13.316    HINT_APPLIER/hint_addr[539]_i_1_n_0
    SLICE_X51Y16         FDRE                                         r  HINT_APPLIER/hint_addr_reg[539]/D
  -------------------------------------------------------------------    -------------------

                         (clock clk rise edge)       12.570    12.570 r  
                                                      0.000    12.570 r  clk (IN)
                         net (fo=31948, unset)        0.924    13.494    HINT_APPLIER/clk
    SLICE_X51Y16         FDRE                                         r  HINT_APPLIER/hint_addr_reg[539]/C
                         clock pessimism              0.000    13.494    
                         clock uncertainty           -0.035    13.459    
    SLICE_X51Y16         FDRE (Setup_fdre_C_D)        0.029    13.488    HINT_APPLIER/hint_addr_reg[539]
  -------------------------------------------------------------------
                         required time                         13.488    
                         arrival time                         -13.316    
  -------------------------------------------------------------------
                         slack                                  0.172    





Min Delay Paths
--------------------------------------------------------------------------------------
Slack (MET) :             0.036ns  (arrival time - required time)
  Source:                 C_reg[31]/C
                            (rising edge-triggered cell FDRE clocked by clk  {rise@0.000ns fall@6.285ns period=12.570ns})
  Destination:            C_reg[159]_srl2/D
                            (rising edge-triggered cell SRL16E clocked by clk  {rise@0.000ns fall@6.285ns period=12.570ns})
  Path Group:             clk
  Path Type:              Hold (Min at Fast Process Corner)
  Requirement:            0.000ns  (clk rise@0.000ns - clk rise@0.000ns)
  Data Path Delay:        0.241ns  (logic 0.141ns (58.505%)  route 0.100ns (41.495%))
  Logic Levels:           0  
  Clock Path Skew:        0.022ns (DCD - SCD - CPR)
    Destination Clock Delay (DCD):    0.432ns
    Source Clock Delay      (SCD):    0.410ns
    Clock Pessimism Removal (CPR):    -0.000ns

    Location             Delay type                Incr(ns)  Path(ns)    Netlist Resource(s)
  -------------------------------------------------------------------    -------------------
                         (clock clk rise edge)        0.000     0.000 r  
                                                      0.000     0.000 r  clk (IN)
                         net (fo=31948, unset)        0.410     0.410    clk
    SLICE_X115Y142       FDRE                                         r  C_reg[31]/C
  -------------------------------------------------------------------    -------------------
    SLICE_X115Y142       FDRE (Prop_fdre_C_Q)         0.141     0.551 r  C_reg[31]/Q
                         net (fo=1, routed)           0.100     0.651    C_reg_n_0_[31]
    SLICE_X112Y141       SRL16E                                       r  C_reg[159]_srl2/D
  -------------------------------------------------------------------    -------------------

                         (clock clk rise edge)        0.000     0.000 r  
                                                      0.000     0.000 r  clk (IN)
                         net (fo=31948, unset)        0.432     0.432    clk
    SLICE_X112Y141       SRL16E                                       r  C_reg[159]_srl2/CLK
                         clock pessimism              0.000     0.432    
    SLICE_X112Y141       SRL16E (Hold_srl16e_CLK_D)
                                                      0.183     0.615    C_reg[159]_srl2
  -------------------------------------------------------------------
                         required time                         -0.615    
                         arrival time                           0.651    
  -------------------------------------------------------------------
                         slack                                  0.036    





Pulse Width Checks
--------------------------------------------------------------------------------------
Clock Name:         clk
Waveform(ns):       { 0.000 6.285 }
Period(ns):         12.570
Sources:            { clk }

Check Type        Corner  Lib Pin             Reference Pin  Required(ns)  Actual(ns)  Slack(ns)  Location        Pin
Min Period        n/a     RAMB36E1/CLKARDCLK  n/a            2.944         12.570      9.626      RAMB36_X8Y14    BRAM_0/ram_reg_0/CLKARDCLK
Low Pulse Width   Slow    RAMD32/CLK          n/a            1.250         6.285       5.035      SLICE_X128Y131  ENCODER/fifo_reg_0_3_0_5/RAMA/CLK
High Pulse Width  Slow    RAMD32/CLK          n/a            1.250         6.285       5.035      SLICE_X128Y131  ENCODER/fifo_reg_0_3_0_5/RAMA/CLK



