Copyright 1986-2022 Xilinx, Inc. All Rights Reserved. Copyright 2022-2025 Advanced Micro Devices, Inc. All Rights Reserved.
---------------------------------------------------------------------------------------------------------------------------------------------
| Tool Version : Vivado v.2025.2 (lin64) Build 6299465 Fri Nov 14 12:34:56 MST 2025
| Date         : Mon Aug  3 18:56:36 2026
| Host         : MSI running 64-bit Ubuntu 26.04 LTS
| Command      : report_timing_summary -file /tmp/fsrch_chipv2_mldsa_baseline_1244_14.12.rpt
| Design       : combined_top
| Device       : 7a200t-fbg676
| Speed File   : -1  PRODUCTION 1.23 2018-06-13
| Design State : Routed
---------------------------------------------------------------------------------------------------------------------------------------------

Timing Summary Report

------------------------------------------------------------------------------------------------
| Timer Settings
| --------------
------------------------------------------------------------------------------------------------

  Enable Multi Corner Analysis               :  Yes
  Enable Pessimism Removal                   :  Yes
  Pessimism Removal Resolution               :  Nearest Common Node
  Enable Input Delay Default Clock           :  No
  Enable Preset / Clear Arcs                 :  No
  Disable Flight Delays                      :  No
  Ignore I/O Paths                           :  No
  Timing Early Launch at Borrowing Latches   :  No
  Borrow Time for Max Delay Exceptions       :  Yes
  Merge Timing Exceptions                    :  Yes
  Inter-SLR Compensation                     :  Conservative

  Corner  Analyze    Analyze    
  Name    Max Paths  Min Paths  
  ------  ---------  ---------  
  Slow    Yes        Yes        
  Fast    Yes        Yes        


------------------------------------------------------------------------------------------------
| Report Methodology
| ------------------
------------------------------------------------------------------------------------------------

No report available as report_methodology has not been run prior. Run report_methodology on the current design for the summary of methodology violations.



check_timing report

Table of Contents
-----------------
1. checking no_clock (198)
2. checking constant_clock (0)
3. checking pulse_width_clock (0)
4. checking unconstrained_internal_endpoints (66)
5. checking no_input_delay (73)
6. checking no_output_delay (66)
7. checking multiple_clock (0)
8. checking generated_clocks (0)
9. checking loops (0)
10. checking partial_input_delay (0)
11. checking partial_output_delay (0)
12. checking latch_loops (0)

1. checking no_clock (198)
--------------------------
 There are 66 register/latch pins with no clock driven by root clock pin: sec_lvl[0] (HIGH)

 There are 66 register/latch pins with no clock driven by root clock pin: sec_lvl[1] (HIGH)

 There are 66 register/latch pins with no clock driven by root clock pin: sec_lvl[2] (HIGH)


2. checking constant_clock (0)
------------------------------
 There are 0 register/latch pins with constant_clock.


3. checking pulse_width_clock (0)
---------------------------------
 There are 0 register/latch pins which need pulse_width check


4. checking unconstrained_internal_endpoints (66)
-------------------------------------------------
 There are 66 pins that are not constrained for maximum delay. (HIGH)

 There are 0 pins that are not constrained for maximum delay due to constant clock.


5. checking no_input_delay (73)
-------------------------------
 There are 73 input ports with no input delay specified. (HIGH)

 There are 0 input ports with no input delay but user has a false path constraint.


6. checking no_output_delay (66)
--------------------------------
 There are 66 ports with no output delay specified. (HIGH)

 There are 0 ports with no output delay but user has a false path constraint

 There are 0 ports with no output delay but with a timing clock defined on it or propagating through it


7. checking multiple_clock (0)
------------------------------
 There are 0 register/latch pins with multiple clocks.


8. checking generated_clocks (0)
--------------------------------
 There are 0 generated clocks that are not connected to a clock source.


9. checking loops (0)
---------------------
 There are 0 combinational loops in the design.


10. checking partial_input_delay (0)
------------------------------------
 There are 0 input ports with partial input delay specified.


11. checking partial_output_delay (0)
-------------------------------------
 There are 0 ports with partial output delay specified.


12. checking latch_loops (0)
----------------------------
 There are 0 combinational latch loops in the design through latch input



------------------------------------------------------------------------------------------------
| Design Timing Summary
| ---------------------
------------------------------------------------------------------------------------------------

    WNS(ns)      TNS(ns)  TNS Failing Endpoints  TNS Total Endpoints      WHS(ns)      THS(ns)  THS Failing Endpoints  THS Total Endpoints     WPWS(ns)     TPWS(ns)  TPWS Failing Endpoints  TPWS Total Endpoints  
    -------      -------  ---------------------  -------------------      -------      -------  ---------------------  -------------------     --------     --------  ----------------------  --------------------  
     -0.274       -1.130                     11                67069        0.036        0.000                      0                67069        6.080        0.000                       0                 30844  


Timing constraints are not met.


------------------------------------------------------------------------------------------------
| Clock Summary
| -------------
------------------------------------------------------------------------------------------------

Clock  Waveform(ns)       Period(ns)      Frequency(MHz)
-----  ------------       ----------      --------------
clk    {0.000 7.060}      14.120          70.822          


------------------------------------------------------------------------------------------------
| Intra Clock Table
| -----------------
------------------------------------------------------------------------------------------------

Clock             WNS(ns)      TNS(ns)  TNS Failing Endpoints  TNS Total Endpoints      WHS(ns)      THS(ns)  THS Failing Endpoints  THS Total Endpoints     WPWS(ns)     TPWS(ns)  TPWS Failing Endpoints  TPWS Total Endpoints  
-----             -------      -------  ---------------------  -------------------      -------      -------  ---------------------  -------------------     --------     --------  ----------------------  --------------------  
clk                -0.274       -1.130                     11                67069        0.036        0.000                      0                67069        6.080        0.000                       0                 30844  


------------------------------------------------------------------------------------------------
| Inter Clock Table
| -----------------
------------------------------------------------------------------------------------------------

From Clock    To Clock          WNS(ns)      TNS(ns)  TNS Failing Endpoints  TNS Total Endpoints      WHS(ns)      THS(ns)  THS Failing Endpoints  THS Total Endpoints  
----------    --------          -------      -------  ---------------------  -------------------      -------      -------  ---------------------  -------------------  


------------------------------------------------------------------------------------------------
| Other Path Groups Table
| -----------------------
------------------------------------------------------------------------------------------------

Path Group    From Clock    To Clock          WNS(ns)      TNS(ns)  TNS Failing Endpoints  TNS Total Endpoints      WHS(ns)      THS(ns)  THS Failing Endpoints  THS Total Endpoints  
----------    ----------    --------          -------      -------  ---------------------  -------------------      -------      -------  ---------------------  -------------------  


------------------------------------------------------------------------------------------------
| Timing Details
| --------------
------------------------------------------------------------------------------------------------


---------------------------------------------------------------------------------------------------
From Clock:  clk
  To Clock:  clk

Setup :           11  Failing Endpoints,  Worst Slack       -0.274ns,  Total Violation       -1.130ns
Hold  :            0  Failing Endpoints,  Worst Slack        0.036ns,  Total Violation        0.000ns
PW    :            0  Failing Endpoints,  Worst Slack        6.080ns,  Total Violation        0.000ns
---------------------------------------------------------------------------------------------------


Max Delay Paths
--------------------------------------------------------------------------------------
Slack (VIOLATED) :        -0.274ns  (required time - arrival time)
  Source:                 ctr0_reg[6]/C
                            (rising edge-triggered cell FDRE clocked by clk  {rise@0.000ns fall@7.060ns period=14.120ns})
  Destination:            ENCODER/PISO_reg[221]/D
                            (rising edge-triggered cell FDRE clocked by clk  {rise@0.000ns fall@7.060ns period=14.120ns})
  Path Group:             clk
  Path Type:              Setup (Max at Slow Process Corner)
  Requirement:            14.120ns  (clk rise@14.120ns - clk rise@0.000ns)
  Data Path Delay:        14.342ns  (logic 4.088ns (28.503%)  route 10.254ns (71.497%))
  Logic Levels:           20  (CARRY4=4 LUT3=3 LUT4=1 LUT5=3 LUT6=9)
  Clock Path Skew:        -0.049ns (DCD - SCD + CPR)
    Destination Clock Delay (DCD):    0.924ns = ( 15.044 - 14.120 ) 
    Source Clock Delay      (SCD):    0.973ns
    Clock Pessimism Removal (CPR):    0.000ns
  Clock Uncertainty:      0.035ns  ((TSJ^2 + TIJ^2)^1/2 + DJ) / 2 + PE
    Total System Jitter     (TSJ):    0.071ns
    Total Input Jitter      (TIJ):    0.000ns
    Discrete Jitter          (DJ):    0.000ns
    Phase Error              (PE):    0.000ns

    Location             Delay type                Incr(ns)  Path(ns)    Netlist Resource(s)
  -------------------------------------------------------------------    -------------------
                         (clock clk rise edge)        0.000     0.000 r  
                                                      0.000     0.000 r  clk (IN)
                         net (fo=30859, unset)        0.973     0.973    clk
    SLICE_X118Y115       FDRE                                         r  ctr0_reg[6]/C
  -------------------------------------------------------------------    -------------------
    SLICE_X118Y115       FDRE (Prop_fdre_C_Q)         0.419     1.392 f  ctr0_reg[6]/Q
                         net (fo=18, routed)          0.624     2.016    genblk1[2].KECCAK/datapath_gen/in_buf/MU_reg[0][6]
    SLICE_X119Y115       LUT4 (Prop_lut4_I0_O)        0.297     2.313 r  genblk1[2].KECCAK/datapath_gen/in_buf/ready_i_INST_0_i_92/O
                         net (fo=1, routed)           0.338     2.651    genblk1[2].KECCAK/datapath_gen/in_buf/ready_i_INST_0_i_92_n_0
    SLICE_X118Y117       CARRY4 (Prop_carry4_DI[0]_CO[3])
                                                      0.526     3.177 r  genblk1[2].KECCAK/datapath_gen/in_buf/ready_i_INST_0_i_79/CO[3]
                         net (fo=1, routed)           0.000     3.177    genblk1[2].KECCAK/datapath_gen/in_buf/ready_i_INST_0_i_79_n_0
    SLICE_X118Y118       CARRY4 (Prop_carry4_CI_CO[3])
                                                      0.114     3.291 r  genblk1[2].KECCAK/datapath_gen/in_buf/ready_i_INST_0_i_70/CO[3]
                         net (fo=1, routed)           0.000     3.291    genblk1[2].KECCAK/datapath_gen/in_buf/ready_i_INST_0_i_70_n_0
    SLICE_X118Y119       CARRY4 (Prop_carry4_CI_CO[3])
                                                      0.114     3.405 r  genblk1[2].KECCAK/datapath_gen/in_buf/ready_i_INST_0_i_47/CO[3]
                         net (fo=2, routed)           1.405     4.810    genblk1[2].KECCAK/datapath_gen/in_buf/mlen_PLUS80_reg[31][0]
    SLICE_X119Y116       LUT6 (Prop_lut6_I2_O)        0.124     4.934 r  genblk1[2].KECCAK/datapath_gen/in_buf/FSM_sequential_cstate_fsm1[1]_i_23/O
                         net (fo=1, routed)           0.774     5.708    DECODER/FSM_sequential_cstate_fsm1[1]_i_7__1
    SLICE_X114Y111       LUT6 (Prop_lut6_I0_O)        0.124     5.832 r  DECODER/FSM_sequential_cstate_fsm1[1]_i_15/O
                         net (fo=1, routed)           0.445     6.277    ENCODER/rho[63]_i_5_1
    SLICE_X123Y111       LUT6 (Prop_lut6_I4_O)        0.124     6.401 f  ENCODER/FSM_sequential_cstate_fsm1[1]_i_7__1/O
                         net (fo=2, routed)           0.418     6.818    ENCODER/src_ready_fsm
    SLICE_X125Y110       LUT3 (Prop_lut3_I0_O)        0.124     6.942 f  ENCODER/FSM_sequential_cstate_fsm1[1]_i_3__0/O
                         net (fo=63, routed)          0.275     7.217    genblk1[2].KECCAK/control_gen/fsm1_gen/sr_full_block/FSM_sequential_cstate_fsm1_reg[1]
    SLICE_X125Y110       LUT6 (Prop_lut6_I4_O)        0.124     7.341 r  genblk1[2].KECCAK/control_gen/fsm1_gen/sr_full_block/ready_i_INST_0_i_16/O
                         net (fo=146, routed)         0.281     7.622    genblk1[2].KECCAK/control_gen/fsm1_gen/sr_full_block/output_s_reg_0
    SLICE_X125Y110       LUT5 (Prop_lut5_I2_O)        0.124     7.746 r  genblk1[2].KECCAK/control_gen/fsm1_gen/sr_full_block/FSM_sequential_cstate[3]_i_6/O
                         net (fo=18, routed)          0.629     8.375    CHALLENGE_SAMPLER/src_read_c
    SLICE_X126Y114       LUT6 (Prop_lut6_I0_O)        0.124     8.499 r  CHALLENGE_SAMPLER/ready_i_INST_0_i_18/O
                         net (fo=5, routed)           0.201     8.700    CHALLENGE_SAMPLER/ready_i_c
    SLICE_X126Y114       LUT6 (Prop_lut6_I0_O)        0.124     8.824 r  CHALLENGE_SAMPLER/PISO[255]_i_8/O
                         net (fo=2, routed)           0.326     9.150    ENCODER/ready_o_enc
    SLICE_X128Y114       LUT5 (Prop_lut5_I4_O)        0.124     9.274 r  ENCODER/PISO[255]_i_3_replica/O
                         net (fo=3, routed)           0.423     9.697    ENCODER/PISO[255]_i_3_n_0_repN
    SLICE_X131Y113       LUT3 (Prop_lut3_I0_O)        0.124     9.821 r  ENCODER/piso_len[9]_i_17/O
                         net (fo=1, routed)           0.000     9.821    ENCODER/piso_len[9]_i_17_n_0
    SLICE_X131Y113       CARRY4 (Prop_carry4_S[1]_O[2])
                                                      0.580    10.401 f  ENCODER/piso_len_reg[9]_i_6/O[2]
                         net (fo=54, routed)          0.763    11.164    ENCODER/piso_len1[8]
    SLICE_X134Y113       LUT3 (Prop_lut3_I1_O)        0.302    11.466 r  ENCODER/PISO[253]_i_13/O
                         net (fo=62, routed)          1.485    12.951    ENCODER/PISO[253]_i_13_n_0
    SLICE_X143Y118       LUT6 (Prop_lut6_I5_O)        0.124    13.075 r  ENCODER/PISO[221]_i_4/O
                         net (fo=4, routed)           0.822    13.898    ENCODER/PISO[221]_i_4_n_0
    SLICE_X143Y116       LUT6 (Prop_lut6_I0_O)        0.124    14.022 r  ENCODER/PISO[221]_i_3/O
                         net (fo=2, routed)           0.602    14.623    ENCODER/PISO[221]_i_3_n_0
    SLICE_X142Y115       LUT6 (Prop_lut6_I2_O)        0.124    14.747 r  ENCODER/PISO[221]_i_2/O
                         net (fo=2, routed)           0.444    15.191    ENCODER/PISO[221]_i_2_n_0
    SLICE_X143Y114       LUT5 (Prop_lut5_I2_O)        0.124    15.315 r  ENCODER/PISO[221]_i_1/O
                         net (fo=1, routed)           0.000    15.315    ENCODER/p_1_in[221]
    SLICE_X143Y114       FDRE                                         r  ENCODER/PISO_reg[221]/D
  -------------------------------------------------------------------    -------------------

                         (clock clk rise edge)       14.120    14.120 r  
                                                      0.000    14.120 r  clk (IN)
                         net (fo=30859, unset)        0.924    15.044    ENCODER/clk
    SLICE_X143Y114       FDRE                                         r  ENCODER/PISO_reg[221]/C
                         clock pessimism              0.000    15.044    
                         clock uncertainty           -0.035    15.009    
    SLICE_X143Y114       FDRE (Setup_fdre_C_D)        0.032    15.041    ENCODER/PISO_reg[221]
  -------------------------------------------------------------------
                         required time                         15.041    
                         arrival time                         -15.315    
  -------------------------------------------------------------------
                         slack                                 -0.274    





Min Delay Paths
--------------------------------------------------------------------------------------
Slack (MET) :             0.036ns  (arrival time - required time)
  Source:                 GEN_Y/SAMPLER_Y/SEED_SIPO_reg[15]/C
                            (rising edge-triggered cell FDRE clocked by clk  {rise@0.000ns fall@7.060ns period=14.120ns})
  Destination:            GEN_Y/SAMPLER_Y/SEED_SIPO_reg[399]_srl6/D
                            (rising edge-triggered cell SRL16E clocked by clk  {rise@0.000ns fall@7.060ns period=14.120ns})
  Path Group:             clk
  Path Type:              Hold (Min at Fast Process Corner)
  Requirement:            0.000ns  (clk rise@0.000ns - clk rise@0.000ns)
  Data Path Delay:        0.241ns  (logic 0.141ns (58.505%)  route 0.100ns (41.495%))
  Logic Levels:           0  
  Clock Path Skew:        0.022ns (DCD - SCD - CPR)
    Destination Clock Delay (DCD):    0.432ns
    Source Clock Delay      (SCD):    0.410ns
    Clock Pessimism Removal (CPR):    -0.000ns

    Location             Delay type                Incr(ns)  Path(ns)    Netlist Resource(s)
  -------------------------------------------------------------------    -------------------
                         (clock clk rise edge)        0.000     0.000 r  
                                                      0.000     0.000 r  clk (IN)
                         net (fo=30859, unset)        0.410     0.410    GEN_Y/SAMPLER_Y/clk
    SLICE_X147Y122       FDRE                                         r  GEN_Y/SAMPLER_Y/SEED_SIPO_reg[15]/C
  -------------------------------------------------------------------    -------------------
    SLICE_X147Y122       FDRE (Prop_fdre_C_Q)         0.141     0.551 r  GEN_Y/SAMPLER_Y/SEED_SIPO_reg[15]/Q
                         net (fo=1, routed)           0.100     0.651    GEN_Y/SAMPLER_Y/in5[79]
    SLICE_X144Y121       SRL16E                                       r  GEN_Y/SAMPLER_Y/SEED_SIPO_reg[399]_srl6/D
  -------------------------------------------------------------------    -------------------

                         (clock clk rise edge)        0.000     0.000 r  
                                                      0.000     0.000 r  clk (IN)
                         net (fo=30859, unset)        0.432     0.432    GEN_Y/SAMPLER_Y/clk
    SLICE_X144Y121       SRL16E                                       r  GEN_Y/SAMPLER_Y/SEED_SIPO_reg[399]_srl6/CLK
                         clock pessimism              0.000     0.432    
    SLICE_X144Y121       SRL16E (Hold_srl16e_CLK_D)
                                                      0.183     0.615    GEN_Y/SAMPLER_Y/SEED_SIPO_reg[399]_srl6
  -------------------------------------------------------------------
                         required time                         -0.615    
                         arrival time                           0.651    
  -------------------------------------------------------------------
                         slack                                  0.036    





Pulse Width Checks
--------------------------------------------------------------------------------------
Clock Name:         clk
Waveform(ns):       { 0.000 7.060 }
Period(ns):         14.120
Sources:            { clk }

Check Type        Corner  Lib Pin             Reference Pin  Required(ns)  Actual(ns)  Slack(ns)  Location        Pin
Min Period        n/a     RAMB36E1/CLKARDCLK  n/a            2.944         14.120      11.176     RAMB36_X1Y19    BRAM_0/ram_reg_0/CLKARDCLK
Low Pulse Width   Slow    SRL16E/CLK          n/a            0.980         7.060       6.080      SLICE_X132Y131  C_reg[128]_srl2/CLK
High Pulse Width  Slow    SRL16E/CLK          n/a            0.980         7.060       6.080      SLICE_X132Y131  C_reg[128]_srl2/CLK



