Copyright 1986-2022 Xilinx, Inc. All Rights Reserved. Copyright 2022-2025 Advanced Micro Devices, Inc. All Rights Reserved.
---------------------------------------------------------------------------------------------------------------------------------------------
| Tool Version : Vivado v.2025.2 (lin64) Build 6299465 Fri Nov 14 12:34:56 MST 2025
| Date         : Mon Aug  3 20:01:07 2026
| Host         : MSI running 64-bit Ubuntu 26.04 LTS
| Command      : report_timing_summary -file /tmp/fsrch_chipv2_mldsa_5372_12.43.rpt
| Design       : combined_top
| Device       : 7a200t-fbg676
| Speed File   : -1  PRODUCTION 1.23 2018-06-13
| Design State : Routed
---------------------------------------------------------------------------------------------------------------------------------------------

Timing Summary Report

------------------------------------------------------------------------------------------------
| Timer Settings
| --------------
------------------------------------------------------------------------------------------------

  Enable Multi Corner Analysis               :  Yes
  Enable Pessimism Removal                   :  Yes
  Pessimism Removal Resolution               :  Nearest Common Node
  Enable Input Delay Default Clock           :  No
  Enable Preset / Clear Arcs                 :  No
  Disable Flight Delays                      :  No
  Ignore I/O Paths                           :  No
  Timing Early Launch at Borrowing Latches   :  No
  Borrow Time for Max Delay Exceptions       :  Yes
  Merge Timing Exceptions                    :  Yes
  Inter-SLR Compensation                     :  Conservative

  Corner  Analyze    Analyze    
  Name    Max Paths  Min Paths  
  ------  ---------  ---------  
  Slow    Yes        Yes        
  Fast    Yes        Yes        


------------------------------------------------------------------------------------------------
| Report Methodology
| ------------------
------------------------------------------------------------------------------------------------

No report available as report_methodology has not been run prior. Run report_methodology on the current design for the summary of methodology violations.



check_timing report

Table of Contents
-----------------
1. checking no_clock (198)
2. checking constant_clock (0)
3. checking pulse_width_clock (0)
4. checking unconstrained_internal_endpoints (66)
5. checking no_input_delay (73)
6. checking no_output_delay (66)
7. checking multiple_clock (0)
8. checking generated_clocks (0)
9. checking loops (0)
10. checking partial_input_delay (0)
11. checking partial_output_delay (0)
12. checking latch_loops (0)

1. checking no_clock (198)
--------------------------
 There are 66 register/latch pins with no clock driven by root clock pin: sec_lvl[0] (HIGH)

 There are 66 register/latch pins with no clock driven by root clock pin: sec_lvl[1] (HIGH)

 There are 66 register/latch pins with no clock driven by root clock pin: sec_lvl[2] (HIGH)


2. checking constant_clock (0)
------------------------------
 There are 0 register/latch pins with constant_clock.


3. checking pulse_width_clock (0)
---------------------------------
 There are 0 register/latch pins which need pulse_width check


4. checking unconstrained_internal_endpoints (66)
-------------------------------------------------
 There are 66 pins that are not constrained for maximum delay. (HIGH)

 There are 0 pins that are not constrained for maximum delay due to constant clock.


5. checking no_input_delay (73)
-------------------------------
 There are 73 input ports with no input delay specified. (HIGH)

 There are 0 input ports with no input delay but user has a false path constraint.


6. checking no_output_delay (66)
--------------------------------
 There are 66 ports with no output delay specified. (HIGH)

 There are 0 ports with no output delay but user has a false path constraint

 There are 0 ports with no output delay but with a timing clock defined on it or propagating through it


7. checking multiple_clock (0)
------------------------------
 There are 0 register/latch pins with multiple clocks.


8. checking generated_clocks (0)
--------------------------------
 There are 0 generated clocks that are not connected to a clock source.


9. checking loops (0)
---------------------
 There are 0 combinational loops in the design.


10. checking partial_input_delay (0)
------------------------------------
 There are 0 input ports with partial input delay specified.


11. checking partial_output_delay (0)
-------------------------------------
 There are 0 ports with partial output delay specified.


12. checking latch_loops (0)
----------------------------
 There are 0 combinational latch loops in the design through latch input



------------------------------------------------------------------------------------------------
| Design Timing Summary
| ---------------------
------------------------------------------------------------------------------------------------

    WNS(ns)      TNS(ns)  TNS Failing Endpoints  TNS Total Endpoints      WHS(ns)      THS(ns)  THS Failing Endpoints  THS Total Endpoints     WPWS(ns)     TPWS(ns)  TPWS Failing Endpoints  TPWS Total Endpoints  
    -------      -------  ---------------------  -------------------      -------      -------  ---------------------  -------------------     --------     --------  ----------------------  --------------------  
      0.029        0.000                      0                68959        0.039        0.000                      0                68959        4.965        0.000                       0                 31941  


All user specified timing constraints are met.


------------------------------------------------------------------------------------------------
| Clock Summary
| -------------
------------------------------------------------------------------------------------------------

Clock  Waveform(ns)       Period(ns)      Frequency(MHz)
-----  ------------       ----------      --------------
clk    {0.000 6.215}      12.430          80.451          


------------------------------------------------------------------------------------------------
| Intra Clock Table
| -----------------
------------------------------------------------------------------------------------------------

Clock             WNS(ns)      TNS(ns)  TNS Failing Endpoints  TNS Total Endpoints      WHS(ns)      THS(ns)  THS Failing Endpoints  THS Total Endpoints     WPWS(ns)     TPWS(ns)  TPWS Failing Endpoints  TPWS Total Endpoints  
-----             -------      -------  ---------------------  -------------------      -------      -------  ---------------------  -------------------     --------     --------  ----------------------  --------------------  
clk                 0.029        0.000                      0                68959        0.039        0.000                      0                68959        4.965        0.000                       0                 31941  


------------------------------------------------------------------------------------------------
| Inter Clock Table
| -----------------
------------------------------------------------------------------------------------------------

From Clock    To Clock          WNS(ns)      TNS(ns)  TNS Failing Endpoints  TNS Total Endpoints      WHS(ns)      THS(ns)  THS Failing Endpoints  THS Total Endpoints  
----------    --------          -------      -------  ---------------------  -------------------      -------      -------  ---------------------  -------------------  


------------------------------------------------------------------------------------------------
| Other Path Groups Table
| -----------------------
------------------------------------------------------------------------------------------------

Path Group    From Clock    To Clock          WNS(ns)      TNS(ns)  TNS Failing Endpoints  TNS Total Endpoints      WHS(ns)      THS(ns)  THS Failing Endpoints  THS Total Endpoints  
----------    ----------    --------          -------      -------  ---------------------  -------------------      -------      -------  ---------------------  -------------------  


------------------------------------------------------------------------------------------------
| Timing Details
| --------------
------------------------------------------------------------------------------------------------


---------------------------------------------------------------------------------------------------
From Clock:  clk
  To Clock:  clk

Setup :            0  Failing Endpoints,  Worst Slack        0.029ns,  Total Violation        0.000ns
Hold  :            0  Failing Endpoints,  Worst Slack        0.039ns,  Total Violation        0.000ns
PW    :            0  Failing Endpoints,  Worst Slack        4.965ns,  Total Violation        0.000ns
---------------------------------------------------------------------------------------------------


Max Delay Paths
--------------------------------------------------------------------------------------
Slack (MET) :             0.029ns  (required time - arrival time)
  Source:                 ctr0_reg[1]/C
                            (rising edge-triggered cell FDRE clocked by clk  {rise@0.000ns fall@6.215ns period=12.430ns})
  Destination:            CHALLENGE_SAMPLER/C_SIPO_reg[426]/R
                            (rising edge-triggered cell FDRE clocked by clk  {rise@0.000ns fall@6.215ns period=12.430ns})
  Path Group:             clk
  Path Type:              Setup (Max at Slow Process Corner)
  Requirement:            12.430ns  (clk rise@12.430ns - clk rise@0.000ns)
  Data Path Delay:        11.793ns  (logic 2.746ns (23.286%)  route 9.047ns (76.714%))
  Logic Levels:           16  (CARRY4=4 LUT2=1 LUT3=1 LUT4=1 LUT5=1 LUT6=8)
  Clock Path Skew:        -0.049ns (DCD - SCD + CPR)
    Destination Clock Delay (DCD):    0.924ns = ( 13.354 - 12.430 ) 
    Source Clock Delay      (SCD):    0.973ns
    Clock Pessimism Removal (CPR):    0.000ns
  Clock Uncertainty:      0.035ns  ((TSJ^2 + TIJ^2)^1/2 + DJ) / 2 + PE
    Total System Jitter     (TSJ):    0.071ns
    Total Input Jitter      (TIJ):    0.000ns
    Discrete Jitter          (DJ):    0.000ns
    Phase Error              (PE):    0.000ns

    Location             Delay type                Incr(ns)  Path(ns)    Netlist Resource(s)
  -------------------------------------------------------------------    -------------------
                         (clock clk rise edge)        0.000     0.000 r  
                                                      0.000     0.000 r  clk (IN)
                         net (fo=31948, unset)        0.973     0.973    clk
    SLICE_X94Y125        FDRE                                         r  ctr0_reg[1]/C
  -------------------------------------------------------------------    -------------------
    SLICE_X94Y125        FDRE (Prop_fdre_C_Q)         0.518     1.491 r  ctr0_reg[1]/Q
                         net (fo=24, routed)          0.890     2.381    genblk1[2].KECCAK/datapath_gen/in_buf/ctr0[0]_i_6_0[1]
    SLICE_X97Y125        LUT4 (Prop_lut4_I1_O)        0.124     2.505 r  genblk1[2].KECCAK/datapath_gen/in_buf/ready_i_INST_0_i_91/O
                         net (fo=1, routed)           0.000     2.505    genblk1[2].KECCAK/datapath_gen/in_buf/ready_i_INST_0_i_91_n_0
    SLICE_X97Y125        CARRY4 (Prop_carry4_S[2]_CO[3])
                                                      0.398     2.903 r  genblk1[2].KECCAK/datapath_gen/in_buf/ready_i_INST_0_i_77/CO[3]
                         net (fo=1, routed)           0.000     2.903    genblk1[2].KECCAK/datapath_gen/in_buf/ready_i_INST_0_i_77_n_0
    SLICE_X97Y126        CARRY4 (Prop_carry4_CI_CO[3])
                                                      0.114     3.017 r  genblk1[2].KECCAK/datapath_gen/in_buf/ready_i_INST_0_i_68/CO[3]
                         net (fo=1, routed)           0.000     3.017    genblk1[2].KECCAK/datapath_gen/in_buf/ready_i_INST_0_i_68_n_0
    SLICE_X97Y127        CARRY4 (Prop_carry4_CI_CO[3])
                                                      0.114     3.131 r  genblk1[2].KECCAK/datapath_gen/in_buf/ready_i_INST_0_i_59/CO[3]
                         net (fo=1, routed)           0.000     3.131    genblk1[2].KECCAK/datapath_gen/in_buf/ready_i_INST_0_i_59_n_0
    SLICE_X97Y128        CARRY4 (Prop_carry4_CI_CO[3])
                                                      0.114     3.245 r  genblk1[2].KECCAK/datapath_gen/in_buf/ready_i_INST_0_i_43/CO[3]
                         net (fo=2, routed)           1.012     4.257    genblk1[2].KECCAK/datapath_gen/in_buf/O4
    SLICE_X100Y122       LUT6 (Prop_lut6_I1_O)        0.124     4.381 f  genblk1[2].KECCAK/datapath_gen/in_buf/rho[63]_i_22/O
                         net (fo=1, routed)           0.702     5.083    DECODER/rho[63]_i_7_2
    SLICE_X96Y126        LUT6 (Prop_lut6_I5_O)        0.124     5.207 r  DECODER/rho[63]_i_16/O
                         net (fo=1, routed)           0.423     5.630    CHALLENGE_SAMPLER/rho[63]_i_3_1
    SLICE_X96Y127        LUT6 (Prop_lut6_I4_O)        0.124     5.754 f  CHALLENGE_SAMPLER/rho[63]_i_7/O
                         net (fo=1, routed)           0.320     6.074    SECRET_SAMPLER/genblk2[0].SAMPLER_S/rho_reg[0]
    SLICE_X98Y128        LUT6 (Prop_lut6_I0_O)        0.124     6.198 f  SECRET_SAMPLER/genblk2[0].SAMPLER_S/rho[63]_i_3/O
                         net (fo=4, routed)           0.568     6.766    SECRET_SAMPLER/genblk2[0].SAMPLER_S/src_ready_fsm
    SLICE_X97Y131        LUT3 (Prop_lut3_I0_O)        0.124     6.890 f  SECRET_SAMPLER/genblk2[0].SAMPLER_S/FSM_sequential_cstate_fsm1[1]_i_3__0/O
                         net (fo=63, routed)          0.419     7.309    genblk1[2].KECCAK/control_gen/fsm1_gen/sr_full_block/FSM_sequential_cstate_fsm1_reg[1]
    SLICE_X97Y131        LUT6 (Prop_lut6_I4_O)        0.124     7.433 r  genblk1[2].KECCAK/control_gen/fsm1_gen/sr_full_block/SIPO_status[7]_i_3/O
                         net (fo=145, routed)         1.090     8.523    genblk1[1].KECCAK/control_gen/fsm1_gen/sr_full_block/src_read_2
    SLICE_X92Y139        LUT5 (Prop_lut5_I2_O)        0.124     8.647 r  genblk1[1].KECCAK/control_gen/fsm1_gen/sr_full_block/ctr[0]_i_4__0_replica_1/O
                         net (fo=2, routed)           0.624     9.271    CHALLENGE_SAMPLER/src_read_c_repN_1_alias
    SLICE_X92Y147        LUT6 (Prop_lut6_I0_O)        0.124     9.395 r  CHALLENGE_SAMPLER/C_SIPO[63]_i_15/O
                         net (fo=1, routed)           0.492     9.886    CHALLENGE_SAMPLER/C_SIPO[63]_i_15_n_0
    SLICE_X92Y147        LUT6 (Prop_lut6_I5_O)        0.124    10.010 r  CHALLENGE_SAMPLER/C_SIPO[63]_i_8/O
                         net (fo=1, routed)           0.861    10.871    CHALLENGE_SAMPLER/C_SIPO[63]_i_8_n_0
    SLICE_X93Y153        LUT6 (Prop_lut6_I5_O)        0.124    10.995 r  CHALLENGE_SAMPLER/C_SIPO[63]_i_1/O
                         net (fo=514, routed)         0.744    11.739    CHALLENGE_SAMPLER/C_SIPO[63]_i_1_n_0
    SLICE_X93Y154        LUT2 (Prop_lut2_I0_O)        0.124    11.863 r  CHALLENGE_SAMPLER/C_SIPO[511]_i_1/O
                         net (fo=128, routed)         0.902    12.766    CHALLENGE_SAMPLER/C_SIPO[511]_i_1_n_0
    SLICE_X96Y156        FDRE                                         r  CHALLENGE_SAMPLER/C_SIPO_reg[426]/R
  -------------------------------------------------------------------    -------------------

                         (clock clk rise edge)       12.430    12.430 r  
                                                      0.000    12.430 r  clk (IN)
                         net (fo=31948, unset)        0.924    13.354    CHALLENGE_SAMPLER/clk
    SLICE_X96Y156        FDRE                                         r  CHALLENGE_SAMPLER/C_SIPO_reg[426]/C
                         clock pessimism              0.000    13.354    
                         clock uncertainty           -0.035    13.319    
    SLICE_X96Y156        FDRE (Setup_fdre_C_R)       -0.524    12.795    CHALLENGE_SAMPLER/C_SIPO_reg[426]
  -------------------------------------------------------------------
                         required time                         12.795    
                         arrival time                         -12.766    
  -------------------------------------------------------------------
                         slack                                  0.029    





Min Delay Paths
--------------------------------------------------------------------------------------
Slack (MET) :             0.039ns  (arrival time - required time)
  Source:                 RHO_reg[47]/C
                            (rising edge-triggered cell FDRE clocked by clk  {rise@0.000ns fall@6.215ns period=12.430ns})
  Destination:            RHO_reg[175]_srl2/D
                            (rising edge-triggered cell SRL16E clocked by clk  {rise@0.000ns fall@6.215ns period=12.430ns})
  Path Group:             clk
  Path Type:              Hold (Min at Fast Process Corner)
  Requirement:            0.000ns  (clk rise@0.000ns - clk rise@0.000ns)
  Data Path Delay:        0.244ns  (logic 0.141ns (57.830%)  route 0.103ns (42.170%))
  Logic Levels:           0  
  Clock Path Skew:        0.022ns (DCD - SCD - CPR)
    Destination Clock Delay (DCD):    0.432ns
    Source Clock Delay      (SCD):    0.410ns
    Clock Pessimism Removal (CPR):    -0.000ns

    Location             Delay type                Incr(ns)  Path(ns)    Netlist Resource(s)
  -------------------------------------------------------------------    -------------------
                         (clock clk rise edge)        0.000     0.000 r  
                                                      0.000     0.000 r  clk (IN)
                         net (fo=31948, unset)        0.410     0.410    clk
    SLICE_X118Y138       FDRE                                         r  RHO_reg[47]/C
  -------------------------------------------------------------------    -------------------
    SLICE_X118Y138       FDRE (Prop_fdre_C_Q)         0.141     0.551 r  RHO_reg[47]/Q
                         net (fo=1, routed)           0.103     0.654    RHO_reg_n_0_[47]
    SLICE_X116Y138       SRL16E                                       r  RHO_reg[175]_srl2/D
  -------------------------------------------------------------------    -------------------

                         (clock clk rise edge)        0.000     0.000 r  
                                                      0.000     0.000 r  clk (IN)
                         net (fo=31948, unset)        0.432     0.432    clk
    SLICE_X116Y138       SRL16E                                       r  RHO_reg[175]_srl2/CLK
                         clock pessimism              0.000     0.432    
    SLICE_X116Y138       SRL16E (Hold_srl16e_CLK_D)
                                                      0.183     0.615    RHO_reg[175]_srl2
  -------------------------------------------------------------------
                         required time                         -0.615    
                         arrival time                           0.654    
  -------------------------------------------------------------------
                         slack                                  0.039    





Pulse Width Checks
--------------------------------------------------------------------------------------
Clock Name:         clk
Waveform(ns):       { 0.000 6.215 }
Period(ns):         12.430
Sources:            { clk }

Check Type        Corner  Lib Pin             Reference Pin  Required(ns)  Actual(ns)  Slack(ns)  Location       Pin
Min Period        n/a     RAMB36E1/CLKARDCLK  n/a            2.944         12.430      9.486      RAMB36_X8Y18   BRAM_0/ram_reg_0/CLKARDCLK
Low Pulse Width   Slow    RAMD32/CLK          n/a            1.250         6.215       4.965      SLICE_X80Y117  ENCODER/fifo_reg_0_3_0_5/RAMA/CLK
High Pulse Width  Slow    RAMD32/CLK          n/a            1.250         6.215       4.965      SLICE_X80Y117  ENCODER/fifo_reg_0_3_0_5/RAMA/CLK



