Copyright 1986-2022 Xilinx, Inc. All Rights Reserved. Copyright 2022-2025 Advanced Micro Devices, Inc. All Rights Reserved.
---------------------------------------------------------------------------------------------------------------------------------------------
| Tool Version : Vivado v.2025.2 (lin64) Build 6299465 Fri Nov 14 12:34:56 MST 2025
| Date         : Mon Aug  3 18:14:23 2026
| Host         : MSI running 64-bit Ubuntu 26.04 LTS
| Command      : report_timing_summary -file /tmp/fsrch_chipv2_mldsa_baseline_1244_15.0.rpt
| Design       : combined_top
| Device       : 7a200t-fbg676
| Speed File   : -1  PRODUCTION 1.23 2018-06-13
| Design State : Routed
---------------------------------------------------------------------------------------------------------------------------------------------

Timing Summary Report

------------------------------------------------------------------------------------------------
| Timer Settings
| --------------
------------------------------------------------------------------------------------------------

  Enable Multi Corner Analysis               :  Yes
  Enable Pessimism Removal                   :  Yes
  Pessimism Removal Resolution               :  Nearest Common Node
  Enable Input Delay Default Clock           :  No
  Enable Preset / Clear Arcs                 :  No
  Disable Flight Delays                      :  No
  Ignore I/O Paths                           :  No
  Timing Early Launch at Borrowing Latches   :  No
  Borrow Time for Max Delay Exceptions       :  Yes
  Merge Timing Exceptions                    :  Yes
  Inter-SLR Compensation                     :  Conservative

  Corner  Analyze    Analyze    
  Name    Max Paths  Min Paths  
  ------  ---------  ---------  
  Slow    Yes        Yes        
  Fast    Yes        Yes        


------------------------------------------------------------------------------------------------
| Report Methodology
| ------------------
------------------------------------------------------------------------------------------------

No report available as report_methodology has not been run prior. Run report_methodology on the current design for the summary of methodology violations.



check_timing report

Table of Contents
-----------------
1. checking no_clock (198)
2. checking constant_clock (0)
3. checking pulse_width_clock (0)
4. checking unconstrained_internal_endpoints (66)
5. checking no_input_delay (73)
6. checking no_output_delay (66)
7. checking multiple_clock (0)
8. checking generated_clocks (0)
9. checking loops (0)
10. checking partial_input_delay (0)
11. checking partial_output_delay (0)
12. checking latch_loops (0)

1. checking no_clock (198)
--------------------------
 There are 66 register/latch pins with no clock driven by root clock pin: sec_lvl[0] (HIGH)

 There are 66 register/latch pins with no clock driven by root clock pin: sec_lvl[1] (HIGH)

 There are 66 register/latch pins with no clock driven by root clock pin: sec_lvl[2] (HIGH)


2. checking constant_clock (0)
------------------------------
 There are 0 register/latch pins with constant_clock.


3. checking pulse_width_clock (0)
---------------------------------
 There are 0 register/latch pins which need pulse_width check


4. checking unconstrained_internal_endpoints (66)
-------------------------------------------------
 There are 66 pins that are not constrained for maximum delay. (HIGH)

 There are 0 pins that are not constrained for maximum delay due to constant clock.


5. checking no_input_delay (73)
-------------------------------
 There are 73 input ports with no input delay specified. (HIGH)

 There are 0 input ports with no input delay but user has a false path constraint.


6. checking no_output_delay (66)
--------------------------------
 There are 66 ports with no output delay specified. (HIGH)

 There are 0 ports with no output delay but user has a false path constraint

 There are 0 ports with no output delay but with a timing clock defined on it or propagating through it


7. checking multiple_clock (0)
------------------------------
 There are 0 register/latch pins with multiple clocks.


8. checking generated_clocks (0)
--------------------------------
 There are 0 generated clocks that are not connected to a clock source.


9. checking loops (0)
---------------------
 There are 0 combinational loops in the design.


10. checking partial_input_delay (0)
------------------------------------
 There are 0 input ports with partial input delay specified.


11. checking partial_output_delay (0)
-------------------------------------
 There are 0 ports with partial output delay specified.


12. checking latch_loops (0)
----------------------------
 There are 0 combinational latch loops in the design through latch input



------------------------------------------------------------------------------------------------
| Design Timing Summary
| ---------------------
------------------------------------------------------------------------------------------------

    WNS(ns)      TNS(ns)  TNS Failing Endpoints  TNS Total Endpoints      WHS(ns)      THS(ns)  THS Failing Endpoints  THS Total Endpoints     WPWS(ns)     TPWS(ns)  TPWS Failing Endpoints  TPWS Total Endpoints  
    -------      -------  ---------------------  -------------------      -------      -------  ---------------------  -------------------     --------     --------  ----------------------  --------------------  
      0.173        0.000                      0                67049        0.039        0.000                      0                67049        6.520        0.000                       0                 30836  


All user specified timing constraints are met.


------------------------------------------------------------------------------------------------
| Clock Summary
| -------------
------------------------------------------------------------------------------------------------

Clock  Waveform(ns)       Period(ns)      Frequency(MHz)
-----  ------------       ----------      --------------
clk    {0.000 7.500}      15.000          66.667          


------------------------------------------------------------------------------------------------
| Intra Clock Table
| -----------------
------------------------------------------------------------------------------------------------

Clock             WNS(ns)      TNS(ns)  TNS Failing Endpoints  TNS Total Endpoints      WHS(ns)      THS(ns)  THS Failing Endpoints  THS Total Endpoints     WPWS(ns)     TPWS(ns)  TPWS Failing Endpoints  TPWS Total Endpoints  
-----             -------      -------  ---------------------  -------------------      -------      -------  ---------------------  -------------------     --------     --------  ----------------------  --------------------  
clk                 0.173        0.000                      0                67049        0.039        0.000                      0                67049        6.520        0.000                       0                 30836  


------------------------------------------------------------------------------------------------
| Inter Clock Table
| -----------------
------------------------------------------------------------------------------------------------

From Clock    To Clock          WNS(ns)      TNS(ns)  TNS Failing Endpoints  TNS Total Endpoints      WHS(ns)      THS(ns)  THS Failing Endpoints  THS Total Endpoints  
----------    --------          -------      -------  ---------------------  -------------------      -------      -------  ---------------------  -------------------  


------------------------------------------------------------------------------------------------
| Other Path Groups Table
| -----------------------
------------------------------------------------------------------------------------------------

Path Group    From Clock    To Clock          WNS(ns)      TNS(ns)  TNS Failing Endpoints  TNS Total Endpoints      WHS(ns)      THS(ns)  THS Failing Endpoints  THS Total Endpoints  
----------    ----------    --------          -------      -------  ---------------------  -------------------      -------      -------  ---------------------  -------------------  


------------------------------------------------------------------------------------------------
| Timing Details
| --------------
------------------------------------------------------------------------------------------------


---------------------------------------------------------------------------------------------------
From Clock:  clk
  To Clock:  clk

Setup :            0  Failing Endpoints,  Worst Slack        0.173ns,  Total Violation        0.000ns
Hold  :            0  Failing Endpoints,  Worst Slack        0.039ns,  Total Violation        0.000ns
PW    :            0  Failing Endpoints,  Worst Slack        6.520ns,  Total Violation        0.000ns
---------------------------------------------------------------------------------------------------


Max Delay Paths
--------------------------------------------------------------------------------------
Slack (MET) :             0.173ns  (required time - arrival time)
  Source:                 ctr0_reg[8]/C
                            (rising edge-triggered cell FDRE clocked by clk  {rise@0.000ns fall@7.500ns period=15.000ns})
  Destination:            ENCODER/PISO_reg[81]/D
                            (rising edge-triggered cell FDRE clocked by clk  {rise@0.000ns fall@7.500ns period=15.000ns})
  Path Group:             clk
  Path Type:              Setup (Max at Slow Process Corner)
  Requirement:            15.000ns  (clk rise@15.000ns - clk rise@0.000ns)
  Data Path Delay:        14.774ns  (logic 4.236ns (28.671%)  route 10.538ns (71.329%))
  Logic Levels:           21  (CARRY4=4 LUT3=3 LUT4=1 LUT5=4 LUT6=9)
  Clock Path Skew:        -0.049ns (DCD - SCD + CPR)
    Destination Clock Delay (DCD):    0.924ns = ( 15.924 - 15.000 ) 
    Source Clock Delay      (SCD):    0.973ns
    Clock Pessimism Removal (CPR):    0.000ns
  Clock Uncertainty:      0.035ns  ((TSJ^2 + TIJ^2)^1/2 + DJ) / 2 + PE
    Total System Jitter     (TSJ):    0.071ns
    Total Input Jitter      (TIJ):    0.000ns
    Discrete Jitter          (DJ):    0.000ns
    Phase Error              (PE):    0.000ns

    Location             Delay type                Incr(ns)  Path(ns)    Netlist Resource(s)
  -------------------------------------------------------------------    -------------------
                         (clock clk rise edge)        0.000     0.000 r  
                                                      0.000     0.000 r  clk (IN)
                         net (fo=30851, unset)        0.973     0.973    clk
    SLICE_X119Y121       FDRE                                         r  ctr0_reg[8]/C
  -------------------------------------------------------------------    -------------------
    SLICE_X119Y121       FDRE (Prop_fdre_C_Q)         0.419     1.392 r  ctr0_reg[8]/Q
                         net (fo=14, routed)          1.036     2.428    genblk1[2].KECCAK/datapath_gen/in_buf/MU_reg[0][8]
    SLICE_X114Y117       LUT4 (Prop_lut4_I1_O)        0.297     2.725 r  genblk1[2].KECCAK/datapath_gen/in_buf/ready_i_INST_0_i_95/O
                         net (fo=1, routed)           0.000     2.725    genblk1[2].KECCAK/datapath_gen/in_buf/ready_i_INST_0_i_95_n_0
    SLICE_X114Y117       CARRY4 (Prop_carry4_S[1]_CO[3])
                                                      0.550     3.275 r  genblk1[2].KECCAK/datapath_gen/in_buf/ready_i_INST_0_i_79/CO[3]
                         net (fo=1, routed)           0.000     3.275    genblk1[2].KECCAK/datapath_gen/in_buf/ready_i_INST_0_i_79_n_0
    SLICE_X114Y118       CARRY4 (Prop_carry4_CI_CO[3])
                                                      0.114     3.389 r  genblk1[2].KECCAK/datapath_gen/in_buf/ready_i_INST_0_i_70/CO[3]
                         net (fo=1, routed)           0.000     3.389    genblk1[2].KECCAK/datapath_gen/in_buf/ready_i_INST_0_i_70_n_0
    SLICE_X114Y119       CARRY4 (Prop_carry4_CI_CO[3])
                                                      0.114     3.503 r  genblk1[2].KECCAK/datapath_gen/in_buf/ready_i_INST_0_i_47/CO[3]
                         net (fo=2, routed)           1.139     4.643    genblk1[2].KECCAK/datapath_gen/in_buf/mlen_PLUS80_reg[31][0]
    SLICE_X114Y120       LUT6 (Prop_lut6_I2_O)        0.124     4.767 r  genblk1[2].KECCAK/datapath_gen/in_buf/FSM_sequential_cstate_fsm1[1]_i_23/O
                         net (fo=1, routed)           0.773     5.539    DECODER/FSM_sequential_cstate_fsm1[1]_i_7__1
    SLICE_X121Y124       LUT6 (Prop_lut6_I0_O)        0.124     5.663 r  DECODER/FSM_sequential_cstate_fsm1[1]_i_15/O
                         net (fo=1, routed)           0.319     5.983    ENCODER/rho[63]_i_5_1
    SLICE_X118Y123       LUT6 (Prop_lut6_I4_O)        0.124     6.107 f  ENCODER/FSM_sequential_cstate_fsm1[1]_i_7__1/O
                         net (fo=2, routed)           0.449     6.556    ENCODER/src_ready_fsm
    SLICE_X119Y125       LUT3 (Prop_lut3_I0_O)        0.124     6.680 f  ENCODER/FSM_sequential_cstate_fsm1[1]_i_3__0/O
                         net (fo=63, routed)          0.415     7.095    genblk1[2].KECCAK/control_gen/fsm1_gen/sr_full_block/FSM_sequential_cstate_fsm1_reg[1]
    SLICE_X119Y125       LUT6 (Prop_lut6_I4_O)        0.124     7.219 r  genblk1[2].KECCAK/control_gen/fsm1_gen/sr_full_block/ready_i_INST_0_i_16/O
                         net (fo=146, routed)         0.497     7.716    genblk1[2].KECCAK/control_gen/fsm1_gen/sr_full_block/output_s_reg_0
    SLICE_X118Y127       LUT5 (Prop_lut5_I2_O)        0.124     7.840 r  genblk1[2].KECCAK/control_gen/fsm1_gen/sr_full_block/FSM_sequential_cstate[3]_i_6/O
                         net (fo=18, routed)          0.523     8.363    CHALLENGE_SAMPLER/src_read_c
    SLICE_X113Y131       LUT6 (Prop_lut6_I0_O)        0.124     8.487 r  CHALLENGE_SAMPLER/ready_i_INST_0_i_18/O
                         net (fo=5, routed)           0.324     8.812    CHALLENGE_SAMPLER/ready_i_c
    SLICE_X111Y131       LUT6 (Prop_lut6_I0_O)        0.124     8.936 r  CHALLENGE_SAMPLER/PISO[255]_i_8/O
                         net (fo=1, routed)           0.483     9.419    ENCODER/ready_o_enc
    SLICE_X107Y136       LUT5 (Prop_lut5_I4_O)        0.124     9.543 r  ENCODER/PISO[255]_i_3/O
                         net (fo=240, routed)         0.530    10.072    ENCODER/PISO[255]_i_3_n_0
    SLICE_X107Y137       LUT3 (Prop_lut3_I0_O)        0.124    10.196 r  ENCODER/piso_len[9]_i_17/O
                         net (fo=1, routed)           0.000    10.196    ENCODER/piso_len[9]_i_17_n_0
    SLICE_X107Y137       CARRY4 (Prop_carry4_S[1]_O[2])
                                                      0.580    10.776 f  ENCODER/piso_len_reg[9]_i_6/O[2]
                         net (fo=53, routed)          0.578    11.355    ENCODER/piso_len1[8]
    SLICE_X105Y137       LUT3 (Prop_lut3_I2_O)        0.302    11.657 r  ENCODER/PISO[253]_i_11/O
                         net (fo=65, routed)          0.725    12.382    ENCODER/PISO[253]_i_11_n_0
    SLICE_X105Y144       LUT6 (Prop_lut6_I0_O)        0.124    12.506 r  ENCODER/PISO[249]_i_10/O
                         net (fo=3, routed)           0.748    13.254    ENCODER/PISO[249]_i_10_n_0
    SLICE_X108Y143       LUT6 (Prop_lut6_I5_O)        0.124    13.378 r  ENCODER/PISO[241]_i_9/O
                         net (fo=5, routed)           0.463    13.841    ENCODER/PISO[241]_i_9_n_0
    SLICE_X108Y143       LUT5 (Prop_lut5_I4_O)        0.124    13.965 r  ENCODER/PISO[241]_i_4/O
                         net (fo=5, routed)           0.835    14.800    ENCODER/PISO[241]_i_4_n_0
    SLICE_X109Y147       LUT5 (Prop_lut5_I4_O)        0.124    14.924 r  ENCODER/PISO[209]_i_2/O
                         net (fo=2, routed)           0.699    15.623    ENCODER/PISO[209]_i_2_n_0
    SLICE_X113Y147       LUT6 (Prop_lut6_I3_O)        0.124    15.747 r  ENCODER/PISO[81]_i_1/O
                         net (fo=1, routed)           0.000    15.747    ENCODER/p_1_in[81]
    SLICE_X113Y147       FDRE                                         r  ENCODER/PISO_reg[81]/D
  -------------------------------------------------------------------    -------------------

                         (clock clk rise edge)       15.000    15.000 r  
                                                      0.000    15.000 r  clk (IN)
                         net (fo=30851, unset)        0.924    15.924    ENCODER/clk
    SLICE_X113Y147       FDRE                                         r  ENCODER/PISO_reg[81]/C
                         clock pessimism              0.000    15.924    
                         clock uncertainty           -0.035    15.889    
    SLICE_X113Y147       FDRE (Setup_fdre_C_D)        0.031    15.920    ENCODER/PISO_reg[81]
  -------------------------------------------------------------------
                         required time                         15.920    
                         arrival time                         -15.747    
  -------------------------------------------------------------------
                         slack                                  0.173    





Min Delay Paths
--------------------------------------------------------------------------------------
Slack (MET) :             0.039ns  (arrival time - required time)
  Source:                 GEN_Y/SAMPLER_Y/SEED_SIPO_reg[23]/C
                            (rising edge-triggered cell FDRE clocked by clk  {rise@0.000ns fall@7.500ns period=15.000ns})
  Destination:            GEN_Y/SAMPLER_Y/SEED_SIPO_reg[407]_srl6/D
                            (rising edge-triggered cell SRL16E clocked by clk  {rise@0.000ns fall@7.500ns period=15.000ns})
  Path Group:             clk
  Path Type:              Hold (Min at Fast Process Corner)
  Requirement:            0.000ns  (clk rise@0.000ns - clk rise@0.000ns)
  Data Path Delay:        0.244ns  (logic 0.141ns (57.830%)  route 0.103ns (42.170%))
  Logic Levels:           0  
  Clock Path Skew:        0.022ns (DCD - SCD - CPR)
    Destination Clock Delay (DCD):    0.432ns
    Source Clock Delay      (SCD):    0.410ns
    Clock Pessimism Removal (CPR):    -0.000ns

    Location             Delay type                Incr(ns)  Path(ns)    Netlist Resource(s)
  -------------------------------------------------------------------    -------------------
                         (clock clk rise edge)        0.000     0.000 r  
                                                      0.000     0.000 r  clk (IN)
                         net (fo=30851, unset)        0.410     0.410    GEN_Y/SAMPLER_Y/clk
    SLICE_X138Y119       FDRE                                         r  GEN_Y/SAMPLER_Y/SEED_SIPO_reg[23]/C
  -------------------------------------------------------------------    -------------------
    SLICE_X138Y119       FDRE (Prop_fdre_C_Q)         0.141     0.551 r  GEN_Y/SAMPLER_Y/SEED_SIPO_reg[23]/Q
                         net (fo=1, routed)           0.103     0.654    GEN_Y/SAMPLER_Y/in5[87]
    SLICE_X136Y119       SRL16E                                       r  GEN_Y/SAMPLER_Y/SEED_SIPO_reg[407]_srl6/D
  -------------------------------------------------------------------    -------------------

                         (clock clk rise edge)        0.000     0.000 r  
                                                      0.000     0.000 r  clk (IN)
                         net (fo=30851, unset)        0.432     0.432    GEN_Y/SAMPLER_Y/clk
    SLICE_X136Y119       SRL16E                                       r  GEN_Y/SAMPLER_Y/SEED_SIPO_reg[407]_srl6/CLK
                         clock pessimism              0.000     0.432    
    SLICE_X136Y119       SRL16E (Hold_srl16e_CLK_D)
                                                      0.183     0.615    GEN_Y/SAMPLER_Y/SEED_SIPO_reg[407]_srl6
  -------------------------------------------------------------------
                         required time                         -0.615    
                         arrival time                           0.654    
  -------------------------------------------------------------------
                         slack                                  0.039    





Pulse Width Checks
--------------------------------------------------------------------------------------
Clock Name:         clk
Waveform(ns):       { 0.000 7.500 }
Period(ns):         15.000
Sources:            { clk }

Check Type        Corner  Lib Pin             Reference Pin  Required(ns)  Actual(ns)  Slack(ns)  Location        Pin
Min Period        n/a     RAMB36E1/CLKARDCLK  n/a            2.944         15.000      12.056     RAMB36_X7Y15    BRAM_0/ram_reg_0/CLKARDCLK
Low Pulse Width   Slow    SRL16E/CLK          n/a            0.980         7.500       6.520      SLICE_X154Y124  C_reg[128]_srl2/CLK
High Pulse Width  Slow    SRL16E/CLK          n/a            0.980         7.500       6.520      SLICE_X154Y124  C_reg[128]_srl2/CLK



