============================================================
  Generated by:           Genus(TM) Synthesis Solution 25.12-s067_1
  Generated on:           Aug 12 2026  06:15:35 pm
  Module:                 butterfly2x2
  Operating conditions:   PVT_0P7V_25C 
  Interconnect mode:      global
  Area mode:              physical library
============================================================


Path 1: VIOLATED (-17 ps) Setup Check with Pin BF2_2_barrett_datai_reg[34]/CLK->D
          Group: clk
     Startpoint: (R) BF1_1_modei_reg[2]/CLK
          Clock: (R) clk
       Endpoint: (R) BF2_2_barrett_datai_reg[34]/D
          Clock: (R) clk

                     Capture       Launch     
        Clock Edge:+     555            0     
       Src Latency:+       0            0     
       Net Latency:+       0 (I)        0 (I) 
           Arrival:=     555            0     
                                              
             Setup:-      10                  
       Uncertainty:-      28                  
     Required Time:=     517                  
      Launch Clock:-       0                  
         Data Path:-     534                  
             Slack:=     -17                  

#----------------------------------------------------------------------------------------------------------------------
#         Timing Point          Flags    Arc    Edge          Cell            Fanout Load Trans Delay Arrival Instance 
#                                                                                    (fF)  (ps)  (ps)   (ps)  Location 
#----------------------------------------------------------------------------------------------------------------------
  BF1_1_modei_reg[2]/CLK        -       -       R     (arrival)                 2845    -     0     0       0    (-,-) 
  BF1_1_modei_reg[2]/QN         -       CLK->QN F     DFFHQNx2_ASAP7_75t_SL        1  4.6    28    41      41    (-,-) 
  g102254/Y                     -       A->Y    R     INVx5_ASAP7_75t_SL           6  9.7    20    13      54    (-,-) 
  g102253/Y                     -       A->Y    R     AND3x4_ASAP7_75t_SL          2 10.3    24    27      81    (-,-) 
  fopt100382/Y                  -       A->Y    F     INVx11_ASAP7_75t_SL          7 30.7    23    14      95    (-,-) 
  g91858/Y                      -       A->Y    F     BUFx12f_ASAP7_75t_SL         9 14.0    12    18     112    (-,-) 
  g64446__102485/Y              -       B2->Y   F     AO22x2_ASAP7_75t_SL          1  4.0    17    22     135    (-,-) 
  g102484/Y                     -       A->Y    F     BUFx12f_ASAP7_75t_SL        13 30.4    20    21     156    (-,-) 
  BF2_2_mul_170_29_g102486/Y    -       A->Y    R     CKINVDCx16_ASAP7_75t_SL     10 15.8    14    10     166    (-,-) 
  BF2_2_mul_170_29_g102490/Y    -       B1->Y   F     AOI22x1_ASAP7_75t_SL         2  3.5    30    13     178    (-,-) 
  g101243/Y                     -       A1->Y   F     OA22x2_ASAP7_75t_SL          2  4.5    19    25     203    (-,-) 
  g101242/Y                     -       A->Y    F     XNOR2x1_ASAP7_75t_SL         1  2.5    20    18     222    (-,-) 
  g102819/Y                     -       A->Y    R     XOR2x2_ASAP7_75t_SL          2  4.6    20    30     252    (-,-) 
  g102818/Y                     -       B->Y    R     XNOR2x1_ASAP7_75t_SL         1  3.1    28    19     270    (-,-) 
  g102817/Y                     -       A->Y    R     XNOR2x1_ASAP7_75t_SL         2  3.9    34    22     293    (-,-) 
  g99213/Y                      -       B->Y    F     XOR2x2_ASAP7_75t_SL          2  4.5    18    23     316    (-,-) 
  g103054/Y                     -       B->Y    F     XNOR2x1_ASAP7_75t_SL         1  3.2    22    20     336    (-,-) 
  g103053/Y                     -       A->Y    F     XNOR2x1_ASAP7_75t_SL         1  3.2    23    20     357    (-,-) 
  g103052/Y                     -       A->Y    F     XNOR2x1_ASAP7_75t_SL         2  3.9    26    22     378    (-,-) 
  g90257/Y                      -       B->Y    F     AND2x4_ASAP7_75t_SL          4  9.5    17    22     401    (-,-) 
  g100033/Y                     -       A->Y    R     NOR3x2_ASAP7_75t_SL          1  3.1    19    11     411    (-,-) 
  g101662/Y                     -       A->Y    F     NAND4xp75_ASAP7_75t_SL       1  2.4    28    13     425    (-,-) 
  g1084/Y                       -       A1->Y   F     OA221x2_ASAP7_75t_SL         2  3.5    18    32     456    (-,-) 
  BF2_2_mul_170_29_g85233/Y     -       A1->Y   F     OA22x2_ASAP7_75t_SL          2  4.4    18    23     479    (-,-) 
  BF2_2_mul_170_29_g83819/Y     -       B->Y    F     AND2x6_ASAP7_75t_SL          8 14.6    19    24     503    (-,-) 
  g88914/Y                      -       A2->Y   R     OAI21x1_ASAP7_75t_SL         1  2.6    27    14     517    (-,-) 
  g88913/Y                      -       A->Y    R     XNOR2xp5_ASAP7_75t_SL        1  2.1    39    17     534    (-,-) 
  BF2_2_barrett_datai_reg[34]/D -       -       R     DFFHQx4_ASAP7_75t_SL         1    -     -     0     534    (-,-) 
#----------------------------------------------------------------------------------------------------------------------



Path 2: VIOLATED (-17 ps) Setup Check with Pin BF2_2_barrett_datai_reg[36]/CLK->D
          Group: clk
     Startpoint: (R) BF1_1_modei_reg[2]/CLK
          Clock: (R) clk
       Endpoint: (R) BF2_2_barrett_datai_reg[36]/D
          Clock: (R) clk

                     Capture       Launch     
        Clock Edge:+     555            0     
       Src Latency:+       0            0     
       Net Latency:+       0 (I)        0 (I) 
           Arrival:=     555            0     
                                              
             Setup:-      10                  
       Uncertainty:-      28                  
     Required Time:=     517                  
      Launch Clock:-       0                  
         Data Path:-     534                  
             Slack:=     -17                  

#----------------------------------------------------------------------------------------------------------------------
#         Timing Point          Flags    Arc    Edge          Cell            Fanout Load Trans Delay Arrival Instance 
#                                                                                    (fF)  (ps)  (ps)   (ps)  Location 
#----------------------------------------------------------------------------------------------------------------------
  BF1_1_modei_reg[2]/CLK        -       -       R     (arrival)                 2845    -     0     0       0    (-,-) 
  BF1_1_modei_reg[2]/QN         -       CLK->QN F     DFFHQNx2_ASAP7_75t_SL        1  4.6    28    41      41    (-,-) 
  g102254/Y                     -       A->Y    R     INVx5_ASAP7_75t_SL           6  9.7    20    13      54    (-,-) 
  g102253/Y                     -       A->Y    R     AND3x4_ASAP7_75t_SL          2 10.3    24    27      81    (-,-) 
  fopt100382/Y                  -       A->Y    F     INVx11_ASAP7_75t_SL          7 30.7    23    14      95    (-,-) 
  g91858/Y                      -       A->Y    F     BUFx12f_ASAP7_75t_SL         9 14.0    12    18     112    (-,-) 
  g64446__102485/Y              -       B2->Y   F     AO22x2_ASAP7_75t_SL          1  4.0    17    22     135    (-,-) 
  g102484/Y                     -       A->Y    F     BUFx12f_ASAP7_75t_SL        13 30.4    20    21     156    (-,-) 
  BF2_2_mul_170_29_g102486/Y    -       A->Y    R     CKINVDCx16_ASAP7_75t_SL     10 15.8    14    10     166    (-,-) 
  BF2_2_mul_170_29_g102490/Y    -       B1->Y   F     AOI22x1_ASAP7_75t_SL         2  3.5    30    13     178    (-,-) 
  g101243/Y                     -       A1->Y   F     OA22x2_ASAP7_75t_SL          2  4.5    19    25     203    (-,-) 
  g101242/Y                     -       A->Y    F     XNOR2x1_ASAP7_75t_SL         1  2.5    20    18     222    (-,-) 
  g102819/Y                     -       A->Y    R     XOR2x2_ASAP7_75t_SL          2  4.6    20    30     252    (-,-) 
  g102818/Y                     -       B->Y    R     XNOR2x1_ASAP7_75t_SL         1  3.1    28    19     270    (-,-) 
  g102817/Y                     -       A->Y    R     XNOR2x1_ASAP7_75t_SL         2  3.9    34    22     293    (-,-) 
  g99213/Y                      -       B->Y    F     XOR2x2_ASAP7_75t_SL          2  4.5    18    23     316    (-,-) 
  g103054/Y                     -       B->Y    F     XNOR2x1_ASAP7_75t_SL         1  3.2    22    20     336    (-,-) 
  g103053/Y                     -       A->Y    F     XNOR2x1_ASAP7_75t_SL         1  3.2    23    20     357    (-,-) 
  g103052/Y                     -       A->Y    F     XNOR2x1_ASAP7_75t_SL         2  3.9    26    22     378    (-,-) 
  g90257/Y                      -       B->Y    F     AND2x4_ASAP7_75t_SL          4  9.5    17    22     401    (-,-) 
  g100033/Y                     -       A->Y    R     NOR3x2_ASAP7_75t_SL          1  3.1    19    11     411    (-,-) 
  g101662/Y                     -       A->Y    F     NAND4xp75_ASAP7_75t_SL       1  2.4    28    13     425    (-,-) 
  g1084/Y                       -       A1->Y   F     OA221x2_ASAP7_75t_SL         2  3.5    18    32     456    (-,-) 
  BF2_2_mul_170_29_g85233/Y     -       A1->Y   F     OA22x2_ASAP7_75t_SL          2  4.4    18    23     479    (-,-) 
  BF2_2_mul_170_29_g83819/Y     -       B->Y    F     AND2x6_ASAP7_75t_SL          8 14.6    19    24     503    (-,-) 
  g101805/Y                     -       A2->Y   R     OAI21x1_ASAP7_75t_SL         1  2.6    25    14     517    (-,-) 
  g89568/Y                      -       A->Y    R     XNOR2xp5_ASAP7_75t_SL        1  2.1    38    17     534    (-,-) 
  BF2_2_barrett_datai_reg[36]/D -       -       R     DFFHQx4_ASAP7_75t_SL         1    -     -     0     534    (-,-) 
#----------------------------------------------------------------------------------------------------------------------



Path 3: VIOLATED (-17 ps) Setup Check with Pin BF2_2_barrett_datai_reg[34]/CLK->D
          Group: clk
     Startpoint: (R) BF1_1_modei_reg[2]/CLK
          Clock: (R) clk
       Endpoint: (R) BF2_2_barrett_datai_reg[34]/D
          Clock: (R) clk

                     Capture       Launch     
        Clock Edge:+     555            0     
       Src Latency:+       0            0     
       Net Latency:+       0 (I)        0 (I) 
           Arrival:=     555            0     
                                              
             Setup:-      10                  
       Uncertainty:-      28                  
     Required Time:=     517                  
      Launch Clock:-       0                  
         Data Path:-     534                  
             Slack:=     -17                  

#----------------------------------------------------------------------------------------------------------------------
#         Timing Point          Flags    Arc    Edge          Cell            Fanout Load Trans Delay Arrival Instance 
#                                                                                    (fF)  (ps)  (ps)   (ps)  Location 
#----------------------------------------------------------------------------------------------------------------------
  BF1_1_modei_reg[2]/CLK        -       -       R     (arrival)                 2845    -     0     0       0    (-,-) 
  BF1_1_modei_reg[2]/QN         -       CLK->QN F     DFFHQNx2_ASAP7_75t_SL        1  4.6    28    41      41    (-,-) 
  g102254/Y                     -       A->Y    R     INVx5_ASAP7_75t_SL           6  9.7    20    13      54    (-,-) 
  g102253/Y                     -       A->Y    R     AND3x4_ASAP7_75t_SL          2 10.3    24    27      81    (-,-) 
  fopt100382/Y                  -       A->Y    F     INVx11_ASAP7_75t_SL          7 30.7    23    14      95    (-,-) 
  g90510/Y                      -       A->Y    F     BUFx12f_ASAP7_75t_SL         7 13.8    12    18     112    (-,-) 
  g64445__90515/Y               -       B2->Y   F     AO22x2_ASAP7_75t_SL          1  4.0    17    22     135    (-,-) 
  g86867/Y                      -       A->Y    F     BUFx12f_ASAP7_75t_SL        14 30.0    20    21     156    (-,-) 
  BF2_2_mul_170_29_g86866/Y     -       A->Y    R     CKINVDCx16_ASAP7_75t_SL     11 15.6    14    10     165    (-,-) 
  BF2_2_mul_170_29_g19469/Y     -       B2->Y   R     AO22x2_ASAP7_75t_SL          2  4.1    20    21     186    (-,-) 
  fopt85077/Y                   -       A->Y    F     INVx2_ASAP7_75t_SL           1  2.1    11     7     193    (-,-) 
  BF2_2_mul_170_29_g19035/Y     -       A2->Y   F     OA22x2_ASAP7_75t_SL          2  4.4    19    22     215    (-,-) 
  BF2_2_mul_170_29_g18626/Y     -       A->Y    R     XNOR2x2_ASAP7_75t_SL         1  2.5    14    22     238    (-,-) 
  g114/Y                        -       B->Y    F     XNOR2x2_ASAP7_75t_SL         2  4.5    19    29     266    (-,-) 
  g90139/Y                      -       A->Y    F     XNOR2x1_ASAP7_75t_SL         1  2.5    20    18     285    (-,-) 
  BF2_2_mul_170_29_g102680/Y    -       A->Y    R     XOR2x2_ASAP7_75t_SL          3  5.2    22    31     316    (-,-) 
  g102684/Y                     -       A->Y    R     MAJx2_ASAP7_75t_SL           1  3.2    16    22     338    (-,-) 
  g102683/Y                     -       B->Y    R     XNOR2x1_ASAP7_75t_SL         2  3.8    34    19     357    (-,-) 
  g99094/Y                      -       B->Y    F     XNOR2x2_ASAP7_75t_SL         1  3.2    15    28     385    (-,-) 
  g99091/Y                      -       B->Y    F     XNOR2x1_ASAP7_75t_SL         2  3.6    23    20     406    (-,-) 
  g348/Y                        -       B->Y    F     AND2x4_ASAP7_75t_SL          2  4.5    11    18     424    (-,-) 
  BF2_2_mul_170_29_g17467/Y     -       A->Y    R     NOR2x1p5_ASAP7_75t_SL        1  2.6    16    10     433    (-,-) 
  BF2_2_mul_170_29_g17429/Y     -       A->Y    R     AND2x4_ASAP7_75t_SL          2  5.1    13    16     449    (-,-) 
  BF2_2_mul_170_29_g17410/Y     -       A->Y    F     NAND2x1p5_ASAP7_75t_SL       1  2.1    15     7     456    (-,-) 
  BF2_2_mul_170_29_g85233/Y     -       A2->Y   F     OA22x2_ASAP7_75t_SL          2  4.4    18    23     479    (-,-) 
  BF2_2_mul_170_29_g83819/Y     -       B->Y    F     AND2x6_ASAP7_75t_SL          8 14.6    19    24     503    (-,-) 
  g88914/Y                      -       A2->Y   R     OAI21x1_ASAP7_75t_SL         1  2.6    27    14     517    (-,-) 
  g88913/Y                      -       A->Y    R     XNOR2xp5_ASAP7_75t_SL        1  2.1    39    17     534    (-,-) 
  BF2_2_barrett_datai_reg[34]/D -       -       R     DFFHQx4_ASAP7_75t_SL         1    -     -     0     534    (-,-) 
#----------------------------------------------------------------------------------------------------------------------



Path 4: VIOLATED (-17 ps) Setup Check with Pin BF2_2_barrett_datai_reg[34]/CLK->D
          Group: clk
     Startpoint: (R) BF1_1_modei_reg[1]/CLK
          Clock: (R) clk
       Endpoint: (R) BF2_2_barrett_datai_reg[34]/D
          Clock: (R) clk

                     Capture       Launch     
        Clock Edge:+     555            0     
       Src Latency:+       0            0     
       Net Latency:+       0 (I)        0 (I) 
           Arrival:=     555            0     
                                              
             Setup:-      10                  
       Uncertainty:-      28                  
     Required Time:=     517                  
      Launch Clock:-       0                  
         Data Path:-     534                  
             Slack:=     -17                  

#----------------------------------------------------------------------------------------------------------------------
#         Timing Point          Flags    Arc    Edge          Cell            Fanout Load Trans Delay Arrival Instance 
#                                                                                    (fF)  (ps)  (ps)   (ps)  Location 
#----------------------------------------------------------------------------------------------------------------------
  BF1_1_modei_reg[1]/CLK        -       -       R     (arrival)                 2845    -     0     0       0    (-,-) 
  BF1_1_modei_reg[1]/QN         -       CLK->QN R     DFFHQNx2_ASAP7_75t_SL        1  4.6    28    43      43    (-,-) 
  g102255/Y                     -       A->Y    F     INVx5_ASAP7_75t_SL           5  8.8    17    10      52    (-,-) 
  g102253/Y                     -       B->Y    F     AND3x4_ASAP7_75t_SL          2 10.3    20    27      79    (-,-) 
  fopt100382/Y                  -       A->Y    R     INVx11_ASAP7_75t_SL          7 30.7    26    16      95    (-,-) 
  g91858/Y                      -       A->Y    R     BUFx12f_ASAP7_75t_SL         9 14.0    14    17     112    (-,-) 
  g64409__91861/Y               -       A1->Y   R     OA22x2_ASAP7_75t_SL          1  6.5    26    26     137    (-,-) 
  g64401/Y                      -       A->Y    F     INVx8_ASAP7_75t_SL          12 27.4    26    15     152    (-,-) 
  BF2_2_mul_170_29_g19830/Y     -       A->Y    R     CKINVDCx16_ASAP7_75t_SL     12 17.6    16    11     164    (-,-) 
  BF2_2_mul_170_29_g87182/Y     -       B1->Y   F     AOI22xp5_ASAP7_75t_SL        2  3.4    44    19     182    (-,-) 
  BF2_2_mul_170_29_g18850/Y     -       B2->Y   R     OAI22xp5_ASAP7_75t_SL        2  4.1    66    37     220    (-,-) 
  g99718/Y                      -       B->Y    R     MAJx2_ASAP7_75t_SL           2  4.4    21    30     250    (-,-) 
  g100191/Y                     -       A->Y    R     XNOR2x1_ASAP7_75t_SL         1  2.4    24    19     269    (-,-) 
  g101452/Y                     -       A->Y    F     XOR2x2_ASAP7_75t_SL          2  4.5    18    24     293    (-,-) 
  g101451/Y                     -       B->Y    F     XNOR2x1_ASAP7_75t_SL         1  2.5    19    19     312    (-,-) 
  g53/Y                         -       A->Y    R     XOR2x2_ASAP7_75t_SL          2  5.1    22    31     343    (-,-) 
  g89435/Y                      -       B->Y    R     XNOR2x1_ASAP7_75t_SL         2  4.8    40    21     364    (-,-) 
  g90087/Y                      -       B->Y    F     XNOR2x2_ASAP7_75t_SL         1  3.7    16    29     394    (-,-) 
  g101670/Y                     -       B->Y    R     NOR2x2_ASAP7_75t_SL          2  3.1    17    10     404    (-,-) 
  g101669/Y                     -       A1->Y   R     AO21x2_ASAP7_75t_SL          1  2.7    14    17     421    (-,-) 
  g1088/Y                       -       B->Y    F     AOI21x1_ASAP7_75t_SL         1  2.5    22    10     431    (-,-) 
  g1084/Y                       -       C->Y    F     OA221x2_ASAP7_75t_SL         2  3.5    18    25     456    (-,-) 
  BF2_2_mul_170_29_g85233/Y     -       A1->Y   F     OA22x2_ASAP7_75t_SL          2  4.4    18    23     479    (-,-) 
  BF2_2_mul_170_29_g83819/Y     -       B->Y    F     AND2x6_ASAP7_75t_SL          8 14.6    19    24     503    (-,-) 
  g88914/Y                      -       A2->Y   R     OAI21x1_ASAP7_75t_SL         1  2.6    27    14     517    (-,-) 
  g88913/Y                      -       A->Y    R     XNOR2xp5_ASAP7_75t_SL        1  2.1    39    17     534    (-,-) 
  BF2_2_barrett_datai_reg[34]/D -       -       R     DFFHQx4_ASAP7_75t_SL         1    -     -     0     534    (-,-) 
#----------------------------------------------------------------------------------------------------------------------



Path 5: VIOLATED (-17 ps) Setup Check with Pin BF2_2_barrett_datai_reg[34]/CLK->D
          Group: clk
     Startpoint: (R) BF1_1_modei_reg[2]/CLK
          Clock: (R) clk
       Endpoint: (R) BF2_2_barrett_datai_reg[34]/D
          Clock: (R) clk

                     Capture       Launch     
        Clock Edge:+     555            0     
       Src Latency:+       0            0     
       Net Latency:+       0 (I)        0 (I) 
           Arrival:=     555            0     
                                              
             Setup:-      10                  
       Uncertainty:-      28                  
     Required Time:=     517                  
      Launch Clock:-       0                  
         Data Path:-     534                  
             Slack:=     -17                  

#----------------------------------------------------------------------------------------------------------------------
#         Timing Point          Flags    Arc    Edge          Cell            Fanout Load Trans Delay Arrival Instance 
#                                                                                    (fF)  (ps)  (ps)   (ps)  Location 
#----------------------------------------------------------------------------------------------------------------------
  BF1_1_modei_reg[2]/CLK        -       -       R     (arrival)                 2845    -     0     0       0    (-,-) 
  BF1_1_modei_reg[2]/QN         -       CLK->QN F     DFFHQNx2_ASAP7_75t_SL        1  4.6    28    41      41    (-,-) 
  g102254/Y                     -       A->Y    R     INVx5_ASAP7_75t_SL           6  9.7    20    13      54    (-,-) 
  g102253/Y                     -       A->Y    R     AND3x4_ASAP7_75t_SL          2 10.3    24    27      81    (-,-) 
  fopt100382/Y                  -       A->Y    F     INVx11_ASAP7_75t_SL          7 30.7    23    14      95    (-,-) 
  g91858/Y                      -       A->Y    F     BUFx12f_ASAP7_75t_SL         9 14.0    12    18     112    (-,-) 
  g64409__91861/Y               -       A1->Y   F     OA22x2_ASAP7_75t_SL          1  6.5    23    25     138    (-,-) 
  g64401/Y                      -       A->Y    R     INVx8_ASAP7_75t_SL          12 27.4    30    18     155    (-,-) 
  BF2_2_mul_170_29_g19830/Y     -       A->Y    F     CKINVDCx16_ASAP7_75t_SL     12 17.6    15     9     164    (-,-) 
  BF2_2_mul_170_29_g19287/Y     -       B1->Y   R     AOI22xp5_ASAP7_75t_SL        2  3.5    60    27     191    (-,-) 
  BF2_2_mul_170_29_g19142/Y     -       A->Y    F     INVx1_ASAP7_75t_SL           1  2.1    26    13     204    (-,-) 
  BF2_2_mul_170_29_g18789/Y     -       A2->Y   F     AO22x2_ASAP7_75t_SL          2  4.4    19    24     228    (-,-) 
  BF2_2_mul_170_29_g18591/Y     -       A->Y    R     XNOR2x2_ASAP7_75t_SL         1  2.6    14    23     251    (-,-) 
  g851/Y                        -       A->Y    F     XNOR2x2_ASAP7_75t_SL         2  3.7    17    28     279    (-,-) 
  g846/Y                        -       A->Y    F     MAJx2_ASAP7_75t_SL           2  5.0    19    26     305    (-,-) 
  g843/Y                        -       C->Y    F     MAJx2_ASAP7_75t_SL           2  5.1    20    26     330    (-,-) 
  g101785/Y                     -       A->Y    F     XNOR2x1_ASAP7_75t_SL         1  3.2    22    20     350    (-,-) 
  g101784/Y                     -       B->Y    R     XNOR2x1_ASAP7_75t_SL         2  4.0    34    18     369    (-,-) 
  g101783/Y                     -       B->Y    R     OR2x6_ASAP7_75t_SL           2  4.6    12    21     390    (-,-) 
  g180/Y                        -       A->Y    F     NAND2x2_ASAP7_75t_SL         2  5.5    18    10     400    (-,-) 
  g100033/Y                     -       C->Y    R     NOR3x2_ASAP7_75t_SL          1  3.1    19    11     411    (-,-) 
  g101662/Y                     -       A->Y    F     NAND4xp75_ASAP7_75t_SL       1  2.4    28    13     425    (-,-) 
  g1084/Y                       -       A1->Y   F     OA221x2_ASAP7_75t_SL         2  3.5    18    32     456    (-,-) 
  BF2_2_mul_170_29_g85233/Y     -       A1->Y   F     OA22x2_ASAP7_75t_SL          2  4.4    18    23     479    (-,-) 
  BF2_2_mul_170_29_g83819/Y     -       B->Y    F     AND2x6_ASAP7_75t_SL          8 14.6    19    24     503    (-,-) 
  g88914/Y                      -       A2->Y   R     OAI21x1_ASAP7_75t_SL         1  2.6    27    14     517    (-,-) 
  g88913/Y                      -       A->Y    R     XNOR2xp5_ASAP7_75t_SL        1  2.1    39    17     534    (-,-) 
  BF2_2_barrett_datai_reg[34]/D -       -       R     DFFHQx4_ASAP7_75t_SL         1    -     -     0     534    (-,-) 
#----------------------------------------------------------------------------------------------------------------------



Path 6: VIOLATED (-17 ps) Setup Check with Pin BF2_2_barrett_datai_reg[34]/CLK->D
          Group: clk
     Startpoint: (R) BF1_1_modei_reg[2]/CLK
          Clock: (R) clk
       Endpoint: (R) BF2_2_barrett_datai_reg[34]/D
          Clock: (R) clk

                     Capture       Launch     
        Clock Edge:+     555            0     
       Src Latency:+       0            0     
       Net Latency:+       0 (I)        0 (I) 
           Arrival:=     555            0     
                                              
             Setup:-      10                  
       Uncertainty:-      28                  
     Required Time:=     517                  
      Launch Clock:-       0                  
         Data Path:-     534                  
             Slack:=     -17                  

#----------------------------------------------------------------------------------------------------------------------
#         Timing Point          Flags    Arc    Edge          Cell            Fanout Load Trans Delay Arrival Instance 
#                                                                                    (fF)  (ps)  (ps)   (ps)  Location 
#----------------------------------------------------------------------------------------------------------------------
  BF1_1_modei_reg[2]/CLK        -       -       R     (arrival)                 2845    -     0     0       0    (-,-) 
  BF1_1_modei_reg[2]/QN         -       CLK->QN F     DFFHQNx2_ASAP7_75t_SL        1  4.6    28    41      41    (-,-) 
  g102254/Y                     -       A->Y    R     INVx5_ASAP7_75t_SL           6  9.7    20    13      54    (-,-) 
  g102253/Y                     -       A->Y    R     AND3x4_ASAP7_75t_SL          2 10.3    24    27      81    (-,-) 
  fopt100382/Y                  -       A->Y    F     INVx11_ASAP7_75t_SL          7 30.7    23    14      95    (-,-) 
  g90311/Y                      -       A->Y    R     INVx5_ASAP7_75t_SL          10 14.5    25    16     110    (-,-) 
  g64446__102485/Y              -       A2->Y   R     AO22x2_ASAP7_75t_SL          1  4.0    19    24     134    (-,-) 
  g102484/Y                     -       A->Y    R     BUFx12f_ASAP7_75t_SL        13 30.4    24    21     155    (-,-) 
  BF2_2_mul_170_29_g102486/Y    -       A->Y    F     CKINVDCx16_ASAP7_75t_SL     10 15.8    13     8     163    (-,-) 
  BF2_2_mul_170_29_g102490/Y    -       B1->Y   R     AOI22x1_ASAP7_75t_SL         2  3.5    34    17     180    (-,-) 
  g101243/Y                     -       A1->Y   R     OA22x2_ASAP7_75t_SL          2  4.4    21    25     205    (-,-) 
  g101242/Y                     -       A->Y    R     XNOR2x1_ASAP7_75t_SL         1  2.4    24    19     224    (-,-) 
  g102819/Y                     -       A->Y    F     XOR2x2_ASAP7_75t_SL          2  4.6    18    24     249    (-,-) 
  g102818/Y                     -       B->Y    F     XNOR2x1_ASAP7_75t_SL         1  3.2    22    20     269    (-,-) 
  g102817/Y                     -       A->Y    F     XNOR2x1_ASAP7_75t_SL         2  3.9    25    22     291    (-,-) 
  g99213/Y                      -       B->Y    F     XOR2x2_ASAP7_75t_SL          2  4.5    18    25     316    (-,-) 
  g103054/Y                     -       B->Y    F     XNOR2x1_ASAP7_75t_SL         1  3.2    22    20     336    (-,-) 
  g103053/Y                     -       A->Y    F     XNOR2x1_ASAP7_75t_SL         1  3.2    23    20     356    (-,-) 
  g103052/Y                     -       A->Y    F     XNOR2x1_ASAP7_75t_SL         2  3.9    26    22     378    (-,-) 
  g90257/Y                      -       B->Y    F     AND2x4_ASAP7_75t_SL          4  9.5    17    22     400    (-,-) 
  g100033/Y                     -       A->Y    R     NOR3x2_ASAP7_75t_SL          1  3.1    19    11     411    (-,-) 
  g101662/Y                     -       A->Y    F     NAND4xp75_ASAP7_75t_SL       1  2.4    28    13     425    (-,-) 
  g1084/Y                       -       A1->Y   F     OA221x2_ASAP7_75t_SL         2  3.5    18    32     456    (-,-) 
  BF2_2_mul_170_29_g85233/Y     -       A1->Y   F     OA22x2_ASAP7_75t_SL          2  4.4    18    23     479    (-,-) 
  BF2_2_mul_170_29_g83819/Y     -       B->Y    F     AND2x6_ASAP7_75t_SL          8 14.6    19    24     503    (-,-) 
  g88914/Y                      -       A2->Y   R     OAI21x1_ASAP7_75t_SL         1  2.6    27    14     517    (-,-) 
  g88913/Y                      -       A->Y    R     XNOR2xp5_ASAP7_75t_SL        1  2.1    39    17     534    (-,-) 
  BF2_2_barrett_datai_reg[34]/D -       -       R     DFFHQx4_ASAP7_75t_SL         1    -     -     0     534    (-,-) 
#----------------------------------------------------------------------------------------------------------------------



Path 7: VIOLATED (-17 ps) Setup Check with Pin BF2_2_barrett_datai_reg[34]/CLK->D
          Group: clk
     Startpoint: (R) BF1_1_modei_reg[2]/CLK
          Clock: (R) clk
       Endpoint: (R) BF2_2_barrett_datai_reg[34]/D
          Clock: (R) clk

                     Capture       Launch     
        Clock Edge:+     555            0     
       Src Latency:+       0            0     
       Net Latency:+       0 (I)        0 (I) 
           Arrival:=     555            0     
                                              
             Setup:-      10                  
       Uncertainty:-      28                  
     Required Time:=     517                  
      Launch Clock:-       0                  
         Data Path:-     534                  
             Slack:=     -17                  

#----------------------------------------------------------------------------------------------------------------------
#         Timing Point          Flags    Arc    Edge          Cell            Fanout Load Trans Delay Arrival Instance 
#                                                                                    (fF)  (ps)  (ps)   (ps)  Location 
#----------------------------------------------------------------------------------------------------------------------
  BF1_1_modei_reg[2]/CLK        -       -       R     (arrival)                 2845    -     0     0       0    (-,-) 
  BF1_1_modei_reg[2]/QN         -       CLK->QN F     DFFHQNx2_ASAP7_75t_SL        1  4.6    28    41      41    (-,-) 
  g102254/Y                     -       A->Y    R     INVx5_ASAP7_75t_SL           6  9.7    20    13      54    (-,-) 
  g102253/Y                     -       A->Y    R     AND3x4_ASAP7_75t_SL          2 10.3    24    27      81    (-,-) 
  fopt100382/Y                  -       A->Y    F     INVx11_ASAP7_75t_SL          7 30.7    23    14      95    (-,-) 
  g91858/Y                      -       A->Y    F     BUFx12f_ASAP7_75t_SL         9 14.0    12    18     112    (-,-) 
  g64409__91861/Y               -       A1->Y   F     OA22x2_ASAP7_75t_SL          1  6.5    23    25     138    (-,-) 
  g64401/Y                      -       A->Y    R     INVx8_ASAP7_75t_SL          12 27.4    30    18     155    (-,-) 
  BF2_2_mul_170_29_g19830/Y     -       A->Y    F     CKINVDCx16_ASAP7_75t_SL     12 17.6    15     9     164    (-,-) 
  BF2_2_mul_170_29_g87182/Y     -       B1->Y   R     AOI22xp5_ASAP7_75t_SL        2  3.4    52    26     190    (-,-) 
  BF2_2_mul_170_29_g18850/Y     -       B2->Y   F     OAI22xp5_ASAP7_75t_SL        2  4.1    52    25     216    (-,-) 
  g99718/Y                      -       B->Y    F     MAJx2_ASAP7_75t_SL           2  4.5    20    34     249    (-,-) 
  g100191/Y                     -       A->Y    F     XNOR2x1_ASAP7_75t_SL         1  2.5    18    19     268    (-,-) 
  g101452/Y                     -       A->Y    F     XOR2x2_ASAP7_75t_SL          2  4.5    18    25     293    (-,-) 
  g101451/Y                     -       B->Y    F     XNOR2x1_ASAP7_75t_SL         1  2.5    19    19     312    (-,-) 
  g53/Y                         -       A->Y    R     XOR2x2_ASAP7_75t_SL          2  5.1    22    31     343    (-,-) 
  g89435/Y                      -       B->Y    R     XNOR2x1_ASAP7_75t_SL         2  4.8    40    21     364    (-,-) 
  g90087/Y                      -       B->Y    F     XNOR2x2_ASAP7_75t_SL         1  3.7    16    29     394    (-,-) 
  g101670/Y                     -       B->Y    R     NOR2x2_ASAP7_75t_SL          2  3.1    17    10     404    (-,-) 
  g101669/Y                     -       A1->Y   R     AO21x2_ASAP7_75t_SL          1  2.7    14    17     421    (-,-) 
  g1088/Y                       -       B->Y    F     AOI21x1_ASAP7_75t_SL         1  2.5    22    10     431    (-,-) 
  g1084/Y                       -       C->Y    F     OA221x2_ASAP7_75t_SL         2  3.5    18    25     456    (-,-) 
  BF2_2_mul_170_29_g85233/Y     -       A1->Y   F     OA22x2_ASAP7_75t_SL          2  4.4    18    23     479    (-,-) 
  BF2_2_mul_170_29_g83819/Y     -       B->Y    F     AND2x6_ASAP7_75t_SL          8 14.6    19    24     503    (-,-) 
  g88914/Y                      -       A2->Y   R     OAI21x1_ASAP7_75t_SL         1  2.6    27    14     517    (-,-) 
  g88913/Y                      -       A->Y    R     XNOR2xp5_ASAP7_75t_SL        1  2.1    39    17     534    (-,-) 
  BF2_2_barrett_datai_reg[34]/D -       -       R     DFFHQx4_ASAP7_75t_SL         1    -     -     0     534    (-,-) 
#----------------------------------------------------------------------------------------------------------------------



Path 8: VIOLATED (-17 ps) Setup Check with Pin BF2_2_barrett_datai_reg[34]/CLK->D
          Group: clk
     Startpoint: (R) BF1_1_modei_reg[2]/CLK
          Clock: (R) clk
       Endpoint: (R) BF2_2_barrett_datai_reg[34]/D
          Clock: (R) clk

                     Capture       Launch     
        Clock Edge:+     555            0     
       Src Latency:+       0            0     
       Net Latency:+       0 (I)        0 (I) 
           Arrival:=     555            0     
                                              
             Setup:-      10                  
       Uncertainty:-      28                  
     Required Time:=     517                  
      Launch Clock:-       0                  
         Data Path:-     534                  
             Slack:=     -17                  

#---------------------------------------------------------------------------------------------------------------------
#         Timing Point          Flags    Arc    Edge          Cell           Fanout Load Trans Delay Arrival Instance 
#                                                                                   (fF)  (ps)  (ps)   (ps)  Location 
#---------------------------------------------------------------------------------------------------------------------
  BF1_1_modei_reg[2]/CLK        -       -       R     (arrival)                2845    -     0     0       0    (-,-) 
  BF1_1_modei_reg[2]/QN         -       CLK->QN F     DFFHQNx2_ASAP7_75t_SL       1  4.6    28    41      41    (-,-) 
  g102254/Y                     -       A->Y    R     INVx5_ASAP7_75t_SL          6  9.7    20    13      54    (-,-) 
  g102253/Y                     -       A->Y    R     AND3x4_ASAP7_75t_SL         2 10.3    24    27      81    (-,-) 
  fopt100382/Y                  -       A->Y    F     INVx11_ASAP7_75t_SL         7 30.7    23    14      95    (-,-) 
  g90444/Y                      -       A->Y    R     INVx8_ASAP7_75t_SL         10 19.1    23    14     109    (-,-) 
  fopt94573/Y                   -       A->Y    F     INVx5_ASAP7_75t_SL          3  4.7    11     7     116    (-,-) 
  g64390__102875/Y              -       B2->Y   F     AO22x2_ASAP7_75t_SL         2  6.6    23    26     142    (-,-) 
  g102874/Y                     -       A->Y    R     INVx5_ASAP7_75t_SL         12 19.5    32    19     160    (-,-) 
  BF2_2_mul_170_29_g102883/Y    -       B1->Y   F     AOI22x1_ASAP7_75t_SL        2  3.5    34    14     175    (-,-) 
  g101244/Y                     -       A2->Y   F     OA22x2_ASAP7_75t_SL         2  4.6    20    28     202    (-,-) 
  g101242/Y                     -       B->Y    F     XNOR2x1_ASAP7_75t_SL        1  2.5    20    19     221    (-,-) 
  g102819/Y                     -       A->Y    R     XOR2x2_ASAP7_75t_SL         2  4.6    20    30     252    (-,-) 
  g102818/Y                     -       B->Y    R     XNOR2x1_ASAP7_75t_SL        1  3.1    28    19     270    (-,-) 
  g102817/Y                     -       A->Y    R     XNOR2x1_ASAP7_75t_SL        2  3.9    34    22     293    (-,-) 
  g99213/Y                      -       B->Y    F     XOR2x2_ASAP7_75t_SL         2  4.5    18    23     316    (-,-) 
  g103054/Y                     -       B->Y    F     XNOR2x1_ASAP7_75t_SL        1  3.2    22    20     336    (-,-) 
  g103053/Y                     -       A->Y    F     XNOR2x1_ASAP7_75t_SL        1  3.2    23    20     356    (-,-) 
  g103052/Y                     -       A->Y    F     XNOR2x1_ASAP7_75t_SL        2  3.9    26    22     378    (-,-) 
  g90257/Y                      -       B->Y    F     AND2x4_ASAP7_75t_SL         4  9.5    17    22     400    (-,-) 
  g100033/Y                     -       A->Y    R     NOR3x2_ASAP7_75t_SL         1  3.1    19    11     411    (-,-) 
  g101662/Y                     -       A->Y    F     NAND4xp75_ASAP7_75t_SL      1  2.4    28    13     425    (-,-) 
  g1084/Y                       -       A1->Y   F     OA221x2_ASAP7_75t_SL        2  3.5    18    32     456    (-,-) 
  BF2_2_mul_170_29_g85233/Y     -       A1->Y   F     OA22x2_ASAP7_75t_SL         2  4.4    18    23     479    (-,-) 
  BF2_2_mul_170_29_g83819/Y     -       B->Y    F     AND2x6_ASAP7_75t_SL         8 14.6    19    24     503    (-,-) 
  g88914/Y                      -       A2->Y   R     OAI21x1_ASAP7_75t_SL        1  2.6    27    14     517    (-,-) 
  g88913/Y                      -       A->Y    R     XNOR2xp5_ASAP7_75t_SL       1  2.1    39    17     534    (-,-) 
  BF2_2_barrett_datai_reg[34]/D -       -       R     DFFHQx4_ASAP7_75t_SL        1    -     -     0     534    (-,-) 
#---------------------------------------------------------------------------------------------------------------------



Path 9: VIOLATED (-17 ps) Setup Check with Pin BF2_2_barrett_datai_reg[33]/CLK->D
          Group: clk
     Startpoint: (R) BF1_1_modei_reg[2]/CLK
          Clock: (R) clk
       Endpoint: (R) BF2_2_barrett_datai_reg[33]/D
          Clock: (R) clk

                     Capture       Launch     
        Clock Edge:+     555            0     
       Src Latency:+       0            0     
       Net Latency:+       0 (I)        0 (I) 
           Arrival:=     555            0     
                                              
             Setup:-      10                  
       Uncertainty:-      28                  
     Required Time:=     517                  
      Launch Clock:-       0                  
         Data Path:-     534                  
             Slack:=     -17                  

#----------------------------------------------------------------------------------------------------------------------
#         Timing Point          Flags    Arc    Edge          Cell            Fanout Load Trans Delay Arrival Instance 
#                                                                                    (fF)  (ps)  (ps)   (ps)  Location 
#----------------------------------------------------------------------------------------------------------------------
  BF1_1_modei_reg[2]/CLK        -       -       R     (arrival)                 2845    -     0     0       0    (-,-) 
  BF1_1_modei_reg[2]/QN         -       CLK->QN F     DFFHQNx2_ASAP7_75t_SL        1  4.6    28    41      41    (-,-) 
  g102254/Y                     -       A->Y    R     INVx5_ASAP7_75t_SL           6  9.7    20    13      54    (-,-) 
  g102253/Y                     -       A->Y    R     AND3x4_ASAP7_75t_SL          2 10.3    24    27      81    (-,-) 
  fopt100382/Y                  -       A->Y    F     INVx11_ASAP7_75t_SL          7 30.7    23    14      95    (-,-) 
  g91858/Y                      -       A->Y    F     BUFx12f_ASAP7_75t_SL         9 14.0    12    18     112    (-,-) 
  g64446__102485/Y              -       B2->Y   F     AO22x2_ASAP7_75t_SL          1  4.0    17    22     135    (-,-) 
  g102484/Y                     -       A->Y    F     BUFx12f_ASAP7_75t_SL        13 30.4    20    21     156    (-,-) 
  BF2_2_mul_170_29_g102486/Y    -       A->Y    R     CKINVDCx16_ASAP7_75t_SL     10 15.8    14    10     166    (-,-) 
  BF2_2_mul_170_29_g102490/Y    -       B1->Y   F     AOI22x1_ASAP7_75t_SL         2  3.5    30    13     178    (-,-) 
  g101243/Y                     -       A1->Y   F     OA22x2_ASAP7_75t_SL          2  4.5    19    25     203    (-,-) 
  g101242/Y                     -       A->Y    F     XNOR2x1_ASAP7_75t_SL         1  2.5    20    18     222    (-,-) 
  g102819/Y                     -       A->Y    R     XOR2x2_ASAP7_75t_SL          2  4.6    20    30     252    (-,-) 
  g102818/Y                     -       B->Y    R     XNOR2x1_ASAP7_75t_SL         1  3.1    28    19     270    (-,-) 
  g102817/Y                     -       A->Y    R     XNOR2x1_ASAP7_75t_SL         2  3.9    34    22     293    (-,-) 
  g99213/Y                      -       B->Y    F     XOR2x2_ASAP7_75t_SL          2  4.5    18    23     316    (-,-) 
  g103054/Y                     -       B->Y    F     XNOR2x1_ASAP7_75t_SL         1  3.2    22    20     336    (-,-) 
  g103053/Y                     -       A->Y    F     XNOR2x1_ASAP7_75t_SL         1  3.2    23    20     357    (-,-) 
  g103052/Y                     -       A->Y    F     XNOR2x1_ASAP7_75t_SL         2  3.9    26    22     378    (-,-) 
  g90257/Y                      -       B->Y    F     AND2x4_ASAP7_75t_SL          4  9.5    17    22     401    (-,-) 
  g100033/Y                     -       A->Y    R     NOR3x2_ASAP7_75t_SL          1  3.1    19    11     411    (-,-) 
  g101662/Y                     -       A->Y    F     NAND4xp75_ASAP7_75t_SL       1  2.4    28    13     425    (-,-) 
  g1084/Y                       -       A1->Y   F     OA221x2_ASAP7_75t_SL         2  3.5    18    32     456    (-,-) 
  BF2_2_mul_170_29_g85233/Y     -       A1->Y   F     OA22x2_ASAP7_75t_SL          2  4.4    18    23     479    (-,-) 
  BF2_2_mul_170_29_g83819/Y     -       B->Y    F     AND2x6_ASAP7_75t_SL          8 14.6    19    24     503    (-,-) 
  g100367/Y                     -       A2->Y   R     OAI21x1_ASAP7_75t_SL         1  2.6    29    14     517    (-,-) 
  g88987/Y                      -       A->Y    R     XNOR2xp5_ASAP7_75t_SL        1  2.1    37    17     534    (-,-) 
  BF2_2_barrett_datai_reg[33]/D -       -       R     DFFHQx4_ASAP7_75t_SL         1    -     -     0     534    (-,-) 
#----------------------------------------------------------------------------------------------------------------------



Path 10: VIOLATED (-17 ps) Setup Check with Pin BF2_2_barrett_datai_reg[33]/CLK->D
          Group: clk
     Startpoint: (R) BF1_1_modei_reg[2]/CLK
          Clock: (R) clk
       Endpoint: (F) BF2_2_barrett_datai_reg[33]/D
          Clock: (R) clk

                     Capture       Launch     
        Clock Edge:+     555            0     
       Src Latency:+       0            0     
       Net Latency:+       0 (I)        0 (I) 
           Arrival:=     555            0     
                                              
             Setup:-       6                  
       Uncertainty:-      28                  
     Required Time:=     521                  
      Launch Clock:-       0                  
         Data Path:-     538                  
             Slack:=     -17                  

#---------------------------------------------------------------------------------------------------------------------
#         Timing Point          Flags    Arc    Edge          Cell           Fanout Load Trans Delay Arrival Instance 
#                                                                                   (fF)  (ps)  (ps)   (ps)  Location 
#---------------------------------------------------------------------------------------------------------------------
  BF1_1_modei_reg[2]/CLK        -       -       R     (arrival)                2845    -     0     0       0    (-,-) 
  BF1_1_modei_reg[2]/QN         -       CLK->QN F     DFFHQNx2_ASAP7_75t_SL       1  4.6    28    41      41    (-,-) 
  g102254/Y                     -       A->Y    R     INVx5_ASAP7_75t_SL          6  9.7    20    13      54    (-,-) 
  g102253/Y                     -       A->Y    R     AND3x4_ASAP7_75t_SL         2 10.3    24    27      81    (-,-) 
  fopt100382/Y                  -       A->Y    F     INVx11_ASAP7_75t_SL         7 30.7    23    14      95    (-,-) 
  g91882/Y                      -       A->Y    R     INVx11_ASAP7_75t_SL        13 23.5    22    14     109    (-,-) 
  g91888/Y                      -       A->Y    F     INVx8_ASAP7_75t_SL          5  9.4    13     8     116    (-,-) 
  g64297__100637/Y              -       B2->Y   F     AO22x2_ASAP7_75t_SL         1  4.0    18    23     139    (-,-) 
  fopt100636/Y                  -       A->Y    F     BUFx12f_ASAP7_75t_SL       12 26.3    18    20     159    (-,-) 
  fopt100644/Y                  -       A->Y    R     INVx5_ASAP7_75t_SL          2  3.4    10     7     166    (-,-) 
  BF2_2_mul_170_29_g100646/Y    -       B2->Y   R     AO22x2_ASAP7_75t_SL         2  4.1    21    20     186    (-,-) 
  BF2_2_mul_170_29_g19350/Y     -       A->Y    F     INVx2_ASAP7_75t_SL          1  2.1    11     7     193    (-,-) 
  g102159/Y                     -       A1->Y   F     OA22x2_ASAP7_75t_SL         2  4.9    20    22     216    (-,-) 
  g102158/Y                     -       A->Y    F     XNOR2x1_ASAP7_75t_SL        1  3.2    22    20     236    (-,-) 
  g308/Y                        -       A->Y    F     XNOR2x1_ASAP7_75t_SL        2  4.2    27    22     258    (-,-) 
  g99430/Y                      -       A->Y    F     XNOR2x1_ASAP7_75t_SL        1  2.5    21    20     278    (-,-) 
  g91718/Y                      -       A->Y    R     XOR2x2_ASAP7_75t_SL         2  4.5    20    30     308    (-,-) 
  g102154/Y                     -       A->Y    R     MAJx2_ASAP7_75t_SL          2  4.4    20    23     331    (-,-) 
  g102153/Y                     -       A->Y    R     MAJx2_ASAP7_75t_SL          2  4.5    20    24     355    (-,-) 
  g412/Y                        -       A->Y    R     XOR2x1_ASAP7_75t_SL         1  3.1    28    21     376    (-,-) 
  g410/Y                        -       A->Y    R     XNOR2x1_ASAP7_75t_SL        2  3.8    33    22     398    (-,-) 
  BF2_2_mul_170_29_g84623/Y     -       B->Y    R     AND2x4_ASAP7_75t_SL         3  5.8    15    19     417    (-,-) 
  BF2_2_mul_170_29_g17448/Y     -       B->Y    R     OR2x6_ASAP7_75t_SL          2  4.4    11    18     434    (-,-) 
  BF2_2_mul_170_29_g17430/Y     -       A->Y    F     NOR2x1p5_ASAP7_75t_SL       2  4.4    20    12     447    (-,-) 
  BF2_2_mul_170_29_g17410/Y     -       B->Y    R     NAND2x1p5_ASAP7_75t_SL      1  2.1    15    11     458    (-,-) 
  BF2_2_mul_170_29_g85233/Y     -       A2->Y   R     OA22x2_ASAP7_75t_SL         2  4.4    20    22     479    (-,-) 
  BF2_2_mul_170_29_g83819/Y     -       B->Y    R     AND2x6_ASAP7_75t_SL         8 14.5    22    24     504    (-,-) 
  g100367/Y                     -       A2->Y   F     OAI21x1_ASAP7_75t_SL        1  2.6    23    11     514    (-,-) 
  g88987/Y                      -       A->Y    F     XNOR2xp5_ASAP7_75t_SL       1  2.1    29    24     538    (-,-) 
  BF2_2_barrett_datai_reg[33]/D -       -       F     DFFHQx4_ASAP7_75t_SL        1    -     -     0     538    (-,-) 
#---------------------------------------------------------------------------------------------------------------------



Path 11: VIOLATED (-17 ps) Setup Check with Pin BF2_2_barrett_datai_reg[33]/CLK->D
          Group: clk
     Startpoint: (R) BF1_1_modei_reg[2]/CLK
          Clock: (R) clk
       Endpoint: (F) BF2_2_barrett_datai_reg[33]/D
          Clock: (R) clk

                     Capture       Launch     
        Clock Edge:+     555            0     
       Src Latency:+       0            0     
       Net Latency:+       0 (I)        0 (I) 
           Arrival:=     555            0     
                                              
             Setup:-       6                  
       Uncertainty:-      28                  
     Required Time:=     521                  
      Launch Clock:-       0                  
         Data Path:-     538                  
             Slack:=     -17                  

#----------------------------------------------------------------------------------------------------------------------
#         Timing Point          Flags    Arc    Edge          Cell            Fanout Load Trans Delay Arrival Instance 
#                                                                                    (fF)  (ps)  (ps)   (ps)  Location 
#----------------------------------------------------------------------------------------------------------------------
  BF1_1_modei_reg[2]/CLK        -       -       R     (arrival)                 2845    -     0     0       0    (-,-) 
  BF1_1_modei_reg[2]/QN         -       CLK->QN F     DFFHQNx2_ASAP7_75t_SL        1  4.6    28    41      41    (-,-) 
  g102254/Y                     -       A->Y    R     INVx5_ASAP7_75t_SL           6  9.7    20    13      54    (-,-) 
  g102253/Y                     -       A->Y    R     AND3x4_ASAP7_75t_SL          2 10.3    24    27      81    (-,-) 
  fopt100382/Y                  -       A->Y    F     INVx11_ASAP7_75t_SL          7 30.7    23    14      95    (-,-) 
  g91858/Y                      -       A->Y    F     BUFx12f_ASAP7_75t_SL         9 14.0    12    18     112    (-,-) 
  g64409__91861/Y               -       A1->Y   F     OA22x2_ASAP7_75t_SL          1  6.5    23    25     138    (-,-) 
  g64401/Y                      -       A->Y    R     INVx8_ASAP7_75t_SL          12 27.4    30    18     155    (-,-) 
  BF2_2_mul_170_29_g19830/Y     -       A->Y    F     CKINVDCx16_ASAP7_75t_SL     12 17.6    15     9     164    (-,-) 
  BF2_2_mul_170_29_g87182/Y     -       B1->Y   R     AOI22xp5_ASAP7_75t_SL        2  3.4    52    26     190    (-,-) 
  BF2_2_mul_170_29_g18850/Y     -       B2->Y   F     OAI22xp5_ASAP7_75t_SL        2  4.1    52    25     216    (-,-) 
  g99718/Y                      -       B->Y    F     MAJx2_ASAP7_75t_SL           2  4.5    20    34     249    (-,-) 
  g100191/Y                     -       A->Y    F     XNOR2x1_ASAP7_75t_SL         1  2.5    18    19     268    (-,-) 
  g101452/Y                     -       A->Y    R     XOR2x2_ASAP7_75t_SL          2  4.5    20    30     298    (-,-) 
  g101451/Y                     -       B->Y    R     XNOR2x1_ASAP7_75t_SL         1  2.4    24    17     315    (-,-) 
  g53/Y                         -       A->Y    F     XOR2x2_ASAP7_75t_SL          2  5.1    19    25     340    (-,-) 
  g89435/Y                      -       B->Y    F     XNOR2x1_ASAP7_75t_SL         2  4.8    31    24     364    (-,-) 
  g90087/Y                      -       B->Y    R     XNOR2x2_ASAP7_75t_SL         1  3.7    18    27     391    (-,-) 
  g101670/Y                     -       B->Y    F     NOR2x2_ASAP7_75t_SL          2  3.1    18    10     401    (-,-) 
  g101669/Y                     -       A1->Y   F     AO21x2_ASAP7_75t_SL          1  2.7    13    21     422    (-,-) 
  g1088/Y                       -       B->Y    R     AOI21x1_ASAP7_75t_SL         1  2.5    25    14     436    (-,-) 
  g1084/Y                       -       C->Y    R     OA221x2_ASAP7_75t_SL         2  3.5    17    20     456    (-,-) 
  BF2_2_mul_170_29_g85233/Y     -       A1->Y   R     OA22x2_ASAP7_75t_SL          2  4.4    20    23     479    (-,-) 
  BF2_2_mul_170_29_g83819/Y     -       B->Y    R     AND2x6_ASAP7_75t_SL          8 14.5    22    24     504    (-,-) 
  g100367/Y                     -       A2->Y   F     OAI21x1_ASAP7_75t_SL         1  2.6    23    11     514    (-,-) 
  g88987/Y                      -       A->Y    F     XNOR2xp5_ASAP7_75t_SL        1  2.1    29    24     538    (-,-) 
  BF2_2_barrett_datai_reg[33]/D -       -       F     DFFHQx4_ASAP7_75t_SL         1    -     -     0     538    (-,-) 
#----------------------------------------------------------------------------------------------------------------------



Path 12: VIOLATED (-17 ps) Setup Check with Pin BF2_2_barrett_datai_reg[33]/CLK->D
          Group: clk
     Startpoint: (R) BF1_1_modei_reg[2]/CLK
          Clock: (R) clk
       Endpoint: (F) BF2_2_barrett_datai_reg[33]/D
          Clock: (R) clk

                     Capture       Launch     
        Clock Edge:+     555            0     
       Src Latency:+       0            0     
       Net Latency:+       0 (I)        0 (I) 
           Arrival:=     555            0     
                                              
             Setup:-       6                  
       Uncertainty:-      28                  
     Required Time:=     521                  
      Launch Clock:-       0                  
         Data Path:-     538                  
             Slack:=     -17                  

#----------------------------------------------------------------------------------------------------------------------
#         Timing Point          Flags    Arc    Edge          Cell            Fanout Load Trans Delay Arrival Instance 
#                                                                                    (fF)  (ps)  (ps)   (ps)  Location 
#----------------------------------------------------------------------------------------------------------------------
  BF1_1_modei_reg[2]/CLK        -       -       R     (arrival)                 2845    -     0     0       0    (-,-) 
  BF1_1_modei_reg[2]/QN         -       CLK->QN F     DFFHQNx2_ASAP7_75t_SL        1  4.6    28    41      41    (-,-) 
  g102254/Y                     -       A->Y    R     INVx5_ASAP7_75t_SL           6  9.7    20    13      54    (-,-) 
  g102253/Y                     -       A->Y    R     AND3x4_ASAP7_75t_SL          2 10.3    24    27      81    (-,-) 
  fopt100382/Y                  -       A->Y    F     INVx11_ASAP7_75t_SL          7 30.7    23    14      95    (-,-) 
  g90311/Y                      -       A->Y    R     INVx5_ASAP7_75t_SL          10 14.5    25    16     110    (-,-) 
  g64446__102485/Y              -       A2->Y   R     AO22x2_ASAP7_75t_SL          1  4.0    19    24     134    (-,-) 
  g102484/Y                     -       A->Y    R     BUFx12f_ASAP7_75t_SL        13 30.4    24    21     155    (-,-) 
  BF2_2_mul_170_29_g102486/Y    -       A->Y    F     CKINVDCx16_ASAP7_75t_SL     10 15.8    13     8     163    (-,-) 
  BF2_2_mul_170_29_g102490/Y    -       B1->Y   R     AOI22x1_ASAP7_75t_SL         2  3.5    34    17     180    (-,-) 
  g101243/Y                     -       A1->Y   R     OA22x2_ASAP7_75t_SL          2  4.4    21    25     205    (-,-) 
  g101242/Y                     -       A->Y    R     XNOR2x1_ASAP7_75t_SL         1  2.4    24    19     224    (-,-) 
  g102819/Y                     -       A->Y    F     XOR2x2_ASAP7_75t_SL          2  4.6    18    24     249    (-,-) 
  g102818/Y                     -       B->Y    F     XNOR2x1_ASAP7_75t_SL         1  3.2    22    20     269    (-,-) 
  g102817/Y                     -       A->Y    F     XNOR2x1_ASAP7_75t_SL         2  3.9    25    22     291    (-,-) 
  g99213/Y                      -       B->Y    R     XOR2x2_ASAP7_75t_SL          2  4.5    20    32     323    (-,-) 
  g103054/Y                     -       B->Y    R     XNOR2x1_ASAP7_75t_SL         1  3.1    28    19     341    (-,-) 
  g103053/Y                     -       A->Y    R     XNOR2x1_ASAP7_75t_SL         1  3.1    29    21     362    (-,-) 
  g103052/Y                     -       A->Y    R     XNOR2x1_ASAP7_75t_SL         2  3.9    34    22     385    (-,-) 
  g87987/Y                      -       B->Y    R     OR2x2_ASAP7_75t_SL           2  4.1    18    22     406    (-,-) 
  g101657/Y                     -       B->Y    F     OAI21x1_ASAP7_75t_SL         2  3.9    25    15     422    (-,-) 
  g1088/Y                       -       A2->Y   R     AOI21x1_ASAP7_75t_SL         1  2.5    25    15     436    (-,-) 
  g1084/Y                       -       C->Y    R     OA221x2_ASAP7_75t_SL         2  3.5    17    20     456    (-,-) 
  BF2_2_mul_170_29_g85233/Y     -       A1->Y   R     OA22x2_ASAP7_75t_SL          2  4.4    20    23     479    (-,-) 
  BF2_2_mul_170_29_g83819/Y     -       B->Y    R     AND2x6_ASAP7_75t_SL          8 14.5    22    24     504    (-,-) 
  g100367/Y                     -       A2->Y   F     OAI21x1_ASAP7_75t_SL         1  2.6    23    11     514    (-,-) 
  g88987/Y                      -       A->Y    F     XNOR2xp5_ASAP7_75t_SL        1  2.1    29    24     538    (-,-) 
  BF2_2_barrett_datai_reg[33]/D -       -       F     DFFHQx4_ASAP7_75t_SL         1    -     -     0     538    (-,-) 
#----------------------------------------------------------------------------------------------------------------------



Path 13: VIOLATED (-17 ps) Setup Check with Pin BF2_1_barrett_datai_reg[33]/CLK->D
          Group: clk
     Startpoint: (R) BF1_1_modei_reg[2]/CLK
          Clock: (R) clk
       Endpoint: (R) BF2_1_barrett_datai_reg[33]/D
          Clock: (R) clk

                     Capture       Launch     
        Clock Edge:+     555            0     
       Src Latency:+       0            0     
       Net Latency:+       0 (I)        0 (I) 
           Arrival:=     555            0     
                                              
             Setup:-      10                  
       Uncertainty:-      28                  
     Required Time:=     517                  
      Launch Clock:-       0                  
         Data Path:-     534                  
             Slack:=     -17                  

#---------------------------------------------------------------------------------------------------------------------------
#            Timing Point             Flags    Arc    Edge          Cell           Fanout Load Trans Delay Arrival Instance 
#                                                                                         (fF)  (ps)  (ps)   (ps)  Location 
#---------------------------------------------------------------------------------------------------------------------------
  BF1_1_modei_reg[2]/CLK              -       -       R     (arrival)                2845    -     0     0       0    (-,-) 
  BF1_1_modei_reg[2]/QN               -       CLK->QN F     DFFHQNx2_ASAP7_75t_SL       1  4.6    28    41      41    (-,-) 
  g102254/Y                           -       A->Y    R     INVx5_ASAP7_75t_SL          6  9.7    20    13      54    (-,-) 
  g102253/Y                           -       A->Y    R     AND3x4_ASAP7_75t_SL         2 10.3    24    27      81    (-,-) 
  fopt100382/Y                        -       A->Y    F     INVx11_ASAP7_75t_SL         7 30.7    23    14      95    (-,-) 
  g90311/Y                            -       A->Y    R     INVx5_ASAP7_75t_SL         10 14.5    25    16     110    (-,-) 
  g91859/Y                            -       A2->Y   R     AO22x2_ASAP7_75t_SL         2  4.8    21    25     136    (-,-) 
  fopt83506/Y                         -       A->Y    R     BUFx6f_ASAP7_75t_SL         4 11.9    17    18     154    (-,-) 
  fopt83505/Y                         -       A->Y    F     INVx8_ASAP7_75t_SL          8 12.4    14     8     162    (-,-) 
  BF2_1_mul_170_29_g19221/Y           -       B2->Y   F     AO22x1_ASAP7_75t_SL         2  3.5    24    26     188    (-,-) 
  BF2_1_mul_170_29_g92785/Y           -       B2->Y   F     AO22x2_ASAP7_75t_SL         2  3.9    18    25     213    (-,-) 
  BF2_1_mul_170_29_g18602/Y           -       A->Y    R     XNOR2x2_ASAP7_75t_SL        2  4.3    21    25     238    (-,-) 
  BF2_1_mul_170_29_g18298/Y           -       A->Y    F     XNOR2x2_ASAP7_75t_L         1  2.5    14    32     270    (-,-) 
  BF2_1_mul_170_29_g18183/Y           -       A->Y    F     XOR2x2_ASAP7_75t_SL         2  3.9    16    24     294    (-,-) 
  BF2_1_mul_170_29_g17995/Y           -       A->Y    R     XOR2x2_ASAP7_75t_SL         2  4.8    22    30     324    (-,-) 
  BF2_1_mul_170_29_g86261/Y           -       B->Y    F     NOR2x1p5_ASAP7_75t_SL       2  4.1    21    13     337    (-,-) 
  BF2_1_mul_170_29_g17937/Y           -       A->Y    R     INVx2_ASAP7_75t_SL          2  4.4    20    13     350    (-,-) 
  BF2_1_mul_170_29_g17883/Y           -       B->Y    F     NAND2x1p5_ASAP7_75t_L       2  4.4    22    14     364    (-,-) 
  BF2_1_mul_170_29_g17820/Y           -       B->Y    R     NOR2x1p5_ASAP7_75t_SL       1  3.1    21    13     377    (-,-) 
  g102445/Y                           -       A->Y    F     NAND2x1p5_ASAP7_75t_SL      1  2.6    17     8     385    (-,-) 
  BF2_1_mul_170_29_g102444/Y          -       A2->Y   R     OAI21x1_ASAP7_75t_SL        2  4.6    38    19     404    (-,-) 
  g102443/Y                           -       A->Y    F     NAND2x2_ASAP7_75t_SL        1  2.6    15     6     410    (-,-) 
  g1323/Y                             -       A->Y    F     AND2x4_ASAP7_75t_SL         3  5.6    12    18     428    (-,-) 
  g90713/Y                            -       A2->Y   F     OA221x2_ASAP7_75t_SL        3  4.8    21    32     460    (-,-) 
  BF2_1_mul_170_29_g85538_dup100183/Y -       A1->Y   F     OA22x2_ASAP7_75t_SL         1  2.6    14    20     480    (-,-) 
  g94022/Y                            -       B->Y    F     AND2x6_ASAP7_75t_SL         8 14.2    19    23     503    (-,-) 
  g88617/Y                            -       A2->Y   R     OAI21x1_ASAP7_75t_SL        1  2.6    29    14     517    (-,-) 
  g88616/Y                            -       A->Y    R     XNOR2xp5_ASAP7_75t_SL       1  2.1    36    17     534    (-,-) 
  BF2_1_barrett_datai_reg[33]/D       -       -       R     DFFHQx4_ASAP7_75t_SL        1    -     -     0     534    (-,-) 
#---------------------------------------------------------------------------------------------------------------------------



Path 14: VIOLATED (-17 ps) Setup Check with Pin BF2_1_barrett_datai_reg[33]/CLK->D
          Group: clk
     Startpoint: (R) BF1_1_modei_reg[2]/CLK
          Clock: (R) clk
       Endpoint: (F) BF2_1_barrett_datai_reg[33]/D
          Clock: (R) clk

                     Capture       Launch     
        Clock Edge:+     555            0     
       Src Latency:+       0            0     
       Net Latency:+       0 (I)        0 (I) 
           Arrival:=     555            0     
                                              
             Setup:-       6                  
       Uncertainty:-      28                  
     Required Time:=     521                  
      Launch Clock:-       0                  
         Data Path:-     538                  
             Slack:=     -17                  

#---------------------------------------------------------------------------------------------------------------------------
#            Timing Point             Flags    Arc    Edge          Cell           Fanout Load Trans Delay Arrival Instance 
#                                                                                         (fF)  (ps)  (ps)   (ps)  Location 
#---------------------------------------------------------------------------------------------------------------------------
  BF1_1_modei_reg[2]/CLK              -       -       R     (arrival)                2845    -     0     0       0    (-,-) 
  BF1_1_modei_reg[2]/QN               -       CLK->QN F     DFFHQNx2_ASAP7_75t_SL       1  4.6    28    41      41    (-,-) 
  g102254/Y                           -       A->Y    R     INVx5_ASAP7_75t_SL          6  9.7    20    13      54    (-,-) 
  g102253/Y                           -       A->Y    R     AND3x4_ASAP7_75t_SL         2 10.3    24    27      81    (-,-) 
  fopt100382/Y                        -       A->Y    F     INVx11_ASAP7_75t_SL         7 30.7    23    14      95    (-,-) 
  g90460/Y                            -       A->Y    F     BUFx12f_ASAP7_75t_SL       12 16.6    14    18     113    (-,-) 
  g90464/Y                            -       B2->Y   F     AO22x2_ASAP7_75t_SL         2  4.8    20    24     137    (-,-) 
  fopt91817/Y                         -       A->Y    F     BUFx6f_ASAP7_75t_SL         4 10.4    14    18     156    (-,-) 
  fopt91815/Y                         -       A->Y    R     INVx5_ASAP7_75t_SL          4  7.7    14     9     165    (-,-) 
  BF2_1_mul_170_29_g85529/Y           -       A2->Y   R     OA22x2_ASAP7_75t_SL         2  4.1    20    21     186    (-,-) 
  BF2_1_mul_170_29_g19335/Y           -       A->Y    F     INVx2_ASAP7_75t_SL          1  2.1    11     7     193    (-,-) 
  BF2_1_mul_170_29_g101574/Y          -       B2->Y   F     AO22x2_ASAP7_75t_SL         2  5.0    20    24     216    (-,-) 
  g102331/Y                           -       C->Y    F     MAJx2_ASAP7_75t_SL          2  4.6    18    25     241    (-,-) 
  g102333/Y                           -       A->Y    F     XOR2x1_ASAP7_75t_SL         1  2.6    21    20     261    (-,-) 
  BF2_1_mul_170_29_g18102/Y           -       B->Y    R     XOR2x2_ASAP7_75t_SL         2  4.4    20    31     292    (-,-) 
  g99040/Y                            -       A->Y    R     XNOR2x1_ASAP7_75t_SL        1  3.1    28    20     312    (-,-) 
  g99039/Y                            -       A->Y    R     XNOR2x1_ASAP7_75t_SL        2  4.0    34    22     335    (-,-) 
  g428/Y                              -       A->Y    F     INVx1_ASAP7_75t_SL          1  2.6    22    14     348    (-,-) 
  g99331/Y                            -       B->Y    R     XOR2x2_ASAP7_75t_SL         2  4.4    20    31     380    (-,-) 
  g99908/Y                            -       A->Y    R     XNOR2x1_ASAP7_75t_SL        2  3.8    32    21     401    (-,-) 
  g102428/Y                           -       B->Y    R     AND2x4_ASAP7_75t_SL         3  5.5    14    19     419    (-,-) 
  BF2_1_mul_170_29_g17448_dup99912/Y  -       B->Y    R     OR2x6_ASAP7_75t_SL          1  3.7    10    17     437    (-,-) 
  g1363/Y                             -       B->Y    F     NOR2x2_ASAP7_75t_SL         2  4.5    19    11     447    (-,-) 
  BF2_1_mul_170_29_g90717/Y           -       B->Y    R     NAND2x1p5_ASAP7_75t_SL      2  3.4    20    13     460    (-,-) 
  BF2_1_mul_170_29_g85538_dup100183/Y -       A2->Y   R     OA22x2_ASAP7_75t_SL         1  2.6    14    20     480    (-,-) 
  g94022/Y                            -       B->Y    R     AND2x6_ASAP7_75t_SL         8 14.1    22    23     504    (-,-) 
  g88617/Y                            -       A2->Y   F     OAI21x1_ASAP7_75t_SL        1  2.6    24    11     514    (-,-) 
  g88616/Y                            -       A->Y    F     XNOR2xp5_ASAP7_75t_SL       1  2.1    29    24     538    (-,-) 
  BF2_1_barrett_datai_reg[33]/D       -       -       F     DFFHQx4_ASAP7_75t_SL        1    -     -     0     538    (-,-) 
#---------------------------------------------------------------------------------------------------------------------------



Path 15: VIOLATED (-17 ps) Setup Check with Pin BF2_1_barrett_datai_reg[33]/CLK->D
          Group: clk
     Startpoint: (R) BF1_1_modei_reg[2]/CLK
          Clock: (R) clk
       Endpoint: (F) BF2_1_barrett_datai_reg[33]/D
          Clock: (R) clk

                     Capture       Launch     
        Clock Edge:+     555            0     
       Src Latency:+       0            0     
       Net Latency:+       0 (I)        0 (I) 
           Arrival:=     555            0     
                                              
             Setup:-       6                  
       Uncertainty:-      28                  
     Required Time:=     521                  
      Launch Clock:-       0                  
         Data Path:-     538                  
             Slack:=     -17                  

#---------------------------------------------------------------------------------------------------------------------------
#            Timing Point             Flags    Arc    Edge          Cell           Fanout Load Trans Delay Arrival Instance 
#                                                                                         (fF)  (ps)  (ps)   (ps)  Location 
#---------------------------------------------------------------------------------------------------------------------------
  BF1_1_modei_reg[2]/CLK              -       -       R     (arrival)                2845    -     0     0       0    (-,-) 
  BF1_1_modei_reg[2]/QN               -       CLK->QN F     DFFHQNx2_ASAP7_75t_SL       1  4.6    28    41      41    (-,-) 
  g102254/Y                           -       A->Y    R     INVx5_ASAP7_75t_SL          6  9.7    20    13      54    (-,-) 
  g102253/Y                           -       A->Y    R     AND3x4_ASAP7_75t_SL         2 10.3    24    27      81    (-,-) 
  fopt100382/Y                        -       A->Y    F     INVx11_ASAP7_75t_SL         7 30.7    23    14      95    (-,-) 
  g90460/Y                            -       A->Y    F     BUFx12f_ASAP7_75t_SL       12 16.6    14    18     113    (-,-) 
  g90469/Y                            -       B1->Y   F     AO22x2_ASAP7_75t_SL         1  4.0    17    24     137    (-,-) 
  g85645/Y                            -       A->Y    F     BUFx12f_ASAP7_75t_SL       14 26.9    19    20     157    (-,-) 
  BF2_1_mul_170_29_g85647/Y           -       A->Y    R     INVx11_ASAP7_75t_SL         8 11.6    14     9     166    (-,-) 
  BF2_1_mul_170_29_g85655/Y           -       A2->Y   F     OAI22xp5_ASAP7_75t_SL       2  3.4    43    20     186    (-,-) 
  BF2_1_mul_170_29_g18949/Y           -       A1->Y   R     AOI22xp5_ASAP7_75t_SL       2  4.3    69    35     221    (-,-) 
  g211/Y                              -       C->Y    R     MAJx2_ASAP7_75t_SL          3  7.0    29    29     250    (-,-) 
  g89777/Y                            -       A->Y    F     INVx1_ASAP7_75t_SL          1  2.1    19    11     261    (-,-) 
  g99568/Y                            -       A->Y    F     MAJx2_ASAP7_75t_SL          2  5.0    19    26     287    (-,-) 
  BF2_1_mul_170_29_g18047/Y           -       C->Y    F     MAJx2_ASAP7_75t_SL          2  4.5    18    25     312    (-,-) 
  g188/Y                              -       B->Y    F     XOR2x2_ASAP7_75t_SL         1  3.2    15    22     334    (-,-) 
  g102280/Y                           -       B->Y    F     XNOR2x1_ASAP7_75t_SL        2  3.7    24    21     355    (-,-) 
  BF2_1_mul_170_29_g85218/Y           -       A->Y    R     XOR2x2_ASAP7_75t_SL         1  3.2    16    29     383    (-,-) 
  g100292/Y                           -       B->Y    R     XNOR2x1_ASAP7_75t_SL        2  3.8    32    19     403    (-,-) 
  BF2_1_mul_170_29_g101987/Y          -       B->Y    R     AND2x4_ASAP7_75t_SL         2  5.1    14    18     421    (-,-) 
  BF2_1_mul_170_29_g86286/Y           -       B->Y    F     NOR2x1p5_ASAP7_75t_SL       1  2.6    15     9     430    (-,-) 
  BF2_1_mul_170_29_g17429/Y           -       A->Y    F     AND2x4_ASAP7_75t_SL         2  5.1    11    18     448    (-,-) 
  BF2_1_mul_170_29_g90717/Y           -       A->Y    R     NAND2x1p5_ASAP7_75t_SL      2  3.4    20    12     460    (-,-) 
  BF2_1_mul_170_29_g85538_dup100183/Y -       A2->Y   R     OA22x2_ASAP7_75t_SL         1  2.6    14    20     480    (-,-) 
  g94022/Y                            -       B->Y    R     AND2x6_ASAP7_75t_SL         8 14.1    22    23     504    (-,-) 
  g88617/Y                            -       A2->Y   F     OAI21x1_ASAP7_75t_SL        1  2.6    24    11     514    (-,-) 
  g88616/Y                            -       A->Y    F     XNOR2xp5_ASAP7_75t_SL       1  2.1    29    24     538    (-,-) 
  BF2_1_barrett_datai_reg[33]/D       -       -       F     DFFHQx4_ASAP7_75t_SL        1    -     -     0     538    (-,-) 
#---------------------------------------------------------------------------------------------------------------------------



Path 16: VIOLATED (-17 ps) Setup Check with Pin BF2_2_barrett_datai_reg[41]/CLK->D
          Group: clk
     Startpoint: (R) BF1_1_modei_reg[2]/CLK
          Clock: (R) clk
       Endpoint: (R) BF2_2_barrett_datai_reg[41]/D
          Clock: (R) clk

                     Capture       Launch     
        Clock Edge:+     555            0     
       Src Latency:+       0            0     
       Net Latency:+       0 (I)        0 (I) 
           Arrival:=     555            0     
                                              
             Setup:-      10                  
       Uncertainty:-      28                  
     Required Time:=     517                  
      Launch Clock:-       0                  
         Data Path:-     534                  
             Slack:=     -17                  

#----------------------------------------------------------------------------------------------------------------------
#         Timing Point          Flags    Arc    Edge          Cell            Fanout Load Trans Delay Arrival Instance 
#                                                                                    (fF)  (ps)  (ps)   (ps)  Location 
#----------------------------------------------------------------------------------------------------------------------
  BF1_1_modei_reg[2]/CLK        -       -       R     (arrival)                 2845    -     0     0       0    (-,-) 
  BF1_1_modei_reg[2]/QN         -       CLK->QN F     DFFHQNx2_ASAP7_75t_SL        1  4.6    28    41      41    (-,-) 
  g102254/Y                     -       A->Y    R     INVx5_ASAP7_75t_SL           6  9.7    20    13      54    (-,-) 
  g102253/Y                     -       A->Y    R     AND3x4_ASAP7_75t_SL          2 10.3    24    27      81    (-,-) 
  fopt100382/Y                  -       A->Y    F     INVx11_ASAP7_75t_SL          7 30.7    23    14      95    (-,-) 
  g91858/Y                      -       A->Y    F     BUFx12f_ASAP7_75t_SL         9 14.0    12    18     112    (-,-) 
  g64446__102485/Y              -       B2->Y   F     AO22x2_ASAP7_75t_SL          1  4.0    17    22     135    (-,-) 
  g102484/Y                     -       A->Y    F     BUFx12f_ASAP7_75t_SL        13 30.4    20    21     156    (-,-) 
  BF2_2_mul_170_29_g102486/Y    -       A->Y    R     CKINVDCx16_ASAP7_75t_SL     10 15.8    14    10     166    (-,-) 
  BF2_2_mul_170_29_g102490/Y    -       B1->Y   F     AOI22x1_ASAP7_75t_SL         2  3.5    30    13     178    (-,-) 
  g101243/Y                     -       A1->Y   F     OA22x2_ASAP7_75t_SL          2  4.5    19    25     203    (-,-) 
  g101242/Y                     -       A->Y    F     XNOR2x1_ASAP7_75t_SL         1  2.5    20    18     222    (-,-) 
  g102819/Y                     -       A->Y    R     XOR2x2_ASAP7_75t_SL          2  4.6    20    30     252    (-,-) 
  g102818/Y                     -       B->Y    R     XNOR2x1_ASAP7_75t_SL         1  3.1    28    19     270    (-,-) 
  g102817/Y                     -       A->Y    R     XNOR2x1_ASAP7_75t_SL         2  3.9    34    22     293    (-,-) 
  g99213/Y                      -       B->Y    F     XOR2x2_ASAP7_75t_SL          2  4.5    18    23     316    (-,-) 
  g103054/Y                     -       B->Y    F     XNOR2x1_ASAP7_75t_SL         1  3.2    22    20     336    (-,-) 
  g103053/Y                     -       A->Y    F     XNOR2x1_ASAP7_75t_SL         1  3.2    23    20     357    (-,-) 
  g103052/Y                     -       A->Y    F     XNOR2x1_ASAP7_75t_SL         2  3.9    26    22     378    (-,-) 
  g90257/Y                      -       B->Y    F     AND2x4_ASAP7_75t_SL          4  9.5    17    22     401    (-,-) 
  g100033/Y                     -       A->Y    R     NOR3x2_ASAP7_75t_SL          1  3.1    19    11     411    (-,-) 
  g101662/Y                     -       A->Y    F     NAND4xp75_ASAP7_75t_SL       1  2.4    28    13     425    (-,-) 
  g1084/Y                       -       A1->Y   F     OA221x2_ASAP7_75t_SL         2  3.5    18    32     456    (-,-) 
  BF2_2_mul_170_29_g85233/Y     -       A1->Y   F     OA22x2_ASAP7_75t_SL          2  4.4    18    23     479    (-,-) 
  BF2_2_mul_170_29_g83819/Y     -       B->Y    F     AND2x6_ASAP7_75t_SL          8 14.6    19    24     503    (-,-) 
  g88348/Y                      -       A2->Y   R     OAI21x1_ASAP7_75t_SL         1  2.6    26    14     517    (-,-) 
  g88347/Y                      -       A->Y    R     XNOR2xp5_ASAP7_75t_SL        1  2.1    36    17     534    (-,-) 
  BF2_2_barrett_datai_reg[41]/D -       -       R     DFFHQx4_ASAP7_75t_SL         1    -     -     0     534    (-,-) 
#----------------------------------------------------------------------------------------------------------------------



Path 17: VIOLATED (-17 ps) Setup Check with Pin BF2_2_barrett_datai_reg[36]/CLK->D
          Group: clk
     Startpoint: (R) BF1_1_modei_reg[2]/CLK
          Clock: (R) clk
       Endpoint: (R) BF2_2_barrett_datai_reg[36]/D
          Clock: (R) clk

                     Capture       Launch     
        Clock Edge:+     555            0     
       Src Latency:+       0            0     
       Net Latency:+       0 (I)        0 (I) 
           Arrival:=     555            0     
                                              
             Setup:-      10                  
       Uncertainty:-      28                  
     Required Time:=     517                  
      Launch Clock:-       0                  
         Data Path:-     534                  
             Slack:=     -17                  

#----------------------------------------------------------------------------------------------------------------------
#         Timing Point          Flags    Arc    Edge          Cell            Fanout Load Trans Delay Arrival Instance 
#                                                                                    (fF)  (ps)  (ps)   (ps)  Location 
#----------------------------------------------------------------------------------------------------------------------
  BF1_1_modei_reg[2]/CLK        -       -       R     (arrival)                 2845    -     0     0       0    (-,-) 
  BF1_1_modei_reg[2]/QN         -       CLK->QN F     DFFHQNx2_ASAP7_75t_SL        1  4.6    28    41      41    (-,-) 
  g102254/Y                     -       A->Y    R     INVx5_ASAP7_75t_SL           6  9.7    20    13      54    (-,-) 
  g102253/Y                     -       A->Y    R     AND3x4_ASAP7_75t_SL          2 10.3    24    27      81    (-,-) 
  fopt100382/Y                  -       A->Y    F     INVx11_ASAP7_75t_SL          7 30.7    23    14      95    (-,-) 
  g90510/Y                      -       A->Y    F     BUFx12f_ASAP7_75t_SL         7 13.8    12    18     112    (-,-) 
  g64445__90515/Y               -       B2->Y   F     AO22x2_ASAP7_75t_SL          1  4.0    17    22     135    (-,-) 
  g86867/Y                      -       A->Y    F     BUFx12f_ASAP7_75t_SL        14 30.0    20    21     156    (-,-) 
  BF2_2_mul_170_29_g86866/Y     -       A->Y    R     CKINVDCx16_ASAP7_75t_SL     11 15.6    14    10     165    (-,-) 
  BF2_2_mul_170_29_g19469/Y     -       B2->Y   R     AO22x2_ASAP7_75t_SL          2  4.1    20    21     186    (-,-) 
  fopt85077/Y                   -       A->Y    F     INVx2_ASAP7_75t_SL           1  2.1    11     7     193    (-,-) 
  BF2_2_mul_170_29_g19035/Y     -       A2->Y   F     OA22x2_ASAP7_75t_SL          2  4.4    19    22     215    (-,-) 
  BF2_2_mul_170_29_g18626/Y     -       A->Y    R     XNOR2x2_ASAP7_75t_SL         1  2.5    14    22     238    (-,-) 
  g114/Y                        -       B->Y    F     XNOR2x2_ASAP7_75t_SL         2  4.5    19    29     266    (-,-) 
  g90139/Y                      -       A->Y    F     XNOR2x1_ASAP7_75t_SL         1  2.5    20    18     285    (-,-) 
  BF2_2_mul_170_29_g102680/Y    -       A->Y    R     XOR2x2_ASAP7_75t_SL          3  5.2    22    31     316    (-,-) 
  g102684/Y                     -       A->Y    R     MAJx2_ASAP7_75t_SL           1  3.2    16    22     338    (-,-) 
  g102683/Y                     -       B->Y    R     XNOR2x1_ASAP7_75t_SL         2  3.8    34    19     357    (-,-) 
  g99094/Y                      -       B->Y    F     XNOR2x2_ASAP7_75t_SL         1  3.2    15    28     385    (-,-) 
  g99091/Y                      -       B->Y    F     XNOR2x1_ASAP7_75t_SL         2  3.6    23    20     406    (-,-) 
  g348/Y                        -       B->Y    F     AND2x4_ASAP7_75t_SL          2  4.5    11    18     424    (-,-) 
  BF2_2_mul_170_29_g17467/Y     -       A->Y    R     NOR2x1p5_ASAP7_75t_SL        1  2.6    16    10     433    (-,-) 
  BF2_2_mul_170_29_g17429/Y     -       A->Y    R     AND2x4_ASAP7_75t_SL          2  5.1    13    16     449    (-,-) 
  BF2_2_mul_170_29_g17410/Y     -       A->Y    F     NAND2x1p5_ASAP7_75t_SL       1  2.1    15     7     456    (-,-) 
  BF2_2_mul_170_29_g85233/Y     -       A2->Y   F     OA22x2_ASAP7_75t_SL          2  4.4    18    23     479    (-,-) 
  BF2_2_mul_170_29_g83819/Y     -       B->Y    F     AND2x6_ASAP7_75t_SL          8 14.6    19    24     503    (-,-) 
  g101805/Y                     -       A2->Y   R     OAI21x1_ASAP7_75t_SL         1  2.6    25    14     517    (-,-) 
  g89568/Y                      -       A->Y    R     XNOR2xp5_ASAP7_75t_SL        1  2.1    38    17     534    (-,-) 
  BF2_2_barrett_datai_reg[36]/D -       -       R     DFFHQx4_ASAP7_75t_SL         1    -     -     0     534    (-,-) 
#----------------------------------------------------------------------------------------------------------------------



Path 18: VIOLATED (-17 ps) Setup Check with Pin BF2_2_barrett_datai_reg[36]/CLK->D
          Group: clk
     Startpoint: (R) BF1_1_modei_reg[1]/CLK
          Clock: (R) clk
       Endpoint: (R) BF2_2_barrett_datai_reg[36]/D
          Clock: (R) clk

                     Capture       Launch     
        Clock Edge:+     555            0     
       Src Latency:+       0            0     
       Net Latency:+       0 (I)        0 (I) 
           Arrival:=     555            0     
                                              
             Setup:-      10                  
       Uncertainty:-      28                  
     Required Time:=     517                  
      Launch Clock:-       0                  
         Data Path:-     534                  
             Slack:=     -17                  

#----------------------------------------------------------------------------------------------------------------------
#         Timing Point          Flags    Arc    Edge          Cell            Fanout Load Trans Delay Arrival Instance 
#                                                                                    (fF)  (ps)  (ps)   (ps)  Location 
#----------------------------------------------------------------------------------------------------------------------
  BF1_1_modei_reg[1]/CLK        -       -       R     (arrival)                 2845    -     0     0       0    (-,-) 
  BF1_1_modei_reg[1]/QN         -       CLK->QN R     DFFHQNx2_ASAP7_75t_SL        1  4.6    28    43      43    (-,-) 
  g102255/Y                     -       A->Y    F     INVx5_ASAP7_75t_SL           5  8.8    17    10      52    (-,-) 
  g102253/Y                     -       B->Y    F     AND3x4_ASAP7_75t_SL          2 10.3    20    27      79    (-,-) 
  fopt100382/Y                  -       A->Y    R     INVx11_ASAP7_75t_SL          7 30.7    26    16      95    (-,-) 
  g91858/Y                      -       A->Y    R     BUFx12f_ASAP7_75t_SL         9 14.0    14    17     112    (-,-) 
  g64409__91861/Y               -       A1->Y   R     OA22x2_ASAP7_75t_SL          1  6.5    26    26     137    (-,-) 
  g64401/Y                      -       A->Y    F     INVx8_ASAP7_75t_SL          12 27.4    26    15     152    (-,-) 
  BF2_2_mul_170_29_g19830/Y     -       A->Y    R     CKINVDCx16_ASAP7_75t_SL     12 17.6    16    11     164    (-,-) 
  BF2_2_mul_170_29_g87182/Y     -       B1->Y   F     AOI22xp5_ASAP7_75t_SL        2  3.4    44    19     182    (-,-) 
  BF2_2_mul_170_29_g18850/Y     -       B2->Y   R     OAI22xp5_ASAP7_75t_SL        2  4.1    66    37     220    (-,-) 
  g99718/Y                      -       B->Y    R     MAJx2_ASAP7_75t_SL           2  4.4    21    30     250    (-,-) 
  g100191/Y                     -       A->Y    R     XNOR2x1_ASAP7_75t_SL         1  2.4    24    19     269    (-,-) 
  g101452/Y                     -       A->Y    F     XOR2x2_ASAP7_75t_SL          2  4.5    18    24     293    (-,-) 
  g101451/Y                     -       B->Y    F     XNOR2x1_ASAP7_75t_SL         1  2.5    19    19     312    (-,-) 
  g53/Y                         -       A->Y    R     XOR2x2_ASAP7_75t_SL          2  5.1    22    31     343    (-,-) 
  g89435/Y                      -       B->Y    R     XNOR2x1_ASAP7_75t_SL         2  4.8    40    21     364    (-,-) 
  g90087/Y                      -       B->Y    F     XNOR2x2_ASAP7_75t_SL         1  3.7    16    29     394    (-,-) 
  g101670/Y                     -       B->Y    R     NOR2x2_ASAP7_75t_SL          2  3.1    17    10     404    (-,-) 
  g101669/Y                     -       A1->Y   R     AO21x2_ASAP7_75t_SL          1  2.7    14    17     421    (-,-) 
  g1088/Y                       -       B->Y    F     AOI21x1_ASAP7_75t_SL         1  2.5    22    10     431    (-,-) 
  g1084/Y                       -       C->Y    F     OA221x2_ASAP7_75t_SL         2  3.5    18    25     456    (-,-) 
  BF2_2_mul_170_29_g85233/Y     -       A1->Y   F     OA22x2_ASAP7_75t_SL          2  4.4    18    23     479    (-,-) 
  BF2_2_mul_170_29_g83819/Y     -       B->Y    F     AND2x6_ASAP7_75t_SL          8 14.6    19    24     503    (-,-) 
  g101805/Y                     -       A2->Y   R     OAI21x1_ASAP7_75t_SL         1  2.6    25    14     517    (-,-) 
  g89568/Y                      -       A->Y    R     XNOR2xp5_ASAP7_75t_SL        1  2.1    38    17     534    (-,-) 
  BF2_2_barrett_datai_reg[36]/D -       -       R     DFFHQx4_ASAP7_75t_SL         1    -     -     0     534    (-,-) 
#----------------------------------------------------------------------------------------------------------------------



Path 19: VIOLATED (-17 ps) Setup Check with Pin BF2_2_barrett_datai_reg[36]/CLK->D
          Group: clk
     Startpoint: (R) BF1_1_modei_reg[2]/CLK
          Clock: (R) clk
       Endpoint: (R) BF2_2_barrett_datai_reg[36]/D
          Clock: (R) clk

                     Capture       Launch     
        Clock Edge:+     555            0     
       Src Latency:+       0            0     
       Net Latency:+       0 (I)        0 (I) 
           Arrival:=     555            0     
                                              
             Setup:-      10                  
       Uncertainty:-      28                  
     Required Time:=     517                  
      Launch Clock:-       0                  
         Data Path:-     534                  
             Slack:=     -17                  

#----------------------------------------------------------------------------------------------------------------------
#         Timing Point          Flags    Arc    Edge          Cell            Fanout Load Trans Delay Arrival Instance 
#                                                                                    (fF)  (ps)  (ps)   (ps)  Location 
#----------------------------------------------------------------------------------------------------------------------
  BF1_1_modei_reg[2]/CLK        -       -       R     (arrival)                 2845    -     0     0       0    (-,-) 
  BF1_1_modei_reg[2]/QN         -       CLK->QN F     DFFHQNx2_ASAP7_75t_SL        1  4.6    28    41      41    (-,-) 
  g102254/Y                     -       A->Y    R     INVx5_ASAP7_75t_SL           6  9.7    20    13      54    (-,-) 
  g102253/Y                     -       A->Y    R     AND3x4_ASAP7_75t_SL          2 10.3    24    27      81    (-,-) 
  fopt100382/Y                  -       A->Y    F     INVx11_ASAP7_75t_SL          7 30.7    23    14      95    (-,-) 
  g91858/Y                      -       A->Y    F     BUFx12f_ASAP7_75t_SL         9 14.0    12    18     112    (-,-) 
  g64409__91861/Y               -       A1->Y   F     OA22x2_ASAP7_75t_SL          1  6.5    23    25     138    (-,-) 
  g64401/Y                      -       A->Y    R     INVx8_ASAP7_75t_SL          12 27.4    30    18     155    (-,-) 
  BF2_2_mul_170_29_g19830/Y     -       A->Y    F     CKINVDCx16_ASAP7_75t_SL     12 17.6    15     9     164    (-,-) 
  BF2_2_mul_170_29_g19287/Y     -       B1->Y   R     AOI22xp5_ASAP7_75t_SL        2  3.5    60    27     191    (-,-) 
  BF2_2_mul_170_29_g19142/Y     -       A->Y    F     INVx1_ASAP7_75t_SL           1  2.1    26    13     204    (-,-) 
  BF2_2_mul_170_29_g18789/Y     -       A2->Y   F     AO22x2_ASAP7_75t_SL          2  4.4    19    24     228    (-,-) 
  BF2_2_mul_170_29_g18591/Y     -       A->Y    R     XNOR2x2_ASAP7_75t_SL         1  2.6    14    23     251    (-,-) 
  g851/Y                        -       A->Y    F     XNOR2x2_ASAP7_75t_SL         2  3.7    17    28     279    (-,-) 
  g846/Y                        -       A->Y    F     MAJx2_ASAP7_75t_SL           2  5.0    19    26     305    (-,-) 
  g843/Y                        -       C->Y    F     MAJx2_ASAP7_75t_SL           2  5.1    20    26     330    (-,-) 
  g101785/Y                     -       A->Y    F     XNOR2x1_ASAP7_75t_SL         1  3.2    22    20     350    (-,-) 
  g101784/Y                     -       B->Y    R     XNOR2x1_ASAP7_75t_SL         2  4.0    34    18     369    (-,-) 
  g101783/Y                     -       B->Y    R     OR2x6_ASAP7_75t_SL           2  4.6    12    21     390    (-,-) 
  g180/Y                        -       A->Y    F     NAND2x2_ASAP7_75t_SL         2  5.5    18    10     400    (-,-) 
  g100033/Y                     -       C->Y    R     NOR3x2_ASAP7_75t_SL          1  3.1    19    11     411    (-,-) 
  g101662/Y                     -       A->Y    F     NAND4xp75_ASAP7_75t_SL       1  2.4    28    13     425    (-,-) 
  g1084/Y                       -       A1->Y   F     OA221x2_ASAP7_75t_SL         2  3.5    18    32     456    (-,-) 
  BF2_2_mul_170_29_g85233/Y     -       A1->Y   F     OA22x2_ASAP7_75t_SL          2  4.4    18    23     479    (-,-) 
  BF2_2_mul_170_29_g83819/Y     -       B->Y    F     AND2x6_ASAP7_75t_SL          8 14.6    19    24     503    (-,-) 
  g101805/Y                     -       A2->Y   R     OAI21x1_ASAP7_75t_SL         1  2.6    25    14     517    (-,-) 
  g89568/Y                      -       A->Y    R     XNOR2xp5_ASAP7_75t_SL        1  2.1    38    17     534    (-,-) 
  BF2_2_barrett_datai_reg[36]/D -       -       R     DFFHQx4_ASAP7_75t_SL         1    -     -     0     534    (-,-) 
#----------------------------------------------------------------------------------------------------------------------



Path 20: VIOLATED (-17 ps) Setup Check with Pin BF2_2_barrett_datai_reg[36]/CLK->D
          Group: clk
     Startpoint: (R) BF1_1_modei_reg[2]/CLK
          Clock: (R) clk
       Endpoint: (R) BF2_2_barrett_datai_reg[36]/D
          Clock: (R) clk

                     Capture       Launch     
        Clock Edge:+     555            0     
       Src Latency:+       0            0     
       Net Latency:+       0 (I)        0 (I) 
           Arrival:=     555            0     
                                              
             Setup:-      10                  
       Uncertainty:-      28                  
     Required Time:=     517                  
      Launch Clock:-       0                  
         Data Path:-     534                  
             Slack:=     -17                  

#----------------------------------------------------------------------------------------------------------------------
#         Timing Point          Flags    Arc    Edge          Cell            Fanout Load Trans Delay Arrival Instance 
#                                                                                    (fF)  (ps)  (ps)   (ps)  Location 
#----------------------------------------------------------------------------------------------------------------------
  BF1_1_modei_reg[2]/CLK        -       -       R     (arrival)                 2845    -     0     0       0    (-,-) 
  BF1_1_modei_reg[2]/QN         -       CLK->QN F     DFFHQNx2_ASAP7_75t_SL        1  4.6    28    41      41    (-,-) 
  g102254/Y                     -       A->Y    R     INVx5_ASAP7_75t_SL           6  9.7    20    13      54    (-,-) 
  g102253/Y                     -       A->Y    R     AND3x4_ASAP7_75t_SL          2 10.3    24    27      81    (-,-) 
  fopt100382/Y                  -       A->Y    F     INVx11_ASAP7_75t_SL          7 30.7    23    14      95    (-,-) 
  g90311/Y                      -       A->Y    R     INVx5_ASAP7_75t_SL          10 14.5    25    16     110    (-,-) 
  g64446__102485/Y              -       A2->Y   R     AO22x2_ASAP7_75t_SL          1  4.0    19    24     134    (-,-) 
  g102484/Y                     -       A->Y    R     BUFx12f_ASAP7_75t_SL        13 30.4    24    21     155    (-,-) 
  BF2_2_mul_170_29_g102486/Y    -       A->Y    F     CKINVDCx16_ASAP7_75t_SL     10 15.8    13     8     163    (-,-) 
  BF2_2_mul_170_29_g102490/Y    -       B1->Y   R     AOI22x1_ASAP7_75t_SL         2  3.5    34    17     180    (-,-) 
  g101243/Y                     -       A1->Y   R     OA22x2_ASAP7_75t_SL          2  4.4    21    25     205    (-,-) 
  g101242/Y                     -       A->Y    R     XNOR2x1_ASAP7_75t_SL         1  2.4    24    19     224    (-,-) 
  g102819/Y                     -       A->Y    F     XOR2x2_ASAP7_75t_SL          2  4.6    18    24     249    (-,-) 
  g102818/Y                     -       B->Y    F     XNOR2x1_ASAP7_75t_SL         1  3.2    22    20     269    (-,-) 
  g102817/Y                     -       A->Y    F     XNOR2x1_ASAP7_75t_SL         2  3.9    25    22     291    (-,-) 
  g99213/Y                      -       B->Y    F     XOR2x2_ASAP7_75t_SL          2  4.5    18    25     316    (-,-) 
  g103054/Y                     -       B->Y    F     XNOR2x1_ASAP7_75t_SL         1  3.2    22    20     336    (-,-) 
  g103053/Y                     -       A->Y    F     XNOR2x1_ASAP7_75t_SL         1  3.2    23    20     356    (-,-) 
  g103052/Y                     -       A->Y    F     XNOR2x1_ASAP7_75t_SL         2  3.9    26    22     378    (-,-) 
  g90257/Y                      -       B->Y    F     AND2x4_ASAP7_75t_SL          4  9.5    17    22     400    (-,-) 
  g100033/Y                     -       A->Y    R     NOR3x2_ASAP7_75t_SL          1  3.1    19    11     411    (-,-) 
  g101662/Y                     -       A->Y    F     NAND4xp75_ASAP7_75t_SL       1  2.4    28    13     425    (-,-) 
  g1084/Y                       -       A1->Y   F     OA221x2_ASAP7_75t_SL         2  3.5    18    32     456    (-,-) 
  BF2_2_mul_170_29_g85233/Y     -       A1->Y   F     OA22x2_ASAP7_75t_SL          2  4.4    18    23     479    (-,-) 
  BF2_2_mul_170_29_g83819/Y     -       B->Y    F     AND2x6_ASAP7_75t_SL          8 14.6    19    24     503    (-,-) 
  g101805/Y                     -       A2->Y   R     OAI21x1_ASAP7_75t_SL         1  2.6    25    14     517    (-,-) 
  g89568/Y                      -       A->Y    R     XNOR2xp5_ASAP7_75t_SL        1  2.1    38    17     534    (-,-) 
  BF2_2_barrett_datai_reg[36]/D -       -       R     DFFHQx4_ASAP7_75t_SL         1    -     -     0     534    (-,-) 
#----------------------------------------------------------------------------------------------------------------------

