TMPDIR is being set to /tmp/genus_temp_886490_d0811b8f-4b26-4c29-87d8-967aab70b725_engr-r940s01.engr.uidaho.edu_alco9414_yM8bHP
Cadence Genus(TM) Synthesis Solution.
Copyright 2025 Cadence Design Systems, Inc. All rights reserved worldwide.
Cadence and the Cadence logo are registered trademarks and Genus is a trademark
of Cadence Design Systems, Inc. in the United States and other countries.

[13:39:29.481753] Configured Lic search path (25.01-s002): 5280@ece-cadence-lic.ece.uidaho.edu

Version: 25.12-s067_1, built Mon Nov 17 13:10:10 PST 2025
Options: -batch -no_gui -files a7_ordered.tcl 
Date:    Wed Aug 12 13:39:29 2026
Host:    engr-r940s01.engr.uidaho.edu (x86_64 w/Linux 5.14.0-687.33.1.el9_8.x86_64) (20cores*80cpus*4physical cpus*Intel(R) Xeon(R) Gold 6148 CPU @ 2.40GHz 28160KB) (1055594532KB)
PID:     886490
OS:      Red Hat Enterprise Linux 9.8 (Plow)

Checking out license: Genus_Synthesis
[13:39:29.004171] Periodic Lic check successful
[13:39:29.528481] Feature usage summary:
[13:39:29.528482] Genus_Synthesis  
License checkout complete (0 seconds elapsed).


***********************************************************************************************************
***********************************************************************************************************



Finished executable startup (16 seconds elapsed).

Loading tool scripts...
Finished loading tool scripts (32 seconds elapsed).

#@ Processing -files option
@genus:root: 1> source a7_ordered.tcl
#@ Begin verbose source ./a7_ordered.tcl
@file(a7_ordered.tcl) 1: set_db init_hdl_search_path /home/alco9414/pqc/hqc/asic/portfix_wip
  Setting attribute of root '/': 'init_hdl_search_path' = /home/alco9414/pqc/hqc/asic/portfix_wip
@file(a7_ordered.tcl) 2: set_db hdl_error_on_blackbox false
  Setting attribute of root '/': 'hdl_error_on_blackbox' = false
@file(a7_ordered.tcl) 3: read_hdl -define {SHARED=1 SHARED_ENCAP=1} [concat [list /home/alco9414/pqc/hqc/asic/portfix_wip/clog2.v] [lsort [glob /home/alco9414/pqc/hqc/asic/portfix_wip/*.v]]]
reg         [3:0]                     current_state=0;
                                                     |
Warning : Ignoring unsynthesizable construct. [VLOGPT-37]
        : Initial value assignment to reg in file '/home/alco9414/pqc/hqc/asic/portfix_wip/control_path.v' on line 82, column 54.
        : For example, the following constructs will be ignored:
    - initial block
    - final block
    - program block
    - property block
    - sequence block
    - covergroup
    - checker block
    - gate drive strength
    - system task enable
    - reg declaration with initial value
    - specify block.
reg         [3:0]                     next_state = 0;
                                                    |
Warning : Ignoring unsynthesizable construct. [VLOGPT-37]
        : Initial value assignment to reg in file '/home/alco9414/pqc/hqc/asic/portfix_wip/control_path.v' on line 83, column 53.
reg         [`CLOG2(1344/32*32/32 ? 1 : $clog2(1344/32*32/32-1+1))-1:0]      counter = 0;
                                                                                        |
Warning : Ignoring unsynthesizable construct. [VLOGPT-37]
        : Initial value assignment to reg in file '/home/alco9414/pqc/hqc/asic/portfix_wip/control_path.v' on line 85, column 89.
reg         [1:0]                     counter_ctrl = 0;
                                                      |
Warning : Ignoring unsynthesizable construct. [VLOGPT-37]
        : Initial value assignment to reg in file '/home/alco9414/pqc/hqc/asic/portfix_wip/control_path.v' on line 86, column 55.
reg                                   din_ready_internal = 0;
                                                            |
Warning : Ignoring unsynthesizable construct. [VLOGPT-37]
        : Initial value assignment to reg in file '/home/alco9414/pqc/hqc/asic/portfix_wip/control_path.v' on line 88, column 61.
reg                                   bof_internal = 0;
                                                      |
Warning : Ignoring unsynthesizable construct. [VLOGPT-37]
        : Initial value assignment to reg in file '/home/alco9414/pqc/hqc/asic/portfix_wip/control_path.v' on line 90, column 55.
reg                                   bof_internal_reg = 0;
                                                          |
Warning : Ignoring unsynthesizable construct. [VLOGPT-37]
        : Initial value assignment to reg in file '/home/alco9414/pqc/hqc/asic/portfix_wip/control_path.v' on line 91, column 59.
reg                                   eof_internal = 0;
                                                      |
Warning : Ignoring unsynthesizable construct. [VLOGPT-37]
        : Initial value assignment to reg in file '/home/alco9414/pqc/hqc/asic/portfix_wip/control_path.v' on line 92, column 55.
reg                                   eof_internal_reg = 0;
                                                          |
Warning : Ignoring unsynthesizable construct. [VLOGPT-37]
        : Initial value assignment to reg in file '/home/alco9414/pqc/hqc/asic/portfix_wip/control_path.v' on line 93, column 59.
reg                                   absorb_data = 0;
                                                     |
Warning : Ignoring unsynthesizable construct. [VLOGPT-37]
        : Initial value assignment to reg in file '/home/alco9414/pqc/hqc/asic/portfix_wip/control_path.v' on line 97, column 54.
reg                                   absorb_data_reg = 0;
                                                         |
Warning : Ignoring unsynthesizable construct. [VLOGPT-37]
        : Initial value assignment to reg in file '/home/alco9414/pqc/hqc/asic/portfix_wip/control_path.v' on line 98, column 58.
reg                                   extra_pad = 0;
                                                   |
Warning : Ignoring unsynthesizable construct. [VLOGPT-37]
        : Initial value assignment to reg in file '/home/alco9414/pqc/hqc/asic/portfix_wip/control_path.v' on line 99, column 52.
reg                                   extra_pad_reg = 0;
                                                       |
Warning : Ignoring unsynthesizable construct. [VLOGPT-37]
        : Initial value assignment to reg in file '/home/alco9414/pqc/hqc/asic/portfix_wip/control_path.v' on line 100, column 56.
reg         [32-3:0]                requested_bytes = 0;
                                                       |
Warning : Ignoring unsynthesizable construct. [VLOGPT-37]
        : Initial value assignment to reg in file '/home/alco9414/pqc/hqc/asic/portfix_wip/control_path.v' on line 102, column 56.
reg         [32-3:0]                requested_bytes_reg = 0;
                                                           |
Warning : Ignoring unsynthesizable construct. [VLOGPT-37]
        : Initial value assignment to reg in file '/home/alco9414/pqc/hqc/asic/portfix_wip/control_path.v' on line 103, column 60.
reg         [`CLOG2(1) ? 1 : $clog2(1344+1))-1:0]         data_length = 0;
                                                                         |
Warning : Ignoring unsynthesizable construct. [VLOGPT-37]
        : Initial value assignment to reg in file '/home/alco9414/pqc/hqc/asic/portfix_wip/control_path.v' on line 105, column 74.
reg         [4+1 <= 1) ? 1 : $clog2(1344+1))-1:0]         data_length_reg = 0;            
                                                                             |
Warning : Ignoring unsynthesizable construct. [VLOGPT-37]
        : Initial value assignment to reg in file '/home/alco9414/pqc/hqc/asic/portfix_wip/control_path.v' on line 106, column 78.
reg         [4+1 <= 1) ? 1 : $clog2(1344+1))-1:0]         to_be_read = 0;
                                                                        |
Warning : Ignoring unsynthesizable construct. [VLOGPT-37]
        : Initial value assignment to reg in file '/home/alco9414/pqc/hqc/asic/portfix_wip/control_path.v' on line 107, column 73.
reg         [`CLOG2(1344 1 : $clog2(1344+1))-1:0]         to_be_read_reg = 0;
                                                                            |
Warning : Ignoring unsynthesizable construct. [VLOGPT-37]
        : Initial value assignment to reg in file '/home/alco9414/pqc/hqc/asic/portfix_wip/control_path.v' on line 108, column 77.
reg         [`CLOG2(1344 1 : $clog2(1344+1))-1:0]         to_be_absorbed = 0;
                                                                            |
Warning : Ignoring unsynthesizable construct. [VLOGPT-37]
        : Initial value assignment to reg in file '/home/alco9414/pqc/hqc/asic/portfix_wip/control_path.v' on line 109, column 77.
Warning : Maximum message print count reached. [MESG-11]
        : Maximum print count of '20' reached for message 'VLOGPT-37'.
function [32*8-1:0] rolbyte32;
         |
Warning : Usage of non-static tasks or functions might result in simulation-synthesis mismatch. [VLOGPT-692]
        : in file '/home/alco9414/pqc/hqc/asic/portfix_wip/fft_part1.v' on line 214, column 10.
        : Use the 'automatic' keyword for declaring functions and tasks.
function [32*8-1:0] perm;
         |
Warning : Usage of non-static tasks or functions might result in simulation-synthesis mismatch. [VLOGPT-692]
        : in file '/home/alco9414/pqc/hqc/asic/portfix_wip/fft_part1.v' on line 223, column 10.
  function [7:0] mul;
           |
Warning : Usage of non-static tasks or functions might result in simulation-synthesis mismatch. [VLOGPT-692]
        : in file '/home/alco9414/pqc/hqc/asic/portfix_wip/gf_mul.v' on line 40, column 12.
  function [7:0] v_temp_rearrange; //1 + x^2 + x^3 + x^4 + x^8
           |
Warning : Usage of non-static tasks or functions might result in simulation-synthesis mismatch. [VLOGPT-692]
        : in file '/home/alco9414/pqc/hqc/asic/portfix_wip/gf_mul.v' on line 51, column 12.
  function [7:0] mul;
           |
Warning : Usage of non-static tasks or functions might result in simulation-synthesis mismatch. [VLOGPT-692]
        : in file '/home/alco9414/pqc/hqc/asic/portfix_wip/gfmul.v' on line 40, column 12.
  function [7:0] v_temp_rearrange; //1 + x^2 + x^3 + x^4 + x^8
           |
Warning : Usage of non-static tasks or functions might result in simulation-synthesis mismatch. [VLOGPT-692]
        : in file '/home/alco9414/pqc/hqc/asic/portfix_wip/gfmul.v' on line 66, column 12.
(* use_dsp48 = "no" *)
   |
Warning : Unused attribute. [VLOGPT-506]
        : Attribute 'use_dsp48' in file '/home/alco9414/pqc/hqc/asic/portfix_wip/hqc_barrett_red.v' on line 47, column 4.
function [7:0] xor_byte(input [8*PARAM_DELTA-1:0] x);
         |
Warning : Usage of non-static tasks or functions might result in simulation-synthesis mismatch. [VLOGPT-692]
        : in file '/home/alco9414/pqc/hqc/asic/portfix_wip/hqc_rsdecod_elp.v' on line 207, column 10.
function [7:0] I(input [7:0] x);
         |
Warning : Usage of non-static tasks or functions might result in simulation-synthesis mismatch. [VLOGPT-692]
        : in file '/home/alco9414/pqc/hqc/asic/portfix_wip/hqc_rsdecod_elp.v' on line 217, column 10.
function [7:0] I(input [7:0] x);
         |
Warning : Usage of non-static tasks or functions might result in simulation-synthesis mismatch. [VLOGPT-692]
        : in file '/home/alco9414/pqc/hqc/asic/portfix_wip/hqc_rsdecod_err_val.v' on line 326, column 10.
function [7:0] P(input [6:0] x);
         |
Warning : Usage of non-static tasks or functions might result in simulation-synthesis mismatch. [VLOGPT-692]
        : in file '/home/alco9414/pqc/hqc/asic/portfix_wip/hqc_rsdecod_err_val.v' on line 368, column 10.
(* clock_buffer_type="BUFG" *)  input  wire            clk,
   |
Warning : Unused attribute. [VLOGPT-506]
        : Attribute 'clock_buffer_type' in file '/home/alco9414/pqc/hqc/asic/portfix_wip/keccak_top.v' on line 38, column 4.
(* io_buffer_type="IBUF" *)  input  wire            rst,
   |
Warning : Unused attribute. [VLOGPT-506]
        : Attribute 'io_buffer_type' in file '/home/alco9414/pqc/hqc/asic/portfix_wip/keccak_top.v' on line 39, column 4.
(* io_buffer_type="IBUF" *)  input  wire            din_valid,
   |
Warning : Unused attribute. [VLOGPT-506]
        : Attribute 'io_buffer_type' in file '/home/alco9414/pqc/hqc/asic/portfix_wip/keccak_top.v' on line 40, column 4.
(* io_buffer_type="OBUF" *)  output wire            din_ready,
   |
Warning : Unused attribute. [VLOGPT-506]
        : Attribute 'io_buffer_type' in file '/home/alco9414/pqc/hqc/asic/portfix_wip/keccak_top.v' on line 41, column 4.
(* io_buffer_type="IBUF" *)  input  wire [32-1:0]  din,
   |
Warning : Unused attribute. [VLOGPT-506]
        : Attribute 'io_buffer_type' in file '/home/alco9414/pqc/hqc/asic/portfix_wip/keccak_top.v' on line 42, column 4.
(* io_buffer_type="OBUF" *)  output wire            dout_valid,
   |
Warning : Unused attribute. [VLOGPT-506]
        : Attribute 'io_buffer_type' in file '/home/alco9414/pqc/hqc/asic/portfix_wip/keccak_top.v' on line 43, column 4.
(* io_buffer_type="IBUF" *)  input  wire            dout_ready,
   |
Warning : Unused attribute. [VLOGPT-506]
        : Attribute 'io_buffer_type' in file '/home/alco9414/pqc/hqc/asic/portfix_wip/keccak_top.v' on line 44, column 4.
(* io_buffer_type="OBUF" *)  output wire [32-1:0] dout,
   |
Warning : Unused attribute. [VLOGPT-506]
        : Attribute 'io_buffer_type' in file '/home/alco9414/pqc/hqc/asic/portfix_wip/keccak_top.v' on line 45, column 4.
(* io_buffer_type="IBUF" *)  input wire  force_done,
   |
Warning : Unused attribute. [VLOGPT-506]
        : Attribute 'io_buffer_type' in file '/home/alco9414/pqc/hqc/asic/portfix_wip/keccak_top.v' on line 47, column 4.
(* io_buffer_type="IBUF" *)  output reg  force_done_ack
   |
Warning : Unused attribute. [VLOGPT-506]
        : Attribute 'io_buffer_type' in file '/home/alco9414/pqc/hqc/asic/portfix_wip/keccak_top.v' on line 48, column 4.
 (* ram_style = "block" *) reg [WIDTH-1:0] mem [0:DEPTH-1] /* synthesis ramstyle = "M20K" */;
                                                                                           |
Warning : Unrecognized Synthesis pragma_name found in HDL. [VLOGPT-502]
        : Pragma 'synthesis ramstyle = "M20K"' in file '/home/alco9414/pqc/hqc/asic/portfix_wip/mem_dual.v' on line 27, column 92.
        : Synthesis pragmas are specially-formatted comments or attributes in the HDL that tell Genus how to synthesize the HDL.
 (* ram_style = "block" *) reg [WIDTH-1:0] mem [0:DEPTH-1] /* synthesis ramstyle = "M20K" */;
    |
Warning : Unused attribute. [VLOGPT-506]
        : Attribute 'ram_style' in file '/home/alco9414/pqc/hqc/asic/portfix_wip/mem_dual.v' on line 27, column 5.
 (* ram_style = "block" *) reg [WIDTH-1:0] mem [DEPTH-1:0]/* synthesis ramstyle = "M20K" */;
                                                                                          |
Warning : Unrecognized Synthesis pragma_name found in HDL. [VLOGPT-502]
        : Pragma 'synthesis ramstyle = "M20K"' in file '/home/alco9414/pqc/hqc/asic/portfix_wip/mem_single.v' on line 16, column 91.
 (* ram_style = "block" *) reg [WIDTH-1:0] mem [DEPTH-1:0]/* synthesis ramstyle = "M20K" */;
    |
Warning : Unused attribute. [VLOGPT-506]
        : Attribute 'ram_style' in file '/home/alco9414/pqc/hqc/asic/portfix_wip/mem_single.v' on line 16, column 5.
(* use_dsp48 = "no" *)
   |
Warning : Unused attribute. [VLOGPT-506]
        : Attribute 'use_dsp48' in file '/home/alco9414/pqc/hqc/asic/portfix_wip/mod34.v' on line 25, column 4.
(* ram_style = "block" *) reg [1599:0] rc_const_all = {
   |
Warning : Unused attribute. [VLOGPT-506]
        : Attribute 'ram_style' in file '/home/alco9414/pqc/hqc/asic/portfix_wip/rc.v' on line 38, column 4.
    else if (shift_cdw) begin
             |
Error   : Reference to undeclared variable. A variable/parameter must be declared before it is referenced. [VLOGPT-20] [read_hdl]
        : Symbol 'shift_cdw' in file '/home/alco9414/pqc/hqc/asic/portfix_wip/reed_muller_encode.v' on line 71, column 14.
        : Verilog module is using a parameter that is not defined in the module. You will get a notification for this, if you read the verilog file using the read_hdl command.
assign addr = (cdw_out_en)? cdw_out_addr : count_cdw_bytes;
                                           |
Error   : Reference to undeclared variable. A variable/parameter must be declared before it is referenced. [VLOGPT-20] [read_hdl]
        : Symbol 'count_cdw_bytes' in file '/home/alco9414/pqc/hqc/asic/portfix_wip/reed_muller_encode.v' on line 87, column 44.
reg wr_en;
         |
Error   : Redeclared variable. [VLOGPT-22] [read_hdl]
        : Redeclaration of non-interface variable 'wr_en' in file '/home/alco9414/pqc/hqc/asic/portfix_wip/reed_muller_encode.v' on line 101, column 10.
        : A variable cannot be redeclared in the same scope. Check the reported RTL file and remove duplicate declarations.
                wr_en <= 0;
                |
Error   : Net not allowed in this context. [VLOGPT-86] [read_hdl]
        : Net 'wr_en' in file '/home/alco9414/pqc/hqc/asic/portfix_wip/reed_muller_encode.v' on line 155, column 17.
        : A net cannot be assigned within an always block.  This situation may occur because an output port is not explicitly declared as a reg.
                wr_en <= 0;
                |
Error   : Net not allowed in this context. [VLOGPT-86] [read_hdl]
        : Net 'wr_en' in file '/home/alco9414/pqc/hqc/asic/portfix_wip/reed_muller_encode.v' on line 160, column 17.
           wr_en <= 1;
           |
Error   : Net not allowed in this context. [VLOGPT-86] [read_hdl]
        : Net 'wr_en' in file '/home/alco9414/pqc/hqc/asic/portfix_wip/reed_muller_encode.v' on line 165, column 12.
           wr_en <= 0;
           |
Error   : Net not allowed in this context. [VLOGPT-86] [read_hdl]
        : Net 'wr_en' in file '/home/alco9414/pqc/hqc/asic/portfix_wip/reed_muller_encode.v' on line 173, column 12.
           wr_en <= 0;  
           |
Error   : Net not allowed in this context. [VLOGPT-86] [read_hdl]
        : Net 'wr_en' in file '/home/alco9414/pqc/hqc/asic/portfix_wip/reed_muller_encode.v' on line 179, column 12.
    if (init_msg) begin
        |
Error   : Reference to undeclared variable. A variable/parameter must be declared before it is referenced. [VLOGPT-20] [read_hdl]
        : Symbol 'init_msg' in file '/home/alco9414/pqc/hqc/asic/portfix_wip/reed_solomon_encode.v' on line 75, column 9.
    else if (shift_msg) begin
             |
Error   : Reference to undeclared variable. A variable/parameter must be declared before it is referenced. [VLOGPT-20] [read_hdl]
        : Symbol 'shift_msg' in file '/home/alco9414/pqc/hqc/asic/portfix_wip/reed_solomon_encode.v' on line 78, column 14.
    if (init_msg) begin
        |
Error   : Reference to undeclared variable. A variable/parameter must be declared before it is referenced. [VLOGPT-20] [read_hdl]
        : Symbol 'init_msg' in file '/home/alco9414/pqc/hqc/asic/portfix_wip/reed_solomon_encode.v' on line 88, column 9.
          .raddr (raddr_precalc[`RHO_ADDR_OFFSET(i)]),
                                                  |
Error   : Parsing error. [VLOGPT-1] [read_hdl]
        : in file '/home/alco9414/pqc/hqc/asic/portfix_wip/state_ram.v' on line 95, column 51.
        : Invalid Verilog syntax is parsed, or unsupported Verilog syntax is encountered.
          .raddr (raddr_precalc[`RHO_ADDR_OFFSET(i)]),
                                                    |
Error   : Array must be indexed. [VLOGPT-61] [read_hdl]
        : Array 'raddr_precalc' in file '/home/alco9414/pqc/hqc/asic/portfix_wip/state_ram.v' on line 95, column 53.
        : Illegal Verilog syntax is encountered.
		          if (raddr == `RHO_ADDR_OFFSET(ii1)) begin
		                                           |
Error   : Parsing error. [VLOGPT-1] [read_hdl]
        : in file '/home/alco9414/pqc/hqc/asic/portfix_wip/state_ram.v' on line 168, column 46.
		          if (raddr == `RHO_ADDR_OFFSET(ii1)) begin
		                    |
Error   : Bad argument for operator. [VLOGPT-117] [read_hdl]
        : in file '/home/alco9414/pqc/hqc/asic/portfix_wip/state_ram.v' on line 168, column 23.
        : Illegal Verilog syntax is encountered.
		            waddr_array[i2] <= raddr_precalc[`RHO_ADDR_OFFSET(i2)];
		                                                                |
Error   : Parsing error. [VLOGPT-1] [read_hdl]
        : in file '/home/alco9414/pqc/hqc/asic/portfix_wip/state_ram.v' on line 198, column 67.
		            waddr_array[i2] <= raddr_precalc[`RHO_ADDR_OFFSET(i2)];
		                                                                  |
Error   : Array must be indexed. [VLOGPT-61] [read_hdl]
        : Array 'raddr_precalc' in file '/home/alco9414/pqc/hqc/asic/portfix_wip/state_ram.v' on line 198, column 69.
    if (`RHO_OFFSET(ii4) != 0) begin
                       |
Error   : Parsing error. [VLOGPT-1] [read_hdl]
        : in file '/home/alco9414/pqc/hqc/asic/portfix_wip/state_ram.v' on line 245, column 24.
    if (`RHO_OFFSET(ii4) != 0) begin
                         |
Error   : Bad argument for operator. [VLOGPT-117] [read_hdl]
        : in file '/home/alco9414/pqc/hqc/asic/portfix_wip/state_ram.v' on line 245, column 26.
        if (j4 == `RHO_OFFSET(ii4)) begin
                                 |
Error   : Parsing error. [VLOGPT-1] [read_hdl]
        : in file '/home/alco9414/pqc/hqc/asic/portfix_wip/state_ram.v' on line 247, column 34.
        if (j4 == `RHO_OFFSET(ii4)) begin
               |
Error   : Bad argument for operator. [VLOGPT-117] [read_hdl]
        : in file '/home/alco9414/pqc/hqc/asic/portfix_wip/state_ram.v' on line 247, column 16.
          assign din_ram_wire_0[ii4] = {din_grouped[ii4][j4 - 1:0],
                              |
Error   : Parsing error. [VLOGPT-1] [read_hdl]
        : Expecting token ';', found '<identifier>' in file '/home/alco9414/pqc/hqc/asic/portfix_wip/state_ram.v' on line 248, column 31.
      assign din_ram_wire_0[ii4] = din_grouped[ii4];
                          |
Error   : Parsing error. [VLOGPT-1] [read_hdl]
        : Expecting token ';', found '<identifier>' in file '/home/alco9414/pqc/hqc/asic/portfix_wip/state_ram.v' on line 254, column 27.
    if (`RHO_OFFSET(ii4) != 0) begin
                          |
Error   : Parsing error. [VLOGPT-1] [read_hdl]
        : in file '/home/alco9414/pqc/hqc/asic/portfix_wip/state_ram.v' on line 257, column 27.
    if (`RHO_OFFSET(ii4) != 0) begin
                          |
Error   : Parsing error. [VLOGPT-1] [read_hdl]
        : Expecting token ';', found '!=' in file '/home/alco9414/pqc/hqc/asic/portfix_wip/state_ram.v' on line 257, column 27.
      for (j4=1; j4 <=`PARALLEL_SLICES-1; j4 = j4 + 1) begin: generate_din_ram_wire_1
                     |
Error   : Parsing error. [VLOGPT-1] [read_hdl]
        : Expecting token ';', found '<=' in file '/home/alco9414/pqc/hqc/asic/portfix_wip/state_ram.v' on line 258, column 22.
      for (j4=1; j4 <=32-1; j4 = j4 + 1) begin: generate_din_ram_wire_1
                               |
Error   : Parsing error. [VLOGPT-1] [read_hdl]
        : Expecting token ';', found '=' in file '/home/alco9414/pqc/hqc/asic/portfix_wip/state_ram.v' on line 258, column 32.
#@ End verbose source ./a7_ordered.tcl
1
Encountered problems processing file: a7_ordered.tcl

Lic Summary:
[13:40:02.134306] Cdslmd servers: ece-cadence-lic
[13:40:02.134331] Feature usage summary:
[13:40:02.134331] Genus_Synthesis  
Normal exit.
