============================================================
  Generated by:           Genus(TM) Synthesis Solution 25.12-s067_1
  Generated on:           Aug 13 2026  12:36:42 am
  Operating conditions:   PVT_0P7V_25C 
  Interconnect mode:      global
  Area mode:              physical library
============================================================

                                                                                        
           Gate             Instances    Area                    Library                
----------------------------------------------------------------------------------------
A2O1A1Ixp33_ASAP7_75t_SL          457    639.654     asap7sc7p5t_AO_SLVT_TT_nldm_211120 
A2O1A1O1Ixp25_ASAP7_75t_SL         31     65.085     asap7sc7p5t_AO_SLVT_TT_nldm_211120 
AND2x2_ASAP7_75t_L                 60     83.981  asap7sc7p5t_SIMPLE_LVT_TT_nldm_211120 
AND2x2_ASAP7_75t_SL              4154   5814.271 asap7sc7p5t_SIMPLE_SLVT_TT_nldm_211120 
AND2x4_ASAP7_75t_L                  6     13.997  asap7sc7p5t_SIMPLE_LVT_TT_nldm_211120 
AND2x4_ASAP7_75t_SL               254    592.531 asap7sc7p5t_SIMPLE_SLVT_TT_nldm_211120 
AND2x6_ASAP7_75t_SL                86    240.745 asap7sc7p5t_SIMPLE_SLVT_TT_nldm_211120 
AND3x1_ASAP7_75t_L                  6      8.398  asap7sc7p5t_SIMPLE_LVT_TT_nldm_211120 
AND3x1_ASAP7_75t_SL                51     71.384 asap7sc7p5t_SIMPLE_SLVT_TT_nldm_211120 
AND3x2_ASAP7_75t_L                  6      9.798  asap7sc7p5t_SIMPLE_LVT_TT_nldm_211120 
AND3x2_ASAP7_75t_SL                 7     11.431 asap7sc7p5t_SIMPLE_SLVT_TT_nldm_211120 
AND3x4_ASAP7_75t_SL                 3      9.798 asap7sc7p5t_SIMPLE_SLVT_TT_nldm_211120 
AND4x1_ASAP7_75t_SL              4409   7199.721 asap7sc7p5t_SIMPLE_SLVT_TT_nldm_211120 
AND4x2_ASAP7_75t_SL                 1      1.866 asap7sc7p5t_SIMPLE_SLVT_TT_nldm_211120 
AND5x1_ASAP7_75t_SL               627   1170.132 asap7sc7p5t_SIMPLE_SLVT_TT_nldm_211120 
AO21x1_ASAP7_75t_L                  5      6.998      asap7sc7p5t_AO_LVT_TT_nldm_211120 
AO21x1_ASAP7_75t_SL               484    677.445     asap7sc7p5t_AO_SLVT_TT_nldm_211120 
AO21x2_ASAP7_75t_SL                22     35.925     asap7sc7p5t_AO_SLVT_TT_nldm_211120 
AO221x1_ASAP7_75t_SL              141    328.925     asap7sc7p5t_AO_SLVT_TT_nldm_211120 
AO221x2_ASAP7_75t_SL               18     46.189     asap7sc7p5t_AO_SLVT_TT_nldm_211120 
AO222x2_ASAP7_75t_L                 2      5.599      asap7sc7p5t_AO_LVT_TT_nldm_211120 
AO222x2_ASAP7_75t_SL              477   1335.295     asap7sc7p5t_AO_SLVT_TT_nldm_211120 
AO22x1_ASAP7_75t_SL              3970   8335.094     asap7sc7p5t_AO_SLVT_TT_nldm_211120 
AO22x2_ASAP7_75t_SL                 1      2.333     asap7sc7p5t_AO_SLVT_TT_nldm_211120 
AO32x1_ASAP7_75t_SL               219    408.707     asap7sc7p5t_AO_SLVT_TT_nldm_211120 
AO331x1_ASAP7_75t_L                 1      2.333      asap7sc7p5t_AO_LVT_TT_nldm_211120 
AO331x1_ASAP7_75t_SL               16     37.325     asap7sc7p5t_AO_SLVT_TT_nldm_211120 
AO332x1_ASAP7_75t_SL                3      7.698     asap7sc7p5t_AO_SLVT_TT_nldm_211120 
AO333x1_ASAP7_75t_SL                5     13.997     asap7sc7p5t_AO_SLVT_TT_nldm_211120 
AO33x2_ASAP7_75t_SL                 3      6.998     asap7sc7p5t_AO_SLVT_TT_nldm_211120 
AOI211xp5_ASAP7_75t_SL            234    327.525     asap7sc7p5t_AO_SLVT_TT_nldm_211120 
AOI21x1_ASAP7_75t_L                 1      1.866      asap7sc7p5t_AO_LVT_TT_nldm_211120 
AOI21x1_ASAP7_75t_SL                1      1.866     asap7sc7p5t_AO_SLVT_TT_nldm_211120 
AOI21xp33_ASAP7_75t_SL            637    742.997     asap7sc7p5t_AO_SLVT_TT_nldm_211120 
AOI21xp5_ASAP7_75t_L                7      8.165      asap7sc7p5t_AO_LVT_TT_nldm_211120 
AOI21xp5_ASAP7_75t_SL            1560   1819.584     asap7sc7p5t_AO_SLVT_TT_nldm_211120 
AOI221xp5_ASAP7_75t_SL           5225   8532.216     asap7sc7p5t_AO_SLVT_TT_nldm_211120 
AOI222xp33_ASAP7_75t_SL          2431   5671.037     asap7sc7p5t_AO_SLVT_TT_nldm_211120 
AOI22x1_ASAP7_75t_SL                8     18.662     asap7sc7p5t_AO_SLVT_TT_nldm_211120 
AOI22xp33_ASAP7_75t_SL             15     20.995     asap7sc7p5t_AO_SLVT_TT_nldm_211120 
AOI22xp5_ASAP7_75t_L               88    123.172      asap7sc7p5t_AO_LVT_TT_nldm_211120 
AOI22xp5_ASAP7_75t_SL           97981 137142.046     asap7sc7p5t_AO_SLVT_TT_nldm_211120 
AOI311xp33_ASAP7_75t_L              1      1.633      asap7sc7p5t_AO_LVT_TT_nldm_211120 
AOI311xp33_ASAP7_75t_SL            11     17.963     asap7sc7p5t_AO_SLVT_TT_nldm_211120 
AOI31xp33_ASAP7_75t_SL            207    289.734     asap7sc7p5t_AO_SLVT_TT_nldm_211120 
AOI321xp33_ASAP7_75t_L             11     20.529      asap7sc7p5t_AO_LVT_TT_nldm_211120 
AOI321xp33_ASAP7_75t_SL            53     98.911     asap7sc7p5t_AO_SLVT_TT_nldm_211120 
AOI322xp5_ASAP7_75t_SL            138    289.734     asap7sc7p5t_AO_SLVT_TT_nldm_211120 
AOI32xp33_ASAP7_75t_L               2      3.266      asap7sc7p5t_AO_LVT_TT_nldm_211120 
AOI32xp33_ASAP7_75t_SL            627   1023.866     asap7sc7p5t_AO_SLVT_TT_nldm_211120 
AOI331xp33_ASAP7_75t_SL            17     35.692     asap7sc7p5t_AO_SLVT_TT_nldm_211120 
AOI332xp33_ASAP7_75t_SL             5     11.664     asap7sc7p5t_AO_SLVT_TT_nldm_211120 
AOI333xp33_ASAP7_75t_SL             6     15.396     asap7sc7p5t_AO_SLVT_TT_nldm_211120 
AOI33xp33_ASAP7_75t_SL             16     29.860     asap7sc7p5t_AO_SLVT_TT_nldm_211120 
BUFx10_ASAP7_75t_L                452   1476.196  asap7sc7p5t_INVBUF_LVT_TT_nldm_211120 
BUFx10_ASAP7_75t_SL               231    754.428 asap7sc7p5t_INVBUF_SLVT_TT_nldm_211120 
BUFx12_ASAP7_75t_SL                 8     29.860 asap7sc7p5t_INVBUF_SLVT_TT_nldm_211120 
BUFx12f_ASAP7_75t_SL             3684  15469.263 asap7sc7p5t_INVBUF_SLVT_TT_nldm_211120 
BUFx16f_ASAP7_75t_SL              203   1041.828 asap7sc7p5t_INVBUF_SLVT_TT_nldm_211120 
BUFx24_ASAP7_75t_SL                 9     62.986 asap7sc7p5t_INVBUF_SLVT_TT_nldm_211120 
BUFx2_ASAP7_75t_L                  99    115.474  asap7sc7p5t_INVBUF_LVT_TT_nldm_211120 
BUFx2_ASAP7_75t_SL                 23     26.827 asap7sc7p5t_INVBUF_SLVT_TT_nldm_211120 
BUFx3_ASAP7_75t_L                 156    218.350  asap7sc7p5t_INVBUF_LVT_TT_nldm_211120 
BUFx3_ASAP7_75t_SL               3789   5303.388 asap7sc7p5t_INVBUF_SLVT_TT_nldm_211120 
BUFx4_ASAP7_75t_SL                  3      4.899 asap7sc7p5t_INVBUF_SLVT_TT_nldm_211120 
BUFx4f_ASAP7_75t_SL              1157   2159.240 asap7sc7p5t_INVBUF_SLVT_TT_nldm_211120 
BUFx5_ASAP7_75t_SL                482    899.528 asap7sc7p5t_INVBUF_SLVT_TT_nldm_211120 
BUFx6f_ASAP7_75t_SL              1733   4042.742 asap7sc7p5t_INVBUF_SLVT_TT_nldm_211120 
BUFx8_ASAP7_75t_SL                 34     95.178 asap7sc7p5t_INVBUF_SLVT_TT_nldm_211120 
CKINVDCx14_ASAP7_75t_SL             2     13.064 asap7sc7p5t_INVBUF_SLVT_TT_nldm_211120 
CKINVDCx16_ASAP7_75t_SL             7     48.989 asap7sc7p5t_INVBUF_SLVT_TT_nldm_211120 
CKINVDCx20_ASAP7_75t_SL             4     35.459 asap7sc7p5t_INVBUF_SLVT_TT_nldm_211120 
DFFHQNx1_ASAP7_75t_L             2182  10180.339     asap7sc7p5t_SEQ_LVT_TT_nldm_220123 
DFFHQNx1_ASAP7_75t_SL           51183 238799.405    asap7sc7p5t_SEQ_SLVT_TT_nldm_220123 
DFFHQNx2_ASAP7_75t_L                8     39.191     asap7sc7p5t_SEQ_LVT_TT_nldm_220123 
DFFHQNx3_ASAP7_75t_SL               6     30.793    asap7sc7p5t_SEQ_SLVT_TT_nldm_220123 
DFFHQx4_ASAP7_75t_L                 8     46.656     asap7sc7p5t_SEQ_LVT_TT_nldm_220123 
DFFHQx4_ASAP7_75t_SL             1059   6176.088    asap7sc7p5t_SEQ_SLVT_TT_nldm_220123 
DHLx1_ASAP7_75t_SL                156    545.875    asap7sc7p5t_SEQ_SLVT_TT_nldm_220123 
DHLx2_ASAP7_75t_SL                  2      7.465    asap7sc7p5t_SEQ_SLVT_TT_nldm_220123 
DLLx1_ASAP7_75t_SL                 10     34.992    asap7sc7p5t_SEQ_SLVT_TT_nldm_220123 
DLLx2_ASAP7_75t_L                   1      3.732     asap7sc7p5t_SEQ_LVT_TT_nldm_220123 
FAx1_ASAP7_75t_SL                 269    878.532 asap7sc7p5t_SIMPLE_SLVT_TT_nldm_211120 
HAxp5_ASAP7_75t_SL                  9     18.896 asap7sc7p5t_SIMPLE_SLVT_TT_nldm_211120 
HB1xp67_ASAP7_75t_L               264    246.344  asap7sc7p5t_INVBUF_LVT_TT_nldm_211120 
HB1xp67_ASAP7_75t_SL               25     23.328 asap7sc7p5t_INVBUF_SLVT_TT_nldm_211120 
HB4xp67_ASAP7_75t_L                 2      3.266  asap7sc7p5t_INVBUF_LVT_TT_nldm_211120 
INVx11_ASAP7_75t_SL               135    409.406 asap7sc7p5t_INVBUF_SLVT_TT_nldm_211120 
INVx13_ASAP7_75t_SL                80    279.936 asap7sc7p5t_INVBUF_SLVT_TT_nldm_211120 
INVx1_ASAP7_75t_SL              70012  48997.198 asap7sc7p5t_INVBUF_SLVT_TT_nldm_211120 
INVx2_ASAP7_75t_SL                399    372.315 asap7sc7p5t_INVBUF_SLVT_TT_nldm_211120 
INVx3_ASAP7_75t_SL                102    118.973 asap7sc7p5t_INVBUF_SLVT_TT_nldm_211120 
INVx4_ASAP7_75t_SL                443    620.058 asap7sc7p5t_INVBUF_SLVT_TT_nldm_211120 
INVx5_ASAP7_75t_SL                315    514.382 asap7sc7p5t_INVBUF_SLVT_TT_nldm_211120 
INVx6_ASAP7_75t_SL                170    317.261 asap7sc7p5t_INVBUF_SLVT_TT_nldm_211120 
INVx8_ASAP7_75t_SL                281    655.517 asap7sc7p5t_INVBUF_SLVT_TT_nldm_211120 
INVxp33_ASAP7_75t_SL               35     24.494 asap7sc7p5t_INVBUF_SLVT_TT_nldm_211120 
MAJIxp5_ASAP7_75t_L                 1      1.633  asap7sc7p5t_SIMPLE_LVT_TT_nldm_211120 
MAJIxp5_ASAP7_75t_SL               20     32.659 asap7sc7p5t_SIMPLE_SLVT_TT_nldm_211120 
MAJx2_ASAP7_75t_L                   5     10.498  asap7sc7p5t_SIMPLE_LVT_TT_nldm_211120 
MAJx2_ASAP7_75t_SL                 11     23.095 asap7sc7p5t_SIMPLE_SLVT_TT_nldm_211120 
NAND2x1_ASAP7_75t_SL              148    207.153 asap7sc7p5t_SIMPLE_SLVT_TT_nldm_211120 
NAND2x1p5_ASAP7_75t_L               1      1.866  asap7sc7p5t_SIMPLE_LVT_TT_nldm_211120 
NAND2x1p5_ASAP7_75t_SL              2      3.732 asap7sc7p5t_SIMPLE_SLVT_TT_nldm_211120 
NAND2x2_ASAP7_75t_SL               91    212.285 asap7sc7p5t_SIMPLE_SLVT_TT_nldm_211120 
NAND2xp33_ASAP7_75t_SL            189    176.360 asap7sc7p5t_SIMPLE_SLVT_TT_nldm_211120 
NAND2xp5_ASAP7_75t_L               18     16.796  asap7sc7p5t_SIMPLE_LVT_TT_nldm_211120 
NAND2xp5_ASAP7_75t_SL            3805   3550.522 asap7sc7p5t_SIMPLE_SLVT_TT_nldm_211120 
NAND3x1_ASAP7_75t_SL                1      2.566 asap7sc7p5t_SIMPLE_SLVT_TT_nldm_211120 
NAND3x2_ASAP7_75t_SL                2      9.331 asap7sc7p5t_SIMPLE_SLVT_TT_nldm_211120 
NAND3xp33_ASAP7_75t_L               2      2.333  asap7sc7p5t_SIMPLE_LVT_TT_nldm_211120 
NAND3xp33_ASAP7_75t_SL            679    791.986 asap7sc7p5t_SIMPLE_SLVT_TT_nldm_211120 
NAND4xp25_ASAP7_75t_SL           2002   2802.159 asap7sc7p5t_SIMPLE_SLVT_TT_nldm_211120 
NAND4xp75_ASAP7_75t_L               1      3.266  asap7sc7p5t_SIMPLE_LVT_TT_nldm_211120 
NAND4xp75_ASAP7_75t_SL              1      3.266 asap7sc7p5t_SIMPLE_SLVT_TT_nldm_211120 
NAND5xp2_ASAP7_75t_SL            4802   7841.474 asap7sc7p5t_SIMPLE_SLVT_TT_nldm_211120 
NOR2x1_ASAP7_75t_SL               496    694.241 asap7sc7p5t_SIMPLE_SLVT_TT_nldm_211120 
NOR2x1p5_ASAP7_75t_L              164    306.063  asap7sc7p5t_SIMPLE_LVT_TT_nldm_211120 
NOR2x1p5_ASAP7_75t_SL             320    597.197 asap7sc7p5t_SIMPLE_SLVT_TT_nldm_211120 
NOR2x2_ASAP7_75t_SL                35     81.648 asap7sc7p5t_SIMPLE_SLVT_TT_nldm_211120 
NOR2xp33_ASAP7_75t_L              729    680.244  asap7sc7p5t_SIMPLE_LVT_TT_nldm_211120 
NOR2xp33_ASAP7_75t_SL            3262   3043.837 asap7sc7p5t_SIMPLE_SLVT_TT_nldm_211120 
NOR2xp67_ASAP7_75t_L                6      8.398  asap7sc7p5t_SIMPLE_LVT_TT_nldm_211120 
NOR2xp67_ASAP7_75t_SL               1      1.400 asap7sc7p5t_SIMPLE_SLVT_TT_nldm_211120 
NOR3x1_ASAP7_75t_SL                 1      2.566 asap7sc7p5t_SIMPLE_SLVT_TT_nldm_211120 
NOR3x2_ASAP7_75t_SL                 1      4.666 asap7sc7p5t_SIMPLE_SLVT_TT_nldm_211120 
NOR3xp33_ASAP7_75t_SL             252    293.933 asap7sc7p5t_SIMPLE_SLVT_TT_nldm_211120 
NOR4xp25_ASAP7_75t_SL             114    159.564 asap7sc7p5t_SIMPLE_SLVT_TT_nldm_211120 
NOR4xp75_ASAP7_75t_SL               1      3.266 asap7sc7p5t_SIMPLE_SLVT_TT_nldm_211120 
NOR5xp2_ASAP7_75t_SL              694   1133.274 asap7sc7p5t_SIMPLE_SLVT_TT_nldm_211120 
O2A1O1Ixp33_ASAP7_75t_SL          138    193.156     asap7sc7p5t_OA_SLVT_TT_nldm_211120 
OA211x2_ASAP7_75t_L                 3      5.599      asap7sc7p5t_OA_LVT_TT_nldm_211120 
OA211x2_ASAP7_75t_SL               84    156.764     asap7sc7p5t_OA_SLVT_TT_nldm_211120 
OA21x2_ASAP7_75t_SL               311    507.851     asap7sc7p5t_OA_SLVT_TT_nldm_211120 
OA221x2_ASAP7_75t_SL               14     52.255     asap7sc7p5t_OA_SLVT_TT_nldm_211120 
OA222x2_ASAP7_75t_SL              237    663.448     asap7sc7p5t_OA_SLVT_TT_nldm_211120 
OA22x2_ASAP7_75t_SL               395    921.456     asap7sc7p5t_OA_SLVT_TT_nldm_211120 
OA331x1_ASAP7_75t_SL               10     23.328     asap7sc7p5t_OA_SLVT_TT_nldm_211120 
OA332x1_ASAP7_75t_SL                8     20.529     asap7sc7p5t_OA_SLVT_TT_nldm_211120 
OA333x1_ASAP7_75t_SL                7     19.596     asap7sc7p5t_OA_SLVT_TT_nldm_211120 
OA33x2_ASAP7_75t_SL                 6     13.997     asap7sc7p5t_OA_SLVT_TT_nldm_211120 
OAI211xp5_ASAP7_75t_SL            413    578.068     asap7sc7p5t_OA_SLVT_TT_nldm_211120 
OAI21x1_ASAP7_75t_SL                3      5.599     asap7sc7p5t_OA_SLVT_TT_nldm_211120 
OAI21xp33_ASAP7_75t_SL             42     48.989     asap7sc7p5t_OA_SLVT_TT_nldm_211120 
OAI21xp5_ASAP7_75t_L                4      4.666      asap7sc7p5t_OA_LVT_TT_nldm_211120 
OAI21xp5_ASAP7_75t_SL             681    794.318     asap7sc7p5t_OA_SLVT_TT_nldm_211120 
OAI221xp5_ASAP7_75t_SL           1098   1792.990     asap7sc7p5t_OA_SLVT_TT_nldm_211120 
OAI222xp33_ASAP7_75t_SL           302    704.506     asap7sc7p5t_OA_SLVT_TT_nldm_211120 
OAI22xp33_ASAP7_75t_SL             41     57.387     asap7sc7p5t_OA_SLVT_TT_nldm_211120 
OAI22xp5_ASAP7_75t_SL            1086   1520.052     asap7sc7p5t_OA_SLVT_TT_nldm_211120 
OAI311xp33_ASAP7_75t_L              2      3.266      asap7sc7p5t_OA_LVT_TT_nldm_211120 
OAI311xp33_ASAP7_75t_SL            31     50.622     asap7sc7p5t_OA_SLVT_TT_nldm_211120 
OAI31xp33_ASAP7_75t_SL            354    495.487     asap7sc7p5t_OA_SLVT_TT_nldm_211120 
OAI321xp33_ASAP7_75t_L              8     14.930      asap7sc7p5t_OA_LVT_TT_nldm_211120 
OAI321xp33_ASAP7_75t_SL            32     59.720     asap7sc7p5t_OA_SLVT_TT_nldm_211120 
OAI322xp33_ASAP7_75t_SL            21     44.090     asap7sc7p5t_OA_SLVT_TT_nldm_211120 
OAI32xp33_ASAP7_75t_SL             15     24.494     asap7sc7p5t_OA_SLVT_TT_nldm_211120 
OAI331xp33_ASAP7_75t_SL            26     54.588     asap7sc7p5t_OA_SLVT_TT_nldm_211120 
OAI332xp33_ASAP7_75t_SL             9     20.995     asap7sc7p5t_OA_SLVT_TT_nldm_211120 
OAI333xp33_ASAP7_75t_SL             3      7.698     asap7sc7p5t_OA_SLVT_TT_nldm_211120 
OAI33xp33_ASAP7_75t_SL             12     22.395     asap7sc7p5t_OA_SLVT_TT_nldm_211120 
OR2x2_ASAP7_75t_L                  38     53.188  asap7sc7p5t_SIMPLE_LVT_TT_nldm_211120 
OR2x2_ASAP7_75t_SL                843   1179.930 asap7sc7p5t_SIMPLE_SLVT_TT_nldm_211120 
OR2x4_ASAP7_75t_SL                210    391.910 asap7sc7p5t_SIMPLE_SLVT_TT_nldm_211120 
OR2x6_ASAP7_75t_SL                 94    263.140 asap7sc7p5t_SIMPLE_SLVT_TT_nldm_211120 
OR3x1_ASAP7_75t_L                   3      4.199  asap7sc7p5t_SIMPLE_LVT_TT_nldm_211120 
OR3x1_ASAP7_75t_SL                 62     86.780 asap7sc7p5t_SIMPLE_SLVT_TT_nldm_211120 
OR3x2_ASAP7_75t_L                  92    150.232  asap7sc7p5t_SIMPLE_LVT_TT_nldm_211120 
OR3x2_ASAP7_75t_SL                  3      4.899 asap7sc7p5t_SIMPLE_SLVT_TT_nldm_211120 
OR3x4_ASAP7_75t_SL                 24     50.388 asap7sc7p5t_SIMPLE_SLVT_TT_nldm_211120 
OR4x1_ASAP7_75t_SL                157    256.375 asap7sc7p5t_SIMPLE_SLVT_TT_nldm_211120 
OR5x1_ASAP7_75t_SL                470    877.133 asap7sc7p5t_SIMPLE_SLVT_TT_nldm_211120 
SDFHx1_ASAP7_75t_L                245   1428.840     asap7sc7p5t_SEQ_LVT_TT_nldm_220123 
SDFHx1_ASAP7_75t_SL             65943 384579.576    asap7sc7p5t_SEQ_SLVT_TT_nldm_220123 
SDFHx4_ASAP7_75t_SL                 1      7.232    asap7sc7p5t_SEQ_SLVT_TT_nldm_220123 
XNOR2x2_ASAP7_75t_SL               58    148.833 asap7sc7p5t_SIMPLE_SLVT_TT_nldm_211120 
XNOR2xp5_ASAP7_75t_L               14     29.393  asap7sc7p5t_SIMPLE_LVT_TT_nldm_211120 
XNOR2xp5_ASAP7_75t_SL            1208   2536.220 asap7sc7p5t_SIMPLE_SLVT_TT_nldm_211120 
XOR2x2_ASAP7_75t_SL                93    238.645 asap7sc7p5t_SIMPLE_SLVT_TT_nldm_211120 
XOR2xp5_ASAP7_75t_L                51    107.076  asap7sc7p5t_SIMPLE_LVT_TT_nldm_211120 
XOR2xp5_ASAP7_75t_SL             1417   2975.020 asap7sc7p5t_SIMPLE_SLVT_TT_nldm_211120 
----------------------------------------------------------------------------------------
total                          358318 951529.291                                        
                                                                        
                Library                Instances    Area    Instances % 
------------------------------------------------------------------------
asap7sc7p5t_AO_LVT_TT_nldm_211120            118    173.560         0.0 
asap7sc7p5t_AO_SLVT_TT_nldm_211120        115019 168030.418        32.1 
asap7sc7p5t_INVBUF_LVT_TT_nldm_211120        973   2059.629         0.3 
asap7sc7p5t_INVBUF_SLVT_TT_nldm_211120     83366  82320.546        23.3 
asap7sc7p5t_OA_LVT_TT_nldm_211120             17     28.460         0.0 
asap7sc7p5t_OA_SLVT_TT_nldm_211120          5379   8854.376         1.5 
asap7sc7p5t_SEQ_LVT_TT_nldm_220123          2444  11698.759         0.7 
asap7sc7p5t_SEQ_SLVT_TT_nldm_220123       118360 630181.426        33.0 
asap7sc7p5t_SIMPLE_LVT_TT_nldm_211120       1203   1491.359         0.3 
asap7sc7p5t_SIMPLE_SLVT_TT_nldm_211120     31439  46690.759         8.8 
                                           
     Type      Instances    Area    Area % 
-------------------------------------------
sequential        120804 641880.184   67.5 
inverter           71985  52407.052    5.5 
buffer             12354  31973.124    3.4 
logic             153175 225268.932   23.7 
physical_cells         0      0.000    0.0 
-------------------------------------------
total             358318 951529.291  100.0 
