============================================================
  Generated by:           Genus(TM) Synthesis Solution 25.12-s067_1
  Generated on:           Aug 13 2026  12:21:59 am
  Module:                 hqc_kem_joint_design
  Operating conditions:   PVT_0P7V_25C 
  Interconnect mode:      global
  Area mode:              physical library
============================================================

                                Instance                                                           Module                             Cell-Count  Cell-Area   Net-Area   Total-Area 
------------------------------------------------------------------------------------------------------------------------------------------------------------------------------------
hqc_kem_joint_design                                                    NA                                                                352828 935773.327 315395.109  1251168.435 
  DECAP_MODULE_DECRYPT_DECODE_RM_DECOD_HADAMARD                         hqc_rmdecod_hadamard_PARAM_SECURITY128                             24443  60101.326  20446.505    80547.831 
  DECAP_MODULE_DECRYPT_DECODE_RS_DECOD_COMPUTE_ERRVALS                  hqc_rsdecod_err_val_PARAM_SECURITY128                               3031   7141.634   2575.330     9716.964 
  DECAP_MODULE_DECRYPT_DECODE_RS_DECOD_COMPUTE_ROOTS_ADD_FFT_FFT_PART1  fft_part1_DIN_W256_DOUT_W32                                           57     98.444     42.995      141.440 
  DECAP_MODULE_DECRYPT_DECODE_RS_DECOD_COMPUTE_ROOTS_FFT_RETRIEVE_ERROR fft_retrieve_error_poly_PARAM_SECURITY128                            430    929.854    288.001     1217.855 
  ENCAP_MODULE_genblk1.ENCRYPT_ENCODE_REED_SOLOMON_CODE                 reed_solomon_encode_parameter_set48h687163313238                    1332   4052.307    823.884     4876.191 
  ENCAP_MODULE_genblk1.ENCRYPT_XOR_BASED_ADDER                          xor_based_adder_parameter_set48h687163313238_N17669_WIDTH128         330   1073.788    100.506     1174.294 
  ENCAP_MODULE_genblk1.ENCRYPT_u_mem                                    mem_single_WIDTH128_DEPTH139                                       48351 126791.179  45678.452   172469.631 
  POLY_MULT_INTERLEAVED_RED_MEM                                         mem_dual_WIDTH128_DEPTH139_1                                      101212 270954.953  89915.750   360870.703 
  SHAKE256_data_path_instance                                           data_path                                                          12450  23842.149  11306.216    35148.365 
