============================================================
  Generated by:           Genus(TM) Synthesis Solution 25.12-s067_1
  Generated on:           Aug 13 2026  12:36:41 am
  Module:                 hqc_kem_joint_design
  Operating conditions:   PVT_0P7V_25C 
  Interconnect mode:      global
  Area mode:              physical library
============================================================

                                Instance                                                           Module                             Cell-Count  Cell-Area   Net-Area   Total-Area 
------------------------------------------------------------------------------------------------------------------------------------------------------------------------------------
hqc_kem_joint_design                                                    NA                                                                358318 951529.291 318108.096  1269637.387 
  DECAP_MODULE_DECRYPT_DECODE_RM_DECOD_HADAMARD                         hqc_rmdecod_hadamard_PARAM_SECURITY128                             24385  59994.017  20409.316    80403.333 
  DECAP_MODULE_DECRYPT_DECODE_RS_DECOD_COMPUTE_ERRVALS                  hqc_rsdecod_err_val_PARAM_SECURITY128                               3007   7170.561   2562.874     9733.435 
  DECAP_MODULE_DECRYPT_DECODE_RS_DECOD_COMPUTE_ROOTS_ADD_FFT_FFT_PART1  fft_part1_DIN_W256_DOUT_W32                                           57     98.444     42.995      141.440 
  DECAP_MODULE_DECRYPT_DECODE_RS_DECOD_COMPUTE_ROOTS_FFT_RETRIEVE_ERROR fft_retrieve_error_poly_PARAM_SECURITY128                            428    926.821    287.003     1213.825 
  ENCAP_MODULE_genblk1.ENCRYPT_ENCODE_REED_SOLOMON_CODE                 reed_solomon_encode_parameter_set48h687163313238                    1341   4079.834    828.143     4907.977 
  ENCAP_MODULE_genblk1.ENCRYPT_XOR_BASED_ADDER                          xor_based_adder_parameter_set48h687163313238_N17669_WIDTH128         329   1073.088    100.007     1173.095 
  ENCAP_MODULE_genblk1.ENCRYPT_u_mem                                    mem_single_WIDTH128_DEPTH139                                       50024 133938.878  46512.874   180451.752 
  POLY_MULT_INTERLEAVED_RED_MEM                                         mem_dual_WIDTH128_DEPTH139_1                                      104134 278519.291  91399.363   369918.653 
  SHAKE256_data_path_instance                                           data_path                                                          12841  24659.096  11502.445    36161.541 
