============================================================
  Generated by:           Genus(TM) Synthesis Solution 25.12-s067_1
  Generated on:           Aug 13 2026  12:21:55 am
  Module:                 hqc_kem_joint_design
  Operating conditions:   PVT_0P7V_25C 
  Interconnect mode:      global
  Area mode:              physical library
============================================================


Path 1: MET (1 ps) Setup Check with Pin ENCAP_MODULE_HASH_MEM_q_reg[31]/CLK->D
          Group: clk
     Startpoint: (F) decap_out_en
          Clock: (R) clk
       Endpoint: (F) ENCAP_MODULE_HASH_MEM_q_reg[31]/D
          Clock: (R) clk

                     Capture       Launch     
        Clock Edge:+    1000            0     
        Drv Adjust:+       0            0     
       Src Latency:+       0            0     
       Net Latency:+       0 (I)        0 (I) 
           Arrival:=    1000            0     
                                              
             Setup:-      12                  
       Uncertainty:-      50                  
     Required Time:=     938                  
      Launch Clock:-       0                  
       Input Delay:-     100                  
         Data Path:-     838                  
             Slack:=       1                  

Exceptions/Constraints:
  input_delay             100             in_del_1309_1   

#------------------------------------------------------------------------------------------------------------------------
#           Timing Point            Flags   Arc   Edge          Cell            Fanout Load Trans Delay Arrival Instance 
#                                                                                      (fF)  (ps)  (ps)   (ps)  Location 
#------------------------------------------------------------------------------------------------------------------------
  decap_out_en                      -       -     F     (arrival)                    2  3.4     0     0     100    (-,-) 
  g20655/Y                          -       B->Y  F     OR2x2_ASAP7_75t_SL           3  4.9    19    19     119    (-,-) 
  g15773/Y                          -       A->Y  R     INVx1_ASAP7_75t_SL           6  8.5    59    31     150    (-,-) 
  g15628/Y                          -       A1->Y R     AO22x2_ASAP7_75t_SL         37 50.1   172    92     242    (-,-) 
  g15567/Y                          -       A->Y  R     OR2x2_ASAP7_75t_SL           3  5.7    28    36     278    (-,-) 
  g15537/Y                          -       A->Y  F     INVx1_ASAP7_75t_SL           1  2.6    21    13     290    (-,-) 
  g15454/Y                          -       A2->Y R     AOI21x1_ASAP7_75t_SL        11 14.6   142    45     336    (-,-) 
  g15191/Y                          -       C1->Y F     AOI222xp33_ASAP7_75t_SL      5  7.7   167    85     421    (-,-) 
  g15183/Y                          -       A->Y  R     INVx1_ASAP7_75t_SL           5  7.6    90    56     477    (-,-) 
  g15055/Y                          -       A->Y  F     NOR2x1_ASAP7_75t_SL          9 12.0    85    53     530    (-,-) 
  g15015/Y                          -       A->Y  R     INVx1_ASAP7_75t_SL           2  3.4    44    28     558    (-,-) 
  g14899/Y                          -       B->Y  R     OR2x4_ASAP7_75t_SL          31 71.3   126    76     634    (-,-) 
  g13752/Y                          -       A->Y  F     NOR2x1_ASAP7_75t_SL         32 43.1   247   139     772    (-,-) 
  g144877/Y                         -       A1->Y R     AOI22xp5_ASAP7_75t_SL        1  2.0    92    44     817    (-,-) 
  g124356/Y                         -       B->Y  F     NAND5xp2_ASAP7_75t_SL        1  2.0    74    36     853    (-,-) 
  g122227/Y                         -       D->Y  R     NOR5xp2_ASAP7_75t_SL         1  2.0    91    45     898    (-,-) 
  g121968/Y                         -       A->Y  F     NAND5xp2_ASAP7_75t_SL        1  2.1    77    40     938    (-,-) 
  ENCAP_MODULE_HASH_MEM_q_reg[31]/D -       -     F     DFFHQx4_ASAP7_75t_SL         1    -     -     0     938    (-,-) 
#------------------------------------------------------------------------------------------------------------------------



Path 2: MET (1 ps) Setup Check with Pin ENCAP_MODULE_HASH_MEM_q_reg[30]/CLK->D
          Group: clk
     Startpoint: (F) decap_out_en
          Clock: (R) clk
       Endpoint: (F) ENCAP_MODULE_HASH_MEM_q_reg[30]/D
          Clock: (R) clk

                     Capture       Launch     
        Clock Edge:+    1000            0     
        Drv Adjust:+       0            0     
       Src Latency:+       0            0     
       Net Latency:+       0 (I)        0 (I) 
           Arrival:=    1000            0     
                                              
             Setup:-      12                  
       Uncertainty:-      50                  
     Required Time:=     938                  
      Launch Clock:-       0                  
       Input Delay:-     100                  
         Data Path:-     838                  
             Slack:=       1                  

Exceptions/Constraints:
  input_delay             100             in_del_1309_1   

#------------------------------------------------------------------------------------------------------------------------
#           Timing Point            Flags   Arc   Edge          Cell            Fanout Load Trans Delay Arrival Instance 
#                                                                                      (fF)  (ps)  (ps)   (ps)  Location 
#------------------------------------------------------------------------------------------------------------------------
  decap_out_en                      -       -     F     (arrival)                    2  3.4     0     0     100    (-,-) 
  g20655/Y                          -       B->Y  F     OR2x2_ASAP7_75t_SL           3  4.9    19    19     119    (-,-) 
  g15773/Y                          -       A->Y  R     INVx1_ASAP7_75t_SL           6  8.5    59    31     150    (-,-) 
  g15628/Y                          -       A1->Y R     AO22x2_ASAP7_75t_SL         37 50.1   172    92     242    (-,-) 
  g15567/Y                          -       A->Y  R     OR2x2_ASAP7_75t_SL           3  5.7    28    36     278    (-,-) 
  g15537/Y                          -       A->Y  F     INVx1_ASAP7_75t_SL           1  2.6    21    13     290    (-,-) 
  g15454/Y                          -       A2->Y R     AOI21x1_ASAP7_75t_SL        11 14.6   142    45     336    (-,-) 
  g15191/Y                          -       C1->Y F     AOI222xp33_ASAP7_75t_SL      5  7.7   167    85     421    (-,-) 
  g15183/Y                          -       A->Y  R     INVx1_ASAP7_75t_SL           5  7.6    90    56     477    (-,-) 
  g15055/Y                          -       A->Y  F     NOR2x1_ASAP7_75t_SL          9 12.0    85    53     530    (-,-) 
  g15015/Y                          -       A->Y  R     INVx1_ASAP7_75t_SL           2  3.4    44    28     558    (-,-) 
  g14899/Y                          -       B->Y  R     OR2x4_ASAP7_75t_SL          31 71.3   126    76     634    (-,-) 
  g13752/Y                          -       A->Y  F     NOR2x1_ASAP7_75t_SL         32 43.1   247   139     772    (-,-) 
  g130785/Y                         -       A1->Y R     AOI22xp5_ASAP7_75t_SL        1  2.0    92    44     817    (-,-) 
  g123000/Y                         -       B->Y  F     NAND5xp2_ASAP7_75t_SL        1  2.0    74    36     853    (-,-) 
  g122211/Y                         -       D->Y  R     NOR5xp2_ASAP7_75t_SL         1  2.0    91    45     898    (-,-) 
  g121954/Y                         -       A->Y  F     NAND5xp2_ASAP7_75t_SL        1  2.1    77    40     938    (-,-) 
  ENCAP_MODULE_HASH_MEM_q_reg[30]/D -       -     F     DFFHQx4_ASAP7_75t_SL         1    -     -     0     938    (-,-) 
#------------------------------------------------------------------------------------------------------------------------



Path 3: MET (1 ps) Setup Check with Pin ENCAP_MODULE_HASH_MEM_q_reg[29]/CLK->D
          Group: clk
     Startpoint: (F) decap_out_en
          Clock: (R) clk
       Endpoint: (F) ENCAP_MODULE_HASH_MEM_q_reg[29]/D
          Clock: (R) clk

                     Capture       Launch     
        Clock Edge:+    1000            0     
        Drv Adjust:+       0            0     
       Src Latency:+       0            0     
       Net Latency:+       0 (I)        0 (I) 
           Arrival:=    1000            0     
                                              
             Setup:-      12                  
       Uncertainty:-      50                  
     Required Time:=     938                  
      Launch Clock:-       0                  
       Input Delay:-     100                  
         Data Path:-     838                  
             Slack:=       1                  

Exceptions/Constraints:
  input_delay             100             in_del_1309_1   

#------------------------------------------------------------------------------------------------------------------------
#           Timing Point            Flags   Arc   Edge          Cell            Fanout Load Trans Delay Arrival Instance 
#                                                                                      (fF)  (ps)  (ps)   (ps)  Location 
#------------------------------------------------------------------------------------------------------------------------
  decap_out_en                      -       -     F     (arrival)                    2  3.4     0     0     100    (-,-) 
  g20655/Y                          -       B->Y  F     OR2x2_ASAP7_75t_SL           3  4.9    19    19     119    (-,-) 
  g15773/Y                          -       A->Y  R     INVx1_ASAP7_75t_SL           6  8.5    59    31     150    (-,-) 
  g15628/Y                          -       A1->Y R     AO22x2_ASAP7_75t_SL         37 50.1   172    92     242    (-,-) 
  g15567/Y                          -       A->Y  R     OR2x2_ASAP7_75t_SL           3  5.7    28    36     278    (-,-) 
  g15537/Y                          -       A->Y  F     INVx1_ASAP7_75t_SL           1  2.6    21    13     290    (-,-) 
  g15454/Y                          -       A2->Y R     AOI21x1_ASAP7_75t_SL        11 14.6   142    45     336    (-,-) 
  g15191/Y                          -       C1->Y F     AOI222xp33_ASAP7_75t_SL      5  7.7   167    85     421    (-,-) 
  g15183/Y                          -       A->Y  R     INVx1_ASAP7_75t_SL           5  7.6    90    56     477    (-,-) 
  g15055/Y                          -       A->Y  F     NOR2x1_ASAP7_75t_SL          9 12.0    85    53     530    (-,-) 
  g15015/Y                          -       A->Y  R     INVx1_ASAP7_75t_SL           2  3.4    44    28     558    (-,-) 
  g14899/Y                          -       B->Y  R     OR2x4_ASAP7_75t_SL          31 71.3   126    76     634    (-,-) 
  g13752/Y                          -       A->Y  F     NOR2x1_ASAP7_75t_SL         32 43.1   247   139     772    (-,-) 
  g145457/Y                         -       A1->Y R     AOI22xp5_ASAP7_75t_SL        1  2.0    92    44     817    (-,-) 
  g124507/Y                         -       B->Y  F     NAND5xp2_ASAP7_75t_SL        1  2.0    74    36     853    (-,-) 
  g122240/Y                         -       D->Y  R     NOR5xp2_ASAP7_75t_SL         1  2.0    91    45     898    (-,-) 
  g121973/Y                         -       A->Y  F     NAND5xp2_ASAP7_75t_SL        1  2.1    77    40     938    (-,-) 
  ENCAP_MODULE_HASH_MEM_q_reg[29]/D -       -     F     DFFHQx4_ASAP7_75t_SL         1    -     -     0     938    (-,-) 
#------------------------------------------------------------------------------------------------------------------------



Path 4: MET (1 ps) Setup Check with Pin ENCAP_MODULE_HASH_MEM_q_reg[28]/CLK->D
          Group: clk
     Startpoint: (F) decap_out_en
          Clock: (R) clk
       Endpoint: (F) ENCAP_MODULE_HASH_MEM_q_reg[28]/D
          Clock: (R) clk

                     Capture       Launch     
        Clock Edge:+    1000            0     
        Drv Adjust:+       0            0     
       Src Latency:+       0            0     
       Net Latency:+       0 (I)        0 (I) 
           Arrival:=    1000            0     
                                              
             Setup:-      12                  
       Uncertainty:-      50                  
     Required Time:=     938                  
      Launch Clock:-       0                  
       Input Delay:-     100                  
         Data Path:-     838                  
             Slack:=       1                  

Exceptions/Constraints:
  input_delay             100             in_del_1309_1   

#------------------------------------------------------------------------------------------------------------------------
#           Timing Point            Flags   Arc   Edge          Cell            Fanout Load Trans Delay Arrival Instance 
#                                                                                      (fF)  (ps)  (ps)   (ps)  Location 
#------------------------------------------------------------------------------------------------------------------------
  decap_out_en                      -       -     F     (arrival)                    2  3.4     0     0     100    (-,-) 
  g20655/Y                          -       B->Y  F     OR2x2_ASAP7_75t_SL           3  4.9    19    19     119    (-,-) 
  g15773/Y                          -       A->Y  R     INVx1_ASAP7_75t_SL           6  8.5    59    31     150    (-,-) 
  g15628/Y                          -       A1->Y R     AO22x2_ASAP7_75t_SL         37 50.1   172    92     242    (-,-) 
  g15567/Y                          -       A->Y  R     OR2x2_ASAP7_75t_SL           3  5.7    28    36     278    (-,-) 
  g15537/Y                          -       A->Y  F     INVx1_ASAP7_75t_SL           1  2.6    21    13     290    (-,-) 
  g15454/Y                          -       A2->Y R     AOI21x1_ASAP7_75t_SL        11 14.6   142    45     336    (-,-) 
  g15191/Y                          -       C1->Y F     AOI222xp33_ASAP7_75t_SL      5  7.7   167    85     421    (-,-) 
  g15183/Y                          -       A->Y  R     INVx1_ASAP7_75t_SL           5  7.6    90    56     477    (-,-) 
  g15055/Y                          -       A->Y  F     NOR2x1_ASAP7_75t_SL          9 12.0    85    53     530    (-,-) 
  g15015/Y                          -       A->Y  R     INVx1_ASAP7_75t_SL           2  3.4    44    28     558    (-,-) 
  g14899/Y                          -       B->Y  R     OR2x4_ASAP7_75t_SL          31 71.3   126    76     634    (-,-) 
  g13752/Y                          -       A->Y  F     NOR2x1_ASAP7_75t_SL         32 43.1   247   139     772    (-,-) 
  g136443/Y                         -       A1->Y R     AOI22xp5_ASAP7_75t_SL        1  2.0    92    44     817    (-,-) 
  g123569/Y                         -       B->Y  F     NAND5xp2_ASAP7_75t_SL        1  2.0    74    36     853    (-,-) 
  g122223/Y                         -       D->Y  R     NOR5xp2_ASAP7_75t_SL         1  2.0    91    45     898    (-,-) 
  g121963/Y                         -       A->Y  F     NAND5xp2_ASAP7_75t_SL        1  2.1    77    40     938    (-,-) 
  ENCAP_MODULE_HASH_MEM_q_reg[28]/D -       -     F     DFFHQx4_ASAP7_75t_SL         1    -     -     0     938    (-,-) 
#------------------------------------------------------------------------------------------------------------------------



Path 5: MET (1 ps) Setup Check with Pin ENCAP_MODULE_HASH_MEM_q_reg[27]/CLK->D
          Group: clk
     Startpoint: (F) decap_out_en
          Clock: (R) clk
       Endpoint: (F) ENCAP_MODULE_HASH_MEM_q_reg[27]/D
          Clock: (R) clk

                     Capture       Launch     
        Clock Edge:+    1000            0     
        Drv Adjust:+       0            0     
       Src Latency:+       0            0     
       Net Latency:+       0 (I)        0 (I) 
           Arrival:=    1000            0     
                                              
             Setup:-      12                  
       Uncertainty:-      50                  
     Required Time:=     938                  
      Launch Clock:-       0                  
       Input Delay:-     100                  
         Data Path:-     838                  
             Slack:=       1                  

Exceptions/Constraints:
  input_delay             100             in_del_1309_1   

#------------------------------------------------------------------------------------------------------------------------
#           Timing Point            Flags   Arc   Edge          Cell            Fanout Load Trans Delay Arrival Instance 
#                                                                                      (fF)  (ps)  (ps)   (ps)  Location 
#------------------------------------------------------------------------------------------------------------------------
  decap_out_en                      -       -     F     (arrival)                    2  3.4     0     0     100    (-,-) 
  g20655/Y                          -       B->Y  F     OR2x2_ASAP7_75t_SL           3  4.9    19    19     119    (-,-) 
  g15773/Y                          -       A->Y  R     INVx1_ASAP7_75t_SL           6  8.5    59    31     150    (-,-) 
  g15628/Y                          -       A1->Y R     AO22x2_ASAP7_75t_SL         37 50.1   172    92     242    (-,-) 
  g15567/Y                          -       A->Y  R     OR2x2_ASAP7_75t_SL           3  5.7    28    36     278    (-,-) 
  g15537/Y                          -       A->Y  F     INVx1_ASAP7_75t_SL           1  2.6    21    13     290    (-,-) 
  g15454/Y                          -       A2->Y R     AOI21x1_ASAP7_75t_SL        11 14.6   142    45     336    (-,-) 
  g15191/Y                          -       C1->Y F     AOI222xp33_ASAP7_75t_SL      5  7.7   167    85     421    (-,-) 
  g15183/Y                          -       A->Y  R     INVx1_ASAP7_75t_SL           5  7.6    90    56     477    (-,-) 
  g15055/Y                          -       A->Y  F     NOR2x1_ASAP7_75t_SL          9 12.0    85    53     530    (-,-) 
  g15015/Y                          -       A->Y  R     INVx1_ASAP7_75t_SL           2  3.4    44    28     558    (-,-) 
  g14899/Y                          -       B->Y  R     OR2x4_ASAP7_75t_SL          31 71.3   126    76     634    (-,-) 
  g13752/Y                          -       A->Y  F     NOR2x1_ASAP7_75t_SL         32 43.1   247   139     772    (-,-) 
  g143701/Y                         -       A1->Y R     AOI22xp5_ASAP7_75t_SL        1  2.0    92    44     817    (-,-) 
  g124332/Y                         -       B->Y  F     NAND5xp2_ASAP7_75t_SL        1  2.0    74    36     853    (-,-) 
  g122236/Y                         -       D->Y  R     NOR5xp2_ASAP7_75t_SL         1  2.0    91    45     898    (-,-) 
  g121981/Y                         -       A->Y  F     NAND5xp2_ASAP7_75t_SL        1  2.1    77    40     938    (-,-) 
  ENCAP_MODULE_HASH_MEM_q_reg[27]/D -       -     F     DFFHQx4_ASAP7_75t_SL         1    -     -     0     938    (-,-) 
#------------------------------------------------------------------------------------------------------------------------



Path 6: MET (1 ps) Setup Check with Pin ENCAP_MODULE_HASH_MEM_q_reg[26]/CLK->D
          Group: clk
     Startpoint: (F) decap_out_en
          Clock: (R) clk
       Endpoint: (F) ENCAP_MODULE_HASH_MEM_q_reg[26]/D
          Clock: (R) clk

                     Capture       Launch     
        Clock Edge:+    1000            0     
        Drv Adjust:+       0            0     
       Src Latency:+       0            0     
       Net Latency:+       0 (I)        0 (I) 
           Arrival:=    1000            0     
                                              
             Setup:-      12                  
       Uncertainty:-      50                  
     Required Time:=     938                  
      Launch Clock:-       0                  
       Input Delay:-     100                  
         Data Path:-     838                  
             Slack:=       1                  

Exceptions/Constraints:
  input_delay             100             in_del_1309_1   

#------------------------------------------------------------------------------------------------------------------------
#           Timing Point            Flags   Arc   Edge          Cell            Fanout Load Trans Delay Arrival Instance 
#                                                                                      (fF)  (ps)  (ps)   (ps)  Location 
#------------------------------------------------------------------------------------------------------------------------
  decap_out_en                      -       -     F     (arrival)                    2  3.4     0     0     100    (-,-) 
  g20655/Y                          -       B->Y  F     OR2x2_ASAP7_75t_SL           3  4.9    19    19     119    (-,-) 
  g15773/Y                          -       A->Y  R     INVx1_ASAP7_75t_SL           6  8.5    59    31     150    (-,-) 
  g15628/Y                          -       A1->Y R     AO22x2_ASAP7_75t_SL         37 50.1   172    92     242    (-,-) 
  g15567/Y                          -       A->Y  R     OR2x2_ASAP7_75t_SL           3  5.7    28    36     278    (-,-) 
  g15537/Y                          -       A->Y  F     INVx1_ASAP7_75t_SL           1  2.6    21    13     290    (-,-) 
  g15454/Y                          -       A2->Y R     AOI21x1_ASAP7_75t_SL        11 14.6   142    45     336    (-,-) 
  g15191/Y                          -       C1->Y F     AOI222xp33_ASAP7_75t_SL      5  7.7   167    85     421    (-,-) 
  g15183/Y                          -       A->Y  R     INVx1_ASAP7_75t_SL           5  7.6    90    56     477    (-,-) 
  g15055/Y                          -       A->Y  F     NOR2x1_ASAP7_75t_SL          9 12.0    85    53     530    (-,-) 
  g15015/Y                          -       A->Y  R     INVx1_ASAP7_75t_SL           2  3.4    44    28     558    (-,-) 
  g14899/Y                          -       B->Y  R     OR2x4_ASAP7_75t_SL          31 71.3   126    76     634    (-,-) 
  g13752/Y                          -       A->Y  F     NOR2x1_ASAP7_75t_SL         32 43.1   247   139     772    (-,-) 
  g130024/Y                         -       A1->Y R     AOI22xp5_ASAP7_75t_SL        1  2.0    92    44     817    (-,-) 
  g122936/Y                         -       B->Y  F     NAND5xp2_ASAP7_75t_SL        1  2.0    74    36     853    (-,-) 
  g122213/Y                         -       D->Y  R     NOR5xp2_ASAP7_75t_SL         1  2.0    91    45     898    (-,-) 
  g121955/Y                         -       A->Y  F     NAND5xp2_ASAP7_75t_SL        1  2.1    77    40     938    (-,-) 
  ENCAP_MODULE_HASH_MEM_q_reg[26]/D -       -     F     DFFHQx4_ASAP7_75t_SL         1    -     -     0     938    (-,-) 
#------------------------------------------------------------------------------------------------------------------------



Path 7: MET (1 ps) Setup Check with Pin ENCAP_MODULE_HASH_MEM_q_reg[25]/CLK->D
          Group: clk
     Startpoint: (F) decap_out_en
          Clock: (R) clk
       Endpoint: (F) ENCAP_MODULE_HASH_MEM_q_reg[25]/D
          Clock: (R) clk

                     Capture       Launch     
        Clock Edge:+    1000            0     
        Drv Adjust:+       0            0     
       Src Latency:+       0            0     
       Net Latency:+       0 (I)        0 (I) 
           Arrival:=    1000            0     
                                              
             Setup:-      12                  
       Uncertainty:-      50                  
     Required Time:=     938                  
      Launch Clock:-       0                  
       Input Delay:-     100                  
         Data Path:-     838                  
             Slack:=       1                  

Exceptions/Constraints:
  input_delay             100             in_del_1309_1   

#------------------------------------------------------------------------------------------------------------------------
#           Timing Point            Flags   Arc   Edge          Cell            Fanout Load Trans Delay Arrival Instance 
#                                                                                      (fF)  (ps)  (ps)   (ps)  Location 
#------------------------------------------------------------------------------------------------------------------------
  decap_out_en                      -       -     F     (arrival)                    2  3.4     0     0     100    (-,-) 
  g20655/Y                          -       B->Y  F     OR2x2_ASAP7_75t_SL           3  4.9    19    19     119    (-,-) 
  g15773/Y                          -       A->Y  R     INVx1_ASAP7_75t_SL           6  8.5    59    31     150    (-,-) 
  g15628/Y                          -       A1->Y R     AO22x2_ASAP7_75t_SL         37 50.1   172    92     242    (-,-) 
  g15567/Y                          -       A->Y  R     OR2x2_ASAP7_75t_SL           3  5.7    28    36     278    (-,-) 
  g15537/Y                          -       A->Y  F     INVx1_ASAP7_75t_SL           1  2.6    21    13     290    (-,-) 
  g15454/Y                          -       A2->Y R     AOI21x1_ASAP7_75t_SL        11 14.6   142    45     336    (-,-) 
  g15191/Y                          -       C1->Y F     AOI222xp33_ASAP7_75t_SL      5  7.7   167    85     421    (-,-) 
  g15183/Y                          -       A->Y  R     INVx1_ASAP7_75t_SL           5  7.6    90    56     477    (-,-) 
  g15055/Y                          -       A->Y  F     NOR2x1_ASAP7_75t_SL          9 12.0    85    53     530    (-,-) 
  g15015/Y                          -       A->Y  R     INVx1_ASAP7_75t_SL           2  3.4    44    28     558    (-,-) 
  g14899/Y                          -       B->Y  R     OR2x4_ASAP7_75t_SL          31 71.3   126    76     634    (-,-) 
  g13752/Y                          -       A->Y  F     NOR2x1_ASAP7_75t_SL         32 43.1   247   139     772    (-,-) 
  g134660/Y                         -       A1->Y R     AOI22xp5_ASAP7_75t_SL        1  2.0    92    44     817    (-,-) 
  g123396/Y                         -       B->Y  F     NAND5xp2_ASAP7_75t_SL        1  2.0    74    36     853    (-,-) 
  g122220/Y                         -       D->Y  R     NOR5xp2_ASAP7_75t_SL         1  2.0    91    45     898    (-,-) 
  g121964/Y                         -       A->Y  F     NAND5xp2_ASAP7_75t_SL        1  2.1    77    40     938    (-,-) 
  ENCAP_MODULE_HASH_MEM_q_reg[25]/D -       -     F     DFFHQx4_ASAP7_75t_SL         1    -     -     0     938    (-,-) 
#------------------------------------------------------------------------------------------------------------------------



Path 8: MET (1 ps) Setup Check with Pin ENCAP_MODULE_HASH_MEM_q_reg[24]/CLK->D
          Group: clk
     Startpoint: (F) decap_out_en
          Clock: (R) clk
       Endpoint: (F) ENCAP_MODULE_HASH_MEM_q_reg[24]/D
          Clock: (R) clk

                     Capture       Launch     
        Clock Edge:+    1000            0     
        Drv Adjust:+       0            0     
       Src Latency:+       0            0     
       Net Latency:+       0 (I)        0 (I) 
           Arrival:=    1000            0     
                                              
             Setup:-      12                  
       Uncertainty:-      50                  
     Required Time:=     938                  
      Launch Clock:-       0                  
       Input Delay:-     100                  
         Data Path:-     838                  
             Slack:=       1                  

Exceptions/Constraints:
  input_delay             100             in_del_1309_1   

#------------------------------------------------------------------------------------------------------------------------
#           Timing Point            Flags   Arc   Edge          Cell            Fanout Load Trans Delay Arrival Instance 
#                                                                                      (fF)  (ps)  (ps)   (ps)  Location 
#------------------------------------------------------------------------------------------------------------------------
  decap_out_en                      -       -     F     (arrival)                    2  3.4     0     0     100    (-,-) 
  g20655/Y                          -       B->Y  F     OR2x2_ASAP7_75t_SL           3  4.9    19    19     119    (-,-) 
  g15773/Y                          -       A->Y  R     INVx1_ASAP7_75t_SL           6  8.5    59    31     150    (-,-) 
  g15628/Y                          -       A1->Y R     AO22x2_ASAP7_75t_SL         37 50.1   172    92     242    (-,-) 
  g15567/Y                          -       A->Y  R     OR2x2_ASAP7_75t_SL           3  5.7    28    36     278    (-,-) 
  g15537/Y                          -       A->Y  F     INVx1_ASAP7_75t_SL           1  2.6    21    13     290    (-,-) 
  g15454/Y                          -       A2->Y R     AOI21x1_ASAP7_75t_SL        11 14.6   142    45     336    (-,-) 
  g15191/Y                          -       C1->Y F     AOI222xp33_ASAP7_75t_SL      5  7.7   167    85     421    (-,-) 
  g15183/Y                          -       A->Y  R     INVx1_ASAP7_75t_SL           5  7.6    90    56     477    (-,-) 
  g15055/Y                          -       A->Y  F     NOR2x1_ASAP7_75t_SL          9 12.0    85    53     530    (-,-) 
  g15015/Y                          -       A->Y  R     INVx1_ASAP7_75t_SL           2  3.4    44    28     558    (-,-) 
  g14899/Y                          -       B->Y  R     OR2x4_ASAP7_75t_SL          31 71.3   126    76     634    (-,-) 
  g13752/Y                          -       A->Y  F     NOR2x1_ASAP7_75t_SL         32 43.1   247   139     772    (-,-) 
  g139201/Y                         -       A1->Y R     AOI22xp5_ASAP7_75t_SL        1  2.0    92    44     817    (-,-) 
  g123855/Y                         -       B->Y  F     NAND5xp2_ASAP7_75t_SL        1  2.0    74    36     853    (-,-) 
  g122229/Y                         -       D->Y  R     NOR5xp2_ASAP7_75t_SL         1  2.0    91    45     898    (-,-) 
  g121974/Y                         -       A->Y  F     NAND5xp2_ASAP7_75t_SL        1  2.1    77    40     938    (-,-) 
  ENCAP_MODULE_HASH_MEM_q_reg[24]/D -       -     F     DFFHQx4_ASAP7_75t_SL         1    -     -     0     938    (-,-) 
#------------------------------------------------------------------------------------------------------------------------



Path 9: MET (1 ps) Setup Check with Pin ENCAP_MODULE_HASH_MEM_q_reg[23]/CLK->D
          Group: clk
     Startpoint: (F) decap_out_en
          Clock: (R) clk
       Endpoint: (F) ENCAP_MODULE_HASH_MEM_q_reg[23]/D
          Clock: (R) clk

                     Capture       Launch     
        Clock Edge:+    1000            0     
        Drv Adjust:+       0            0     
       Src Latency:+       0            0     
       Net Latency:+       0 (I)        0 (I) 
           Arrival:=    1000            0     
                                              
             Setup:-      12                  
       Uncertainty:-      50                  
     Required Time:=     938                  
      Launch Clock:-       0                  
       Input Delay:-     100                  
         Data Path:-     838                  
             Slack:=       1                  

Exceptions/Constraints:
  input_delay             100             in_del_1309_1   

#------------------------------------------------------------------------------------------------------------------------
#           Timing Point            Flags   Arc   Edge          Cell            Fanout Load Trans Delay Arrival Instance 
#                                                                                      (fF)  (ps)  (ps)   (ps)  Location 
#------------------------------------------------------------------------------------------------------------------------
  decap_out_en                      -       -     F     (arrival)                    2  3.4     0     0     100    (-,-) 
  g20655/Y                          -       B->Y  F     OR2x2_ASAP7_75t_SL           3  4.9    19    19     119    (-,-) 
  g15773/Y                          -       A->Y  R     INVx1_ASAP7_75t_SL           6  8.5    59    31     150    (-,-) 
  g15628/Y                          -       A1->Y R     AO22x2_ASAP7_75t_SL         37 50.1   172    92     242    (-,-) 
  g15567/Y                          -       A->Y  R     OR2x2_ASAP7_75t_SL           3  5.7    28    36     278    (-,-) 
  g15537/Y                          -       A->Y  F     INVx1_ASAP7_75t_SL           1  2.6    21    13     290    (-,-) 
  g15454/Y                          -       A2->Y R     AOI21x1_ASAP7_75t_SL        11 14.6   142    45     336    (-,-) 
  g15191/Y                          -       C1->Y F     AOI222xp33_ASAP7_75t_SL      5  7.7   167    85     421    (-,-) 
  g15183/Y                          -       A->Y  R     INVx1_ASAP7_75t_SL           5  7.6    90    56     477    (-,-) 
  g15055/Y                          -       A->Y  F     NOR2x1_ASAP7_75t_SL          9 12.0    85    53     530    (-,-) 
  g15015/Y                          -       A->Y  R     INVx1_ASAP7_75t_SL           2  3.4    44    28     558    (-,-) 
  g14899/Y                          -       B->Y  R     OR2x4_ASAP7_75t_SL          31 71.3   126    76     634    (-,-) 
  g13752/Y                          -       A->Y  F     NOR2x1_ASAP7_75t_SL         32 43.1   247   139     772    (-,-) 
  g142812/Y                         -       A1->Y R     AOI22xp5_ASAP7_75t_SL        1  2.0    92    44     817    (-,-) 
  g124245/Y                         -       B->Y  F     NAND5xp2_ASAP7_75t_SL        1  2.0    74    36     853    (-,-) 
  g122235/Y                         -       D->Y  R     NOR5xp2_ASAP7_75t_SL         1  2.0    91    45     898    (-,-) 
  g121978/Y                         -       A->Y  F     NAND5xp2_ASAP7_75t_SL        1  2.1    77    40     938    (-,-) 
  ENCAP_MODULE_HASH_MEM_q_reg[23]/D -       -     F     DFFHQx4_ASAP7_75t_SL         1    -     -     0     938    (-,-) 
#------------------------------------------------------------------------------------------------------------------------



Path 10: MET (1 ps) Setup Check with Pin ENCAP_MODULE_HASH_MEM_q_reg[22]/CLK->D
          Group: clk
     Startpoint: (F) decap_out_en
          Clock: (R) clk
       Endpoint: (F) ENCAP_MODULE_HASH_MEM_q_reg[22]/D
          Clock: (R) clk

                     Capture       Launch     
        Clock Edge:+    1000            0     
        Drv Adjust:+       0            0     
       Src Latency:+       0            0     
       Net Latency:+       0 (I)        0 (I) 
           Arrival:=    1000            0     
                                              
             Setup:-      12                  
       Uncertainty:-      50                  
     Required Time:=     938                  
      Launch Clock:-       0                  
       Input Delay:-     100                  
         Data Path:-     838                  
             Slack:=       1                  

Exceptions/Constraints:
  input_delay             100             in_del_1309_1   

#------------------------------------------------------------------------------------------------------------------------
#           Timing Point            Flags   Arc   Edge          Cell            Fanout Load Trans Delay Arrival Instance 
#                                                                                      (fF)  (ps)  (ps)   (ps)  Location 
#------------------------------------------------------------------------------------------------------------------------
  decap_out_en                      -       -     F     (arrival)                    2  3.4     0     0     100    (-,-) 
  g20655/Y                          -       B->Y  F     OR2x2_ASAP7_75t_SL           3  4.9    19    19     119    (-,-) 
  g15773/Y                          -       A->Y  R     INVx1_ASAP7_75t_SL           6  8.5    59    31     150    (-,-) 
  g15628/Y                          -       A1->Y R     AO22x2_ASAP7_75t_SL         37 50.1   172    92     242    (-,-) 
  g15567/Y                          -       A->Y  R     OR2x2_ASAP7_75t_SL           3  5.7    28    36     278    (-,-) 
  g15537/Y                          -       A->Y  F     INVx1_ASAP7_75t_SL           1  2.6    21    13     290    (-,-) 
  g15454/Y                          -       A2->Y R     AOI21x1_ASAP7_75t_SL        11 14.6   142    45     336    (-,-) 
  g15191/Y                          -       C1->Y F     AOI222xp33_ASAP7_75t_SL      5  7.7   167    85     421    (-,-) 
  g15183/Y                          -       A->Y  R     INVx1_ASAP7_75t_SL           5  7.6    90    56     477    (-,-) 
  g15055/Y                          -       A->Y  F     NOR2x1_ASAP7_75t_SL          9 12.0    85    53     530    (-,-) 
  g15015/Y                          -       A->Y  R     INVx1_ASAP7_75t_SL           2  3.4    44    28     558    (-,-) 
  g14899/Y                          -       B->Y  R     OR2x4_ASAP7_75t_SL          31 71.3   126    76     634    (-,-) 
  g13752/Y                          -       A->Y  F     NOR2x1_ASAP7_75t_SL         32 43.1   247   139     772    (-,-) 
  g145084/Y                         -       A1->Y R     AOI22xp5_ASAP7_75t_SL        1  2.0    92    44     817    (-,-) 
  g124474/Y                         -       B->Y  F     NAND5xp2_ASAP7_75t_SL        1  2.0    74    36     853    (-,-) 
  g122239/Y                         -       D->Y  R     NOR5xp2_ASAP7_75t_SL         1  2.0    91    45     898    (-,-) 
  g121983/Y                         -       A->Y  F     NAND5xp2_ASAP7_75t_SL        1  2.1    77    40     938    (-,-) 
  ENCAP_MODULE_HASH_MEM_q_reg[22]/D -       -     F     DFFHQx4_ASAP7_75t_SL         1    -     -     0     938    (-,-) 
#------------------------------------------------------------------------------------------------------------------------



Path 11: MET (1 ps) Setup Check with Pin ENCAP_MODULE_HASH_MEM_q_reg[21]/CLK->D
          Group: clk
     Startpoint: (F) decap_out_en
          Clock: (R) clk
       Endpoint: (F) ENCAP_MODULE_HASH_MEM_q_reg[21]/D
          Clock: (R) clk

                     Capture       Launch     
        Clock Edge:+    1000            0     
        Drv Adjust:+       0            0     
       Src Latency:+       0            0     
       Net Latency:+       0 (I)        0 (I) 
           Arrival:=    1000            0     
                                              
             Setup:-      12                  
       Uncertainty:-      50                  
     Required Time:=     938                  
      Launch Clock:-       0                  
       Input Delay:-     100                  
         Data Path:-     838                  
             Slack:=       1                  

Exceptions/Constraints:
  input_delay             100             in_del_1309_1   

#------------------------------------------------------------------------------------------------------------------------
#           Timing Point            Flags   Arc   Edge          Cell            Fanout Load Trans Delay Arrival Instance 
#                                                                                      (fF)  (ps)  (ps)   (ps)  Location 
#------------------------------------------------------------------------------------------------------------------------
  decap_out_en                      -       -     F     (arrival)                    2  3.4     0     0     100    (-,-) 
  g20655/Y                          -       B->Y  F     OR2x2_ASAP7_75t_SL           3  4.9    19    19     119    (-,-) 
  g15773/Y                          -       A->Y  R     INVx1_ASAP7_75t_SL           6  8.5    59    31     150    (-,-) 
  g15628/Y                          -       A1->Y R     AO22x2_ASAP7_75t_SL         37 50.1   172    92     242    (-,-) 
  g15567/Y                          -       A->Y  R     OR2x2_ASAP7_75t_SL           3  5.7    28    36     278    (-,-) 
  g15537/Y                          -       A->Y  F     INVx1_ASAP7_75t_SL           1  2.6    21    13     290    (-,-) 
  g15454/Y                          -       A2->Y R     AOI21x1_ASAP7_75t_SL        11 14.6   142    45     336    (-,-) 
  g15191/Y                          -       C1->Y F     AOI222xp33_ASAP7_75t_SL      5  7.7   167    85     421    (-,-) 
  g15183/Y                          -       A->Y  R     INVx1_ASAP7_75t_SL           5  7.6    90    56     477    (-,-) 
  g15055/Y                          -       A->Y  F     NOR2x1_ASAP7_75t_SL          9 12.0    85    53     530    (-,-) 
  g15015/Y                          -       A->Y  R     INVx1_ASAP7_75t_SL           2  3.4    44    28     558    (-,-) 
  g14899/Y                          -       B->Y  R     OR2x4_ASAP7_75t_SL          31 71.3   126    76     634    (-,-) 
  g13752/Y                          -       A->Y  F     NOR2x1_ASAP7_75t_SL         32 43.1   247   139     772    (-,-) 
  g129133/Y                         -       A1->Y R     AOI22xp5_ASAP7_75t_SL        1  2.0    92    44     817    (-,-) 
  g122847/Y                         -       B->Y  F     NAND5xp2_ASAP7_75t_SL        1  2.0    74    36     853    (-,-) 
  g122212/Y                         -       D->Y  R     NOR5xp2_ASAP7_75t_SL         1  2.0    91    45     898    (-,-) 
  g121956/Y                         -       A->Y  F     NAND5xp2_ASAP7_75t_SL        1  2.1    77    40     938    (-,-) 
  ENCAP_MODULE_HASH_MEM_q_reg[21]/D -       -     F     DFFHQx4_ASAP7_75t_SL         1    -     -     0     938    (-,-) 
#------------------------------------------------------------------------------------------------------------------------



Path 12: MET (1 ps) Setup Check with Pin ENCAP_MODULE_HASH_MEM_q_reg[20]/CLK->D
          Group: clk
     Startpoint: (F) decap_out_en
          Clock: (R) clk
       Endpoint: (F) ENCAP_MODULE_HASH_MEM_q_reg[20]/D
          Clock: (R) clk

                     Capture       Launch     
        Clock Edge:+    1000            0     
        Drv Adjust:+       0            0     
       Src Latency:+       0            0     
       Net Latency:+       0 (I)        0 (I) 
           Arrival:=    1000            0     
                                              
             Setup:-      12                  
       Uncertainty:-      50                  
     Required Time:=     938                  
      Launch Clock:-       0                  
       Input Delay:-     100                  
         Data Path:-     838                  
             Slack:=       1                  

Exceptions/Constraints:
  input_delay             100             in_del_1309_1   

#------------------------------------------------------------------------------------------------------------------------
#           Timing Point            Flags   Arc   Edge          Cell            Fanout Load Trans Delay Arrival Instance 
#                                                                                      (fF)  (ps)  (ps)   (ps)  Location 
#------------------------------------------------------------------------------------------------------------------------
  decap_out_en                      -       -     F     (arrival)                    2  3.4     0     0     100    (-,-) 
  g20655/Y                          -       B->Y  F     OR2x2_ASAP7_75t_SL           3  4.9    19    19     119    (-,-) 
  g15773/Y                          -       A->Y  R     INVx1_ASAP7_75t_SL           6  8.5    59    31     150    (-,-) 
  g15628/Y                          -       A1->Y R     AO22x2_ASAP7_75t_SL         37 50.1   172    92     242    (-,-) 
  g15567/Y                          -       A->Y  R     OR2x2_ASAP7_75t_SL           3  5.7    28    36     278    (-,-) 
  g15537/Y                          -       A->Y  F     INVx1_ASAP7_75t_SL           1  2.6    21    13     290    (-,-) 
  g15454/Y                          -       A2->Y R     AOI21x1_ASAP7_75t_SL        11 14.6   142    45     336    (-,-) 
  g15191/Y                          -       C1->Y F     AOI222xp33_ASAP7_75t_SL      5  7.7   167    85     421    (-,-) 
  g15183/Y                          -       A->Y  R     INVx1_ASAP7_75t_SL           5  7.6    90    56     477    (-,-) 
  g15055/Y                          -       A->Y  F     NOR2x1_ASAP7_75t_SL          9 12.0    85    53     530    (-,-) 
  g15015/Y                          -       A->Y  R     INVx1_ASAP7_75t_SL           2  3.4    44    28     558    (-,-) 
  g14899/Y                          -       B->Y  R     OR2x4_ASAP7_75t_SL          31 71.3   126    76     634    (-,-) 
  g13752/Y                          -       A->Y  F     NOR2x1_ASAP7_75t_SL         32 43.1   247   139     772    (-,-) 
  g131451/Y                         -       A1->Y R     AOI22xp5_ASAP7_75t_SL        1  2.0    92    44     817    (-,-) 
  g123077/Y                         -       B->Y  F     NAND5xp2_ASAP7_75t_SL        1  2.0    74    36     853    (-,-) 
  g122216/Y                         -       D->Y  R     NOR5xp2_ASAP7_75t_SL         1  2.0    91    45     898    (-,-) 
  g121960/Y                         -       A->Y  F     NAND5xp2_ASAP7_75t_SL        1  2.1    77    40     938    (-,-) 
  ENCAP_MODULE_HASH_MEM_q_reg[20]/D -       -     F     DFFHQx4_ASAP7_75t_SL         1    -     -     0     938    (-,-) 
#------------------------------------------------------------------------------------------------------------------------



Path 13: MET (1 ps) Setup Check with Pin ENCAP_MODULE_HASH_MEM_q_reg[19]/CLK->D
          Group: clk
     Startpoint: (F) decap_out_en
          Clock: (R) clk
       Endpoint: (F) ENCAP_MODULE_HASH_MEM_q_reg[19]/D
          Clock: (R) clk

                     Capture       Launch     
        Clock Edge:+    1000            0     
        Drv Adjust:+       0            0     
       Src Latency:+       0            0     
       Net Latency:+       0 (I)        0 (I) 
           Arrival:=    1000            0     
                                              
             Setup:-      12                  
       Uncertainty:-      50                  
     Required Time:=     938                  
      Launch Clock:-       0                  
       Input Delay:-     100                  
         Data Path:-     838                  
             Slack:=       1                  

Exceptions/Constraints:
  input_delay             100             in_del_1309_1   

#------------------------------------------------------------------------------------------------------------------------
#           Timing Point            Flags   Arc   Edge          Cell            Fanout Load Trans Delay Arrival Instance 
#                                                                                      (fF)  (ps)  (ps)   (ps)  Location 
#------------------------------------------------------------------------------------------------------------------------
  decap_out_en                      -       -     F     (arrival)                    2  3.4     0     0     100    (-,-) 
  g20655/Y                          -       B->Y  F     OR2x2_ASAP7_75t_SL           3  4.9    19    19     119    (-,-) 
  g15773/Y                          -       A->Y  R     INVx1_ASAP7_75t_SL           6  8.5    59    31     150    (-,-) 
  g15628/Y                          -       A1->Y R     AO22x2_ASAP7_75t_SL         37 50.1   172    92     242    (-,-) 
  g15567/Y                          -       A->Y  R     OR2x2_ASAP7_75t_SL           3  5.7    28    36     278    (-,-) 
  g15537/Y                          -       A->Y  F     INVx1_ASAP7_75t_SL           1  2.6    21    13     290    (-,-) 
  g15454/Y                          -       A2->Y R     AOI21x1_ASAP7_75t_SL        11 14.6   142    45     336    (-,-) 
  g15191/Y                          -       C1->Y F     AOI222xp33_ASAP7_75t_SL      5  7.7   167    85     421    (-,-) 
  g15183/Y                          -       A->Y  R     INVx1_ASAP7_75t_SL           5  7.6    90    56     477    (-,-) 
  g15055/Y                          -       A->Y  F     NOR2x1_ASAP7_75t_SL          9 12.0    85    53     530    (-,-) 
  g15015/Y                          -       A->Y  R     INVx1_ASAP7_75t_SL           2  3.4    44    28     558    (-,-) 
  g14899/Y                          -       B->Y  R     OR2x4_ASAP7_75t_SL          31 71.3   126    76     634    (-,-) 
  g13752/Y                          -       A->Y  F     NOR2x1_ASAP7_75t_SL         32 43.1   247   139     772    (-,-) 
  g133769/Y                         -       A1->Y R     AOI22xp5_ASAP7_75t_SL        1  2.0    92    44     817    (-,-) 
  g123304/Y                         -       B->Y  F     NAND5xp2_ASAP7_75t_SL        1  2.0    74    36     853    (-,-) 
  g122219/Y                         -       D->Y  R     NOR5xp2_ASAP7_75t_SL         1  2.0    91    45     898    (-,-) 
  g121965/Y                         -       A->Y  F     NAND5xp2_ASAP7_75t_SL        1  2.1    77    40     938    (-,-) 
  ENCAP_MODULE_HASH_MEM_q_reg[19]/D -       -     F     DFFHQx4_ASAP7_75t_SL         1    -     -     0     938    (-,-) 
#------------------------------------------------------------------------------------------------------------------------



Path 14: MET (1 ps) Setup Check with Pin ENCAP_MODULE_HASH_MEM_q_reg[18]/CLK->D
          Group: clk
     Startpoint: (F) decap_out_en
          Clock: (R) clk
       Endpoint: (F) ENCAP_MODULE_HASH_MEM_q_reg[18]/D
          Clock: (R) clk

                     Capture       Launch     
        Clock Edge:+    1000            0     
        Drv Adjust:+       0            0     
       Src Latency:+       0            0     
       Net Latency:+       0 (I)        0 (I) 
           Arrival:=    1000            0     
                                              
             Setup:-      12                  
       Uncertainty:-      50                  
     Required Time:=     938                  
      Launch Clock:-       0                  
       Input Delay:-     100                  
         Data Path:-     838                  
             Slack:=       1                  

Exceptions/Constraints:
  input_delay             100             in_del_1309_1   

#------------------------------------------------------------------------------------------------------------------------
#           Timing Point            Flags   Arc   Edge          Cell            Fanout Load Trans Delay Arrival Instance 
#                                                                                      (fF)  (ps)  (ps)   (ps)  Location 
#------------------------------------------------------------------------------------------------------------------------
  decap_out_en                      -       -     F     (arrival)                    2  3.4     0     0     100    (-,-) 
  g20655/Y                          -       B->Y  F     OR2x2_ASAP7_75t_SL           3  4.9    19    19     119    (-,-) 
  g15773/Y                          -       A->Y  R     INVx1_ASAP7_75t_SL           6  8.5    59    31     150    (-,-) 
  g15628/Y                          -       A1->Y R     AO22x2_ASAP7_75t_SL         37 50.1   172    92     242    (-,-) 
  g15567/Y                          -       A->Y  R     OR2x2_ASAP7_75t_SL           3  5.7    28    36     278    (-,-) 
  g15537/Y                          -       A->Y  F     INVx1_ASAP7_75t_SL           1  2.6    21    13     290    (-,-) 
  g15454/Y                          -       A2->Y R     AOI21x1_ASAP7_75t_SL        11 14.6   142    45     336    (-,-) 
  g15191/Y                          -       C1->Y F     AOI222xp33_ASAP7_75t_SL      5  7.7   167    85     421    (-,-) 
  g15183/Y                          -       A->Y  R     INVx1_ASAP7_75t_SL           5  7.6    90    56     477    (-,-) 
  g15055/Y                          -       A->Y  F     NOR2x1_ASAP7_75t_SL          9 12.0    85    53     530    (-,-) 
  g15015/Y                          -       A->Y  R     INVx1_ASAP7_75t_SL           2  3.4    44    28     558    (-,-) 
  g14899/Y                          -       B->Y  R     OR2x4_ASAP7_75t_SL          31 71.3   126    76     634    (-,-) 
  g13752/Y                          -       A->Y  F     NOR2x1_ASAP7_75t_SL         32 43.1   247   139     772    (-,-) 
  g136067/Y                         -       A1->Y R     AOI22xp5_ASAP7_75t_SL        1  2.0    92    44     817    (-,-) 
  g123537/Y                         -       B->Y  F     NAND5xp2_ASAP7_75t_SL        1  2.0    74    36     853    (-,-) 
  g122224/Y                         -       D->Y  R     NOR5xp2_ASAP7_75t_SL         1  2.0    91    45     898    (-,-) 
  g121953/Y                         -       A->Y  F     NAND5xp2_ASAP7_75t_SL        1  2.1    77    40     938    (-,-) 
  ENCAP_MODULE_HASH_MEM_q_reg[18]/D -       -     F     DFFHQx4_ASAP7_75t_SL         1    -     -     0     938    (-,-) 
#------------------------------------------------------------------------------------------------------------------------



Path 15: MET (1 ps) Setup Check with Pin ENCAP_MODULE_HASH_MEM_q_reg[17]/CLK->D
          Group: clk
     Startpoint: (F) decap_out_en
          Clock: (R) clk
       Endpoint: (F) ENCAP_MODULE_HASH_MEM_q_reg[17]/D
          Clock: (R) clk

                     Capture       Launch     
        Clock Edge:+    1000            0     
        Drv Adjust:+       0            0     
       Src Latency:+       0            0     
       Net Latency:+       0 (I)        0 (I) 
           Arrival:=    1000            0     
                                              
             Setup:-      12                  
       Uncertainty:-      50                  
     Required Time:=     938                  
      Launch Clock:-       0                  
       Input Delay:-     100                  
         Data Path:-     838                  
             Slack:=       1                  

Exceptions/Constraints:
  input_delay             100             in_del_1309_1   

#------------------------------------------------------------------------------------------------------------------------
#           Timing Point            Flags   Arc   Edge          Cell            Fanout Load Trans Delay Arrival Instance 
#                                                                                      (fF)  (ps)  (ps)   (ps)  Location 
#------------------------------------------------------------------------------------------------------------------------
  decap_out_en                      -       -     F     (arrival)                    2  3.4     0     0     100    (-,-) 
  g20655/Y                          -       B->Y  F     OR2x2_ASAP7_75t_SL           3  4.9    19    19     119    (-,-) 
  g15773/Y                          -       A->Y  R     INVx1_ASAP7_75t_SL           6  8.5    59    31     150    (-,-) 
  g15628/Y                          -       A1->Y R     AO22x2_ASAP7_75t_SL         37 50.1   172    92     242    (-,-) 
  g15567/Y                          -       A->Y  R     OR2x2_ASAP7_75t_SL           3  5.7    28    36     278    (-,-) 
  g15537/Y                          -       A->Y  F     INVx1_ASAP7_75t_SL           1  2.6    21    13     290    (-,-) 
  g15454/Y                          -       A2->Y R     AOI21x1_ASAP7_75t_SL        11 14.6   142    45     336    (-,-) 
  g15191/Y                          -       C1->Y F     AOI222xp33_ASAP7_75t_SL      5  7.7   167    85     421    (-,-) 
  g15183/Y                          -       A->Y  R     INVx1_ASAP7_75t_SL           5  7.6    90    56     477    (-,-) 
  g15055/Y                          -       A->Y  F     NOR2x1_ASAP7_75t_SL          9 12.0    85    53     530    (-,-) 
  g15015/Y                          -       A->Y  R     INVx1_ASAP7_75t_SL           2  3.4    44    28     558    (-,-) 
  g14899/Y                          -       B->Y  R     OR2x4_ASAP7_75t_SL          31 71.3   126    76     634    (-,-) 
  g13752/Y                          -       A->Y  F     NOR2x1_ASAP7_75t_SL         32 43.1   247   139     772    (-,-) 
  g138347/Y                         -       A1->Y R     AOI22xp5_ASAP7_75t_SL        1  2.0    92    44     817    (-,-) 
  g123768/Y                         -       B->Y  F     NAND5xp2_ASAP7_75t_SL        1  2.0    74    36     853    (-,-) 
  g122228/Y                         -       D->Y  R     NOR5xp2_ASAP7_75t_SL         1  2.0    91    45     898    (-,-) 
  g121971/Y                         -       A->Y  F     NAND5xp2_ASAP7_75t_SL        1  2.1    77    40     938    (-,-) 
  ENCAP_MODULE_HASH_MEM_q_reg[17]/D -       -     F     DFFHQx4_ASAP7_75t_SL         1    -     -     0     938    (-,-) 
#------------------------------------------------------------------------------------------------------------------------



Path 16: MET (1 ps) Setup Check with Pin ENCAP_MODULE_HASH_MEM_q_reg[16]/CLK->D
          Group: clk
     Startpoint: (F) decap_out_en
          Clock: (R) clk
       Endpoint: (F) ENCAP_MODULE_HASH_MEM_q_reg[16]/D
          Clock: (R) clk

                     Capture       Launch     
        Clock Edge:+    1000            0     
        Drv Adjust:+       0            0     
       Src Latency:+       0            0     
       Net Latency:+       0 (I)        0 (I) 
           Arrival:=    1000            0     
                                              
             Setup:-      12                  
       Uncertainty:-      50                  
     Required Time:=     938                  
      Launch Clock:-       0                  
       Input Delay:-     100                  
         Data Path:-     838                  
             Slack:=       1                  

Exceptions/Constraints:
  input_delay             100             in_del_1309_1   

#------------------------------------------------------------------------------------------------------------------------
#           Timing Point            Flags   Arc   Edge          Cell            Fanout Load Trans Delay Arrival Instance 
#                                                                                      (fF)  (ps)  (ps)   (ps)  Location 
#------------------------------------------------------------------------------------------------------------------------
  decap_out_en                      -       -     F     (arrival)                    2  3.4     0     0     100    (-,-) 
  g20655/Y                          -       B->Y  F     OR2x2_ASAP7_75t_SL           3  4.9    19    19     119    (-,-) 
  g15773/Y                          -       A->Y  R     INVx1_ASAP7_75t_SL           6  8.5    59    31     150    (-,-) 
  g15628/Y                          -       A1->Y R     AO22x2_ASAP7_75t_SL         37 50.1   172    92     242    (-,-) 
  g15567/Y                          -       A->Y  R     OR2x2_ASAP7_75t_SL           3  5.7    28    36     278    (-,-) 
  g15537/Y                          -       A->Y  F     INVx1_ASAP7_75t_SL           1  2.6    21    13     290    (-,-) 
  g15454/Y                          -       A2->Y R     AOI21x1_ASAP7_75t_SL        11 14.6   142    45     336    (-,-) 
  g15191/Y                          -       C1->Y F     AOI222xp33_ASAP7_75t_SL      5  7.7   167    85     421    (-,-) 
  g15183/Y                          -       A->Y  R     INVx1_ASAP7_75t_SL           5  7.6    90    56     477    (-,-) 
  g15055/Y                          -       A->Y  F     NOR2x1_ASAP7_75t_SL          9 12.0    85    53     530    (-,-) 
  g15015/Y                          -       A->Y  R     INVx1_ASAP7_75t_SL           2  3.4    44    28     558    (-,-) 
  g14899/Y                          -       B->Y  R     OR2x4_ASAP7_75t_SL          31 71.3   126    76     634    (-,-) 
  g13752/Y                          -       A->Y  F     NOR2x1_ASAP7_75t_SL         32 43.1   247   139     772    (-,-) 
  g140533/Y                         -       A1->Y R     AOI22xp5_ASAP7_75t_SL        1  2.0    92    44     817    (-,-) 
  g123997/Y                         -       B->Y  F     NAND5xp2_ASAP7_75t_SL        1  2.0    74    36     853    (-,-) 
  g122232/Y                         -       D->Y  R     NOR5xp2_ASAP7_75t_SL         1  2.0    91    45     898    (-,-) 
  g121975/Y                         -       A->Y  F     NAND5xp2_ASAP7_75t_SL        1  2.1    77    40     938    (-,-) 
  ENCAP_MODULE_HASH_MEM_q_reg[16]/D -       -     F     DFFHQx4_ASAP7_75t_SL         1    -     -     0     938    (-,-) 
#------------------------------------------------------------------------------------------------------------------------



Path 17: MET (1 ps) Setup Check with Pin ENCAP_MODULE_HASH_MEM_q_reg[15]/CLK->D
          Group: clk
     Startpoint: (F) decap_out_en
          Clock: (R) clk
       Endpoint: (F) ENCAP_MODULE_HASH_MEM_q_reg[15]/D
          Clock: (R) clk

                     Capture       Launch     
        Clock Edge:+    1000            0     
        Drv Adjust:+       0            0     
       Src Latency:+       0            0     
       Net Latency:+       0 (I)        0 (I) 
           Arrival:=    1000            0     
                                              
             Setup:-      12                  
       Uncertainty:-      50                  
     Required Time:=     938                  
      Launch Clock:-       0                  
       Input Delay:-     100                  
         Data Path:-     838                  
             Slack:=       1                  

Exceptions/Constraints:
  input_delay             100             in_del_1309_1   

#------------------------------------------------------------------------------------------------------------------------
#           Timing Point            Flags   Arc   Edge          Cell            Fanout Load Trans Delay Arrival Instance 
#                                                                                      (fF)  (ps)  (ps)   (ps)  Location 
#------------------------------------------------------------------------------------------------------------------------
  decap_out_en                      -       -     F     (arrival)                    2  3.4     0     0     100    (-,-) 
  g20655/Y                          -       B->Y  F     OR2x2_ASAP7_75t_SL           3  4.9    19    19     119    (-,-) 
  g15773/Y                          -       A->Y  R     INVx1_ASAP7_75t_SL           6  8.5    59    31     150    (-,-) 
  g15628/Y                          -       A1->Y R     AO22x2_ASAP7_75t_SL         37 50.1   172    92     242    (-,-) 
  g15567/Y                          -       A->Y  R     OR2x2_ASAP7_75t_SL           3  5.7    28    36     278    (-,-) 
  g15537/Y                          -       A->Y  F     INVx1_ASAP7_75t_SL           1  2.6    21    13     290    (-,-) 
  g15454/Y                          -       A2->Y R     AOI21x1_ASAP7_75t_SL        11 14.6   142    45     336    (-,-) 
  g15191/Y                          -       C1->Y F     AOI222xp33_ASAP7_75t_SL      5  7.7   167    85     421    (-,-) 
  g15183/Y                          -       A->Y  R     INVx1_ASAP7_75t_SL           5  7.6    90    56     477    (-,-) 
  g15055/Y                          -       A->Y  F     NOR2x1_ASAP7_75t_SL          9 12.0    85    53     530    (-,-) 
  g15015/Y                          -       A->Y  R     INVx1_ASAP7_75t_SL           2  3.4    44    28     558    (-,-) 
  g14899/Y                          -       B->Y  R     OR2x4_ASAP7_75t_SL          31 71.3   126    76     634    (-,-) 
  g13752/Y                          -       A->Y  F     NOR2x1_ASAP7_75t_SL         32 43.1   247   139     772    (-,-) 
  g142373/Y                         -       A1->Y R     AOI22xp5_ASAP7_75t_SL        1  2.0    92    44     817    (-,-) 
  g124201/Y                         -       B->Y  F     NAND5xp2_ASAP7_75t_SL        1  2.0    74    36     853    (-,-) 
  g122234/Y                         -       D->Y  R     NOR5xp2_ASAP7_75t_SL         1  2.0    91    45     898    (-,-) 
  g121980/Y                         -       A->Y  F     NAND5xp2_ASAP7_75t_SL        1  2.1    77    40     938    (-,-) 
  ENCAP_MODULE_HASH_MEM_q_reg[15]/D -       -     F     DFFHQx4_ASAP7_75t_SL         1    -     -     0     938    (-,-) 
#------------------------------------------------------------------------------------------------------------------------



Path 18: MET (1 ps) Setup Check with Pin ENCAP_MODULE_HASH_MEM_q_reg[14]/CLK->D
          Group: clk
     Startpoint: (F) decap_out_en
          Clock: (R) clk
       Endpoint: (F) ENCAP_MODULE_HASH_MEM_q_reg[14]/D
          Clock: (R) clk

                     Capture       Launch     
        Clock Edge:+    1000            0     
        Drv Adjust:+       0            0     
       Src Latency:+       0            0     
       Net Latency:+       0 (I)        0 (I) 
           Arrival:=    1000            0     
                                              
             Setup:-      12                  
       Uncertainty:-      50                  
     Required Time:=     938                  
      Launch Clock:-       0                  
       Input Delay:-     100                  
         Data Path:-     838                  
             Slack:=       1                  

Exceptions/Constraints:
  input_delay             100             in_del_1309_1   

#------------------------------------------------------------------------------------------------------------------------
#           Timing Point            Flags   Arc   Edge          Cell            Fanout Load Trans Delay Arrival Instance 
#                                                                                      (fF)  (ps)  (ps)   (ps)  Location 
#------------------------------------------------------------------------------------------------------------------------
  decap_out_en                      -       -     F     (arrival)                    2  3.4     0     0     100    (-,-) 
  g20655/Y                          -       B->Y  F     OR2x2_ASAP7_75t_SL           3  4.9    19    19     119    (-,-) 
  g15773/Y                          -       A->Y  R     INVx1_ASAP7_75t_SL           6  8.5    59    31     150    (-,-) 
  g15628/Y                          -       A1->Y R     AO22x2_ASAP7_75t_SL         37 50.1   172    92     242    (-,-) 
  g15567/Y                          -       A->Y  R     OR2x2_ASAP7_75t_SL           3  5.7    28    36     278    (-,-) 
  g15537/Y                          -       A->Y  F     INVx1_ASAP7_75t_SL           1  2.6    21    13     290    (-,-) 
  g15454/Y                          -       A2->Y R     AOI21x1_ASAP7_75t_SL        11 14.6   142    45     336    (-,-) 
  g15191/Y                          -       C1->Y F     AOI222xp33_ASAP7_75t_SL      5  7.7   167    85     421    (-,-) 
  g15183/Y                          -       A->Y  R     INVx1_ASAP7_75t_SL           5  7.6    90    56     477    (-,-) 
  g15055/Y                          -       A->Y  F     NOR2x1_ASAP7_75t_SL          9 12.0    85    53     530    (-,-) 
  g15015/Y                          -       A->Y  R     INVx1_ASAP7_75t_SL           2  3.4    44    28     558    (-,-) 
  g14899/Y                          -       B->Y  R     OR2x4_ASAP7_75t_SL          31 71.3   126    76     634    (-,-) 
  g13752/Y                          -       A->Y  F     NOR2x1_ASAP7_75t_SL         32 43.1   247   139     772    (-,-) 
  g143511/Y                         -       A1->Y R     AOI22xp5_ASAP7_75t_SL        1  2.0    92    44     817    (-,-) 
  g124316/Y                         -       B->Y  F     NAND5xp2_ASAP7_75t_SL        1  2.0    74    36     853    (-,-) 
  g122237/Y                         -       D->Y  R     NOR5xp2_ASAP7_75t_SL         1  2.0    91    45     898    (-,-) 
  g121982/Y                         -       A->Y  F     NAND5xp2_ASAP7_75t_SL        1  2.1    77    40     938    (-,-) 
  ENCAP_MODULE_HASH_MEM_q_reg[14]/D -       -     F     DFFHQx4_ASAP7_75t_SL         1    -     -     0     938    (-,-) 
#------------------------------------------------------------------------------------------------------------------------



Path 19: MET (1 ps) Setup Check with Pin ENCAP_MODULE_HASH_MEM_q_reg[13]/CLK->D
          Group: clk
     Startpoint: (F) decap_out_en
          Clock: (R) clk
       Endpoint: (F) ENCAP_MODULE_HASH_MEM_q_reg[13]/D
          Clock: (R) clk

                     Capture       Launch     
        Clock Edge:+    1000            0     
        Drv Adjust:+       0            0     
       Src Latency:+       0            0     
       Net Latency:+       0 (I)        0 (I) 
           Arrival:=    1000            0     
                                              
             Setup:-      12                  
       Uncertainty:-      50                  
     Required Time:=     938                  
      Launch Clock:-       0                  
       Input Delay:-     100                  
         Data Path:-     838                  
             Slack:=       1                  

Exceptions/Constraints:
  input_delay             100             in_del_1309_1   

#------------------------------------------------------------------------------------------------------------------------
#           Timing Point            Flags   Arc   Edge          Cell            Fanout Load Trans Delay Arrival Instance 
#                                                                                      (fF)  (ps)  (ps)   (ps)  Location 
#------------------------------------------------------------------------------------------------------------------------
  decap_out_en                      -       -     F     (arrival)                    2  3.4     0     0     100    (-,-) 
  g20655/Y                          -       B->Y  F     OR2x2_ASAP7_75t_SL           3  4.9    19    19     119    (-,-) 
  g15773/Y                          -       A->Y  R     INVx1_ASAP7_75t_SL           6  8.5    59    31     150    (-,-) 
  g15628/Y                          -       A1->Y R     AO22x2_ASAP7_75t_SL         37 50.1   172    92     242    (-,-) 
  g15567/Y                          -       A->Y  R     OR2x2_ASAP7_75t_SL           3  5.7    28    36     278    (-,-) 
  g15537/Y                          -       A->Y  F     INVx1_ASAP7_75t_SL           1  2.6    21    13     290    (-,-) 
  g15454/Y                          -       A2->Y R     AOI21x1_ASAP7_75t_SL        11 14.6   142    45     336    (-,-) 
  g15191/Y                          -       C1->Y F     AOI222xp33_ASAP7_75t_SL      5  7.7   167    85     421    (-,-) 
  g15183/Y                          -       A->Y  R     INVx1_ASAP7_75t_SL           5  7.6    90    56     477    (-,-) 
  g15055/Y                          -       A->Y  F     NOR2x1_ASAP7_75t_SL          9 12.0    85    53     530    (-,-) 
  g15015/Y                          -       A->Y  R     INVx1_ASAP7_75t_SL           2  3.4    44    28     558    (-,-) 
  g14899/Y                          -       B->Y  R     OR2x4_ASAP7_75t_SL          31 71.3   126    76     634    (-,-) 
  g13752/Y                          -       A->Y  F     NOR2x1_ASAP7_75t_SL         32 43.1   247   139     772    (-,-) 
  g144649/Y                         -       A1->Y R     AOI22xp5_ASAP7_75t_SL        1  2.0    92    44     817    (-,-) 
  g124430/Y                         -       B->Y  F     NAND5xp2_ASAP7_75t_SL        1  2.0    74    36     853    (-,-) 
  g122238/Y                         -       D->Y  R     NOR5xp2_ASAP7_75t_SL         1  2.0    91    45     898    (-,-) 
  g121969/Y                         -       A->Y  F     NAND5xp2_ASAP7_75t_SL        1  2.1    77    40     938    (-,-) 
  ENCAP_MODULE_HASH_MEM_q_reg[13]/D -       -     F     DFFHQx4_ASAP7_75t_SL         1    -     -     0     938    (-,-) 
#------------------------------------------------------------------------------------------------------------------------



Path 20: MET (1 ps) Setup Check with Pin ENCAP_MODULE_HASH_MEM_q_reg[12]/CLK->D
          Group: clk
     Startpoint: (F) decap_out_en
          Clock: (R) clk
       Endpoint: (F) ENCAP_MODULE_HASH_MEM_q_reg[12]/D
          Clock: (R) clk

                     Capture       Launch     
        Clock Edge:+    1000            0     
        Drv Adjust:+       0            0     
       Src Latency:+       0            0     
       Net Latency:+       0 (I)        0 (I) 
           Arrival:=    1000            0     
                                              
             Setup:-      12                  
       Uncertainty:-      50                  
     Required Time:=     938                  
      Launch Clock:-       0                  
       Input Delay:-     100                  
         Data Path:-     838                  
             Slack:=       1                  

Exceptions/Constraints:
  input_delay             100             in_del_1309_1   

#------------------------------------------------------------------------------------------------------------------------
#           Timing Point            Flags   Arc   Edge          Cell            Fanout Load Trans Delay Arrival Instance 
#                                                                                      (fF)  (ps)  (ps)   (ps)  Location 
#------------------------------------------------------------------------------------------------------------------------
  decap_out_en                      -       -     F     (arrival)                    2  3.4     0     0     100    (-,-) 
  g20655/Y                          -       B->Y  F     OR2x2_ASAP7_75t_SL           3  4.9    19    19     119    (-,-) 
  g15773/Y                          -       A->Y  R     INVx1_ASAP7_75t_SL           6  8.5    59    31     150    (-,-) 
  g15628/Y                          -       A1->Y R     AO22x2_ASAP7_75t_SL         37 50.1   172    92     242    (-,-) 
  g15567/Y                          -       A->Y  R     OR2x2_ASAP7_75t_SL           3  5.7    28    36     278    (-,-) 
  g15537/Y                          -       A->Y  F     INVx1_ASAP7_75t_SL           1  2.6    21    13     290    (-,-) 
  g15454/Y                          -       A2->Y R     AOI21x1_ASAP7_75t_SL        11 14.6   142    45     336    (-,-) 
  g15191/Y                          -       C1->Y F     AOI222xp33_ASAP7_75t_SL      5  7.7   167    85     421    (-,-) 
  g15183/Y                          -       A->Y  R     INVx1_ASAP7_75t_SL           5  7.6    90    56     477    (-,-) 
  g15055/Y                          -       A->Y  F     NOR2x1_ASAP7_75t_SL          9 12.0    85    53     530    (-,-) 
  g15015/Y                          -       A->Y  R     INVx1_ASAP7_75t_SL           2  3.4    44    28     558    (-,-) 
  g14899/Y                          -       B->Y  R     OR2x4_ASAP7_75t_SL          31 71.3   126    76     634    (-,-) 
  g13752/Y                          -       A->Y  F     NOR2x1_ASAP7_75t_SL         32 43.1   247   139     772    (-,-) 
  g127542/Y                         -       A1->Y R     AOI22xp5_ASAP7_75t_SL        1  2.0    92    44     817    (-,-) 
  g122687/Y                         -       B->Y  F     NAND5xp2_ASAP7_75t_SL        1  2.0    74    36     853    (-,-) 
  g122209/Y                         -       D->Y  R     NOR5xp2_ASAP7_75t_SL         1  2.0    91    45     898    (-,-) 
  g121957/Y                         -       A->Y  F     NAND5xp2_ASAP7_75t_SL        1  2.1    77    40     938    (-,-) 
  ENCAP_MODULE_HASH_MEM_q_reg[12]/D -       -     F     DFFHQx4_ASAP7_75t_SL         1    -     -     0     938    (-,-) 
#------------------------------------------------------------------------------------------------------------------------

