============================================================
  Generated by:           Genus(TM) Synthesis Solution 25.12-s067_1
  Generated on:           Aug 12 2026  01:41:14 pm
  Module:                 butterfly2x2
  Operating conditions:   PVT_0P7V_25C 
  Interconnect mode:      global
  Area mode:              physical library
============================================================


Path 1: VIOLATED (-28 ps) Setup Check with Pin BF1_2_mult_p_reg[45]/CLK->D
          Group: clk
     Startpoint: (R) BF1_1_modei_reg[2]/CLK
          Clock: (R) clk
       Endpoint: (R) BF1_2_mult_p_reg[45]/D
          Clock: (R) clk

                     Capture       Launch     
        Clock Edge:+     550            0     
       Src Latency:+       0            0     
       Net Latency:+       0 (I)        0 (I) 
           Arrival:=     550            0     
                                              
             Setup:-      10                  
       Uncertainty:-      28                  
     Required Time:=     512                  
      Launch Clock:-       0                  
         Data Path:-     540                  
             Slack:=     -28                  

#---------------------------------------------------------------------------------------------------------------------
#         Timing Point          Flags    Arc   Edge          Cell            Fanout Load Trans Delay Arrival Instance 
#                                                                                   (fF)  (ps)  (ps)   (ps)  Location 
#---------------------------------------------------------------------------------------------------------------------
  BF1_1_modei_reg[2]/CLK        -       -      R     (arrival)                 3513    -     0     0       0    (-,-) 
  BF1_1_modei_reg[2]/Q          -       CLK->Q F     DFFHQx4_ASAP7_75t_SL         1  6.5    14    46      46    (-,-) 
  fopt113563/Y                  -       A->Y   R     INVx8_ASAP7_75t_SL           3  8.9    12     8      54    (-,-) 
  g108563/Y                     -       B->Y   F     NAND3x2_ASAP7_75t_SL         2  7.2    23    12      66    (-,-) 
  g91374_dup97120/Y             -       A->Y   F     BUFx12f_ASAP7_75t_SL         6 21.5    16    20      86    (-,-) 
  g97121/Y                      -       A->Y   F     BUFx6f_ASAP7_75t_SL          8 13.2    16    19     105    (-,-) 
  g58432__110664/Y              -       B1->Y  F     AO22x2_ASAP7_75t_SL          1  4.0    17    24     129    (-,-) 
  g110663/Y                     -       A->Y   F     BUFx12f_ASAP7_75t_SL        13 30.5    20    21     150    (-,-) 
  BF1_2_mul_175_29_g110665/Y    -       A->Y   R     CKINVDCx16_ASAP7_75t_SL     10 16.8    14    10     160    (-,-) 
  BF1_2_mul_175_29_g110673/Y    -       A1->Y  R     OA22x2_ASAP7_75t_SL          2  5.3    23    24     184    (-,-) 
  BF1_2_mul_175_29_g98603/Y     -       A->Y   F     INVx4_ASAP7_75t_SL           2  3.2    10     6     189    (-,-) 
  BF1_2_mul_175_29_g99615/Y     -       A1->Y  F     AO22x2_ASAP7_75t_SL          2  3.4    16    22     211    (-,-) 
  BF1_2_mul_175_29_g98601_dup/Y -       A->Y   F     MAJx2_ASAP7_75t_SL           1  3.2    15    23     234    (-,-) 
  g1340/Y                       -       A->Y   F     XNOR2x1_ASAP7_75t_SL         1  3.2    22    19     253    (-,-) 
  g1333/Y                       -       A->Y   F     XNOR2x1_ASAP7_75t_SL         2  4.2    28    22     275    (-,-) 
  g1331/Y                       -       C->Y   F     MAJx2_ASAP7_75t_SL           2  4.2    18    26     301    (-,-) 
  g1327/Y                       -       B->Y   F     XNOR2x1_ASAP7_75t_SL         1  3.2    24    20     321    (-,-) 
  g107751/Y                     -       A->Y   F     XNOR2x1_ASAP7_75t_SL         2  4.5    28    23     344    (-,-) 
  g108816/Y                     -       A->Y   F     XNOR2x1_ASAP7_75t_SL         1  3.2    24    21     366    (-,-) 
  g108815/Y                     -       A->Y   F     XNOR2x1_ASAP7_75t_SL         2  4.5    29    23     389    (-,-) 
  g109699/Y                     -       B->Y   R     NOR2x1p5_ASAP7_75t_SL        2  3.1    23    14     403    (-,-) 
  g109697/Y                     -       A2->Y  R     AO21x2_ASAP7_75t_SL          2  3.6    17    21     423    (-,-) 
  g108847/Y                     -       A2->Y  F     AOI21x1_ASAP7_75t_SL         1  2.6    19    10     434    (-,-) 
  BF1_2_mul_175_29_g27065/Y     -       A2->Y  R     OAI21x1_ASAP7_75t_SL         1  2.1    22    13     446    (-,-) 
  g96019/Y                      -       C->Y   F     O2A1O1Ixp5_ASAP7_75t_SL      1  2.6    33    18     464    (-,-) 
  g113456/Y                     -       B->Y   F     AND2x6_ASAP7_75t_SL         14 23.6    27    32     496    (-,-) 
  BF1_2_mul_175_29_g91689/Y     -       A1->Y  F     OA221x2_ASAP7_75t_SL         1  3.2    17    31     526    (-,-) 
  BF1_2_mul_175_29_g27009/Y     -       A->Y   R     XNOR2x1_ASAP7_75t_SL         1  2.1    33    14     540    (-,-) 
  BF1_2_mult_p_reg[45]/D        <<<     -      R     DFFHQx4_ASAP7_75t_SL         1    -     -     0     540    (-,-) 
#---------------------------------------------------------------------------------------------------------------------

