============================================================
  Generated by:           Genus(TM) Synthesis Solution 25.12-s067_1
  Generated on:           Aug 12 2026  11:52:40 am
  Module:                 butterfly2x2
  Operating conditions:   PVT_0P7V_25C 
  Interconnect mode:      global
  Area mode:              physical library
============================================================


Path 1: MET (0 ps) Setup Check with Pin BF2_2_ajlen5_reg[23]/CLK->D
          Group: clk
     Startpoint: (R) BF1_1_modei_reg[0]/CLK
          Clock: (R) clk
       Endpoint: (R) BF2_2_ajlen5_reg[23]/D
          Clock: (R) clk

                     Capture       Launch     
        Clock Edge:+     700            0     
       Src Latency:+       0            0     
       Net Latency:+       0 (I)        0 (I) 
           Arrival:=     700            0     
                                              
             Setup:-      18                  
       Uncertainty:-      35                  
     Required Time:=     647                  
      Launch Clock:-       0                  
         Data Path:-     647                  
             Slack:=       0                  

#---------------------------------------------------------------------------------------------------------------------------
#            Timing Point             Flags    Arc   Edge          Cell            Fanout Load Trans Delay Arrival Instance 
#                                                                                         (fF)  (ps)  (ps)   (ps)  Location 
#---------------------------------------------------------------------------------------------------------------------------
  BF1_1_modei_reg[0]/CLK              -       -      R     (arrival)                 3513    -     0     0       0    (-,-) 
  BF1_1_modei_reg[0]/Q                -       CLK->Q F     DFFHQx4_ASAP7_75t_SL         4  8.1    16    47      47    (-,-) 
  g52395__6131/Y                      -       A->Y   R     NAND2x1_ASAP7_75t_SL         1  2.6    25    16      63    (-,-) 
  g52353__4319/Y                      -       A->Y   R     OR2x6_ASAP7_75t_SL           8 22.1    30    28      91    (-,-) 
  g66021/Y                            -       A->Y   R     BUFx12f_ASAP7_75t_SL         2 14.0    14    17     108    (-,-) 
  g66008/Y                            -       A->Y   F     INVx11_ASAP7_75t_SL         31 41.9    27    15     123    (-,-) 
  g65992/Y                            -       A->Y   R     INVx2_ASAP7_75t_SL           3 10.0    38    23     146    (-,-) 
  g66004/Y                            -       A->Y   F     INVx8_ASAP7_75t_SL          31 41.0    38    22     168    (-,-) 
  g62655/Y                            -       B->Y   F     AO21x1_ASAP7_75t_SL          1  2.0    16    22     190    (-,-) 
  g62622/Y                            -       C->Y   F     AO221x2_ASAP7_75t_SL         5  9.5    34    37     228    (-,-) 
  g42568__2398/Y                      -       B1->Y  R     AOI22xp5_ASAP7_75t_SL        1  2.1    51    24     252    (-,-) 
  g42550__5122/Y                      -       B->Y   R     OA21x2_ASAP7_75t_SL          1  2.8    15    21     273    (-,-) 
  g42541__6260/Y                      -       B->Y   F     OAI21x1_ASAP7_75t_SL         1  2.1    29    11     284    (-,-) 
  g42540__5107/Y                      -       A2->Y  F     AO21x1_ASAP7_75t_SL          1  2.1    16    21     305    (-,-) 
  g42539__2398/Y                      -       A->Y   F     AND3x2_ASAP7_75t_SL          4  8.0    26    23     327    (-,-) 
  WALLACE_CSA_DUMMY_OP_groupi_g1526/Y -       B->Y   R     NAND2x1p5_ASAP7_75t_SL       2  4.2    35    16     344    (-,-) 
  WALLACE_CSA_DUMMY_OP_groupi_g1473/Y -       A2->Y  F     OAI21x1_ASAP7_75t_SL         2  3.1    32    12     356    (-,-) 
  WALLACE_CSA_DUMMY_OP_groupi_g1422/Y -       A2->Y  F     AO21x1_ASAP7_75t_SL          2  3.8    25    26     382    (-,-) 
  WALLACE_CSA_DUMMY_OP_groupi_g1416/Y -       A2->Y  F     AO21x2_ASAP7_75t_SL          3  5.7    22    26     408    (-,-) 
  WALLACE_CSA_DUMMY_OP_groupi_g1412/Y -       A1->Y  R     AOI21x1_ASAP7_75t_SL         2  3.1    28    15     424    (-,-) 
  WALLACE_CSA_DUMMY_OP_groupi_g1407/Y -       A2->Y  R     OA21x2_ASAP7_75t_SL          3  5.6    23    24     448    (-,-) 
  WALLACE_CSA_DUMMY_OP_groupi_g1402/Y -       A1->Y  F     OAI21x1_ASAP7_75t_SL         2  4.8    41    15     463    (-,-) 
  WALLACE_CSA_DUMMY_OP_groupi_g1399/Y -       B->Y   R     NAND2x1p5_ASAP7_75t_SL       3  4.7    30    21     484    (-,-) 
  WALLACE_CSA_DUMMY_OP_groupi_g1392/Y -       A2->Y  R     OA21x2_ASAP7_75t_SL          4  7.0    28    27     510    (-,-) 
  WALLACE_CSA_DUMMY_OP_groupi_g1384/Y -       A1->Y  F     OAI21x1_ASAP7_75t_SL         2  3.8    39    13     524    (-,-) 
  WALLACE_CSA_DUMMY_OP_groupi_g1379/Y -       A2->Y  F     AO21x1_ASAP7_75t_SL          2  3.8    25    27     551    (-,-) 
  WALLACE_CSA_DUMMY_OP_groupi_g1375/Y -       A2->Y  F     AO21x2_ASAP7_75t_SL          2  3.8    18    24     574    (-,-) 
  WALLACE_CSA_DUMMY_OP_groupi_g1373/Y -       A2->Y  F     AO21x1_ASAP7_75t_SL          1  3.2    22    22     596    (-,-) 
  WALLACE_CSA_DUMMY_OP_groupi_g1372/Y -       A->Y   F     XNOR2x1_ASAP7_75t_SL         2  3.3    30    21     617    (-,-) 
  g84861/Y                            -       A2->Y  R     AOI222xp33_ASAP7_75t_SL      1  2.1    89    30     647    (-,-) 
  BF2_2_ajlen5_reg[23]/D              <<<     -      R     DFFHQNx1_ASAP7_75t_SL        1    -     -     0     647    (-,-) 
#---------------------------------------------------------------------------------------------------------------------------

