============================================================
  Generated by:           Genus(TM) Synthesis Solution 25.12-s067_1
  Generated on:           Aug 12 2026  03:43:48 pm
  Module:                 butterfly2x2
  Operating conditions:   PVT_0P7V_25C 
  Interconnect mode:      global
  Area mode:              physical library
============================================================


Path 1: MET (0 ps) Setup Check with Pin BF2_2_ajlen5_reg[23]/CLK->D
          Group: clk
     Startpoint: (R) BF1_1_modei_reg[2]/CLK
          Clock: (R) clk
       Endpoint: (R) BF2_2_ajlen5_reg[23]/D
          Clock: (R) clk

                     Capture       Launch     
        Clock Edge:+     597            0     
       Src Latency:+       0            0     
       Net Latency:+       0 (I)        0 (I) 
           Arrival:=     597            0     
                                              
             Setup:-      17                  
       Uncertainty:-      30                  
     Required Time:=     550                  
      Launch Clock:-       0                  
         Data Path:-     550                  
             Slack:=       0                  

#----------------------------------------------------------------------------------------------------------------------------
#            Timing Point              Flags    Arc   Edge          Cell            Fanout Load Trans Delay Arrival Instance 
#                                                                                          (fF)  (ps)  (ps)   (ps)  Location 
#----------------------------------------------------------------------------------------------------------------------------
  BF1_1_modei_reg[2]/CLK               -       -      R     (arrival)                 3513    -     0     0       0    (-,-) 
  BF1_1_modei_reg[2]/Q                 -       CLK->Q F     DFFHQx4_ASAP7_75t_SL         2  5.9    13    45      45    (-,-) 
  fopt53149/Y                          -       A->Y   F     BUFx2_ASAP7_75t_SL           2  6.0    20    21      66    (-,-) 
  g53077__2398/Y                       -       B->Y   R     NOR2x2_ASAP7_75t_SL          2  4.6    22    13      79    (-,-) 
  g52988__2398/Y                       -       B->Y   R     AND2x4_ASAP7_75t_SL          2  6.0    15    18      98    (-,-) 
  fopt80613/Y                          -       A->Y   R     BUFx6f_ASAP7_75t_SL          5 13.8    19    18     116    (-,-) 
  fopt80602/Y                          -       A->Y   R     BUFx12f_ASAP7_75t_SL        16 25.1    20    19     135    (-,-) 
  g90445/Y                             -       B2->Y  R     AO22x1_ASAP7_75t_SL          2  3.7    29    26     161    (-,-) 
  g42186__6783_dup93004/Y              -       C->Y   F     AOI211x1_ASAP7_75t_SL        3  5.3    61    22     184    (-,-) 
  g90446/Y                             -       B->Y   F     OR2x2_ASAP7_75t_SL           1  2.1    13    26     210    (-,-) 
  g80701/Y                             -       A->Y   R     MAJIxp5_ASAP7_75t_SL         1  2.1    42    19     229    (-,-) 
  g42122__2802/Y                       -       B->Y   R     AO21x1_ASAP7_75t_SL          1  2.4    20    18     247    (-,-) 
  g42117__8428/Y                       -       A2->Y  F     AOI221x1_ASAP7_75t_SL        1  2.1    35    18     266    (-,-) 
  g42114__5107/Y                       -       B->Y   F     OA21x2_ASAP7_75t_SL          1  2.1    12    19     284    (-,-) 
  g42113__2398/Y                       -       A2->Y  F     OA21x2_ASAP7_75t_SL          2  4.3    17    22     306    (-,-) 
  WALLACE_CSA_DUMMY_OP_groupi_g2/Y     -       B->Y   R     NAND2x1p5_ASAP7_75t_SL       2  3.7    22    14     320    (-,-) 
  WALLACE_CSA_DUMMY_OP_groupi_g83628/Y -       A2->Y  R     OA21x2_ASAP7_75t_SL          2  4.3    20    22     342    (-,-) 
  WALLACE_CSA_DUMMY_OP_groupi_g83633/Y -       A1->Y  F     OAI21x1_ASAP7_75t_SL         2  3.1    28    11     353    (-,-) 
  WALLACE_CSA_DUMMY_OP_groupi_g84787/Y -       A2->Y  F     AO21x2_ASAP7_75t_SL          4  6.6    24    28     381    (-,-) 
  WALLACE_CSA_DUMMY_OP_groupi_g84789/Y -       A1->Y  R     AOI21x1_ASAP7_75t_SL         1  2.7    27    14     395    (-,-) 
  WALLACE_CSA_DUMMY_OP_groupi_g84788/Y -       A1->Y  F     OAI21x1_ASAP7_75t_SL         2  3.3    22    12     407    (-,-) 
  WALLACE_CSA_DUMMY_OP_groupi_g1493/Y  -       A1->Y  F     AO21x2_ASAP7_75t_SL          2  4.0    17    24     432    (-,-) 
  g92966/Y                             -       B->Y   F     AND2x4_ASAP7_75t_SL          2  3.8    10    16     448    (-,-) 
  g92969/Y                             -       A2->Y  R     OAI21x1_ASAP7_75t_SL         2  5.0    39    19     467    (-,-) 
  g92968/Y                             -       B->Y   F     NAND2x2_ASAP7_75t_SL         3  5.2    36    12     479    (-,-) 
  g90551/Y                             -       A2->Y  R     AOI21x1_ASAP7_75t_SL         1  2.5    30    16     495    (-,-) 
  g90550/Y                             -       B->Y   F     XNOR2x2_ASAP7_75t_SL         2  3.3    16    28     523    (-,-) 
  g90549/Y                             -       A2->Y  R     AOI222xp33_ASAP7_75t_SL      1  2.1   102    27     550    (-,-) 
  BF2_2_ajlen5_reg[23]/D               <<<     -      R     DFFHQNx1_ASAP7_75t_L         1    -     -     0     550    (-,-) 
#----------------------------------------------------------------------------------------------------------------------------

