============================================================
  Generated by:           Genus(TM) Synthesis Solution 25.12-s067_1
  Generated on:           Aug 12 2026  02:38:54 pm
  Module:                 butterfly2x2
  Operating conditions:   PVT_0P7V_25C 
  Interconnect mode:      global
  Area mode:              physical library
============================================================


Path 1: VIOLATED (-1 ps) Setup Check with Pin BF2_1_mult_p_reg[38]/CLK->D
          Group: clk
     Startpoint: (R) BF1_1_modei_reg[0]/CLK
          Clock: (R) clk
       Endpoint: (R) BF2_1_mult_p_reg[38]/D
          Clock: (R) clk

                     Capture       Launch     
        Clock Edge:+     588            0     
       Src Latency:+       0            0     
       Net Latency:+       0 (I)        0 (I) 
           Arrival:=     588            0     
                                              
             Setup:-      10                  
       Uncertainty:-      29                  
     Required Time:=     549                  
      Launch Clock:-       0                  
         Data Path:-     549                  
             Slack:=      -1                  

#--------------------------------------------------------------------------------------------------------------
#       Timing Point        Flags    Arc   Edge         Cell          Fanout Load Trans Delay Arrival Instance 
#                                                                            (fF)  (ps)  (ps)   (ps)  Location 
#--------------------------------------------------------------------------------------------------------------
  BF1_1_modei_reg[0]/CLK    -       -      R     (arrival)              3513    -     0     0       0    (-,-) 
  BF1_1_modei_reg[0]/Q      -       CLK->Q F     DFFHQx4_ASAP7_75t_SL      4  8.9    17    47      47    (-,-) 
  g75782/Y                  -       A->Y   R     NAND2x2_ASAP7_75t_SL      1  2.6    17    12      60    (-,-) 
  g81966/Y                  -       A->Y   R     OR2x6_ASAP7_75t_SL        5 16.3    24    24      84    (-,-) 
  g81965/Y                  -       A->Y   R     BUFx12f_ASAP7_75t_SL      5 17.6    16    18     101    (-,-) 
  g81964/Y                  -       A->Y   R     BUFx6f_ASAP7_75t_SL       4  8.6    14    16     117    (-,-) 
  g79123/Y                  -       A1->Y  R     OA22x2_ASAP7_75t_SL       2  6.7    27    26     143    (-,-) 
  g80679/Y                  -       A->Y   F     INVx6_ASAP7_75t_SL       10 21.1    26    16     158    (-,-) 
  fopt76856/Y               -       A->Y   R     INVx11_ASAP7_75t_SL       9 13.6    17    11     169    (-,-) 
  BF2_1_mul_175_29_g72891/Y -       B1->Y  F     AOI22x1_ASAP7_75t_SL      2  3.4    30    13     182    (-,-) 
  BF2_1_mul_175_29_g70492/Y -       B1->Y  F     OA22x2_ASAP7_75t_SL       2  4.5    20    26     208    (-,-) 
  BF2_1_mul_175_29_g17046/Y -       A->Y   F     XNOR2x1_ASAP7_75t_SL      1  3.2    27    20     228    (-,-) 
  g76425/Y                  -       A->Y   F     XNOR2x1_ASAP7_75t_SL      2  4.2    28    23     251    (-,-) 
  g76423/Y                  -       B->Y   F     XNOR2x1_ASAP7_75t_SL      1  3.2    26    22     273    (-,-) 
  g77160/Y                  -       A->Y   F     XNOR2x1_ASAP7_75t_SL      2  3.8    27    22     295    (-,-) 
  g76787/Y                  -       A->Y   F     XOR2x2_ASAP7_75t_SL       2  4.4    18    27     322    (-,-) 
  g76786/Y                  -       B->Y   F     XNOR2x1_ASAP7_75t_SL      1  3.2    22    20     343    (-,-) 
  g75355/Y                  -       A->Y   F     XOR2x1_ASAP7_75t_SL       1  2.4    21    20     363    (-,-) 
  g73510/Y                  -       B->Y   R     XNOR2x2_ASAP7_75t_SL      2  3.9    18    26     389    (-,-) 
  BF2_1_mul_175_29_g72887/Y -       B->Y   R     OR2x2_ASAP7_75t_SL        2  3.1    14    18     407    (-,-) 
  g75521/Y                  -       B->Y   R     OA21x2_ASAP7_75t_SL       2  3.7    17    20     426    (-,-) 
  g75522/Y                  -       A1->Y  F     OAI21x1_ASAP7_75t_SL      1  2.0    20     9     435    (-,-) 
  BF2_1_mul_175_29_g15839/Y -       C->Y   F     AO221x2_ASAP7_75t_SL      2  4.0    19    30     465    (-,-) 
  BF2_1_mul_175_29_g80836/Y -       B2->Y  R     AOI22x1_ASAP7_75t_SL      1  2.6    28    15     480    (-,-) 
  g38/Y                     -       B->Y   R     AND2x6_ASAP7_75t_SL       8 20.8    29    29     508    (-,-) 
  g37/Y                     -       A->Y   F     INVx11_ASAP7_75t_SL       7 13.8    16     9     517    (-,-) 
  BF2_1_mul_175_29_g15788/Y -       A1->Y  R     AOI21x1_ASAP7_75t_SL      1  3.2    28    15     532    (-,-) 
  BF2_1_mul_175_29_g15774/Y -       B->Y   R     XNOR2x1_ASAP7_75t_SL      1  2.1    33    18     549    (-,-) 
  BF2_1_mult_p_reg[38]/D    <<<     -      R     DFFHQx4_ASAP7_75t_SL      1    -     -     0     549    (-,-) 
#--------------------------------------------------------------------------------------------------------------

