============================================================
  Generated by:           Genus(TM) Synthesis Solution 25.12-s067_1
  Generated on:           Aug 12 2026  02:08:18 pm
  Module:                 butterfly2x2
  Operating conditions:   PVT_0P7V_25C 
  Interconnect mode:      global
  Area mode:              physical library
============================================================


Path 1: MET (0 ps) Setup Check with Pin BF2_2_ajlen5_reg[22]/CLK->D
          Group: clk
     Startpoint: (R) BF1_1_modei_reg[1]/CLK
          Clock: (R) clk
       Endpoint: (R) BF2_2_ajlen5_reg[22]/D
          Clock: (R) clk

                     Capture       Launch     
        Clock Edge:+     625            0     
       Src Latency:+       0            0     
       Net Latency:+       0 (I)        0 (I) 
           Arrival:=     625            0     
                                              
             Setup:-      10                  
       Uncertainty:-      31                  
     Required Time:=     583                  
      Launch Clock:-       0                  
         Data Path:-     583                  
             Slack:=       0                  

#----------------------------------------------------------------------------------------------------------------------------
#            Timing Point              Flags    Arc    Edge          Cell           Fanout Load Trans Delay Arrival Instance 
#                                                                                          (fF)  (ps)  (ps)   (ps)  Location 
#----------------------------------------------------------------------------------------------------------------------------
  BF1_1_modei_reg[1]/CLK               -       -       R     (arrival)                3513    -     0     0       0    (-,-) 
  BF1_1_modei_reg[1]/QN                -       CLK->QN R     DFFHQNx2_ASAP7_75t_SL       1  4.0    26    41      41    (-,-) 
  fopt89962/Y                          -       A->Y    F     INVx4_ASAP7_75t_SL          2  5.7    14     9      50    (-,-) 
  g52755__92462/Y                      -       B->Y    R     NAND2x1p5_ASAP7_75t_SL      2  4.4    25    14      64    (-,-) 
  g52712__90661_dup/Y                  -       A->Y    R     OR2x6_ASAP7_75t_SL          2  7.2    14    20      84    (-,-) 
  g92464/Y                             -       A->Y    R     BUFx12f_ASAP7_75t_SL        9 28.7    22    19     104    (-,-) 
  g68050/Y                             -       A->Y    R     BUFx12f_ASAP7_75t_SL       10 16.6    15    17     121    (-,-) 
  g68048/Y                             -       A->Y    R     BUFx6f_ASAP7_75t_SL         6 13.4    19    18     139    (-,-) 
  g64796/Y                             -       A1->Y   F     OAI22x1_ASAP7_75t_SL        2  3.9    30    16     155    (-,-) 
  g93789/Y                             -       B->Y    R     AOI21x1_ASAP7_75t_SL        1  2.6    28    18     173    (-,-) 
  g93788/Y                             -       A->Y    R     AND2x4_ASAP7_75t_SL         3  5.1    14    16     189    (-,-) 
  g42347__6131/Y                       -       B->Y    F     NOR2xp33_ASAP7_75t_SL       1  2.1    42    22     210    (-,-) 
  g42322__7482/Y                       -       B->Y    F     AO21x1_ASAP7_75t_SL         1  2.1    16    23     234    (-,-) 
  g42312__3680/Y                       -       A2->Y   F     AO21x1_ASAP7_75t_SL         1  2.7    19    20     254    (-,-) 
  g42309__8428/Y                       -       B->Y    R     AOI21x1_ASAP7_75t_SL        1  2.1    22    14     268    (-,-) 
  g42306__5107/Y                       -       B->Y    R     OA21x2_ASAP7_75t_SL         1  2.1    13    18     285    (-,-) 
  g42305__92015/Y                      -       A2->Y   R     OA21x2_ASAP7_75t_SL         2  4.7    21    21     306    (-,-) 
  WALLACE_CSA_DUMMY_OP_groupi_g92845/Y -       B->Y    F     NAND2x2_ASAP7_75t_SL        2  3.7    24     9     316    (-,-) 
  WALLACE_CSA_DUMMY_OP_groupi_g92850/Y -       A1->Y   R     OAI21x1_ASAP7_75t_SL        2  3.1    32    18     334    (-,-) 
  WALLACE_CSA_DUMMY_OP_groupi_g92851/Y -       A2->Y   R     AO21x2_ASAP7_75t_SL         2  3.7    18    22     356    (-,-) 
  WALLACE_CSA_DUMMY_OP_groupi_g92448/Y -       A2->Y   R     AO21x2_ASAP7_75t_SL         4  6.7    27    25     380    (-,-) 
  WALLACE_CSA_DUMMY_OP_groupi_g92452/Y -       A1->Y   F     AOI31xp67_ASAP7_75t_SL      1  2.1    38    15     395    (-,-) 
  WALLACE_CSA_DUMMY_OP_groupi_g92451/Y -       A2->Y   F     OA21x2_ASAP7_75t_SL         2  4.3    19    27     422    (-,-) 
  WALLACE_CSA_DUMMY_OP_groupi_g1498/Y  -       A2->Y   R     OAI21x1_ASAP7_75t_SL        2  3.1    36    15     438    (-,-) 
  WALLACE_CSA_DUMMY_OP_groupi_g1491/Y  -       A2->Y   R     AO21x2_ASAP7_75t_SL         4  6.2    26    26     464    (-,-) 
  WALLACE_CSA_DUMMY_OP_groupi_g1484/Y  -       A2->Y   R     AO21x2_ASAP7_75t_SL         4  6.4    26    25     489    (-,-) 
  WALLACE_CSA_DUMMY_OP_groupi_g1476/Y  -       A2->Y   R     AO21x2_ASAP7_75t_SL         4  6.8    27    26     515    (-,-) 
  WALLACE_CSA_DUMMY_OP_groupi_g1475/Y  -       A->Y    F     INVx1_ASAP7_75t_SL          1  2.6    20    13     528    (-,-) 
  WALLACE_CSA_DUMMY_OP_groupi_g1467/Y  -       A2->Y   R     OAI21x1_ASAP7_75t_SL        1  2.5    33    14     542    (-,-) 
  WALLACE_CSA_DUMMY_OP_groupi_g1464/Y  -       B->Y    F     XNOR2x2_ASAP7_75t_SL        2  4.0    17    29     572    (-,-) 
  g86643/Y                             -       A1->Y   R     AOI21x1_ASAP7_75t_SL        1  2.1    39    12     583    (-,-) 
  BF2_2_ajlen5_reg[22]/D               <<<     -       R     DFFHQNx1_ASAP7_75t_SL       1    -     -     0     583    (-,-) 
#----------------------------------------------------------------------------------------------------------------------------

