============================================================
  Generated by:           Genus(TM) Synthesis Solution 25.12-s067_1
  Generated on:           Aug 12 2026  12:51:32 pm
  Module:                 butterfly2x2
  Operating conditions:   PVT_0P7V_25C 
  Interconnect mode:      global
  Area mode:              physical library
============================================================


Path 1: VIOLATED (-168 ps) Setup Check with Pin BF1_2_mult_p_reg[45]/CLK->D
          Group: clk
     Startpoint: (R) BF1_1_modei_reg[0]/CLK
          Clock: (R) clk
       Endpoint: (F) BF1_2_mult_p_reg[45]/D
          Clock: (R) clk

                     Capture       Launch     
        Clock Edge:+     400            0     
       Src Latency:+       0            0     
       Net Latency:+       0 (I)        0 (I) 
           Arrival:=     400            0     
                                              
             Setup:-       7                  
       Uncertainty:-      20                  
     Required Time:=     373                  
      Launch Clock:-       0                  
         Data Path:-     541                  
             Slack:=    -168                  

#---------------------------------------------------------------------------------------------------------------------
#         Timing Point          Flags    Arc   Edge          Cell            Fanout Load Trans Delay Arrival Instance 
#                                                                                   (fF)  (ps)  (ps)   (ps)  Location 
#---------------------------------------------------------------------------------------------------------------------
  BF1_1_modei_reg[0]/CLK        -       -      R     (arrival)                 3513    -     0     0       0    (-,-) 
  BF1_1_modei_reg[0]/Q          -       CLK->Q F     DFFHQx4_ASAP7_75t_SL         2  6.0    13    45      45    (-,-) 
  fopt152962/Y                  -       A->Y   R     INVx5_ASAP7_75t_SL           1  4.3    10     7      52    (-,-) 
  g79/Y                         -       A->Y   F     NOR3x2_ASAP7_75t_SL          1  6.5    30    14      67    (-,-) 
  fopt167892/Y                  -       A->Y   R     INVx8_ASAP7_75t_SL           5 13.8    20    13      80    (-,-) 
  g173978/Y                     -       A->Y   R     BUFx16f_ASAP7_75t_SL        26 55.0    34    27     106    (-,-) 
  g83005_dup167909/Y            -       A->Y   F     CKINVDCx16_ASAP7_75t_SL     12 16.6    15     9     115    (-,-) 
  g167912/Y                     -       A2->Y  F     AO22x2_ASAP7_75t_SL          1  4.0    17    22     138    (-,-) 
  fopt163739/Y                  -       A->Y   F     BUFx12f_ASAP7_75t_SL        14 28.9    20    20     158    (-,-) 
  fopt163738/Y                  -       A->Y   R     CKINVDCx16_ASAP7_75t_SL     11 14.9    13    10     168    (-,-) 
  BF1_2_mul_175_29_g169743/Y    -       A2->Y  R     OA22x2_ASAP7_75t_SL          3  4.7    21    22     190    (-,-) 
  BF1_2_mul_175_29_g17836_dup/Y -       A2->Y  R     OA22x2_ASAP7_75t_SL          1  3.1    16    21     210    (-,-) 
  g169748/Y                     -       A->Y   R     XNOR2x1_ASAP7_75t_SL         1  3.1    31    19     230    (-,-) 
  g169262/Y                     -       A->Y   R     XNOR2x1_ASAP7_75t_SL         2  4.5    38    24     253    (-,-) 
  g169265/Y                     -       A->Y   R     XNOR2x1_ASAP7_75t_SL         1  2.4    27    21     275    (-,-) 
  BF1_2_mul_175_29_g19143/Y     -       A->Y   F     XOR2x2_ASAP7_75t_SL          2  4.6    18    24     299    (-,-) 
  g151426/Y                     -       B->Y   F     XNOR2x1_ASAP7_75t_SL         1  2.5    21    19     318    (-,-) 
  BF1_2_mul_175_29_g19125/Y     -       A->Y   R     XOR2x2_ASAP7_75t_SL          2  4.5    20    30     348    (-,-) 
  g167635/Y                     -       B->Y   R     XNOR2x1_ASAP7_75t_SL         1  3.2    29    19     367    (-,-) 
  BF1_2_mul_175_29_g16691/Y     -       B->Y   R     XNOR2x1_ASAP7_75t_SL         3  5.9    44    24     391    (-,-) 
  BF1_2_mul_175_29_g16629/Y     -       B->Y   R     AND2x4_ASAP7_75t_SL          2  3.1    11    18     408    (-,-) 
  BF1_2_mul_175_29_g16558/Y     -       A2->Y  R     AO21x2_ASAP7_75t_SL          1  2.7    14    17     426    (-,-) 
  BF1_2_mul_175_29_g16516/Y     -       B->Y   F     AOI21x1_ASAP7_75t_SL         1  2.5    21    10     436    (-,-) 
  BF1_2_mul_175_29_g177608/Y    -       C->Y   F     OA221x2_ASAP7_75t_SL         2  4.1    19    26     462    (-,-) 
  BF1_2_mul_175_29_g16460/Y     -       A2->Y  F     OA21x2_ASAP7_75t_SL          1  6.5    22    26     488    (-,-) 
  g156479/Y                     -       A->Y   R     INVx8_ASAP7_75t_SL          14 27.1    29    17     506    (-,-) 
  BF1_2_mul_175_29_g16438/Y     -       A1->Y  F     AOI21x1_ASAP7_75t_SL         1  3.2    26    15     521    (-,-) 
  BF1_2_mul_175_29_g16420/Y     -       A->Y   F     XOR2x1_ASAP7_75t_SL          1  2.1    23    20     541    (-,-) 
  BF1_2_mult_p_reg[45]/D        <<<     -      F     DFFHQx4_ASAP7_75t_SL         1    -     -     0     541    (-,-) 
#---------------------------------------------------------------------------------------------------------------------

