============================================================
  Generated by:           Genus(TM) Synthesis Solution 25.12-s067_1
  Generated on:           Aug 12 2026  03:12:53 pm
  Module:                 butterfly2x2
  Operating conditions:   PVT_0P7V_25C 
  Interconnect mode:      global
  Area mode:              physical library
============================================================


Path 1: MET (0 ps) Setup Check with Pin BF2_2_ajlen5_reg[22]/CLK->D
          Group: clk
     Startpoint: (R) BF1_1_modei_reg[2]/CLK
          Clock: (R) clk
       Endpoint: (R) BF2_2_ajlen5_reg[22]/D
          Clock: (R) clk

                     Capture       Launch     
        Clock Edge:+     606            0     
       Src Latency:+       0            0     
       Net Latency:+       0 (I)        0 (I) 
           Arrival:=     606            0     
                                              
             Setup:-      10                  
       Uncertainty:-      30                  
     Required Time:=     566                  
      Launch Clock:-       0                  
         Data Path:-     566                  
             Slack:=       0                  

#--------------------------------------------------------------------------------------------------------------------
#         Timing Point          Flags    Arc    Edge         Cell           Fanout Load Trans Delay Arrival Instance 
#                                                                                  (fF)  (ps)  (ps)   (ps)  Location 
#--------------------------------------------------------------------------------------------------------------------
  BF1_1_modei_reg[2]/CLK        -       -       R     (arrival)               3513    -     0     0       0    (-,-) 
  BF1_1_modei_reg[2]/QN         -       CLK->QN F     DFFHQNx2_ASAP7_75t_SL      1  4.6    28    41      41    (-,-) 
  g101841/Y                     -       A->Y    R     INVx5_ASAP7_75t_SL         4  8.5    19    12      54    (-,-) 
  g101750/Y                     -       A->Y    F     INVx3_ASAP7_75t_SL         2  4.9    14     9      62    (-,-) 
  g101749/Y                     -       B->Y    R     NOR2x1p5_ASAP7_75t_SL      2  4.6    25    14      76    (-,-) 
  g48839__102179/Y              -       B->Y    R     AND2x4_ASAP7_75t_SL        2  9.7    21    22      98    (-,-) 
  g102178/Y                     -       A->Y    F     INVx11_ASAP7_75t_SL       10 41.3    28    16     114    (-,-) 
  g67804/Y                      -       A->Y    R     INVx11_ASAP7_75t_SL       13 19.0    21    13     127    (-,-) 
  g92367/Y                      -       B2->Y   R     AO22x2_ASAP7_75t_SL        1  2.8    15    20     147    (-,-) 
  g42300/Y                      -       A->Y    F     INVx2_ASAP7_75t_SL         3  7.5    23    14     161    (-,-) 
  g64716/Y                      -       A->Y    R     NAND2x1p5_ASAP7_75t_L      2  5.4    32    22     183    (-,-) 
  BF2_2_add_174_28_g1526/Y      -       B->Y    F     NOR2x1p5_ASAP7_75t_SL      2  3.2    19    12     196    (-,-) 
  BF2_2_add_174_28_g1444/Y      -       A1->Y   F     OA21x2_ASAP7_75t_SL        2  4.4    17    22     218    (-,-) 
  BF2_2_add_174_28_g1438/Y      -       A1->Y   R     OAI21x1_ASAP7_75t_SL       2  3.7    34    18     236    (-,-) 
  BF2_2_add_174_28_g95234/Y     -       A2->Y   R     AO21x2_ASAP7_75t_SL        3  5.8    24    25     261    (-,-) 
  BF2_2_add_174_28_g95236/Y     -       A1->Y   F     AOI21x1_ASAP7_75t_SL       2  4.4    35    17     278    (-,-) 
  BF2_2_add_174_28_g95235/Y     -       A1->Y   R     OAI21x1_ASAP7_75t_SL       2  3.7    36    22     300    (-,-) 
  BF2_2_add_174_28_g92583/Y     -       A2->Y   R     AO21x2_ASAP7_75t_SL        4  6.6    26    27     327    (-,-) 
  BF2_2_add_174_28_g91081_dup/Y -       A2->Y   F     AOI21x1_ASAP7_75t_SL       1  3.1    47    12     339    (-,-) 
  BF2_2_add_174_28_g93256/Y     -       B->Y    R     NOR2x1p5_ASAP7_75t_SL      4  6.1    39    24     362    (-,-) 
  BF2_2_add_174_28_g93258/Y     -       A2->Y   F     AOI21x1_ASAP7_75t_SL       1  2.7    40    12     374    (-,-) 
  BF2_2_add_174_28_g93257/Y     -       A1->Y   R     OAI21x1_ASAP7_75t_SL       2  3.8    38    24     398    (-,-) 
  BF2_2_add_174_28_g1402/Y      -       A2->Y   R     AO21x2_ASAP7_75t_SL        2  3.8    18    22     420    (-,-) 
  BF2_2_add_174_28_g1400/Y      -       A2->Y   R     AO21x2_ASAP7_75t_SL        2  3.7    17    20     440    (-,-) 
  BF2_2_add_174_28_g102264/Y    -       A2->Y   R     AO21x2_ASAP7_75t_SL        2  3.9    18    20     461    (-,-) 
  g101796/Y                     -       A2->Y   R     AO21x2_ASAP7_75t_SL        2  4.3    19    21     482    (-,-) 
  g101795/Y                     -       A->Y    F     XOR2x2_ASAP7_75t_SL        5  7.1    25    27     509    (-,-) 
  g101806/Y                     -       A1->Y   R     AOI21xp5_ASAP7_75t_SL      1  2.1    57    18     527    (-,-) 
  g101805/Y                     -       B->Y    F     OAI21xp5_ASAP7_75t_SL      1  2.7    51    20     547    (-,-) 
  g97843/Y                      -       B->Y    R     AOI21x1_ASAP7_75t_SL       1  2.1    30    19     566    (-,-) 
  BF2_2_ajlen5_reg[22]/D        <<<     -       R     DFFHQNx1_ASAP7_75t_SL      1    -     -     0     566    (-,-) 
#--------------------------------------------------------------------------------------------------------------------

