============================================================
  Generated by:           Genus(TM) Synthesis Solution 25.12-s067_1
  Generated on:           Aug 11 2026  01:20:00 pm
  Module:                 butterfly2x2
  Operating conditions:   PVT_0P7V_25C 
  Interconnect mode:      global
  Area mode:              physical library
============================================================


Path 1: MET (0 ps) Setup Check with Pin BF2_2_ajlen5_reg[19]/CLK->D
          Group: clk
     Startpoint: (R) BF1_1_modei_reg[1]/CLK
          Clock: (R) clk
       Endpoint: (R) BF2_2_ajlen5_reg[19]/D
          Clock: (R) clk

                     Capture       Launch     
        Clock Edge:+     578            0     
       Src Latency:+       0            0     
       Net Latency:+       0 (I)        0 (I) 
           Arrival:=     578            0     
                                              
             Setup:-      17                  
       Uncertainty:-      29                  
     Required Time:=     532                  
      Launch Clock:-       0                  
         Data Path:-     532                  
             Slack:=       0                  

#----------------------------------------------------------------------------------------------------------------------------
#            Timing Point              Flags    Arc   Edge          Cell            Fanout Load Trans Delay Arrival Instance 
#                                                                                          (fF)  (ps)  (ps)   (ps)  Location 
#----------------------------------------------------------------------------------------------------------------------------
  BF1_1_modei_reg[1]/CLK               -       -      R     (arrival)                 2365    -     0     0       0    (-,-) 
  BF1_1_modei_reg[1]/Q                 -       CLK->Q R     DFFHQx4_ASAP7_75t_SL         2  7.2    17    46      46    (-,-) 
  g47562/Y                             -       A->Y   F     INVx3_ASAP7_75t_SL           2  8.0    18    12      58    (-,-) 
  g47555__2883/Y                       -       A->Y   R     NAND2x2_ASAP7_75t_SL         2  4.4    23    16      73    (-,-) 
  g47487__73832/Y                      -       A->Y   R     OR2x6_ASAP7_75t_SL           3 11.7    18    23      96    (-,-) 
  g40316/Y                             -       A->Y   R     BUFx12f_ASAP7_75t_SL         4 12.5    12    16     111    (-,-) 
  g62403/Y                             -       A->Y   R     BUFx12f_ASAP7_75t_SL        12 30.6    24    20     131    (-,-) 
  g62397/Y                             -       A->Y   F     INVx11_ASAP7_75t_SL         20 27.4    22    13     144    (-,-) 
  g59608/Y                             -       B2->Y  F     AO22x1_ASAP7_75t_SL          2  3.2    22    27     170    (-,-) 
  g85889/Y                             -       C->Y   F     AO221x2_ASAP7_75t_SL         4  6.5    26    34     204    (-,-) 
  g40844__6131/Y                       -       B->Y   F     AND2x2_ASAP7_75t_SL          1  2.1    11    19     223    (-,-) 
  g40825__2346/Y                       -       A1->Y  F     AO21x1_ASAP7_75t_SL          1  2.0    15    18     242    (-,-) 
  g40806__8428/Y                       -       B1->Y  R     AOI321xp33_ASAP7_75t_SL      1  2.1    55    28     269    (-,-) 
  g40803__84885/Y                      -       A2->Y  R     OA21x2_ASAP7_75t_SL          1  2.1    13    21     290    (-,-) 
  g40802__84884/Y                      -       A1->Y  R     OA21x2_ASAP7_75t_SL          5  7.8    30    26     317    (-,-) 
  WALLACE_CSA_DUMMY_OP_groupi_g84888/Y -       A->Y   F     NAND2xp5_ASAP7_75t_SL        4  7.0    76    34     350    (-,-) 
  WALLACE_CSA_DUMMY_OP_groupi_g1639/Y  -       A1->Y  R     AOI21x1_ASAP7_75t_SL         2  3.5    46    22     373    (-,-) 
  WALLACE_CSA_DUMMY_OP_groupi_g1625/Y  -       A2->Y  F     OAI21xp5_ASAP7_75t_SL        1  2.1    58    19     391    (-,-) 
  WALLACE_CSA_DUMMY_OP_groupi_g1619/Y  -       A1->Y  R     AOI21xp5_ASAP7_75t_SL        1  2.1    45    22     414    (-,-) 
  g81184/Y                             -       B->Y   R     OA21x2_ASAP7_75t_SL          3  7.2    29    27     441    (-,-) 
  WALLACE_CSA_DUMMY_OP_groupi_g1596/Y  -       A2->Y  F     OAI21x1_ASAP7_75t_SL         2  3.8    37    14     455    (-,-) 
  WALLACE_CSA_DUMMY_OP_groupi_g1588/Y  -       A2->Y  R     AOI21xp5_ASAP7_75t_SL        1  2.5    55    23     478    (-,-) 
  WALLACE_CSA_DUMMY_OP_groupi_g1584/Y  -       B->Y   F     XNOR2x2_ASAP7_75t_SL         2  3.3    16    29     507    (-,-) 
  g67942/Y                             -       A1->Y  R     AOI221xp5_ASAP7_75t_SL       1  2.1   105    25     532    (-,-) 
  BF2_2_ajlen5_reg[19]/D               -       -      R     DFFHQNx1_ASAP7_75t_L         1    -     -     0     532    (-,-) 
#----------------------------------------------------------------------------------------------------------------------------



Path 2: MET (0 ps) Setup Check with Pin BF2_2_ajlen2_INTT_reg[21]/CLK->D
          Group: clk
     Startpoint: (R) BF1_1_modei_reg[1]/CLK
          Clock: (R) clk
       Endpoint: (R) BF2_2_ajlen2_INTT_reg[21]/D
          Clock: (R) clk

                     Capture       Launch     
        Clock Edge:+     578            0     
       Src Latency:+       0            0     
       Net Latency:+       0 (I)        0 (I) 
           Arrival:=     578            0     
                                              
             Setup:-       9                  
       Uncertainty:-      29                  
     Required Time:=     540                  
      Launch Clock:-       0                  
         Data Path:-     540                  
             Slack:=       0                  

#---------------------------------------------------------------------------------------------------------------------------
#            Timing Point              Flags    Arc   Edge          Cell           Fanout Load Trans Delay Arrival Instance 
#                                                                                         (fF)  (ps)  (ps)   (ps)  Location 
#---------------------------------------------------------------------------------------------------------------------------
  BF1_1_modei_reg[1]/CLK               -       -      R     (arrival)                2365    -     0     0       0    (-,-) 
  BF1_1_modei_reg[1]/Q                 -       CLK->Q R     DFFHQx4_ASAP7_75t_SL        2  7.2    17    46      46    (-,-) 
  fopt84174/Y                          -       A->Y   F     INVx5_ASAP7_75t_SL          2  7.1    12     8      54    (-,-) 
  g84175/Y                             -       B->Y   R     NAND3x2_ASAP7_75t_SL        2  6.0    35    18      72    (-,-) 
  g84159/Y                             -       A->Y   R     BUFx6f_ASAP7_75t_SL         3 12.9    19    20      92    (-,-) 
  g84485/Y                             -       A->Y   R     BUFx12f_ASAP7_75t_SL       11 18.1    16    17     109    (-,-) 
  g84487/Y                             -       A->Y   F     INVx4_ASAP7_75t_SL          5  9.3    16    10     120    (-,-) 
  g84493/Y                             -       A->Y   F     BUFx12f_ASAP7_75t_SL       10 13.6    12    16     136    (-,-) 
  g59751/Y                             -       B->Y   F     AND2x2_ASAP7_75t_SL         2  3.2    14    17     153    (-,-) 
  g85894/Y                             -       C->Y   F     AO221x1_ASAP7_75t_SL        4  7.8    46    40     193    (-,-) 
  g40870__8246/Y                       -       A->Y   R     NAND2x1p5_ASAP7_75t_SL      2  3.3    36    20     213    (-,-) 
  g40819__7482/Y                       -       A2->Y  R     AO21x1_ASAP7_75t_SL         1  2.1    18    19     232    (-,-) 
  g40809__3680/Y                       -       A2->Y  R     AO21x1_ASAP7_75t_SL         1  2.4    21    19     251    (-,-) 
  g40805__4319/Y                       -       A2->Y  F     AOI221x1_ASAP7_75t_SL       1  2.1    39    18     270    (-,-) 
  g40803__84885/Y                      -       B->Y   F     OA21x2_ASAP7_75t_SL         1  2.1    13    19     289    (-,-) 
  g40802__84884/Y                      -       A1->Y  F     OA21x2_ASAP7_75t_SL         5  7.8    26    26     315    (-,-) 
  WALLACE_CSA_DUMMY_OP_groupi_g84888/Y -       A->Y   R     NAND2xp5_ASAP7_75t_SL       4  7.0    78    40     355    (-,-) 
  WALLACE_CSA_DUMMY_OP_groupi_g1639/Y  -       A1->Y  F     AOI21x1_ASAP7_75t_SL        2  3.5    41    20     375    (-,-) 
  WALLACE_CSA_DUMMY_OP_groupi_g1625/Y  -       A2->Y  R     OAI21xp5_ASAP7_75t_SL       1  2.1    56    24     399    (-,-) 
  WALLACE_CSA_DUMMY_OP_groupi_g1619/Y  -       A1->Y  F     AOI21xp5_ASAP7_75t_SL       1  2.1    36    20     419    (-,-) 
  g81184/Y                             -       B->Y   F     OA21x2_ASAP7_75t_SL         3  7.2    25    26     445    (-,-) 
  fopt81186/Y                          -       A->Y   R     INVx3_ASAP7_75t_SL          1  2.1    12     8     453    (-,-) 
  g81185/Y                             -       A2->Y  R     AO21x2_ASAP7_75t_SL         3  5.0    22    21     474    (-,-) 
  WALLACE_CSA_DUMMY_OP_groupi_g1587/Y  -       A2->Y  R     AO21x2_ASAP7_75t_SL         1  3.1    17    20     494    (-,-) 
  WALLACE_CSA_DUMMY_OP_groupi_g1583/Y  -       A->Y   R     XNOR2x1_ASAP7_75t_SL        2  3.7    37    20     514    (-,-) 
  g69215/Y                             -       A1->Y  R     AO222x2_ASAP7_75t_SL        1  2.1    23    26     540    (-,-) 
  BF2_2_ajlen2_INTT_reg[21]/D          -       -      R     DFFHQx4_ASAP7_75t_SL        1    -     -     0     540    (-,-) 
#---------------------------------------------------------------------------------------------------------------------------



Path 3: MET (0 ps) Setup Check with Pin BF2_2_aj5_reg[23]/CLK->D
          Group: clk
     Startpoint: (R) BF1_1_modei_reg[1]/CLK
          Clock: (R) clk
       Endpoint: (R) BF2_2_aj5_reg[23]/D
          Clock: (R) clk

                     Capture       Launch     
        Clock Edge:+     578            0     
       Src Latency:+       0            0     
       Net Latency:+       0 (I)        0 (I) 
           Arrival:=     578            0     
                                              
             Setup:-       7                  
       Uncertainty:-      29                  
     Required Time:=     542                  
      Launch Clock:-       0                  
         Data Path:-     542                  
             Slack:=       0                  

#----------------------------------------------------------------------------------------------------------------
#       Timing Point        Flags    Arc   Edge          Cell           Fanout Load Trans Delay Arrival Instance 
#                                                                              (fF)  (ps)  (ps)   (ps)  Location 
#----------------------------------------------------------------------------------------------------------------
  BF1_1_modei_reg[1]/CLK    -       -      R     (arrival)                2365    -     0     0       0    (-,-) 
  BF1_1_modei_reg[1]/Q      -       CLK->Q R     DFFHQx4_ASAP7_75t_SL        2  7.2    17    46      46    (-,-) 
  g47562/Y                  -       A->Y   F     INVx3_ASAP7_75t_SL          2  8.0    18    12      58    (-,-) 
  g47555__2883/Y            -       A->Y   R     NAND2x2_ASAP7_75t_SL        2  4.4    23    16      73    (-,-) 
  g47487__73832/Y           -       A->Y   R     OR2x6_ASAP7_75t_SL          3 11.7    18    23      96    (-,-) 
  g40316/Y                  -       A->Y   R     BUFx12f_ASAP7_75t_SL        4 12.5    12    16     111    (-,-) 
  g62378/Y                  -       A->Y   R     BUFx12f_ASAP7_75t_SL       11 22.8    19    18     129    (-,-) 
  g62376/Y                  -       A->Y   F     INVx11_ASAP7_75t_SL        20 27.7    20    12     141    (-,-) 
  g84492/Y                  -       B2->Y  F     AO22x2_ASAP7_75t_SL         2  4.5    18    25     166    (-,-) 
  g59644/Y                  -       A->Y   R     INVx2_ASAP7_75t_SL          1  3.1    15    10     176    (-,-) 
  g59583/Y                  -       A->Y   F     NAND2x1p5_ASAP7_75t_SL      2  4.4    28    10     186    (-,-) 
  BF2_2_add_169_28_g1505/Y  -       B->Y   R     NAND2x1p5_ASAP7_75t_SL      3  5.1    31    19     205    (-,-) 
  BF2_2_add_169_28_g1442/Y  -       A1->Y  R     OA21x2_ASAP7_75t_SL         2  3.7    18    23     228    (-,-) 
  BF2_2_add_169_28_g1435/Y  -       A2->Y  R     OA21x2_ASAP7_75t_SL         2  4.3    20    21     249    (-,-) 
  BF2_2_add_169_28_g1433/Y  -       A1->Y  F     OAI21x1_ASAP7_75t_SL        2  3.1    29    11     260    (-,-) 
  BF2_2_add_169_28_g1426/Y  -       A2->Y  F     AO21x2_ASAP7_75t_SL         2  4.3    18    25     285    (-,-) 
  BF2_2_add_169_28_g1423/Y  -       A1->Y  R     AOI21x1_ASAP7_75t_SL        2  3.7    32    16     302    (-,-) 
  BF2_2_add_169_28_g1421/Y  -       A1->Y  F     OAI21x1_ASAP7_75t_SL        2  3.1    30    12     313    (-,-) 
  BF2_2_add_169_28_g1416/Y  -       A2->Y  F     AO21x2_ASAP7_75t_SL         3  4.9    20    26     339    (-,-) 
  BF2_2_add_169_28_g1410/Y  -       A2->Y  F     AO21x2_ASAP7_75t_SL         2  3.1    15    21     361    (-,-) 
  g82054/Y                  -       A2->Y  F     AO21x2_ASAP7_75t_SL         2  4.0    18    22     382    (-,-) 
  g82053/Y                  -       B->Y   F     AND2x4_ASAP7_75t_SL         2  4.0    10    16     399    (-,-) 
  g82052/Y                  -       A1->Y  R     OAI21x1_ASAP7_75t_SL        3  5.5    45    21     420    (-,-) 
  BF2_2_add_169_28_g80504/Y -       A2->Y  F     OAI21x1_ASAP7_75t_SL        1  2.1    28    10     430    (-,-) 
  g81828/Y                  -       A2->Y  F     AO21x2_ASAP7_75t_SL         2  4.3    17    25     455    (-,-) 
  g81830/Y                  -       A2->Y  R     AOI21x1_ASAP7_75t_SL        1  2.5    26    14     468    (-,-) 
  BF2_2_add_169_28_g1385/Y  -       B->Y   F     XNOR2x2_ASAP7_75t_SL        5  7.2    25    34     502    (-,-) 
  g69329/Y                  -       A2->Y  R     AOI22xp5_ASAP7_75t_SL       1  2.1    64    20     522    (-,-) 
  g67882/Y                  -       B->Y   R     OA21x2_ASAP7_75t_SL         1  2.1    15    20     542    (-,-) 
  BF2_2_aj5_reg[23]/D       -       -      R     DFFHQNx2_ASAP7_75t_SL       1    -     -     0     542    (-,-) 
#----------------------------------------------------------------------------------------------------------------



Path 4: MET (0 ps) Setup Check with Pin BF2_1_ajlen5_reg[23]/CLK->D
          Group: clk
     Startpoint: (R) BF1_1_modei_reg[0]/CLK
          Clock: (R) clk
       Endpoint: (R) BF2_1_ajlen5_reg[23]/D
          Clock: (R) clk

                     Capture       Launch     
        Clock Edge:+     578            0     
       Src Latency:+       0            0     
       Net Latency:+       0 (I)        0 (I) 
           Arrival:=     578            0     
                                              
             Setup:-      16                  
       Uncertainty:-      29                  
     Required Time:=     533                  
      Launch Clock:-       0                  
         Data Path:-     533                  
             Slack:=       0                  

#---------------------------------------------------------------------------------------------------------------------------------
#               Timing Point                Flags    Arc   Edge          Cell            Fanout Load Trans Delay Arrival Instance 
#                                                                                               (fF)  (ps)  (ps)   (ps)  Location 
#---------------------------------------------------------------------------------------------------------------------------------
  BF1_1_modei_reg[0]/CLK                    -       -      R     (arrival)                 2365    -     0     0       0    (-,-) 
  BF1_1_modei_reg[0]/Q                      -       CLK->Q F     DFFHQx4_ASAP7_75t_SL         4 10.8    19    49      49    (-,-) 
  g47566/Y                                  -       A->Y   F     BUFx6f_ASAP7_75t_SL          4  9.9    13    18      67    (-,-) 
  g47552__6161/Y                            -       A->Y   R     NAND2x1p5_ASAP7_75t_SL       2  4.4    24    15      82    (-,-) 
  g81746/Y                                  -       A->Y   R     OR2x6_ASAP7_75t_SL           2  7.2    14    20     102    (-,-) 
  g81747/Y                                  -       A->Y   R     BUFx12f_ASAP7_75t_SL         4 13.8    13    15     117    (-,-) 
  fopt71981/Y                               -       A->Y   F     INVx6_ASAP7_75t_SL           9 13.8    16    10     127    (-,-) 
  fopt71975/Y                               -       A->Y   R     INVx2_ASAP7_75t_SL           4  6.1    24    14     141    (-,-) 
  g61649/Y                                  -       B->Y   R     OR2x2_ASAP7_75t_SL           1  3.1    14    19     160    (-,-) 
  g61259/Y                                  -       A->Y   F     NAND4xp75_ASAP7_75t_SL       4  6.7    57    24     184    (-,-) 
  g60822/Y                                  -       B2->Y  F     OA22x2_ASAP7_75t_SL          2  4.5    20    34     217    (-,-) 
  g60747/Y                                  -       B->Y   R     NAND2x1p5_ASAP7_75t_SL       2  3.7    28    14     231    (-,-) 
  g60556/Y                                  -       A1->Y  F     OAI221xp5_ASAP7_75t_SL       1  2.5    48    21     252    (-,-) 
  g60213/Y                                  -       C->Y   R     AOI211x1_ASAP7_75t_SL        1  2.1    37    22     273    (-,-) 
  g59946/Y                                  -       A2->Y  R     OA21x2_ASAP7_75t_SL          3  4.9    21    24     298    (-,-) 
  WALLACE_CSA_DUMMY_OP922_groupi_fopt1720/Y -       A->Y   R     BUFx2_ASAP7_75t_L            4  7.7    32    29     327    (-,-) 
  g81874/Y                                  -       B->Y   F     NOR2x1_ASAP7_75t_SL          2  4.1    42    19     346    (-,-) 
  g81871/Y                                  -       B->Y   R     AOI21x1_ASAP7_75t_SL         2  3.5    49    22     369    (-,-) 
  g81870/Y                                  -       A1->Y  F     OAI21xp5_ASAP7_75t_SL        1  2.1    44    20     388    (-,-) 
  WALLACE_CSA_DUMMY_OP922_groupi_g78873/Y   -       A2->Y  F     AO21x2_ASAP7_75t_SL          2  3.4    17    26     415    (-,-) 
  WALLACE_CSA_DUMMY_OP922_groupi_g78871/Y   -       B->Y   F     AO21x2_ASAP7_75t_SL          3  4.8    18    24     438    (-,-) 
  g81688/Y                                  -       A2->Y  F     AO21x2_ASAP7_75t_SL          2  4.1    18    23     461    (-,-) 
  g81690/Y                                  -       A1->Y  F     AO21x1_ASAP7_75t_SL          1  2.5    18    21     482    (-,-) 
  WALLACE_CSA_DUMMY_OP922_groupi_g1469/Y    -       A->Y   F     XOR2x2_ASAP7_75t_SL          2  3.3    16    24     506    (-,-) 
  g68520/Y                                  -       A2->Y  R     AOI222xp33_ASAP7_75t_SL      1  2.1   110    27     533    (-,-) 
  BF2_1_ajlen5_reg[23]/D                    -       -      R     DFFHQNx1_ASAP7_75t_SL        1    -     -     0     533    (-,-) 
#---------------------------------------------------------------------------------------------------------------------------------



Path 5: MET (0 ps) Setup Check with Pin BF2_1_ajlen5_reg[21]/CLK->D
          Group: clk
     Startpoint: (R) BF2_1_ajlen3_reg[0]/CLK
          Clock: (R) clk
       Endpoint: (F) BF2_1_ajlen5_reg[21]/D
          Clock: (R) clk

                     Capture       Launch     
        Clock Edge:+     578            0     
       Src Latency:+       0            0     
       Net Latency:+       0 (I)        0 (I) 
           Arrival:=     578            0     
                                              
             Setup:-      14                  
       Uncertainty:-      29                  
     Required Time:=     536                  
      Launch Clock:-       0                  
         Data Path:-     536                  
             Slack:=       0                  

#--------------------------------------------------------------------------------------------------------------
#      Timing Point       Flags    Arc   Edge          Cell           Fanout Load Trans Delay Arrival Instance 
#                                                                            (fF)  (ps)  (ps)   (ps)  Location 
#--------------------------------------------------------------------------------------------------------------
  BF2_1_ajlen3_reg[0]/CLK -       -      R     (arrival)                2365    -     0     0       0    (-,-) 
  BF2_1_ajlen3_reg[0]/Q   -       CLK->Q R     DFFHQx4_ASAP7_75t_SL        7 10.0    21    48      48    (-,-) 
  g69429/Y                -       B->Y   R     AND2x2_ASAP7_75t_SL         3  5.3    22    22      70    (-,-) 
  g69348/Y                -       B->Y   F     NAND2x1_ASAP7_75t_SL        3  4.9    29    16      87    (-,-) 
  g69180/Y                -       B->Y   R     NOR2x1_ASAP7_75t_SL         3  5.1    40    23     110    (-,-) 
  g69065/Y                -       B->Y   F     NAND2x1_ASAP7_75t_SL        3  5.4    36    20     130    (-,-) 
  g68789/Y                -       B->Y   R     NOR2x1p5_ASAP7_75t_L        4  6.0    39    26     155    (-,-) 
  g68658/Y                -       A->Y   R     AND3x1_ASAP7_75t_SL         3  5.1    38    34     189    (-,-) 
  g68617/Y                -       B->Y   F     NAND2x1_ASAP7_75t_SL        3  5.4    35    20     209    (-,-) 
  g68570/Y                -       B->Y   R     NOR2x1p5_ASAP7_75t_L        4  6.0    39    25     234    (-,-) 
  g68427/Y                -       A->Y   R     AND3x2_ASAP7_75t_SL         3  5.1    24    31     265    (-,-) 
  g68354/Y                -       B->Y   F     NAND2x1_ASAP7_75t_SL        3  4.6    28    16     281    (-,-) 
  g68253/Y                -       A->Y   F     AND3x2_ASAP7_75t_SL         3  5.7    19    21     302    (-,-) 
  g68209/Y                -       B->Y   R     NAND2x1p5_ASAP7_75t_SL      3  5.7    34    18     320    (-,-) 
  g68169/Y                -       B->Y   F     NOR2x1p5_ASAP7_75t_SL       3  5.7    27    18     338    (-,-) 
  g68138/Y                -       B->Y   R     NAND2x1p5_ASAP7_75t_SL      3  5.2    30    18     356    (-,-) 
  g68103/Y                -       B->Y   F     NOR2x1_ASAP7_75t_SL         3  5.1    34    22     378    (-,-) 
  g68072/Y                -       B->Y   R     NAND2x1_ASAP7_75t_L         3  5.2    48    31     409    (-,-) 
  g68047/Y                -       B->Y   F     NOR2x1_ASAP7_75t_SL         3  5.1    38    25     434    (-,-) 
  g68023/Y                -       B->Y   R     NAND2x1_ASAP7_75t_L         3  5.2    47    32     466    (-,-) 
  g67992/Y                -       B->Y   F     NOR2x1_ASAP7_75t_SL         3  5.2    38    25     491    (-,-) 
  g67951/Y                -       A->Y   R     XOR2xp5_ASAP7_75t_SL        1  2.4    42    23     515    (-,-) 
  g67895/Y                -       A2->Y  F     AOI221x1_ASAP7_75t_SL       1  2.1    72    21     536    (-,-) 
  BF2_1_ajlen5_reg[21]/D  -       -      F     DFFHQNx3_ASAP7_75t_SL       1    -     -     0     536    (-,-) 
#--------------------------------------------------------------------------------------------------------------



Path 6: MET (0 ps) Setup Check with Pin BF2_1_aj5_reg[23]/CLK->D
          Group: clk
     Startpoint: (R) BF1_1_modei_reg[1]/CLK
          Clock: (R) clk
       Endpoint: (R) BF2_1_aj5_reg[23]/D
          Clock: (R) clk

                     Capture       Launch     
        Clock Edge:+     578            0     
       Src Latency:+       0            0     
       Net Latency:+       0 (I)        0 (I) 
           Arrival:=     578            0     
                                              
             Setup:-       9                  
       Uncertainty:-      29                  
     Required Time:=     540                  
      Launch Clock:-       0                  
         Data Path:-     540                  
             Slack:=       0                  

#--------------------------------------------------------------------------------------------------------------
#       Timing Point        Flags    Arc   Edge         Cell          Fanout Load Trans Delay Arrival Instance 
#                                                                            (fF)  (ps)  (ps)   (ps)  Location 
#--------------------------------------------------------------------------------------------------------------
  BF1_1_modei_reg[1]/CLK    -       -      R     (arrival)              2365    -     0     0       0    (-,-) 
  BF1_1_modei_reg[1]/Q      -       CLK->Q F     DFFHQx4_ASAP7_75t_SL      2  7.2    14    46      46    (-,-) 
  g47562/Y                  -       A->Y   R     INVx3_ASAP7_75t_SL        2  8.1    22    13      59    (-,-) 
  g47561/Y                  -       A->Y   F     INVx6_ASAP7_75t_SL        3  7.6    13     8      67    (-,-) 
  g47550__7482/Y            -       A->Y   F     OR2x6_ASAP7_75t_SL        1  4.2    11    19      86    (-,-) 
  g47403__2802/Y            -       B->Y   R     NAND3x2_ASAP7_75t_SL      1  4.0    30    15     101    (-,-) 
  g47373/Y                  -       A->Y   R     BUFx12f_ASAP7_75t_SL      8 24.0    20    20     121    (-,-) 
  g47371/Y                  -       A->Y   F     INVx3_ASAP7_75t_SL        4  6.1    16    10     131    (-,-) 
  g46536__2883/Y            -       A2->Y  F     AO21x2_ASAP7_75t_SL       1  2.4    13    19     151    (-,-) 
  g46466__5526/Y            -       C->Y   F     AO211x2_ASAP7_75t_SL      2  4.4    17    21     171    (-,-) 
  BF2_1_add_169_28_g1504/Y  -       B->Y   R     NAND2x1_ASAP7_75t_SL      2  3.5    35    18     189    (-,-) 
  BF2_1_add_169_28_g1450/Y  -       B->Y   R     OA21x2_ASAP7_75t_SL       2  4.4    20    22     212    (-,-) 
  BF2_1_add_169_28_g1443/Y  -       A1->Y  F     OAI21x1_ASAP7_75t_SL      2  3.7    33    13     224    (-,-) 
  BF2_1_add_169_28_g76001/Y -       A2->Y  F     AO21x2_ASAP7_75t_SL       3  5.6    20    28     252    (-,-) 
  BF2_1_add_169_28_g85725/Y -       A1->Y  R     AOI21x1_ASAP7_75t_SL      2  4.4    37    18     270    (-,-) 
  BF2_1_add_169_28_g76002/Y -       A1->Y  F     OAI21x1_ASAP7_75t_SL      2  3.7    28    13     284    (-,-) 
  g81757/Y                  -       A2->Y  F     AO21x2_ASAP7_75t_SL       2  3.0    14    23     306    (-,-) 
  g386/Y                    -       A1->Y  F     AO32x1_ASAP7_75t_SL       2  3.1    24    26     332    (-,-) 
  BF2_1_add_169_28_g1419/Y  -       A2->Y  F     AO21x2_ASAP7_75t_SL       3  4.8    19    25     357    (-,-) 
  BF2_1_add_169_28_g78863/Y -       A1->Y  F     AO21x2_ASAP7_75t_SL       3  5.7    22    26     383    (-,-) 
  BF2_1_add_169_28_g78866/Y -       A1->Y  R     AOI21x1_ASAP7_75t_SL      1  2.1    24    12     395    (-,-) 
  BF2_1_add_169_28_g78865/Y -       A2->Y  R     OA21x2_ASAP7_75t_SL       3  5.5    25    24     419    (-,-) 
  BF2_1_add_169_28_g75436/Y -       A2->Y  F     OAI21x1_ASAP7_75t_SL      1  2.1    24    10     429    (-,-) 
  BF2_1_add_169_28_g75435/Y -       A2->Y  F     AO21x2_ASAP7_75t_SL       2  4.3    17    24     453    (-,-) 
  BF2_1_add_169_28_g1397/Y  -       A2->Y  R     AOI21x1_ASAP7_75t_SL      1  2.5    25    14     466    (-,-) 
  BF2_1_add_169_28_g1396/Y  -       B->Y   F     XNOR2x2_ASAP7_75t_SL      5  7.6    26    34     500    (-,-) 
  g69328/Y                  -       A1->Y  R     AOI22x1_ASAP7_75t_L       1  2.1    48    20     520    (-,-) 
  g67881/Y                  -       B->Y   R     OA21x2_ASAP7_75t_SL       1  2.1    15    19     540    (-,-) 
  BF2_1_aj5_reg[23]/D       -       -      R     DFFHQNx1_ASAP7_75t_L      1    -     -     0     540    (-,-) 
#--------------------------------------------------------------------------------------------------------------



Path 7: MET (0 ps) Setup Check with Pin BF2_1_aj4_reg[23]/CLK->D
          Group: clk
     Startpoint: (R) BF2_1_ajlen1_reg[0]/CLK
          Clock: (R) clk
       Endpoint: (F) BF2_1_aj4_reg[23]/D
          Clock: (R) clk

                     Capture       Launch     
        Clock Edge:+     578            0     
       Src Latency:+       0            0     
       Net Latency:+       0 (I)        0 (I) 
           Arrival:=     578            0     
                                              
             Setup:-      14                  
       Uncertainty:-      29                  
     Required Time:=     535                  
      Launch Clock:-       0                  
         Data Path:-     535                  
             Slack:=       0                  

#----------------------------------------------------------------------------------------------------------------
#      Timing Point       Flags    Arc   Edge           Cell            Fanout Load Trans Delay Arrival Instance 
#                                                                              (fF)  (ps)  (ps)   (ps)  Location 
#----------------------------------------------------------------------------------------------------------------
  BF2_1_ajlen1_reg[0]/CLK -       -      R     (arrival)                  2365    -     0     0       0    (-,-) 
  BF2_1_ajlen1_reg[0]/Q   -       CLK->Q R     DFFHQx4_ASAP7_75t_SL          3  6.9    16    46      46    (-,-) 
  g46688/Y                -       A->Y   F     INVx3_ASAP7_75t_SL            2  3.4    11     7      52    (-,-) 
  g69376/Y                -       A1->Y  R     AOI22xp5_ASAP7_75t_SL         2  3.4    51    25      78    (-,-) 
  g68742/Y                -       A1->Y  F     O2A1O1Ixp33_ASAP7_75t_SL      1  2.0    37    20      98    (-,-) 
  g68679/Y                -       C->Y   F     AO221x1_ASAP7_75t_SL          1  2.7    21    30     128    (-,-) 
  g68550/Y                -       A1->Y  R     AOI21x1_ASAP7_75t_SL          1  2.1    28    12     140    (-,-) 
  g68438/Y                -       A2->Y  F     OAI22xp5_ASAP7_75t_SL         1  2.1    36    18     158    (-,-) 
  g68299/Y                -       B->Y   R     O2A1O1Ixp33_ASAP7_75t_SL      1  2.7    64    26     184    (-,-) 
  g68225/Y                -       A1->Y  F     OAI21x1_ASAP7_75t_SL          1  2.1    25     9     193    (-,-) 
  g68144/Y                -       A1->Y  R     AOI21xp5_ASAP7_75t_SL         1  2.8    46    22     216    (-,-) 
  g68086/Y                -       A2->Y  F     OAI22x1_ASAP7_75t_SL          1  2.1    29    14     230    (-,-) 
  g68038/Y                -       A->Y   R     MAJIxp5_ASAP7_75t_SL          1  2.1    40    23     252    (-,-) 
  g67981/Y                -       A->Y   F     MAJIxp5_ASAP7_75t_SL          1  2.8    42    23     276    (-,-) 
  g67953/Y                -       B->Y   R     OAI21x1_ASAP7_75t_SL          2  3.4    40    15     290    (-,-) 
  g67925/Y                -       A->Y   F     NAND3xp33_ASAP7_75t_SL        1  2.1    42    22     313    (-,-) 
  g67879/Y                -       A1->Y  F     AO21x1_ASAP7_75t_SL           1  2.1    16    25     338    (-,-) 
  g67861/Y                -       A->Y   R     MAJIxp5_ASAP7_75t_SL          1  2.1    44    20     357    (-,-) 
  g67853/Y                -       B->Y   F     A2O1A1Ixp33_ASAP7_75t_SL      1  2.1    48    15     373    (-,-) 
  g67849/Y                -       A2->Y  R     AOI22xp5_ASAP7_75t_SL         1  2.1    42    23     395    (-,-) 
  g67842/Y                -       A->Y   F     MAJIxp5_ASAP7_75t_SL          2  3.4    46    26     421    (-,-) 
  g67840/Y                -       A->Y   R     INVx1_ASAP7_75t_SL            1  2.1    26    17     438    (-,-) 
  g67834/Y                -       B->Y   R     AND2x2_ASAP7_75t_SL          24 30.1   105    59     498    (-,-) 
  g67744/Y                -       A1->Y  F     AOI221xp5_ASAP7_75t_SL        1  2.1    66    38     535    (-,-) 
  BF2_1_aj4_reg[23]/D     -       -      F     DFFHQNx1_ASAP7_75t_L          1    -     -     0     535    (-,-) 
#----------------------------------------------------------------------------------------------------------------



Path 8: MET (0 ps) Setup Check with Pin BF2_1_aj4_reg[22]/CLK->D
          Group: clk
     Startpoint: (R) BF2_1_ajlen1_reg[0]/CLK
          Clock: (R) clk
       Endpoint: (F) BF2_1_aj4_reg[22]/D
          Clock: (R) clk

                     Capture       Launch     
        Clock Edge:+     578            0     
       Src Latency:+       0            0     
       Net Latency:+       0 (I)        0 (I) 
           Arrival:=     578            0     
                                              
             Setup:-      14                  
       Uncertainty:-      29                  
     Required Time:=     535                  
      Launch Clock:-       0                  
         Data Path:-     535                  
             Slack:=       0                  

#----------------------------------------------------------------------------------------------------------------
#      Timing Point       Flags    Arc   Edge           Cell            Fanout Load Trans Delay Arrival Instance 
#                                                                              (fF)  (ps)  (ps)   (ps)  Location 
#----------------------------------------------------------------------------------------------------------------
  BF2_1_ajlen1_reg[0]/CLK -       -      R     (arrival)                  2365    -     0     0       0    (-,-) 
  BF2_1_ajlen1_reg[0]/Q   -       CLK->Q R     DFFHQx4_ASAP7_75t_SL          3  6.9    16    46      46    (-,-) 
  g46688/Y                -       A->Y   F     INVx3_ASAP7_75t_SL            2  3.4    11     7      52    (-,-) 
  g69376/Y                -       A1->Y  R     AOI22xp5_ASAP7_75t_SL         2  3.4    51    25      78    (-,-) 
  g68742/Y                -       A1->Y  F     O2A1O1Ixp33_ASAP7_75t_SL      1  2.0    37    20      98    (-,-) 
  g68679/Y                -       C->Y   F     AO221x1_ASAP7_75t_SL          1  2.7    21    30     128    (-,-) 
  g68550/Y                -       A1->Y  R     AOI21x1_ASAP7_75t_SL          1  2.1    28    12     140    (-,-) 
  g68438/Y                -       A2->Y  F     OAI22xp5_ASAP7_75t_SL         1  2.1    36    18     158    (-,-) 
  g68299/Y                -       B->Y   R     O2A1O1Ixp33_ASAP7_75t_SL      1  2.7    64    26     184    (-,-) 
  g68225/Y                -       A1->Y  F     OAI21x1_ASAP7_75t_SL          1  2.1    25     9     193    (-,-) 
  g68144/Y                -       A1->Y  R     AOI21xp5_ASAP7_75t_SL         1  2.8    46    22     216    (-,-) 
  g68086/Y                -       A2->Y  F     OAI22x1_ASAP7_75t_SL          1  2.1    29    14     230    (-,-) 
  g68038/Y                -       A->Y   R     MAJIxp5_ASAP7_75t_SL          1  2.1    40    23     252    (-,-) 
  g67981/Y                -       A->Y   F     MAJIxp5_ASAP7_75t_SL          1  2.8    42    23     276    (-,-) 
  g67953/Y                -       B->Y   R     OAI21x1_ASAP7_75t_SL          2  3.4    40    15     290    (-,-) 
  g67925/Y                -       A->Y   F     NAND3xp33_ASAP7_75t_SL        1  2.1    42    22     313    (-,-) 
  g67879/Y                -       A1->Y  F     AO21x1_ASAP7_75t_SL           1  2.1    16    25     338    (-,-) 
  g67861/Y                -       A->Y   R     MAJIxp5_ASAP7_75t_SL          1  2.1    44    20     357    (-,-) 
  g67853/Y                -       B->Y   F     A2O1A1Ixp33_ASAP7_75t_SL      1  2.1    48    15     373    (-,-) 
  g67849/Y                -       A2->Y  R     AOI22xp5_ASAP7_75t_SL         1  2.1    42    23     395    (-,-) 
  g67842/Y                -       A->Y   F     MAJIxp5_ASAP7_75t_SL          2  3.4    46    26     421    (-,-) 
  g67840/Y                -       A->Y   R     INVx1_ASAP7_75t_SL            1  2.1    26    17     438    (-,-) 
  g67834/Y                -       B->Y   R     AND2x2_ASAP7_75t_SL          24 30.1   105    59     498    (-,-) 
  g67743/Y                -       A1->Y  F     AOI221xp5_ASAP7_75t_SL        1  2.1    66    38     535    (-,-) 
  BF2_1_aj4_reg[22]/D     -       -      F     DFFHQNx1_ASAP7_75t_L          1    -     -     0     535    (-,-) 
#----------------------------------------------------------------------------------------------------------------



Path 9: MET (0 ps) Setup Check with Pin BF2_1_aj4_reg[21]/CLK->D
          Group: clk
     Startpoint: (R) BF2_1_ajlen1_reg[0]/CLK
          Clock: (R) clk
       Endpoint: (F) BF2_1_aj4_reg[21]/D
          Clock: (R) clk

                     Capture       Launch     
        Clock Edge:+     578            0     
       Src Latency:+       0            0     
       Net Latency:+       0 (I)        0 (I) 
           Arrival:=     578            0     
                                              
             Setup:-      14                  
       Uncertainty:-      29                  
     Required Time:=     535                  
      Launch Clock:-       0                  
         Data Path:-     535                  
             Slack:=       0                  

#----------------------------------------------------------------------------------------------------------------
#      Timing Point       Flags    Arc   Edge           Cell            Fanout Load Trans Delay Arrival Instance 
#                                                                              (fF)  (ps)  (ps)   (ps)  Location 
#----------------------------------------------------------------------------------------------------------------
  BF2_1_ajlen1_reg[0]/CLK -       -      R     (arrival)                  2365    -     0     0       0    (-,-) 
  BF2_1_ajlen1_reg[0]/Q   -       CLK->Q R     DFFHQx4_ASAP7_75t_SL          3  6.9    16    46      46    (-,-) 
  g46688/Y                -       A->Y   F     INVx3_ASAP7_75t_SL            2  3.4    11     7      52    (-,-) 
  g69376/Y                -       A1->Y  R     AOI22xp5_ASAP7_75t_SL         2  3.4    51    25      78    (-,-) 
  g68742/Y                -       A1->Y  F     O2A1O1Ixp33_ASAP7_75t_SL      1  2.0    37    20      98    (-,-) 
  g68679/Y                -       C->Y   F     AO221x1_ASAP7_75t_SL          1  2.7    21    30     128    (-,-) 
  g68550/Y                -       A1->Y  R     AOI21x1_ASAP7_75t_SL          1  2.1    28    12     140    (-,-) 
  g68438/Y                -       A2->Y  F     OAI22xp5_ASAP7_75t_SL         1  2.1    36    18     158    (-,-) 
  g68299/Y                -       B->Y   R     O2A1O1Ixp33_ASAP7_75t_SL      1  2.7    64    26     184    (-,-) 
  g68225/Y                -       A1->Y  F     OAI21x1_ASAP7_75t_SL          1  2.1    25     9     193    (-,-) 
  g68144/Y                -       A1->Y  R     AOI21xp5_ASAP7_75t_SL         1  2.8    46    22     216    (-,-) 
  g68086/Y                -       A2->Y  F     OAI22x1_ASAP7_75t_SL          1  2.1    29    14     230    (-,-) 
  g68038/Y                -       A->Y   R     MAJIxp5_ASAP7_75t_SL          1  2.1    40    23     252    (-,-) 
  g67981/Y                -       A->Y   F     MAJIxp5_ASAP7_75t_SL          1  2.8    42    23     276    (-,-) 
  g67953/Y                -       B->Y   R     OAI21x1_ASAP7_75t_SL          2  3.4    40    15     290    (-,-) 
  g67925/Y                -       A->Y   F     NAND3xp33_ASAP7_75t_SL        1  2.1    42    22     313    (-,-) 
  g67879/Y                -       A1->Y  F     AO21x1_ASAP7_75t_SL           1  2.1    16    25     338    (-,-) 
  g67861/Y                -       A->Y   R     MAJIxp5_ASAP7_75t_SL          1  2.1    44    20     357    (-,-) 
  g67853/Y                -       B->Y   F     A2O1A1Ixp33_ASAP7_75t_SL      1  2.1    48    15     373    (-,-) 
  g67849/Y                -       A2->Y  R     AOI22xp5_ASAP7_75t_SL         1  2.1    42    23     395    (-,-) 
  g67842/Y                -       A->Y   F     MAJIxp5_ASAP7_75t_SL          2  3.4    46    26     421    (-,-) 
  g67840/Y                -       A->Y   R     INVx1_ASAP7_75t_SL            1  2.1    26    17     438    (-,-) 
  g67834/Y                -       B->Y   R     AND2x2_ASAP7_75t_SL          24 30.1   105    59     498    (-,-) 
  g67742/Y                -       A1->Y  F     AOI221xp5_ASAP7_75t_SL        1  2.1    66    38     535    (-,-) 
  BF2_1_aj4_reg[21]/D     -       -      F     DFFHQNx1_ASAP7_75t_L          1    -     -     0     535    (-,-) 
#----------------------------------------------------------------------------------------------------------------



Path 10: MET (0 ps) Setup Check with Pin BF2_1_aj4_reg[20]/CLK->D
          Group: clk
     Startpoint: (R) BF2_1_ajlen1_reg[0]/CLK
          Clock: (R) clk
       Endpoint: (F) BF2_1_aj4_reg[20]/D
          Clock: (R) clk

                     Capture       Launch     
        Clock Edge:+     578            0     
       Src Latency:+       0            0     
       Net Latency:+       0 (I)        0 (I) 
           Arrival:=     578            0     
                                              
             Setup:-      14                  
       Uncertainty:-      29                  
     Required Time:=     535                  
      Launch Clock:-       0                  
         Data Path:-     535                  
             Slack:=       0                  

#----------------------------------------------------------------------------------------------------------------
#      Timing Point       Flags    Arc   Edge           Cell            Fanout Load Trans Delay Arrival Instance 
#                                                                              (fF)  (ps)  (ps)   (ps)  Location 
#----------------------------------------------------------------------------------------------------------------
  BF2_1_ajlen1_reg[0]/CLK -       -      R     (arrival)                  2365    -     0     0       0    (-,-) 
  BF2_1_ajlen1_reg[0]/Q   -       CLK->Q R     DFFHQx4_ASAP7_75t_SL          3  6.9    16    46      46    (-,-) 
  g46688/Y                -       A->Y   F     INVx3_ASAP7_75t_SL            2  3.4    11     7      52    (-,-) 
  g69376/Y                -       A1->Y  R     AOI22xp5_ASAP7_75t_SL         2  3.4    51    25      78    (-,-) 
  g68742/Y                -       A1->Y  F     O2A1O1Ixp33_ASAP7_75t_SL      1  2.0    37    20      98    (-,-) 
  g68679/Y                -       C->Y   F     AO221x1_ASAP7_75t_SL          1  2.7    21    30     128    (-,-) 
  g68550/Y                -       A1->Y  R     AOI21x1_ASAP7_75t_SL          1  2.1    28    12     140    (-,-) 
  g68438/Y                -       A2->Y  F     OAI22xp5_ASAP7_75t_SL         1  2.1    36    18     158    (-,-) 
  g68299/Y                -       B->Y   R     O2A1O1Ixp33_ASAP7_75t_SL      1  2.7    64    26     184    (-,-) 
  g68225/Y                -       A1->Y  F     OAI21x1_ASAP7_75t_SL          1  2.1    25     9     193    (-,-) 
  g68144/Y                -       A1->Y  R     AOI21xp5_ASAP7_75t_SL         1  2.8    46    22     216    (-,-) 
  g68086/Y                -       A2->Y  F     OAI22x1_ASAP7_75t_SL          1  2.1    29    14     230    (-,-) 
  g68038/Y                -       A->Y   R     MAJIxp5_ASAP7_75t_SL          1  2.1    40    23     252    (-,-) 
  g67981/Y                -       A->Y   F     MAJIxp5_ASAP7_75t_SL          1  2.8    42    23     276    (-,-) 
  g67953/Y                -       B->Y   R     OAI21x1_ASAP7_75t_SL          2  3.4    40    15     290    (-,-) 
  g67925/Y                -       A->Y   F     NAND3xp33_ASAP7_75t_SL        1  2.1    42    22     313    (-,-) 
  g67879/Y                -       A1->Y  F     AO21x1_ASAP7_75t_SL           1  2.1    16    25     338    (-,-) 
  g67861/Y                -       A->Y   R     MAJIxp5_ASAP7_75t_SL          1  2.1    44    20     357    (-,-) 
  g67853/Y                -       B->Y   F     A2O1A1Ixp33_ASAP7_75t_SL      1  2.1    48    15     373    (-,-) 
  g67849/Y                -       A2->Y  R     AOI22xp5_ASAP7_75t_SL         1  2.1    42    23     395    (-,-) 
  g67842/Y                -       A->Y   F     MAJIxp5_ASAP7_75t_SL          2  3.4    46    26     421    (-,-) 
  g67840/Y                -       A->Y   R     INVx1_ASAP7_75t_SL            1  2.1    26    17     438    (-,-) 
  g67834/Y                -       B->Y   R     AND2x2_ASAP7_75t_SL          24 30.1   105    59     498    (-,-) 
  g67741/Y                -       A1->Y  F     AOI221xp5_ASAP7_75t_SL        1  2.1    66    38     535    (-,-) 
  BF2_1_aj4_reg[20]/D     -       -      F     DFFHQNx1_ASAP7_75t_L          1    -     -     0     535    (-,-) 
#----------------------------------------------------------------------------------------------------------------



Path 11: MET (0 ps) Setup Check with Pin BF2_1_aj4_reg[19]/CLK->D
          Group: clk
     Startpoint: (R) BF2_1_ajlen1_reg[0]/CLK
          Clock: (R) clk
       Endpoint: (F) BF2_1_aj4_reg[19]/D
          Clock: (R) clk

                     Capture       Launch     
        Clock Edge:+     578            0     
       Src Latency:+       0            0     
       Net Latency:+       0 (I)        0 (I) 
           Arrival:=     578            0     
                                              
             Setup:-      14                  
       Uncertainty:-      29                  
     Required Time:=     535                  
      Launch Clock:-       0                  
         Data Path:-     535                  
             Slack:=       0                  

#----------------------------------------------------------------------------------------------------------------
#      Timing Point       Flags    Arc   Edge           Cell            Fanout Load Trans Delay Arrival Instance 
#                                                                              (fF)  (ps)  (ps)   (ps)  Location 
#----------------------------------------------------------------------------------------------------------------
  BF2_1_ajlen1_reg[0]/CLK -       -      R     (arrival)                  2365    -     0     0       0    (-,-) 
  BF2_1_ajlen1_reg[0]/Q   -       CLK->Q R     DFFHQx4_ASAP7_75t_SL          3  6.9    16    46      46    (-,-) 
  g46688/Y                -       A->Y   F     INVx3_ASAP7_75t_SL            2  3.4    11     7      52    (-,-) 
  g69376/Y                -       A1->Y  R     AOI22xp5_ASAP7_75t_SL         2  3.4    51    25      78    (-,-) 
  g68742/Y                -       A1->Y  F     O2A1O1Ixp33_ASAP7_75t_SL      1  2.0    37    20      98    (-,-) 
  g68679/Y                -       C->Y   F     AO221x1_ASAP7_75t_SL          1  2.7    21    30     128    (-,-) 
  g68550/Y                -       A1->Y  R     AOI21x1_ASAP7_75t_SL          1  2.1    28    12     140    (-,-) 
  g68438/Y                -       A2->Y  F     OAI22xp5_ASAP7_75t_SL         1  2.1    36    18     158    (-,-) 
  g68299/Y                -       B->Y   R     O2A1O1Ixp33_ASAP7_75t_SL      1  2.7    64    26     184    (-,-) 
  g68225/Y                -       A1->Y  F     OAI21x1_ASAP7_75t_SL          1  2.1    25     9     193    (-,-) 
  g68144/Y                -       A1->Y  R     AOI21xp5_ASAP7_75t_SL         1  2.8    46    22     216    (-,-) 
  g68086/Y                -       A2->Y  F     OAI22x1_ASAP7_75t_SL          1  2.1    29    14     230    (-,-) 
  g68038/Y                -       A->Y   R     MAJIxp5_ASAP7_75t_SL          1  2.1    40    23     252    (-,-) 
  g67981/Y                -       A->Y   F     MAJIxp5_ASAP7_75t_SL          1  2.8    42    23     276    (-,-) 
  g67953/Y                -       B->Y   R     OAI21x1_ASAP7_75t_SL          2  3.4    40    15     290    (-,-) 
  g67925/Y                -       A->Y   F     NAND3xp33_ASAP7_75t_SL        1  2.1    42    22     313    (-,-) 
  g67879/Y                -       A1->Y  F     AO21x1_ASAP7_75t_SL           1  2.1    16    25     338    (-,-) 
  g67861/Y                -       A->Y   R     MAJIxp5_ASAP7_75t_SL          1  2.1    44    20     357    (-,-) 
  g67853/Y                -       B->Y   F     A2O1A1Ixp33_ASAP7_75t_SL      1  2.1    48    15     373    (-,-) 
  g67849/Y                -       A2->Y  R     AOI22xp5_ASAP7_75t_SL         1  2.1    42    23     395    (-,-) 
  g67842/Y                -       A->Y   F     MAJIxp5_ASAP7_75t_SL          2  3.4    46    26     421    (-,-) 
  g67840/Y                -       A->Y   R     INVx1_ASAP7_75t_SL            1  2.1    26    17     438    (-,-) 
  g67834/Y                -       B->Y   R     AND2x2_ASAP7_75t_SL          24 30.1   105    59     498    (-,-) 
  g67740/Y                -       A1->Y  F     AOI221xp5_ASAP7_75t_SL        1  2.1    66    38     535    (-,-) 
  BF2_1_aj4_reg[19]/D     -       -      F     DFFHQNx1_ASAP7_75t_L          1    -     -     0     535    (-,-) 
#----------------------------------------------------------------------------------------------------------------



Path 12: MET (0 ps) Setup Check with Pin BF2_1_aj4_reg[18]/CLK->D
          Group: clk
     Startpoint: (R) BF2_1_ajlen1_reg[0]/CLK
          Clock: (R) clk
       Endpoint: (F) BF2_1_aj4_reg[18]/D
          Clock: (R) clk

                     Capture       Launch     
        Clock Edge:+     578            0     
       Src Latency:+       0            0     
       Net Latency:+       0 (I)        0 (I) 
           Arrival:=     578            0     
                                              
             Setup:-      14                  
       Uncertainty:-      29                  
     Required Time:=     535                  
      Launch Clock:-       0                  
         Data Path:-     535                  
             Slack:=       0                  

#----------------------------------------------------------------------------------------------------------------
#      Timing Point       Flags    Arc   Edge           Cell            Fanout Load Trans Delay Arrival Instance 
#                                                                              (fF)  (ps)  (ps)   (ps)  Location 
#----------------------------------------------------------------------------------------------------------------
  BF2_1_ajlen1_reg[0]/CLK -       -      R     (arrival)                  2365    -     0     0       0    (-,-) 
  BF2_1_ajlen1_reg[0]/Q   -       CLK->Q R     DFFHQx4_ASAP7_75t_SL          3  6.9    16    46      46    (-,-) 
  g46688/Y                -       A->Y   F     INVx3_ASAP7_75t_SL            2  3.4    11     7      52    (-,-) 
  g69376/Y                -       A1->Y  R     AOI22xp5_ASAP7_75t_SL         2  3.4    51    25      78    (-,-) 
  g68742/Y                -       A1->Y  F     O2A1O1Ixp33_ASAP7_75t_SL      1  2.0    37    20      98    (-,-) 
  g68679/Y                -       C->Y   F     AO221x1_ASAP7_75t_SL          1  2.7    21    30     128    (-,-) 
  g68550/Y                -       A1->Y  R     AOI21x1_ASAP7_75t_SL          1  2.1    28    12     140    (-,-) 
  g68438/Y                -       A2->Y  F     OAI22xp5_ASAP7_75t_SL         1  2.1    36    18     158    (-,-) 
  g68299/Y                -       B->Y   R     O2A1O1Ixp33_ASAP7_75t_SL      1  2.7    64    26     184    (-,-) 
  g68225/Y                -       A1->Y  F     OAI21x1_ASAP7_75t_SL          1  2.1    25     9     193    (-,-) 
  g68144/Y                -       A1->Y  R     AOI21xp5_ASAP7_75t_SL         1  2.8    46    22     216    (-,-) 
  g68086/Y                -       A2->Y  F     OAI22x1_ASAP7_75t_SL          1  2.1    29    14     230    (-,-) 
  g68038/Y                -       A->Y   R     MAJIxp5_ASAP7_75t_SL          1  2.1    40    23     252    (-,-) 
  g67981/Y                -       A->Y   F     MAJIxp5_ASAP7_75t_SL          1  2.8    42    23     276    (-,-) 
  g67953/Y                -       B->Y   R     OAI21x1_ASAP7_75t_SL          2  3.4    40    15     290    (-,-) 
  g67925/Y                -       A->Y   F     NAND3xp33_ASAP7_75t_SL        1  2.1    42    22     313    (-,-) 
  g67879/Y                -       A1->Y  F     AO21x1_ASAP7_75t_SL           1  2.1    16    25     338    (-,-) 
  g67861/Y                -       A->Y   R     MAJIxp5_ASAP7_75t_SL          1  2.1    44    20     357    (-,-) 
  g67853/Y                -       B->Y   F     A2O1A1Ixp33_ASAP7_75t_SL      1  2.1    48    15     373    (-,-) 
  g67849/Y                -       A2->Y  R     AOI22xp5_ASAP7_75t_SL         1  2.1    42    23     395    (-,-) 
  g67842/Y                -       A->Y   F     MAJIxp5_ASAP7_75t_SL          2  3.4    46    26     421    (-,-) 
  g67840/Y                -       A->Y   R     INVx1_ASAP7_75t_SL            1  2.1    26    17     438    (-,-) 
  g67834/Y                -       B->Y   R     AND2x2_ASAP7_75t_SL          24 30.1   105    59     498    (-,-) 
  g67738/Y                -       A1->Y  F     AOI221xp5_ASAP7_75t_SL        1  2.1    66    38     535    (-,-) 
  BF2_1_aj4_reg[18]/D     -       -      F     DFFHQNx1_ASAP7_75t_L          1    -     -     0     535    (-,-) 
#----------------------------------------------------------------------------------------------------------------



Path 13: MET (0 ps) Setup Check with Pin BF2_1_aj4_reg[17]/CLK->D
          Group: clk
     Startpoint: (R) BF2_1_ajlen1_reg[0]/CLK
          Clock: (R) clk
       Endpoint: (F) BF2_1_aj4_reg[17]/D
          Clock: (R) clk

                     Capture       Launch     
        Clock Edge:+     578            0     
       Src Latency:+       0            0     
       Net Latency:+       0 (I)        0 (I) 
           Arrival:=     578            0     
                                              
             Setup:-      14                  
       Uncertainty:-      29                  
     Required Time:=     535                  
      Launch Clock:-       0                  
         Data Path:-     535                  
             Slack:=       0                  

#----------------------------------------------------------------------------------------------------------------
#      Timing Point       Flags    Arc   Edge           Cell            Fanout Load Trans Delay Arrival Instance 
#                                                                              (fF)  (ps)  (ps)   (ps)  Location 
#----------------------------------------------------------------------------------------------------------------
  BF2_1_ajlen1_reg[0]/CLK -       -      R     (arrival)                  2365    -     0     0       0    (-,-) 
  BF2_1_ajlen1_reg[0]/Q   -       CLK->Q R     DFFHQx4_ASAP7_75t_SL          3  6.9    16    46      46    (-,-) 
  g46688/Y                -       A->Y   F     INVx3_ASAP7_75t_SL            2  3.4    11     7      52    (-,-) 
  g69376/Y                -       A1->Y  R     AOI22xp5_ASAP7_75t_SL         2  3.4    51    25      78    (-,-) 
  g68742/Y                -       A1->Y  F     O2A1O1Ixp33_ASAP7_75t_SL      1  2.0    37    20      98    (-,-) 
  g68679/Y                -       C->Y   F     AO221x1_ASAP7_75t_SL          1  2.7    21    30     128    (-,-) 
  g68550/Y                -       A1->Y  R     AOI21x1_ASAP7_75t_SL          1  2.1    28    12     140    (-,-) 
  g68438/Y                -       A2->Y  F     OAI22xp5_ASAP7_75t_SL         1  2.1    36    18     158    (-,-) 
  g68299/Y                -       B->Y   R     O2A1O1Ixp33_ASAP7_75t_SL      1  2.7    64    26     184    (-,-) 
  g68225/Y                -       A1->Y  F     OAI21x1_ASAP7_75t_SL          1  2.1    25     9     193    (-,-) 
  g68144/Y                -       A1->Y  R     AOI21xp5_ASAP7_75t_SL         1  2.8    46    22     216    (-,-) 
  g68086/Y                -       A2->Y  F     OAI22x1_ASAP7_75t_SL          1  2.1    29    14     230    (-,-) 
  g68038/Y                -       A->Y   R     MAJIxp5_ASAP7_75t_SL          1  2.1    40    23     252    (-,-) 
  g67981/Y                -       A->Y   F     MAJIxp5_ASAP7_75t_SL          1  2.8    42    23     276    (-,-) 
  g67953/Y                -       B->Y   R     OAI21x1_ASAP7_75t_SL          2  3.4    40    15     290    (-,-) 
  g67925/Y                -       A->Y   F     NAND3xp33_ASAP7_75t_SL        1  2.1    42    22     313    (-,-) 
  g67879/Y                -       A1->Y  F     AO21x1_ASAP7_75t_SL           1  2.1    16    25     338    (-,-) 
  g67861/Y                -       A->Y   R     MAJIxp5_ASAP7_75t_SL          1  2.1    44    20     357    (-,-) 
  g67853/Y                -       B->Y   F     A2O1A1Ixp33_ASAP7_75t_SL      1  2.1    48    15     373    (-,-) 
  g67849/Y                -       A2->Y  R     AOI22xp5_ASAP7_75t_SL         1  2.1    42    23     395    (-,-) 
  g67842/Y                -       A->Y   F     MAJIxp5_ASAP7_75t_SL          2  3.4    46    26     421    (-,-) 
  g67840/Y                -       A->Y   R     INVx1_ASAP7_75t_SL            1  2.1    26    17     438    (-,-) 
  g67834/Y                -       B->Y   R     AND2x2_ASAP7_75t_SL          24 30.1   105    59     498    (-,-) 
  g67737/Y                -       A1->Y  F     AOI221xp5_ASAP7_75t_SL        1  2.1    66    38     535    (-,-) 
  BF2_1_aj4_reg[17]/D     -       -      F     DFFHQNx1_ASAP7_75t_L          1    -     -     0     535    (-,-) 
#----------------------------------------------------------------------------------------------------------------



Path 14: MET (0 ps) Setup Check with Pin BF2_1_aj4_reg[16]/CLK->D
          Group: clk
     Startpoint: (R) BF2_1_ajlen1_reg[0]/CLK
          Clock: (R) clk
       Endpoint: (F) BF2_1_aj4_reg[16]/D
          Clock: (R) clk

                     Capture       Launch     
        Clock Edge:+     578            0     
       Src Latency:+       0            0     
       Net Latency:+       0 (I)        0 (I) 
           Arrival:=     578            0     
                                              
             Setup:-      14                  
       Uncertainty:-      29                  
     Required Time:=     535                  
      Launch Clock:-       0                  
         Data Path:-     535                  
             Slack:=       0                  

#----------------------------------------------------------------------------------------------------------------
#      Timing Point       Flags    Arc   Edge           Cell            Fanout Load Trans Delay Arrival Instance 
#                                                                              (fF)  (ps)  (ps)   (ps)  Location 
#----------------------------------------------------------------------------------------------------------------
  BF2_1_ajlen1_reg[0]/CLK -       -      R     (arrival)                  2365    -     0     0       0    (-,-) 
  BF2_1_ajlen1_reg[0]/Q   -       CLK->Q R     DFFHQx4_ASAP7_75t_SL          3  6.9    16    46      46    (-,-) 
  g46688/Y                -       A->Y   F     INVx3_ASAP7_75t_SL            2  3.4    11     7      52    (-,-) 
  g69376/Y                -       A1->Y  R     AOI22xp5_ASAP7_75t_SL         2  3.4    51    25      78    (-,-) 
  g68742/Y                -       A1->Y  F     O2A1O1Ixp33_ASAP7_75t_SL      1  2.0    37    20      98    (-,-) 
  g68679/Y                -       C->Y   F     AO221x1_ASAP7_75t_SL          1  2.7    21    30     128    (-,-) 
  g68550/Y                -       A1->Y  R     AOI21x1_ASAP7_75t_SL          1  2.1    28    12     140    (-,-) 
  g68438/Y                -       A2->Y  F     OAI22xp5_ASAP7_75t_SL         1  2.1    36    18     158    (-,-) 
  g68299/Y                -       B->Y   R     O2A1O1Ixp33_ASAP7_75t_SL      1  2.7    64    26     184    (-,-) 
  g68225/Y                -       A1->Y  F     OAI21x1_ASAP7_75t_SL          1  2.1    25     9     193    (-,-) 
  g68144/Y                -       A1->Y  R     AOI21xp5_ASAP7_75t_SL         1  2.8    46    22     216    (-,-) 
  g68086/Y                -       A2->Y  F     OAI22x1_ASAP7_75t_SL          1  2.1    29    14     230    (-,-) 
  g68038/Y                -       A->Y   R     MAJIxp5_ASAP7_75t_SL          1  2.1    40    23     252    (-,-) 
  g67981/Y                -       A->Y   F     MAJIxp5_ASAP7_75t_SL          1  2.8    42    23     276    (-,-) 
  g67953/Y                -       B->Y   R     OAI21x1_ASAP7_75t_SL          2  3.4    40    15     290    (-,-) 
  g67925/Y                -       A->Y   F     NAND3xp33_ASAP7_75t_SL        1  2.1    42    22     313    (-,-) 
  g67879/Y                -       A1->Y  F     AO21x1_ASAP7_75t_SL           1  2.1    16    25     338    (-,-) 
  g67861/Y                -       A->Y   R     MAJIxp5_ASAP7_75t_SL          1  2.1    44    20     357    (-,-) 
  g67853/Y                -       B->Y   F     A2O1A1Ixp33_ASAP7_75t_SL      1  2.1    48    15     373    (-,-) 
  g67849/Y                -       A2->Y  R     AOI22xp5_ASAP7_75t_SL         1  2.1    42    23     395    (-,-) 
  g67842/Y                -       A->Y   F     MAJIxp5_ASAP7_75t_SL          2  3.4    46    26     421    (-,-) 
  g67840/Y                -       A->Y   R     INVx1_ASAP7_75t_SL            1  2.1    26    17     438    (-,-) 
  g67834/Y                -       B->Y   R     AND2x2_ASAP7_75t_SL          24 30.1   105    59     498    (-,-) 
  g67736/Y                -       A1->Y  F     AOI221xp5_ASAP7_75t_SL        1  2.1    66    38     535    (-,-) 
  BF2_1_aj4_reg[16]/D     -       -      F     DFFHQNx1_ASAP7_75t_L          1    -     -     0     535    (-,-) 
#----------------------------------------------------------------------------------------------------------------



Path 15: MET (0 ps) Setup Check with Pin BF2_1_aj4_reg[15]/CLK->D
          Group: clk
     Startpoint: (R) BF2_1_ajlen1_reg[0]/CLK
          Clock: (R) clk
       Endpoint: (F) BF2_1_aj4_reg[15]/D
          Clock: (R) clk

                     Capture       Launch     
        Clock Edge:+     578            0     
       Src Latency:+       0            0     
       Net Latency:+       0 (I)        0 (I) 
           Arrival:=     578            0     
                                              
             Setup:-      14                  
       Uncertainty:-      29                  
     Required Time:=     535                  
      Launch Clock:-       0                  
         Data Path:-     535                  
             Slack:=       0                  

#----------------------------------------------------------------------------------------------------------------
#      Timing Point       Flags    Arc   Edge           Cell            Fanout Load Trans Delay Arrival Instance 
#                                                                              (fF)  (ps)  (ps)   (ps)  Location 
#----------------------------------------------------------------------------------------------------------------
  BF2_1_ajlen1_reg[0]/CLK -       -      R     (arrival)                  2365    -     0     0       0    (-,-) 
  BF2_1_ajlen1_reg[0]/Q   -       CLK->Q R     DFFHQx4_ASAP7_75t_SL          3  6.9    16    46      46    (-,-) 
  g46688/Y                -       A->Y   F     INVx3_ASAP7_75t_SL            2  3.4    11     7      52    (-,-) 
  g69376/Y                -       A1->Y  R     AOI22xp5_ASAP7_75t_SL         2  3.4    51    25      78    (-,-) 
  g68742/Y                -       A1->Y  F     O2A1O1Ixp33_ASAP7_75t_SL      1  2.0    37    20      98    (-,-) 
  g68679/Y                -       C->Y   F     AO221x1_ASAP7_75t_SL          1  2.7    21    30     128    (-,-) 
  g68550/Y                -       A1->Y  R     AOI21x1_ASAP7_75t_SL          1  2.1    28    12     140    (-,-) 
  g68438/Y                -       A2->Y  F     OAI22xp5_ASAP7_75t_SL         1  2.1    36    18     158    (-,-) 
  g68299/Y                -       B->Y   R     O2A1O1Ixp33_ASAP7_75t_SL      1  2.7    64    26     184    (-,-) 
  g68225/Y                -       A1->Y  F     OAI21x1_ASAP7_75t_SL          1  2.1    25     9     193    (-,-) 
  g68144/Y                -       A1->Y  R     AOI21xp5_ASAP7_75t_SL         1  2.8    46    22     216    (-,-) 
  g68086/Y                -       A2->Y  F     OAI22x1_ASAP7_75t_SL          1  2.1    29    14     230    (-,-) 
  g68038/Y                -       A->Y   R     MAJIxp5_ASAP7_75t_SL          1  2.1    40    23     252    (-,-) 
  g67981/Y                -       A->Y   F     MAJIxp5_ASAP7_75t_SL          1  2.8    42    23     276    (-,-) 
  g67953/Y                -       B->Y   R     OAI21x1_ASAP7_75t_SL          2  3.4    40    15     290    (-,-) 
  g67925/Y                -       A->Y   F     NAND3xp33_ASAP7_75t_SL        1  2.1    42    22     313    (-,-) 
  g67879/Y                -       A1->Y  F     AO21x1_ASAP7_75t_SL           1  2.1    16    25     338    (-,-) 
  g67861/Y                -       A->Y   R     MAJIxp5_ASAP7_75t_SL          1  2.1    44    20     357    (-,-) 
  g67853/Y                -       B->Y   F     A2O1A1Ixp33_ASAP7_75t_SL      1  2.1    48    15     373    (-,-) 
  g67849/Y                -       A2->Y  R     AOI22xp5_ASAP7_75t_SL         1  2.1    42    23     395    (-,-) 
  g67842/Y                -       A->Y   F     MAJIxp5_ASAP7_75t_SL          2  3.4    46    26     421    (-,-) 
  g67840/Y                -       A->Y   R     INVx1_ASAP7_75t_SL            1  2.1    26    17     438    (-,-) 
  g67834/Y                -       B->Y   R     AND2x2_ASAP7_75t_SL          24 30.1   105    59     498    (-,-) 
  g67739/Y                -       A1->Y  F     AOI221xp5_ASAP7_75t_SL        1  2.1    66    38     535    (-,-) 
  BF2_1_aj4_reg[15]/D     -       -      F     DFFHQNx1_ASAP7_75t_L          1    -     -     0     535    (-,-) 
#----------------------------------------------------------------------------------------------------------------



Path 16: MET (0 ps) Setup Check with Pin BF2_1_aj4_reg[14]/CLK->D
          Group: clk
     Startpoint: (R) BF2_1_ajlen1_reg[0]/CLK
          Clock: (R) clk
       Endpoint: (F) BF2_1_aj4_reg[14]/D
          Clock: (R) clk

                     Capture       Launch     
        Clock Edge:+     578            0     
       Src Latency:+       0            0     
       Net Latency:+       0 (I)        0 (I) 
           Arrival:=     578            0     
                                              
             Setup:-      14                  
       Uncertainty:-      29                  
     Required Time:=     535                  
      Launch Clock:-       0                  
         Data Path:-     535                  
             Slack:=       0                  

#----------------------------------------------------------------------------------------------------------------
#      Timing Point       Flags    Arc   Edge           Cell            Fanout Load Trans Delay Arrival Instance 
#                                                                              (fF)  (ps)  (ps)   (ps)  Location 
#----------------------------------------------------------------------------------------------------------------
  BF2_1_ajlen1_reg[0]/CLK -       -      R     (arrival)                  2365    -     0     0       0    (-,-) 
  BF2_1_ajlen1_reg[0]/Q   -       CLK->Q R     DFFHQx4_ASAP7_75t_SL          3  6.9    16    46      46    (-,-) 
  g46688/Y                -       A->Y   F     INVx3_ASAP7_75t_SL            2  3.4    11     7      52    (-,-) 
  g69376/Y                -       A1->Y  R     AOI22xp5_ASAP7_75t_SL         2  3.4    51    25      78    (-,-) 
  g68742/Y                -       A1->Y  F     O2A1O1Ixp33_ASAP7_75t_SL      1  2.0    37    20      98    (-,-) 
  g68679/Y                -       C->Y   F     AO221x1_ASAP7_75t_SL          1  2.7    21    30     128    (-,-) 
  g68550/Y                -       A1->Y  R     AOI21x1_ASAP7_75t_SL          1  2.1    28    12     140    (-,-) 
  g68438/Y                -       A2->Y  F     OAI22xp5_ASAP7_75t_SL         1  2.1    36    18     158    (-,-) 
  g68299/Y                -       B->Y   R     O2A1O1Ixp33_ASAP7_75t_SL      1  2.7    64    26     184    (-,-) 
  g68225/Y                -       A1->Y  F     OAI21x1_ASAP7_75t_SL          1  2.1    25     9     193    (-,-) 
  g68144/Y                -       A1->Y  R     AOI21xp5_ASAP7_75t_SL         1  2.8    46    22     216    (-,-) 
  g68086/Y                -       A2->Y  F     OAI22x1_ASAP7_75t_SL          1  2.1    29    14     230    (-,-) 
  g68038/Y                -       A->Y   R     MAJIxp5_ASAP7_75t_SL          1  2.1    40    23     252    (-,-) 
  g67981/Y                -       A->Y   F     MAJIxp5_ASAP7_75t_SL          1  2.8    42    23     276    (-,-) 
  g67953/Y                -       B->Y   R     OAI21x1_ASAP7_75t_SL          2  3.4    40    15     290    (-,-) 
  g67925/Y                -       A->Y   F     NAND3xp33_ASAP7_75t_SL        1  2.1    42    22     313    (-,-) 
  g67879/Y                -       A1->Y  F     AO21x1_ASAP7_75t_SL           1  2.1    16    25     338    (-,-) 
  g67861/Y                -       A->Y   R     MAJIxp5_ASAP7_75t_SL          1  2.1    44    20     357    (-,-) 
  g67853/Y                -       B->Y   F     A2O1A1Ixp33_ASAP7_75t_SL      1  2.1    48    15     373    (-,-) 
  g67849/Y                -       A2->Y  R     AOI22xp5_ASAP7_75t_SL         1  2.1    42    23     395    (-,-) 
  g67842/Y                -       A->Y   F     MAJIxp5_ASAP7_75t_SL          2  3.4    46    26     421    (-,-) 
  g67840/Y                -       A->Y   R     INVx1_ASAP7_75t_SL            1  2.1    26    17     438    (-,-) 
  g67834/Y                -       B->Y   R     AND2x2_ASAP7_75t_SL          24 30.1   105    59     498    (-,-) 
  g67783/Y                -       A1->Y  F     AOI221xp5_ASAP7_75t_SL        1  2.1    66    38     535    (-,-) 
  BF2_1_aj4_reg[14]/D     -       -      F     DFFHQNx1_ASAP7_75t_L          1    -     -     0     535    (-,-) 
#----------------------------------------------------------------------------------------------------------------



Path 17: MET (0 ps) Setup Check with Pin BF2_1_aj4_reg[13]/CLK->D
          Group: clk
     Startpoint: (R) BF2_1_ajlen1_reg[0]/CLK
          Clock: (R) clk
       Endpoint: (F) BF2_1_aj4_reg[13]/D
          Clock: (R) clk

                     Capture       Launch     
        Clock Edge:+     578            0     
       Src Latency:+       0            0     
       Net Latency:+       0 (I)        0 (I) 
           Arrival:=     578            0     
                                              
             Setup:-      14                  
       Uncertainty:-      29                  
     Required Time:=     535                  
      Launch Clock:-       0                  
         Data Path:-     535                  
             Slack:=       0                  

#----------------------------------------------------------------------------------------------------------------
#      Timing Point       Flags    Arc   Edge           Cell            Fanout Load Trans Delay Arrival Instance 
#                                                                              (fF)  (ps)  (ps)   (ps)  Location 
#----------------------------------------------------------------------------------------------------------------
  BF2_1_ajlen1_reg[0]/CLK -       -      R     (arrival)                  2365    -     0     0       0    (-,-) 
  BF2_1_ajlen1_reg[0]/Q   -       CLK->Q R     DFFHQx4_ASAP7_75t_SL          3  6.9    16    46      46    (-,-) 
  g46688/Y                -       A->Y   F     INVx3_ASAP7_75t_SL            2  3.4    11     7      52    (-,-) 
  g69376/Y                -       A1->Y  R     AOI22xp5_ASAP7_75t_SL         2  3.4    51    25      78    (-,-) 
  g68742/Y                -       A1->Y  F     O2A1O1Ixp33_ASAP7_75t_SL      1  2.0    37    20      98    (-,-) 
  g68679/Y                -       C->Y   F     AO221x1_ASAP7_75t_SL          1  2.7    21    30     128    (-,-) 
  g68550/Y                -       A1->Y  R     AOI21x1_ASAP7_75t_SL          1  2.1    28    12     140    (-,-) 
  g68438/Y                -       A2->Y  F     OAI22xp5_ASAP7_75t_SL         1  2.1    36    18     158    (-,-) 
  g68299/Y                -       B->Y   R     O2A1O1Ixp33_ASAP7_75t_SL      1  2.7    64    26     184    (-,-) 
  g68225/Y                -       A1->Y  F     OAI21x1_ASAP7_75t_SL          1  2.1    25     9     193    (-,-) 
  g68144/Y                -       A1->Y  R     AOI21xp5_ASAP7_75t_SL         1  2.8    46    22     216    (-,-) 
  g68086/Y                -       A2->Y  F     OAI22x1_ASAP7_75t_SL          1  2.1    29    14     230    (-,-) 
  g68038/Y                -       A->Y   R     MAJIxp5_ASAP7_75t_SL          1  2.1    40    23     252    (-,-) 
  g67981/Y                -       A->Y   F     MAJIxp5_ASAP7_75t_SL          1  2.8    42    23     276    (-,-) 
  g67953/Y                -       B->Y   R     OAI21x1_ASAP7_75t_SL          2  3.4    40    15     290    (-,-) 
  g67925/Y                -       A->Y   F     NAND3xp33_ASAP7_75t_SL        1  2.1    42    22     313    (-,-) 
  g67879/Y                -       A1->Y  F     AO21x1_ASAP7_75t_SL           1  2.1    16    25     338    (-,-) 
  g67861/Y                -       A->Y   R     MAJIxp5_ASAP7_75t_SL          1  2.1    44    20     357    (-,-) 
  g67853/Y                -       B->Y   F     A2O1A1Ixp33_ASAP7_75t_SL      1  2.1    48    15     373    (-,-) 
  g67849/Y                -       A2->Y  R     AOI22xp5_ASAP7_75t_SL         1  2.1    42    23     395    (-,-) 
  g67842/Y                -       A->Y   F     MAJIxp5_ASAP7_75t_SL          2  3.4    46    26     421    (-,-) 
  g67840/Y                -       A->Y   R     INVx1_ASAP7_75t_SL            1  2.1    26    17     438    (-,-) 
  g67834/Y                -       B->Y   R     AND2x2_ASAP7_75t_SL          24 30.1   105    59     498    (-,-) 
  g67782/Y                -       A1->Y  F     AOI221xp5_ASAP7_75t_SL        1  2.1    66    38     535    (-,-) 
  BF2_1_aj4_reg[13]/D     -       -      F     DFFHQNx1_ASAP7_75t_L          1    -     -     0     535    (-,-) 
#----------------------------------------------------------------------------------------------------------------



Path 18: MET (0 ps) Setup Check with Pin BF2_1_aj4_reg[12]/CLK->D
          Group: clk
     Startpoint: (R) BF2_1_ajlen1_reg[0]/CLK
          Clock: (R) clk
       Endpoint: (F) BF2_1_aj4_reg[12]/D
          Clock: (R) clk

                     Capture       Launch     
        Clock Edge:+     578            0     
       Src Latency:+       0            0     
       Net Latency:+       0 (I)        0 (I) 
           Arrival:=     578            0     
                                              
             Setup:-      14                  
       Uncertainty:-      29                  
     Required Time:=     535                  
      Launch Clock:-       0                  
         Data Path:-     535                  
             Slack:=       0                  

#----------------------------------------------------------------------------------------------------------------
#      Timing Point       Flags    Arc   Edge           Cell            Fanout Load Trans Delay Arrival Instance 
#                                                                              (fF)  (ps)  (ps)   (ps)  Location 
#----------------------------------------------------------------------------------------------------------------
  BF2_1_ajlen1_reg[0]/CLK -       -      R     (arrival)                  2365    -     0     0       0    (-,-) 
  BF2_1_ajlen1_reg[0]/Q   -       CLK->Q R     DFFHQx4_ASAP7_75t_SL          3  6.9    16    46      46    (-,-) 
  g46688/Y                -       A->Y   F     INVx3_ASAP7_75t_SL            2  3.4    11     7      52    (-,-) 
  g69376/Y                -       A1->Y  R     AOI22xp5_ASAP7_75t_SL         2  3.4    51    25      78    (-,-) 
  g68742/Y                -       A1->Y  F     O2A1O1Ixp33_ASAP7_75t_SL      1  2.0    37    20      98    (-,-) 
  g68679/Y                -       C->Y   F     AO221x1_ASAP7_75t_SL          1  2.7    21    30     128    (-,-) 
  g68550/Y                -       A1->Y  R     AOI21x1_ASAP7_75t_SL          1  2.1    28    12     140    (-,-) 
  g68438/Y                -       A2->Y  F     OAI22xp5_ASAP7_75t_SL         1  2.1    36    18     158    (-,-) 
  g68299/Y                -       B->Y   R     O2A1O1Ixp33_ASAP7_75t_SL      1  2.7    64    26     184    (-,-) 
  g68225/Y                -       A1->Y  F     OAI21x1_ASAP7_75t_SL          1  2.1    25     9     193    (-,-) 
  g68144/Y                -       A1->Y  R     AOI21xp5_ASAP7_75t_SL         1  2.8    46    22     216    (-,-) 
  g68086/Y                -       A2->Y  F     OAI22x1_ASAP7_75t_SL          1  2.1    29    14     230    (-,-) 
  g68038/Y                -       A->Y   R     MAJIxp5_ASAP7_75t_SL          1  2.1    40    23     252    (-,-) 
  g67981/Y                -       A->Y   F     MAJIxp5_ASAP7_75t_SL          1  2.8    42    23     276    (-,-) 
  g67953/Y                -       B->Y   R     OAI21x1_ASAP7_75t_SL          2  3.4    40    15     290    (-,-) 
  g67925/Y                -       A->Y   F     NAND3xp33_ASAP7_75t_SL        1  2.1    42    22     313    (-,-) 
  g67879/Y                -       A1->Y  F     AO21x1_ASAP7_75t_SL           1  2.1    16    25     338    (-,-) 
  g67861/Y                -       A->Y   R     MAJIxp5_ASAP7_75t_SL          1  2.1    44    20     357    (-,-) 
  g67853/Y                -       B->Y   F     A2O1A1Ixp33_ASAP7_75t_SL      1  2.1    48    15     373    (-,-) 
  g67849/Y                -       A2->Y  R     AOI22xp5_ASAP7_75t_SL         1  2.1    42    23     395    (-,-) 
  g67842/Y                -       A->Y   F     MAJIxp5_ASAP7_75t_SL          2  3.4    46    26     421    (-,-) 
  g67840/Y                -       A->Y   R     INVx1_ASAP7_75t_SL            1  2.1    26    17     438    (-,-) 
  g67834/Y                -       B->Y   R     AND2x2_ASAP7_75t_SL          24 30.1   105    59     498    (-,-) 
  g67781/Y                -       A1->Y  F     AOI221xp5_ASAP7_75t_SL        1  2.1    66    38     535    (-,-) 
  BF2_1_aj4_reg[12]/D     -       -      F     DFFHQNx1_ASAP7_75t_L          1    -     -     0     535    (-,-) 
#----------------------------------------------------------------------------------------------------------------



Path 19: MET (0 ps) Setup Check with Pin BF2_1_aj4_reg[11]/CLK->D
          Group: clk
     Startpoint: (R) BF2_1_ajlen1_reg[0]/CLK
          Clock: (R) clk
       Endpoint: (F) BF2_1_aj4_reg[11]/D
          Clock: (R) clk

                     Capture       Launch     
        Clock Edge:+     578            0     
       Src Latency:+       0            0     
       Net Latency:+       0 (I)        0 (I) 
           Arrival:=     578            0     
                                              
             Setup:-      14                  
       Uncertainty:-      29                  
     Required Time:=     535                  
      Launch Clock:-       0                  
         Data Path:-     535                  
             Slack:=       0                  

#----------------------------------------------------------------------------------------------------------------
#      Timing Point       Flags    Arc   Edge           Cell            Fanout Load Trans Delay Arrival Instance 
#                                                                              (fF)  (ps)  (ps)   (ps)  Location 
#----------------------------------------------------------------------------------------------------------------
  BF2_1_ajlen1_reg[0]/CLK -       -      R     (arrival)                  2365    -     0     0       0    (-,-) 
  BF2_1_ajlen1_reg[0]/Q   -       CLK->Q R     DFFHQx4_ASAP7_75t_SL          3  6.9    16    46      46    (-,-) 
  g46688/Y                -       A->Y   F     INVx3_ASAP7_75t_SL            2  3.4    11     7      52    (-,-) 
  g69376/Y                -       A1->Y  R     AOI22xp5_ASAP7_75t_SL         2  3.4    51    25      78    (-,-) 
  g68742/Y                -       A1->Y  F     O2A1O1Ixp33_ASAP7_75t_SL      1  2.0    37    20      98    (-,-) 
  g68679/Y                -       C->Y   F     AO221x1_ASAP7_75t_SL          1  2.7    21    30     128    (-,-) 
  g68550/Y                -       A1->Y  R     AOI21x1_ASAP7_75t_SL          1  2.1    28    12     140    (-,-) 
  g68438/Y                -       A2->Y  F     OAI22xp5_ASAP7_75t_SL         1  2.1    36    18     158    (-,-) 
  g68299/Y                -       B->Y   R     O2A1O1Ixp33_ASAP7_75t_SL      1  2.7    64    26     184    (-,-) 
  g68225/Y                -       A1->Y  F     OAI21x1_ASAP7_75t_SL          1  2.1    25     9     193    (-,-) 
  g68144/Y                -       A1->Y  R     AOI21xp5_ASAP7_75t_SL         1  2.8    46    22     216    (-,-) 
  g68086/Y                -       A2->Y  F     OAI22x1_ASAP7_75t_SL          1  2.1    29    14     230    (-,-) 
  g68038/Y                -       A->Y   R     MAJIxp5_ASAP7_75t_SL          1  2.1    40    23     252    (-,-) 
  g67981/Y                -       A->Y   F     MAJIxp5_ASAP7_75t_SL          1  2.8    42    23     276    (-,-) 
  g67953/Y                -       B->Y   R     OAI21x1_ASAP7_75t_SL          2  3.4    40    15     290    (-,-) 
  g67925/Y                -       A->Y   F     NAND3xp33_ASAP7_75t_SL        1  2.1    42    22     313    (-,-) 
  g67879/Y                -       A1->Y  F     AO21x1_ASAP7_75t_SL           1  2.1    16    25     338    (-,-) 
  g67861/Y                -       A->Y   R     MAJIxp5_ASAP7_75t_SL          1  2.1    44    20     357    (-,-) 
  g67853/Y                -       B->Y   F     A2O1A1Ixp33_ASAP7_75t_SL      1  2.1    48    15     373    (-,-) 
  g67849/Y                -       A2->Y  R     AOI22xp5_ASAP7_75t_SL         1  2.1    42    23     395    (-,-) 
  g67842/Y                -       A->Y   F     MAJIxp5_ASAP7_75t_SL          2  3.4    46    26     421    (-,-) 
  g67840/Y                -       A->Y   R     INVx1_ASAP7_75t_SL            1  2.1    26    17     438    (-,-) 
  g67834/Y                -       B->Y   R     AND2x2_ASAP7_75t_SL          24 30.1   105    59     498    (-,-) 
  g67780/Y                -       A1->Y  F     AOI221xp5_ASAP7_75t_SL        1  2.1    66    38     535    (-,-) 
  BF2_1_aj4_reg[11]/D     -       -      F     DFFHQNx1_ASAP7_75t_L          1    -     -     0     535    (-,-) 
#----------------------------------------------------------------------------------------------------------------



Path 20: MET (0 ps) Setup Check with Pin BF2_1_aj4_reg[10]/CLK->D
          Group: clk
     Startpoint: (R) BF2_1_ajlen1_reg[0]/CLK
          Clock: (R) clk
       Endpoint: (F) BF2_1_aj4_reg[10]/D
          Clock: (R) clk

                     Capture       Launch     
        Clock Edge:+     578            0     
       Src Latency:+       0            0     
       Net Latency:+       0 (I)        0 (I) 
           Arrival:=     578            0     
                                              
             Setup:-      14                  
       Uncertainty:-      29                  
     Required Time:=     535                  
      Launch Clock:-       0                  
         Data Path:-     535                  
             Slack:=       0                  

#----------------------------------------------------------------------------------------------------------------
#      Timing Point       Flags    Arc   Edge           Cell            Fanout Load Trans Delay Arrival Instance 
#                                                                              (fF)  (ps)  (ps)   (ps)  Location 
#----------------------------------------------------------------------------------------------------------------
  BF2_1_ajlen1_reg[0]/CLK -       -      R     (arrival)                  2365    -     0     0       0    (-,-) 
  BF2_1_ajlen1_reg[0]/Q   -       CLK->Q R     DFFHQx4_ASAP7_75t_SL          3  6.9    16    46      46    (-,-) 
  g46688/Y                -       A->Y   F     INVx3_ASAP7_75t_SL            2  3.4    11     7      52    (-,-) 
  g69376/Y                -       A1->Y  R     AOI22xp5_ASAP7_75t_SL         2  3.4    51    25      78    (-,-) 
  g68742/Y                -       A1->Y  F     O2A1O1Ixp33_ASAP7_75t_SL      1  2.0    37    20      98    (-,-) 
  g68679/Y                -       C->Y   F     AO221x1_ASAP7_75t_SL          1  2.7    21    30     128    (-,-) 
  g68550/Y                -       A1->Y  R     AOI21x1_ASAP7_75t_SL          1  2.1    28    12     140    (-,-) 
  g68438/Y                -       A2->Y  F     OAI22xp5_ASAP7_75t_SL         1  2.1    36    18     158    (-,-) 
  g68299/Y                -       B->Y   R     O2A1O1Ixp33_ASAP7_75t_SL      1  2.7    64    26     184    (-,-) 
  g68225/Y                -       A1->Y  F     OAI21x1_ASAP7_75t_SL          1  2.1    25     9     193    (-,-) 
  g68144/Y                -       A1->Y  R     AOI21xp5_ASAP7_75t_SL         1  2.8    46    22     216    (-,-) 
  g68086/Y                -       A2->Y  F     OAI22x1_ASAP7_75t_SL          1  2.1    29    14     230    (-,-) 
  g68038/Y                -       A->Y   R     MAJIxp5_ASAP7_75t_SL          1  2.1    40    23     252    (-,-) 
  g67981/Y                -       A->Y   F     MAJIxp5_ASAP7_75t_SL          1  2.8    42    23     276    (-,-) 
  g67953/Y                -       B->Y   R     OAI21x1_ASAP7_75t_SL          2  3.4    40    15     290    (-,-) 
  g67925/Y                -       A->Y   F     NAND3xp33_ASAP7_75t_SL        1  2.1    42    22     313    (-,-) 
  g67879/Y                -       A1->Y  F     AO21x1_ASAP7_75t_SL           1  2.1    16    25     338    (-,-) 
  g67861/Y                -       A->Y   R     MAJIxp5_ASAP7_75t_SL          1  2.1    44    20     357    (-,-) 
  g67853/Y                -       B->Y   F     A2O1A1Ixp33_ASAP7_75t_SL      1  2.1    48    15     373    (-,-) 
  g67849/Y                -       A2->Y  R     AOI22xp5_ASAP7_75t_SL         1  2.1    42    23     395    (-,-) 
  g67842/Y                -       A->Y   F     MAJIxp5_ASAP7_75t_SL          2  3.4    46    26     421    (-,-) 
  g67840/Y                -       A->Y   R     INVx1_ASAP7_75t_SL            1  2.1    26    17     438    (-,-) 
  g67834/Y                -       B->Y   R     AND2x2_ASAP7_75t_SL          24 30.1   105    59     498    (-,-) 
  g67779/Y                -       A1->Y  F     AOI221xp5_ASAP7_75t_SL        1  2.1    66    38     535    (-,-) 
  BF2_1_aj4_reg[10]/D     -       -      F     DFFHQNx1_ASAP7_75t_L          1    -     -     0     535    (-,-) 
#----------------------------------------------------------------------------------------------------------------

