============================================================
  Generated by:           Genus(TM) Synthesis Solution 25.12-s067_1
  Generated on:           Aug 11 2026  01:20:01 pm
  Operating conditions:   PVT_0P7V_25C 
  Interconnect mode:      global
  Area mode:              physical library
============================================================

                                                                                       
           Gate             Instances    Area                   Library                
---------------------------------------------------------------------------------------
A2O1A1Ixp33_ASAP7_75t_SL           31    43.390     asap7sc7p5t_AO_SLVT_TT_nldm_211120 
A2O1A1O1Ixp25_ASAP7_75t_SL          4     8.398     asap7sc7p5t_AO_SLVT_TT_nldm_211120 
AND2x2_ASAP7_75t_L                  2     2.799  asap7sc7p5t_SIMPLE_LVT_TT_nldm_211120 
AND2x2_ASAP7_75t_SL               343   480.090 asap7sc7p5t_SIMPLE_SLVT_TT_nldm_211120 
AND2x4_ASAP7_75t_L                  5    11.664  asap7sc7p5t_SIMPLE_LVT_TT_nldm_211120 
AND2x4_ASAP7_75t_SL               112   261.274 asap7sc7p5t_SIMPLE_SLVT_TT_nldm_211120 
AND2x6_ASAP7_75t_L                  1     2.799  asap7sc7p5t_SIMPLE_LVT_TT_nldm_211120 
AND2x6_ASAP7_75t_SL                 9    25.194 asap7sc7p5t_SIMPLE_SLVT_TT_nldm_211120 
AND3x1_ASAP7_75t_L                  8    11.197  asap7sc7p5t_SIMPLE_LVT_TT_nldm_211120 
AND3x1_ASAP7_75t_SL                37    51.788 asap7sc7p5t_SIMPLE_SLVT_TT_nldm_211120 
AND3x2_ASAP7_75t_L                  1     1.633  asap7sc7p5t_SIMPLE_LVT_TT_nldm_211120 
AND3x2_ASAP7_75t_SL                22    35.925 asap7sc7p5t_SIMPLE_SLVT_TT_nldm_211120 
AND3x4_ASAP7_75t_SL                17    55.521 asap7sc7p5t_SIMPLE_SLVT_TT_nldm_211120 
AND4x1_ASAP7_75t_L                  2     3.266  asap7sc7p5t_SIMPLE_LVT_TT_nldm_211120 
AND4x1_ASAP7_75t_SL                23    37.558 asap7sc7p5t_SIMPLE_SLVT_TT_nldm_211120 
AND4x2_ASAP7_75t_SL                11    20.529 asap7sc7p5t_SIMPLE_SLVT_TT_nldm_211120 
AND5x1_ASAP7_75t_SL                 4     7.465 asap7sc7p5t_SIMPLE_SLVT_TT_nldm_211120 
AO211x2_ASAP7_75t_SL                5    18.662     asap7sc7p5t_AO_SLVT_TT_nldm_211120 
AO21x1_ASAP7_75t_L                  7     9.798      asap7sc7p5t_AO_LVT_TT_nldm_211120 
AO21x1_ASAP7_75t_SL               135   188.957     asap7sc7p5t_AO_SLVT_TT_nldm_211120 
AO21x2_ASAP7_75t_SL                78   127.371     asap7sc7p5t_AO_SLVT_TT_nldm_211120 
AO221x1_ASAP7_75t_L                 1     2.333      asap7sc7p5t_AO_LVT_TT_nldm_211120 
AO221x1_ASAP7_75t_SL               95   221.616     asap7sc7p5t_AO_SLVT_TT_nldm_211120 
AO221x2_ASAP7_75t_SL                6    15.396     asap7sc7p5t_AO_SLVT_TT_nldm_211120 
AO222x2_ASAP7_75t_SL              131   366.716     asap7sc7p5t_AO_SLVT_TT_nldm_211120 
AO22x1_ASAP7_75t_SL               510  1070.755     asap7sc7p5t_AO_SLVT_TT_nldm_211120 
AO22x2_ASAP7_75t_L                 26    60.653      asap7sc7p5t_AO_LVT_TT_nldm_211120 
AO22x2_ASAP7_75t_SL               331   772.157     asap7sc7p5t_AO_SLVT_TT_nldm_211120 
AO31x2_ASAP7_75t_SL                 2     7.465     asap7sc7p5t_AO_SLVT_TT_nldm_211120 
AO322x2_ASAP7_75t_SL                2     6.998     asap7sc7p5t_AO_SLVT_TT_nldm_211120 
AO32x1_ASAP7_75t_SL                20    37.325     asap7sc7p5t_AO_SLVT_TT_nldm_211120 
AO32x2_ASAP7_75t_SL                 2     4.199     asap7sc7p5t_AO_SLVT_TT_nldm_211120 
AO331x1_ASAP7_75t_SL                1     2.333     asap7sc7p5t_AO_SLVT_TT_nldm_211120 
AO332x1_ASAP7_75t_SL                1     2.566     asap7sc7p5t_AO_SLVT_TT_nldm_211120 
AO33x2_ASAP7_75t_SL                 1     2.333     asap7sc7p5t_AO_SLVT_TT_nldm_211120 
AOI211x1_ASAP7_75t_SL               7    19.596     asap7sc7p5t_AO_SLVT_TT_nldm_211120 
AOI211xp5_ASAP7_75t_SL             26    36.392     asap7sc7p5t_AO_SLVT_TT_nldm_211120 
AOI21x1_ASAP7_75t_L                 3     5.599      asap7sc7p5t_AO_LVT_TT_nldm_211120 
AOI21x1_ASAP7_75t_SL               69   128.771     asap7sc7p5t_AO_SLVT_TT_nldm_211120 
AOI21xp33_ASAP7_75t_SL             10    11.664     asap7sc7p5t_AO_SLVT_TT_nldm_211120 
AOI21xp5_ASAP7_75t_L                2     2.333      asap7sc7p5t_AO_LVT_TT_nldm_211120 
AOI21xp5_ASAP7_75t_SL             213   248.443     asap7sc7p5t_AO_SLVT_TT_nldm_211120 
AOI221x1_ASAP7_75t_L                1     3.266      asap7sc7p5t_AO_LVT_TT_nldm_211120 
AOI221x1_ASAP7_75t_SL              25    81.648     asap7sc7p5t_AO_SLVT_TT_nldm_211120 
AOI221xp5_ASAP7_75t_SL            217   354.352     asap7sc7p5t_AO_SLVT_TT_nldm_211120 
AOI222xp33_ASAP7_75t_SL           148   345.254     asap7sc7p5t_AO_SLVT_TT_nldm_211120 
AOI22x1_ASAP7_75t_L                50   116.640      asap7sc7p5t_AO_LVT_TT_nldm_211120 
AOI22x1_ASAP7_75t_SL              322   751.162     asap7sc7p5t_AO_SLVT_TT_nldm_211120 
AOI22xp33_ASAP7_75t_SL              3     4.199     asap7sc7p5t_AO_SLVT_TT_nldm_211120 
AOI22xp5_ASAP7_75t_L                3     4.199      asap7sc7p5t_AO_LVT_TT_nldm_211120 
AOI22xp5_ASAP7_75t_SL             533   746.029     asap7sc7p5t_AO_SLVT_TT_nldm_211120 
AOI31xp33_ASAP7_75t_SL              2     2.799     asap7sc7p5t_AO_SLVT_TT_nldm_211120 
AOI31xp67_ASAP7_75t_SL              2     6.065     asap7sc7p5t_AO_SLVT_TT_nldm_211120 
AOI321xp33_ASAP7_75t_SL            11    20.529     asap7sc7p5t_AO_SLVT_TT_nldm_211120 
AOI322xp5_ASAP7_75t_SL             53   111.275     asap7sc7p5t_AO_SLVT_TT_nldm_211120 
AOI32xp33_ASAP7_75t_SL             10    16.330     asap7sc7p5t_AO_SLVT_TT_nldm_211120 
BUFx10_ASAP7_75t_L                  9    29.393  asap7sc7p5t_INVBUF_LVT_TT_nldm_211120 
BUFx10_ASAP7_75t_SL                 3     9.798 asap7sc7p5t_INVBUF_SLVT_TT_nldm_211120 
BUFx12_ASAP7_75t_SL                 1     3.732 asap7sc7p5t_INVBUF_SLVT_TT_nldm_211120 
BUFx12f_ASAP7_75t_L                 1     4.199  asap7sc7p5t_INVBUF_LVT_TT_nldm_211120 
BUFx12f_ASAP7_75t_SL              109   457.695 asap7sc7p5t_INVBUF_SLVT_TT_nldm_211120 
BUFx16f_ASAP7_75t_L                 1     5.132  asap7sc7p5t_INVBUF_LVT_TT_nldm_211120 
BUFx16f_ASAP7_75t_SL                1     5.132 asap7sc7p5t_INVBUF_SLVT_TT_nldm_211120 
BUFx2_ASAP7_75t_L                  29    33.826  asap7sc7p5t_INVBUF_LVT_TT_nldm_211120 
BUFx2_ASAP7_75t_SL                 82    95.645 asap7sc7p5t_INVBUF_SLVT_TT_nldm_211120 
BUFx3_ASAP7_75t_L                   3     4.199  asap7sc7p5t_INVBUF_LVT_TT_nldm_211120 
BUFx3_ASAP7_75t_SL                 28    39.191 asap7sc7p5t_INVBUF_SLVT_TT_nldm_211120 
BUFx4f_ASAP7_75t_SL                 8    14.930 asap7sc7p5t_INVBUF_SLVT_TT_nldm_211120 
BUFx5_ASAP7_75t_SL                  4     7.465 asap7sc7p5t_INVBUF_SLVT_TT_nldm_211120 
BUFx6f_ASAP7_75t_L                  1     2.333  asap7sc7p5t_INVBUF_LVT_TT_nldm_211120 
BUFx6f_ASAP7_75t_SL                27    62.986 asap7sc7p5t_INVBUF_SLVT_TT_nldm_211120 
BUFx8_ASAP7_75t_SL                  7    19.596 asap7sc7p5t_INVBUF_SLVT_TT_nldm_211120 
CKINVDCx14_ASAP7_75t_SL             2    13.064 asap7sc7p5t_INVBUF_SLVT_TT_nldm_211120 
CKINVDCx16_ASAP7_75t_SL             7    48.989 asap7sc7p5t_INVBUF_SLVT_TT_nldm_211120 
CKINVDCx20_ASAP7_75t_SL             1     8.865 asap7sc7p5t_INVBUF_SLVT_TT_nldm_211120 
CKINVDCx8_ASAP7_75t_SL              3    15.396 asap7sc7p5t_INVBUF_SLVT_TT_nldm_211120 
DFFASRHQNx1_ASAP7_75t_SL            1     6.065    asap7sc7p5t_SEQ_SLVT_TT_nldm_220123 
DFFHQNx1_ASAP7_75t_L              234  1091.750     asap7sc7p5t_SEQ_LVT_TT_nldm_220123 
DFFHQNx1_ASAP7_75t_SL            1066  4973.530    asap7sc7p5t_SEQ_SLVT_TT_nldm_220123 
DFFHQNx2_ASAP7_75t_SL               5    24.494    asap7sc7p5t_SEQ_SLVT_TT_nldm_220123 
DFFHQNx3_ASAP7_75t_SL               3    15.396    asap7sc7p5t_SEQ_SLVT_TT_nldm_220123 
DFFHQx4_ASAP7_75t_L                 1     5.832     asap7sc7p5t_SEQ_LVT_TT_nldm_220123 
DFFHQx4_ASAP7_75t_SL             1029  6001.128    asap7sc7p5t_SEQ_SLVT_TT_nldm_220123 
FAx1_ASAP7_75t_SL                  31   101.244 asap7sc7p5t_SIMPLE_SLVT_TT_nldm_211120 
HAxp5_ASAP7_75t_L                  18    37.791  asap7sc7p5t_SIMPLE_LVT_TT_nldm_211120 
HAxp5_ASAP7_75t_SL                 18    37.791 asap7sc7p5t_SIMPLE_SLVT_TT_nldm_211120 
HB1xp67_ASAP7_75t_L                87    81.181  asap7sc7p5t_INVBUF_LVT_TT_nldm_211120 
HB1xp67_ASAP7_75t_SL              127   118.506 asap7sc7p5t_INVBUF_SLVT_TT_nldm_211120 
INVx11_ASAP7_75t_SL                49   148.599 asap7sc7p5t_INVBUF_SLVT_TT_nldm_211120 
INVx13_ASAP7_75t_SL                18    62.986 asap7sc7p5t_INVBUF_SLVT_TT_nldm_211120 
INVx1_ASAP7_75t_L                  44    30.793  asap7sc7p5t_INVBUF_LVT_TT_nldm_211120 
INVx1_ASAP7_75t_SL               1997  1397.580 asap7sc7p5t_INVBUF_SLVT_TT_nldm_211120 
INVx2_ASAP7_75t_L                  40    37.325  asap7sc7p5t_INVBUF_LVT_TT_nldm_211120 
INVx2_ASAP7_75t_SL                265   247.277 asap7sc7p5t_INVBUF_SLVT_TT_nldm_211120 
INVx3_ASAP7_75t_L                   4     4.666  asap7sc7p5t_INVBUF_LVT_TT_nldm_211120 
INVx3_ASAP7_75t_SL                 76    88.646 asap7sc7p5t_INVBUF_SLVT_TT_nldm_211120 
INVx4_ASAP7_75t_SL                 49    68.584 asap7sc7p5t_INVBUF_SLVT_TT_nldm_211120 
INVx5_ASAP7_75t_SL                 33    53.888 asap7sc7p5t_INVBUF_SLVT_TT_nldm_211120 
INVx6_ASAP7_75t_SL                 45    83.981 asap7sc7p5t_INVBUF_SLVT_TT_nldm_211120 
INVx8_ASAP7_75t_SL                 66   153.965 asap7sc7p5t_INVBUF_SLVT_TT_nldm_211120 
INVxp33_ASAP7_75t_SL               20    13.997 asap7sc7p5t_INVBUF_SLVT_TT_nldm_211120 
INVxp67_ASAP7_75t_L                 1     0.700  asap7sc7p5t_INVBUF_LVT_TT_nldm_211120 
INVxp67_ASAP7_75t_SL               25    17.496 asap7sc7p5t_INVBUF_SLVT_TT_nldm_211120 
MAJIxp5_ASAP7_75t_L                 1     1.633  asap7sc7p5t_SIMPLE_LVT_TT_nldm_211120 
MAJIxp5_ASAP7_75t_SL              255   416.405 asap7sc7p5t_SIMPLE_SLVT_TT_nldm_211120 
MAJx2_ASAP7_75t_L                   5    10.498  asap7sc7p5t_SIMPLE_LVT_TT_nldm_211120 
MAJx2_ASAP7_75t_SL                836  1755.199 asap7sc7p5t_SIMPLE_SLVT_TT_nldm_211120 
NAND2x1_ASAP7_75t_L                13    18.196  asap7sc7p5t_SIMPLE_LVT_TT_nldm_211120 
NAND2x1_ASAP7_75t_SL              122   170.761 asap7sc7p5t_SIMPLE_SLVT_TT_nldm_211120 
NAND2x1p5_ASAP7_75t_L              22    41.057  asap7sc7p5t_SIMPLE_LVT_TT_nldm_211120 
NAND2x1p5_ASAP7_75t_SL            129   240.745 asap7sc7p5t_SIMPLE_SLVT_TT_nldm_211120 
NAND2x2_ASAP7_75t_SL               46   107.309 asap7sc7p5t_SIMPLE_SLVT_TT_nldm_211120 
NAND2xp33_ASAP7_75t_L               2     1.866  asap7sc7p5t_SIMPLE_LVT_TT_nldm_211120 
NAND2xp33_ASAP7_75t_SL             13    12.131 asap7sc7p5t_SIMPLE_SLVT_TT_nldm_211120 
NAND2xp5_ASAP7_75t_L                9     8.398  asap7sc7p5t_SIMPLE_LVT_TT_nldm_211120 
NAND2xp5_ASAP7_75t_SL            1537  1434.205 asap7sc7p5t_SIMPLE_SLVT_TT_nldm_211120 
NAND2xp67_ASAP7_75t_SL              1     1.400 asap7sc7p5t_SIMPLE_SLVT_TT_nldm_211120 
NAND3x1_ASAP7_75t_L                 1     2.566  asap7sc7p5t_SIMPLE_LVT_TT_nldm_211120 
NAND3x1_ASAP7_75t_SL               22    56.454 asap7sc7p5t_SIMPLE_SLVT_TT_nldm_211120 
NAND3x2_ASAP7_75t_L                 2     9.331  asap7sc7p5t_SIMPLE_LVT_TT_nldm_211120 
NAND3x2_ASAP7_75t_SL               12    55.987 asap7sc7p5t_SIMPLE_SLVT_TT_nldm_211120 
NAND3xp33_ASAP7_75t_SL             31    36.158 asap7sc7p5t_SIMPLE_SLVT_TT_nldm_211120 
NAND4xp25_ASAP7_75t_SL             40    55.987 asap7sc7p5t_SIMPLE_SLVT_TT_nldm_211120 
NAND4xp75_ASAP7_75t_L               1     3.266  asap7sc7p5t_SIMPLE_LVT_TT_nldm_211120 
NAND4xp75_ASAP7_75t_SL             35   114.307 asap7sc7p5t_SIMPLE_SLVT_TT_nldm_211120 
NAND5xp2_ASAP7_75t_SL               2     3.266 asap7sc7p5t_SIMPLE_SLVT_TT_nldm_211120 
NOR2x1_ASAP7_75t_L                  2     2.799  asap7sc7p5t_SIMPLE_LVT_TT_nldm_211120 
NOR2x1_ASAP7_75t_SL               228   319.127 asap7sc7p5t_SIMPLE_SLVT_TT_nldm_211120 
NOR2x1p5_ASAP7_75t_L               19    35.459  asap7sc7p5t_SIMPLE_LVT_TT_nldm_211120 
NOR2x1p5_ASAP7_75t_SL              57   106.376 asap7sc7p5t_SIMPLE_SLVT_TT_nldm_211120 
NOR2x2_ASAP7_75t_SL                24    55.987 asap7sc7p5t_SIMPLE_SLVT_TT_nldm_211120 
NOR2xp33_ASAP7_75t_L               82    76.516  asap7sc7p5t_SIMPLE_LVT_TT_nldm_211120 
NOR2xp33_ASAP7_75t_SL             404   376.980 asap7sc7p5t_SIMPLE_SLVT_TT_nldm_211120 
NOR2xp67_ASAP7_75t_L                9    12.597  asap7sc7p5t_SIMPLE_LVT_TT_nldm_211120 
NOR2xp67_ASAP7_75t_SL               4     5.599 asap7sc7p5t_SIMPLE_SLVT_TT_nldm_211120 
NOR3x1_ASAP7_75t_SL                 4    10.264 asap7sc7p5t_SIMPLE_SLVT_TT_nldm_211120 
NOR3x2_ASAP7_75t_SL                 1     4.666 asap7sc7p5t_SIMPLE_SLVT_TT_nldm_211120 
NOR3xp33_ASAP7_75t_SL              23    26.827 asap7sc7p5t_SIMPLE_SLVT_TT_nldm_211120 
NOR4xp25_ASAP7_75t_SL              11    15.396 asap7sc7p5t_SIMPLE_SLVT_TT_nldm_211120 
NOR4xp75_ASAP7_75t_SL               1     3.266 asap7sc7p5t_SIMPLE_SLVT_TT_nldm_211120 
NOR5xp2_ASAP7_75t_SL                1     1.633 asap7sc7p5t_SIMPLE_SLVT_TT_nldm_211120 
O2A1O1Ixp33_ASAP7_75t_SL           20    27.994     asap7sc7p5t_OA_SLVT_TT_nldm_211120 
O2A1O1Ixp5_ASAP7_75t_SL             1     1.866     asap7sc7p5t_OA_SLVT_TT_nldm_211120 
OA211x2_ASAP7_75t_SL               37    69.051     asap7sc7p5t_OA_SLVT_TT_nldm_211120 
OA21x2_ASAP7_75t_SL               171   279.236     asap7sc7p5t_OA_SLVT_TT_nldm_211120 
OA221x2_ASAP7_75t_L                 1     3.732      asap7sc7p5t_OA_LVT_TT_nldm_211120 
OA221x2_ASAP7_75t_SL                7    26.127     asap7sc7p5t_OA_SLVT_TT_nldm_211120 
OA22x2_ASAP7_75t_L                  1     2.333      asap7sc7p5t_OA_LVT_TT_nldm_211120 
OA22x2_ASAP7_75t_SL               403   940.118     asap7sc7p5t_OA_SLVT_TT_nldm_211120 
OA331x1_ASAP7_75t_SL                1     2.333     asap7sc7p5t_OA_SLVT_TT_nldm_211120 
OA331x2_ASAP7_75t_SL                1     2.566     asap7sc7p5t_OA_SLVT_TT_nldm_211120 
OAI211xp5_ASAP7_75t_SL             35    48.989     asap7sc7p5t_OA_SLVT_TT_nldm_211120 
OAI21x1_ASAP7_75t_L                 9    16.796      asap7sc7p5t_OA_LVT_TT_nldm_211120 
OAI21x1_ASAP7_75t_SL              158   294.866     asap7sc7p5t_OA_SLVT_TT_nldm_211120 
OAI21xp33_ASAP7_75t_L               1     1.166      asap7sc7p5t_OA_LVT_TT_nldm_211120 
OAI21xp33_ASAP7_75t_SL              8     9.331     asap7sc7p5t_OA_SLVT_TT_nldm_211120 
OAI21xp5_ASAP7_75t_L                9    10.498      asap7sc7p5t_OA_LVT_TT_nldm_211120 
OAI21xp5_ASAP7_75t_SL             156   181.958     asap7sc7p5t_OA_SLVT_TT_nldm_211120 
OAI221xp5_ASAP7_75t_SL              4     6.532     asap7sc7p5t_OA_SLVT_TT_nldm_211120 
OAI22x1_ASAP7_75t_L                59   137.635      asap7sc7p5t_OA_LVT_TT_nldm_211120 
OAI22x1_ASAP7_75t_SL              163   380.246     asap7sc7p5t_OA_SLVT_TT_nldm_211120 
OAI22xp5_ASAP7_75t_L                1     1.400      asap7sc7p5t_OA_LVT_TT_nldm_211120 
OAI22xp5_ASAP7_75t_SL             232   324.726     asap7sc7p5t_OA_SLVT_TT_nldm_211120 
OAI31xp33_ASAP7_75t_SL              1     1.400     asap7sc7p5t_OA_SLVT_TT_nldm_211120 
OAI31xp67_ASAP7_75t_L               1     3.033      asap7sc7p5t_OA_LVT_TT_nldm_211120 
OAI31xp67_ASAP7_75t_SL              1     3.033     asap7sc7p5t_OA_SLVT_TT_nldm_211120 
OAI321xp33_ASAP7_75t_SL             1     1.866     asap7sc7p5t_OA_SLVT_TT_nldm_211120 
OR2x2_ASAP7_75t_L                   3     4.199  asap7sc7p5t_SIMPLE_LVT_TT_nldm_211120 
OR2x2_ASAP7_75t_SL                356   498.286 asap7sc7p5t_SIMPLE_SLVT_TT_nldm_211120 
OR2x4_ASAP7_75t_SL                 17    31.726 asap7sc7p5t_SIMPLE_SLVT_TT_nldm_211120 
OR2x6_ASAP7_75t_SL                 69   193.156 asap7sc7p5t_SIMPLE_SLVT_TT_nldm_211120 
OR3x1_ASAP7_75t_L                   5     6.998  asap7sc7p5t_SIMPLE_LVT_TT_nldm_211120 
OR3x1_ASAP7_75t_SL                 25    34.992 asap7sc7p5t_SIMPLE_SLVT_TT_nldm_211120 
OR3x2_ASAP7_75t_SL                  2     3.266 asap7sc7p5t_SIMPLE_SLVT_TT_nldm_211120 
OR4x1_ASAP7_75t_SL                 12    19.596 asap7sc7p5t_SIMPLE_SLVT_TT_nldm_211120 
OR5x1_ASAP7_75t_SL                  5     9.331 asap7sc7p5t_SIMPLE_SLVT_TT_nldm_211120 
SDFHx1_ASAP7_75t_L                  2    11.664     asap7sc7p5t_SEQ_LVT_TT_nldm_220123 
SDFHx1_ASAP7_75t_SL                10    58.320    asap7sc7p5t_SEQ_SLVT_TT_nldm_220123 
SDFHx2_ASAP7_75t_SL                 5    30.326    asap7sc7p5t_SEQ_SLVT_TT_nldm_220123 
SDFHx4_ASAP7_75t_SL                 5    36.158    asap7sc7p5t_SEQ_SLVT_TT_nldm_220123 
XNOR2x1_ASAP7_75t_L                14    39.191  asap7sc7p5t_SIMPLE_LVT_TT_nldm_211120 
XNOR2x1_ASAP7_75t_SL              710  1987.546 asap7sc7p5t_SIMPLE_SLVT_TT_nldm_211120 
XNOR2x2_ASAP7_75t_L                48   123.172  asap7sc7p5t_SIMPLE_LVT_TT_nldm_211120 
XNOR2x2_ASAP7_75t_SL              337   864.769 asap7sc7p5t_SIMPLE_SLVT_TT_nldm_211120 
XNOR2xp5_ASAP7_75t_L               99   207.852  asap7sc7p5t_SIMPLE_LVT_TT_nldm_211120 
XNOR2xp5_ASAP7_75t_SL             632  1326.897 asap7sc7p5t_SIMPLE_SLVT_TT_nldm_211120 
XOR2x1_ASAP7_75t_SL                68   190.356 asap7sc7p5t_SIMPLE_SLVT_TT_nldm_211120 
XOR2x2_ASAP7_75t_L                 23    59.020  asap7sc7p5t_SIMPLE_LVT_TT_nldm_211120 
XOR2x2_ASAP7_75t_SL               661  1696.179 asap7sc7p5t_SIMPLE_SLVT_TT_nldm_211120 
XOR2xp5_ASAP7_75t_L                92   193.156  asap7sc7p5t_SIMPLE_LVT_TT_nldm_211120 
XOR2xp5_ASAP7_75t_SL              432   906.993 asap7sc7p5t_SIMPLE_SLVT_TT_nldm_211120 
---------------------------------------------------------------------------------------
total                           18496 39704.023                                        
                                                                       
                Library                Instances    Area   Instances % 
-----------------------------------------------------------------------
asap7sc7p5t_AO_LVT_TT_nldm_211120             93   204.820         0.5 
asap7sc7p5t_AO_SLVT_TT_nldm_211120          3006  5781.145        16.3 
asap7sc7p5t_INVBUF_LVT_TT_nldm_211120        220   233.747         1.2 
asap7sc7p5t_INVBUF_SLVT_TT_nldm_211120      3053  3257.988        16.5 
asap7sc7p5t_OA_LVT_TT_nldm_211120             82   176.593         0.4 
asap7sc7p5t_OA_SLVT_TT_nldm_211120          1400  2602.238         7.6 
asap7sc7p5t_SEQ_LVT_TT_nldm_220123           237  1109.246         1.3 
asap7sc7p5t_SEQ_SLVT_TT_nldm_220123         2124 11145.419        11.5 
asap7sc7p5t_SIMPLE_LVT_TT_nldm_211120        489   928.921         2.6 
asap7sc7p5t_SIMPLE_SLVT_TT_nldm_211120      7792 14263.906        42.1 
                                          
     Type      Instances    Area   Area % 
------------------------------------------
sequential          2361 12254.665   30.9 
inverter            2745  2496.796    6.3 
buffer               528   994.939    2.5 
unresolved             4     0.000    0.0 
logic              12862 23957.623   60.3 
physical_cells         0     0.000    0.0 
------------------------------------------
total              18500 39704.023  100.0 
