Copyright 1986-2022 Xilinx, Inc. All Rights Reserved. Copyright 2022-2025 Advanced Micro Devices, Inc. All Rights Reserved.
---------------------------------------------------------------------------------------------------------------------------------------------
| Tool Version : Vivado v.2025.2 (lin64) Build 6299465 Fri Nov 14 12:34:56 MST 2025
| Date         : Tue Aug 25 15:15:20 2026
| Host         : MSI running 64-bit Ubuntu 26.04 LTS
| Command      : report_timing_summary -file /tmp/fsrch_slh_128f_sha2_12.07.rpt
| Design       : top
| Device       : 7a200t-fbg676
| Speed File   : -1  PRODUCTION 1.23 2018-06-13
| Design State : Routed
---------------------------------------------------------------------------------------------------------------------------------------------

Timing Summary Report

------------------------------------------------------------------------------------------------
| Timer Settings
| --------------
------------------------------------------------------------------------------------------------

  Enable Multi Corner Analysis               :  Yes
  Enable Pessimism Removal                   :  Yes
  Pessimism Removal Resolution               :  Nearest Common Node
  Enable Input Delay Default Clock           :  No
  Enable Preset / Clear Arcs                 :  No
  Disable Flight Delays                      :  No
  Ignore I/O Paths                           :  No
  Timing Early Launch at Borrowing Latches   :  No
  Borrow Time for Max Delay Exceptions       :  Yes
  Merge Timing Exceptions                    :  Yes
  Inter-SLR Compensation                     :  Conservative

  Corner  Analyze    Analyze    
  Name    Max Paths  Min Paths  
  ------  ---------  ---------  
  Slow    Yes        Yes        
  Fast    Yes        Yes        


------------------------------------------------------------------------------------------------
| Report Methodology
| ------------------
------------------------------------------------------------------------------------------------

No report available as report_methodology has not been run prior. Run report_methodology on the current design for the summary of methodology violations.



check_timing report

Table of Contents
-----------------
1. checking no_clock (4)
2. checking constant_clock (0)
3. checking pulse_width_clock (0)
4. checking unconstrained_internal_endpoints (1)
5. checking no_input_delay (170)
6. checking no_output_delay (80)
7. checking multiple_clock (0)
8. checking generated_clocks (0)
9. checking loops (0)
10. checking partial_input_delay (0)
11. checking partial_output_delay (0)
12. checking latch_loops (0)

1. checking no_clock (4)
------------------------
 There is 1 register/latch pin with no clock driven by root clock pin: wots_xmss_fsm_md0/md0/XMSS_start_reg/Q (HIGH)

 There is 1 register/latch pin with no clock driven by root clock pin: wots_xmss_fsm_md0/md0/cnt_reg[1]/Q (HIGH)

 There is 1 register/latch pin with no clock driven by root clock pin: wots_xmss_fsm_md0/md0/cnt_reg[2]/Q (HIGH)

 There is 1 register/latch pin with no clock driven by root clock pin: wots_xmss_fsm_md0/md0/cnt_reg[3]/Q (HIGH)


2. checking constant_clock (0)
------------------------------
 There are 0 register/latch pins with constant_clock.


3. checking pulse_width_clock (0)
---------------------------------
 There are 0 register/latch pins which need pulse_width check


4. checking unconstrained_internal_endpoints (1)
------------------------------------------------
 There is 1 pin that is not constrained for maximum delay. (HIGH)

 There are 0 pins that are not constrained for maximum delay due to constant clock.


5. checking no_input_delay (170)
--------------------------------
 There are 156 input ports with no input delay specified. (HIGH)

 There are 14 input ports with no input delay but user has a false path constraint. (MEDIUM)


6. checking no_output_delay (80)
--------------------------------
 There are 80 ports with no output delay specified. (HIGH)

 There are 0 ports with no output delay but user has a false path constraint

 There are 0 ports with no output delay but with a timing clock defined on it or propagating through it


7. checking multiple_clock (0)
------------------------------
 There are 0 register/latch pins with multiple clocks.


8. checking generated_clocks (0)
--------------------------------
 There are 0 generated clocks that are not connected to a clock source.


9. checking loops (0)
---------------------
 There are 0 combinational loops in the design.


10. checking partial_input_delay (0)
------------------------------------
 There are 0 input ports with partial input delay specified.


11. checking partial_output_delay (0)
-------------------------------------
 There are 0 ports with partial output delay specified.


12. checking latch_loops (0)
----------------------------
 There are 0 combinational latch loops in the design through latch input



------------------------------------------------------------------------------------------------
| Design Timing Summary
| ---------------------
------------------------------------------------------------------------------------------------

    WNS(ns)      TNS(ns)  TNS Failing Endpoints  TNS Total Endpoints      WHS(ns)      THS(ns)  THS Failing Endpoints  THS Total Endpoints     WPWS(ns)     TPWS(ns)  TPWS Failing Endpoints  TPWS Total Endpoints  
    -------      -------  ---------------------  -------------------      -------      -------  ---------------------  -------------------     --------     --------  ----------------------  --------------------  
      0.100        0.000                      0                15367        0.045        0.000                      0                15367        4.785        0.000                       0                  6981  


All user specified timing constraints are met.


------------------------------------------------------------------------------------------------
| Clock Summary
| -------------
------------------------------------------------------------------------------------------------

Clock  Waveform(ns)       Period(ns)      Frequency(MHz)
-----  ------------       ----------      --------------
clk    {0.000 6.035}      12.070          82.850          


------------------------------------------------------------------------------------------------
| Intra Clock Table
| -----------------
------------------------------------------------------------------------------------------------

Clock             WNS(ns)      TNS(ns)  TNS Failing Endpoints  TNS Total Endpoints      WHS(ns)      THS(ns)  THS Failing Endpoints  THS Total Endpoints     WPWS(ns)     TPWS(ns)  TPWS Failing Endpoints  TPWS Total Endpoints  
-----             -------      -------  ---------------------  -------------------      -------      -------  ---------------------  -------------------     --------     --------  ----------------------  --------------------  
clk                 0.100        0.000                      0                15367        0.045        0.000                      0                15367        4.785        0.000                       0                  6981  


------------------------------------------------------------------------------------------------
| Inter Clock Table
| -----------------
------------------------------------------------------------------------------------------------

From Clock    To Clock          WNS(ns)      TNS(ns)  TNS Failing Endpoints  TNS Total Endpoints      WHS(ns)      THS(ns)  THS Failing Endpoints  THS Total Endpoints  
----------    --------          -------      -------  ---------------------  -------------------      -------      -------  ---------------------  -------------------  


------------------------------------------------------------------------------------------------
| Other Path Groups Table
| -----------------------
------------------------------------------------------------------------------------------------

Path Group    From Clock    To Clock          WNS(ns)      TNS(ns)  TNS Failing Endpoints  TNS Total Endpoints      WHS(ns)      THS(ns)  THS Failing Endpoints  THS Total Endpoints  
----------    ----------    --------          -------      -------  ---------------------  -------------------      -------      -------  ---------------------  -------------------  


------------------------------------------------------------------------------------------------
| Timing Details
| --------------
------------------------------------------------------------------------------------------------


---------------------------------------------------------------------------------------------------
From Clock:  clk
  To Clock:  clk

Setup :            0  Failing Endpoints,  Worst Slack        0.100ns,  Total Violation        0.000ns
Hold  :            0  Failing Endpoints,  Worst Slack        0.045ns,  Total Violation        0.000ns
PW    :            0  Failing Endpoints,  Worst Slack        4.785ns,  Total Violation        0.000ns
---------------------------------------------------------------------------------------------------


Max Delay Paths
--------------------------------------------------------------------------------------
Slack (MET) :             0.100ns  (required time - arrival time)
  Source:                 hash_tile_md0/HASH_BM/SHA256/w_mem_inst/w_mem_reg[1][9]/C
                            (rising edge-triggered cell FDCE clocked by clk  {rise@0.000ns fall@6.035ns period=12.070ns})
  Destination:            hash_tile_md0/HASH_BM/SHA256/a_reg_reg[29]/D
                            (rising edge-triggered cell FDCE clocked by clk  {rise@0.000ns fall@6.035ns period=12.070ns})
  Path Group:             clk
  Path Type:              Setup (Max at Slow Process Corner)
  Requirement:            12.070ns  (clk rise@12.070ns - clk rise@0.000ns)
  Data Path Delay:        11.965ns  (logic 5.430ns (45.383%)  route 6.535ns (54.617%))
  Logic Levels:           16  (CARRY4=7 LUT3=1 LUT5=4 LUT6=4)
  Clock Path Skew:        -0.049ns (DCD - SCD + CPR)
    Destination Clock Delay (DCD):    0.924ns = ( 12.994 - 12.070 ) 
    Source Clock Delay      (SCD):    0.973ns
    Clock Pessimism Removal (CPR):    0.000ns
  Clock Uncertainty:      0.035ns  ((TSJ^2 + TIJ^2)^1/2 + DJ) / 2 + PE
    Total System Jitter     (TSJ):    0.071ns
    Total Input Jitter      (TIJ):    0.000ns
    Discrete Jitter          (DJ):    0.000ns
    Phase Error              (PE):    0.000ns

    Location             Delay type                Incr(ns)  Path(ns)    Netlist Resource(s)
  -------------------------------------------------------------------    -------------------
                         (clock clk rise edge)        0.000     0.000 r  
                                                      0.000     0.000 r  clk (IN)
                         net (fo=6980, unset)         0.973     0.973    hash_tile_md0/HASH_BM/SHA256/w_mem_inst/clk
    SLICE_X72Y144        FDCE                                         r  hash_tile_md0/HASH_BM/SHA256/w_mem_inst/w_mem_reg[1][9]/C
  -------------------------------------------------------------------    -------------------
    SLICE_X72Y144        FDCE (Prop_fdce_C_Q)         0.518     1.491 r  hash_tile_md0/HASH_BM/SHA256/w_mem_inst/w_mem_reg[1][9]/Q
                         net (fo=8, routed)           1.057     2.548    hash_tile_md0/HASH_BM/SHA256/w_mem_inst/p_2_in[2]
    SLICE_X71Y147        LUT5 (Prop_lut5_I2_O)        0.124     2.672 r  hash_tile_md0/HASH_BM/SHA256/w_mem_inst/w_mem[15][7]_i_18__0/O
                         net (fo=2, routed)           0.529     3.201    hash_tile_md0/HASH_BM/SHA256/w_mem_inst/w_mem[15][7]_i_18__0_n_0
    SLICE_X70Y147        LUT5 (Prop_lut5_I4_O)        0.124     3.325 r  hash_tile_md0/HASH_BM/SHA256/w_mem_inst/w_mem[15][7]_i_6__0/O
                         net (fo=2, routed)           0.727     4.052    hash_tile_md0/HASH_BM/SHA256/w_mem_inst/w_mem[15][7]_i_6__0_n_0
    SLICE_X72Y148        CARRY4 (Prop_carry4_DI[0]_O[3])
                                                      0.642     4.694 r  hash_tile_md0/HASH_BM/SHA256/w_mem_inst/w_mem_reg[15][7]_i_2__0/O[3]
                         net (fo=2, routed)           0.764     5.458    hash_tile_md0/HASH_BM/SHA256/w_mem_inst/w_new[7]
    SLICE_X69Y144        LUT6 (Prop_lut6_I3_O)        0.307     5.765 r  hash_tile_md0/HASH_BM/SHA256/w_mem_inst/i___41_i_26__0/O
                         net (fo=2, routed)           0.414     6.179    hash_tile_md0/HASH_BM/SHA256/w_mem_inst/w_data[7]
    SLICE_X69Y144        LUT3 (Prop_lut3_I0_O)        0.124     6.303 r  hash_tile_md0/HASH_BM/SHA256/w_mem_inst/i___41_i_18__0/O
                         net (fo=2, routed)           0.482     6.784    hash_tile_md0/HASH_BM/SHA256/w_mem_inst/i___41_i_18__0_n_0
    SLICE_X68Y144        CARRY4 (Prop_carry4_DI[0]_O[3])
                                                      0.642     7.426 r  hash_tile_md0/HASH_BM/SHA256/w_mem_inst/i___41_i_13__0/O[3]
                         net (fo=2, routed)           0.321     7.747    hash_tile_md0/HASH_BM/SHA256/w_mem_inst/i___41_i_13__0_n_4
    SLICE_X67Y145        LUT5 (Prop_lut5_I0_O)        0.307     8.054 r  hash_tile_md0/HASH_BM/SHA256/w_mem_inst/i___41_i_5__0/O
                         net (fo=2, routed)           0.615     8.669    hash_tile_md0/HASH_BM/SHA256/w_mem_inst/i___41_i_5__0_n_0
    SLICE_X66Y145        LUT6 (Prop_lut6_I0_O)        0.124     8.793 r  hash_tile_md0/HASH_BM/SHA256/w_mem_inst/i___41_i_9__0/O
                         net (fo=1, routed)           0.000     8.793    hash_tile_md0/HASH_BM/SHA256/w_mem_inst/i___41_i_9__0_n_0
    SLICE_X66Y145        CARRY4 (Prop_carry4_S[0]_CO[3])
                                                      0.513     9.306 r  hash_tile_md0/HASH_BM/SHA256/w_mem_inst/i___41_i_1__0/CO[3]
                         net (fo=1, routed)           0.000     9.306    hash_tile_md0/HASH_BM/SHA256/w_mem_inst/i___41_i_1__0_n_0
    SLICE_X66Y146        CARRY4 (Prop_carry4_CI_O[3])
                                                      0.315     9.621 r  hash_tile_md0/HASH_BM/SHA256/w_mem_inst/i___37_i_1__0/O[3]
                         net (fo=4, routed)           0.322     9.943    hash_tile_md0/HASH_BM/SHA256/w_mem_inst/e_reg_reg[18][3]
    SLICE_X69Y146        LUT5 (Prop_lut5_I4_O)        0.307    10.250 r  hash_tile_md0/HASH_BM/SHA256/w_mem_inst/a_reg[23]_i_6__0/O
                         net (fo=2, routed)           0.773    11.023    hash_tile_md0/HASH_BM/SHA256/w_mem_inst/a_reg[23]_i_6__0_n_0
    SLICE_X64Y147        LUT6 (Prop_lut6_I0_O)        0.124    11.147 r  hash_tile_md0/HASH_BM/SHA256/w_mem_inst/a_reg[23]_i_10__0/O
                         net (fo=1, routed)           0.000    11.147    hash_tile_md0/HASH_BM/SHA256/w_mem_inst/a_reg[23]_i_10__0_n_0
    SLICE_X64Y147        CARRY4 (Prop_carry4_S[0]_CO[3])
                                                      0.513    11.660 r  hash_tile_md0/HASH_BM/SHA256/w_mem_inst/a_reg_reg[23]_i_2__0/CO[3]
                         net (fo=1, routed)           0.000    11.660    hash_tile_md0/HASH_BM/SHA256/w_mem_inst/a_reg_reg[23]_i_2__0_n_0
    SLICE_X64Y148        CARRY4 (Prop_carry4_CI_CO[3])
                                                      0.117    11.777 r  hash_tile_md0/HASH_BM/SHA256/w_mem_inst/a_reg_reg[27]_i_2__0/CO[3]
                         net (fo=1, routed)           0.000    11.777    hash_tile_md0/HASH_BM/SHA256/w_mem_inst/a_reg_reg[27]_i_2__0_n_0
    SLICE_X64Y149        CARRY4 (Prop_carry4_CI_O[1])
                                                      0.323    12.100 r  hash_tile_md0/HASH_BM/SHA256/w_mem_inst/a_reg_reg[31]_i_2__0/O[1]
                         net (fo=1, routed)           0.532    12.632    hash_tile_md0/HASH_BM/SHA256/w_mem_inst/a_new0[29]
    SLICE_X62Y150        LUT6 (Prop_lut6_I0_O)        0.306    12.938 r  hash_tile_md0/HASH_BM/SHA256/w_mem_inst/a_reg[29]_i_1__0/O
                         net (fo=1, routed)           0.000    12.938    hash_tile_md0/HASH_BM/SHA256/w_mem_inst_n_6
    SLICE_X62Y150        FDCE                                         r  hash_tile_md0/HASH_BM/SHA256/a_reg_reg[29]/D
  -------------------------------------------------------------------    -------------------

                         (clock clk rise edge)       12.070    12.070 r  
                                                      0.000    12.070 r  clk (IN)
                         net (fo=6980, unset)         0.924    12.994    hash_tile_md0/HASH_BM/SHA256/clk
    SLICE_X62Y150        FDCE                                         r  hash_tile_md0/HASH_BM/SHA256/a_reg_reg[29]/C
                         clock pessimism              0.000    12.994    
                         clock uncertainty           -0.035    12.959    
    SLICE_X62Y150        FDCE (Setup_fdce_C_D)        0.079    13.038    hash_tile_md0/HASH_BM/SHA256/a_reg_reg[29]
  -------------------------------------------------------------------
                         required time                         13.038    
                         arrival time                         -12.938    
  -------------------------------------------------------------------
                         slack                                  0.100    





Min Delay Paths
--------------------------------------------------------------------------------------
Slack (MET) :             0.045ns  (arrival time - required time)
  Source:                 cl_md0/w_mem_in1_reg[2]/C
                            (rising edge-triggered cell FDCE clocked by clk  {rise@0.000ns fall@6.035ns period=12.070ns})
  Destination:            W_MEM/mem_reg/DIADI[2]
                            (rising edge-triggered cell RAMB18E1 clocked by clk  {rise@0.000ns fall@6.035ns period=12.070ns})
  Path Group:             clk
  Path Type:              Hold (Min at Fast Process Corner)
  Requirement:            0.000ns  (clk rise@0.000ns - clk rise@0.000ns)
  Data Path Delay:        0.363ns  (logic 0.164ns (45.240%)  route 0.199ns (54.760%))
  Logic Levels:           0  
  Clock Path Skew:        0.022ns (DCD - SCD - CPR)
    Destination Clock Delay (DCD):    0.432ns
    Source Clock Delay      (SCD):    0.410ns
    Clock Pessimism Removal (CPR):    -0.000ns

    Location             Delay type                Incr(ns)  Path(ns)    Netlist Resource(s)
  -------------------------------------------------------------------    -------------------
                         (clock clk rise edge)        0.000     0.000 r  
                                                      0.000     0.000 r  clk (IN)
                         net (fo=6980, unset)         0.410     0.410    cl_md0/clk
    SLICE_X74Y63         FDCE                                         r  cl_md0/w_mem_in1_reg[2]/C
  -------------------------------------------------------------------    -------------------
    SLICE_X74Y63         FDCE (Prop_fdce_C_Q)         0.164     0.574 r  cl_md0/w_mem_in1_reg[2]/Q
                         net (fo=1, routed)           0.199     0.773    W_MEM/Q[2]
    RAMB18_X4Y24         RAMB18E1                                     r  W_MEM/mem_reg/DIADI[2]
  -------------------------------------------------------------------    -------------------

                         (clock clk rise edge)        0.000     0.000 r  
                                                      0.000     0.000 r  clk (IN)
                         net (fo=6980, unset)         0.432     0.432    W_MEM/clk
    RAMB18_X4Y24         RAMB18E1                                     r  W_MEM/mem_reg/CLKARDCLK
                         clock pessimism              0.000     0.432    
    RAMB18_X4Y24         RAMB18E1 (Hold_ramb18e1_CLKARDCLK_DIADI[2])
                                                      0.296     0.728    W_MEM/mem_reg
  -------------------------------------------------------------------
                         required time                         -0.728    
                         arrival time                           0.773    
  -------------------------------------------------------------------
                         slack                                  0.045    





Pulse Width Checks
--------------------------------------------------------------------------------------
Clock Name:         clk
Waveform(ns):       { 0.000 6.035 }
Period(ns):         12.070
Sources:            { clk }

Check Type        Corner  Lib Pin             Reference Pin  Required(ns)  Actual(ns)  Slack(ns)  Location      Pin
Min Period        n/a     RAMB36E1/CLKARDCLK  n/a            2.944         12.070      9.126      RAMB36_X4Y18  hash_tile_md0/BIG_MEM/mem_reg/CLKARDCLK
Low Pulse Width   Slow    RAMD32/CLK          n/a            1.250         6.035       4.785      SLICE_X72Y91  hash_tile_md0/B_FIFO_INSTANCE/fifo_mem_reg_0_7_0_5/RAMA/CLK
High Pulse Width  Slow    RAMD32/CLK          n/a            1.250         6.035       4.785      SLICE_X72Y91  hash_tile_md0/B_FIFO_INSTANCE/fifo_mem_reg_0_7_0_5/RAMA/CLK



