Copyright 1986-2022 Xilinx, Inc. All Rights Reserved. Copyright 2022-2025 Advanced Micro Devices, Inc. All Rights Reserved.
---------------------------------------------------------------------------------------------------------------------------------------------
| Tool Version : Vivado v.2025.2 (lin64) Build 6299465 Fri Nov 14 12:34:56 MST 2025
| Date         : Tue Aug 25 15:11:32 2026
| Host         : MSI running 64-bit Ubuntu 26.04 LTS
| Command      : report_timing_summary -file /tmp/fsrch_slh_128f_sha2_12.25.rpt
| Design       : top
| Device       : 7a200t-fbg676
| Speed File   : -1  PRODUCTION 1.23 2018-06-13
| Design State : Routed
---------------------------------------------------------------------------------------------------------------------------------------------

Timing Summary Report

------------------------------------------------------------------------------------------------
| Timer Settings
| --------------
------------------------------------------------------------------------------------------------

  Enable Multi Corner Analysis               :  Yes
  Enable Pessimism Removal                   :  Yes
  Pessimism Removal Resolution               :  Nearest Common Node
  Enable Input Delay Default Clock           :  No
  Enable Preset / Clear Arcs                 :  No
  Disable Flight Delays                      :  No
  Ignore I/O Paths                           :  No
  Timing Early Launch at Borrowing Latches   :  No
  Borrow Time for Max Delay Exceptions       :  Yes
  Merge Timing Exceptions                    :  Yes
  Inter-SLR Compensation                     :  Conservative

  Corner  Analyze    Analyze    
  Name    Max Paths  Min Paths  
  ------  ---------  ---------  
  Slow    Yes        Yes        
  Fast    Yes        Yes        


------------------------------------------------------------------------------------------------
| Report Methodology
| ------------------
------------------------------------------------------------------------------------------------

No report available as report_methodology has not been run prior. Run report_methodology on the current design for the summary of methodology violations.



check_timing report

Table of Contents
-----------------
1. checking no_clock (4)
2. checking constant_clock (0)
3. checking pulse_width_clock (0)
4. checking unconstrained_internal_endpoints (1)
5. checking no_input_delay (170)
6. checking no_output_delay (80)
7. checking multiple_clock (0)
8. checking generated_clocks (0)
9. checking loops (0)
10. checking partial_input_delay (0)
11. checking partial_output_delay (0)
12. checking latch_loops (0)

1. checking no_clock (4)
------------------------
 There is 1 register/latch pin with no clock driven by root clock pin: wots_xmss_fsm_md0/md0/XMSS_start_reg/Q (HIGH)

 There is 1 register/latch pin with no clock driven by root clock pin: wots_xmss_fsm_md0/md0/cnt_reg[1]/Q (HIGH)

 There is 1 register/latch pin with no clock driven by root clock pin: wots_xmss_fsm_md0/md0/cnt_reg[2]/Q (HIGH)

 There is 1 register/latch pin with no clock driven by root clock pin: wots_xmss_fsm_md0/md0/cnt_reg[3]/Q (HIGH)


2. checking constant_clock (0)
------------------------------
 There are 0 register/latch pins with constant_clock.


3. checking pulse_width_clock (0)
---------------------------------
 There are 0 register/latch pins which need pulse_width check


4. checking unconstrained_internal_endpoints (1)
------------------------------------------------
 There is 1 pin that is not constrained for maximum delay. (HIGH)

 There are 0 pins that are not constrained for maximum delay due to constant clock.


5. checking no_input_delay (170)
--------------------------------
 There are 156 input ports with no input delay specified. (HIGH)

 There are 14 input ports with no input delay but user has a false path constraint. (MEDIUM)


6. checking no_output_delay (80)
--------------------------------
 There are 80 ports with no output delay specified. (HIGH)

 There are 0 ports with no output delay but user has a false path constraint

 There are 0 ports with no output delay but with a timing clock defined on it or propagating through it


7. checking multiple_clock (0)
------------------------------
 There are 0 register/latch pins with multiple clocks.


8. checking generated_clocks (0)
--------------------------------
 There are 0 generated clocks that are not connected to a clock source.


9. checking loops (0)
---------------------
 There are 0 combinational loops in the design.


10. checking partial_input_delay (0)
------------------------------------
 There are 0 input ports with partial input delay specified.


11. checking partial_output_delay (0)
-------------------------------------
 There are 0 ports with partial output delay specified.


12. checking latch_loops (0)
----------------------------
 There are 0 combinational latch loops in the design through latch input



------------------------------------------------------------------------------------------------
| Design Timing Summary
| ---------------------
------------------------------------------------------------------------------------------------

    WNS(ns)      TNS(ns)  TNS Failing Endpoints  TNS Total Endpoints      WHS(ns)      THS(ns)  THS Failing Endpoints  THS Total Endpoints     WPWS(ns)     TPWS(ns)  TPWS Failing Endpoints  TPWS Total Endpoints  
    -------      -------  ---------------------  -------------------      -------      -------  ---------------------  -------------------     --------     --------  ----------------------  --------------------  
      0.171        0.000                      0                15367        0.034        0.000                      0                15367        4.875        0.000                       0                  6981  


All user specified timing constraints are met.


------------------------------------------------------------------------------------------------
| Clock Summary
| -------------
------------------------------------------------------------------------------------------------

Clock  Waveform(ns)       Period(ns)      Frequency(MHz)
-----  ------------       ----------      --------------
clk    {0.000 6.125}      12.250          81.633          


------------------------------------------------------------------------------------------------
| Intra Clock Table
| -----------------
------------------------------------------------------------------------------------------------

Clock             WNS(ns)      TNS(ns)  TNS Failing Endpoints  TNS Total Endpoints      WHS(ns)      THS(ns)  THS Failing Endpoints  THS Total Endpoints     WPWS(ns)     TPWS(ns)  TPWS Failing Endpoints  TPWS Total Endpoints  
-----             -------      -------  ---------------------  -------------------      -------      -------  ---------------------  -------------------     --------     --------  ----------------------  --------------------  
clk                 0.171        0.000                      0                15367        0.034        0.000                      0                15367        4.875        0.000                       0                  6981  


------------------------------------------------------------------------------------------------
| Inter Clock Table
| -----------------
------------------------------------------------------------------------------------------------

From Clock    To Clock          WNS(ns)      TNS(ns)  TNS Failing Endpoints  TNS Total Endpoints      WHS(ns)      THS(ns)  THS Failing Endpoints  THS Total Endpoints  
----------    --------          -------      -------  ---------------------  -------------------      -------      -------  ---------------------  -------------------  


------------------------------------------------------------------------------------------------
| Other Path Groups Table
| -----------------------
------------------------------------------------------------------------------------------------

Path Group    From Clock    To Clock          WNS(ns)      TNS(ns)  TNS Failing Endpoints  TNS Total Endpoints      WHS(ns)      THS(ns)  THS Failing Endpoints  THS Total Endpoints  
----------    ----------    --------          -------      -------  ---------------------  -------------------      -------      -------  ---------------------  -------------------  


------------------------------------------------------------------------------------------------
| Timing Details
| --------------
------------------------------------------------------------------------------------------------


---------------------------------------------------------------------------------------------------
From Clock:  clk
  To Clock:  clk

Setup :            0  Failing Endpoints,  Worst Slack        0.171ns,  Total Violation        0.000ns
Hold  :            0  Failing Endpoints,  Worst Slack        0.034ns,  Total Violation        0.000ns
PW    :            0  Failing Endpoints,  Worst Slack        4.875ns,  Total Violation        0.000ns
---------------------------------------------------------------------------------------------------


Max Delay Paths
--------------------------------------------------------------------------------------
Slack (MET) :             0.171ns  (required time - arrival time)
  Source:                 hash_tile_md0/HASH_SM/SHA256/w_mem_inst/w_mem_reg[0][6]/C
                            (rising edge-triggered cell FDCE clocked by clk  {rise@0.000ns fall@6.125ns period=12.250ns})
  Destination:            hash_tile_md0/HASH_SM/SHA256/a_reg_reg[31]/D
                            (rising edge-triggered cell FDCE clocked by clk  {rise@0.000ns fall@6.125ns period=12.250ns})
  Path Group:             clk
  Path Type:              Setup (Max at Slow Process Corner)
  Requirement:            12.250ns  (clk rise@12.250ns - clk rise@0.000ns)
  Data Path Delay:        12.026ns  (logic 5.487ns (45.627%)  route 6.539ns (54.373%))
  Logic Levels:           20  (CARRY4=10 LUT3=1 LUT4=1 LUT5=4 LUT6=4)
  Clock Path Skew:        -0.049ns (DCD - SCD + CPR)
    Destination Clock Delay (DCD):    0.924ns = ( 13.174 - 12.250 ) 
    Source Clock Delay      (SCD):    0.973ns
    Clock Pessimism Removal (CPR):    0.000ns
  Clock Uncertainty:      0.035ns  ((TSJ^2 + TIJ^2)^1/2 + DJ) / 2 + PE
    Total System Jitter     (TSJ):    0.071ns
    Total Input Jitter      (TIJ):    0.000ns
    Discrete Jitter          (DJ):    0.000ns
    Phase Error              (PE):    0.000ns

    Location             Delay type                Incr(ns)  Path(ns)    Netlist Resource(s)
  -------------------------------------------------------------------    -------------------
                         (clock clk rise edge)        0.000     0.000 r  
                                                      0.000     0.000 r  clk (IN)
                         net (fo=6980, unset)         0.973     0.973    hash_tile_md0/HASH_SM/SHA256/w_mem_inst/clk
    SLICE_X71Y137        FDCE                                         r  hash_tile_md0/HASH_SM/SHA256/w_mem_inst/w_mem_reg[0][6]/C
  -------------------------------------------------------------------    -------------------
    SLICE_X71Y137        FDCE (Prop_fdce_C_Q)         0.456     1.429 r  hash_tile_md0/HASH_SM/SHA256/w_mem_inst/w_mem_reg[0][6]/Q
                         net (fo=3, routed)           0.880     2.309    hash_tile_md0/HASH_SM/SHA256/w_mem_inst/w_mem_reg[0]_13[6]
    SLICE_X72Y138        LUT5 (Prop_lut5_I0_O)        0.124     2.433 r  hash_tile_md0/HASH_SM/SHA256/w_mem_inst/w_mem[15][7]_i_11/O
                         net (fo=2, routed)           0.546     2.979    hash_tile_md0/HASH_SM/SHA256/w_mem_inst/w_mem[15][7]_i_11_n_0
    SLICE_X71Y139        LUT5 (Prop_lut5_I3_O)        0.124     3.103 r  hash_tile_md0/HASH_SM/SHA256/w_mem_inst/w_mem[15][7]_i_3/O
                         net (fo=2, routed)           0.675     3.778    hash_tile_md0/HASH_SM/SHA256/w_mem_inst/w_mem[15][7]_i_3_n_0
    SLICE_X70Y139        LUT6 (Prop_lut6_I0_O)        0.124     3.902 r  hash_tile_md0/HASH_SM/SHA256/w_mem_inst/w_mem[15][7]_i_7/O
                         net (fo=1, routed)           0.000     3.902    hash_tile_md0/HASH_SM/SHA256/w_mem_inst/w_mem[15][7]_i_7_n_0
    SLICE_X70Y139        CARRY4 (Prop_carry4_S[3]_CO[3])
                                                      0.376     4.278 r  hash_tile_md0/HASH_SM/SHA256/w_mem_inst/w_mem_reg[15][7]_i_2/CO[3]
                         net (fo=1, routed)           0.000     4.278    hash_tile_md0/HASH_SM/SHA256/w_mem_inst/w_mem_reg[15][7]_i_2_n_0
    SLICE_X70Y140        CARRY4 (Prop_carry4_CI_CO[3])
                                                      0.117     4.395 r  hash_tile_md0/HASH_SM/SHA256/w_mem_inst/w_mem_reg[15][11]_i_2/CO[3]
                         net (fo=1, routed)           0.000     4.395    hash_tile_md0/HASH_SM/SHA256/w_mem_inst/w_mem_reg[15][11]_i_2_n_0
    SLICE_X70Y141        CARRY4 (Prop_carry4_CI_O[0])
                                                      0.219     4.614 r  hash_tile_md0/HASH_SM/SHA256/w_mem_inst/w_mem_reg[15][15]_i_2/O[0]
                         net (fo=2, routed)           0.520     5.134    hash_tile_md0/HASH_SM/SHA256/w_mem_inst/w_new[12]
    SLICE_X67Y144        LUT6 (Prop_lut6_I3_O)        0.295     5.429 r  hash_tile_md0/HASH_SM/SHA256/w_mem_inst/i___37_i_25/O
                         net (fo=2, routed)           0.886     6.315    hash_tile_md0/HASH_SM/SHA256/w_mem_inst/w_data[12]
    SLICE_X60Y147        LUT3 (Prop_lut3_I0_O)        0.124     6.439 r  hash_tile_md0/HASH_SM/SHA256/w_mem_inst/i___37_i_17/O
                         net (fo=2, routed)           0.352     6.791    hash_tile_md0/HASH_SM/SHA256/w_mem_inst/i___37_i_17_n_0
    SLICE_X61Y147        LUT4 (Prop_lut4_I3_O)        0.124     6.915 r  hash_tile_md0/HASH_SM/SHA256/w_mem_inst/i___37_i_21/O
                         net (fo=1, routed)           0.000     6.915    hash_tile_md0/HASH_SM/SHA256/w_mem_inst/i___37_i_21_n_0
    SLICE_X61Y147        CARRY4 (Prop_carry4_S[1]_CO[3])
                                                      0.550     7.465 r  hash_tile_md0/HASH_SM/SHA256/w_mem_inst/i___37_i_13/CO[3]
                         net (fo=1, routed)           0.000     7.465    hash_tile_md0/HASH_SM/SHA256/w_mem_inst/i___37_i_13_n_0
    SLICE_X61Y148        CARRY4 (Prop_carry4_CI_CO[3])
                                                      0.114     7.579 r  hash_tile_md0/HASH_SM/SHA256/w_mem_inst/i___33_i_13/CO[3]
                         net (fo=1, routed)           0.000     7.579    hash_tile_md0/HASH_SM/SHA256/w_mem_inst/i___33_i_13_n_0
    SLICE_X61Y149        CARRY4 (Prop_carry4_CI_O[1])
                                                      0.334     7.913 r  hash_tile_md0/HASH_SM/SHA256/w_mem_inst/i___29_i_13/O[1]
                         net (fo=2, routed)           0.537     8.449    hash_tile_md0/HASH_SM/SHA256/w_mem_inst/i___29_i_13_n_6
    SLICE_X60Y149        LUT5 (Prop_lut5_I0_O)        0.303     8.752 r  hash_tile_md0/HASH_SM/SHA256/w_mem_inst/i___33_i_3/O
                         net (fo=2, routed)           0.745     9.497    hash_tile_md0/HASH_SM/SHA256/w_mem_inst/i___33_i_3_n_0
    SLICE_X59Y147        CARRY4 (Prop_carry4_DI[2]_CO[3])
                                                      0.398     9.895 r  hash_tile_md0/HASH_SM/SHA256/w_mem_inst/i___33_i_1/CO[3]
                         net (fo=1, routed)           0.000     9.895    hash_tile_md0/HASH_SM/SHA256/w_mem_inst/i___33_i_1_n_0
    SLICE_X59Y148        CARRY4 (Prop_carry4_CI_CO[3])
                                                      0.114    10.009 r  hash_tile_md0/HASH_SM/SHA256/w_mem_inst/i___29_i_1/CO[3]
                         net (fo=1, routed)           0.000    10.009    hash_tile_md0/HASH_SM/SHA256/w_mem_inst/i___29_i_1_n_0
    SLICE_X59Y149        CARRY4 (Prop_carry4_CI_O[0])
                                                      0.222    10.231 r  hash_tile_md0/HASH_SM/SHA256/w_mem_inst/i___26_i_1/O[0]
                         net (fo=4, routed)           0.553    10.784    hash_tile_md0/HASH_SM/SHA256/w_mem_inst/e_reg_reg[29][0]
    SLICE_X56Y148        LUT5 (Prop_lut5_I4_O)        0.299    11.083 r  hash_tile_md0/HASH_SM/SHA256/w_mem_inst/a_reg[31]_i_4/O
                         net (fo=2, routed)           0.551    11.634    hash_tile_md0/HASH_SM/SHA256/w_mem_inst/a_reg[31]_i_4_n_0
    SLICE_X55Y147        LUT6 (Prop_lut6_I0_O)        0.124    11.758 r  hash_tile_md0/HASH_SM/SHA256/w_mem_inst/a_reg[31]_i_8/O
                         net (fo=1, routed)           0.000    11.758    hash_tile_md0/HASH_SM/SHA256/w_mem_inst/a_reg[31]_i_8_n_0
    SLICE_X55Y147        CARRY4 (Prop_carry4_S[1]_O[3])
                                                      0.640    12.398 r  hash_tile_md0/HASH_SM/SHA256/w_mem_inst/a_reg_reg[31]_i_2/O[3]
                         net (fo=1, routed)           0.295    12.693    hash_tile_md0/HASH_SM/SHA256/w_mem_inst/a_new0[31]
    SLICE_X55Y149        LUT6 (Prop_lut6_I0_O)        0.306    12.999 r  hash_tile_md0/HASH_SM/SHA256/w_mem_inst/a_reg[31]_i_1/O
                         net (fo=1, routed)           0.000    12.999    hash_tile_md0/HASH_SM/SHA256/w_mem_inst_n_5
    SLICE_X55Y149        FDCE                                         r  hash_tile_md0/HASH_SM/SHA256/a_reg_reg[31]/D
  -------------------------------------------------------------------    -------------------

                         (clock clk rise edge)       12.250    12.250 r  
                                                      0.000    12.250 r  clk (IN)
                         net (fo=6980, unset)         0.924    13.174    hash_tile_md0/HASH_SM/SHA256/clk
    SLICE_X55Y149        FDCE                                         r  hash_tile_md0/HASH_SM/SHA256/a_reg_reg[31]/C
                         clock pessimism              0.000    13.174    
                         clock uncertainty           -0.035    13.139    
    SLICE_X55Y149        FDCE (Setup_fdce_C_D)        0.031    13.170    hash_tile_md0/HASH_SM/SHA256/a_reg_reg[31]
  -------------------------------------------------------------------
                         required time                         13.170    
                         arrival time                         -12.999    
  -------------------------------------------------------------------
                         slack                                  0.171    





Min Delay Paths
--------------------------------------------------------------------------------------
Slack (MET) :             0.034ns  (arrival time - required time)
  Source:                 cl_md0/w_mem_in1_reg[2]/C
                            (rising edge-triggered cell FDCE clocked by clk  {rise@0.000ns fall@6.125ns period=12.250ns})
  Destination:            W_MEM/mem_reg/DIADI[2]
                            (rising edge-triggered cell RAMB18E1 clocked by clk  {rise@0.000ns fall@6.125ns period=12.250ns})
  Path Group:             clk
  Path Type:              Hold (Min at Fast Process Corner)
  Requirement:            0.000ns  (clk rise@0.000ns - clk rise@0.000ns)
  Data Path Delay:        0.351ns  (logic 0.164ns (46.674%)  route 0.187ns (53.326%))
  Logic Levels:           0  
  Clock Path Skew:        0.022ns (DCD - SCD - CPR)
    Destination Clock Delay (DCD):    0.432ns
    Source Clock Delay      (SCD):    0.410ns
    Clock Pessimism Removal (CPR):    -0.000ns

    Location             Delay type                Incr(ns)  Path(ns)    Netlist Resource(s)
  -------------------------------------------------------------------    -------------------
                         (clock clk rise edge)        0.000     0.000 r  
                                                      0.000     0.000 r  clk (IN)
                         net (fo=6980, unset)         0.410     0.410    cl_md0/clk
    SLICE_X44Y70         FDCE                                         r  cl_md0/w_mem_in1_reg[2]/C
  -------------------------------------------------------------------    -------------------
    SLICE_X44Y70         FDCE (Prop_fdce_C_Q)         0.164     0.574 r  cl_md0/w_mem_in1_reg[2]/Q
                         net (fo=1, routed)           0.187     0.762    W_MEM/Q[2]
    RAMB18_X2Y28         RAMB18E1                                     r  W_MEM/mem_reg/DIADI[2]
  -------------------------------------------------------------------    -------------------

                         (clock clk rise edge)        0.000     0.000 r  
                                                      0.000     0.000 r  clk (IN)
                         net (fo=6980, unset)         0.432     0.432    W_MEM/clk
    RAMB18_X2Y28         RAMB18E1                                     r  W_MEM/mem_reg/CLKARDCLK
                         clock pessimism              0.000     0.432    
    RAMB18_X2Y28         RAMB18E1 (Hold_ramb18e1_CLKARDCLK_DIADI[2])
                                                      0.296     0.728    W_MEM/mem_reg
  -------------------------------------------------------------------
                         required time                         -0.728    
                         arrival time                           0.762    
  -------------------------------------------------------------------
                         slack                                  0.034    





Pulse Width Checks
--------------------------------------------------------------------------------------
Clock Name:         clk
Waveform(ns):       { 0.000 6.125 }
Period(ns):         12.250
Sources:            { clk }

Check Type        Corner  Lib Pin             Reference Pin  Required(ns)  Actual(ns)  Slack(ns)  Location      Pin
Min Period        n/a     RAMB36E1/CLKARDCLK  n/a            2.944         12.250      9.306      RAMB36_X4Y19  hash_tile_md0/BIG_MEM/mem_reg/CLKARDCLK
Low Pulse Width   Slow    RAMD32/CLK          n/a            1.250         6.125       4.875      SLICE_X76Y98  hash_tile_md0/B_FIFO_INSTANCE/fifo_mem_reg_0_7_0_5/RAMA/CLK
High Pulse Width  Slow    RAMD32/CLK          n/a            1.250         6.125       4.875      SLICE_X76Y98  hash_tile_md0/B_FIFO_INSTANCE/fifo_mem_reg_0_7_0_5/RAMA/CLK



