Copyright 1986-2022 Xilinx, Inc. All Rights Reserved. Copyright 2022-2025 Advanced Micro Devices, Inc. All Rights Reserved.
---------------------------------------------------------------------------------------------------------------------------------------------
| Tool Version : Vivado v.2025.2 (lin64) Build 6299465 Fri Nov 14 12:34:56 MST 2025
| Date         : Tue Aug 25 15:05:53 2026
| Host         : MSI running 64-bit Ubuntu 26.04 LTS
| Command      : report_timing_summary -file probe_13ns.rpt
| Design       : top
| Device       : 7a200t-fbg676
| Speed File   : -1  PRODUCTION 1.23 2018-06-13
| Design State : Routed
---------------------------------------------------------------------------------------------------------------------------------------------

Timing Summary Report

------------------------------------------------------------------------------------------------
| Timer Settings
| --------------
------------------------------------------------------------------------------------------------

  Enable Multi Corner Analysis               :  Yes
  Enable Pessimism Removal                   :  Yes
  Pessimism Removal Resolution               :  Nearest Common Node
  Enable Input Delay Default Clock           :  No
  Enable Preset / Clear Arcs                 :  No
  Disable Flight Delays                      :  No
  Ignore I/O Paths                           :  No
  Timing Early Launch at Borrowing Latches   :  No
  Borrow Time for Max Delay Exceptions       :  Yes
  Merge Timing Exceptions                    :  Yes
  Inter-SLR Compensation                     :  Conservative

  Corner  Analyze    Analyze    
  Name    Max Paths  Min Paths  
  ------  ---------  ---------  
  Slow    Yes        Yes        
  Fast    Yes        Yes        


------------------------------------------------------------------------------------------------
| Report Methodology
| ------------------
------------------------------------------------------------------------------------------------

No report available as report_methodology has not been run prior. Run report_methodology on the current design for the summary of methodology violations.



check_timing report

Table of Contents
-----------------
1. checking no_clock (4)
2. checking constant_clock (0)
3. checking pulse_width_clock (0)
4. checking unconstrained_internal_endpoints (1)
5. checking no_input_delay (170)
6. checking no_output_delay (80)
7. checking multiple_clock (0)
8. checking generated_clocks (0)
9. checking loops (0)
10. checking partial_input_delay (0)
11. checking partial_output_delay (0)
12. checking latch_loops (0)

1. checking no_clock (4)
------------------------
 There is 1 register/latch pin with no clock driven by root clock pin: wots_xmss_fsm_md0/md0/XMSS_start_reg/Q (HIGH)

 There is 1 register/latch pin with no clock driven by root clock pin: wots_xmss_fsm_md0/md0/cnt_reg[1]/Q (HIGH)

 There is 1 register/latch pin with no clock driven by root clock pin: wots_xmss_fsm_md0/md0/cnt_reg[2]/Q (HIGH)

 There is 1 register/latch pin with no clock driven by root clock pin: wots_xmss_fsm_md0/md0/cnt_reg[3]/Q (HIGH)


2. checking constant_clock (0)
------------------------------
 There are 0 register/latch pins with constant_clock.


3. checking pulse_width_clock (0)
---------------------------------
 There are 0 register/latch pins which need pulse_width check


4. checking unconstrained_internal_endpoints (1)
------------------------------------------------
 There is 1 pin that is not constrained for maximum delay. (HIGH)

 There are 0 pins that are not constrained for maximum delay due to constant clock.


5. checking no_input_delay (170)
--------------------------------
 There are 156 input ports with no input delay specified. (HIGH)

 There are 14 input ports with no input delay but user has a false path constraint. (MEDIUM)


6. checking no_output_delay (80)
--------------------------------
 There are 80 ports with no output delay specified. (HIGH)

 There are 0 ports with no output delay but user has a false path constraint

 There are 0 ports with no output delay but with a timing clock defined on it or propagating through it


7. checking multiple_clock (0)
------------------------------
 There are 0 register/latch pins with multiple clocks.


8. checking generated_clocks (0)
--------------------------------
 There are 0 generated clocks that are not connected to a clock source.


9. checking loops (0)
---------------------
 There are 0 combinational loops in the design.


10. checking partial_input_delay (0)
------------------------------------
 There are 0 input ports with partial input delay specified.


11. checking partial_output_delay (0)
-------------------------------------
 There are 0 ports with partial output delay specified.


12. checking latch_loops (0)
----------------------------
 There are 0 combinational latch loops in the design through latch input



------------------------------------------------------------------------------------------------
| Design Timing Summary
| ---------------------
------------------------------------------------------------------------------------------------

    WNS(ns)      TNS(ns)  TNS Failing Endpoints  TNS Total Endpoints      WHS(ns)      THS(ns)  THS Failing Endpoints  THS Total Endpoints     WPWS(ns)     TPWS(ns)  TPWS Failing Endpoints  TPWS Total Endpoints  
    -------      -------  ---------------------  -------------------      -------      -------  ---------------------  -------------------     --------     --------  ----------------------  --------------------  
      0.504        0.000                      0                15367        0.052        0.000                      0                15367        5.250        0.000                       0                  6981  


All user specified timing constraints are met.


------------------------------------------------------------------------------------------------
| Clock Summary
| -------------
------------------------------------------------------------------------------------------------

Clock  Waveform(ns)       Period(ns)      Frequency(MHz)
-----  ------------       ----------      --------------
clk    {0.000 6.500}      13.000          76.923          


------------------------------------------------------------------------------------------------
| Intra Clock Table
| -----------------
------------------------------------------------------------------------------------------------

Clock             WNS(ns)      TNS(ns)  TNS Failing Endpoints  TNS Total Endpoints      WHS(ns)      THS(ns)  THS Failing Endpoints  THS Total Endpoints     WPWS(ns)     TPWS(ns)  TPWS Failing Endpoints  TPWS Total Endpoints  
-----             -------      -------  ---------------------  -------------------      -------      -------  ---------------------  -------------------     --------     --------  ----------------------  --------------------  
clk                 0.504        0.000                      0                15367        0.052        0.000                      0                15367        5.250        0.000                       0                  6981  


------------------------------------------------------------------------------------------------
| Inter Clock Table
| -----------------
------------------------------------------------------------------------------------------------

From Clock    To Clock          WNS(ns)      TNS(ns)  TNS Failing Endpoints  TNS Total Endpoints      WHS(ns)      THS(ns)  THS Failing Endpoints  THS Total Endpoints  
----------    --------          -------      -------  ---------------------  -------------------      -------      -------  ---------------------  -------------------  


------------------------------------------------------------------------------------------------
| Other Path Groups Table
| -----------------------
------------------------------------------------------------------------------------------------

Path Group    From Clock    To Clock          WNS(ns)      TNS(ns)  TNS Failing Endpoints  TNS Total Endpoints      WHS(ns)      THS(ns)  THS Failing Endpoints  THS Total Endpoints  
----------    ----------    --------          -------      -------  ---------------------  -------------------      -------      -------  ---------------------  -------------------  


------------------------------------------------------------------------------------------------
| Timing Details
| --------------
------------------------------------------------------------------------------------------------


---------------------------------------------------------------------------------------------------
From Clock:  clk
  To Clock:  clk

Setup :            0  Failing Endpoints,  Worst Slack        0.504ns,  Total Violation        0.000ns
Hold  :            0  Failing Endpoints,  Worst Slack        0.052ns,  Total Violation        0.000ns
PW    :            0  Failing Endpoints,  Worst Slack        5.250ns,  Total Violation        0.000ns
---------------------------------------------------------------------------------------------------


Max Delay Paths
--------------------------------------------------------------------------------------
Slack (MET) :             0.504ns  (required time - arrival time)
  Source:                 hash_tile_md0/HASH_BM/SHA256/w_mem_inst/w_mem_reg[0][5]/C
                            (rising edge-triggered cell FDCE clocked by clk  {rise@0.000ns fall@6.500ns period=13.000ns})
  Destination:            hash_tile_md0/HASH_BM/SHA256/a_reg_reg[29]/D
                            (rising edge-triggered cell FDCE clocked by clk  {rise@0.000ns fall@6.500ns period=13.000ns})
  Path Group:             clk
  Path Type:              Setup (Max at Slow Process Corner)
  Requirement:            13.000ns  (clk rise@13.000ns - clk rise@0.000ns)
  Data Path Delay:        12.443ns  (logic 5.576ns (44.813%)  route 6.867ns (55.187%))
  Logic Levels:           19  (CARRY4=9 LUT3=1 LUT5=4 LUT6=5)
  Clock Path Skew:        -0.049ns (DCD - SCD + CPR)
    Destination Clock Delay (DCD):    0.924ns = ( 13.924 - 13.000 ) 
    Source Clock Delay      (SCD):    0.973ns
    Clock Pessimism Removal (CPR):    0.000ns
  Clock Uncertainty:      0.035ns  ((TSJ^2 + TIJ^2)^1/2 + DJ) / 2 + PE
    Total System Jitter     (TSJ):    0.071ns
    Total Input Jitter      (TIJ):    0.000ns
    Discrete Jitter          (DJ):    0.000ns
    Phase Error              (PE):    0.000ns

    Location             Delay type                Incr(ns)  Path(ns)    Netlist Resource(s)
  -------------------------------------------------------------------    -------------------
                         (clock clk rise edge)        0.000     0.000 r  
                                                      0.000     0.000 r  clk (IN)
                         net (fo=6980, unset)         0.973     0.973    hash_tile_md0/HASH_BM/SHA256/w_mem_inst/clk
    SLICE_X79Y115        FDCE                                         r  hash_tile_md0/HASH_BM/SHA256/w_mem_inst/w_mem_reg[0][5]/C
  -------------------------------------------------------------------    -------------------
    SLICE_X79Y115        FDCE (Prop_fdce_C_Q)         0.456     1.429 r  hash_tile_md0/HASH_BM/SHA256/w_mem_inst/w_mem_reg[0][5]/Q
                         net (fo=3, routed)           1.270     2.699    hash_tile_md0/HASH_BM/SHA256/w_mem_inst/w_mem_reg[0]_27[5]
    SLICE_X79Y118        LUT5 (Prop_lut5_I0_O)        0.124     2.823 r  hash_tile_md0/HASH_BM/SHA256/w_mem_inst/w_mem[15][7]_i_13__0/O
                         net (fo=2, routed)           0.464     3.287    hash_tile_md0/HASH_BM/SHA256/w_mem_inst/w_mem[15][7]_i_13__0_n_0
    SLICE_X80Y120        LUT5 (Prop_lut5_I3_O)        0.124     3.411 r  hash_tile_md0/HASH_BM/SHA256/w_mem_inst/w_mem[15][7]_i_4__0/O
                         net (fo=2, routed)           0.572     3.983    hash_tile_md0/HASH_BM/SHA256/w_mem_inst/w_mem[15][7]_i_4__0_n_0
    SLICE_X79Y120        LUT6 (Prop_lut6_I0_O)        0.124     4.107 r  hash_tile_md0/HASH_BM/SHA256/w_mem_inst/w_mem[15][7]_i_8__0/O
                         net (fo=1, routed)           0.000     4.107    hash_tile_md0/HASH_BM/SHA256/w_mem_inst/w_mem[15][7]_i_8__0_n_0
    SLICE_X79Y120        CARRY4 (Prop_carry4_S[2]_CO[3])
                                                      0.398     4.505 r  hash_tile_md0/HASH_BM/SHA256/w_mem_inst/w_mem_reg[15][7]_i_2__0/CO[3]
                         net (fo=1, routed)           0.000     4.505    hash_tile_md0/HASH_BM/SHA256/w_mem_inst/w_mem_reg[15][7]_i_2__0_n_0
    SLICE_X79Y121        CARRY4 (Prop_carry4_CI_O[0])
                                                      0.222     4.727 r  hash_tile_md0/HASH_BM/SHA256/w_mem_inst/w_mem_reg[15][11]_i_2__0/O[0]
                         net (fo=2, routed)           0.467     5.194    hash_tile_md0/HASH_BM/SHA256/w_mem_inst/w_new[8]
    SLICE_X81Y123        LUT6 (Prop_lut6_I3_O)        0.299     5.493 r  hash_tile_md0/HASH_BM/SHA256/w_mem_inst/i___41_i_25__0/O
                         net (fo=2, routed)           0.555     6.048    hash_tile_md0/HASH_BM/SHA256/w_mem_inst/w_data[8]
    SLICE_X81Y125        LUT3 (Prop_lut3_I0_O)        0.124     6.172 r  hash_tile_md0/HASH_BM/SHA256/w_mem_inst/i___41_i_17__0/O
                         net (fo=2, routed)           0.919     7.091    hash_tile_md0/HASH_BM/SHA256/w_mem_inst/i___41_i_17__0_n_0
    SLICE_X78Y126        CARRY4 (Prop_carry4_DI[1]_CO[3])
                                                      0.507     7.598 r  hash_tile_md0/HASH_BM/SHA256/w_mem_inst/i___41_i_13__0/CO[3]
                         net (fo=1, routed)           0.000     7.598    hash_tile_md0/HASH_BM/SHA256/w_mem_inst/i___41_i_13__0_n_0
    SLICE_X78Y127        CARRY4 (Prop_carry4_CI_O[3])
                                                      0.313     7.911 r  hash_tile_md0/HASH_BM/SHA256/w_mem_inst/i___37_i_13__0/O[3]
                         net (fo=2, routed)           0.561     8.472    hash_tile_md0/HASH_BM/SHA256/w_mem_inst/i___37_i_13__0_n_4
    SLICE_X77Y129        LUT5 (Prop_lut5_I0_O)        0.306     8.778 r  hash_tile_md0/HASH_BM/SHA256/w_mem_inst/i___37_i_5__0/O
                         net (fo=2, routed)           0.615     9.393    hash_tile_md0/HASH_BM/SHA256/w_mem_inst/i___37_i_5__0_n_0
    SLICE_X76Y129        LUT6 (Prop_lut6_I0_O)        0.124     9.517 r  hash_tile_md0/HASH_BM/SHA256/w_mem_inst/i___37_i_9__0/O
                         net (fo=1, routed)           0.000     9.517    hash_tile_md0/HASH_BM/SHA256/w_mem_inst/i___37_i_9__0_n_0
    SLICE_X76Y129        CARRY4 (Prop_carry4_S[0]_CO[3])
                                                      0.513    10.030 r  hash_tile_md0/HASH_BM/SHA256/w_mem_inst/i___37_i_1__0/CO[3]
                         net (fo=1, routed)           0.000    10.030    hash_tile_md0/HASH_BM/SHA256/w_mem_inst/i___37_i_1__0_n_0
    SLICE_X76Y130        CARRY4 (Prop_carry4_CI_CO[3])
                                                      0.117    10.147 r  hash_tile_md0/HASH_BM/SHA256/w_mem_inst/i___33_i_1__0/CO[3]
                         net (fo=1, routed)           0.000    10.147    hash_tile_md0/HASH_BM/SHA256/w_mem_inst/i___33_i_1__0_n_0
    SLICE_X76Y131        CARRY4 (Prop_carry4_CI_O[0])
                                                      0.219    10.366 r  hash_tile_md0/HASH_BM/SHA256/w_mem_inst/i___29_i_1__0/O[0]
                         net (fo=4, routed)           0.524    10.890    hash_tile_md0/HASH_BM/SHA256/w_mem_inst/e_reg_reg[26][0]
    SLICE_X75Y131        LUT5 (Prop_lut5_I4_O)        0.295    11.185 r  hash_tile_md0/HASH_BM/SHA256/w_mem_inst/a_reg[27]_i_5__0/O
                         net (fo=2, routed)           0.482    11.667    hash_tile_md0/HASH_BM/SHA256/w_mem_inst/a_reg[27]_i_5__0_n_0
    SLICE_X73Y130        LUT6 (Prop_lut6_I0_O)        0.124    11.791 r  hash_tile_md0/HASH_BM/SHA256/w_mem_inst/a_reg[27]_i_9__0/O
                         net (fo=1, routed)           0.000    11.791    hash_tile_md0/HASH_BM/SHA256/w_mem_inst/a_reg[27]_i_9__0_n_0
    SLICE_X73Y130        CARRY4 (Prop_carry4_S[1]_CO[3])
                                                      0.550    12.341 r  hash_tile_md0/HASH_BM/SHA256/w_mem_inst/a_reg_reg[27]_i_2__0/CO[3]
                         net (fo=1, routed)           0.000    12.341    hash_tile_md0/HASH_BM/SHA256/w_mem_inst/a_reg_reg[27]_i_2__0_n_0
    SLICE_X73Y131        CARRY4 (Prop_carry4_CI_O[1])
                                                      0.334    12.675 r  hash_tile_md0/HASH_BM/SHA256/w_mem_inst/a_reg_reg[31]_i_2__0/O[1]
                         net (fo=1, routed)           0.438    13.113    hash_tile_md0/HASH_BM/SHA256/w_mem_inst/a_new0[29]
    SLICE_X73Y132        LUT6 (Prop_lut6_I0_O)        0.303    13.416 r  hash_tile_md0/HASH_BM/SHA256/w_mem_inst/a_reg[29]_i_1__0/O
                         net (fo=1, routed)           0.000    13.416    hash_tile_md0/HASH_BM/SHA256/w_mem_inst_n_6
    SLICE_X73Y132        FDCE                                         r  hash_tile_md0/HASH_BM/SHA256/a_reg_reg[29]/D
  -------------------------------------------------------------------    -------------------

                         (clock clk rise edge)       13.000    13.000 r  
                                                      0.000    13.000 r  clk (IN)
                         net (fo=6980, unset)         0.924    13.924    hash_tile_md0/HASH_BM/SHA256/clk
    SLICE_X73Y132        FDCE                                         r  hash_tile_md0/HASH_BM/SHA256/a_reg_reg[29]/C
                         clock pessimism              0.000    13.924    
                         clock uncertainty           -0.035    13.889    
    SLICE_X73Y132        FDCE (Setup_fdce_C_D)        0.031    13.920    hash_tile_md0/HASH_BM/SHA256/a_reg_reg[29]
  -------------------------------------------------------------------
                         required time                         13.920    
                         arrival time                         -13.416    
  -------------------------------------------------------------------
                         slack                                  0.504    





Min Delay Paths
--------------------------------------------------------------------------------------
Slack (MET) :             0.052ns  (arrival time - required time)
  Source:                 mti_md0/indices_addr0_reg[5]/C
                            (rising edge-triggered cell FDCE clocked by clk  {rise@0.000ns fall@6.500ns period=13.000ns})
  Destination:            INDICES_MEM/mem_reg/DIADI[11]
                            (rising edge-triggered cell RAMB18E1 clocked by clk  {rise@0.000ns fall@6.500ns period=13.000ns})
  Path Group:             clk
  Path Type:              Hold (Min at Fast Process Corner)
  Requirement:            0.000ns  (clk rise@0.000ns - clk rise@0.000ns)
  Data Path Delay:        0.316ns  (logic 0.128ns (40.465%)  route 0.188ns (59.535%))
  Logic Levels:           0  
  Clock Path Skew:        0.022ns (DCD - SCD - CPR)
    Destination Clock Delay (DCD):    0.432ns
    Source Clock Delay      (SCD):    0.410ns
    Clock Pessimism Removal (CPR):    -0.000ns

    Location             Delay type                Incr(ns)  Path(ns)    Netlist Resource(s)
  -------------------------------------------------------------------    -------------------
                         (clock clk rise edge)        0.000     0.000 r  
                                                      0.000     0.000 r  clk (IN)
                         net (fo=6980, unset)         0.410     0.410    mti_md0/clk
    SLICE_X9Y77          FDCE                                         r  mti_md0/indices_addr0_reg[5]/C
  -------------------------------------------------------------------    -------------------
    SLICE_X9Y77          FDCE (Prop_fdce_C_Q)         0.128     0.538 r  mti_md0/indices_addr0_reg[5]/Q
                         net (fo=3, routed)           0.188     0.726    INDICES_MEM/DIADI[11]
    RAMB18_X0Y30         RAMB18E1                                     r  INDICES_MEM/mem_reg/DIADI[11]
  -------------------------------------------------------------------    -------------------

                         (clock clk rise edge)        0.000     0.000 r  
                                                      0.000     0.000 r  clk (IN)
                         net (fo=6980, unset)         0.432     0.432    INDICES_MEM/clk
    RAMB18_X0Y30         RAMB18E1                                     r  INDICES_MEM/mem_reg/CLKARDCLK
                         clock pessimism              0.000     0.432    
    RAMB18_X0Y30         RAMB18E1 (Hold_ramb18e1_CLKARDCLK_DIADI[11])
                                                      0.243     0.675    INDICES_MEM/mem_reg
  -------------------------------------------------------------------
                         required time                         -0.675    
                         arrival time                           0.726    
  -------------------------------------------------------------------
                         slack                                  0.052    





Pulse Width Checks
--------------------------------------------------------------------------------------
Clock Name:         clk
Waveform(ns):       { 0.000 6.500 }
Period(ns):         13.000
Sources:            { clk }

Check Type        Corner  Lib Pin             Reference Pin  Required(ns)  Actual(ns)  Slack(ns)  Location      Pin
Min Period        n/a     RAMB36E1/CLKARDCLK  n/a            2.944         13.000      10.056     RAMB36_X4Y19  hash_tile_md0/BIG_MEM/mem_reg/CLKARDCLK
Low Pulse Width   Slow    RAMD32/CLK          n/a            1.250         6.500       5.250      SLICE_X76Y98  hash_tile_md0/B_FIFO_INSTANCE/fifo_mem_reg_0_7_0_5/RAMA/CLK
High Pulse Width  Slow    RAMD32/CLK          n/a            1.250         6.500       5.250      SLICE_X76Y98  hash_tile_md0/B_FIFO_INSTANCE/fifo_mem_reg_0_7_0_5/RAMA/CLK



