Copyright 1986-2022 Xilinx, Inc. All Rights Reserved. Copyright 2022-2025 Advanced Micro Devices, Inc. All Rights Reserved.
---------------------------------------------------------------------------------------------------------------------------------------------
| Tool Version : Vivado v.2025.2 (lin64) Build 6299465 Fri Nov 14 12:34:56 MST 2025
| Date         : Tue Aug 25 15:03:32 2026
| Host         : MSI running 64-bit Ubuntu 26.04 LTS
| Command      : report_timing_summary -file probe_10ns.rpt
| Design       : top
| Device       : 7a200t-fbg676
| Speed File   : -1  PRODUCTION 1.23 2018-06-13
| Design State : Routed
---------------------------------------------------------------------------------------------------------------------------------------------

Timing Summary Report

------------------------------------------------------------------------------------------------
| Timer Settings
| --------------
------------------------------------------------------------------------------------------------

  Enable Multi Corner Analysis               :  Yes
  Enable Pessimism Removal                   :  Yes
  Pessimism Removal Resolution               :  Nearest Common Node
  Enable Input Delay Default Clock           :  No
  Enable Preset / Clear Arcs                 :  No
  Disable Flight Delays                      :  No
  Ignore I/O Paths                           :  No
  Timing Early Launch at Borrowing Latches   :  No
  Borrow Time for Max Delay Exceptions       :  Yes
  Merge Timing Exceptions                    :  Yes
  Inter-SLR Compensation                     :  Conservative

  Corner  Analyze    Analyze    
  Name    Max Paths  Min Paths  
  ------  ---------  ---------  
  Slow    Yes        Yes        
  Fast    Yes        Yes        


------------------------------------------------------------------------------------------------
| Report Methodology
| ------------------
------------------------------------------------------------------------------------------------

No report available as report_methodology has not been run prior. Run report_methodology on the current design for the summary of methodology violations.



check_timing report

Table of Contents
-----------------
1. checking no_clock (4)
2. checking constant_clock (0)
3. checking pulse_width_clock (0)
4. checking unconstrained_internal_endpoints (1)
5. checking no_input_delay (170)
6. checking no_output_delay (80)
7. checking multiple_clock (0)
8. checking generated_clocks (0)
9. checking loops (0)
10. checking partial_input_delay (0)
11. checking partial_output_delay (0)
12. checking latch_loops (0)

1. checking no_clock (4)
------------------------
 There is 1 register/latch pin with no clock driven by root clock pin: wots_xmss_fsm_md0/md0/XMSS_start_reg/Q (HIGH)

 There is 1 register/latch pin with no clock driven by root clock pin: wots_xmss_fsm_md0/md0/cnt_reg[1]/Q (HIGH)

 There is 1 register/latch pin with no clock driven by root clock pin: wots_xmss_fsm_md0/md0/cnt_reg[2]/Q (HIGH)

 There is 1 register/latch pin with no clock driven by root clock pin: wots_xmss_fsm_md0/md0/cnt_reg[3]/Q (HIGH)


2. checking constant_clock (0)
------------------------------
 There are 0 register/latch pins with constant_clock.


3. checking pulse_width_clock (0)
---------------------------------
 There are 0 register/latch pins which need pulse_width check


4. checking unconstrained_internal_endpoints (1)
------------------------------------------------
 There is 1 pin that is not constrained for maximum delay. (HIGH)

 There are 0 pins that are not constrained for maximum delay due to constant clock.


5. checking no_input_delay (170)
--------------------------------
 There are 156 input ports with no input delay specified. (HIGH)

 There are 14 input ports with no input delay but user has a false path constraint. (MEDIUM)


6. checking no_output_delay (80)
--------------------------------
 There are 80 ports with no output delay specified. (HIGH)

 There are 0 ports with no output delay but user has a false path constraint

 There are 0 ports with no output delay but with a timing clock defined on it or propagating through it


7. checking multiple_clock (0)
------------------------------
 There are 0 register/latch pins with multiple clocks.


8. checking generated_clocks (0)
--------------------------------
 There are 0 generated clocks that are not connected to a clock source.


9. checking loops (0)
---------------------
 There are 0 combinational loops in the design.


10. checking partial_input_delay (0)
------------------------------------
 There are 0 input ports with partial input delay specified.


11. checking partial_output_delay (0)
-------------------------------------
 There are 0 ports with partial output delay specified.


12. checking latch_loops (0)
----------------------------
 There are 0 combinational latch loops in the design through latch input



------------------------------------------------------------------------------------------------
| Design Timing Summary
| ---------------------
------------------------------------------------------------------------------------------------

    WNS(ns)      TNS(ns)  TNS Failing Endpoints  TNS Total Endpoints      WHS(ns)      THS(ns)  THS Failing Endpoints  THS Total Endpoints     WPWS(ns)     TPWS(ns)  TPWS Failing Endpoints  TPWS Total Endpoints  
    -------      -------  ---------------------  -------------------      -------      -------  ---------------------  -------------------     --------     --------  ----------------------  --------------------  
     -1.584      -63.231                     82                15411        0.092        0.000                      0                15411        3.750        0.000                       0                  7003  


Timing constraints are not met.


------------------------------------------------------------------------------------------------
| Clock Summary
| -------------
------------------------------------------------------------------------------------------------

Clock  Waveform(ns)       Period(ns)      Frequency(MHz)
-----  ------------       ----------      --------------
clk    {0.000 5.000}      10.000          100.000         


------------------------------------------------------------------------------------------------
| Intra Clock Table
| -----------------
------------------------------------------------------------------------------------------------

Clock             WNS(ns)      TNS(ns)  TNS Failing Endpoints  TNS Total Endpoints      WHS(ns)      THS(ns)  THS Failing Endpoints  THS Total Endpoints     WPWS(ns)     TPWS(ns)  TPWS Failing Endpoints  TPWS Total Endpoints  
-----             -------      -------  ---------------------  -------------------      -------      -------  ---------------------  -------------------     --------     --------  ----------------------  --------------------  
clk                -1.584      -63.231                     82                15411        0.092        0.000                      0                15411        3.750        0.000                       0                  7003  


------------------------------------------------------------------------------------------------
| Inter Clock Table
| -----------------
------------------------------------------------------------------------------------------------

From Clock    To Clock          WNS(ns)      TNS(ns)  TNS Failing Endpoints  TNS Total Endpoints      WHS(ns)      THS(ns)  THS Failing Endpoints  THS Total Endpoints  
----------    --------          -------      -------  ---------------------  -------------------      -------      -------  ---------------------  -------------------  


------------------------------------------------------------------------------------------------
| Other Path Groups Table
| -----------------------
------------------------------------------------------------------------------------------------

Path Group    From Clock    To Clock          WNS(ns)      TNS(ns)  TNS Failing Endpoints  TNS Total Endpoints      WHS(ns)      THS(ns)  THS Failing Endpoints  THS Total Endpoints  
----------    ----------    --------          -------      -------  ---------------------  -------------------      -------      -------  ---------------------  -------------------  


------------------------------------------------------------------------------------------------
| Timing Details
| --------------
------------------------------------------------------------------------------------------------


---------------------------------------------------------------------------------------------------
From Clock:  clk
  To Clock:  clk

Setup :           82  Failing Endpoints,  Worst Slack       -1.584ns,  Total Violation      -63.231ns
Hold  :            0  Failing Endpoints,  Worst Slack        0.092ns,  Total Violation        0.000ns
PW    :            0  Failing Endpoints,  Worst Slack        3.750ns,  Total Violation        0.000ns
---------------------------------------------------------------------------------------------------


Max Delay Paths
--------------------------------------------------------------------------------------
Slack (VIOLATED) :        -1.584ns  (required time - arrival time)
  Source:                 hash_tile_md0/HASH_SM/SHA256/w_mem_inst/w_mem_reg[0][2]_replica/C
                            (rising edge-triggered cell FDCE clocked by clk  {rise@0.000ns fall@5.000ns period=10.000ns})
  Destination:            hash_tile_md0/HASH_SM/SHA256/a_reg_reg[23]/D
                            (rising edge-triggered cell FDCE clocked by clk  {rise@0.000ns fall@5.000ns period=10.000ns})
  Path Group:             clk
  Path Type:              Setup (Max at Slow Process Corner)
  Requirement:            10.000ns  (clk rise@10.000ns - clk rise@0.000ns)
  Data Path Delay:        11.532ns  (logic 5.484ns (47.553%)  route 6.048ns (52.447%))
  Logic Levels:           18  (CARRY4=8 LUT4=1 LUT5=4 LUT6=5)
  Clock Path Skew:        -0.049ns (DCD - SCD + CPR)
    Destination Clock Delay (DCD):    0.924ns = ( 10.924 - 10.000 ) 
    Source Clock Delay      (SCD):    0.973ns
    Clock Pessimism Removal (CPR):    0.000ns
  Clock Uncertainty:      0.035ns  ((TSJ^2 + TIJ^2)^1/2 + DJ) / 2 + PE
    Total System Jitter     (TSJ):    0.071ns
    Total Input Jitter      (TIJ):    0.000ns
    Discrete Jitter          (DJ):    0.000ns
    Phase Error              (PE):    0.000ns

    Location             Delay type                Incr(ns)  Path(ns)    Netlist Resource(s)
  -------------------------------------------------------------------    -------------------
                         (clock clk rise edge)        0.000     0.000 r  
                                                      0.000     0.000 r  clk (IN)
                         net (fo=7002, unset)         0.973     0.973    hash_tile_md0/HASH_SM/SHA256/w_mem_inst/clk
    SLICE_X43Y178        FDCE                                         r  hash_tile_md0/HASH_SM/SHA256/w_mem_inst/w_mem_reg[0][2]_replica/C
  -------------------------------------------------------------------    -------------------
    SLICE_X43Y178        FDCE (Prop_fdce_C_Q)         0.456     1.429 r  hash_tile_md0/HASH_SM/SHA256/w_mem_inst/w_mem_reg[0][2]_replica/Q
                         net (fo=2, routed)           0.815     2.244    hash_tile_md0/HASH_SM/SHA256/w_mem_inst/w_mem_reg[0]_13[2]_repN
    SLICE_X43Y179        LUT5 (Prop_lut5_I0_O)        0.124     2.368 r  hash_tile_md0/HASH_SM/SHA256/w_mem_inst/w_mem[15][3]_i_11/O
                         net (fo=2, routed)           0.424     2.792    hash_tile_md0/HASH_SM/SHA256/w_mem_inst/w_mem[15][3]_i_11_n_0
    SLICE_X45Y179        LUT5 (Prop_lut5_I3_O)        0.124     2.916 r  hash_tile_md0/HASH_SM/SHA256/w_mem_inst/w_mem[15][3]_i_3/O
                         net (fo=2, routed)           0.756     3.672    hash_tile_md0/HASH_SM/SHA256/w_mem_inst/w_mem[15][3]_i_3_n_0
    SLICE_X45Y181        LUT6 (Prop_lut6_I0_O)        0.124     3.796 r  hash_tile_md0/HASH_SM/SHA256/w_mem_inst/w_mem[15][3]_i_7/O
                         net (fo=1, routed)           0.000     3.796    hash_tile_md0/HASH_SM/SHA256/w_mem_inst/w_mem[15][3]_i_7_n_0
    SLICE_X45Y181        CARRY4 (Prop_carry4_S[3]_CO[3])
                                                      0.401     4.197 r  hash_tile_md0/HASH_SM/SHA256/w_mem_inst/w_mem_reg[15][3]_i_2/CO[3]
                         net (fo=1, routed)           0.000     4.197    hash_tile_md0/HASH_SM/SHA256/w_mem_inst/w_mem_reg[15][3]_i_2_n_0
    SLICE_X45Y182        CARRY4 (Prop_carry4_CI_CO[3])
                                                      0.114     4.311 r  hash_tile_md0/HASH_SM/SHA256/w_mem_inst/w_mem_reg[15][7]_i_2/CO[3]
                         net (fo=1, routed)           0.000     4.311    hash_tile_md0/HASH_SM/SHA256/w_mem_inst/w_mem_reg[15][7]_i_2_n_0
    SLICE_X45Y183        CARRY4 (Prop_carry4_CI_O[1])
                                                      0.334     4.645 r  hash_tile_md0/HASH_SM/SHA256/w_mem_inst/w_mem_reg[15][11]_i_2/O[1]
                         net (fo=2, routed)           0.466     5.111    hash_tile_md0/HASH_SM/SHA256/w_mem_inst/w_new[9]
    SLICE_X46Y183        LUT6 (Prop_lut6_I3_O)        0.303     5.414 r  hash_tile_md0/HASH_SM/SHA256/w_mem_inst/i___41_i_24/O
                         net (fo=3, routed)           0.828     6.242    hash_tile_md0/HASH_SM/SHA256/w_mem_inst/w_data[9]
    SLICE_X47Y182        LUT4 (Prop_lut4_I0_O)        0.124     6.366 r  hash_tile_md0/HASH_SM/SHA256/w_mem_inst/i___41_i_21_comp/O
                         net (fo=1, routed)           0.000     6.366    hash_tile_md0/HASH_SM/SHA256/w_mem_inst/i___41_i_21_n_0
    SLICE_X47Y182        CARRY4 (Prop_carry4_S[1]_O[3])
                                                      0.640     7.006 r  hash_tile_md0/HASH_SM/SHA256/w_mem_inst/i___41_i_13/O[3]
                         net (fo=2, routed)           0.629     7.635    hash_tile_md0/HASH_SM/SHA256/w_mem_inst/i___41_i_13_n_4
    SLICE_X50Y181        LUT5 (Prop_lut5_I0_O)        0.306     7.941 r  hash_tile_md0/HASH_SM/SHA256/w_mem_inst/i___41_i_5/O
                         net (fo=2, routed)           0.587     8.528    hash_tile_md0/HASH_SM/SHA256/w_mem_inst/i___41_i_5_n_0
    SLICE_X51Y181        LUT6 (Prop_lut6_I0_O)        0.124     8.652 r  hash_tile_md0/HASH_SM/SHA256/w_mem_inst/i___41_i_9/O
                         net (fo=1, routed)           0.000     8.652    hash_tile_md0/HASH_SM/SHA256/w_mem_inst/i___41_i_9_n_0
    SLICE_X51Y181        CARRY4 (Prop_carry4_S[0]_CO[3])
                                                      0.532     9.184 r  hash_tile_md0/HASH_SM/SHA256/w_mem_inst/i___41_i_1/CO[3]
                         net (fo=1, routed)           0.000     9.184    hash_tile_md0/HASH_SM/SHA256/w_mem_inst/i___41_i_1_n_0
    SLICE_X51Y182        CARRY4 (Prop_carry4_CI_O[1])
                                                      0.334     9.518 r  hash_tile_md0/HASH_SM/SHA256/w_mem_inst/i___37_i_1/O[1]
                         net (fo=4, routed)           0.466     9.984    hash_tile_md0/HASH_SM/SHA256/w_mem_inst/e_reg_reg[18][1]
    SLICE_X52Y181        LUT5 (Prop_lut5_I4_O)        0.303    10.287 r  hash_tile_md0/HASH_SM/SHA256/w_mem_inst/a_reg[19]_i_4/O
                         net (fo=2, routed)           0.480    10.767    hash_tile_md0/HASH_SM/SHA256/w_mem_inst/a_reg[19]_i_4_n_0
    SLICE_X58Y181        LUT6 (Prop_lut6_I0_O)        0.124    10.891 r  hash_tile_md0/HASH_SM/SHA256/w_mem_inst/a_reg[19]_i_8/O
                         net (fo=1, routed)           0.000    10.891    hash_tile_md0/HASH_SM/SHA256/w_mem_inst/a_reg[19]_i_8_n_0
    SLICE_X58Y181        CARRY4 (Prop_carry4_S[2]_CO[3])
                                                      0.398    11.289 r  hash_tile_md0/HASH_SM/SHA256/w_mem_inst/a_reg_reg[19]_i_2/CO[3]
                         net (fo=1, routed)           0.000    11.289    hash_tile_md0/HASH_SM/SHA256/w_mem_inst/a_reg_reg[19]_i_2_n_0
    SLICE_X58Y182        CARRY4 (Prop_carry4_CI_O[3])
                                                      0.313    11.602 r  hash_tile_md0/HASH_SM/SHA256/w_mem_inst/a_reg_reg[23]_i_2/O[3]
                         net (fo=1, routed)           0.597    12.199    hash_tile_md0/HASH_SM/SHA256/w_mem_inst/a_new0[23]
    SLICE_X59Y182        LUT6 (Prop_lut6_I0_O)        0.306    12.505 r  hash_tile_md0/HASH_SM/SHA256/w_mem_inst/a_reg[23]_i_1/O
                         net (fo=1, routed)           0.000    12.505    hash_tile_md0/HASH_SM/SHA256/w_mem_inst_n_13
    SLICE_X59Y182        FDCE                                         r  hash_tile_md0/HASH_SM/SHA256/a_reg_reg[23]/D
  -------------------------------------------------------------------    -------------------

                         (clock clk rise edge)       10.000    10.000 r  
                                                      0.000    10.000 r  clk (IN)
                         net (fo=7002, unset)         0.924    10.924    hash_tile_md0/HASH_SM/SHA256/clk
    SLICE_X59Y182        FDCE                                         r  hash_tile_md0/HASH_SM/SHA256/a_reg_reg[23]/C
                         clock pessimism              0.000    10.924    
                         clock uncertainty           -0.035    10.889    
    SLICE_X59Y182        FDCE (Setup_fdce_C_D)        0.032    10.921    hash_tile_md0/HASH_SM/SHA256/a_reg_reg[23]
  -------------------------------------------------------------------
                         required time                         10.921    
                         arrival time                         -12.505    
  -------------------------------------------------------------------
                         slack                                 -1.584    





Min Delay Paths
--------------------------------------------------------------------------------------
Slack (MET) :             0.092ns  (arrival time - required time)
  Source:                 mti_md0/indices_addr0_reg[4]/C
                            (rising edge-triggered cell FDCE clocked by clk  {rise@0.000ns fall@5.000ns period=10.000ns})
  Destination:            INDICES_MEM/mem_reg/DIADI[10]
                            (rising edge-triggered cell RAMB18E1 clocked by clk  {rise@0.000ns fall@5.000ns period=10.000ns})
  Path Group:             clk
  Path Type:              Hold (Min at Fast Process Corner)
  Requirement:            0.000ns  (clk rise@0.000ns - clk rise@0.000ns)
  Data Path Delay:        0.409ns  (logic 0.164ns (40.054%)  route 0.245ns (59.946%))
  Logic Levels:           0  
  Clock Path Skew:        0.022ns (DCD - SCD - CPR)
    Destination Clock Delay (DCD):    0.432ns
    Source Clock Delay      (SCD):    0.410ns
    Clock Pessimism Removal (CPR):    -0.000ns

    Location             Delay type                Incr(ns)  Path(ns)    Netlist Resource(s)
  -------------------------------------------------------------------    -------------------
                         (clock clk rise edge)        0.000     0.000 r  
                                                      0.000     0.000 r  clk (IN)
                         net (fo=7002, unset)         0.410     0.410    mti_md0/clk
    SLICE_X42Y102        FDCE                                         r  mti_md0/indices_addr0_reg[4]/C
  -------------------------------------------------------------------    -------------------
    SLICE_X42Y102        FDCE (Prop_fdce_C_Q)         0.164     0.574 r  mti_md0/indices_addr0_reg[4]/Q
                         net (fo=4, routed)           0.245     0.820    INDICES_MEM/DIADI[10]
    RAMB18_X2Y40         RAMB18E1                                     r  INDICES_MEM/mem_reg/DIADI[10]
  -------------------------------------------------------------------    -------------------

                         (clock clk rise edge)        0.000     0.000 r  
                                                      0.000     0.000 r  clk (IN)
                         net (fo=7002, unset)         0.432     0.432    INDICES_MEM/clk
    RAMB18_X2Y40         RAMB18E1                                     r  INDICES_MEM/mem_reg/CLKARDCLK
                         clock pessimism              0.000     0.432    
    RAMB18_X2Y40         RAMB18E1 (Hold_ramb18e1_CLKARDCLK_DIADI[10])
                                                      0.296     0.728    INDICES_MEM/mem_reg
  -------------------------------------------------------------------
                         required time                         -0.728    
                         arrival time                           0.820    
  -------------------------------------------------------------------
                         slack                                  0.092    





Pulse Width Checks
--------------------------------------------------------------------------------------
Clock Name:         clk
Waveform(ns):       { 0.000 5.000 }
Period(ns):         10.000
Sources:            { clk }

Check Type        Corner  Lib Pin             Reference Pin  Required(ns)  Actual(ns)  Slack(ns)  Location       Pin
Min Period        n/a     RAMB36E1/CLKARDCLK  n/a            2.944         10.000      7.056      RAMB36_X4Y27   hash_tile_md0/BIG_MEM/mem_reg/CLKARDCLK
Low Pulse Width   Slow    RAMD32/CLK          n/a            1.250         5.000       3.750      SLICE_X72Y136  hash_tile_md0/B_FIFO_INSTANCE/fifo_mem_reg_0_7_0_5/RAMA/CLK
High Pulse Width  Slow    RAMD32/CLK          n/a            1.250         5.000       3.750      SLICE_X72Y136  hash_tile_md0/B_FIFO_INSTANCE/fifo_mem_reg_0_7_0_5/RAMA/CLK



