============================================================
  Generated by:           Genus(TM) Synthesis Solution 25.12-s067_1
  Generated on:           Aug 12 2026  05:51:10 pm
  Module:                 butterfly2x2
  Operating conditions:   PVT_0P7V_25C 
  Interconnect mode:      global
  Area mode:              physical library
============================================================


Path 1: VIOLATED (-78 ps) Setup Check with Pin BF1_1_barrett_datai_reg[39]/CLK->D
          Group: clk
     Startpoint: (R) BF1_1_modei_reg[2]/CLK
          Clock: (R) clk
       Endpoint: (F) BF1_1_barrett_datai_reg[39]/D
          Clock: (R) clk

                     Capture       Launch     
        Clock Edge:+     540            0     
       Src Latency:+       0            0     
       Net Latency:+       0 (I)        0 (I) 
           Arrival:=     540            0     
                                              
             Setup:-       8                  
       Uncertainty:-      27                  
     Required Time:=     504                  
      Launch Clock:-       0                  
         Data Path:-     583                  
             Slack:=     -78                  

#------------------------------------------------------------------------------------------------------------------
#         Timing Point          Flags    Arc   Edge         Cell          Fanout Load Trans Delay Arrival Instance 
#                                                                                (fF)  (ps)  (ps)   (ps)  Location 
#------------------------------------------------------------------------------------------------------------------
  BF1_1_modei_reg[2]/CLK        -       -      R     (arrival)              2845    -     0     0       0    (-,-) 
  BF1_1_modei_reg[2]/Q          -       CLK->Q F     DFFHQx4_ASAP7_75t_SL      2  6.0    13    45      45    (-,-) 
  fopt63427/Y                   -       A->Y   R     INVx5_ASAP7_75t_SL        1  3.7     9     6      52    (-,-) 
  g48568__7098/Y                -       B->Y   F     NAND2x2_ASAP7_75t_SL      2  3.9    14     8      60    (-,-) 
  g48518__6783/Y                -       A->Y   F     OR2x6_ASAP7_75t_SL        7 19.7    25    28      87    (-,-) 
  g50198/Y                      -       A->Y   F     BUFx12f_ASAP7_75t_SL      6 20.2    16    20     107    (-,-) 
  g50194/Y                      -       A->Y   F     BUFx12f_ASAP7_75t_SL     12 21.6    16    18     125    (-,-) 
  g50190/Y                      -       A->Y   R     INVx5_ASAP7_75t_SL        4  9.3    17    11     136    (-,-) 
  g50189/Y                      -       A->Y   F     INVx4_ASAP7_75t_SL        2  3.4     9     6     142    (-,-) 
  g49198/Y                      -       B->Y   F     AND2x2_ASAP7_75t_SL       1  2.6    13    16     158    (-,-) 
  g49150/Y                      -       A->Y   F     OR2x6_ASAP7_75t_SL       13 25.8    30    30     188    (-,-) 
  BF1_1_mul_170_29_g29516/Y     -       A->Y   R     INVx8_ASAP7_75t_SL        5  7.9    16    10     198    (-,-) 
  BF1_1_mul_170_29_g29101/Y     -       A2->Y  R     OA22x2_ASAP7_75t_SL       2  4.5    20    22     220    (-,-) 
  BF1_1_mul_170_29_g28620/Y     -       B1->Y  F     OAI22x1_ASAP7_75t_SL      2  4.1    36    15     235    (-,-) 
  BF1_1_mul_170_29_g28132/Y     -       A->Y   F     MAJx2_ASAP7_75t_SL        2  4.5    20    29     264    (-,-) 
  BF1_1_mul_170_29_g27843/Y     -       A->Y   F     MAJx2_ASAP7_75t_SL        2  3.8    16    24     288    (-,-) 
  BF1_1_mul_170_29_g27634/Y     -       A->Y   R     XOR2x2_ASAP7_75t_SL       1  3.1    16    27     316    (-,-) 
  BF1_1_mul_170_29_g27541/Y     -       A->Y   R     XNOR2x1_ASAP7_75t_SL      2  3.6    30    20     336    (-,-) 
  BF1_1_mul_170_29_g27441/Y     -       B->Y   F     XOR2x2_ASAP7_75t_SL       1  2.6    13    20     356    (-,-) 
  BF1_1_mul_170_29_g27364/Y     -       B->Y   R     XOR2x2_ASAP7_75t_SL       2  3.8    18    28     384    (-,-) 
  BF1_1_mul_170_29_g27266/Y     -       A->Y   F     XOR2x2_ASAP7_75t_SL       1  2.5    13    21     405    (-,-) 
  BF1_1_mul_170_29_g27187/Y     -       A->Y   R     XOR2x2_ASAP7_75t_SL       2  3.3    16    27     432    (-,-) 
  BF1_1_mul_170_29_g27137/Y     -       B->Y   R     AND2x2_ASAP7_75t_SL       2  4.1    18    20     452    (-,-) 
  BF1_1_mul_170_29_g27108/Y     -       B->Y   F     AOI21x1_ASAP7_75t_SL      2  3.5    23    13     465    (-,-) 
  BF1_1_mul_170_29_g27078/Y     -       A2->Y  F     OA21x2_ASAP7_75t_SL       1  2.6    13    21     486    (-,-) 
  BF1_1_mul_170_29_g27061/Y     -       A2->Y  R     OAI21x1_ASAP7_75t_SL      1  2.7    25    13     500    (-,-) 
  BF1_1_mul_170_29_g27050/Y     -       B->Y   F     AOI21x1_ASAP7_75t_SL      1  2.6    24    12     512    (-,-) 
  BF1_1_mul_170_29_g27039/Y     -       B->Y   F     AND2x6_ASAP7_75t_SL       9 17.7    21    27     539    (-,-) 
  BF1_1_mul_170_29_g27019/Y     -       B1->Y  F     OA221x2_ASAP7_75t_SL      1  3.2    17    26     565    (-,-) 
  BF1_1_mul_170_29_g27005/Y     -       B->Y   F     XNOR2x1_ASAP7_75t_SL      1  2.1    27    18     583    (-,-) 
  BF1_1_barrett_datai_reg[39]/D -       -      F     DFFHQx4_ASAP7_75t_L       1    -     -     0     583    (-,-) 
#------------------------------------------------------------------------------------------------------------------



Path 2: VIOLATED (-78 ps) Setup Check with Pin BF1_2_barrett_datai_reg[39]/CLK->D
          Group: clk
     Startpoint: (R) BF1_1_modei_reg[2]/CLK
          Clock: (R) clk
       Endpoint: (F) BF1_2_barrett_datai_reg[39]/D
          Clock: (R) clk

                     Capture       Launch     
        Clock Edge:+     540            0     
       Src Latency:+       0            0     
       Net Latency:+       0 (I)        0 (I) 
           Arrival:=     540            0     
                                              
             Setup:-       8                  
       Uncertainty:-      27                  
     Required Time:=     504                  
      Launch Clock:-       0                  
         Data Path:-     583                  
             Slack:=     -78                  

#------------------------------------------------------------------------------------------------------------------
#         Timing Point          Flags    Arc   Edge         Cell          Fanout Load Trans Delay Arrival Instance 
#                                                                                (fF)  (ps)  (ps)   (ps)  Location 
#------------------------------------------------------------------------------------------------------------------
  BF1_1_modei_reg[2]/CLK        -       -      R     (arrival)              2845    -     0     0       0    (-,-) 
  BF1_1_modei_reg[2]/Q          -       CLK->Q F     DFFHQx4_ASAP7_75t_SL      2  6.0    13    45      45    (-,-) 
  fopt63427/Y                   -       A->Y   R     INVx5_ASAP7_75t_SL        1  3.7     9     6      52    (-,-) 
  g48568__7098/Y                -       B->Y   F     NAND2x2_ASAP7_75t_SL      2  3.9    14     8      60    (-,-) 
  g48518__6783/Y                -       A->Y   F     OR2x6_ASAP7_75t_SL        7 19.7    25    28      87    (-,-) 
  g50198/Y                      -       A->Y   F     BUFx12f_ASAP7_75t_SL      6 20.2    16    20     107    (-,-) 
  g50194/Y                      -       A->Y   F     BUFx12f_ASAP7_75t_SL     12 21.6    16    18     125    (-,-) 
  g50190/Y                      -       A->Y   R     INVx5_ASAP7_75t_SL        4  9.3    17    11     136    (-,-) 
  g50189/Y                      -       A->Y   F     INVx4_ASAP7_75t_SL        2  3.4     9     6     142    (-,-) 
  g49202/Y                      -       B->Y   F     AND2x2_ASAP7_75t_SL       1  2.6    13    16     158    (-,-) 
  g49147/Y                      -       A->Y   F     OR2x6_ASAP7_75t_SL       12 23.1    28    29     187    (-,-) 
  fopt4/Y                       -       A->Y   R     INVx6_ASAP7_75t_SL        5  7.5    16    11     198    (-,-) 
  BF1_2_mul_170_29_g29101/Y     -       A2->Y  R     OA22x2_ASAP7_75t_SL       2  4.6    20    22     220    (-,-) 
  BF1_2_mul_170_29_g28620/Y     -       B2->Y  F     OAI22x1_ASAP7_75t_SL      2  3.5    33    14     234    (-,-) 
  BF1_2_mul_170_29_g28520/Y     -       A->Y   F     BUFx3_ASAP7_75t_SL        1  3.2    11    19     253    (-,-) 
  BF1_2_mul_170_29_g28272/Y     -       A->Y   F     XNOR2x1_ASAP7_75t_SL      1  3.2    34    19     271    (-,-) 
  BF1_2_mul_170_29_g28035/Y     -       A->Y   F     XNOR2x1_ASAP7_75t_SL      2  4.5    31    25     296    (-,-) 
  BF1_2_mul_170_29_g27827/Y     -       A->Y   F     XNOR2x1_ASAP7_75t_SL      1  2.5    22    20     316    (-,-) 
  BF1_2_mul_170_29_g29703/Y     -       A->Y   R     XOR2x2_ASAP7_75t_SL       2  3.9    20    30     346    (-,-) 
  BF1_2_mul_170_29_g27503/Y     -       A->Y   R     MAJx2_ASAP7_75t_SL        2  4.6    20    24     369    (-,-) 
  BF1_2_mul_170_29_g27363/Y     -       B->Y   R     XNOR2x1_ASAP7_75t_SL      2  4.4    37    21     390    (-,-) 
  BF1_2_mul_170_29_g27267/Y     -       A->Y   R     XNOR2x1_ASAP7_75t_SL      1  3.1    31    22     412    (-,-) 
  BF1_2_mul_170_29_g27188/Y     -       A->Y   R     XNOR2x1_ASAP7_75t_SL      2  3.9    34    23     435    (-,-) 
  BF1_2_mul_170_29_g27143/Y     -       B->Y   R     AND2x4_ASAP7_75t_SL       2  4.1    12    18     452    (-,-) 
  BF1_2_mul_170_29_g27108/Y     -       A1->Y  F     AOI21x1_ASAP7_75t_SL      2  3.3    22    12     465    (-,-) 
  BF1_2_mul_170_29_g27078/Y     -       A2->Y  F     OA21x2_ASAP7_75t_SL       1  2.6    13    21     486    (-,-) 
  BF1_2_mul_170_29_g27061/Y     -       A2->Y  R     OAI21x1_ASAP7_75t_SL      1  2.7    25    13     500    (-,-) 
  BF1_2_mul_170_29_g27050/Y     -       B->Y   F     AOI21x1_ASAP7_75t_SL      1  2.6    24    12     512    (-,-) 
  BF1_2_mul_170_29_g27039/Y     -       B->Y   F     AND2x6_ASAP7_75t_SL       9 17.7    21    27     539    (-,-) 
  BF1_2_mul_170_29_g27019/Y     -       B1->Y  F     OA221x2_ASAP7_75t_SL      1  3.2    17    26     565    (-,-) 
  BF1_2_mul_170_29_g27005/Y     -       B->Y   F     XNOR2x1_ASAP7_75t_SL      1  2.1    27    18     583    (-,-) 
  BF1_2_barrett_datai_reg[39]/D -       -      F     DFFHQx4_ASAP7_75t_L       1    -     -     0     583    (-,-) 
#------------------------------------------------------------------------------------------------------------------



Path 3: VIOLATED (-78 ps) Setup Check with Pin BF1_2_barrett_datai_reg[39]/CLK->D
          Group: clk
     Startpoint: (R) BF1_1_modei_reg[2]/CLK
          Clock: (R) clk
       Endpoint: (F) BF1_2_barrett_datai_reg[39]/D
          Clock: (R) clk

                     Capture       Launch     
        Clock Edge:+     540            0     
       Src Latency:+       0            0     
       Net Latency:+       0 (I)        0 (I) 
           Arrival:=     540            0     
                                              
             Setup:-       8                  
       Uncertainty:-      27                  
     Required Time:=     504                  
      Launch Clock:-       0                  
         Data Path:-     583                  
             Slack:=     -78                  

#--------------------------------------------------------------------------------------------------------------------
#         Timing Point          Flags    Arc   Edge          Cell           Fanout Load Trans Delay Arrival Instance 
#                                                                                  (fF)  (ps)  (ps)   (ps)  Location 
#--------------------------------------------------------------------------------------------------------------------
  BF1_1_modei_reg[2]/CLK        -       -      R     (arrival)                2845    -     0     0       0    (-,-) 
  BF1_1_modei_reg[2]/Q          -       CLK->Q F     DFFHQx4_ASAP7_75t_SL        2  6.0    13    45      45    (-,-) 
  fopt63427/Y                   -       A->Y   R     INVx5_ASAP7_75t_SL          1  3.7     9     6      52    (-,-) 
  g48568__7098/Y                -       B->Y   F     NAND2x2_ASAP7_75t_SL        2  3.9    14     8      60    (-,-) 
  g48518__6783/Y                -       A->Y   F     OR2x6_ASAP7_75t_SL          7 19.7    25    28      87    (-,-) 
  g50198/Y                      -       A->Y   F     BUFx12f_ASAP7_75t_SL        6 20.2    16    20     107    (-,-) 
  g50194/Y                      -       A->Y   F     BUFx12f_ASAP7_75t_SL       12 21.6    16    18     125    (-,-) 
  g50190/Y                      -       A->Y   R     INVx5_ASAP7_75t_SL          4  9.3    17    11     136    (-,-) 
  g50189/Y                      -       A->Y   F     INVx4_ASAP7_75t_SL          2  3.4     9     6     142    (-,-) 
  g49202/Y                      -       B->Y   F     AND2x2_ASAP7_75t_SL         1  2.6    13    16     158    (-,-) 
  g49147/Y                      -       A->Y   F     OR2x6_ASAP7_75t_SL         12 23.1    28    29     187    (-,-) 
  fopt4/Y                       -       A->Y   R     INVx6_ASAP7_75t_SL          5  7.5    16    11     198    (-,-) 
  BF1_2_mul_170_29_g29197/Y     -       B1->Y  R     AO22x2_ASAP7_75t_SL         2  3.9    20    20     217    (-,-) 
  BF1_2_mul_170_29_g28684/Y     -       B1->Y  F     AOI22x1_ASAP7_75t_SL        2  4.4    46    15     233    (-,-) 
  BF1_2_mul_170_29_g28228/Y     -       A->Y   F     XOR2x2_ASAP7_75t_SL         1  3.2    16    29     262    (-,-) 
  BF1_2_mul_170_29_g27973/Y     -       A->Y   F     XNOR2x1_ASAP7_75t_SL        2  4.4    28    22     284    (-,-) 
  BF1_2_mul_170_29_g27799/Y     -       A->Y   F     XNOR2x1_ASAP7_75t_SL        1  3.2    24    21     305    (-,-) 
  BF1_2_mul_170_29_g27638/Y     -       B->Y   F     XNOR2x1_ASAP7_75t_SL        2  3.9    27    23     328    (-,-) 
  BF1_2_mul_170_29_g27564/Y     -       A->Y   F     MAJx2_ASAP7_75t_SL          2  4.5    18    27     355    (-,-) 
  BF1_2_mul_170_29_g27405/Y     -       A->Y   F     MAJx2_ASAP7_75t_SL          2  4.2    17    25     379    (-,-) 
  BF1_2_mul_170_29_g27308/Y     -       B->Y   R     XNOR2x2_ASAP7_75t_SL        1  2.5    14    23     402    (-,-) 
  BF1_2_mul_170_29_g27227/Y     -       B->Y   F     XNOR2x2_ASAP7_75t_SL        2  5.4    20    30     432    (-,-) 
  BF1_2_mul_170_29_g27171/Y     -       B->Y   R     NAND2x1p5_ASAP7_75t_SL      2  3.5    23    14     446    (-,-) 
  BF1_2_mul_170_29_g27158/Y     -       A->Y   R     BUFx3_ASAP7_75t_SL          2  3.9    13    17     463    (-,-) 
  BF1_2_mul_170_29_g27113/Y     -       B->Y   R     AND2x4_ASAP7_75t_SL         2  3.9    11    15     478    (-,-) 
  BF1_2_mul_170_29_g27099/Y     -       A->Y   R     AND2x4_ASAP7_75t_SL         2  3.9    11    14     493    (-,-) 
  BF1_2_mul_170_29_g27083/Y     -       A->Y   R     AND2x4_ASAP7_75t_SL         1  3.7    11    14     507    (-,-) 
  BF1_2_mul_170_29_g27063/Y     -       B->Y   F     NAND2x2_ASAP7_75t_SL        1  2.6    13     7     514    (-,-) 
  BF1_2_mul_170_29_g27039/Y     -       A->Y   F     AND2x6_ASAP7_75t_SL         9 17.7    21    25     539    (-,-) 
  BF1_2_mul_170_29_g27019/Y     -       B1->Y  F     OA221x2_ASAP7_75t_SL        1  3.2    17    26     565    (-,-) 
  BF1_2_mul_170_29_g27005/Y     -       B->Y   F     XNOR2x1_ASAP7_75t_SL        1  2.1    27    18     583    (-,-) 
  BF1_2_barrett_datai_reg[39]/D -       -      F     DFFHQx4_ASAP7_75t_L         1    -     -     0     583    (-,-) 
#--------------------------------------------------------------------------------------------------------------------



Path 4: VIOLATED (-78 ps) Setup Check with Pin BF1_2_barrett_datai_reg[39]/CLK->D
          Group: clk
     Startpoint: (R) BF1_1_modei_reg[2]/CLK
          Clock: (R) clk
       Endpoint: (F) BF1_2_barrett_datai_reg[39]/D
          Clock: (R) clk

                     Capture       Launch     
        Clock Edge:+     540            0     
       Src Latency:+       0            0     
       Net Latency:+       0 (I)        0 (I) 
           Arrival:=     540            0     
                                              
             Setup:-       8                  
       Uncertainty:-      27                  
     Required Time:=     504                  
      Launch Clock:-       0                  
         Data Path:-     583                  
             Slack:=     -78                  

#------------------------------------------------------------------------------------------------------------------
#         Timing Point          Flags    Arc   Edge         Cell          Fanout Load Trans Delay Arrival Instance 
#                                                                                (fF)  (ps)  (ps)   (ps)  Location 
#------------------------------------------------------------------------------------------------------------------
  BF1_1_modei_reg[2]/CLK        -       -      R     (arrival)              2845    -     0     0       0    (-,-) 
  BF1_1_modei_reg[2]/Q          -       CLK->Q R     DFFHQx4_ASAP7_75t_SL      2  6.0    15    45      45    (-,-) 
  fopt63427/Y                   -       A->Y   F     INVx5_ASAP7_75t_SL        1  3.7     8     5      50    (-,-) 
  g48568__7098/Y                -       B->Y   R     NAND2x2_ASAP7_75t_SL      2  3.9    20    11      61    (-,-) 
  g48518__6783/Y                -       A->Y   R     OR2x6_ASAP7_75t_SL        7 19.7    28    26      88    (-,-) 
  g50198/Y                      -       A->Y   R     BUFx12f_ASAP7_75t_SL      6 20.2    18    19     106    (-,-) 
  g50187/Y                      -       A->Y   R     BUFx12f_ASAP7_75t_SL     14 21.2    18    18     124    (-,-) 
  g49423/Y                      -       B2->Y  R     AO22x2_ASAP7_75t_SL       1  4.0    19    22     146    (-,-) 
  g49412/Y                      -       A->Y   R     BUFx12f_ASAP7_75t_SL     13 23.6    19    19     165    (-,-) 
  BF1_2_mul_170_29_g29523/Y     -       A->Y   F     INVx11_ASAP7_75t_SL      12 16.3    15     9     174    (-,-) 
  BF1_2_mul_170_29_g28884/Y     -       B2->Y  F     AO22x1_ASAP7_75t_SL       2  3.4    25    26     199    (-,-) 
  BF1_2_mul_170_29_g28767/Y     -       A->Y   R     INVx1_ASAP7_75t_SL        1  2.1    20    13     213    (-,-) 
  BF1_2_mul_170_29_g28461/Y     -       A2->Y  R     OA22x2_ASAP7_75t_SL       2  3.9    20    22     235    (-,-) 
  BF1_2_mul_170_29_g28203/Y     -       A->Y   F     XNOR2x2_ASAP7_75t_SL      1  3.2    15    28     262    (-,-) 
  BF1_2_mul_170_29_g27935/Y     -       A->Y   F     XNOR2x1_ASAP7_75t_SL      2  5.0    31    23     285    (-,-) 
  BF1_2_mul_170_29_g27795/Y     -       B->Y   F     XNOR2x1_ASAP7_75t_SL      1  3.2    26    22     308    (-,-) 
  BF1_2_mul_170_29_g27652/Y     -       A->Y   R     XNOR2x1_ASAP7_75t_SL      2  3.8    34    20     328    (-,-) 
  BF1_2_mul_170_29_g27506/Y     -       A->Y   R     MAJx2_ASAP7_75t_SL        2  3.8    18    24     352    (-,-) 
  BF1_2_mul_170_29_g27392/Y     -       A->Y   F     XNOR2x2_ASAP7_75t_L       1  2.5    14    32     384    (-,-) 
  BF1_2_mul_170_29_g27318/Y     -       A->Y   R     XOR2x2_ASAP7_75t_SL       2  3.9    18    28     412    (-,-) 
  BF1_2_mul_170_29_g27185/Y     -       A->Y   F     XNOR2x2_ASAP7_75t_SL      2  4.4    18    30     441    (-,-) 
  BF1_2_mul_170_29_g27155/Y     -       B->Y   F     AND2x4_ASAP7_75t_SL       3  7.6    15    19     460    (-,-) 
  BF1_2_mul_170_29_g27145/Y     -       A->Y   R     INVx4_ASAP7_75t_SL        2  4.5    12     8     468    (-,-) 
  BF1_2_mul_170_29_g27080/Y     -       A1->Y  F     AOI21x1_ASAP7_75t_SL      1  2.6    23    11     479    (-,-) 
  BF1_2_mul_170_29_g27062/Y     -       A2->Y  R     OAI21x1_ASAP7_75t_SL      2  4.0    34    18     498    (-,-) 
  BF1_2_mul_170_29_g27050/Y     -       A1->Y  F     AOI21x1_ASAP7_75t_SL      1  2.6    24    14     512    (-,-) 
  BF1_2_mul_170_29_g27039/Y     -       B->Y   F     AND2x6_ASAP7_75t_SL       9 17.7    21    27     539    (-,-) 
  BF1_2_mul_170_29_g27019/Y     -       B1->Y  F     OA221x2_ASAP7_75t_SL      1  3.2    17    26     565    (-,-) 
  BF1_2_mul_170_29_g27005/Y     -       B->Y   F     XNOR2x1_ASAP7_75t_SL      1  2.1    27    18     583    (-,-) 
  BF1_2_barrett_datai_reg[39]/D -       -      F     DFFHQx4_ASAP7_75t_L       1    -     -     0     583    (-,-) 
#------------------------------------------------------------------------------------------------------------------



Path 5: VIOLATED (-78 ps) Setup Check with Pin BF1_1_barrett_datai_reg[39]/CLK->D
          Group: clk
     Startpoint: (R) BF1_1_modei_reg[2]/CLK
          Clock: (R) clk
       Endpoint: (F) BF1_1_barrett_datai_reg[39]/D
          Clock: (R) clk

                     Capture       Launch     
        Clock Edge:+     540            0     
       Src Latency:+       0            0     
       Net Latency:+       0 (I)        0 (I) 
           Arrival:=     540            0     
                                              
             Setup:-       8                  
       Uncertainty:-      27                  
     Required Time:=     504                  
      Launch Clock:-       0                  
         Data Path:-     583                  
             Slack:=     -78                  

#--------------------------------------------------------------------------------------------------------------------
#         Timing Point          Flags    Arc   Edge          Cell           Fanout Load Trans Delay Arrival Instance 
#                                                                                  (fF)  (ps)  (ps)   (ps)  Location 
#--------------------------------------------------------------------------------------------------------------------
  BF1_1_modei_reg[2]/CLK        -       -      R     (arrival)                2845    -     0     0       0    (-,-) 
  BF1_1_modei_reg[2]/Q          -       CLK->Q R     DFFHQx4_ASAP7_75t_SL        2  6.0    15    45      45    (-,-) 
  fopt63427/Y                   -       A->Y   F     INVx5_ASAP7_75t_SL          1  3.7     8     5      50    (-,-) 
  g48568__7098/Y                -       B->Y   R     NAND2x2_ASAP7_75t_SL        2  3.9    20    11      61    (-,-) 
  g48518__6783/Y                -       A->Y   R     OR2x6_ASAP7_75t_SL          7 19.7    28    26      88    (-,-) 
  g50198/Y                      -       A->Y   R     BUFx12f_ASAP7_75t_SL        6 20.2    18    19     106    (-,-) 
  g50194/Y                      -       A->Y   R     BUFx12f_ASAP7_75t_SL       12 21.6    18    18     124    (-,-) 
  g50193/Y                      -       A->Y   F     INVx5_ASAP7_75t_SL          4  6.1    12     7     132    (-,-) 
  g49313/Y                      -       A1->Y  F     AO22x2_ASAP7_75t_SL         1  4.0    18    23     154    (-,-) 
  g49303/Y                      -       A->Y   F     BUFx12f_ASAP7_75t_SL       14 26.3    18    20     174    (-,-) 
  BF1_1_mul_170_29_g29317/Y     -       A->Y   R     INVx8_ASAP7_75t_SL         10 15.2    18    12     186    (-,-) 
  BF1_1_mul_170_29_g28952/Y     -       A2->Y  R     OA22x2_ASAP7_75t_SL         2  3.4    18    21     207    (-,-) 
  BF1_1_mul_170_29_g28481/Y     -       A2->Y  F     OAI22xp5_ASAP7_75t_SL       2  4.3    57    25     232    (-,-) 
  BF1_1_mul_170_29_g28244/Y     -       B->Y   R     XNOR2xp5_ASAP7_75t_SL       1  2.6    51    32     263    (-,-) 
  BF1_1_mul_170_29_g29715/Y     -       A->Y   F     XNOR2x2_ASAP7_75t_SL        2  4.4    18    32     296    (-,-) 
  BF1_1_mul_170_29_g27823/Y     -       A->Y   F     XOR2xp5_ASAP7_75t_SL        1  2.5    32    19     315    (-,-) 
  BF1_1_mul_170_29_g27684/Y     -       A->Y   R     XOR2x2_ASAP7_75t_SL         2  5.1    22    33     348    (-,-) 
  BF1_1_mul_170_29_g27534/Y     -       B->Y   R     XOR2x1_ASAP7_75t_SL         1  3.2    28    21     369    (-,-) 
  BF1_1_mul_170_29_g27429/Y     -       B->Y   R     XNOR2x1_ASAP7_75t_SL        2  3.9    33    20     389    (-,-) 
  BF1_1_mul_170_29_g27347/Y     -       B->Y   F     XNOR2x2_ASAP7_75t_SL        1  3.2    15    28     417    (-,-) 
  BF1_1_mul_170_29_g27265/Y     -       A->Y   F     XNOR2x1_ASAP7_75t_SL        2  3.9    25    21     438    (-,-) 
  BF1_1_mul_170_29_g27172/Y     -       B->Y   F     AND2x4_ASAP7_75t_SL         4  7.7    15    21     459    (-,-) 
  BF1_1_mul_170_29_g27135/Y     -       B->Y   R     NOR2x1p5_ASAP7_75t_SL       1  2.6    17    11     469    (-,-) 
  BF1_1_mul_170_29_g27107/Y     -       C->Y   R     AND3x4_ASAP7_75t_SL         2  4.4    15    21     490    (-,-) 
  BF1_1_mul_170_29_g27083/Y     -       B->Y   R     AND2x4_ASAP7_75t_SL         1  3.1    10    15     505    (-,-) 
  BF1_1_mul_170_29_g27063/Y     -       A->Y   F     NAND2x1p5_ASAP7_75t_SL      1  2.6    18     7     512    (-,-) 
  BF1_1_mul_170_29_g27039/Y     -       A->Y   F     AND2x6_ASAP7_75t_SL         9 17.7    21    26     539    (-,-) 
  BF1_1_mul_170_29_g27019/Y     -       B1->Y  F     OA221x2_ASAP7_75t_SL        1  3.2    17    26     565    (-,-) 
  BF1_1_mul_170_29_g27005/Y     -       B->Y   F     XNOR2x1_ASAP7_75t_SL        1  2.1    27    18     583    (-,-) 
  BF1_1_barrett_datai_reg[39]/D -       -      F     DFFHQx4_ASAP7_75t_L         1    -     -     0     583    (-,-) 
#--------------------------------------------------------------------------------------------------------------------



Path 6: VIOLATED (-78 ps) Setup Check with Pin BF1_1_barrett_datai_reg[39]/CLK->D
          Group: clk
     Startpoint: (R) BF1_1_modei_reg[2]/CLK
          Clock: (R) clk
       Endpoint: (F) BF1_1_barrett_datai_reg[39]/D
          Clock: (R) clk

                     Capture       Launch     
        Clock Edge:+     540            0     
       Src Latency:+       0            0     
       Net Latency:+       0 (I)        0 (I) 
           Arrival:=     540            0     
                                              
             Setup:-       8                  
       Uncertainty:-      27                  
     Required Time:=     504                  
      Launch Clock:-       0                  
         Data Path:-     583                  
             Slack:=     -78                  

#--------------------------------------------------------------------------------------------------------------------
#         Timing Point          Flags    Arc   Edge          Cell           Fanout Load Trans Delay Arrival Instance 
#                                                                                  (fF)  (ps)  (ps)   (ps)  Location 
#--------------------------------------------------------------------------------------------------------------------
  BF1_1_modei_reg[2]/CLK        -       -      R     (arrival)                2845    -     0     0       0    (-,-) 
  BF1_1_modei_reg[2]/Q          -       CLK->Q F     DFFHQx4_ASAP7_75t_SL        2  6.0    13    45      45    (-,-) 
  fopt63427/Y                   -       A->Y   R     INVx5_ASAP7_75t_SL          1  3.7     9     6      52    (-,-) 
  g48568__7098/Y                -       B->Y   F     NAND2x2_ASAP7_75t_SL        2  3.9    14     8      60    (-,-) 
  g48518__6783/Y                -       A->Y   F     OR2x6_ASAP7_75t_SL          7 19.7    25    28      87    (-,-) 
  g50198/Y                      -       A->Y   F     BUFx12f_ASAP7_75t_SL        6 20.2    16    20     107    (-,-) 
  g50194/Y                      -       A->Y   F     BUFx12f_ASAP7_75t_SL       12 21.6    16    18     125    (-,-) 
  g50190/Y                      -       A->Y   R     INVx5_ASAP7_75t_SL          4  9.3    17    11     136    (-,-) 
  g50189/Y                      -       A->Y   F     INVx4_ASAP7_75t_SL          2  3.4     9     6     142    (-,-) 
  g49198/Y                      -       B->Y   F     AND2x2_ASAP7_75t_SL         1  2.6    13    16     158    (-,-) 
  g49150/Y                      -       A->Y   F     OR2x6_ASAP7_75t_SL         13 25.8    30    30     188    (-,-) 
  BF1_1_mul_170_29_g29516/Y     -       A->Y   R     INVx8_ASAP7_75t_SL          5  7.9    16    10     198    (-,-) 
  BF1_1_mul_170_29_g29197/Y     -       B1->Y  R     AO22x2_ASAP7_75t_SL         2  3.9    20    20     218    (-,-) 
  BF1_1_mul_170_29_g28684/Y     -       B1->Y  F     AOI22x1_ASAP7_75t_SL        2  4.4    40    15     233    (-,-) 
  BF1_1_mul_170_29_g28228/Y     -       A->Y   F     XOR2x2_ASAP7_75t_SL         1  3.2    16    28     262    (-,-) 
  BF1_1_mul_170_29_g27973/Y     -       A->Y   F     XNOR2x1_ASAP7_75t_SL        2  4.4    28    22     283    (-,-) 
  BF1_1_mul_170_29_g27799/Y     -       A->Y   F     XNOR2x1_ASAP7_75t_SL        1  3.2    24    21     304    (-,-) 
  BF1_1_mul_170_29_g27638/Y     -       B->Y   F     XNOR2x1_ASAP7_75t_SL        2  3.9    27    23     327    (-,-) 
  BF1_1_mul_170_29_g27564/Y     -       A->Y   F     MAJx2_ASAP7_75t_SL          2  4.5    18    27     354    (-,-) 
  BF1_1_mul_170_29_g27405/Y     -       A->Y   F     MAJx2_ASAP7_75t_SL          2  3.8    16    24     378    (-,-) 
  BF1_1_mul_170_29_g27308/Y     -       B->Y   R     XNOR2x2_ASAP7_75t_SL        1  2.5    14    23     401    (-,-) 
  BF1_1_mul_170_29_g27227/Y     -       B->Y   F     XNOR2x2_ASAP7_75t_SL        2  5.4    20    30     431    (-,-) 
  BF1_1_mul_170_29_g27171/Y     -       B->Y   R     NAND2x1p5_ASAP7_75t_SL      2  3.5    23    14     445    (-,-) 
  BF1_1_mul_170_29_g27158/Y     -       A->Y   R     BUFx3_ASAP7_75t_SL          2  3.9    13    17     462    (-,-) 
  BF1_1_mul_170_29_g27113/Y     -       B->Y   R     AND2x4_ASAP7_75t_SL         2  3.9    11    15     477    (-,-) 
  BF1_1_mul_170_29_g27099/Y     -       A->Y   R     AND2x4_ASAP7_75t_SL         2  3.9    11    14     491    (-,-) 
  BF1_1_mul_170_29_g27083/Y     -       A->Y   R     AND2x4_ASAP7_75t_SL         1  3.1    10    14     505    (-,-) 
  BF1_1_mul_170_29_g27063/Y     -       A->Y   F     NAND2x1p5_ASAP7_75t_SL      1  2.6    18     7     512    (-,-) 
  BF1_1_mul_170_29_g27039/Y     -       A->Y   F     AND2x6_ASAP7_75t_SL         9 17.7    21    26     539    (-,-) 
  BF1_1_mul_170_29_g27019/Y     -       B1->Y  F     OA221x2_ASAP7_75t_SL        1  3.2    17    26     565    (-,-) 
  BF1_1_mul_170_29_g27005/Y     -       B->Y   F     XNOR2x1_ASAP7_75t_SL        1  2.1    27    18     583    (-,-) 
  BF1_1_barrett_datai_reg[39]/D -       -      F     DFFHQx4_ASAP7_75t_L         1    -     -     0     583    (-,-) 
#--------------------------------------------------------------------------------------------------------------------



Path 7: VIOLATED (-78 ps) Setup Check with Pin BF1_1_barrett_datai_reg[39]/CLK->D
          Group: clk
     Startpoint: (R) BF1_1_modei_reg[2]/CLK
          Clock: (R) clk
       Endpoint: (F) BF1_1_barrett_datai_reg[39]/D
          Clock: (R) clk

                     Capture       Launch     
        Clock Edge:+     540            0     
       Src Latency:+       0            0     
       Net Latency:+       0 (I)        0 (I) 
           Arrival:=     540            0     
                                              
             Setup:-       8                  
       Uncertainty:-      27                  
     Required Time:=     504                  
      Launch Clock:-       0                  
         Data Path:-     583                  
             Slack:=     -78                  

#--------------------------------------------------------------------------------------------------------------------
#         Timing Point          Flags    Arc   Edge          Cell           Fanout Load Trans Delay Arrival Instance 
#                                                                                  (fF)  (ps)  (ps)   (ps)  Location 
#--------------------------------------------------------------------------------------------------------------------
  BF1_1_modei_reg[2]/CLK        -       -      R     (arrival)                2845    -     0     0       0    (-,-) 
  BF1_1_modei_reg[2]/Q          -       CLK->Q F     DFFHQx4_ASAP7_75t_SL        2  6.0    13    45      45    (-,-) 
  fopt63427/Y                   -       A->Y   R     INVx5_ASAP7_75t_SL          1  3.7     9     6      52    (-,-) 
  g48568__7098/Y                -       B->Y   F     NAND2x2_ASAP7_75t_SL        2  3.9    14     8      60    (-,-) 
  g48518__6783/Y                -       A->Y   F     OR2x6_ASAP7_75t_SL          7 19.7    25    28      87    (-,-) 
  g50198/Y                      -       A->Y   F     BUFx12f_ASAP7_75t_SL        6 20.2    16    20     107    (-,-) 
  g50187/Y                      -       A->Y   F     BUFx12f_ASAP7_75t_SL       14 21.2    16    18     125    (-,-) 
  g50175/Y                      -       A->Y   R     INVx3_ASAP7_75t_SL          2  3.4    12     8     133    (-,-) 
  g49237/Y                      -       A2->Y  R     AO22x2_ASAP7_75t_SL         1  4.0    19    22     155    (-,-) 
  g49225/Y                      -       A->Y   R     BUFx12f_ASAP7_75t_SL       13 27.2    22    20     175    (-,-) 
  BF1_1_mul_170_29_g29517/Y     -       A->Y   F     INVx11_ASAP7_75t_SL         9 14.3    14     8     183    (-,-) 
  BF1_1_mul_170_29_g28911/Y     -       A2->Y  F     OA22x2_ASAP7_75t_SL         2  3.5    17    22     205    (-,-) 
  BF1_1_mul_170_29_g28774/Y     -       A->Y   R     INVx1_ASAP7_75t_SL          1  1.9    17    11     216    (-,-) 
  BF1_1_mul_170_29_g28451/Y     -       A2->Y  R     AO22x1_ASAP7_75t_SL         2  4.9    38    30     247    (-,-) 
  BF1_1_mul_170_29_g28227/Y     -       A->Y   R     XNOR2x1_ASAP7_75t_SL        1  3.1    38    22     269    (-,-) 
  BF1_1_mul_170_29_g27972/Y     -       A->Y   R     XNOR2x1_ASAP7_75t_SL        2  4.9    43    25     294    (-,-) 
  BF1_1_mul_170_29_g27810/Y     -       A->Y   R     XNOR2x1_ASAP7_75t_SL        1  3.1    33    23     317    (-,-) 
  BF1_1_mul_170_29_g27690/Y     -       A->Y   R     XNOR2x1_ASAP7_75t_SL        2  4.2    36    23     340    (-,-) 
  BF1_1_mul_170_29_g27531/Y     -       A->Y   F     XOR2x2_ASAP7_75t_SL         1  2.6    14    22     363    (-,-) 
  BF1_1_mul_170_29_g27460/Y     -       B->Y   R     XOR2x2_ASAP7_75t_SL         2  5.0    21    30     393    (-,-) 
  BF1_1_mul_170_29_g27354/Y     -       A->Y   R     XOR2x1_ASAP7_75t_SL         1  2.5    24    19     413    (-,-) 
  BF1_1_mul_170_29_g27264/Y     -       B->Y   F     XNOR2x2_ASAP7_75t_SL        2  3.8    16    28     441    (-,-) 
  BF1_1_mul_170_29_g27207/Y     -       B->Y   F     AND2x4_ASAP7_75t_SL         3  6.4    13    18     459    (-,-) 
  BF1_1_mul_170_29_g27135/Y     -       A->Y   R     NOR2x1p5_ASAP7_75t_SL       1  2.6    17    10     469    (-,-) 
  BF1_1_mul_170_29_g27107/Y     -       C->Y   R     AND3x4_ASAP7_75t_SL         2  4.4    15    21     490    (-,-) 
  BF1_1_mul_170_29_g27083/Y     -       B->Y   R     AND2x4_ASAP7_75t_SL         1  3.1    10    15     505    (-,-) 
  BF1_1_mul_170_29_g27063/Y     -       A->Y   F     NAND2x1p5_ASAP7_75t_SL      1  2.6    18     7     512    (-,-) 
  BF1_1_mul_170_29_g27039/Y     -       A->Y   F     AND2x6_ASAP7_75t_SL         9 17.7    21    26     539    (-,-) 
  BF1_1_mul_170_29_g27019/Y     -       B1->Y  F     OA221x2_ASAP7_75t_SL        1  3.2    17    26     565    (-,-) 
  BF1_1_mul_170_29_g27005/Y     -       B->Y   F     XNOR2x1_ASAP7_75t_SL        1  2.1    27    18     583    (-,-) 
  BF1_1_barrett_datai_reg[39]/D -       -      F     DFFHQx4_ASAP7_75t_L         1    -     -     0     583    (-,-) 
#--------------------------------------------------------------------------------------------------------------------



Path 8: VIOLATED (-78 ps) Setup Check with Pin BF1_2_barrett_datai_reg[42]/CLK->D
          Group: clk
     Startpoint: (R) BF1_1_modei_reg[2]/CLK
          Clock: (R) clk
       Endpoint: (R) BF1_2_barrett_datai_reg[42]/D
          Clock: (R) clk

                     Capture       Launch     
        Clock Edge:+     540            0     
       Src Latency:+       0            0     
       Net Latency:+       0 (I)        0 (I) 
           Arrival:=     540            0     
                                              
             Setup:-      12                  
       Uncertainty:-      27                  
     Required Time:=     501                  
      Launch Clock:-       0                  
         Data Path:-     579                  
             Slack:=     -78                  

#-------------------------------------------------------------------------------------------------------------------
#         Timing Point          Flags    Arc   Edge         Cell           Fanout Load Trans Delay Arrival Instance 
#                                                                                 (fF)  (ps)  (ps)   (ps)  Location 
#-------------------------------------------------------------------------------------------------------------------
  BF1_1_modei_reg[2]/CLK        -       -      R     (arrival)               2845    -     0     0       0    (-,-) 
  BF1_1_modei_reg[2]/Q          -       CLK->Q R     DFFHQx4_ASAP7_75t_SL       2  6.0    15    45      45    (-,-) 
  fopt63427/Y                   -       A->Y   F     INVx5_ASAP7_75t_SL         1  3.7     8     5      50    (-,-) 
  g48568__7098/Y                -       B->Y   R     NAND2x2_ASAP7_75t_SL       2  3.9    20    11      61    (-,-) 
  g48518__6783/Y                -       A->Y   R     OR2x6_ASAP7_75t_SL         7 19.7    28    26      88    (-,-) 
  g50198/Y                      -       A->Y   R     BUFx12f_ASAP7_75t_SL       6 20.2    18    19     106    (-,-) 
  g50187/Y                      -       A->Y   R     BUFx12f_ASAP7_75t_SL      14 21.2    18    18     124    (-,-) 
  g50175/Y                      -       A->Y   F     INVx3_ASAP7_75t_SL         2  3.4    11     7     131    (-,-) 
  g49315/Y                      -       A2->Y  F     AO22x2_ASAP7_75t_SL        1  4.0    18    22     153    (-,-) 
  g49305/Y                      -       A->Y   F     BUFx12f_ASAP7_75t_SL      14 27.9    19    20     173    (-,-) 
  BF1_2_mul_170_29_g29515/Y     -       A->Y   R     INVx11_ASAP7_75t_SL       10 16.1    17    11     184    (-,-) 
  BF1_2_mul_170_29_g29120/Y     -       A2->Y  F     OAI22xp5_ASAP7_75t_SL      2  3.1    44    20     204    (-,-) 
  BF1_2_mul_170_29_g28649/Y     -       B2->Y  F     AO22x1_ASAP7_75t_SL        2  4.5    30    34     238    (-,-) 
  BF1_2_mul_170_29_g28262/Y     -       A->Y   F     XNOR2x1_ASAP7_75t_SL       1  2.5    35    20     258    (-,-) 
  BF1_2_mul_170_29_g28017/Y     -       A->Y   R     XOR2x2_ASAP7_75t_SL        2  4.0    19    32     290    (-,-) 
  BF1_2_mul_170_29_g27634/Y     -       B->Y   F     XOR2x2_ASAP7_75t_SL        1  3.2    15    21     311    (-,-) 
  BF1_2_mul_170_29_g27541/Y     -       A->Y   F     XNOR2x1_ASAP7_75t_SL       2  3.6    24    20     331    (-,-) 
  BF1_2_mul_170_29_g27441/Y     -       B->Y   R     XOR2x2_ASAP7_75t_SL        1  2.6    14    29     359    (-,-) 
  BF1_2_mul_170_29_g27364/Y     -       B->Y   F     XOR2x2_ASAP7_75t_SL        2  3.9    17    22     381    (-,-) 
  BF1_2_mul_170_29_g27266/Y     -       A->Y   R     XOR2x2_ASAP7_75t_SL        1  2.4    13    26     407    (-,-) 
  BF1_2_mul_170_29_g27187/Y     -       A->Y   F     XOR2x2_ASAP7_75t_SL        2  3.3    15    22     429    (-,-) 
  BF1_2_mul_170_29_g27137/Y     -       A->Y   F     AND2x2_ASAP7_75t_SL        2  4.1    15    20     449    (-,-) 
  BF1_2_mul_170_29_g27108/Y     -       B->Y   R     AOI21x1_ASAP7_75t_SL       2  3.3    28    16     466    (-,-) 
  BF1_2_mul_170_29_g27078/Y     -       A2->Y  R     OA21x2_ASAP7_75t_SL        1  2.6    14    20     485    (-,-) 
  BF1_2_mul_170_29_g27061/Y     -       A2->Y  F     OAI21x1_ASAP7_75t_SL       1  2.7    20    10     496    (-,-) 
  BF1_2_mul_170_29_g27050/Y     -       B->Y   R     AOI21x1_ASAP7_75t_SL       1  2.6    25    16     511    (-,-) 
  BF1_2_mul_170_29_g27039/Y     -       B->Y   R     AND2x6_ASAP7_75t_SL        9 17.7    25    27     538    (-,-) 
  BF1_2_mul_170_29_g27038/Y     -       A->Y   F     INVx8_ASAP7_75t_SL         6 12.1    16     9     547    (-,-) 
  BF1_2_mul_170_29_g27033/Y     -       A1->Y  R     AOI21x1_ASAP7_75t_SL       1  3.2    29    15     562    (-,-) 
  BF1_2_mul_170_29_g27008/Y     -       B->Y   R     XNOR2x1_ASAP7_75t_SL       1  2.1    36    18     579    (-,-) 
  BF1_2_barrett_datai_reg[42]/D -       -      R     DFFHQx4_ASAP7_75t_L        1    -     -     0     579    (-,-) 
#-------------------------------------------------------------------------------------------------------------------



Path 9: VIOLATED (-78 ps) Setup Check with Pin BF1_2_barrett_datai_reg[42]/CLK->D
          Group: clk
     Startpoint: (R) BF1_2_ajlen2_INTT_reg[21]/CLK
          Clock: (R) clk
       Endpoint: (R) BF1_2_barrett_datai_reg[42]/D
          Clock: (R) clk

                     Capture       Launch     
        Clock Edge:+     540            0     
       Src Latency:+       0            0     
       Net Latency:+       0 (I)        0 (I) 
           Arrival:=     540            0     
                                              
             Setup:-      12                  
       Uncertainty:-      27                  
     Required Time:=     501                  
      Launch Clock:-       0                  
         Data Path:-     579                  
             Slack:=     -78                  

#-------------------------------------------------------------------------------------------------------------------
#         Timing Point          Flags    Arc   Edge         Cell           Fanout Load Trans Delay Arrival Instance 
#                                                                                 (fF)  (ps)  (ps)   (ps)  Location 
#-------------------------------------------------------------------------------------------------------------------
  BF1_2_ajlen2_INTT_reg[21]/CLK -       -      R     (arrival)               2845    -     0     0       0    (-,-) 
  BF1_2_ajlen2_INTT_reg[21]/Q   -       CLK->Q F     DFFHQx4_ASAP7_75t_SL       4  6.8    14    46      46    (-,-) 
  BF1_2_mul_170_29_g29596/Y     -       A->Y   R     INVx1_ASAP7_75t_SL         1  2.6    21    13      59    (-,-) 
  BF1_2_mul_170_29_g29236/Y     -       B->Y   F     NOR2x1_ASAP7_75t_SL        1  2.6    26    14      72    (-,-) 
  BF1_2_mul_170_29_g29216/Y     -       A->Y   F     OR2x6_ASAP7_75t_SL        11 17.0    23    29     101    (-,-) 
  BF1_2_mul_170_29_g28750/Y     -       A->Y   F     OR2x2_ASAP7_75t_SL        17 25.7    72    49     151    (-,-) 
  BF1_2_mul_170_29_g28732/Y     -       A->Y   R     INVx1_ASAP7_75t_SL         7 11.5    89    54     204    (-,-) 
  BF1_2_mul_170_29_g28384/Y     -       A1->Y  R     AO22x1_ASAP7_75t_SL        2  3.8    32    29     234    (-,-) 
  BF1_2_mul_170_29_g28282/Y     -       A->Y   F     XNOR2x2_ASAP7_75t_L        1  2.5    14    34     268    (-,-) 
  BF1_2_mul_170_29_g29743/Y     -       A->Y   F     XOR2x2_ASAP7_75t_SL        2  4.5    18    24     292    (-,-) 
  BF1_2_mul_170_29_g27830/Y     -       A->Y   F     XNOR2x1_ASAP7_75t_SL       1  2.5    20    18     310    (-,-) 
  BF1_2_mul_170_29_g29706/Y     -       A->Y   R     XOR2x2_ASAP7_75t_SL        2  4.3    21    30     340    (-,-) 
  BF1_2_mul_170_29_g27555/Y     -       A->Y   R     XOR2xp5_ASAP7_75t_L        1  2.4    43    31     371    (-,-) 
  BF1_2_mul_170_29_g29688/Y     -       A->Y   F     XOR2x2_ASAP7_75t_SL        2  5.1    20    26     398    (-,-) 
  BF1_2_mul_170_29_g27271/Y     -       B->Y   F     XNOR2x1_ASAP7_75t_SL       1  2.5    20    19     417    (-,-) 
  BF1_2_mul_170_29_g29672/Y     -       A->Y   R     XOR2x2_ASAP7_75t_SL        2  3.9    18    29     446    (-,-) 
  BF1_2_mul_170_29_g27140/Y     -       A->Y   R     AND2x4_ASAP7_75t_SL        3  6.4    15    17     463    (-,-) 
  BF1_2_mul_170_29_g27111/Y     -       A->Y   F     NOR2x1p5_ASAP7_75t_SL      1  2.6    15    10     473    (-,-) 
  BF1_2_mul_170_29_g27099/Y     -       B->Y   F     AND2x4_ASAP7_75t_SL        2  3.9    10    16     489    (-,-) 
  BF1_2_mul_170_29_g27083/Y     -       A->Y   F     AND2x4_ASAP7_75t_SL        1  3.7     9    15     504    (-,-) 
  BF1_2_mul_170_29_g27063/Y     -       B->Y   R     NAND2x2_ASAP7_75t_SL       1  2.6    19     9     513    (-,-) 
  BF1_2_mul_170_29_g27039/Y     -       A->Y   R     AND2x6_ASAP7_75t_SL        9 17.7    25    24     538    (-,-) 
  BF1_2_mul_170_29_g27038/Y     -       A->Y   F     INVx8_ASAP7_75t_SL         6 12.1    16     9     547    (-,-) 
  BF1_2_mul_170_29_g27033/Y     -       A1->Y  R     AOI21x1_ASAP7_75t_SL       1  3.2    29    15     562    (-,-) 
  BF1_2_mul_170_29_g27008/Y     -       B->Y   R     XNOR2x1_ASAP7_75t_SL       1  2.1    36    18     579    (-,-) 
  BF1_2_barrett_datai_reg[42]/D -       -      R     DFFHQx4_ASAP7_75t_L        1    -     -     0     579    (-,-) 
#-------------------------------------------------------------------------------------------------------------------



Path 10: VIOLATED (-78 ps) Setup Check with Pin BF1_2_barrett_datai_reg[42]/CLK->D
          Group: clk
     Startpoint: (R) BF1_1_modei_reg[2]/CLK
          Clock: (R) clk
       Endpoint: (R) BF1_2_barrett_datai_reg[42]/D
          Clock: (R) clk

                     Capture       Launch     
        Clock Edge:+     540            0     
       Src Latency:+       0            0     
       Net Latency:+       0 (I)        0 (I) 
           Arrival:=     540            0     
                                              
             Setup:-      12                  
       Uncertainty:-      27                  
     Required Time:=     501                  
      Launch Clock:-       0                  
         Data Path:-     579                  
             Slack:=     -78                  

#-------------------------------------------------------------------------------------------------------------------
#         Timing Point          Flags    Arc   Edge         Cell           Fanout Load Trans Delay Arrival Instance 
#                                                                                 (fF)  (ps)  (ps)   (ps)  Location 
#-------------------------------------------------------------------------------------------------------------------
  BF1_1_modei_reg[2]/CLK        -       -      R     (arrival)               2845    -     0     0       0    (-,-) 
  BF1_1_modei_reg[2]/Q          -       CLK->Q R     DFFHQx4_ASAP7_75t_SL       2  6.0    15    45      45    (-,-) 
  fopt63427/Y                   -       A->Y   F     INVx5_ASAP7_75t_SL         1  3.7     8     5      50    (-,-) 
  g48568__7098/Y                -       B->Y   R     NAND2x2_ASAP7_75t_SL       2  3.9    20    11      61    (-,-) 
  g48518__6783/Y                -       A->Y   R     OR2x6_ASAP7_75t_SL         7 19.7    28    26      88    (-,-) 
  g50198/Y                      -       A->Y   R     BUFx12f_ASAP7_75t_SL       6 20.2    18    19     106    (-,-) 
  g50197/Y                      -       A->Y   R     BUFx6f_ASAP7_75t_SL       10 15.0    21    19     126    (-,-) 
  g49316/Y                      -       B2->Y  R     AO22x2_ASAP7_75t_SL        1  2.8    16    20     146    (-,-) 
  g49306/Y                      -       A->Y   R     BUFx10_ASAP7_75t_SL       13 25.4    24    24     169    (-,-) 
  BF1_2_mul_170_29_g29308/Y     -       A->Y   F     INVx11_ASAP7_75t_SL       12 17.5    16    10     179    (-,-) 
  BF1_2_mul_170_29_g28889/Y     -       B1->Y  R     AOI22xp5_ASAP7_75t_SL      2  3.5    57    27     206    (-,-) 
  BF1_2_mul_170_29_g28768/Y     -       A->Y   F     INVx1_ASAP7_75t_SL         1  2.1    25    13     219    (-,-) 
  BF1_2_mul_170_29_g28653/Y     -       B2->Y  R     AOI22xp5_ASAP7_75t_SL      2  4.5    90    34     253    (-,-) 
  BF1_2_mul_170_29_g28068/Y     -       B->Y   F     XOR2xp5_ASAP7_75t_SL       1  3.2    55    30     283    (-,-) 
  BF1_2_mul_170_29_g27884/Y     -       A->Y   F     XNOR2x1_ASAP7_75t_SL       2  4.0    32    26     309    (-,-) 
  BF1_2_mul_170_29_g27543/Y     -       B->Y   R     XOR2x2_ASAP7_75t_SL        2  4.9    22    34     343    (-,-) 
  BF1_2_mul_170_29_g27415/Y     -       A->Y   R     XNOR2x1_ASAP7_75t_SL       1  3.2    29    20     364    (-,-) 
  BF1_2_mul_170_29_g27341/Y     -       B->Y   R     XNOR2x1_ASAP7_75t_SL       2  4.9    39    22     386    (-,-) 
  BF1_2_mul_170_29_g27262/Y     -       A->Y   R     XNOR2x1_ASAP7_75t_SL       1  2.4    28    21     407    (-,-) 
  BF1_2_mul_170_29_g27186/Y     -       A->Y   F     XOR2x2_ASAP7_75t_SL        2  3.9    16    24     430    (-,-) 
  BF1_2_mul_170_29_g27139/Y     -       B->Y   F     AND2x4_ASAP7_75t_SL        3  5.4    12    17     448    (-,-) 
  BF1_2_mul_170_29_g27106/Y     -       A1->Y  F     AO21x2_ASAP7_75t_SL        2  3.9    16    22     469    (-,-) 
  BF1_2_mul_170_29_g27080/Y     -       A2->Y  R     AOI21x1_ASAP7_75t_SL       1  2.6    30    14     483    (-,-) 
  BF1_2_mul_170_29_g27062/Y     -       A2->Y  F     OAI21x1_ASAP7_75t_SL       2  4.0    27    14     497    (-,-) 
  BF1_2_mul_170_29_g27050/Y     -       A1->Y  R     AOI21x1_ASAP7_75t_SL       1  2.6    25    14     511    (-,-) 
  BF1_2_mul_170_29_g27039/Y     -       B->Y   R     AND2x6_ASAP7_75t_SL        9 17.7    25    27     538    (-,-) 
  BF1_2_mul_170_29_g27038/Y     -       A->Y   F     INVx8_ASAP7_75t_SL         6 12.1    16     9     547    (-,-) 
  BF1_2_mul_170_29_g27033/Y     -       A1->Y  R     AOI21x1_ASAP7_75t_SL       1  3.2    29    15     562    (-,-) 
  BF1_2_mul_170_29_g27008/Y     -       B->Y   R     XNOR2x1_ASAP7_75t_SL       1  2.1    36    18     579    (-,-) 
  BF1_2_barrett_datai_reg[42]/D -       -      R     DFFHQx4_ASAP7_75t_L        1    -     -     0     579    (-,-) 
#-------------------------------------------------------------------------------------------------------------------



Path 11: VIOLATED (-78 ps) Setup Check with Pin BF1_2_barrett_datai_reg[42]/CLK->D
          Group: clk
     Startpoint: (R) BF1_1_modei_reg[2]/CLK
          Clock: (R) clk
       Endpoint: (R) BF1_2_barrett_datai_reg[42]/D
          Clock: (R) clk

                     Capture       Launch     
        Clock Edge:+     540            0     
       Src Latency:+       0            0     
       Net Latency:+       0 (I)        0 (I) 
           Arrival:=     540            0     
                                              
             Setup:-      12                  
       Uncertainty:-      27                  
     Required Time:=     501                  
      Launch Clock:-       0                  
         Data Path:-     579                  
             Slack:=     -78                  

#-------------------------------------------------------------------------------------------------------------------
#         Timing Point          Flags    Arc   Edge         Cell           Fanout Load Trans Delay Arrival Instance 
#                                                                                 (fF)  (ps)  (ps)   (ps)  Location 
#-------------------------------------------------------------------------------------------------------------------
  BF1_1_modei_reg[2]/CLK        -       -      R     (arrival)               2845    -     0     0       0    (-,-) 
  BF1_1_modei_reg[2]/Q          -       CLK->Q F     DFFHQx4_ASAP7_75t_SL       2  6.0    13    45      45    (-,-) 
  fopt63427/Y                   -       A->Y   R     INVx5_ASAP7_75t_SL         1  3.7     9     6      52    (-,-) 
  g48568__7098/Y                -       B->Y   F     NAND2x2_ASAP7_75t_SL       2  3.9    14     8      60    (-,-) 
  g48518__6783/Y                -       A->Y   F     OR2x6_ASAP7_75t_SL         7 19.7    25    28      87    (-,-) 
  g50198/Y                      -       A->Y   F     BUFx12f_ASAP7_75t_SL       6 20.2    16    20     107    (-,-) 
  g50197/Y                      -       A->Y   F     BUFx6f_ASAP7_75t_SL       10 15.0    18    20     127    (-,-) 
  g49316/Y                      -       B2->Y  F     AO22x2_ASAP7_75t_SL        1  2.8    15    22     148    (-,-) 
  g49306/Y                      -       A->Y   F     BUFx10_ASAP7_75t_SL       13 25.4    21    24     172    (-,-) 
  BF1_2_mul_170_29_g29308/Y     -       A->Y   R     INVx11_ASAP7_75t_SL       12 17.5    18    12     184    (-,-) 
  BF1_2_mul_170_29_g29137/Y     -       A2->Y  R     OA22x2_ASAP7_75t_SL        2  3.4    17    21     205    (-,-) 
  BF1_2_mul_170_29_g28554/Y     -       A2->Y  F     OAI22xp5_ASAP7_75t_SL      2  3.9    67    23     228    (-,-) 
  BF1_2_mul_170_29_g28103/Y     -       A->Y   F     MAJx2_ASAP7_75t_SL         2  5.0    21    35     263    (-,-) 
  BF1_2_mul_170_29_g27867/Y     -       B->Y   F     XNOR2x1_ASAP7_75t_SL       1  3.2    23    21     284    (-,-) 
  BF1_2_mul_170_29_g27722/Y     -       A->Y   F     XNOR2x1_ASAP7_75t_SL       2  4.5    28    23     307    (-,-) 
  BF1_2_mul_170_29_g27562/Y     -       A->Y   F     MAJx2_ASAP7_75t_SL         2  3.9    17    26     333    (-,-) 
  BF1_2_mul_170_29_g27441/Y     -       A->Y   R     XOR2x2_ASAP7_75t_SL        1  2.6    14    26     359    (-,-) 
  BF1_2_mul_170_29_g27364/Y     -       B->Y   F     XOR2x2_ASAP7_75t_SL        2  3.9    17    22     381    (-,-) 
  BF1_2_mul_170_29_g27266/Y     -       A->Y   R     XOR2x2_ASAP7_75t_SL        1  2.4    13    26     407    (-,-) 
  BF1_2_mul_170_29_g27187/Y     -       A->Y   F     XOR2x2_ASAP7_75t_SL        2  3.3    15    22     429    (-,-) 
  BF1_2_mul_170_29_g27137/Y     -       A->Y   F     AND2x2_ASAP7_75t_SL        2  4.1    15    20     449    (-,-) 
  BF1_2_mul_170_29_g27108/Y     -       B->Y   R     AOI21x1_ASAP7_75t_SL       2  3.3    28    16     466    (-,-) 
  BF1_2_mul_170_29_g27078/Y     -       A2->Y  R     OA21x2_ASAP7_75t_SL        1  2.6    14    20     485    (-,-) 
  BF1_2_mul_170_29_g27061/Y     -       A2->Y  F     OAI21x1_ASAP7_75t_SL       1  2.7    20    10     496    (-,-) 
  BF1_2_mul_170_29_g27050/Y     -       B->Y   R     AOI21x1_ASAP7_75t_SL       1  2.6    25    16     511    (-,-) 
  BF1_2_mul_170_29_g27039/Y     -       B->Y   R     AND2x6_ASAP7_75t_SL        9 17.7    25    27     538    (-,-) 
  BF1_2_mul_170_29_g27038/Y     -       A->Y   F     INVx8_ASAP7_75t_SL         6 12.1    16     9     547    (-,-) 
  BF1_2_mul_170_29_g27033/Y     -       A1->Y  R     AOI21x1_ASAP7_75t_SL       1  3.2    29    15     562    (-,-) 
  BF1_2_mul_170_29_g27008/Y     -       B->Y   R     XNOR2x1_ASAP7_75t_SL       1  2.1    36    18     579    (-,-) 
  BF1_2_barrett_datai_reg[42]/D -       -      R     DFFHQx4_ASAP7_75t_L        1    -     -     0     579    (-,-) 
#-------------------------------------------------------------------------------------------------------------------



Path 12: VIOLATED (-78 ps) Setup Check with Pin BF1_2_barrett_datai_reg[42]/CLK->D
          Group: clk
     Startpoint: (R) BF1_1_modei_reg[2]/CLK
          Clock: (R) clk
       Endpoint: (R) BF1_2_barrett_datai_reg[42]/D
          Clock: (R) clk

                     Capture       Launch     
        Clock Edge:+     540            0     
       Src Latency:+       0            0     
       Net Latency:+       0 (I)        0 (I) 
           Arrival:=     540            0     
                                              
             Setup:-      12                  
       Uncertainty:-      27                  
     Required Time:=     501                  
      Launch Clock:-       0                  
         Data Path:-     579                  
             Slack:=     -78                  

#-------------------------------------------------------------------------------------------------------------------
#         Timing Point          Flags    Arc   Edge         Cell           Fanout Load Trans Delay Arrival Instance 
#                                                                                 (fF)  (ps)  (ps)   (ps)  Location 
#-------------------------------------------------------------------------------------------------------------------
  BF1_1_modei_reg[2]/CLK        -       -      R     (arrival)               2845    -     0     0       0    (-,-) 
  BF1_1_modei_reg[2]/Q          -       CLK->Q F     DFFHQx4_ASAP7_75t_SL       2  6.0    13    45      45    (-,-) 
  fopt63427/Y                   -       A->Y   R     INVx5_ASAP7_75t_SL         1  3.7     9     6      52    (-,-) 
  g48568__7098/Y                -       B->Y   F     NAND2x2_ASAP7_75t_SL       2  3.9    14     8      60    (-,-) 
  g48518__6783/Y                -       A->Y   F     OR2x6_ASAP7_75t_SL         7 19.7    25    28      87    (-,-) 
  g50198/Y                      -       A->Y   F     BUFx12f_ASAP7_75t_SL       6 20.2    16    20     107    (-,-) 
  g50194/Y                      -       A->Y   F     BUFx12f_ASAP7_75t_SL      12 21.6    16    18     125    (-,-) 
  g50190/Y                      -       A->Y   R     INVx5_ASAP7_75t_SL         4  9.3    17    11     136    (-,-) 
  g49317/Y                      -       A2->Y  R     AO22x2_ASAP7_75t_SL        1  4.0    20    22     159    (-,-) 
  g49307/Y                      -       A->Y   R     BUFx12f_ASAP7_75t_SL      14 28.8    23    20     179    (-,-) 
  BF1_2_mul_170_29_g29317/Y     -       A->Y   F     INVx11_ASAP7_75t_SL       10 16.4    16     9     188    (-,-) 
  BF1_2_mul_170_29_g29068/Y     -       B1->Y  R     AOI22x1_ASAP7_75t_SL       2  3.5    39    17     206    (-,-) 
  BF1_2_mul_170_29_g28557/Y     -       B2->Y  F     OAI22xp5_ASAP7_75t_SL      2  3.8    54    23     229    (-,-) 
  BF1_2_mul_170_29_g28158/Y     -       A->Y   F     MAJx2_ASAP7_75t_SL         2  5.1    21    33     261    (-,-) 
  BF1_2_mul_170_29_g27843/Y     -       B->Y   F     MAJx2_ASAP7_75t_SL         2  3.9    17    27     288    (-,-) 
  BF1_2_mul_170_29_g27634/Y     -       A->Y   F     XOR2x2_ASAP7_75t_SL        1  3.2    15    23     311    (-,-) 
  BF1_2_mul_170_29_g27541/Y     -       A->Y   F     XNOR2x1_ASAP7_75t_SL       2  3.6    24    20     331    (-,-) 
  BF1_2_mul_170_29_g27441/Y     -       B->Y   R     XOR2x2_ASAP7_75t_SL        1  2.6    14    29     359    (-,-) 
  BF1_2_mul_170_29_g27364/Y     -       B->Y   F     XOR2x2_ASAP7_75t_SL        2  3.9    17    22     381    (-,-) 
  BF1_2_mul_170_29_g27266/Y     -       A->Y   R     XOR2x2_ASAP7_75t_SL        1  2.4    13    26     407    (-,-) 
  BF1_2_mul_170_29_g27187/Y     -       A->Y   F     XOR2x2_ASAP7_75t_SL        2  3.3    15    22     429    (-,-) 
  BF1_2_mul_170_29_g27137/Y     -       A->Y   F     AND2x2_ASAP7_75t_SL        2  4.1    15    20     449    (-,-) 
  BF1_2_mul_170_29_g27108/Y     -       B->Y   R     AOI21x1_ASAP7_75t_SL       2  3.3    28    16     466    (-,-) 
  BF1_2_mul_170_29_g27078/Y     -       A2->Y  R     OA21x2_ASAP7_75t_SL        1  2.6    14    20     485    (-,-) 
  BF1_2_mul_170_29_g27061/Y     -       A2->Y  F     OAI21x1_ASAP7_75t_SL       1  2.7    20    10     496    (-,-) 
  BF1_2_mul_170_29_g27050/Y     -       B->Y   R     AOI21x1_ASAP7_75t_SL       1  2.6    25    16     511    (-,-) 
  BF1_2_mul_170_29_g27039/Y     -       B->Y   R     AND2x6_ASAP7_75t_SL        9 17.7    25    27     538    (-,-) 
  BF1_2_mul_170_29_g27038/Y     -       A->Y   F     INVx8_ASAP7_75t_SL         6 12.1    16     9     547    (-,-) 
  BF1_2_mul_170_29_g27033/Y     -       A1->Y  R     AOI21x1_ASAP7_75t_SL       1  3.2    29    15     562    (-,-) 
  BF1_2_mul_170_29_g27008/Y     -       B->Y   R     XNOR2x1_ASAP7_75t_SL       1  2.1    36    18     579    (-,-) 
  BF1_2_barrett_datai_reg[42]/D -       -      R     DFFHQx4_ASAP7_75t_L        1    -     -     0     579    (-,-) 
#-------------------------------------------------------------------------------------------------------------------



Path 13: VIOLATED (-78 ps) Setup Check with Pin BF1_1_barrett_datai_reg[39]/CLK->D
          Group: clk
     Startpoint: (R) BF1_1_modei_reg[2]/CLK
          Clock: (R) clk
       Endpoint: (F) BF1_1_barrett_datai_reg[39]/D
          Clock: (R) clk

                     Capture       Launch     
        Clock Edge:+     540            0     
       Src Latency:+       0            0     
       Net Latency:+       0 (I)        0 (I) 
           Arrival:=     540            0     
                                              
             Setup:-       8                  
       Uncertainty:-      27                  
     Required Time:=     504                  
      Launch Clock:-       0                  
         Data Path:-     583                  
             Slack:=     -78                  

#-------------------------------------------------------------------------------------------------------------------
#         Timing Point          Flags    Arc   Edge         Cell           Fanout Load Trans Delay Arrival Instance 
#                                                                                 (fF)  (ps)  (ps)   (ps)  Location 
#-------------------------------------------------------------------------------------------------------------------
  BF1_1_modei_reg[2]/CLK        -       -      R     (arrival)               2845    -     0     0       0    (-,-) 
  BF1_1_modei_reg[2]/Q          -       CLK->Q F     DFFHQx4_ASAP7_75t_SL       2  6.0    13    45      45    (-,-) 
  fopt63427/Y                   -       A->Y   R     INVx5_ASAP7_75t_SL         1  3.7     9     6      52    (-,-) 
  g48568__7098/Y                -       B->Y   F     NAND2x2_ASAP7_75t_SL       2  3.9    14     8      60    (-,-) 
  g48518__6783/Y                -       A->Y   F     OR2x6_ASAP7_75t_SL         7 19.7    25    28      87    (-,-) 
  g50198/Y                      -       A->Y   F     BUFx12f_ASAP7_75t_SL       6 20.2    16    20     107    (-,-) 
  g50194/Y                      -       A->Y   F     BUFx12f_ASAP7_75t_SL      12 21.6    16    18     125    (-,-) 
  g49238/Y                      -       B2->Y  F     AO22x2_ASAP7_75t_SL        1  4.0    18    23     148    (-,-) 
  g49226/Y                      -       A->Y   F     BUFx12f_ASAP7_75t_SL      13 25.8    18    20     168    (-,-) 
  BF1_1_mul_170_29_g29522/Y     -       A->Y   R     INVx11_ASAP7_75t_SL       10 15.0    16    10     178    (-,-) 
  BF1_1_mul_170_29_g28878/Y     -       A2->Y  F     OAI22xp5_ASAP7_75t_SL      2  3.4    45    21     199    (-,-) 
  BF1_1_mul_170_29_g28765/Y     -       A->Y   R     INVx1_ASAP7_75t_SL         1  2.7    30    19     218    (-,-) 
  BF1_1_mul_170_29_g28580/Y     -       A1->Y  F     OAI22x1_ASAP7_75t_SL       2  4.0    37    18     236    (-,-) 
  BF1_1_mul_170_29_g28242/Y     -       B->Y   R     XOR2x2_ASAP7_75t_SL        1  3.2    17    32     268    (-,-) 
  BF1_1_mul_170_29_g28022/Y     -       B->Y   R     XNOR2x1_ASAP7_75t_SL       2  3.9    32    20     288    (-,-) 
  BF1_1_mul_170_29_g27777/Y     -       A->Y   R     MAJx2_ASAP7_75t_SL         2  4.0    19    24     312    (-,-) 
  BF1_1_mul_170_29_g27601/Y     -       B->Y   F     XOR2x2_ASAP7_75t_SL        1  3.2    15    21     333    (-,-) 
  BF1_1_mul_170_29_g27519/Y     -       B->Y   F     XNOR2x1_ASAP7_75t_SL       2  3.8    26    21     354    (-,-) 
  BF1_1_mul_170_29_g27364/Y     -       A->Y   R     XOR2x2_ASAP7_75t_SL        2  3.8    18    30     384    (-,-) 
  BF1_1_mul_170_29_g27266/Y     -       A->Y   F     XOR2x2_ASAP7_75t_SL        1  2.5    13    21     405    (-,-) 
  BF1_1_mul_170_29_g27187/Y     -       A->Y   R     XOR2x2_ASAP7_75t_SL        2  3.3    16    27     432    (-,-) 
  BF1_1_mul_170_29_g27137/Y     -       B->Y   R     AND2x2_ASAP7_75t_SL        2  4.1    18    20     452    (-,-) 
  BF1_1_mul_170_29_g27108/Y     -       B->Y   F     AOI21x1_ASAP7_75t_SL       2  3.5    23    13     465    (-,-) 
  BF1_1_mul_170_29_g27078/Y     -       A2->Y  F     OA21x2_ASAP7_75t_SL        1  2.6    13    21     486    (-,-) 
  BF1_1_mul_170_29_g27061/Y     -       A2->Y  R     OAI21x1_ASAP7_75t_SL       1  2.7    25    13     500    (-,-) 
  BF1_1_mul_170_29_g27050/Y     -       B->Y   F     AOI21x1_ASAP7_75t_SL       1  2.6    24    12     512    (-,-) 
  BF1_1_mul_170_29_g27039/Y     -       B->Y   F     AND2x6_ASAP7_75t_SL        9 17.7    21    27     538    (-,-) 
  BF1_1_mul_170_29_g27019/Y     -       B1->Y  F     OA221x2_ASAP7_75t_SL       1  3.2    17    26     565    (-,-) 
  BF1_1_mul_170_29_g27005/Y     -       B->Y   F     XNOR2x1_ASAP7_75t_SL       1  2.1    27    18     583    (-,-) 
  BF1_1_barrett_datai_reg[39]/D -       -      F     DFFHQx4_ASAP7_75t_L        1    -     -     0     583    (-,-) 
#-------------------------------------------------------------------------------------------------------------------



Path 14: VIOLATED (-78 ps) Setup Check with Pin BF1_1_barrett_datai_reg[39]/CLK->D
          Group: clk
     Startpoint: (R) BF1_1_modei_reg[2]/CLK
          Clock: (R) clk
       Endpoint: (F) BF1_1_barrett_datai_reg[39]/D
          Clock: (R) clk

                     Capture       Launch     
        Clock Edge:+     540            0     
       Src Latency:+       0            0     
       Net Latency:+       0 (I)        0 (I) 
           Arrival:=     540            0     
                                              
             Setup:-       8                  
       Uncertainty:-      27                  
     Required Time:=     504                  
      Launch Clock:-       0                  
         Data Path:-     583                  
             Slack:=     -78                  

#------------------------------------------------------------------------------------------------------------------
#         Timing Point          Flags    Arc   Edge         Cell          Fanout Load Trans Delay Arrival Instance 
#                                                                                (fF)  (ps)  (ps)   (ps)  Location 
#------------------------------------------------------------------------------------------------------------------
  BF1_1_modei_reg[2]/CLK        -       -      R     (arrival)              2845    -     0     0       0    (-,-) 
  BF1_1_modei_reg[2]/Q          -       CLK->Q F     DFFHQx4_ASAP7_75t_SL      2  6.0    13    45      45    (-,-) 
  fopt63427/Y                   -       A->Y   R     INVx5_ASAP7_75t_SL        1  3.7     9     6      52    (-,-) 
  g48568__7098/Y                -       B->Y   F     NAND2x2_ASAP7_75t_SL      2  3.9    14     8      60    (-,-) 
  g48518__6783/Y                -       A->Y   F     OR2x6_ASAP7_75t_SL        7 19.7    25    28      87    (-,-) 
  g50198/Y                      -       A->Y   F     BUFx12f_ASAP7_75t_SL      6 20.2    16    20     107    (-,-) 
  g50194/Y                      -       A->Y   F     BUFx12f_ASAP7_75t_SL     12 21.6    16    18     125    (-,-) 
  g50190/Y                      -       A->Y   R     INVx5_ASAP7_75t_SL        4  9.3    17    11     136    (-,-) 
  g50189/Y                      -       A->Y   F     INVx4_ASAP7_75t_SL        2  3.4     9     6     142    (-,-) 
  g49198/Y                      -       B->Y   F     AND2x2_ASAP7_75t_SL       1  2.6    13    16     158    (-,-) 
  g49150/Y                      -       A->Y   F     OR2x6_ASAP7_75t_SL       13 25.8    30    30     188    (-,-) 
  BF1_1_mul_170_29_g29516/Y     -       A->Y   R     INVx8_ASAP7_75t_SL        5  7.9    16    10     198    (-,-) 
  BF1_1_mul_170_29_g29101/Y     -       A2->Y  R     OA22x2_ASAP7_75t_SL       2  4.5    20    22     220    (-,-) 
  BF1_1_mul_170_29_g28435/Y     -       A1->Y  F     OAI21x1_ASAP7_75t_SL      2  4.1    31    13     234    (-,-) 
  BF1_1_mul_170_29_g28130/Y     -       B->Y   F     MAJx2_ASAP7_75t_SL        2  5.0    21    30     264    (-,-) 
  BF1_1_mul_170_29_g27900/Y     -       B->Y   F     XNOR2x1_ASAP7_75t_SL      1  3.2    23    21     285    (-,-) 
  BF1_1_mul_170_29_g27728/Y     -       A->Y   F     XNOR2x1_ASAP7_75t_SL      2  4.3    27    23     308    (-,-) 
  BF1_1_mul_170_29_g27601/Y     -       A->Y   F     XOR2x2_ASAP7_75t_SL       1  3.2    15    25     333    (-,-) 
  BF1_1_mul_170_29_g27519/Y     -       B->Y   F     XNOR2x1_ASAP7_75t_SL      2  3.8    26    21     354    (-,-) 
  BF1_1_mul_170_29_g27364/Y     -       A->Y   R     XOR2x2_ASAP7_75t_SL       2  3.8    18    30     384    (-,-) 
  BF1_1_mul_170_29_g27266/Y     -       A->Y   F     XOR2x2_ASAP7_75t_SL       1  2.5    13    21     405    (-,-) 
  BF1_1_mul_170_29_g27187/Y     -       A->Y   R     XOR2x2_ASAP7_75t_SL       2  3.3    16    27     432    (-,-) 
  BF1_1_mul_170_29_g27137/Y     -       B->Y   R     AND2x2_ASAP7_75t_SL       2  4.1    18    20     452    (-,-) 
  BF1_1_mul_170_29_g27108/Y     -       B->Y   F     AOI21x1_ASAP7_75t_SL      2  3.5    23    13     465    (-,-) 
  BF1_1_mul_170_29_g27078/Y     -       A2->Y  F     OA21x2_ASAP7_75t_SL       1  2.6    13    21     486    (-,-) 
  BF1_1_mul_170_29_g27061/Y     -       A2->Y  R     OAI21x1_ASAP7_75t_SL      1  2.7    25    13     500    (-,-) 
  BF1_1_mul_170_29_g27050/Y     -       B->Y   F     AOI21x1_ASAP7_75t_SL      1  2.6    24    12     512    (-,-) 
  BF1_1_mul_170_29_g27039/Y     -       B->Y   F     AND2x6_ASAP7_75t_SL       9 17.7    21    27     538    (-,-) 
  BF1_1_mul_170_29_g27019/Y     -       B1->Y  F     OA221x2_ASAP7_75t_SL      1  3.2    17    26     565    (-,-) 
  BF1_1_mul_170_29_g27005/Y     -       B->Y   F     XNOR2x1_ASAP7_75t_SL      1  2.1    27    18     583    (-,-) 
  BF1_1_barrett_datai_reg[39]/D -       -      F     DFFHQx4_ASAP7_75t_L       1    -     -     0     583    (-,-) 
#------------------------------------------------------------------------------------------------------------------



Path 15: VIOLATED (-78 ps) Setup Check with Pin BF1_2_barrett_datai_reg[42]/CLK->D
          Group: clk
     Startpoint: (R) BF1_1_modei_reg[2]/CLK
          Clock: (R) clk
       Endpoint: (R) BF1_2_barrett_datai_reg[42]/D
          Clock: (R) clk

                     Capture       Launch     
        Clock Edge:+     540            0     
       Src Latency:+       0            0     
       Net Latency:+       0 (I)        0 (I) 
           Arrival:=     540            0     
                                              
             Setup:-      12                  
       Uncertainty:-      27                  
     Required Time:=     501                  
      Launch Clock:-       0                  
         Data Path:-     579                  
             Slack:=     -78                  

#-------------------------------------------------------------------------------------------------------------------
#         Timing Point          Flags    Arc   Edge         Cell           Fanout Load Trans Delay Arrival Instance 
#                                                                                 (fF)  (ps)  (ps)   (ps)  Location 
#-------------------------------------------------------------------------------------------------------------------
  BF1_1_modei_reg[2]/CLK        -       -      R     (arrival)               2845    -     0     0       0    (-,-) 
  BF1_1_modei_reg[2]/Q          -       CLK->Q F     DFFHQx4_ASAP7_75t_SL       2  6.0    13    45      45    (-,-) 
  fopt63427/Y                   -       A->Y   R     INVx5_ASAP7_75t_SL         1  3.7     9     6      52    (-,-) 
  g48568__7098/Y                -       B->Y   F     NAND2x2_ASAP7_75t_SL       2  3.9    14     8      60    (-,-) 
  g48518__6783/Y                -       A->Y   F     OR2x6_ASAP7_75t_SL         7 19.7    25    28      87    (-,-) 
  g50198/Y                      -       A->Y   F     BUFx12f_ASAP7_75t_SL       6 20.2    16    20     107    (-,-) 
  g50194/Y                      -       A->Y   F     BUFx12f_ASAP7_75t_SL      12 21.6    16    18     125    (-,-) 
  g49173/Y                      -       B2->Y  F     AO22x2_ASAP7_75t_SL        1  4.0    18    23     148    (-,-) 
  g49165/Y                      -       A->Y   F     BUFx12f_ASAP7_75t_SL      13 24.4    17    19     168    (-,-) 
  BF1_2_mul_170_29_g29097/Y     -       B->Y   R     XNOR2xp5_ASAP7_75t_SL      2  3.4    55    26     194    (-,-) 
  BF1_2_mul_170_29_g28484/Y     -       A2->Y  F     OAI22xp5_ASAP7_75t_SL      2  4.5    56    32     226    (-,-) 
  BF1_2_mul_170_29_g28244/Y     -       A->Y   F     XNOR2xp5_ASAP7_75t_SL      1  2.6    41    32     258    (-,-) 
  BF1_2_mul_170_29_g29716/Y     -       A->Y   R     XNOR2x2_ASAP7_75t_SL       2  4.3    20    28     286    (-,-) 
  BF1_2_mul_170_29_g27823/Y     -       A->Y   R     XOR2xp5_ASAP7_75t_L        1  2.4    43    31     317    (-,-) 
  BF1_2_mul_170_29_g27684/Y     -       A->Y   F     XOR2x2_ASAP7_75t_SL        2  5.0    20    26     343    (-,-) 
  BF1_2_mul_170_29_g27534/Y     -       B->Y   F     XOR2x1_ASAP7_75t_SL        1  2.4    20    21     364    (-,-) 
  BF1_2_mul_170_29_g27429/Y     -       B->Y   R     XNOR2x2_ASAP7_75t_SL       2  4.3    19    26     391    (-,-) 
  BF1_2_mul_170_29_g27347/Y     -       B->Y   F     XNOR2x2_ASAP7_75t_SL       1  3.2    15    27     418    (-,-) 
  BF1_2_mul_170_29_g27265/Y     -       A->Y   R     XNOR2x1_ASAP7_75t_SL       2  3.9    32    18     436    (-,-) 
  BF1_2_mul_170_29_g27172/Y     -       B->Y   R     AND2x4_ASAP7_75t_SL        4  7.8    18    21     456    (-,-) 
  BF1_2_mul_170_29_g27135/Y     -       B->Y   F     NOR2x1p5_ASAP7_75t_SL      1  2.5    15    10     466    (-,-) 
  BF1_2_mul_170_29_g27107/Y     -       C->Y   F     AND3x4_ASAP7_75t_SL        2  4.4    13    23     489    (-,-) 
  BF1_2_mul_170_29_g27083/Y     -       B->Y   F     AND2x4_ASAP7_75t_SL        1  3.7     9    15     504    (-,-) 
  BF1_2_mul_170_29_g27063/Y     -       B->Y   R     NAND2x2_ASAP7_75t_SL       1  2.6    19     9     513    (-,-) 
  BF1_2_mul_170_29_g27039/Y     -       A->Y   R     AND2x6_ASAP7_75t_SL        9 17.7    25    24     538    (-,-) 
  BF1_2_mul_170_29_g27038/Y     -       A->Y   F     INVx8_ASAP7_75t_SL         6 12.1    16     9     547    (-,-) 
  BF1_2_mul_170_29_g27033/Y     -       A1->Y  R     AOI21x1_ASAP7_75t_SL       1  3.2    29    15     562    (-,-) 
  BF1_2_mul_170_29_g27008/Y     -       B->Y   R     XNOR2x1_ASAP7_75t_SL       1  2.1    36    18     579    (-,-) 
  BF1_2_barrett_datai_reg[42]/D -       -      R     DFFHQx4_ASAP7_75t_L        1    -     -     0     579    (-,-) 
#-------------------------------------------------------------------------------------------------------------------



Path 16: VIOLATED (-78 ps) Setup Check with Pin BF1_2_barrett_datai_reg[42]/CLK->D
          Group: clk
     Startpoint: (R) BF1_1_modei_reg[2]/CLK
          Clock: (R) clk
       Endpoint: (R) BF1_2_barrett_datai_reg[42]/D
          Clock: (R) clk

                     Capture       Launch     
        Clock Edge:+     540            0     
       Src Latency:+       0            0     
       Net Latency:+       0 (I)        0 (I) 
           Arrival:=     540            0     
                                              
             Setup:-      12                  
       Uncertainty:-      27                  
     Required Time:=     501                  
      Launch Clock:-       0                  
         Data Path:-     579                  
             Slack:=     -78                  

#-------------------------------------------------------------------------------------------------------------------
#         Timing Point          Flags    Arc   Edge         Cell           Fanout Load Trans Delay Arrival Instance 
#                                                                                 (fF)  (ps)  (ps)   (ps)  Location 
#-------------------------------------------------------------------------------------------------------------------
  BF1_1_modei_reg[2]/CLK        -       -      R     (arrival)               2845    -     0     0       0    (-,-) 
  BF1_1_modei_reg[2]/Q          -       CLK->Q F     DFFHQx4_ASAP7_75t_SL       2  6.0    13    45      45    (-,-) 
  fopt63427/Y                   -       A->Y   R     INVx5_ASAP7_75t_SL         1  3.7     9     6      52    (-,-) 
  g48568__7098/Y                -       B->Y   F     NAND2x2_ASAP7_75t_SL       2  3.9    14     8      60    (-,-) 
  g48518__6783/Y                -       A->Y   F     OR2x6_ASAP7_75t_SL         7 19.7    25    28      87    (-,-) 
  g50198/Y                      -       A->Y   F     BUFx12f_ASAP7_75t_SL       6 20.2    16    20     107    (-,-) 
  g50171/Y                      -       A->Y   R     INVx8_ASAP7_75t_SL        12 18.5    20    12     120    (-,-) 
  g50170/Y                      -       A->Y   F     INVx4_ASAP7_75t_SL         4  8.0    16    10     130    (-,-) 
  g49315/Y                      -       B2->Y  F     AO22x2_ASAP7_75t_SL        1  4.0    18    23     153    (-,-) 
  g49305/Y                      -       A->Y   F     BUFx12f_ASAP7_75t_SL      14 27.9    19    20     173    (-,-) 
  BF1_2_mul_170_29_g29515/Y     -       A->Y   R     INVx11_ASAP7_75t_SL       10 16.1    17    11     184    (-,-) 
  BF1_2_mul_170_29_g29120/Y     -       A2->Y  F     OAI22xp5_ASAP7_75t_SL      2  3.1    44    20     204    (-,-) 
  BF1_2_mul_170_29_g28649/Y     -       B2->Y  F     AO22x1_ASAP7_75t_SL        2  4.5    30    34     238    (-,-) 
  BF1_2_mul_170_29_g28262/Y     -       A->Y   F     XNOR2x1_ASAP7_75t_SL       1  2.5    35    20     258    (-,-) 
  BF1_2_mul_170_29_g28017/Y     -       A->Y   R     XOR2x2_ASAP7_75t_SL        2  4.0    19    32     290    (-,-) 
  BF1_2_mul_170_29_g27634/Y     -       B->Y   F     XOR2x2_ASAP7_75t_SL        1  3.2    15    21     311    (-,-) 
  BF1_2_mul_170_29_g27541/Y     -       A->Y   F     XNOR2x1_ASAP7_75t_SL       2  3.6    24    20     331    (-,-) 
  BF1_2_mul_170_29_g27441/Y     -       B->Y   R     XOR2x2_ASAP7_75t_SL        1  2.6    14    29     359    (-,-) 
  BF1_2_mul_170_29_g27364/Y     -       B->Y   F     XOR2x2_ASAP7_75t_SL        2  3.9    17    22     381    (-,-) 
  BF1_2_mul_170_29_g27266/Y     -       A->Y   R     XOR2x2_ASAP7_75t_SL        1  2.4    13    26     407    (-,-) 
  BF1_2_mul_170_29_g27187/Y     -       A->Y   F     XOR2x2_ASAP7_75t_SL        2  3.3    15    22     429    (-,-) 
  BF1_2_mul_170_29_g27137/Y     -       A->Y   F     AND2x2_ASAP7_75t_SL        2  4.1    15    20     449    (-,-) 
  BF1_2_mul_170_29_g27108/Y     -       B->Y   R     AOI21x1_ASAP7_75t_SL       2  3.3    28    16     466    (-,-) 
  BF1_2_mul_170_29_g27078/Y     -       A2->Y  R     OA21x2_ASAP7_75t_SL        1  2.6    14    20     485    (-,-) 
  BF1_2_mul_170_29_g27061/Y     -       A2->Y  F     OAI21x1_ASAP7_75t_SL       1  2.7    20    10     496    (-,-) 
  BF1_2_mul_170_29_g27050/Y     -       B->Y   R     AOI21x1_ASAP7_75t_SL       1  2.6    25    16     511    (-,-) 
  BF1_2_mul_170_29_g27039/Y     -       B->Y   R     AND2x6_ASAP7_75t_SL        9 17.7    25    27     538    (-,-) 
  BF1_2_mul_170_29_g27038/Y     -       A->Y   F     INVx8_ASAP7_75t_SL         6 12.1    16     9     547    (-,-) 
  BF1_2_mul_170_29_g27033/Y     -       A1->Y  R     AOI21x1_ASAP7_75t_SL       1  3.2    29    15     562    (-,-) 
  BF1_2_mul_170_29_g27008/Y     -       B->Y   R     XNOR2x1_ASAP7_75t_SL       1  2.1    36    18     579    (-,-) 
  BF1_2_barrett_datai_reg[42]/D -       -      R     DFFHQx4_ASAP7_75t_L        1    -     -     0     579    (-,-) 
#-------------------------------------------------------------------------------------------------------------------



Path 17: VIOLATED (-78 ps) Setup Check with Pin BF1_2_barrett_datai_reg[39]/CLK->D
          Group: clk
     Startpoint: (R) BF1_1_modei_reg[2]/CLK
          Clock: (R) clk
       Endpoint: (F) BF1_2_barrett_datai_reg[39]/D
          Clock: (R) clk

                     Capture       Launch     
        Clock Edge:+     540            0     
       Src Latency:+       0            0     
       Net Latency:+       0 (I)        0 (I) 
           Arrival:=     540            0     
                                              
             Setup:-       8                  
       Uncertainty:-      27                  
     Required Time:=     504                  
      Launch Clock:-       0                  
         Data Path:-     583                  
             Slack:=     -78                  

#-------------------------------------------------------------------------------------------------------------------
#         Timing Point          Flags    Arc   Edge         Cell           Fanout Load Trans Delay Arrival Instance 
#                                                                                 (fF)  (ps)  (ps)   (ps)  Location 
#-------------------------------------------------------------------------------------------------------------------
  BF1_1_modei_reg[2]/CLK        -       -      R     (arrival)               2845    -     0     0       0    (-,-) 
  BF1_1_modei_reg[2]/Q          -       CLK->Q R     DFFHQx4_ASAP7_75t_SL       2  6.0    15    45      45    (-,-) 
  fopt63427/Y                   -       A->Y   F     INVx5_ASAP7_75t_SL         1  3.7     8     5      50    (-,-) 
  g48568__7098/Y                -       B->Y   R     NAND2x2_ASAP7_75t_SL       2  3.9    20    11      61    (-,-) 
  g48518__6783/Y                -       A->Y   R     OR2x6_ASAP7_75t_SL         7 19.7    28    26      88    (-,-) 
  g50198/Y                      -       A->Y   R     BUFx12f_ASAP7_75t_SL       6 20.2    18    19     106    (-,-) 
  g50196/Y                      -       A->Y   F     INVx4_ASAP7_75t_SL         8 12.6    21    13     119    (-,-) 
  g50195/Y                      -       A->Y   R     INVx3_ASAP7_75t_SL         2  3.4    14     9     128    (-,-) 
  g49384/Y                      -       B2->Y  R     AO22x2_ASAP7_75t_SL        1  4.0    19    21     149    (-,-) 
  g49375/Y                      -       A->Y   R     BUFx12f_ASAP7_75t_SL      13 25.2    20    19     168    (-,-) 
  BF1_2_mul_170_29_g29311/Y     -       A->Y   F     INVx11_ASAP7_75t_SL       11 16.2    15     9     178    (-,-) 
  BF1_2_mul_170_29_g29130/Y     -       B1->Y  R     AOI22xp5_ASAP7_75t_SL      2  3.4    54    26     204    (-,-) 
  BF1_2_mul_170_29_g28412/Y     -       A2->Y  F     OAI22xp5_ASAP7_75t_SL      2  5.1    77    35     238    (-,-) 
  BF1_2_mul_170_29_g28141/Y     -       B->Y   F     MAJx2_ASAP7_75t_SL         2  4.3    20    38     276    (-,-) 
  BF1_2_mul_170_29_g27880/Y     -       B->Y   F     XOR2xp5_ASAP7_75t_L        1  2.5    34    24     300    (-,-) 
  BF1_2_mul_170_29_g27717/Y     -       A->Y   R     XOR2x2_ASAP7_75t_SL        2  4.9    22    33     333    (-,-) 
  BF1_2_mul_170_29_g27580/Y     -       A->Y   R     XNOR2x1_ASAP7_75t_SL       1  2.6    26    19     353    (-,-) 
  BF1_2_mul_170_29_g29684/Y     -       A->Y   F     XNOR2x2_ASAP7_75t_SL       2  5.1    20    31     384    (-,-) 
  BF1_2_mul_170_29_g27262/Y     -       B->Y   F     XNOR2x1_ASAP7_75t_SL       1  2.5    22    19     403    (-,-) 
  BF1_2_mul_170_29_g27186/Y     -       A->Y   R     XOR2x2_ASAP7_75t_SL        2  3.9    18    30     433    (-,-) 
  BF1_2_mul_170_29_g27139/Y     -       B->Y   R     AND2x4_ASAP7_75t_SL        3  5.4    14    17     450    (-,-) 
  BF1_2_mul_170_29_g27106/Y     -       A1->Y  R     AO21x2_ASAP7_75t_SL        2  3.9    18    19     469    (-,-) 
  BF1_2_mul_170_29_g27080/Y     -       A2->Y  F     AOI21x1_ASAP7_75t_SL       1  2.6    23    10     479    (-,-) 
  BF1_2_mul_170_29_g27062/Y     -       A2->Y  R     OAI21x1_ASAP7_75t_SL       2  4.0    34    18     498    (-,-) 
  BF1_2_mul_170_29_g27050/Y     -       A1->Y  F     AOI21x1_ASAP7_75t_SL       1  2.6    24    14     512    (-,-) 
  BF1_2_mul_170_29_g27039/Y     -       B->Y   F     AND2x6_ASAP7_75t_SL        9 17.7    21    27     538    (-,-) 
  BF1_2_mul_170_29_g27019/Y     -       B1->Y  F     OA221x2_ASAP7_75t_SL       1  3.2    17    26     565    (-,-) 
  BF1_2_mul_170_29_g27005/Y     -       B->Y   F     XNOR2x1_ASAP7_75t_SL       1  2.1    27    18     583    (-,-) 
  BF1_2_barrett_datai_reg[39]/D -       -      F     DFFHQx4_ASAP7_75t_L        1    -     -     0     583    (-,-) 
#-------------------------------------------------------------------------------------------------------------------



Path 18: VIOLATED (-78 ps) Setup Check with Pin BF1_1_barrett_datai_reg[42]/CLK->D
          Group: clk
     Startpoint: (R) BF1_1_modei_reg[2]/CLK
          Clock: (R) clk
       Endpoint: (R) BF1_1_barrett_datai_reg[42]/D
          Clock: (R) clk

                     Capture       Launch     
        Clock Edge:+     540            0     
       Src Latency:+       0            0     
       Net Latency:+       0 (I)        0 (I) 
           Arrival:=     540            0     
                                              
             Setup:-      12                  
       Uncertainty:-      27                  
     Required Time:=     501                  
      Launch Clock:-       0                  
         Data Path:-     579                  
             Slack:=     -78                  

#------------------------------------------------------------------------------------------------------------------
#         Timing Point          Flags    Arc   Edge         Cell          Fanout Load Trans Delay Arrival Instance 
#                                                                                (fF)  (ps)  (ps)   (ps)  Location 
#------------------------------------------------------------------------------------------------------------------
  BF1_1_modei_reg[2]/CLK        -       -      R     (arrival)              2845    -     0     0       0    (-,-) 
  BF1_1_modei_reg[2]/Q          -       CLK->Q F     DFFHQx4_ASAP7_75t_SL      2  6.0    13    45      45    (-,-) 
  fopt63427/Y                   -       A->Y   R     INVx5_ASAP7_75t_SL        1  3.7     9     6      52    (-,-) 
  g48568__7098/Y                -       B->Y   F     NAND2x2_ASAP7_75t_SL      2  3.9    14     8      60    (-,-) 
  g48518__6783/Y                -       A->Y   F     OR2x6_ASAP7_75t_SL        7 19.7    25    28      87    (-,-) 
  g50198/Y                      -       A->Y   F     BUFx12f_ASAP7_75t_SL      6 20.2    16    20     107    (-,-) 
  g50194/Y                      -       A->Y   F     BUFx12f_ASAP7_75t_SL     12 21.6    16    18     125    (-,-) 
  g50190/Y                      -       A->Y   R     INVx5_ASAP7_75t_SL        4  9.3    17    11     136    (-,-) 
  g50189/Y                      -       A->Y   F     INVx4_ASAP7_75t_SL        2  3.4     9     6     142    (-,-) 
  g49198/Y                      -       B->Y   F     AND2x2_ASAP7_75t_SL       1  2.6    13    16     158    (-,-) 
  g49150/Y                      -       A->Y   F     OR2x6_ASAP7_75t_SL       13 25.8    30    30     188    (-,-) 
  BF1_1_mul_170_29_g29516/Y     -       A->Y   R     INVx8_ASAP7_75t_SL        5  7.9    16    10     198    (-,-) 
  BF1_1_mul_170_29_g29101/Y     -       A2->Y  R     OA22x2_ASAP7_75t_SL       2  4.5    20    22     220    (-,-) 
  BF1_1_mul_170_29_g28620/Y     -       B1->Y  F     OAI22x1_ASAP7_75t_SL      2  4.1    36    15     235    (-,-) 
  BF1_1_mul_170_29_g28132/Y     -       A->Y   F     MAJx2_ASAP7_75t_SL        2  4.5    20    29     264    (-,-) 
  BF1_1_mul_170_29_g27843/Y     -       A->Y   F     MAJx2_ASAP7_75t_SL        2  3.8    16    24     288    (-,-) 
  BF1_1_mul_170_29_g27634/Y     -       A->Y   F     XOR2x2_ASAP7_75t_SL       1  3.2    15    23     311    (-,-) 
  BF1_1_mul_170_29_g27541/Y     -       A->Y   F     XNOR2x1_ASAP7_75t_SL      2  3.6    24    20     331    (-,-) 
  BF1_1_mul_170_29_g27441/Y     -       B->Y   R     XOR2x2_ASAP7_75t_SL       1  2.6    14    29     360    (-,-) 
  BF1_1_mul_170_29_g27364/Y     -       B->Y   F     XOR2x2_ASAP7_75t_SL       2  3.9    17    22     382    (-,-) 
  BF1_1_mul_170_29_g27266/Y     -       A->Y   R     XOR2x2_ASAP7_75t_SL       1  2.4    13    26     408    (-,-) 
  BF1_1_mul_170_29_g27187/Y     -       A->Y   F     XOR2x2_ASAP7_75t_SL       2  3.3    15    22     429    (-,-) 
  BF1_1_mul_170_29_g27137/Y     -       B->Y   F     AND2x2_ASAP7_75t_SL       2  4.1    15    19     449    (-,-) 
  BF1_1_mul_170_29_g27108/Y     -       B->Y   R     AOI21x1_ASAP7_75t_SL      2  3.5    29    17     466    (-,-) 
  BF1_1_mul_170_29_g27078/Y     -       A2->Y  R     OA21x2_ASAP7_75t_SL       1  2.6    14    20     486    (-,-) 
  BF1_1_mul_170_29_g27061/Y     -       A2->Y  F     OAI21x1_ASAP7_75t_SL      1  2.7    19    10     496    (-,-) 
  BF1_1_mul_170_29_g27050/Y     -       B->Y   R     AOI21x1_ASAP7_75t_SL      1  2.6    25    16     511    (-,-) 
  BF1_1_mul_170_29_g27039/Y     -       B->Y   R     AND2x6_ASAP7_75t_SL       9 17.7    25    27     538    (-,-) 
  BF1_1_mul_170_29_g27038/Y     -       A->Y   F     INVx8_ASAP7_75t_SL        6 12.1    16     9     547    (-,-) 
  BF1_1_mul_170_29_g27033/Y     -       A1->Y  R     AOI21x1_ASAP7_75t_SL      1  3.2    29    15     562    (-,-) 
  BF1_1_mul_170_29_g27008/Y     -       B->Y   R     XNOR2x1_ASAP7_75t_SL      1  2.1    36    18     579    (-,-) 
  BF1_1_barrett_datai_reg[42]/D -       -      R     DFFHQx4_ASAP7_75t_L       1    -     -     0     579    (-,-) 
#------------------------------------------------------------------------------------------------------------------



Path 19: VIOLATED (-78 ps) Setup Check with Pin BF1_1_barrett_datai_reg[42]/CLK->D
          Group: clk
     Startpoint: (R) BF1_1_modei_reg[2]/CLK
          Clock: (R) clk
       Endpoint: (R) BF1_1_barrett_datai_reg[42]/D
          Clock: (R) clk

                     Capture       Launch     
        Clock Edge:+     540            0     
       Src Latency:+       0            0     
       Net Latency:+       0 (I)        0 (I) 
           Arrival:=     540            0     
                                              
             Setup:-      12                  
       Uncertainty:-      27                  
     Required Time:=     501                  
      Launch Clock:-       0                  
         Data Path:-     579                  
             Slack:=     -78                  

#--------------------------------------------------------------------------------------------------------------------
#         Timing Point          Flags    Arc   Edge          Cell           Fanout Load Trans Delay Arrival Instance 
#                                                                                  (fF)  (ps)  (ps)   (ps)  Location 
#--------------------------------------------------------------------------------------------------------------------
  BF1_1_modei_reg[2]/CLK        -       -      R     (arrival)                2845    -     0     0       0    (-,-) 
  BF1_1_modei_reg[2]/Q          -       CLK->Q F     DFFHQx4_ASAP7_75t_SL        2  6.0    13    45      45    (-,-) 
  fopt63427/Y                   -       A->Y   R     INVx5_ASAP7_75t_SL          1  3.7     9     6      52    (-,-) 
  g48568__7098/Y                -       B->Y   F     NAND2x2_ASAP7_75t_SL        2  3.9    14     8      60    (-,-) 
  g48518__6783/Y                -       A->Y   F     OR2x6_ASAP7_75t_SL          7 19.7    25    28      87    (-,-) 
  g50198/Y                      -       A->Y   F     BUFx12f_ASAP7_75t_SL        6 20.2    16    20     107    (-,-) 
  g50187/Y                      -       A->Y   F     BUFx12f_ASAP7_75t_SL       14 21.2    16    18     125    (-,-) 
  g50175/Y                      -       A->Y   R     INVx3_ASAP7_75t_SL          2  3.4    12     8     133    (-,-) 
  g49237/Y                      -       A2->Y  R     AO22x2_ASAP7_75t_SL         1  4.0    19    22     155    (-,-) 
  g49225/Y                      -       A->Y   R     BUFx12f_ASAP7_75t_SL       13 27.2    22    20     175    (-,-) 
  BF1_1_mul_170_29_g29517/Y     -       A->Y   F     INVx11_ASAP7_75t_SL         9 14.3    14     8     183    (-,-) 
  BF1_1_mul_170_29_g28976/Y     -       A2->Y  R     OAI22x1_ASAP7_75t_SL        2  3.5    40    17     200    (-,-) 
  BF1_1_mul_170_29_g28795/Y     -       A->Y   F     INVx1_ASAP7_75t_SL          1  2.7    24    15     215    (-,-) 
  BF1_1_mul_170_29_g28580/Y     -       B2->Y  R     OAI22x1_ASAP7_75t_SL        2  4.0    44    22     237    (-,-) 
  BF1_1_mul_170_29_g28516/Y     -       A->Y   F     INVx1_ASAP7_75t_SL          1  2.6    25    14     251    (-,-) 
  BF1_1_mul_170_29_g28094/Y     -       C->Y   F     MAJx2_ASAP7_75t_SL          2  4.6    19    26     277    (-,-) 
  BF1_1_mul_170_29_g28057/Y     -       A->Y   R     INVx1_ASAP7_75t_SL          1  2.1    19    12     290    (-,-) 
  BF1_1_mul_170_29_g27836/Y     -       A->Y   R     MAJx2_ASAP7_75t_SL          2  3.9    18    22     312    (-,-) 
  BF1_1_mul_170_29_g27680/Y     -       A->Y   F     MAJIxp5_ASAP7_75t_SL        2  4.0    45    24     336    (-,-) 
  BF1_1_mul_170_29_g27531/Y     -       B->Y   R     XOR2x2_ASAP7_75t_SL         1  2.6    15    32     369    (-,-) 
  BF1_1_mul_170_29_g27460/Y     -       B->Y   F     XOR2x2_ASAP7_75t_SL         2  5.0    19    23     392    (-,-) 
  BF1_1_mul_170_29_g27354/Y     -       A->Y   F     XOR2x1_ASAP7_75t_SL         1  2.4    20    20     412    (-,-) 
  BF1_1_mul_170_29_g27264/Y     -       B->Y   R     XNOR2x2_ASAP7_75t_SL        2  3.8    18    26     437    (-,-) 
  BF1_1_mul_170_29_g27207/Y     -       B->Y   R     AND2x4_ASAP7_75t_SL         3  6.4    15    18     455    (-,-) 
  BF1_1_mul_170_29_g27135/Y     -       A->Y   F     NOR2x1p5_ASAP7_75t_SL       1  2.5    15    10     465    (-,-) 
  BF1_1_mul_170_29_g27107/Y     -       C->Y   F     AND3x4_ASAP7_75t_SL         2  4.4    13    23     488    (-,-) 
  BF1_1_mul_170_29_g27083/Y     -       B->Y   F     AND2x4_ASAP7_75t_SL         1  3.1     9    15     503    (-,-) 
  BF1_1_mul_170_29_g27063/Y     -       A->Y   R     NAND2x1p5_ASAP7_75t_SL      1  2.6    18    10     513    (-,-) 
  BF1_1_mul_170_29_g27039/Y     -       A->Y   R     AND2x6_ASAP7_75t_SL         9 17.7    25    24     538    (-,-) 
  BF1_1_mul_170_29_g27038/Y     -       A->Y   F     INVx8_ASAP7_75t_SL          6 12.1    16     9     547    (-,-) 
  BF1_1_mul_170_29_g27033/Y     -       A1->Y  R     AOI21x1_ASAP7_75t_SL        1  3.2    29    15     562    (-,-) 
  BF1_1_mul_170_29_g27008/Y     -       B->Y   R     XNOR2x1_ASAP7_75t_SL        1  2.1    36    18     579    (-,-) 
  BF1_1_barrett_datai_reg[42]/D -       -      R     DFFHQx4_ASAP7_75t_L         1    -     -     0     579    (-,-) 
#--------------------------------------------------------------------------------------------------------------------



Path 20: VIOLATED (-78 ps) Setup Check with Pin BF1_1_barrett_datai_reg[42]/CLK->D
          Group: clk
     Startpoint: (R) BF1_1_ajlen2_INTT_reg[21]/CLK
          Clock: (R) clk
       Endpoint: (R) BF1_1_barrett_datai_reg[42]/D
          Clock: (R) clk

                     Capture       Launch     
        Clock Edge:+     540            0     
       Src Latency:+       0            0     
       Net Latency:+       0 (I)        0 (I) 
           Arrival:=     540            0     
                                              
             Setup:-      12                  
       Uncertainty:-      27                  
     Required Time:=     501                  
      Launch Clock:-       0                  
         Data Path:-     579                  
             Slack:=     -78                  

#--------------------------------------------------------------------------------------------------------------------
#         Timing Point          Flags    Arc   Edge          Cell           Fanout Load Trans Delay Arrival Instance 
#                                                                                  (fF)  (ps)  (ps)   (ps)  Location 
#--------------------------------------------------------------------------------------------------------------------
  BF1_1_ajlen2_INTT_reg[21]/CLK -       -      R     (arrival)                2845    -     0     0       0    (-,-) 
  BF1_1_ajlen2_INTT_reg[21]/Q   -       CLK->Q F     DFFHQx4_ASAP7_75t_SL        4  8.6    16    47      47    (-,-) 
  BF1_1_mul_170_29_g29596/Y     -       A->Y   R     INVx3_ASAP7_75t_SL          1  1.9     9     6      54    (-,-) 
  BF1_1_mul_170_29_g29236/Y     -       B->Y   F     NOR2xp33_ASAP7_75t_L        1  2.0    43    22      76    (-,-) 
  BF1_1_mul_170_29_g29216/Y     -       A->Y   F     OR2x2_ASAP7_75t_SL         11 16.4    48    40     116    (-,-) 
  BF1_1_mul_170_29_g28750/Y     -       A->Y   F     OR2x4_ASAP7_75t_SL         17 25.1    42    44     160    (-,-) 
  BF1_1_mul_170_29_g28732/Y     -       A->Y   R     INVx1_ASAP7_75t_SL          7 10.8    78    44     204    (-,-) 
  BF1_1_mul_170_29_g28384/Y     -       A1->Y  R     AO22x1_ASAP7_75t_SL         2  3.8    31    29     233    (-,-) 
  BF1_1_mul_170_29_g28282/Y     -       A->Y   F     XNOR2x2_ASAP7_75t_L         1  2.5    14    34     267    (-,-) 
  BF1_1_mul_170_29_g29742/Y     -       A->Y   F     XOR2x2_ASAP7_75t_SL         2  4.5    18    24     291    (-,-) 
  BF1_1_mul_170_29_g27830/Y     -       A->Y   F     XNOR2x1_ASAP7_75t_SL        1  2.5    20    18     309    (-,-) 
  BF1_1_mul_170_29_g29705/Y     -       A->Y   R     XOR2x2_ASAP7_75t_SL         2  4.3    21    30     339    (-,-) 
  BF1_1_mul_170_29_g27555/Y     -       A->Y   R     XOR2xp5_ASAP7_75t_L         1  2.4    43    31     370    (-,-) 
  BF1_1_mul_170_29_g29688/Y     -       A->Y   F     XOR2x2_ASAP7_75t_SL         2  5.1    20    26     397    (-,-) 
  BF1_1_mul_170_29_g27271/Y     -       B->Y   F     XNOR2x1_ASAP7_75t_SL        1  2.5    20    19     416    (-,-) 
  BF1_1_mul_170_29_g29672/Y     -       A->Y   R     XOR2x2_ASAP7_75t_SL         2  3.9    18    29     445    (-,-) 
  BF1_1_mul_170_29_g27140/Y     -       A->Y   R     AND2x4_ASAP7_75t_SL         3  6.4    15    17     462    (-,-) 
  BF1_1_mul_170_29_g27111/Y     -       A->Y   F     NOR2x1p5_ASAP7_75t_SL       1  2.6    15    10     472    (-,-) 
  BF1_1_mul_170_29_g27099/Y     -       B->Y   F     AND2x4_ASAP7_75t_SL         2  3.9    10    16     488    (-,-) 
  BF1_1_mul_170_29_g27083/Y     -       A->Y   F     AND2x4_ASAP7_75t_SL         1  3.1     9    15     503    (-,-) 
  BF1_1_mul_170_29_g27063/Y     -       A->Y   R     NAND2x1p5_ASAP7_75t_SL      1  2.6    18    10     513    (-,-) 
  BF1_1_mul_170_29_g27039/Y     -       A->Y   R     AND2x6_ASAP7_75t_SL         9 17.7    25    24     538    (-,-) 
  BF1_1_mul_170_29_g27038/Y     -       A->Y   F     INVx8_ASAP7_75t_SL          6 12.1    16     9     547    (-,-) 
  BF1_1_mul_170_29_g27033/Y     -       A1->Y  R     AOI21x1_ASAP7_75t_SL        1  3.2    29    15     562    (-,-) 
  BF1_1_mul_170_29_g27008/Y     -       B->Y   R     XNOR2x1_ASAP7_75t_SL        1  2.1    36    18     579    (-,-) 
  BF1_1_barrett_datai_reg[42]/D -       -      R     DFFHQx4_ASAP7_75t_L         1    -     -     0     579    (-,-) 
#--------------------------------------------------------------------------------------------------------------------

