TMPDIR is being set to /tmp/genus_temp_763098_66fccccd-fc91-472a-9e0d-0061f8aee087_engr-r940s01.engr.uidaho.edu_alco9414_2PcI7z
Cadence Genus(TM) Synthesis Solution.
Copyright 2025 Cadence Design Systems, Inc. All rights reserved worldwide.
Cadence and the Cadence logo are registered trademarks and Genus is a trademark
of Cadence Design Systems, Inc. in the United States and other countries.

[13:21:11.481609] Configured Lic search path (25.01-s002): 5280@ece-cadence-lic.ece.uidaho.edu

Version: 25.12-s067_1, built Mon Nov 17 13:10:10 PST 2025
Options: -batch -files a7_ordered.tcl 
Date:    Tue Aug 11 13:21:11 2026
Host:    engr-r940s01.engr.uidaho.edu (x86_64 w/Linux 5.14.0-687.33.1.el9_8.x86_64) (20cores*80cpus*4physical cpus*Intel(R) Xeon(R) Gold 6148 CPU @ 2.40GHz 28160KB) (1055594532KB)
PID:     763098
OS:      Red Hat Enterprise Linux 9.8 (Plow)

Checking out license: Genus_Synthesis
[13:21:11.332842] Periodic Lic check successful
[13:21:11.857153] Feature usage summary:
[13:21:11.857154] Genus_Synthesis  
License checkout complete (0 seconds elapsed).


***********************************************************************************************************
***********************************************************************************************************



Finished executable startup (15 seconds elapsed).

Loading tool scripts...
Finished loading tool scripts (33 seconds elapsed).

#@ Processing -files option
@genus:root: 1> source a7_ordered.tcl
#@ Begin verbose source ./a7_ordered.tcl
@file(a7_ordered.tcl) 1: set_db init_hdl_search_path /home/alco9414/pqc/hqc/asic/portfix_wip
  Setting attribute of root '/': 'init_hdl_search_path' = /home/alco9414/pqc/hqc/asic/portfix_wip
@file(a7_ordered.tcl) 2: set_db hdl_error_on_blackbox false
  Setting attribute of root '/': 'hdl_error_on_blackbox' = false
@file(a7_ordered.tcl) 3: read_hdl -define {SHARED=1 SHARED_ENCAP=1} [concat [list /home/alco9414/pqc/hqc/asic/portfix_wip/clog2.v] [lsort [glob /home/alco9414/pqc/hqc/asic/portfix_wip/*.v]]]

|
Warning : Ignoring unsynthesizable construct. [VLOGPT-37]
        : Initial value assignment to reg in file '/home/alco9414/pqc/hqc/asic/portfix_wip/control_path.v' on line 82, column 54.
        : For example, the following constructs will be ignored:
    - initial block
    - final block
    - program block
    - property block
    - sequence block
    - covergroup
    - checker block
    - gate drive strength
    - system task enable
    - reg declaration with initial value
    - specify block.
reg         [`COUNTER_WIDTH-1:0]      counter = 0;
                                                 |
Warning : Ignoring unsynthesizable construct. [VLOGPT-37]
        : Initial value assignment to reg in file '/home/alco9414/pqc/hqc/asic/portfix_wip/control_path.v' on line 83, column 53.
  -1)-1:0]      counter = 0;
                           |
Warning : Ignoring unsynthesizable construct. [VLOGPT-37]
        : Initial value assignment to reg in file '/home/alco9414/pqc/hqc/asic/portfix_wip/control_path.v' on line 85, column 28.
reg         [1:0]                     counter_ctrl = 0;
                                                      |
Warning : Ignoring unsynthesizable construct. [VLOGPT-37]
        : Initial value assignment to reg in file '/home/alco9414/pqc/hqc/asic/portfix_wip/control_path.v' on line 86, column 55.
reg                                   din_ready_internal = 0;
                                                            |
Warning : Ignoring unsynthesizable construct. [VLOGPT-37]
        : Initial value assignment to reg in file '/home/alco9414/pqc/hqc/asic/portfix_wip/control_path.v' on line 88, column 61.
reg                                   bof_internal = 0;
                                                      |
Warning : Ignoring unsynthesizable construct. [VLOGPT-37]
        : Initial value assignment to reg in file '/home/alco9414/pqc/hqc/asic/portfix_wip/control_path.v' on line 90, column 55.
reg                                   bof_internal_reg = 0;
                                                          |
Warning : Ignoring unsynthesizable construct. [VLOGPT-37]
        : Initial value assignment to reg in file '/home/alco9414/pqc/hqc/asic/portfix_wip/control_path.v' on line 91, column 59.
reg                                   eof_internal = 0;
                                                      |
Warning : Ignoring unsynthesizable construct. [VLOGPT-37]
        : Initial value assignment to reg in file '/home/alco9414/pqc/hqc/asic/portfix_wip/control_path.v' on line 92, column 55.
reg                                   eof_internal_reg = 0;
                                                          |
Warning : Ignoring unsynthesizable construct. [VLOGPT-37]
        : Initial value assignment to reg in file '/home/alco9414/pqc/hqc/asic/portfix_wip/control_path.v' on line 93, column 59.
reg                                   absorb_data = 0;
                                                     |
Warning : Ignoring unsynthesizable construct. [VLOGPT-37]
        : Initial value assignment to reg in file '/home/alco9414/pqc/hqc/asic/portfix_wip/control_path.v' on line 97, column 54.
reg                                   absorb_data_reg = 0;
                                                         |
Warning : Ignoring unsynthesizable construct. [VLOGPT-37]
        : Initial value assignment to reg in file '/home/alco9414/pqc/hqc/asic/portfix_wip/control_path.v' on line 98, column 58.
reg                                   extra_pad = 0;
                                                   |
Warning : Ignoring unsynthesizable construct. [VLOGPT-37]
        : Initial value assignment to reg in file '/home/alco9414/pqc/hqc/asic/portfix_wip/control_path.v' on line 99, column 52.
reg                                   extra_pad_reg = 0;
                                                       |
Warning : Ignoring unsynthesizable construct. [VLOGPT-37]
        : Initial value assignment to reg in file '/home/alco9414/pqc/hqc/asic/portfix_wip/control_path.v' on line 100, column 56.
reg         [32-3:0]                requested_bytes = 0;
                                                       |
Warning : Ignoring unsynthesizable construct. [VLOGPT-37]
        : Initial value assignment to reg in file '/home/alco9414/pqc/hqc/asic/portfix_wip/control_path.v' on line 102, column 56.
reg         [32-3:0]                requested_bytes_reg = 0;
                                                           |
Warning : Ignoring unsynthesizable construct. [VLOGPT-37]
        : Initial value assignment to reg in file '/home/alco9414/pqc/hqc/asic/portfix_wip/control_path.v' on line 103, column 60.
reg         [`RATE_WIDTH-1:0]         data_length_reg = 0;            
                                  |
Warning : Ignoring unsynthesizable construct. [VLOGPT-37]
        : Initial value assignment to reg in file '/home/alco9414/pqc/hqc/asic/portfix_wip/control_path.v' on line 105, column 35.
reg         [`RATE_WIDTH-1:0]         to_be_read_reg = 0;
                                      |
Warning : Ignoring unsynthesizable construct. [VLOGPT-37]
        : Initial value assignment to reg in file '/home/alco9414/pqc/hqc/asic/portfix_wip/control_path.v' on line 106, column 39.
  -1)-1:0]         to_be_read = 0;
                                 |
Warning : Ignoring unsynthesizable construct. [VLOGPT-37]
        : Initial value assignment to reg in file '/home/alco9414/pqc/hqc/asic/portfix_wip/control_path.v' on line 107, column 34.
reg         [`RATE_WIDTH-1:0]         to_be_absorbed = 0;
                                     |
Warning : Ignoring unsynthesizable construct. [VLOGPT-37]
        : Initial value assignment to reg in file '/home/alco9414/pqc/hqc/asic/portfix_wip/control_path.v' on line 108, column 38.

|
Warning : Ignoring unsynthesizable construct. [VLOGPT-37]
        : Initial value assignment to reg in file '/home/alco9414/pqc/hqc/asic/portfix_wip/control_path.v' on line 109, column 38.
Warning : Maximum message print count reached. [MESG-11]
        : Maximum print count of '20' reached for message 'VLOGPT-37'.
assign u_v_out = (sel_uv)? pm_out : u_out;
                                    |
Error   : Reference to undeclared variable. A variable/parameter must be declared before it is referenced. [VLOGPT-20] [read_hdl]
        : Symbol 'u_out' in file '/home/alco9414/pqc/hqc/asic/portfix_wip/encrypt.v' on line 360, column 37.
        : Verilog module is using a parameter that is not defined in the module. You will get a notification for this, if you read the verilog file using the read_hdl command.
         .wr_en(wen_fw & en_r1),
                         |
Warning : Suspicious implicit wire declaration. [VLOGPT-21]
        : Operand 'en_r1' declared as a 1-bit wire in file '/home/alco9414/pqc/hqc/asic/portfix_wip/encrypt.v' on line 386, column 26.
        : An implicit wire is declared for an undeclared symbol occurring within a module instance or within the target of an assign statement.  If an undeclared symbol occurs within a subexpression in one of these contexts, it may be a coding error.
         .wr_en(wen_fw & en_r2),
                         |
Warning : Suspicious implicit wire declaration. [VLOGPT-21]
        : Operand 'en_r2' declared as a 1-bit wire in file '/home/alco9414/pqc/hqc/asic/portfix_wip/encrypt.v' on line 395, column 26.
         .wr_en((u_v_in_wen && sel_uv == 0)? 1: wen_u),
                                                |
Warning : Suspicious implicit wire declaration. [VLOGPT-21]
        : Operand 'wen_u' declared as a 1-bit wire in file '/home/alco9414/pqc/hqc/asic/portfix_wip/encrypt.v' on line 405, column 49.
reg  [`CLOG2(X)-1:0] hs_addr_0_reg;
              |
Error   : Parsing error. [VLOGPT-1] [read_hdl]
        : in file '/home/alco9414/pqc/hqc/asic/portfix_wip/encrypt.v' on line 427, column 15.
        : Invalid Verilog syntax is parsed, or unsupported Verilog syntax is encountered.
reg  [`CLOG2(X)-1:0] hs_addr_0_reg;
               |
Error   : Bad argument for operator. [VLOGPT-117] [read_hdl]
        : in file '/home/alco9414/pqc/hqc/asic/portfix_wip/encrypt.v' on line 427, column 16.
        : Illegal Verilog syntax is encountered.
reg  [`CLOG2(X)-1:0] hs_addr_1_reg;
              |
Error   : Parsing error. [VLOGPT-1] [read_hdl]
        : in file '/home/alco9414/pqc/hqc/asic/portfix_wip/encrypt.v' on line 428, column 15.
reg  [`CLOG2(X)-1:0] hs_addr_1_reg;
               |
Error   : Bad argument for operator. [VLOGPT-117] [read_hdl]
        : in file '/home/alco9414/pqc/hqc/asic/portfix_wip/encrypt.v' on line 428, column 16.
    assign pm_add_addr   = (u_v_in_wen && sel_uv == 1)? u_v_in_addr :xor_add_en? xor_add_out_addr : add_out_addr;
                                                                                 |
Error   : Reference to undeclared variable. A variable/parameter must be declared before it is referenced. [VLOGPT-20] [read_hdl]
        : Symbol 'xor_add_out_addr' in file '/home/alco9414/pqc/hqc/asic/portfix_wip/encrypt.v' on line 446, column 82.
    assign pm_add_addr   = (u_v_in_wen && sel_uv == 1)? u_v_in_addr :xor_add_en? xor_add_out_addr : add_out_addr;
                                                                                                    |
Error   : Reference to undeclared variable. A variable/parameter must be declared before it is referenced. [VLOGPT-20] [read_hdl]
        : Symbol 'add_out_addr' in file '/home/alco9414/pqc/hqc/asic/portfix_wip/encrypt.v' on line 446, column 101.
    assign pm_add_in     = (u_v_in_wen && sel_uv == 1)? u_v_in : xor_add_en? xor_add_out : add_out;
                                                                             |
Error   : Reference to undeclared variable. A variable/parameter must be declared before it is referenced. [VLOGPT-20] [read_hdl]
        : Symbol 'xor_add_out' in file '/home/alco9414/pqc/hqc/asic/portfix_wip/encrypt.v' on line 447, column 78.
    assign pm_add_in     = (u_v_in_wen && sel_uv == 1)? u_v_in : xor_add_en? xor_add_out : add_out;
                                                                                           |
Error   : Reference to undeclared variable. A variable/parameter must be declared before it is referenced. [VLOGPT-20] [read_hdl]
        : Symbol 'add_out' in file '/home/alco9414/pqc/hqc/asic/portfix_wip/encrypt.v' on line 447, column 92.
 wire [RAMWIDTH-1:0] pm_out;
                           |
Error   : Redeclared variable. [VLOGPT-22] [read_hdl]
        : Redeclaration of non-interface variable 'pm_out' in file '/home/alco9414/pqc/hqc/asic/portfix_wip/encrypt.v' on line 496, column 28.
        : A variable cannot be redeclared in the same scope. Check the reported RTL file and remove duplicate declarations.
 wire [`CLOG2(N_MEM/MEM_WIDTH) - 1:0] add_out_addr;
                             |
Error   : Parsing error. [VLOGPT-1] [read_hdl]
        : in file '/home/alco9414/pqc/hqc/asic/portfix_wip/encrypt.v' on line 499, column 30.
 wire [`CLOG2(N_MEM/MEM_WIDTH) - 1:0] add_out_addr;
                               |
Error   : Bad argument for operator. [VLOGPT-117] [read_hdl]
        : in file '/home/alco9414/pqc/hqc/asic/portfix_wip/encrypt.v' on line 499, column 32.
    .location(sel_r1_hr2? r1_internal: sel_e? error_loc : r1_internal),
              |
Warning : Suspicious implicit wire declaration. [VLOGPT-21]
        : Operand 'sel_r1_hr2' declared as a 1-bit wire in file '/home/alco9414/pqc/hqc/asic/portfix_wip/encrypt.v' on line 516, column 15.
  wire xor_add_en;
                 |
Error   : Redeclared variable. [VLOGPT-22] [read_hdl]
        : Redeclaration of non-interface variable 'xor_add_en' in file '/home/alco9414/pqc/hqc/asic/portfix_wip/encrypt.v' on line 533, column 18.
reg en_r1;
         |
Error   : Redeclared variable. [VLOGPT-22] [read_hdl]
        : Redeclaration of non-interface variable 'en_r1' in file '/home/alco9414/pqc/hqc/asic/portfix_wip/encrypt.v' on line 572, column 10.
reg en_r2;
         |
Error   : Redeclared variable. [VLOGPT-22] [read_hdl]
        : Redeclaration of non-interface variable 'en_r2' in file '/home/alco9414/pqc/hqc/asic/portfix_wip/encrypt.v' on line 573, column 10.
        r2_done <= 0;
        |
Error   : Reference to undeclared variable. A variable/parameter must be declared before it is referenced. [VLOGPT-20] [read_hdl]
        : Symbol 'r2_done' in file '/home/alco9414/pqc/hqc/asic/portfix_wip/encrypt.v' on line 741, column 9.
            en_e <= 0;;
                      |
Warning : Ignoring Null Statement. [VLOGPT-13]
        : Null statement ';' is not allowed inside a begin-end block in file '/home/alco9414/pqc/hqc/asic/portfix_wip/encrypt.v' on line 748, column 23.
            r2_done <= 0;
            |
Error   : Reference to undeclared variable. A variable/parameter must be declared before it is referenced. [VLOGPT-20] [read_hdl]
        : Symbol 'r2_done' in file '/home/alco9414/pqc/hqc/asic/portfix_wip/encrypt.v' on line 749, column 13.
		      r2_done <= 0;
		      |
Error   : Reference to undeclared variable. A variable/parameter must be declared before it is referenced. [VLOGPT-20] [read_hdl]
        : Symbol 'r2_done' in file '/home/alco9414/pqc/hqc/asic/portfix_wip/encrypt.v' on line 761, column 9.
		      if (done_fw_transfer) begin
		          |
Error   : Reference to undeclared variable. A variable/parameter must be declared before it is referenced. [VLOGPT-20] [read_hdl]
        : Symbol 'done_fw_transfer' in file '/home/alco9414/pqc/hqc/asic/portfix_wip/encrypt.v' on line 783, column 13.
		      r2_done <= 0;
		      |
Error   : Reference to undeclared variable. A variable/parameter must be declared before it is referenced. [VLOGPT-20] [read_hdl]
        : Symbol 'r2_done' in file '/home/alco9414/pqc/hqc/asic/portfix_wip/encrypt.v' on line 791, column 9.
		      done_fixed_weight <= 0;
		                           |
Error   : Parsing error. [VLOGPT-1] [read_hdl]
        : Expecting token ';', found 'number' in file '/home/alco9414/pqc/hqc/asic/portfix_wip/encrypt.v' on line 792, column 30.
		      if (done_fw_transfer) begin
		                          |
Error   : Parsing error. [VLOGPT-1] [read_hdl]
        : Expecting a statement in file '/home/alco9414/pqc/hqc/asic/portfix_wip/encrypt.v' on line 793, column 29.
		      if (done_fw_transfer) begin
		                          |
Error   : Parsing error. [VLOGPT-1] [read_hdl]
        : Expecting a statement in file '/home/alco9414/pqc/hqc/asic/portfix_wip/encrypt.v' on line 793, column 29.
		          en_r1 <= 0;    
		                   |
Error   : Parsing error. [VLOGPT-1] [read_hdl]
        : Expecting token ';', found 'number' in file '/home/alco9414/pqc/hqc/asic/portfix_wip/encrypt.v' on line 794, column 22.
		      en_e <= 0;
		              |
Error   : Parsing error. [VLOGPT-1] [read_hdl]
        : Expecting token ';', found 'number' in file '/home/alco9414/pqc/hqc/asic/portfix_wip/encrypt.v' on line 796, column 17.
		      if (done_fw) begin
		                 |
Error   : Parsing error. [VLOGPT-1] [read_hdl]
        : Expecting a statement in file '/home/alco9414/pqc/hqc/asic/portfix_wip/encrypt.v' on line 797, column 20.
		      if (done_fw) begin
		                 |
Error   : Parsing error. [VLOGPT-1] [read_hdl]
        : Expecting a statement in file '/home/alco9414/pqc/hqc/asic/portfix_wip/encrypt.v' on line 797, column 20.
		          if (CT_DESIGN == 0) begin
		                         |
Error   : Parsing error. [VLOGPT-1] [read_hdl]
        : Expecting a statement in file '/home/alco9414/pqc/hqc/asic/portfix_wip/encrypt.v' on line 798, column 28.
		          if (CT_DESIGN == 0) begin
		                         |
Error   : Parsing error. [VLOGPT-1] [read_hdl]
        : Expecting a statement in file '/home/alco9414/pqc/hqc/asic/portfix_wip/encrypt.v' on line 798, column 28.
		          if (CT_DESIGN == 0) begin
		                           |
Error   : Parsing error. [VLOGPT-1] [read_hdl]
        : Expecting a statement in file '/home/alco9414/pqc/hqc/asic/portfix_wip/encrypt.v' on line 798, column 30.
        en_r1 <= 0;
        |
Error   : Net not allowed in this context. [VLOGPT-86] [read_hdl]
        : Net 'en_r1' in file '/home/alco9414/pqc/hqc/asic/portfix_wip/encrypt.v' on line 738, column 9.
        : A net cannot be assigned within an always block.  This situation may occur because an output port is not explicitly declared as a reg.
        en_r2 <= 0;
        |
Error   : Net not allowed in this context. [VLOGPT-86] [read_hdl]
        : Net 'en_r2' in file '/home/alco9414/pqc/hqc/asic/portfix_wip/encrypt.v' on line 739, column 9.
            en_r1 <= 0;
            |
Error   : Net not allowed in this context. [VLOGPT-86] [read_hdl]
        : Net 'en_r1' in file '/home/alco9414/pqc/hqc/asic/portfix_wip/encrypt.v' on line 746, column 13.
            en_r2 <= 0;
            |
Error   : Net not allowed in this context. [VLOGPT-86] [read_hdl]
        : Net 'en_r2' in file '/home/alco9414/pqc/hqc/asic/portfix_wip/encrypt.v' on line 747, column 13.
		      en_r2 <= 0;
		      |
Error   : Net not allowed in this context. [VLOGPT-86] [read_hdl]
        : Net 'en_r2' in file '/home/alco9414/pqc/hqc/asic/portfix_wip/encrypt.v' on line 759, column 9.
                     en_r1 <= 1;
                     |
Error   : Net not allowed in this context. [VLOGPT-86] [read_hdl]
        : Net 'en_r1' in file '/home/alco9414/pqc/hqc/asic/portfix_wip/encrypt.v' on line 766, column 22.
                     en_r1 <= 1;
                     |
Error   : Net not allowed in this context. [VLOGPT-86] [read_hdl]
        : Net 'en_r1' in file '/home/alco9414/pqc/hqc/asic/portfix_wip/encrypt.v' on line 771, column 22.
			     en_r1 <= 0;
			     |
Error   : Net not allowed in this context. [VLOGPT-86] [read_hdl]
        : Net 'en_r1' in file '/home/alco9414/pqc/hqc/asic/portfix_wip/encrypt.v' on line 777, column 9.
		          en_r1 <= 0;
		          |
Error   : Net not allowed in this context. [VLOGPT-86] [read_hdl]
        : Net 'en_r1' in file '/home/alco9414/pqc/hqc/asic/portfix_wip/encrypt.v' on line 785, column 13.
		          en_r1 <= 0;    
		          |
Error   : Net not allowed in this context. [VLOGPT-86] [read_hdl]
        : Net 'en_r1' in file '/home/alco9414/pqc/hqc/asic/portfix_wip/encrypt.v' on line 794, column 13.
#@ End verbose source ./a7_ordered.tcl
1
Encountered problems processing file: a7_ordered.tcl

Lic Summary:
[13:21:45.081281] Cdslmd servers: ece-cadence-lic
[13:21:45.081307] Feature usage summary:
[13:21:45.081307] Genus_Synthesis  
Normal exit.
