============================================================
  Generated by:           Genus(TM) Synthesis Solution 25.12-s067_1
  Generated on:           Aug 12 2026  07:19:33 pm
  Module:                 butterfly2x2
  Operating conditions:   PVT_0P7V_25C 
  Interconnect mode:      global
  Area mode:              physical library
============================================================


Path 1: MET (-0 ps) Setup Check with Pin BF2_2_barrett_datai_reg[38]/CLK->D
          Group: clk
     Startpoint: (R) BF1_1_modei_reg[0]/CLK
          Clock: (R) clk
       Endpoint: (F) BF2_2_barrett_datai_reg[38]/D
          Clock: (R) clk

                     Capture       Launch     
        Clock Edge:+     583            0     
       Src Latency:+       0            0     
       Net Latency:+       0 (I)        0 (I) 
           Arrival:=     583            0     
                                              
             Setup:-       7                  
       Uncertainty:-      29                  
     Required Time:=     547                  
      Launch Clock:-       0                  
         Data Path:-     548                  
             Slack:=      -0                  

#--------------------------------------------------------------------------------------------------------------------
#         Timing Point          Flags    Arc    Edge         Cell           Fanout Load Trans Delay Arrival Instance 
#                                                                                  (fF)  (ps)  (ps)   (ps)  Location 
#--------------------------------------------------------------------------------------------------------------------
  BF1_1_modei_reg[0]/CLK        -       -       R     (arrival)               2845    -     0     0       0    (-,-) 
  BF1_1_modei_reg[0]/QN         -       CLK->QN R     DFFHQNx1_ASAP7_75t_SL      1  2.8    28    38      38    (-,-) 
  fopt79426/Y                   -       A->Y    R     BUFx6f_ASAP7_75t_SL        5 10.1    16    18      56    (-,-) 
  g80455/Y                      -       A->Y    R     AND3x4_ASAP7_75t_SL        2  9.7    23    25      82    (-,-) 
  fopt80457/Y                   -       A->Y    R     BUFx12f_ASAP7_75t_SL       9 25.3    21    20     101    (-,-) 
  g80467/Y                      -       A->Y    R     BUFx12f_ASAP7_75t_SL       5 11.8    12    16     117    (-,-) 
  g66560/Y                      -       A->Y    F     INVx8_ASAP7_75t_SL         8 11.3    12     8     124    (-,-) 
  g63374__77790/Y               -       B2->Y   F     AO22x2_ASAP7_75t_SL        1  4.0    17    22     147    (-,-) 
  g70306/Y                      -       A->Y    F     BUFx12f_ASAP7_75t_SL      14 30.4    20    21     167    (-,-) 
  BF2_2_mul_170_29_g70309/Y     -       A->Y    R     INVx13_ASAP7_75t_SL        8 14.1    15    10     177    (-,-) 
  BF2_2_mul_170_29_g77664/Y     -       B1->Y   F     AOI22x1_ASAP7_75t_SL       2  3.3    34    13     190    (-,-) 
  BF2_2_mul_170_29_g18752_dup/Y -       B1->Y   F     OA22x2_ASAP7_75t_SL        1  3.2    17    25     214    (-,-) 
  g77665/Y                      -       A->Y    F     XNOR2x1_ASAP7_75t_SL       1  2.6    27    18     233    (-,-) 
  g76516/Y                      -       B->Y    F     XOR2x2_ASAP7_75t_SL        2  5.0    19    26     259    (-,-) 
  g75909/Y                      -       B->Y    F     XNOR2x1_ASAP7_75t_SL       1  3.2    23    21     279    (-,-) 
  g435/Y                        -       B->Y    F     XNOR2x1_ASAP7_75t_SL       2  4.5    30    24     303    (-,-) 
  g75190/Y                      -       B->Y    F     XNOR2x1_ASAP7_75t_SL       1  3.2    26    22     325    (-,-) 
  g75189/Y                      -       A->Y    F     XNOR2x1_ASAP7_75t_SL       2  4.5    29    24     349    (-,-) 
  g73406/Y                      -       B->Y    F     XNOR2x1_ASAP7_75t_SL       1  3.2    26    22     371    (-,-) 
  g73582/Y                      -       B->Y    F     XNOR2x1_ASAP7_75t_SL       2  3.8    27    23     394    (-,-) 
  g73581/Y                      -       A->Y    F     AND2x4_ASAP7_75t_SL        2  5.6    12    21     415    (-,-) 
  g70/Y                         -       A->Y    R     NOR2x2_ASAP7_75t_SL        1  3.6    19    10     425    (-,-) 
  g458/Y                        -       A->Y    F     NAND2x2_ASAP7_75t_SL       3  6.1    21    11     436    (-,-) 
  g452/Y                        -       A2->Y   R     OAI21x1_ASAP7_75t_SL       1  2.4    25    14     450    (-,-) 
  g75305/Y                      -       C->Y    R     AO211x2_ASAP7_75t_SL       2  5.1    23    26     475    (-,-) 
  BF2_2_mul_170_29_g69770/Y     -       B->Y    F     NAND2x2_ASAP7_75t_SL       2  4.4    18    10     485    (-,-) 
  g77767/Y                      -       B->Y    F     AND2x6_ASAP7_75t_SL        7 12.2    17    23     508    (-,-) 
  g77764/Y                      -       A2->Y   F     OA21x2_ASAP7_75t_SL        1  3.2    14    21     529    (-,-) 
  BF2_2_mul_170_29_g17142/Y     -       A->Y    F     XOR2x1_ASAP7_75t_SL        1  2.1    24    18     548    (-,-) 
  BF2_2_barrett_datai_reg[38]/D -       -       F     DFFHQx4_ASAP7_75t_SL       1    -     -     0     548    (-,-) 
#--------------------------------------------------------------------------------------------------------------------



Path 2: MET (-0 ps) Setup Check with Pin BF2_2_barrett_datai_reg[38]/CLK->D
          Group: clk
     Startpoint: (R) BF1_1_modei_reg[0]/CLK
          Clock: (R) clk
       Endpoint: (R) BF2_2_barrett_datai_reg[38]/D
          Clock: (R) clk

                     Capture       Launch     
        Clock Edge:+     583            0     
       Src Latency:+       0            0     
       Net Latency:+       0 (I)        0 (I) 
           Arrival:=     583            0     
                                              
             Setup:-       9                  
       Uncertainty:-      29                  
     Required Time:=     545                  
      Launch Clock:-       0                  
         Data Path:-     545                  
             Slack:=      -0                  

#--------------------------------------------------------------------------------------------------------------------
#         Timing Point          Flags    Arc    Edge         Cell           Fanout Load Trans Delay Arrival Instance 
#                                                                                  (fF)  (ps)  (ps)   (ps)  Location 
#--------------------------------------------------------------------------------------------------------------------
  BF1_1_modei_reg[0]/CLK        -       -       R     (arrival)               2845    -     0     0       0    (-,-) 
  BF1_1_modei_reg[0]/QN         -       CLK->QN R     DFFHQNx1_ASAP7_75t_SL      1  2.8    28    38      38    (-,-) 
  fopt79426/Y                   -       A->Y    R     BUFx6f_ASAP7_75t_SL        5 10.1    16    18      56    (-,-) 
  g80455/Y                      -       A->Y    R     AND3x4_ASAP7_75t_SL        2  9.7    23    25      82    (-,-) 
  fopt80457/Y                   -       A->Y    R     BUFx12f_ASAP7_75t_SL       9 25.3    21    20     101    (-,-) 
  fopt80458/Y                   -       A->Y    R     BUFx6f_ASAP7_75t_SL        8 12.6    18    18     120    (-,-) 
  fopt77791/Y                   -       A->Y    F     INVx3_ASAP7_75t_SL         2  3.4    11     7     127    (-,-) 
  g80433/Y                      -       B2->Y   F     AO22x2_ASAP7_75t_SL        1  4.0    17    22     149    (-,-) 
  g80432/Y                      -       A->Y    F     BUFx12f_ASAP7_75t_SL      12 26.8    19    20     169    (-,-) 
  g80434/Y                      -       A->Y    R     INVx11_ASAP7_75t_SL        9 16.5    17    11     180    (-,-) 
  g80431/Y                      -       B2->Y   F     OAI22x1_ASAP7_75t_SL       2  4.1    34    14     194    (-,-) 
  g75440/Y                      -       A2->Y   F     AO22x2_ASAP7_75t_SL        2  4.5    20    26     220    (-,-) 
  g107/Y                        -       A->Y    F     MAJx2_ASAP7_75t_SL         2  4.4    19    26     245    (-,-) 
  g76809/Y                      -       A->Y    F     XNOR2x1_ASAP7_75t_SL       1  2.5    23    18     264    (-,-) 
  g76808/Y                      -       A->Y    F     XOR2x2_ASAP7_75t_SL        2  4.5    19    26     290    (-,-) 
  g74678/Y                      -       B->Y    F     XNOR2x1_ASAP7_75t_SL       1  3.2    24    20     311    (-,-) 
  BF2_2_mul_170_29_g17625/Y     -       B->Y    F     XNOR2x1_ASAP7_75t_SL       2  4.5    30    24     335    (-,-) 
  g77410/Y                      -       A->Y    F     XNOR2x1_ASAP7_75t_SL       1  3.2    24    22     356    (-,-) 
  g77409/Y                      -       A->Y    F     XNOR2x1_ASAP7_75t_SL       2  4.7    30    24     380    (-,-) 
  g77408/Y                      -       A->Y    R     INVx3_ASAP7_75t_SL         2  4.9    19    12     392    (-,-) 
  g74244/Y                      -       B->Y    R     XNOR2x1_ASAP7_75t_SL       1  3.7    34    20     412    (-,-) 
  g74242/Y                      -       B->Y    F     NAND2x2_ASAP7_75t_SL       2  3.6    19    10     421    (-,-) 
  g74246/Y                      -       B->Y    F     AND2x4_ASAP7_75t_SL        2  4.5    11    17     438    (-,-) 
  g76911/Y                      -       B->Y    F     AND2x4_ASAP7_75t_SL        3  6.9    13    17     456    (-,-) 
  BF2_2_mul_170_29_g72589/Y     -       A->Y    F     AND2x4_ASAP7_75t_SL        1  3.5     9    16     472    (-,-) 
  BF2_2_mul_170_29_g69770/Y     -       A->Y    R     NAND2x2_ASAP7_75t_SL       2  4.4    22    13     485    (-,-) 
  g77767/Y                      -       B->Y    R     AND2x6_ASAP7_75t_SL        7 12.2    19    23     508    (-,-) 
  g77764/Y                      -       A2->Y   R     OA21x2_ASAP7_75t_SL        1  3.2    15    20     528    (-,-) 
  BF2_2_mul_170_29_g17142/Y     -       A->Y    R     XOR2x1_ASAP7_75t_SL        1  2.1    22    18     545    (-,-) 
  BF2_2_barrett_datai_reg[38]/D -       -       R     DFFHQx4_ASAP7_75t_SL       1    -     -     0     545    (-,-) 
#--------------------------------------------------------------------------------------------------------------------



Path 3: MET (-0 ps) Setup Check with Pin BF2_2_barrett_datai_reg[38]/CLK->D
          Group: clk
     Startpoint: (R) BF1_1_modei_reg[0]/CLK
          Clock: (R) clk
       Endpoint: (F) BF2_2_barrett_datai_reg[38]/D
          Clock: (R) clk

                     Capture       Launch     
        Clock Edge:+     583            0     
       Src Latency:+       0            0     
       Net Latency:+       0 (I)        0 (I) 
           Arrival:=     583            0     
                                              
             Setup:-       7                  
       Uncertainty:-      29                  
     Required Time:=     547                  
      Launch Clock:-       0                  
         Data Path:-     547                  
             Slack:=      -0                  

#--------------------------------------------------------------------------------------------------------------------
#         Timing Point          Flags    Arc    Edge         Cell           Fanout Load Trans Delay Arrival Instance 
#                                                                                  (fF)  (ps)  (ps)   (ps)  Location 
#--------------------------------------------------------------------------------------------------------------------
  BF1_1_modei_reg[0]/CLK        -       -       R     (arrival)               2845    -     0     0       0    (-,-) 
  BF1_1_modei_reg[0]/QN         -       CLK->QN R     DFFHQNx1_ASAP7_75t_SL      1  2.8    28    38      38    (-,-) 
  fopt79426/Y                   -       A->Y    R     BUFx6f_ASAP7_75t_SL        5 10.1    16    18      56    (-,-) 
  g80455/Y                      -       A->Y    R     AND3x4_ASAP7_75t_SL        2  9.7    23    25      82    (-,-) 
  fopt80457/Y                   -       A->Y    R     BUFx12f_ASAP7_75t_SL       9 25.3    21    20     101    (-,-) 
  g80467/Y                      -       A->Y    R     BUFx12f_ASAP7_75t_SL       5 11.8    12    16     117    (-,-) 
  g66560/Y                      -       A->Y    F     INVx8_ASAP7_75t_SL         8 11.3    12     8     124    (-,-) 
  g63374__77790/Y               -       B2->Y   F     AO22x2_ASAP7_75t_SL        1  4.0    17    22     147    (-,-) 
  g70306/Y                      -       A->Y    F     BUFx12f_ASAP7_75t_SL      14 30.4    20    21     167    (-,-) 
  BF2_2_mul_170_29_g70309/Y     -       A->Y    R     INVx13_ASAP7_75t_SL        8 14.1    15    10     177    (-,-) 
  BF2_2_mul_170_29_g77664/Y     -       B1->Y   F     AOI22x1_ASAP7_75t_SL       2  3.3    34    13     190    (-,-) 
  BF2_2_mul_170_29_g18752_dup/Y -       B1->Y   F     OA22x2_ASAP7_75t_SL        1  3.2    17    25     214    (-,-) 
  g77665/Y                      -       A->Y    F     XNOR2x1_ASAP7_75t_SL       1  2.6    27    18     233    (-,-) 
  g76516/Y                      -       B->Y    F     XOR2x2_ASAP7_75t_SL        2  5.0    19    26     259    (-,-) 
  g75909/Y                      -       B->Y    F     XNOR2x1_ASAP7_75t_SL       1  3.2    23    21     279    (-,-) 
  g435/Y                        -       B->Y    F     XNOR2x1_ASAP7_75t_SL       2  4.5    30    24     303    (-,-) 
  g434/Y                        -       A->Y    F     BUFx2_ASAP7_75t_SL         1  2.6    12    20     323    (-,-) 
  g428/Y                        -       C->Y    F     MAJx2_ASAP7_75t_SL         2  4.5    18    24     347    (-,-) 
  g76077/Y                      -       A->Y    F     XOR2x1_ASAP7_75t_SL        1  2.6    21    20     366    (-,-) 
  g167/Y                        -       B->Y    R     XOR2x2_ASAP7_75t_SL        2  4.8    21    32     398    (-,-) 
  BF2_2_mul_170_29_g17340/Y     -       A->Y    F     NOR2x2_ASAP7_75t_SL        2  5.1    22    15     413    (-,-) 
  g70/Y                         -       B->Y    R     NOR2x2_ASAP7_75t_SL        1  3.6    19    12     425    (-,-) 
  g458/Y                        -       A->Y    F     NAND2x2_ASAP7_75t_SL       3  6.1    21    11     436    (-,-) 
  g452/Y                        -       A2->Y   R     OAI21x1_ASAP7_75t_SL       1  2.4    25    14     450    (-,-) 
  g75305/Y                      -       C->Y    R     AO211x2_ASAP7_75t_SL       2  5.1    23    26     475    (-,-) 
  BF2_2_mul_170_29_g69770/Y     -       B->Y    F     NAND2x2_ASAP7_75t_SL       2  4.4    18    10     485    (-,-) 
  g77767/Y                      -       B->Y    F     AND2x6_ASAP7_75t_SL        7 12.2    17    23     508    (-,-) 
  g77764/Y                      -       A2->Y   F     OA21x2_ASAP7_75t_SL        1  3.2    14    21     529    (-,-) 
  BF2_2_mul_170_29_g17142/Y     -       A->Y    F     XOR2x1_ASAP7_75t_SL        1  2.1    24    18     547    (-,-) 
  BF2_2_barrett_datai_reg[38]/D -       -       F     DFFHQx4_ASAP7_75t_SL       1    -     -     0     547    (-,-) 
#--------------------------------------------------------------------------------------------------------------------



Path 4: MET (-0 ps) Setup Check with Pin BF2_2_barrett_datai_reg[36]/CLK->D
          Group: clk
     Startpoint: (R) BF1_1_modei_reg[0]/CLK
          Clock: (R) clk
       Endpoint: (R) BF2_2_barrett_datai_reg[36]/D
          Clock: (R) clk

                     Capture       Launch     
        Clock Edge:+     583            0     
       Src Latency:+       0            0     
       Net Latency:+       0 (I)        0 (I) 
           Arrival:=     583            0     
                                              
             Setup:-       9                  
       Uncertainty:-      29                  
     Required Time:=     545                  
      Launch Clock:-       0                  
         Data Path:-     545                  
             Slack:=      -0                  

#--------------------------------------------------------------------------------------------------------------------
#         Timing Point          Flags    Arc    Edge         Cell           Fanout Load Trans Delay Arrival Instance 
#                                                                                  (fF)  (ps)  (ps)   (ps)  Location 
#--------------------------------------------------------------------------------------------------------------------
  BF1_1_modei_reg[0]/CLK        -       -       R     (arrival)               2845    -     0     0       0    (-,-) 
  BF1_1_modei_reg[0]/QN         -       CLK->QN R     DFFHQNx1_ASAP7_75t_SL      1  2.8    28    38      38    (-,-) 
  fopt79426/Y                   -       A->Y    R     BUFx6f_ASAP7_75t_SL        5 10.1    16    18      56    (-,-) 
  g80455/Y                      -       A->Y    R     AND3x4_ASAP7_75t_SL        2  9.7    23    25      82    (-,-) 
  fopt80457/Y                   -       A->Y    R     BUFx12f_ASAP7_75t_SL       9 25.3    21    20     101    (-,-) 
  fopt80458/Y                   -       A->Y    R     BUFx6f_ASAP7_75t_SL        8 12.6    18    18     120    (-,-) 
  fopt77791/Y                   -       A->Y    F     INVx3_ASAP7_75t_SL         2  3.4    11     7     127    (-,-) 
  g80433/Y                      -       B2->Y   F     AO22x2_ASAP7_75t_SL        1  4.0    17    22     149    (-,-) 
  g80432/Y                      -       A->Y    F     BUFx12f_ASAP7_75t_SL      12 26.8    19    20     169    (-,-) 
  g80434/Y                      -       A->Y    R     INVx11_ASAP7_75t_SL        9 16.5    17    11     180    (-,-) 
  g80431/Y                      -       B2->Y   F     OAI22x1_ASAP7_75t_SL       2  4.1    34    14     194    (-,-) 
  g75440/Y                      -       A2->Y   F     AO22x2_ASAP7_75t_SL        2  4.5    20    26     220    (-,-) 
  g107/Y                        -       A->Y    F     MAJx2_ASAP7_75t_SL         2  4.4    19    26     245    (-,-) 
  g76809/Y                      -       A->Y    F     XNOR2x1_ASAP7_75t_SL       1  2.5    23    18     264    (-,-) 
  g76808/Y                      -       A->Y    F     XOR2x2_ASAP7_75t_SL        2  4.5    19    26     290    (-,-) 
  g74678/Y                      -       B->Y    F     XNOR2x1_ASAP7_75t_SL       1  3.2    24    20     311    (-,-) 
  BF2_2_mul_170_29_g17625/Y     -       B->Y    F     XNOR2x1_ASAP7_75t_SL       2  4.5    30    24     335    (-,-) 
  g77410/Y                      -       A->Y    F     XNOR2x1_ASAP7_75t_SL       1  3.2    24    22     356    (-,-) 
  g77409/Y                      -       A->Y    F     XNOR2x1_ASAP7_75t_SL       2  4.7    30    24     380    (-,-) 
  g77408/Y                      -       A->Y    R     INVx3_ASAP7_75t_SL         2  4.9    19    12     392    (-,-) 
  g74244/Y                      -       B->Y    R     XNOR2x1_ASAP7_75t_SL       1  3.7    34    20     412    (-,-) 
  g74242/Y                      -       B->Y    F     NAND2x2_ASAP7_75t_SL       2  3.6    19    10     421    (-,-) 
  g74246/Y                      -       B->Y    F     AND2x4_ASAP7_75t_SL        2  4.5    11    17     438    (-,-) 
  g76911/Y                      -       B->Y    F     AND2x4_ASAP7_75t_SL        3  6.9    13    17     456    (-,-) 
  BF2_2_mul_170_29_g72589/Y     -       A->Y    F     AND2x4_ASAP7_75t_SL        1  3.5     9    16     472    (-,-) 
  BF2_2_mul_170_29_g69770/Y     -       A->Y    R     NAND2x2_ASAP7_75t_SL       2  4.4    22    13     485    (-,-) 
  g77767/Y                      -       B->Y    R     AND2x6_ASAP7_75t_SL        7 12.2    19    23     508    (-,-) 
  BF2_2_mul_170_29_g79416/Y     -       A2->Y   R     OA21x2_ASAP7_75t_SL        1  3.2    15    20     528    (-,-) 
  BF2_2_mul_170_29_g17141/Y     -       A->Y    R     XOR2x1_ASAP7_75t_SL        1  2.1    22    18     545    (-,-) 
  BF2_2_barrett_datai_reg[36]/D -       -       R     DFFHQx4_ASAP7_75t_SL       1    -     -     0     545    (-,-) 
#--------------------------------------------------------------------------------------------------------------------



Path 5: MET (-0 ps) Setup Check with Pin BF2_2_barrett_datai_reg[36]/CLK->D
          Group: clk
     Startpoint: (R) BF1_1_modei_reg[0]/CLK
          Clock: (R) clk
       Endpoint: (F) BF2_2_barrett_datai_reg[36]/D
          Clock: (R) clk

                     Capture       Launch     
        Clock Edge:+     583            0     
       Src Latency:+       0            0     
       Net Latency:+       0 (I)        0 (I) 
           Arrival:=     583            0     
                                              
             Setup:-       7                  
       Uncertainty:-      29                  
     Required Time:=     547                  
      Launch Clock:-       0                  
         Data Path:-     548                  
             Slack:=      -0                  

#--------------------------------------------------------------------------------------------------------------------
#         Timing Point          Flags    Arc    Edge         Cell           Fanout Load Trans Delay Arrival Instance 
#                                                                                  (fF)  (ps)  (ps)   (ps)  Location 
#--------------------------------------------------------------------------------------------------------------------
  BF1_1_modei_reg[0]/CLK        -       -       R     (arrival)               2845    -     0     0       0    (-,-) 
  BF1_1_modei_reg[0]/QN         -       CLK->QN R     DFFHQNx1_ASAP7_75t_SL      1  2.8    28    38      38    (-,-) 
  fopt79426/Y                   -       A->Y    R     BUFx6f_ASAP7_75t_SL        5 10.1    16    18      56    (-,-) 
  g80455/Y                      -       A->Y    R     AND3x4_ASAP7_75t_SL        2  9.7    23    25      82    (-,-) 
  fopt80457/Y                   -       A->Y    R     BUFx12f_ASAP7_75t_SL       9 25.3    21    20     101    (-,-) 
  g80467/Y                      -       A->Y    R     BUFx12f_ASAP7_75t_SL       5 11.8    12    16     117    (-,-) 
  g66560/Y                      -       A->Y    F     INVx8_ASAP7_75t_SL         8 11.3    12     8     124    (-,-) 
  g63374__77790/Y               -       B2->Y   F     AO22x2_ASAP7_75t_SL        1  4.0    17    22     147    (-,-) 
  g70306/Y                      -       A->Y    F     BUFx12f_ASAP7_75t_SL      14 30.4    20    21     167    (-,-) 
  BF2_2_mul_170_29_g70309/Y     -       A->Y    R     INVx13_ASAP7_75t_SL        8 14.1    15    10     177    (-,-) 
  BF2_2_mul_170_29_g77664/Y     -       B1->Y   F     AOI22x1_ASAP7_75t_SL       2  3.3    34    13     190    (-,-) 
  BF2_2_mul_170_29_g18752_dup/Y -       B1->Y   F     OA22x2_ASAP7_75t_SL        1  3.2    17    25     214    (-,-) 
  g77665/Y                      -       A->Y    F     XNOR2x1_ASAP7_75t_SL       1  2.6    27    18     233    (-,-) 
  g76516/Y                      -       B->Y    F     XOR2x2_ASAP7_75t_SL        2  5.0    19    26     259    (-,-) 
  g75909/Y                      -       B->Y    F     XNOR2x1_ASAP7_75t_SL       1  3.2    23    21     279    (-,-) 
  g435/Y                        -       B->Y    F     XNOR2x1_ASAP7_75t_SL       2  4.5    30    24     303    (-,-) 
  g75190/Y                      -       B->Y    F     XNOR2x1_ASAP7_75t_SL       1  3.2    26    22     325    (-,-) 
  g75189/Y                      -       A->Y    F     XNOR2x1_ASAP7_75t_SL       2  4.5    29    24     349    (-,-) 
  g73406/Y                      -       B->Y    F     XNOR2x1_ASAP7_75t_SL       1  3.2    26    22     371    (-,-) 
  g73582/Y                      -       B->Y    F     XNOR2x1_ASAP7_75t_SL       2  3.8    27    23     394    (-,-) 
  g73581/Y                      -       A->Y    F     AND2x4_ASAP7_75t_SL        2  5.6    12    21     415    (-,-) 
  g70/Y                         -       A->Y    R     NOR2x2_ASAP7_75t_SL        1  3.6    19    10     425    (-,-) 
  g458/Y                        -       A->Y    F     NAND2x2_ASAP7_75t_SL       3  6.1    21    11     436    (-,-) 
  g452/Y                        -       A2->Y   R     OAI21x1_ASAP7_75t_SL       1  2.4    25    14     450    (-,-) 
  g75305/Y                      -       C->Y    R     AO211x2_ASAP7_75t_SL       2  5.1    23    26     475    (-,-) 
  BF2_2_mul_170_29_g69770/Y     -       B->Y    F     NAND2x2_ASAP7_75t_SL       2  4.4    18    10     485    (-,-) 
  g77767/Y                      -       B->Y    F     AND2x6_ASAP7_75t_SL        7 12.2    17    23     508    (-,-) 
  BF2_2_mul_170_29_g79416/Y     -       A2->Y   F     OA21x2_ASAP7_75t_SL        1  3.2    14    21     529    (-,-) 
  BF2_2_mul_170_29_g17141/Y     -       A->Y    F     XOR2x1_ASAP7_75t_SL        1  2.1    24    18     548    (-,-) 
  BF2_2_barrett_datai_reg[36]/D -       -       F     DFFHQx4_ASAP7_75t_SL       1    -     -     0     548    (-,-) 
#--------------------------------------------------------------------------------------------------------------------



Path 6: MET (-0 ps) Setup Check with Pin BF2_2_barrett_datai_reg[38]/CLK->D
          Group: clk
     Startpoint: (R) BF1_1_modei_reg[0]/CLK
          Clock: (R) clk
       Endpoint: (R) BF2_2_barrett_datai_reg[38]/D
          Clock: (R) clk

                     Capture       Launch     
        Clock Edge:+     583            0     
       Src Latency:+       0            0     
       Net Latency:+       0 (I)        0 (I) 
           Arrival:=     583            0     
                                              
             Setup:-       9                  
       Uncertainty:-      29                  
     Required Time:=     545                  
      Launch Clock:-       0                  
         Data Path:-     545                  
             Slack:=      -0                  

#--------------------------------------------------------------------------------------------------------------------
#         Timing Point          Flags    Arc    Edge         Cell           Fanout Load Trans Delay Arrival Instance 
#                                                                                  (fF)  (ps)  (ps)   (ps)  Location 
#--------------------------------------------------------------------------------------------------------------------
  BF1_1_modei_reg[0]/CLK        -       -       R     (arrival)               2845    -     0     0       0    (-,-) 
  BF1_1_modei_reg[0]/QN         -       CLK->QN F     DFFHQNx1_ASAP7_75t_SL      1  2.8    26    36      36    (-,-) 
  fopt79426/Y                   -       A->Y    F     BUFx6f_ASAP7_75t_SL        5 10.1    14    19      55    (-,-) 
  g80455/Y                      -       A->Y    F     AND3x4_ASAP7_75t_SL        2  9.7    20    24      79    (-,-) 
  fopt80457/Y                   -       A->Y    F     BUFx12f_ASAP7_75t_SL       9 25.3    18    20      99    (-,-) 
  g80466/Y                      -       A->Y    F     BUFx12f_ASAP7_75t_SL      12 17.7    14    18     117    (-,-) 
  g63403__78465/Y               -       A2->Y   F     AO22x2_ASAP7_75t_SL        1  4.0    18    22     139    (-,-) 
  g70379/Y                      -       A->Y    F     BUFx12f_ASAP7_75t_SL      13 25.4    18    20     159    (-,-) 
  BF2_2_mul_170_29_g70387/Y     -       A->Y    F     XOR2xp5_ASAP7_75t_L        2  3.4    46    26     184    (-,-) 
  BF2_2_mul_170_29_g18610/Y     -       B2->Y   R     OAI22xp5_ASAP7_75t_SL      2  4.5    79    40     224    (-,-) 
  BF2_2_mul_170_29_g18425/Y     -       A->Y    F     XNOR2x2_ASAP7_75t_SL       1  2.6    15    32     256    (-,-) 
  BF2_2_mul_170_29_g70731/Y     -       A->Y    R     XNOR2x2_ASAP7_75t_SL       3  5.2    24    26     282    (-,-) 
  BF2_2_mul_170_29_g19815/Y     -       A->Y    F     XNOR2x2_ASAP7_75t_SL       2  4.5    18    30     312    (-,-) 
  BF2_2_mul_170_29_g17657/Y     -       A->Y    F     MAJx2_ASAP7_75t_SL         2  4.2    17    25     337    (-,-) 
  BF2_2_mul_170_29_g17549/Y     -       A->Y    F     XNOR2x1_ASAP7_75t_SL       1  3.2    23    20     357    (-,-) 
  BF2_2_mul_170_29_g73108/Y     -       B->Y    F     XNOR2x1_ASAP7_75t_SL       2  3.9    27    22     379    (-,-) 
  g74262/Y                      -       B->Y    F     OR2x2_ASAP7_75t_SL         2  3.1    14    22     402    (-,-) 
  g67/Y                         -       B->Y    F     OA21x2_ASAP7_75t_SL        2  4.7    18    18     420    (-,-) 
  g458/Y                        -       B->Y    R     NAND2x2_ASAP7_75t_SL       3  6.1    28    17     437    (-,-) 
  g452/Y                        -       A2->Y   F     OAI21x1_ASAP7_75t_SL       1  2.4    21    10     447    (-,-) 
  g75305/Y                      -       C->Y    F     AO211x2_ASAP7_75t_SL       2  5.1    19    23     470    (-,-) 
  BF2_2_mul_170_29_g69770/Y     -       B->Y    R     NAND2x2_ASAP7_75t_SL       2  4.4    22    14     485    (-,-) 
  g77767/Y                      -       B->Y    R     AND2x6_ASAP7_75t_SL        7 12.2    19    23     508    (-,-) 
  g77764/Y                      -       A2->Y   R     OA21x2_ASAP7_75t_SL        1  3.2    15    20     528    (-,-) 
  BF2_2_mul_170_29_g17142/Y     -       A->Y    R     XOR2x1_ASAP7_75t_SL        1  2.1    22    18     545    (-,-) 
  BF2_2_barrett_datai_reg[38]/D -       -       R     DFFHQx4_ASAP7_75t_SL       1    -     -     0     545    (-,-) 
#--------------------------------------------------------------------------------------------------------------------



Path 7: MET (-0 ps) Setup Check with Pin BF2_2_barrett_datai_reg[38]/CLK->D
          Group: clk
     Startpoint: (R) BF1_1_modei_reg[0]/CLK
          Clock: (R) clk
       Endpoint: (R) BF2_2_barrett_datai_reg[38]/D
          Clock: (R) clk

                     Capture       Launch     
        Clock Edge:+     583            0     
       Src Latency:+       0            0     
       Net Latency:+       0 (I)        0 (I) 
           Arrival:=     583            0     
                                              
             Setup:-       9                  
       Uncertainty:-      29                  
     Required Time:=     545                  
      Launch Clock:-       0                  
         Data Path:-     545                  
             Slack:=      -0                  

#---------------------------------------------------------------------------------------------------------------------
#         Timing Point          Flags    Arc    Edge          Cell           Fanout Load Trans Delay Arrival Instance 
#                                                                                   (fF)  (ps)  (ps)   (ps)  Location 
#---------------------------------------------------------------------------------------------------------------------
  BF1_1_modei_reg[0]/CLK        -       -       R     (arrival)                2845    -     0     0       0    (-,-) 
  BF1_1_modei_reg[0]/QN         -       CLK->QN R     DFFHQNx1_ASAP7_75t_SL       1  2.8    28    38      38    (-,-) 
  fopt79426/Y                   -       A->Y    R     BUFx6f_ASAP7_75t_SL         5 10.1    16    18      56    (-,-) 
  g76100/Y                      -       A->Y    R     AND3x4_ASAP7_75t_SL         2  8.1    20    24      80    (-,-) 
  fopt76104/Y                   -       A->Y    R     BUFx8_ASAP7_75t_SL         13 26.0    29    28     108    (-,-) 
  fopt3/Y                       -       A->Y    F     INVx4_ASAP7_75t_SL          4  8.1    18    11     119    (-,-) 
  g63383__4733/Y                -       B->Y    R     NOR2x1p5_ASAP7_75t_SL       1  2.6    18    11     131    (-,-) 
  g63375__7098/Y                -       B->Y    R     OR2x6_ASAP7_75t_SL          3  8.8    15    21     152    (-,-) 
  BF2_2_mul_170_29_fopt19763/Y  -       A->Y    R     BUFx12f_ASAP7_75t_SL        9 16.0    14    16     168    (-,-) 
  BF2_2_mul_170_29_g19303/Y     -       B->Y    R     XOR2xp5_ASAP7_75t_SL        2  4.0    58    33     201    (-,-) 
  BF2_2_mul_170_29_g18627/Y     -       B2->Y   F     OAI22x1_ASAP7_75t_SL        3  5.1    43    19     220    (-,-) 
  g73435/Y                      -       A->Y    F     BUFx2_ASAP7_75t_SL          3  5.6    20    26     246    (-,-) 
  g182/Y                        -       A->Y    F     AND2x2_ASAP7_75t_SL         2  4.5    16    22     268    (-,-) 
  g179/Y                        -       A->Y    R     NOR2x1_ASAP7_75t_SL         1  2.5    23    13     280    (-,-) 
  g177/Y                        -       B->Y    F     XNOR2x2_ASAP7_75t_SL        2  4.5    19    30     310    (-,-) 
  g174/Y                        -       B->Y    F     MAJx2_ASAP7_75t_SL          2  4.6    18    27     337    (-,-) 
  BF2_2_mul_170_29_g17552/Y     -       B->Y    F     XNOR2x1_ASAP7_75t_SL        2  3.8    25    22     359    (-,-) 
  g76449/Y                      -       A->Y    R     XOR2x2_ASAP7_75t_SL         1  3.1    16    29     388    (-,-) 
  g76448/Y                      -       A->Y    R     XNOR2x1_ASAP7_75t_SL        2  4.9    38    22     410    (-,-) 
  BF2_2_mul_170_29_g17319/Y     -       A->Y    F     NAND2x1p5_ASAP7_75t_SL      3  5.2    25    12     422    (-,-) 
  BF2_2_mul_170_29_g72587/Y     -       A->Y    F     AND2x4_ASAP7_75t_SL         3  5.5    12    20     443    (-,-) 
  BF2_2_mul_170_29_g72590/Y     -       A->Y    F     AND2x4_ASAP7_75t_SL         1  2.6     8    15     458    (-,-) 
  BF2_2_mul_170_29_g72589/Y     -       B->Y    F     AND2x4_ASAP7_75t_SL         1  3.5     9    14     472    (-,-) 
  BF2_2_mul_170_29_g69770/Y     -       A->Y    R     NAND2x2_ASAP7_75t_SL        2  4.4    22    13     485    (-,-) 
  g77767/Y                      -       B->Y    R     AND2x6_ASAP7_75t_SL         7 12.2    19    23     508    (-,-) 
  g77764/Y                      -       A2->Y   R     OA21x2_ASAP7_75t_SL         1  3.2    15    20     528    (-,-) 
  BF2_2_mul_170_29_g17142/Y     -       A->Y    R     XOR2x1_ASAP7_75t_SL         1  2.1    22    18     545    (-,-) 
  BF2_2_barrett_datai_reg[38]/D -       -       R     DFFHQx4_ASAP7_75t_SL        1    -     -     0     545    (-,-) 
#---------------------------------------------------------------------------------------------------------------------



Path 8: MET (-0 ps) Setup Check with Pin BF2_2_barrett_datai_reg[38]/CLK->D
          Group: clk
     Startpoint: (R) BF1_1_modei_reg[0]/CLK
          Clock: (R) clk
       Endpoint: (R) BF2_2_barrett_datai_reg[38]/D
          Clock: (R) clk

                     Capture       Launch     
        Clock Edge:+     583            0     
       Src Latency:+       0            0     
       Net Latency:+       0 (I)        0 (I) 
           Arrival:=     583            0     
                                              
             Setup:-       9                  
       Uncertainty:-      29                  
     Required Time:=     545                  
      Launch Clock:-       0                  
         Data Path:-     545                  
             Slack:=      -0                  

#--------------------------------------------------------------------------------------------------------------------
#         Timing Point          Flags    Arc    Edge         Cell           Fanout Load Trans Delay Arrival Instance 
#                                                                                  (fF)  (ps)  (ps)   (ps)  Location 
#--------------------------------------------------------------------------------------------------------------------
  BF1_1_modei_reg[0]/CLK        -       -       R     (arrival)               2845    -     0     0       0    (-,-) 
  BF1_1_modei_reg[0]/QN         -       CLK->QN R     DFFHQNx1_ASAP7_75t_SL      1  2.8    28    38      38    (-,-) 
  fopt79426/Y                   -       A->Y    R     BUFx6f_ASAP7_75t_SL        5 10.1    16    18      56    (-,-) 
  g80455/Y                      -       A->Y    R     AND3x4_ASAP7_75t_SL        2  9.7    23    25      82    (-,-) 
  fopt80457/Y                   -       A->Y    R     BUFx12f_ASAP7_75t_SL       9 25.3    21    20     101    (-,-) 
  fopt80458/Y                   -       A->Y    R     BUFx6f_ASAP7_75t_SL        8 12.6    18    18     120    (-,-) 
  fopt77791/Y                   -       A->Y    F     INVx3_ASAP7_75t_SL         2  3.4    11     7     127    (-,-) 
  g80433/Y                      -       B2->Y   F     AO22x2_ASAP7_75t_SL        1  4.0    17    22     149    (-,-) 
  g80432/Y                      -       A->Y    F     BUFx12f_ASAP7_75t_SL      12 26.8    19    20     169    (-,-) 
  g75463/Y                      -       A->Y    F     XOR2x2_ASAP7_75t_SL        2  3.5    16    24     193    (-,-) 
  g75466/Y                      -       A->Y    R     INVx1_ASAP7_75t_SL         1  2.7    22    14     206    (-,-) 
  g75465/Y                      -       A1->Y   F     OAI22x1_ASAP7_75t_SL       2  3.8    41    16     222    (-,-) 
  BF2_2_mul_170_29_g70728/Y     -       A->Y    F     XOR2x2_ASAP7_75t_SL        2  4.9    20    31     253    (-,-) 
  g73402/Y                      -       A->Y    F     XNOR2x1_ASAP7_75t_SL       1  2.1    19    18     271    (-,-) 
  g77486/Y                      -       A->Y    F     MAJx2_ASAP7_75t_SL         2  4.4    18    25     296    (-,-) 
  g77485/Y                      -       B->Y    R     XOR2x2_ASAP7_75t_SL        1  3.2    16    28     325    (-,-) 
  g77762/Y                      -       B->Y    R     XNOR2x1_ASAP7_75t_SL       2  3.7    31    19     344    (-,-) 
  g75209/Y                      -       A->Y    F     MAJIxp5_ASAP7_75t_SL       2  4.1    48    27     371    (-,-) 
  g75208/Y                      -       A->Y    R     INVx2_ASAP7_75t_SL         2  5.5    30    19     390    (-,-) 
  g75213/Y                      -       A->Y    R     XOR2x1_ASAP7_75t_SL        1  3.6    33    23     413    (-,-) 
  g75212/Y                      -       A->Y    F     NAND2x2_ASAP7_75t_SL       2  3.6    17     8     421    (-,-) 
  BF2_2_mul_170_29_g71080/Y     -       B->Y    F     AND2x4_ASAP7_75t_SL        2  3.9    10    16     438    (-,-) 
  g76911/Y                      -       A->Y    F     AND2x4_ASAP7_75t_SL        3  6.9    13    18     456    (-,-) 
  BF2_2_mul_170_29_g72589/Y     -       A->Y    F     AND2x4_ASAP7_75t_SL        1  3.5     9    16     472    (-,-) 
  BF2_2_mul_170_29_g69770/Y     -       A->Y    R     NAND2x2_ASAP7_75t_SL       2  4.4    22    13     485    (-,-) 
  g77767/Y                      -       B->Y    R     AND2x6_ASAP7_75t_SL        7 12.2    19    23     508    (-,-) 
  g77764/Y                      -       A2->Y   R     OA21x2_ASAP7_75t_SL        1  3.2    15    20     528    (-,-) 
  BF2_2_mul_170_29_g17142/Y     -       A->Y    R     XOR2x1_ASAP7_75t_SL        1  2.1    22    18     545    (-,-) 
  BF2_2_barrett_datai_reg[38]/D -       -       R     DFFHQx4_ASAP7_75t_SL       1    -     -     0     545    (-,-) 
#--------------------------------------------------------------------------------------------------------------------



Path 9: MET (-0 ps) Setup Check with Pin BF2_2_barrett_datai_reg[38]/CLK->D
          Group: clk
     Startpoint: (R) BF1_1_modei_reg[0]/CLK
          Clock: (R) clk
       Endpoint: (R) BF2_2_barrett_datai_reg[38]/D
          Clock: (R) clk

                     Capture       Launch     
        Clock Edge:+     583            0     
       Src Latency:+       0            0     
       Net Latency:+       0 (I)        0 (I) 
           Arrival:=     583            0     
                                              
             Setup:-       9                  
       Uncertainty:-      29                  
     Required Time:=     545                  
      Launch Clock:-       0                  
         Data Path:-     545                  
             Slack:=      -0                  

#--------------------------------------------------------------------------------------------------------------------
#         Timing Point          Flags    Arc    Edge         Cell           Fanout Load Trans Delay Arrival Instance 
#                                                                                  (fF)  (ps)  (ps)   (ps)  Location 
#--------------------------------------------------------------------------------------------------------------------
  BF1_1_modei_reg[0]/CLK        -       -       R     (arrival)               2845    -     0     0       0    (-,-) 
  BF1_1_modei_reg[0]/QN         -       CLK->QN R     DFFHQNx1_ASAP7_75t_SL      1  2.8    28    38      38    (-,-) 
  fopt79426/Y                   -       A->Y    R     BUFx6f_ASAP7_75t_SL        5 10.1    16    18      56    (-,-) 
  g80455/Y                      -       A->Y    R     AND3x4_ASAP7_75t_SL        2  9.7    23    25      82    (-,-) 
  fopt80457/Y                   -       A->Y    R     BUFx12f_ASAP7_75t_SL       9 25.3    21    20     101    (-,-) 
  g80459/Y                      -       A->Y    R     BUFx12f_ASAP7_75t_SL       7 13.2    13    16     117    (-,-) 
  g66570/Y                      -       A->Y    F     INVx3_ASAP7_75t_SL         2  3.4    10     6     124    (-,-) 
  g63465__8428/Y                -       B2->Y   F     AO22x2_ASAP7_75t_SL        1  4.0    18    22     146    (-,-) 
  g63458/Y                      -       A->Y    F     BUFx12f_ASAP7_75t_SL      14 25.4    18    20     165    (-,-) 
  BF2_2_mul_170_29_g19531/Y     -       A->Y    R     INVx4_ASAP7_75t_SL         4  6.6    16    10     176    (-,-) 
  BF2_2_mul_170_29_g19257/Y     -       A1->Y   F     OAI22xp5_ASAP7_75t_SL      2  4.0    45    23     199    (-,-) 
  BF2_2_mul_170_29_g18683/Y     -       A1->Y   R     AOI22x1_ASAP7_75t_SL       2  5.0    48    29     228    (-,-) 
  BF2_2_mul_170_29_g18406/Y     -       B->Y    R     XNOR2x1_ASAP7_75t_SL       1  2.4    30    19     248    (-,-) 
  BF2_2_mul_170_29_g18129/Y     -       A->Y    F     XOR2x2_ASAP7_75t_SL        2  5.1    20    25     273    (-,-) 
  BF2_2_mul_170_29_g71955/Y     -       B->Y    F     XNOR2x1_ASAP7_75t_SL       1  3.2    24    21     294    (-,-) 
  BF2_2_mul_170_29_g71954/Y     -       A->Y    F     XNOR2x1_ASAP7_75t_SL       2  3.5    34    21     315    (-,-) 
  g77763/Y                      -       B->Y    F     XOR2xp5_ASAP7_75t_SL       1  2.6    37    23     338    (-,-) 
  g77761/Y                      -       B->Y    R     XOR2x2_ASAP7_75t_SL        2  3.7    18    33     371    (-,-) 
  g167/Y                        -       A->Y    F     XOR2x2_ASAP7_75t_SL        2  4.9    19    24     395    (-,-) 
  BF2_2_mul_170_29_g17340/Y     -       A->Y    R     NOR2x2_ASAP7_75t_SL        2  5.1    24    13     408    (-,-) 
  g70/Y                         -       B->Y    F     NOR2x2_ASAP7_75t_SL        1  3.5    16    11     419    (-,-) 
  g458/Y                        -       A->Y    R     NAND2x2_ASAP7_75t_SL       3  6.1    28    18     437    (-,-) 
  g452/Y                        -       A2->Y   F     OAI21x1_ASAP7_75t_SL       1  2.4    21    10     447    (-,-) 
  g75305/Y                      -       C->Y    F     AO211x2_ASAP7_75t_SL       2  5.1    19    23     470    (-,-) 
  BF2_2_mul_170_29_g69770/Y     -       B->Y    R     NAND2x2_ASAP7_75t_SL       2  4.4    22    14     485    (-,-) 
  g77767/Y                      -       B->Y    R     AND2x6_ASAP7_75t_SL        7 12.2    19    23     508    (-,-) 
  g77764/Y                      -       A2->Y   R     OA21x2_ASAP7_75t_SL        1  3.2    15    20     528    (-,-) 
  BF2_2_mul_170_29_g17142/Y     -       A->Y    R     XOR2x1_ASAP7_75t_SL        1  2.1    22    18     545    (-,-) 
  BF2_2_barrett_datai_reg[38]/D -       -       R     DFFHQx4_ASAP7_75t_SL       1    -     -     0     545    (-,-) 
#--------------------------------------------------------------------------------------------------------------------



Path 10: MET (-0 ps) Setup Check with Pin BF2_2_barrett_datai_reg[38]/CLK->D
          Group: clk
     Startpoint: (R) BF1_1_modei_reg[0]/CLK
          Clock: (R) clk
       Endpoint: (R) BF2_2_barrett_datai_reg[38]/D
          Clock: (R) clk

                     Capture       Launch     
        Clock Edge:+     583            0     
       Src Latency:+       0            0     
       Net Latency:+       0 (I)        0 (I) 
           Arrival:=     583            0     
                                              
             Setup:-       9                  
       Uncertainty:-      29                  
     Required Time:=     545                  
      Launch Clock:-       0                  
         Data Path:-     545                  
             Slack:=      -0                  

#--------------------------------------------------------------------------------------------------------------------
#         Timing Point          Flags    Arc    Edge         Cell           Fanout Load Trans Delay Arrival Instance 
#                                                                                  (fF)  (ps)  (ps)   (ps)  Location 
#--------------------------------------------------------------------------------------------------------------------
  BF1_1_modei_reg[0]/CLK        -       -       R     (arrival)               2845    -     0     0       0    (-,-) 
  BF1_1_modei_reg[0]/QN         -       CLK->QN R     DFFHQNx1_ASAP7_75t_SL      1  2.8    28    38      38    (-,-) 
  fopt79426/Y                   -       A->Y    R     BUFx6f_ASAP7_75t_SL        5 10.1    16    18      56    (-,-) 
  g80455/Y                      -       A->Y    R     AND3x4_ASAP7_75t_SL        2  9.7    23    25      82    (-,-) 
  fopt80457/Y                   -       A->Y    R     BUFx12f_ASAP7_75t_SL       9 25.3    21    20     101    (-,-) 
  g80467/Y                      -       A->Y    R     BUFx12f_ASAP7_75t_SL       5 11.8    12    16     117    (-,-) 
  g66560/Y                      -       A->Y    F     INVx8_ASAP7_75t_SL         8 11.3    12     8     124    (-,-) 
  g63374__77790/Y               -       B2->Y   F     AO22x2_ASAP7_75t_SL        1  4.0    17    22     147    (-,-) 
  g70306/Y                      -       A->Y    F     BUFx12f_ASAP7_75t_SL      14 30.4    20    21     167    (-,-) 
  BF2_2_mul_170_29_g70309/Y     -       A->Y    R     INVx13_ASAP7_75t_SL        8 14.1    15    10     177    (-,-) 
  BF2_2_mul_170_29_g70318/Y     -       A2->Y   R     OA22x2_ASAP7_75t_SL        2  4.5    21    22     199    (-,-) 
  BF2_2_mul_170_29_g18522/Y     -       A1->Y   F     OAI22x1_ASAP7_75t_SL       2  3.8    37    16     215    (-,-) 
  g74866/Y                      -       A->Y    R     XOR2x2_ASAP7_75t_SL        3  6.1    26    36     251    (-,-) 
  g392_dup/Y                    -       A->Y    R     XOR2x1_ASAP7_75t_SL        1  3.2    29    22     272    (-,-) 
  g74870/Y                      -       B->Y    R     XNOR2x1_ASAP7_75t_SL       1  3.1    29    19     291    (-,-) 
  g76529/Y                      -       A->Y    R     XNOR2x1_ASAP7_75t_SL       1  2.4    26    20     311    (-,-) 
  g76528/Y                      -       A->Y    F     XOR2x2_ASAP7_75t_SL        3  6.3    22    27     338    (-,-) 
  g76527/Y                      -       A->Y    F     BUFx4f_ASAP7_75t_SL        1  3.2     9    16     354    (-,-) 
  g76526/Y                      -       B->Y    F     XNOR2x1_ASAP7_75t_SL       1  3.2    22    18     373    (-,-) 
  g76418/Y                      -       B->Y    F     XNOR2x1_ASAP7_75t_SL       3  4.4    29    24     396    (-,-) 
  g67/Y                         -       A1->Y   F     OA21x2_ASAP7_75t_SL        2  4.7    18    24     420    (-,-) 
  g458/Y                        -       B->Y    R     NAND2x2_ASAP7_75t_SL       3  6.1    28    17     437    (-,-) 
  g452/Y                        -       A2->Y   F     OAI21x1_ASAP7_75t_SL       1  2.4    21    10     447    (-,-) 
  g75305/Y                      -       C->Y    F     AO211x2_ASAP7_75t_SL       2  5.1    19    23     470    (-,-) 
  BF2_2_mul_170_29_g69770/Y     -       B->Y    R     NAND2x2_ASAP7_75t_SL       2  4.4    22    14     485    (-,-) 
  g77767/Y                      -       B->Y    R     AND2x6_ASAP7_75t_SL        7 12.2    19    23     508    (-,-) 
  g77764/Y                      -       A2->Y   R     OA21x2_ASAP7_75t_SL        1  3.2    15    20     528    (-,-) 
  BF2_2_mul_170_29_g17142/Y     -       A->Y    R     XOR2x1_ASAP7_75t_SL        1  2.1    22    18     545    (-,-) 
  BF2_2_barrett_datai_reg[38]/D -       -       R     DFFHQx4_ASAP7_75t_SL       1    -     -     0     545    (-,-) 
#--------------------------------------------------------------------------------------------------------------------



Path 11: MET (-0 ps) Setup Check with Pin BF2_2_barrett_datai_reg[38]/CLK->D
          Group: clk
     Startpoint: (R) BF1_1_modei_reg[0]/CLK
          Clock: (R) clk
       Endpoint: (F) BF2_2_barrett_datai_reg[38]/D
          Clock: (R) clk

                     Capture       Launch     
        Clock Edge:+     583            0     
       Src Latency:+       0            0     
       Net Latency:+       0 (I)        0 (I) 
           Arrival:=     583            0     
                                              
             Setup:-       7                  
       Uncertainty:-      29                  
     Required Time:=     547                  
      Launch Clock:-       0                  
         Data Path:-     547                  
             Slack:=      -0                  

#---------------------------------------------------------------------------------------------------------------------
#         Timing Point          Flags    Arc    Edge          Cell           Fanout Load Trans Delay Arrival Instance 
#                                                                                   (fF)  (ps)  (ps)   (ps)  Location 
#---------------------------------------------------------------------------------------------------------------------
  BF1_1_modei_reg[0]/CLK        -       -       R     (arrival)                2845    -     0     0       0    (-,-) 
  BF1_1_modei_reg[0]/QN         -       CLK->QN R     DFFHQNx1_ASAP7_75t_SL       1  2.8    28    38      38    (-,-) 
  fopt79426/Y                   -       A->Y    R     BUFx6f_ASAP7_75t_SL         5 10.1    16    18      56    (-,-) 
  g80455/Y                      -       A->Y    R     AND3x4_ASAP7_75t_SL         2  9.7    23    25      82    (-,-) 
  g80454/Y                      -       A->Y    F     INVx8_ASAP7_75t_SL          5 15.7    17    10      92    (-,-) 
  g78457/Y                      -       A->Y    F     BUFx12f_ASAP7_75t_SL       21 33.4    22    22     114    (-,-) 
  g78470/Y                      -       A->Y    R     INVx8_ASAP7_75t_SL          6  8.6    14     9     123    (-,-) 
  g63466__78473/Y               -       B2->Y   R     OA22x2_ASAP7_75t_SL         1  6.5    27    24     147    (-,-) 
  g72217/Y                      -       A->Y    F     INVx8_ASAP7_75t_SL         14 28.7    27    16     163    (-,-) 
  BF2_2_mul_170_29_g72216/Y     -       A->Y    R     INVx11_ASAP7_75t_SL         7 11.5    16    10     173    (-,-) 
  BF2_2_mul_170_29_g19065/Y     -       B1->Y   F     AOI22x1_ASAP7_75t_L         2  4.0    34    17     190    (-,-) 
  BF2_2_mul_170_29_g18700/Y     -       B2->Y   F     OA22x2_ASAP7_75t_SL         2  4.4    20    29     219    (-,-) 
  BF2_2_mul_170_29_g77695/Y     -       A->Y    R     XNOR2x2_ASAP7_75t_SL        1  2.5    14    23     242    (-,-) 
  g73398/Y                      -       B->Y    F     XNOR2x2_ASAP7_75t_SL        2  4.5    18    29     270    (-,-) 
  g73397/Y                      -       A->Y    F     XNOR2x1_ASAP7_75t_SL        1  3.2    22    20     290    (-,-) 
  g76447/Y                      -       A->Y    F     XNOR2x1_ASAP7_75t_SL        2  3.8    26    22     312    (-,-) 
  g76446/Y                      -       A->Y    F     MAJx2_ASAP7_75t_SL          2  4.6    18    27     338    (-,-) 
  g75550/Y                      -       B->Y    F     XNOR2x1_ASAP7_75t_SL        2  3.5    24    21     359    (-,-) 
  g75552/Y                      -       A->Y    F     HB1xp67_ASAP7_75t_SL        1  2.6    24    24     384    (-,-) 
  g75551/Y                      -       C->Y    F     MAJx2_ASAP7_75t_SL          2  4.9    19    26     410    (-,-) 
  g75812/Y                      -       A->Y    R     NAND2x1p5_ASAP7_75t_SL      3  4.9    28    17     427    (-,-) 
  BF2_2_mul_170_29_g72623/Y     -       A1->Y   R     AO21x2_ASAP7_75t_SL         2  3.4    16    19     446    (-,-) 
  BF2_2_mul_170_29_g72622/Y     -       A1->Y   F     AOI211x1_ASAP7_75t_SL       1  2.1    32    17     463    (-,-) 
  g73326/Y                      -       B->Y    F     OA21x2_ASAP7_75t_SL         2  4.4    17    21     484    (-,-) 
  g77767/Y                      -       A->Y    F     AND2x6_ASAP7_75t_SL         7 12.2    17    24     508    (-,-) 
  g77764/Y                      -       A2->Y   F     OA21x2_ASAP7_75t_SL         1  3.2    14    21     529    (-,-) 
  BF2_2_mul_170_29_g17142/Y     -       A->Y    F     XOR2x1_ASAP7_75t_SL         1  2.1    24    18     547    (-,-) 
  BF2_2_barrett_datai_reg[38]/D -       -       F     DFFHQx4_ASAP7_75t_SL        1    -     -     0     547    (-,-) 
#---------------------------------------------------------------------------------------------------------------------



Path 12: MET (-0 ps) Setup Check with Pin BF2_2_barrett_datai_reg[36]/CLK->D
          Group: clk
     Startpoint: (R) BF1_1_modei_reg[0]/CLK
          Clock: (R) clk
       Endpoint: (R) BF2_2_barrett_datai_reg[36]/D
          Clock: (R) clk

                     Capture       Launch     
        Clock Edge:+     583            0     
       Src Latency:+       0            0     
       Net Latency:+       0 (I)        0 (I) 
           Arrival:=     583            0     
                                              
             Setup:-       9                  
       Uncertainty:-      29                  
     Required Time:=     545                  
      Launch Clock:-       0                  
         Data Path:-     545                  
             Slack:=      -0                  

#--------------------------------------------------------------------------------------------------------------------
#         Timing Point          Flags    Arc    Edge         Cell           Fanout Load Trans Delay Arrival Instance 
#                                                                                  (fF)  (ps)  (ps)   (ps)  Location 
#--------------------------------------------------------------------------------------------------------------------
  BF1_1_modei_reg[0]/CLK        -       -       R     (arrival)               2845    -     0     0       0    (-,-) 
  BF1_1_modei_reg[0]/QN         -       CLK->QN F     DFFHQNx1_ASAP7_75t_SL      1  2.8    26    36      36    (-,-) 
  fopt79426/Y                   -       A->Y    F     BUFx6f_ASAP7_75t_SL        5 10.1    14    19      55    (-,-) 
  g80455/Y                      -       A->Y    F     AND3x4_ASAP7_75t_SL        2  9.7    20    24      79    (-,-) 
  fopt80457/Y                   -       A->Y    F     BUFx12f_ASAP7_75t_SL       9 25.3    18    20      99    (-,-) 
  g80466/Y                      -       A->Y    F     BUFx12f_ASAP7_75t_SL      12 17.7    14    18     117    (-,-) 
  g63403__78465/Y               -       A2->Y   F     AO22x2_ASAP7_75t_SL        1  4.0    18    22     139    (-,-) 
  g70379/Y                      -       A->Y    F     BUFx12f_ASAP7_75t_SL      13 25.4    18    20     159    (-,-) 
  BF2_2_mul_170_29_g70387/Y     -       A->Y    F     XOR2xp5_ASAP7_75t_L        2  3.4    46    26     184    (-,-) 
  BF2_2_mul_170_29_g18610/Y     -       B2->Y   R     OAI22xp5_ASAP7_75t_SL      2  4.5    79    40     224    (-,-) 
  BF2_2_mul_170_29_g18425/Y     -       A->Y    F     XNOR2x2_ASAP7_75t_SL       1  2.6    15    32     256    (-,-) 
  BF2_2_mul_170_29_g70731/Y     -       A->Y    R     XNOR2x2_ASAP7_75t_SL       3  5.2    24    26     282    (-,-) 
  BF2_2_mul_170_29_g19815/Y     -       A->Y    F     XNOR2x2_ASAP7_75t_SL       2  4.5    18    30     312    (-,-) 
  BF2_2_mul_170_29_g17657/Y     -       A->Y    F     MAJx2_ASAP7_75t_SL         2  4.2    17    25     337    (-,-) 
  BF2_2_mul_170_29_g17549/Y     -       A->Y    F     XNOR2x1_ASAP7_75t_SL       1  3.2    23    20     357    (-,-) 
  BF2_2_mul_170_29_g73108/Y     -       B->Y    F     XNOR2x1_ASAP7_75t_SL       2  3.9    27    22     379    (-,-) 
  g74262/Y                      -       B->Y    F     OR2x2_ASAP7_75t_SL         2  3.1    14    22     402    (-,-) 
  g67/Y                         -       B->Y    F     OA21x2_ASAP7_75t_SL        2  4.7    18    18     420    (-,-) 
  g458/Y                        -       B->Y    R     NAND2x2_ASAP7_75t_SL       3  6.1    28    17     437    (-,-) 
  g452/Y                        -       A2->Y   F     OAI21x1_ASAP7_75t_SL       1  2.4    21    10     447    (-,-) 
  g75305/Y                      -       C->Y    F     AO211x2_ASAP7_75t_SL       2  5.1    19    23     470    (-,-) 
  BF2_2_mul_170_29_g69770/Y     -       B->Y    R     NAND2x2_ASAP7_75t_SL       2  4.4    22    14     485    (-,-) 
  g77767/Y                      -       B->Y    R     AND2x6_ASAP7_75t_SL        7 12.2    19    23     508    (-,-) 
  BF2_2_mul_170_29_g79416/Y     -       A2->Y   R     OA21x2_ASAP7_75t_SL        1  3.2    15    20     528    (-,-) 
  BF2_2_mul_170_29_g17141/Y     -       A->Y    R     XOR2x1_ASAP7_75t_SL        1  2.1    22    18     545    (-,-) 
  BF2_2_barrett_datai_reg[36]/D -       -       R     DFFHQx4_ASAP7_75t_SL       1    -     -     0     545    (-,-) 
#--------------------------------------------------------------------------------------------------------------------



Path 13: MET (-0 ps) Setup Check with Pin BF2_2_barrett_datai_reg[36]/CLK->D
          Group: clk
     Startpoint: (R) BF1_1_modei_reg[0]/CLK
          Clock: (R) clk
       Endpoint: (R) BF2_2_barrett_datai_reg[36]/D
          Clock: (R) clk

                     Capture       Launch     
        Clock Edge:+     583            0     
       Src Latency:+       0            0     
       Net Latency:+       0 (I)        0 (I) 
           Arrival:=     583            0     
                                              
             Setup:-       9                  
       Uncertainty:-      29                  
     Required Time:=     545                  
      Launch Clock:-       0                  
         Data Path:-     545                  
             Slack:=      -0                  

#---------------------------------------------------------------------------------------------------------------------
#         Timing Point          Flags    Arc    Edge          Cell           Fanout Load Trans Delay Arrival Instance 
#                                                                                   (fF)  (ps)  (ps)   (ps)  Location 
#---------------------------------------------------------------------------------------------------------------------
  BF1_1_modei_reg[0]/CLK        -       -       R     (arrival)                2845    -     0     0       0    (-,-) 
  BF1_1_modei_reg[0]/QN         -       CLK->QN R     DFFHQNx1_ASAP7_75t_SL       1  2.8    28    38      38    (-,-) 
  fopt79426/Y                   -       A->Y    R     BUFx6f_ASAP7_75t_SL         5 10.1    16    18      56    (-,-) 
  g76100/Y                      -       A->Y    R     AND3x4_ASAP7_75t_SL         2  8.1    20    24      80    (-,-) 
  fopt76104/Y                   -       A->Y    R     BUFx8_ASAP7_75t_SL         13 26.0    29    28     108    (-,-) 
  fopt3/Y                       -       A->Y    F     INVx4_ASAP7_75t_SL          4  8.1    18    11     119    (-,-) 
  g63383__4733/Y                -       B->Y    R     NOR2x1p5_ASAP7_75t_SL       1  2.6    18    11     131    (-,-) 
  g63375__7098/Y                -       B->Y    R     OR2x6_ASAP7_75t_SL          3  8.8    15    21     152    (-,-) 
  BF2_2_mul_170_29_fopt19763/Y  -       A->Y    R     BUFx12f_ASAP7_75t_SL        9 16.0    14    16     168    (-,-) 
  BF2_2_mul_170_29_g19303/Y     -       B->Y    R     XOR2xp5_ASAP7_75t_SL        2  4.0    58    33     201    (-,-) 
  BF2_2_mul_170_29_g18627/Y     -       B2->Y   F     OAI22x1_ASAP7_75t_SL        3  5.1    43    19     220    (-,-) 
  g73435/Y                      -       A->Y    F     BUFx2_ASAP7_75t_SL          3  5.6    20    26     246    (-,-) 
  g182/Y                        -       A->Y    F     AND2x2_ASAP7_75t_SL         2  4.5    16    22     268    (-,-) 
  g179/Y                        -       A->Y    R     NOR2x1_ASAP7_75t_SL         1  2.5    23    13     280    (-,-) 
  g177/Y                        -       B->Y    F     XNOR2x2_ASAP7_75t_SL        2  4.5    19    30     310    (-,-) 
  g174/Y                        -       B->Y    F     MAJx2_ASAP7_75t_SL          2  4.6    18    27     337    (-,-) 
  BF2_2_mul_170_29_g17552/Y     -       B->Y    F     XNOR2x1_ASAP7_75t_SL        2  3.8    25    22     359    (-,-) 
  g76449/Y                      -       A->Y    R     XOR2x2_ASAP7_75t_SL         1  3.1    16    29     388    (-,-) 
  g76448/Y                      -       A->Y    R     XNOR2x1_ASAP7_75t_SL        2  4.9    38    22     410    (-,-) 
  BF2_2_mul_170_29_g17319/Y     -       A->Y    F     NAND2x1p5_ASAP7_75t_SL      3  5.2    25    12     422    (-,-) 
  BF2_2_mul_170_29_g72587/Y     -       A->Y    F     AND2x4_ASAP7_75t_SL         3  5.5    12    20     443    (-,-) 
  BF2_2_mul_170_29_g72590/Y     -       A->Y    F     AND2x4_ASAP7_75t_SL         1  2.6     8    15     458    (-,-) 
  BF2_2_mul_170_29_g72589/Y     -       B->Y    F     AND2x4_ASAP7_75t_SL         1  3.5     9    14     472    (-,-) 
  BF2_2_mul_170_29_g69770/Y     -       A->Y    R     NAND2x2_ASAP7_75t_SL        2  4.4    22    13     485    (-,-) 
  g77767/Y                      -       B->Y    R     AND2x6_ASAP7_75t_SL         7 12.2    19    23     508    (-,-) 
  BF2_2_mul_170_29_g79416/Y     -       A2->Y   R     OA21x2_ASAP7_75t_SL         1  3.2    15    20     528    (-,-) 
  BF2_2_mul_170_29_g17141/Y     -       A->Y    R     XOR2x1_ASAP7_75t_SL         1  2.1    22    18     545    (-,-) 
  BF2_2_barrett_datai_reg[36]/D -       -       R     DFFHQx4_ASAP7_75t_SL        1    -     -     0     545    (-,-) 
#---------------------------------------------------------------------------------------------------------------------



Path 14: MET (-0 ps) Setup Check with Pin BF2_2_barrett_datai_reg[36]/CLK->D
          Group: clk
     Startpoint: (R) BF1_1_modei_reg[0]/CLK
          Clock: (R) clk
       Endpoint: (R) BF2_2_barrett_datai_reg[36]/D
          Clock: (R) clk

                     Capture       Launch     
        Clock Edge:+     583            0     
       Src Latency:+       0            0     
       Net Latency:+       0 (I)        0 (I) 
           Arrival:=     583            0     
                                              
             Setup:-       9                  
       Uncertainty:-      29                  
     Required Time:=     545                  
      Launch Clock:-       0                  
         Data Path:-     545                  
             Slack:=      -0                  

#--------------------------------------------------------------------------------------------------------------------
#         Timing Point          Flags    Arc    Edge         Cell           Fanout Load Trans Delay Arrival Instance 
#                                                                                  (fF)  (ps)  (ps)   (ps)  Location 
#--------------------------------------------------------------------------------------------------------------------
  BF1_1_modei_reg[0]/CLK        -       -       R     (arrival)               2845    -     0     0       0    (-,-) 
  BF1_1_modei_reg[0]/QN         -       CLK->QN R     DFFHQNx1_ASAP7_75t_SL      1  2.8    28    38      38    (-,-) 
  fopt79426/Y                   -       A->Y    R     BUFx6f_ASAP7_75t_SL        5 10.1    16    18      56    (-,-) 
  g80455/Y                      -       A->Y    R     AND3x4_ASAP7_75t_SL        2  9.7    23    25      82    (-,-) 
  fopt80457/Y                   -       A->Y    R     BUFx12f_ASAP7_75t_SL       9 25.3    21    20     101    (-,-) 
  fopt80458/Y                   -       A->Y    R     BUFx6f_ASAP7_75t_SL        8 12.6    18    18     120    (-,-) 
  fopt77791/Y                   -       A->Y    F     INVx3_ASAP7_75t_SL         2  3.4    11     7     127    (-,-) 
  g80433/Y                      -       B2->Y   F     AO22x2_ASAP7_75t_SL        1  4.0    17    22     149    (-,-) 
  g80432/Y                      -       A->Y    F     BUFx12f_ASAP7_75t_SL      12 26.8    19    20     169    (-,-) 
  g75463/Y                      -       A->Y    F     XOR2x2_ASAP7_75t_SL        2  3.5    16    24     193    (-,-) 
  g75466/Y                      -       A->Y    R     INVx1_ASAP7_75t_SL         1  2.7    22    14     206    (-,-) 
  g75465/Y                      -       A1->Y   F     OAI22x1_ASAP7_75t_SL       2  3.8    41    16     222    (-,-) 
  BF2_2_mul_170_29_g70728/Y     -       A->Y    F     XOR2x2_ASAP7_75t_SL        2  4.9    20    31     253    (-,-) 
  g73402/Y                      -       A->Y    F     XNOR2x1_ASAP7_75t_SL       1  2.1    19    18     271    (-,-) 
  g77486/Y                      -       A->Y    F     MAJx2_ASAP7_75t_SL         2  4.4    18    25     296    (-,-) 
  g77485/Y                      -       B->Y    R     XOR2x2_ASAP7_75t_SL        1  3.2    16    28     325    (-,-) 
  g77762/Y                      -       B->Y    R     XNOR2x1_ASAP7_75t_SL       2  3.7    31    19     344    (-,-) 
  g75209/Y                      -       A->Y    F     MAJIxp5_ASAP7_75t_SL       2  4.1    48    27     371    (-,-) 
  g75208/Y                      -       A->Y    R     INVx2_ASAP7_75t_SL         2  5.5    30    19     390    (-,-) 
  g75213/Y                      -       A->Y    R     XOR2x1_ASAP7_75t_SL        1  3.6    33    23     413    (-,-) 
  g75212/Y                      -       A->Y    F     NAND2x2_ASAP7_75t_SL       2  3.6    17     8     421    (-,-) 
  BF2_2_mul_170_29_g71080/Y     -       B->Y    F     AND2x4_ASAP7_75t_SL        2  3.9    10    16     438    (-,-) 
  g76911/Y                      -       A->Y    F     AND2x4_ASAP7_75t_SL        3  6.9    13    18     456    (-,-) 
  BF2_2_mul_170_29_g72589/Y     -       A->Y    F     AND2x4_ASAP7_75t_SL        1  3.5     9    16     472    (-,-) 
  BF2_2_mul_170_29_g69770/Y     -       A->Y    R     NAND2x2_ASAP7_75t_SL       2  4.4    22    13     485    (-,-) 
  g77767/Y                      -       B->Y    R     AND2x6_ASAP7_75t_SL        7 12.2    19    23     508    (-,-) 
  BF2_2_mul_170_29_g79416/Y     -       A2->Y   R     OA21x2_ASAP7_75t_SL        1  3.2    15    20     528    (-,-) 
  BF2_2_mul_170_29_g17141/Y     -       A->Y    R     XOR2x1_ASAP7_75t_SL        1  2.1    22    18     545    (-,-) 
  BF2_2_barrett_datai_reg[36]/D -       -       R     DFFHQx4_ASAP7_75t_SL       1    -     -     0     545    (-,-) 
#--------------------------------------------------------------------------------------------------------------------



Path 15: MET (-0 ps) Setup Check with Pin BF2_2_barrett_datai_reg[36]/CLK->D
          Group: clk
     Startpoint: (R) BF1_1_modei_reg[0]/CLK
          Clock: (R) clk
       Endpoint: (R) BF2_2_barrett_datai_reg[36]/D
          Clock: (R) clk

                     Capture       Launch     
        Clock Edge:+     583            0     
       Src Latency:+       0            0     
       Net Latency:+       0 (I)        0 (I) 
           Arrival:=     583            0     
                                              
             Setup:-       9                  
       Uncertainty:-      29                  
     Required Time:=     545                  
      Launch Clock:-       0                  
         Data Path:-     545                  
             Slack:=      -0                  

#--------------------------------------------------------------------------------------------------------------------
#         Timing Point          Flags    Arc    Edge         Cell           Fanout Load Trans Delay Arrival Instance 
#                                                                                  (fF)  (ps)  (ps)   (ps)  Location 
#--------------------------------------------------------------------------------------------------------------------
  BF1_1_modei_reg[0]/CLK        -       -       R     (arrival)               2845    -     0     0       0    (-,-) 
  BF1_1_modei_reg[0]/QN         -       CLK->QN R     DFFHQNx1_ASAP7_75t_SL      1  2.8    28    38      38    (-,-) 
  fopt79426/Y                   -       A->Y    R     BUFx6f_ASAP7_75t_SL        5 10.1    16    18      56    (-,-) 
  g80455/Y                      -       A->Y    R     AND3x4_ASAP7_75t_SL        2  9.7    23    25      82    (-,-) 
  fopt80457/Y                   -       A->Y    R     BUFx12f_ASAP7_75t_SL       9 25.3    21    20     101    (-,-) 
  g80459/Y                      -       A->Y    R     BUFx12f_ASAP7_75t_SL       7 13.2    13    16     117    (-,-) 
  g66570/Y                      -       A->Y    F     INVx3_ASAP7_75t_SL         2  3.4    10     6     124    (-,-) 
  g63465__8428/Y                -       B2->Y   F     AO22x2_ASAP7_75t_SL        1  4.0    18    22     146    (-,-) 
  g63458/Y                      -       A->Y    F     BUFx12f_ASAP7_75t_SL      14 25.4    18    20     165    (-,-) 
  BF2_2_mul_170_29_g19531/Y     -       A->Y    R     INVx4_ASAP7_75t_SL         4  6.6    16    10     176    (-,-) 
  BF2_2_mul_170_29_g19257/Y     -       A1->Y   F     OAI22xp5_ASAP7_75t_SL      2  4.0    45    23     199    (-,-) 
  BF2_2_mul_170_29_g18683/Y     -       A1->Y   R     AOI22x1_ASAP7_75t_SL       2  5.0    48    29     228    (-,-) 
  BF2_2_mul_170_29_g18406/Y     -       B->Y    R     XNOR2x1_ASAP7_75t_SL       1  2.4    30    19     248    (-,-) 
  BF2_2_mul_170_29_g18129/Y     -       A->Y    F     XOR2x2_ASAP7_75t_SL        2  5.1    20    25     273    (-,-) 
  BF2_2_mul_170_29_g71955/Y     -       B->Y    F     XNOR2x1_ASAP7_75t_SL       1  3.2    24    21     294    (-,-) 
  BF2_2_mul_170_29_g71954/Y     -       A->Y    F     XNOR2x1_ASAP7_75t_SL       2  3.5    34    21     315    (-,-) 
  g77763/Y                      -       B->Y    F     XOR2xp5_ASAP7_75t_SL       1  2.6    37    23     338    (-,-) 
  g77761/Y                      -       B->Y    R     XOR2x2_ASAP7_75t_SL        2  3.7    18    33     371    (-,-) 
  g167/Y                        -       A->Y    F     XOR2x2_ASAP7_75t_SL        2  4.9    19    24     395    (-,-) 
  BF2_2_mul_170_29_g17340/Y     -       A->Y    R     NOR2x2_ASAP7_75t_SL        2  5.1    24    13     408    (-,-) 
  g70/Y                         -       B->Y    F     NOR2x2_ASAP7_75t_SL        1  3.5    16    11     419    (-,-) 
  g458/Y                        -       A->Y    R     NAND2x2_ASAP7_75t_SL       3  6.1    28    18     437    (-,-) 
  g452/Y                        -       A2->Y   F     OAI21x1_ASAP7_75t_SL       1  2.4    21    10     447    (-,-) 
  g75305/Y                      -       C->Y    F     AO211x2_ASAP7_75t_SL       2  5.1    19    23     470    (-,-) 
  BF2_2_mul_170_29_g69770/Y     -       B->Y    R     NAND2x2_ASAP7_75t_SL       2  4.4    22    14     485    (-,-) 
  g77767/Y                      -       B->Y    R     AND2x6_ASAP7_75t_SL        7 12.2    19    23     508    (-,-) 
  BF2_2_mul_170_29_g79416/Y     -       A2->Y   R     OA21x2_ASAP7_75t_SL        1  3.2    15    20     528    (-,-) 
  BF2_2_mul_170_29_g17141/Y     -       A->Y    R     XOR2x1_ASAP7_75t_SL        1  2.1    22    18     545    (-,-) 
  BF2_2_barrett_datai_reg[36]/D -       -       R     DFFHQx4_ASAP7_75t_SL       1    -     -     0     545    (-,-) 
#--------------------------------------------------------------------------------------------------------------------



Path 16: MET (-0 ps) Setup Check with Pin BF2_2_barrett_datai_reg[36]/CLK->D
          Group: clk
     Startpoint: (R) BF1_1_modei_reg[0]/CLK
          Clock: (R) clk
       Endpoint: (R) BF2_2_barrett_datai_reg[36]/D
          Clock: (R) clk

                     Capture       Launch     
        Clock Edge:+     583            0     
       Src Latency:+       0            0     
       Net Latency:+       0 (I)        0 (I) 
           Arrival:=     583            0     
                                              
             Setup:-       9                  
       Uncertainty:-      29                  
     Required Time:=     545                  
      Launch Clock:-       0                  
         Data Path:-     545                  
             Slack:=      -0                  

#--------------------------------------------------------------------------------------------------------------------
#         Timing Point          Flags    Arc    Edge         Cell           Fanout Load Trans Delay Arrival Instance 
#                                                                                  (fF)  (ps)  (ps)   (ps)  Location 
#--------------------------------------------------------------------------------------------------------------------
  BF1_1_modei_reg[0]/CLK        -       -       R     (arrival)               2845    -     0     0       0    (-,-) 
  BF1_1_modei_reg[0]/QN         -       CLK->QN R     DFFHQNx1_ASAP7_75t_SL      1  2.8    28    38      38    (-,-) 
  fopt79426/Y                   -       A->Y    R     BUFx6f_ASAP7_75t_SL        5 10.1    16    18      56    (-,-) 
  g80455/Y                      -       A->Y    R     AND3x4_ASAP7_75t_SL        2  9.7    23    25      82    (-,-) 
  fopt80457/Y                   -       A->Y    R     BUFx12f_ASAP7_75t_SL       9 25.3    21    20     101    (-,-) 
  g80467/Y                      -       A->Y    R     BUFx12f_ASAP7_75t_SL       5 11.8    12    16     117    (-,-) 
  g66560/Y                      -       A->Y    F     INVx8_ASAP7_75t_SL         8 11.3    12     8     124    (-,-) 
  g63374__77790/Y               -       B2->Y   F     AO22x2_ASAP7_75t_SL        1  4.0    17    22     147    (-,-) 
  g70306/Y                      -       A->Y    F     BUFx12f_ASAP7_75t_SL      14 30.4    20    21     167    (-,-) 
  BF2_2_mul_170_29_g70309/Y     -       A->Y    R     INVx13_ASAP7_75t_SL        8 14.1    15    10     177    (-,-) 
  BF2_2_mul_170_29_g70318/Y     -       A2->Y   R     OA22x2_ASAP7_75t_SL        2  4.5    21    22     199    (-,-) 
  BF2_2_mul_170_29_g18522/Y     -       A1->Y   F     OAI22x1_ASAP7_75t_SL       2  3.8    37    16     215    (-,-) 
  g74866/Y                      -       A->Y    R     XOR2x2_ASAP7_75t_SL        3  6.1    26    36     251    (-,-) 
  g392_dup/Y                    -       A->Y    R     XOR2x1_ASAP7_75t_SL        1  3.2    29    22     272    (-,-) 
  g74870/Y                      -       B->Y    R     XNOR2x1_ASAP7_75t_SL       1  3.1    29    19     291    (-,-) 
  g76529/Y                      -       A->Y    R     XNOR2x1_ASAP7_75t_SL       1  2.4    26    20     311    (-,-) 
  g76528/Y                      -       A->Y    F     XOR2x2_ASAP7_75t_SL        3  6.3    22    27     338    (-,-) 
  g76527/Y                      -       A->Y    F     BUFx4f_ASAP7_75t_SL        1  3.2     9    16     354    (-,-) 
  g76526/Y                      -       B->Y    F     XNOR2x1_ASAP7_75t_SL       1  3.2    22    18     373    (-,-) 
  g76418/Y                      -       B->Y    F     XNOR2x1_ASAP7_75t_SL       3  4.4    29    24     396    (-,-) 
  g67/Y                         -       A1->Y   F     OA21x2_ASAP7_75t_SL        2  4.7    18    24     420    (-,-) 
  g458/Y                        -       B->Y    R     NAND2x2_ASAP7_75t_SL       3  6.1    28    17     437    (-,-) 
  g452/Y                        -       A2->Y   F     OAI21x1_ASAP7_75t_SL       1  2.4    21    10     447    (-,-) 
  g75305/Y                      -       C->Y    F     AO211x2_ASAP7_75t_SL       2  5.1    19    23     470    (-,-) 
  BF2_2_mul_170_29_g69770/Y     -       B->Y    R     NAND2x2_ASAP7_75t_SL       2  4.4    22    14     485    (-,-) 
  g77767/Y                      -       B->Y    R     AND2x6_ASAP7_75t_SL        7 12.2    19    23     508    (-,-) 
  BF2_2_mul_170_29_g79416/Y     -       A2->Y   R     OA21x2_ASAP7_75t_SL        1  3.2    15    20     528    (-,-) 
  BF2_2_mul_170_29_g17141/Y     -       A->Y    R     XOR2x1_ASAP7_75t_SL        1  2.1    22    18     545    (-,-) 
  BF2_2_barrett_datai_reg[36]/D -       -       R     DFFHQx4_ASAP7_75t_SL       1    -     -     0     545    (-,-) 
#--------------------------------------------------------------------------------------------------------------------



Path 17: MET (-0 ps) Setup Check with Pin BF2_2_barrett_datai_reg[36]/CLK->D
          Group: clk
     Startpoint: (R) BF1_1_modei_reg[0]/CLK
          Clock: (R) clk
       Endpoint: (F) BF2_2_barrett_datai_reg[36]/D
          Clock: (R) clk

                     Capture       Launch     
        Clock Edge:+     583            0     
       Src Latency:+       0            0     
       Net Latency:+       0 (I)        0 (I) 
           Arrival:=     583            0     
                                              
             Setup:-       7                  
       Uncertainty:-      29                  
     Required Time:=     547                  
      Launch Clock:-       0                  
         Data Path:-     547                  
             Slack:=      -0                  

#--------------------------------------------------------------------------------------------------------------------
#         Timing Point          Flags    Arc    Edge         Cell           Fanout Load Trans Delay Arrival Instance 
#                                                                                  (fF)  (ps)  (ps)   (ps)  Location 
#--------------------------------------------------------------------------------------------------------------------
  BF1_1_modei_reg[0]/CLK        -       -       R     (arrival)               2845    -     0     0       0    (-,-) 
  BF1_1_modei_reg[0]/QN         -       CLK->QN R     DFFHQNx1_ASAP7_75t_SL      1  2.8    28    38      38    (-,-) 
  fopt79426/Y                   -       A->Y    R     BUFx6f_ASAP7_75t_SL        5 10.1    16    18      56    (-,-) 
  g80455/Y                      -       A->Y    R     AND3x4_ASAP7_75t_SL        2  9.7    23    25      82    (-,-) 
  fopt80457/Y                   -       A->Y    R     BUFx12f_ASAP7_75t_SL       9 25.3    21    20     101    (-,-) 
  g80467/Y                      -       A->Y    R     BUFx12f_ASAP7_75t_SL       5 11.8    12    16     117    (-,-) 
  g66560/Y                      -       A->Y    F     INVx8_ASAP7_75t_SL         8 11.3    12     8     124    (-,-) 
  g63374__77790/Y               -       B2->Y   F     AO22x2_ASAP7_75t_SL        1  4.0    17    22     147    (-,-) 
  g70306/Y                      -       A->Y    F     BUFx12f_ASAP7_75t_SL      14 30.4    20    21     167    (-,-) 
  BF2_2_mul_170_29_g70309/Y     -       A->Y    R     INVx13_ASAP7_75t_SL        8 14.1    15    10     177    (-,-) 
  BF2_2_mul_170_29_g77664/Y     -       B1->Y   F     AOI22x1_ASAP7_75t_SL       2  3.3    34    13     190    (-,-) 
  BF2_2_mul_170_29_g18752_dup/Y -       B1->Y   F     OA22x2_ASAP7_75t_SL        1  3.2    17    25     214    (-,-) 
  g77665/Y                      -       A->Y    F     XNOR2x1_ASAP7_75t_SL       1  2.6    27    18     233    (-,-) 
  g76516/Y                      -       B->Y    F     XOR2x2_ASAP7_75t_SL        2  5.0    19    26     259    (-,-) 
  g75909/Y                      -       B->Y    F     XNOR2x1_ASAP7_75t_SL       1  3.2    23    21     279    (-,-) 
  g435/Y                        -       B->Y    F     XNOR2x1_ASAP7_75t_SL       2  4.5    30    24     303    (-,-) 
  g434/Y                        -       A->Y    F     BUFx2_ASAP7_75t_SL         1  2.6    12    20     323    (-,-) 
  g428/Y                        -       C->Y    F     MAJx2_ASAP7_75t_SL         2  4.5    18    24     347    (-,-) 
  g76077/Y                      -       A->Y    F     XOR2x1_ASAP7_75t_SL        1  2.6    21    20     366    (-,-) 
  g167/Y                        -       B->Y    R     XOR2x2_ASAP7_75t_SL        2  4.8    21    32     398    (-,-) 
  BF2_2_mul_170_29_g17340/Y     -       A->Y    F     NOR2x2_ASAP7_75t_SL        2  5.1    22    15     413    (-,-) 
  g70/Y                         -       B->Y    R     NOR2x2_ASAP7_75t_SL        1  3.6    19    12     425    (-,-) 
  g458/Y                        -       A->Y    F     NAND2x2_ASAP7_75t_SL       3  6.1    21    11     436    (-,-) 
  g452/Y                        -       A2->Y   R     OAI21x1_ASAP7_75t_SL       1  2.4    25    14     450    (-,-) 
  g75305/Y                      -       C->Y    R     AO211x2_ASAP7_75t_SL       2  5.1    23    26     475    (-,-) 
  BF2_2_mul_170_29_g69770/Y     -       B->Y    F     NAND2x2_ASAP7_75t_SL       2  4.4    18    10     485    (-,-) 
  g77767/Y                      -       B->Y    F     AND2x6_ASAP7_75t_SL        7 12.2    17    23     508    (-,-) 
  BF2_2_mul_170_29_g79416/Y     -       A2->Y   F     OA21x2_ASAP7_75t_SL        1  3.2    14    21     529    (-,-) 
  BF2_2_mul_170_29_g17141/Y     -       A->Y    F     XOR2x1_ASAP7_75t_SL        1  2.1    24    18     547    (-,-) 
  BF2_2_barrett_datai_reg[36]/D -       -       F     DFFHQx4_ASAP7_75t_SL       1    -     -     0     547    (-,-) 
#--------------------------------------------------------------------------------------------------------------------



Path 18: MET (-0 ps) Setup Check with Pin BF1_2_barrett_datai_reg[38]/CLK->D
          Group: clk
     Startpoint: (R) BF1_1_modei_reg[0]/CLK
          Clock: (R) clk
       Endpoint: (R) BF1_2_barrett_datai_reg[38]/D
          Clock: (R) clk

                     Capture       Launch     
        Clock Edge:+     583            0     
       Src Latency:+       0            0     
       Net Latency:+       0 (I)        0 (I) 
           Arrival:=     583            0     
                                              
             Setup:-       9                  
       Uncertainty:-      29                  
     Required Time:=     545                  
      Launch Clock:-       0                  
         Data Path:-     545                  
             Slack:=      -0                  

#--------------------------------------------------------------------------------------------------------------------
#         Timing Point          Flags    Arc    Edge         Cell           Fanout Load Trans Delay Arrival Instance 
#                                                                                  (fF)  (ps)  (ps)   (ps)  Location 
#--------------------------------------------------------------------------------------------------------------------
  BF1_1_modei_reg[0]/CLK        -       -       R     (arrival)               2845    -     0     0       0    (-,-) 
  BF1_1_modei_reg[0]/QN         -       CLK->QN R     DFFHQNx1_ASAP7_75t_SL      1  2.8    28    38      38    (-,-) 
  fopt79426/Y                   -       A->Y    R     BUFx6f_ASAP7_75t_SL        5 10.1    16    18      56    (-,-) 
  g76100/Y                      -       A->Y    R     AND3x4_ASAP7_75t_SL        2  8.1    20    24      80    (-,-) 
  fopt76099/Y                   -       A->Y    F     INVx8_ASAP7_75t_SL         5 16.9    18    11      91    (-,-) 
  g74730/Y                      -       A->Y    F     BUFx12f_ASAP7_75t_SL       4 15.0    13    17     108    (-,-) 
  fopt74733/Y                   -       A->Y    R     INVx8_ASAP7_75t_SL         8 12.0    14     9     117    (-,-) 
  g66757/Y                      -       A2->Y   R     AO22x2_ASAP7_75t_SL        1  4.0    20    22     139    (-,-) 
  g48006/Y                      -       A->Y    R     BUFx12f_ASAP7_75t_SL      13 24.3    20    19     158    (-,-) 
  BF1_2_mul_170_29_g19421/Y     -       A->Y    F     INVx8_ASAP7_75t_SL         8 11.7    14     9     167    (-,-) 
  BF1_2_mul_170_29_g19231/Y     -       B2->Y   F     AO22x2_ASAP7_75t_SL        2  3.5    16    22     189    (-,-) 
  BF1_2_mul_170_29_g18703/Y     -       B2->Y   F     AO22x2_ASAP7_75t_L         2  4.5    20    28     217    (-,-) 
  BF1_2_mul_170_29_g18421/Y     -       A->Y    F     XNOR2x1_ASAP7_75t_SL       1  2.5    20    19     236    (-,-) 
  BF1_2_mul_170_29_g18092/Y     -       A->Y    R     XOR2x2_ASAP7_75t_SL        2  4.2    20    30     266    (-,-) 
  BF1_2_mul_170_29_g17956/Y     -       A->Y    F     XOR2x2_ASAP7_75t_SL        1  3.2    15    22     288    (-,-) 
  BF1_2_mul_170_29_g17798/Y     -       A->Y    F     XNOR2x1_ASAP7_75t_SL       2  3.8    25    20     308    (-,-) 
  g75944/Y                      -       A->Y    F     XOR2x2_ASAP7_75t_SL        2  4.5    18    27     335    (-,-) 
  BF1_2_mul_170_29_g17511/Y     -       A->Y    F     MAJx2_ASAP7_75t_SL         2  3.8    16    24     359    (-,-) 
  g77735/Y                      -       A->Y    R     XOR2x2_ASAP7_75t_SL        1  3.2    16    27     387    (-,-) 
  g77734/Y                      -       B->Y    R     XNOR2x1_ASAP7_75t_SL       2  6.0    45    23     410    (-,-) 
  g75486/Y                      -       B->Y    F     NAND2x2_ASAP7_75t_SL       3  4.9    24    12     422    (-,-) 
  g74302/Y                      -       B->Y    F     AND2x4_ASAP7_75t_SL        2  4.5    11    18     440    (-,-) 
  BF1_2_mul_170_29_g17209/Y     -       A->Y    F     AND2x4_ASAP7_75t_SL        3  6.6    13    18     458    (-,-) 
  BF1_2_mul_170_29_g17196/Y     -       A->Y    F     AND2x4_ASAP7_75t_SL        1  3.7    10    16     474    (-,-) 
  BF1_2_mul_170_29_g69848/Y     -       B->Y    R     NAND2x2_ASAP7_75t_SL       2  4.4    23    12     486    (-,-) 
  BF1_2_mul_170_29_g17172_dup/Y -       A->Y    R     AND2x6_ASAP7_75t_SL        7 12.3    20    22     508    (-,-) 
  BF1_2_mul_170_29_g69860/Y     -       A2->Y   R     OA21x2_ASAP7_75t_SL        1  3.2    16    20     527    (-,-) 
  BF1_2_mul_170_29_g17142/Y     -       A->Y    R     XOR2x1_ASAP7_75t_SL        1  2.1    25    18     545    (-,-) 
  BF1_2_barrett_datai_reg[38]/D -       -       R     DFFHQx4_ASAP7_75t_SL       1    -     -     0     545    (-,-) 
#--------------------------------------------------------------------------------------------------------------------



Path 19: MET (-0 ps) Setup Check with Pin BF1_2_barrett_datai_reg[36]/CLK->D
          Group: clk
     Startpoint: (R) BF1_1_modei_reg[0]/CLK
          Clock: (R) clk
       Endpoint: (R) BF1_2_barrett_datai_reg[36]/D
          Clock: (R) clk

                     Capture       Launch     
        Clock Edge:+     583            0     
       Src Latency:+       0            0     
       Net Latency:+       0 (I)        0 (I) 
           Arrival:=     583            0     
                                              
             Setup:-       9                  
       Uncertainty:-      29                  
     Required Time:=     545                  
      Launch Clock:-       0                  
         Data Path:-     545                  
             Slack:=      -0                  

#--------------------------------------------------------------------------------------------------------------------
#         Timing Point          Flags    Arc    Edge         Cell           Fanout Load Trans Delay Arrival Instance 
#                                                                                  (fF)  (ps)  (ps)   (ps)  Location 
#--------------------------------------------------------------------------------------------------------------------
  BF1_1_modei_reg[0]/CLK        -       -       R     (arrival)               2845    -     0     0       0    (-,-) 
  BF1_1_modei_reg[0]/QN         -       CLK->QN R     DFFHQNx1_ASAP7_75t_SL      1  2.8    28    38      38    (-,-) 
  fopt79426/Y                   -       A->Y    R     BUFx6f_ASAP7_75t_SL        5 10.1    16    18      56    (-,-) 
  g76100/Y                      -       A->Y    R     AND3x4_ASAP7_75t_SL        2  8.1    20    24      80    (-,-) 
  fopt76099/Y                   -       A->Y    F     INVx8_ASAP7_75t_SL         5 16.9    18    11      91    (-,-) 
  g74730/Y                      -       A->Y    F     BUFx12f_ASAP7_75t_SL       4 15.0    13    17     108    (-,-) 
  fopt74733/Y                   -       A->Y    R     INVx8_ASAP7_75t_SL         8 12.0    14     9     117    (-,-) 
  g66757/Y                      -       A2->Y   R     AO22x2_ASAP7_75t_SL        1  4.0    20    22     139    (-,-) 
  g48006/Y                      -       A->Y    R     BUFx12f_ASAP7_75t_SL      13 24.3    20    19     158    (-,-) 
  BF1_2_mul_170_29_g19421/Y     -       A->Y    F     INVx8_ASAP7_75t_SL         8 11.7    14     9     167    (-,-) 
  BF1_2_mul_170_29_g19231/Y     -       B2->Y   F     AO22x2_ASAP7_75t_SL        2  3.5    16    22     189    (-,-) 
  BF1_2_mul_170_29_g18703/Y     -       B2->Y   F     AO22x2_ASAP7_75t_L         2  4.5    20    28     217    (-,-) 
  BF1_2_mul_170_29_g18421/Y     -       A->Y    F     XNOR2x1_ASAP7_75t_SL       1  2.5    20    19     236    (-,-) 
  BF1_2_mul_170_29_g18092/Y     -       A->Y    R     XOR2x2_ASAP7_75t_SL        2  4.2    20    30     266    (-,-) 
  BF1_2_mul_170_29_g17956/Y     -       A->Y    F     XOR2x2_ASAP7_75t_SL        1  3.2    15    22     288    (-,-) 
  BF1_2_mul_170_29_g17798/Y     -       A->Y    F     XNOR2x1_ASAP7_75t_SL       2  3.8    25    20     308    (-,-) 
  g75944/Y                      -       A->Y    F     XOR2x2_ASAP7_75t_SL        2  4.5    18    27     335    (-,-) 
  BF1_2_mul_170_29_g17511/Y     -       A->Y    F     MAJx2_ASAP7_75t_SL         2  3.8    16    24     359    (-,-) 
  g77735/Y                      -       A->Y    R     XOR2x2_ASAP7_75t_SL        1  3.2    16    27     387    (-,-) 
  g77734/Y                      -       B->Y    R     XNOR2x1_ASAP7_75t_SL       2  6.0    45    23     410    (-,-) 
  g75486/Y                      -       B->Y    F     NAND2x2_ASAP7_75t_SL       3  4.9    24    12     422    (-,-) 
  g74302/Y                      -       B->Y    F     AND2x4_ASAP7_75t_SL        2  4.5    11    18     440    (-,-) 
  BF1_2_mul_170_29_g17209/Y     -       A->Y    F     AND2x4_ASAP7_75t_SL        3  6.6    13    18     458    (-,-) 
  BF1_2_mul_170_29_g17196/Y     -       A->Y    F     AND2x4_ASAP7_75t_SL        1  3.7    10    16     474    (-,-) 
  BF1_2_mul_170_29_g69848/Y     -       B->Y    R     NAND2x2_ASAP7_75t_SL       2  4.4    23    12     486    (-,-) 
  BF1_2_mul_170_29_g17172_dup/Y -       A->Y    R     AND2x6_ASAP7_75t_SL        7 12.3    20    22     508    (-,-) 
  BF1_2_mul_170_29_g69861/Y     -       A2->Y   R     OA21x2_ASAP7_75t_SL        1  3.2    16    20     527    (-,-) 
  BF1_2_mul_170_29_g17141/Y     -       A->Y    R     XOR2x1_ASAP7_75t_SL        1  2.1    24    18     545    (-,-) 
  BF1_2_barrett_datai_reg[36]/D -       -       R     DFFHQx4_ASAP7_75t_SL       1    -     -     0     545    (-,-) 
#--------------------------------------------------------------------------------------------------------------------



Path 20: MET (-0 ps) Setup Check with Pin BF1_2_barrett_datai_reg[36]/CLK->D
          Group: clk
     Startpoint: (R) BF1_1_modei_reg[0]/CLK
          Clock: (R) clk
       Endpoint: (F) BF1_2_barrett_datai_reg[36]/D
          Clock: (R) clk

                     Capture       Launch     
        Clock Edge:+     583            0     
       Src Latency:+       0            0     
       Net Latency:+       0 (I)        0 (I) 
           Arrival:=     583            0     
                                              
             Setup:-       7                  
       Uncertainty:-      29                  
     Required Time:=     547                  
      Launch Clock:-       0                  
         Data Path:-     547                  
             Slack:=      -0                  

#--------------------------------------------------------------------------------------------------------------------
#         Timing Point          Flags    Arc    Edge         Cell           Fanout Load Trans Delay Arrival Instance 
#                                                                                  (fF)  (ps)  (ps)   (ps)  Location 
#--------------------------------------------------------------------------------------------------------------------
  BF1_1_modei_reg[0]/CLK        -       -       R     (arrival)               2845    -     0     0       0    (-,-) 
  BF1_1_modei_reg[0]/QN         -       CLK->QN R     DFFHQNx1_ASAP7_75t_SL      1  2.8    28    38      38    (-,-) 
  fopt79426/Y                   -       A->Y    R     BUFx6f_ASAP7_75t_SL        5 10.1    16    18      56    (-,-) 
  g76100/Y                      -       A->Y    R     AND3x4_ASAP7_75t_SL        2  8.1    20    24      80    (-,-) 
  fopt76099/Y                   -       A->Y    F     INVx8_ASAP7_75t_SL         5 16.9    18    11      91    (-,-) 
  g74730/Y                      -       A->Y    F     BUFx12f_ASAP7_75t_SL       4 15.0    13    17     108    (-,-) 
  fopt74733/Y                   -       A->Y    R     INVx8_ASAP7_75t_SL         8 12.0    14     9     117    (-,-) 
  g66757/Y                      -       A2->Y   R     AO22x2_ASAP7_75t_SL        1  4.0    20    22     139    (-,-) 
  g48006/Y                      -       A->Y    R     BUFx12f_ASAP7_75t_SL      13 24.3    20    19     158    (-,-) 
  BF1_2_mul_170_29_g19241/Y     -       A->Y    R     XOR2xp5_ASAP7_75t_L        2  4.1    68    42     200    (-,-) 
  BF1_2_mul_170_29_g18612/Y     -       A2->Y   F     OAI22x1_ASAP7_75t_SL       2  4.5    41    23     223    (-,-) 
  BF1_2_mul_170_29_g18427/Y     -       A->Y    R     XNOR2x2_ASAP7_75t_SL       1  2.6    16    25     248    (-,-) 
  BF1_2_mul_170_29_g18160/Y     -       A->Y    F     XNOR2x2_ASAP7_75t_SL       2  3.5    17    28     276    (-,-) 
  BF1_2_mul_170_29_g17904/Y     -       A->Y    F     MAJx2_ASAP7_75t_SL         2  4.5    18    25     300    (-,-) 
  BF1_2_mul_170_29_g17891/Y     -       A->Y    R     INVx2_ASAP7_75t_L          1  2.1    13    10     310    (-,-) 
  BF1_2_mul_170_29_g17773/Y     -       A->Y    R     MAJx2_ASAP7_75t_SL         2  5.1    22    23     333    (-,-) 
  g73779/Y                      -       B->Y    R     XNOR2x1_ASAP7_75t_SL       1  3.1    28    19     352    (-,-) 
  g73778/Y                      -       A->Y    R     XNOR2x1_ASAP7_75t_SL       1  3.1    29    21     373    (-,-) 
  g74338/Y                      -       A->Y    R     XNOR2x1_ASAP7_75t_SL       3  4.4    37    23     396    (-,-) 
  g75413/Y                      -       A2->Y   R     OA21x2_ASAP7_75t_SL        2  4.7    21    24     420    (-,-) 
  BF1_2_mul_170_29_g17270/Y     -       B->Y    F     NAND2x2_ASAP7_75t_SL       3  6.3    22    12     433    (-,-) 
  BF1_2_mul_170_29_g69897/Y     -       A1->Y   R     OAI21x1_ASAP7_75t_SL       1  2.4    25    16     449    (-,-) 
  BF1_2_mul_170_29_g70869/Y     -       B->Y    R     AO211x2_ASAP7_75t_SL       2  5.0    22    27     476    (-,-) 
  BF1_2_mul_170_29_g69848/Y     -       A->Y    F     NAND2x2_ASAP7_75t_SL       2  4.4    16     9     484    (-,-) 
  BF1_2_mul_170_29_g17172_dup/Y -       A->Y    F     AND2x6_ASAP7_75t_SL        7 12.4    17    23     508    (-,-) 
  BF1_2_mul_170_29_g69861/Y     -       A2->Y   F     OA21x2_ASAP7_75t_SL        1  3.2    14    21     529    (-,-) 
  BF1_2_mul_170_29_g17141/Y     -       A->Y    F     XOR2x1_ASAP7_75t_SL        1  2.1    24    18     547    (-,-) 
  BF1_2_barrett_datai_reg[36]/D -       -       F     DFFHQx4_ASAP7_75t_SL       1    -     -     0     547    (-,-) 
#--------------------------------------------------------------------------------------------------------------------

