============================================================
  Generated by:           Genus(TM) Synthesis Solution 25.12-s067_1
  Generated on:           Aug 11 2026  12:14:52 pm
  Module:                 butterfly2x2
  Operating conditions:   PVT_0P7V_25C 
  Interconnect mode:      global
  Area mode:              physical library
============================================================


Path 1: VIOLATED (-35 ps) Setup Check with Pin BF1_1_barrett_datai_reg[44]/CLK->D
          Group: clk
     Startpoint: (R) BF1_1_modei_reg[2]/CLK
          Clock: (R) clk
       Endpoint: (R) BF1_1_barrett_datai_reg[44]/D
          Clock: (R) clk

                     Capture       Launch     
        Clock Edge:+     573            0     
       Src Latency:+       0            0     
       Net Latency:+       0 (I)        0 (I) 
           Arrival:=     573            0     
                                              
             Setup:-      10                  
       Uncertainty:-      29                  
     Required Time:=     534                  
      Launch Clock:-       0                  
         Data Path:-     569                  
             Slack:=     -35                  

#-------------------------------------------------------------------------------------------------------------------
#         Timing Point          Flags    Arc   Edge         Cell           Fanout Load Trans Delay Arrival Instance 
#                                                                                 (fF)  (ps)  (ps)   (ps)  Location 
#-------------------------------------------------------------------------------------------------------------------
  BF1_1_modei_reg[2]/CLK        -       -      R     (arrival)               2365    -     0     0       0    (-,-) 
  BF1_1_modei_reg[2]/Q          -       CLK->Q F     DFFHQx4_ASAP7_75t_SL       2  5.4    12    45      45    (-,-) 
  g47620/Y                      -       A->Y   R     INVx3_ASAP7_75t_SL         1  2.6    10     7      52    (-,-) 
  g47526__6417/Y                -       A->Y   R     AND3x4_ASAP7_75t_SL        1  6.5    18    22      73    (-,-) 
  g47450/Y                      -       A->Y   F     INVx8_ASAP7_75t_SL         6 19.6    19    11      84    (-,-) 
  g61408/Y                      -       A->Y   F     BUFx6f_ASAP7_75t_SL        5 13.1    16    19     104    (-,-) 
  g61399/Y                      -       A->Y   F     BUFx12f_ASAP7_75t_SL      14 21.7    16    18     122    (-,-) 
  g61400/Y                      -       A->Y   R     INVx4_ASAP7_75t_SL         4  6.1    15    10     132    (-,-) 
  g60432/Y                      -       A1->Y  R     AO22x2_ASAP7_75t_SL        1  4.0    20    21     152    (-,-) 
  fopt70413/Y                   -       A->Y   R     BUFx12f_ASAP7_75t_SL      13 25.3    20    19     172    (-,-) 
  fopt70412/Y                   -       A->Y   F     INVx8_ASAP7_75t_SL         5  9.0    12     7     179    (-,-) 
  BF1_1_mul_170_29_g18367/Y     -       B2->Y  F     AO22x2_ASAP7_75t_SL        2  4.0    18    22     202    (-,-) 
  BF1_1_mul_170_29_g18190/Y     -       A1->Y  R     AOI22x1_ASAP7_75t_SL       2  4.3    40    21     223    (-,-) 
  BF1_1_mul_170_29_g17715/Y     -       B->Y   F     XNOR2x2_ASAP7_75t_SL       1  2.5    13    28     250    (-,-) 
  BF1_1_mul_170_29_g17486/Y     -       A->Y   R     XOR2x2_ASAP7_75t_SL        2  4.0    18    28     278    (-,-) 
  BF1_1_mul_170_29_g17328/Y     -       B->Y   F     XOR2x2_ASAP7_75t_SL        1  3.2    15    21     299    (-,-) 
  BF1_1_mul_170_29_g17173/Y     -       B->Y   F     XNOR2x1_ASAP7_75t_SL       2  3.9    25    21     320    (-,-) 
  BF1_1_mul_170_29_g16994/Y     -       A->Y   R     XOR2x2_ASAP7_75t_SL        2  4.4    20    31     351    (-,-) 
  BF1_1_mul_170_29_g16977/Y     -       A->Y   F     INVx2_ASAP7_75t_SL         1  2.1    11     7     358    (-,-) 
  BF1_1_mul_170_29_g16873/Y     -       A->Y   F     MAJx2_ASAP7_75t_SL         2  4.2    17    23     381    (-,-) 
  BF1_1_mul_170_29_g16776/Y     -       B->Y   R     XNOR2x2_ASAP7_75t_SL       1  2.6    14    23     404    (-,-) 
  BF1_1_mul_170_29_g16698/Y     -       B->Y   F     XOR2x2_ASAP7_75t_SL        2  4.4    18    22     426    (-,-) 
  BF1_1_mul_170_29_g19130/Y     -       A->Y   F     OR2x6_ASAP7_75t_SL         2  4.6    12    21     447    (-,-) 
  BF1_1_mul_170_29_g16604/Y     -       A2->Y  R     OAI21x1_ASAP7_75t_SL       1  2.1    21    12     459    (-,-) 
  BF1_1_mul_170_29_g16580/Y     -       B->Y   R     AO21x2_ASAP7_75t_SL        2  3.7    17    18     476    (-,-) 
  BF1_1_mul_170_29_g16556/Y     -       A2->Y  F     AOI221x1_ASAP7_75t_SL      1  2.6    40    20     496    (-,-) 
  BF1_1_mul_170_29_g16544/Y     -       B->Y   F     AND2x6_ASAP7_75t_SL       14 26.7    30    34     530    (-,-) 
  BF1_1_mul_170_29_g16529/Y     -       A1->Y  R     OAI21x1_ASAP7_75t_SL       1  3.2    32    20     550    (-,-) 
  BF1_1_mul_170_29_g16507/Y     -       A->Y   R     XOR2x1_ASAP7_75t_SL        1  2.1    32    19     569    (-,-) 
  BF1_1_barrett_datai_reg[44]/D -       -      R     DFFHQx4_ASAP7_75t_SL       1    -     -     0     569    (-,-) 
#-------------------------------------------------------------------------------------------------------------------



Path 2: VIOLATED (-35 ps) Setup Check with Pin BF1_1_barrett_datai_reg[44]/CLK->D
          Group: clk
     Startpoint: (R) BF1_1_modei_reg[2]/CLK
          Clock: (R) clk
       Endpoint: (R) BF1_1_barrett_datai_reg[44]/D
          Clock: (R) clk

                     Capture       Launch     
        Clock Edge:+     573            0     
       Src Latency:+       0            0     
       Net Latency:+       0 (I)        0 (I) 
           Arrival:=     573            0     
                                              
             Setup:-      10                  
       Uncertainty:-      29                  
     Required Time:=     534                  
      Launch Clock:-       0                  
         Data Path:-     569                  
             Slack:=     -35                  

#-------------------------------------------------------------------------------------------------------------------
#         Timing Point          Flags    Arc   Edge         Cell           Fanout Load Trans Delay Arrival Instance 
#                                                                                 (fF)  (ps)  (ps)   (ps)  Location 
#-------------------------------------------------------------------------------------------------------------------
  BF1_1_modei_reg[2]/CLK        -       -      R     (arrival)               2365    -     0     0       0    (-,-) 
  BF1_1_modei_reg[2]/Q          -       CLK->Q F     DFFHQx4_ASAP7_75t_SL       2  5.4    12    45      45    (-,-) 
  g47620/Y                      -       A->Y   R     INVx3_ASAP7_75t_SL         1  2.6    10     7      52    (-,-) 
  g47526__6417/Y                -       A->Y   R     AND3x4_ASAP7_75t_SL        1  6.5    18    22      73    (-,-) 
  g47450/Y                      -       A->Y   F     INVx8_ASAP7_75t_SL         6 19.6    19    11      84    (-,-) 
  g61408/Y                      -       A->Y   F     BUFx6f_ASAP7_75t_SL        5 13.1    16    19     104    (-,-) 
  g61399/Y                      -       A->Y   F     BUFx12f_ASAP7_75t_SL      14 21.7    16    18     122    (-,-) 
  g61400/Y                      -       A->Y   R     INVx4_ASAP7_75t_SL         4  6.1    15    10     132    (-,-) 
  g60432/Y                      -       A1->Y  R     AO22x2_ASAP7_75t_SL        1  4.0    20    21     152    (-,-) 
  fopt70413/Y                   -       A->Y   R     BUFx12f_ASAP7_75t_SL      13 25.3    20    19     172    (-,-) 
  fopt70412/Y                   -       A->Y   F     INVx8_ASAP7_75t_SL         5  9.0    12     7     179    (-,-) 
  BF1_1_mul_170_29_g18367/Y     -       B2->Y  F     AO22x2_ASAP7_75t_SL        2  4.0    18    22     202    (-,-) 
  BF1_1_mul_170_29_g18190/Y     -       A1->Y  R     AOI22x1_ASAP7_75t_SL       2  4.3    40    21     223    (-,-) 
  BF1_1_mul_170_29_g17715/Y     -       B->Y   F     XNOR2x2_ASAP7_75t_SL       1  2.5    13    28     250    (-,-) 
  BF1_1_mul_170_29_g17486/Y     -       A->Y   R     XOR2x2_ASAP7_75t_SL        2  4.0    18    28     278    (-,-) 
  BF1_1_mul_170_29_g17328/Y     -       B->Y   F     XOR2x2_ASAP7_75t_SL        1  3.2    15    21     299    (-,-) 
  BF1_1_mul_170_29_g17173/Y     -       B->Y   F     XNOR2x1_ASAP7_75t_SL       2  3.9    25    21     320    (-,-) 
  BF1_1_mul_170_29_g16994/Y     -       A->Y   F     XOR2x2_ASAP7_75t_SL        2  4.5    18    27     347    (-,-) 
  BF1_1_mul_170_29_g16977/Y     -       A->Y   R     INVx2_ASAP7_75t_SL         1  2.1    12     8     355    (-,-) 
  BF1_1_mul_170_29_g16873/Y     -       A->Y   R     MAJx2_ASAP7_75t_SL         2  4.3    20    22     377    (-,-) 
  BF1_1_mul_170_29_g16776/Y     -       B->Y   F     XNOR2x2_ASAP7_75t_SL       1  2.6    13    26     403    (-,-) 
  BF1_1_mul_170_29_g16698/Y     -       B->Y   F     XOR2x2_ASAP7_75t_SL        2  4.4    18    23     426    (-,-) 
  BF1_1_mul_170_29_g19130/Y     -       A->Y   F     OR2x6_ASAP7_75t_SL         2  4.6    12    21     447    (-,-) 
  BF1_1_mul_170_29_g16604/Y     -       A2->Y  R     OAI21x1_ASAP7_75t_SL       1  2.1    21    12     459    (-,-) 
  BF1_1_mul_170_29_g16580/Y     -       B->Y   R     AO21x2_ASAP7_75t_SL        2  3.7    17    18     476    (-,-) 
  BF1_1_mul_170_29_g16556/Y     -       A2->Y  F     AOI221x1_ASAP7_75t_SL      1  2.6    40    20     496    (-,-) 
  BF1_1_mul_170_29_g16544/Y     -       B->Y   F     AND2x6_ASAP7_75t_SL       14 26.7    30    34     530    (-,-) 
  BF1_1_mul_170_29_g16529/Y     -       A1->Y  R     OAI21x1_ASAP7_75t_SL       1  3.2    32    20     550    (-,-) 
  BF1_1_mul_170_29_g16507/Y     -       A->Y   R     XOR2x1_ASAP7_75t_SL        1  2.1    32    19     569    (-,-) 
  BF1_1_barrett_datai_reg[44]/D -       -      R     DFFHQx4_ASAP7_75t_SL       1    -     -     0     569    (-,-) 
#-------------------------------------------------------------------------------------------------------------------



Path 3: VIOLATED (-34 ps) Setup Check with Pin BF1_1_barrett_datai_reg[43]/CLK->D
          Group: clk
     Startpoint: (R) BF1_1_modei_reg[2]/CLK
          Clock: (R) clk
       Endpoint: (R) BF1_1_barrett_datai_reg[43]/D
          Clock: (R) clk

                     Capture       Launch     
        Clock Edge:+     573            0     
       Src Latency:+       0            0     
       Net Latency:+       0 (I)        0 (I) 
           Arrival:=     573            0     
                                              
             Setup:-      10                  
       Uncertainty:-      29                  
     Required Time:=     535                  
      Launch Clock:-       0                  
         Data Path:-     569                  
             Slack:=     -34                  

#-------------------------------------------------------------------------------------------------------------------
#         Timing Point          Flags    Arc   Edge         Cell           Fanout Load Trans Delay Arrival Instance 
#                                                                                 (fF)  (ps)  (ps)   (ps)  Location 
#-------------------------------------------------------------------------------------------------------------------
  BF1_1_modei_reg[2]/CLK        -       -      R     (arrival)               2365    -     0     0       0    (-,-) 
  BF1_1_modei_reg[2]/Q          -       CLK->Q F     DFFHQx4_ASAP7_75t_SL       2  5.4    12    45      45    (-,-) 
  g47620/Y                      -       A->Y   R     INVx3_ASAP7_75t_SL         1  2.6    10     7      52    (-,-) 
  g47526__6417/Y                -       A->Y   R     AND3x4_ASAP7_75t_SL        1  6.5    18    22      73    (-,-) 
  g47450/Y                      -       A->Y   F     INVx8_ASAP7_75t_SL         6 19.6    19    11      84    (-,-) 
  g61408/Y                      -       A->Y   F     BUFx6f_ASAP7_75t_SL        5 13.1    16    19     104    (-,-) 
  g61399/Y                      -       A->Y   F     BUFx12f_ASAP7_75t_SL      14 21.7    16    18     122    (-,-) 
  g61400/Y                      -       A->Y   R     INVx4_ASAP7_75t_SL         4  6.1    15    10     132    (-,-) 
  g60432/Y                      -       A1->Y  R     AO22x2_ASAP7_75t_SL        1  4.0    20    21     152    (-,-) 
  fopt70413/Y                   -       A->Y   R     BUFx12f_ASAP7_75t_SL      13 25.3    20    19     172    (-,-) 
  fopt70412/Y                   -       A->Y   F     INVx8_ASAP7_75t_SL         5  9.0    12     7     179    (-,-) 
  BF1_1_mul_170_29_g18367/Y     -       B2->Y  F     AO22x2_ASAP7_75t_SL        2  4.0    18    22     202    (-,-) 
  BF1_1_mul_170_29_g18190/Y     -       A1->Y  R     AOI22x1_ASAP7_75t_SL       2  4.3    40    21     223    (-,-) 
  BF1_1_mul_170_29_g17715/Y     -       B->Y   F     XNOR2x2_ASAP7_75t_SL       1  2.5    13    28     250    (-,-) 
  BF1_1_mul_170_29_g17486/Y     -       A->Y   R     XOR2x2_ASAP7_75t_SL        2  4.0    18    28     278    (-,-) 
  BF1_1_mul_170_29_g17328/Y     -       B->Y   F     XOR2x2_ASAP7_75t_SL        1  3.2    15    21     299    (-,-) 
  BF1_1_mul_170_29_g17173/Y     -       B->Y   F     XNOR2x1_ASAP7_75t_SL       2  3.9    25    21     320    (-,-) 
  BF1_1_mul_170_29_g16994/Y     -       A->Y   R     XOR2x2_ASAP7_75t_SL        2  4.4    20    31     351    (-,-) 
  BF1_1_mul_170_29_g16977/Y     -       A->Y   F     INVx2_ASAP7_75t_SL         1  2.1    11     7     358    (-,-) 
  BF1_1_mul_170_29_g16873/Y     -       A->Y   F     MAJx2_ASAP7_75t_SL         2  4.2    17    23     381    (-,-) 
  BF1_1_mul_170_29_g16776/Y     -       B->Y   R     XNOR2x2_ASAP7_75t_SL       1  2.6    14    23     404    (-,-) 
  BF1_1_mul_170_29_g16698/Y     -       B->Y   F     XOR2x2_ASAP7_75t_SL        2  4.4    18    22     426    (-,-) 
  BF1_1_mul_170_29_g19130/Y     -       A->Y   F     OR2x6_ASAP7_75t_SL         2  4.6    12    21     447    (-,-) 
  BF1_1_mul_170_29_g16604/Y     -       A2->Y  R     OAI21x1_ASAP7_75t_SL       1  2.1    21    12     459    (-,-) 
  BF1_1_mul_170_29_g16580/Y     -       B->Y   R     AO21x2_ASAP7_75t_SL        2  3.7    17    18     476    (-,-) 
  BF1_1_mul_170_29_g16556/Y     -       A2->Y  F     AOI221x1_ASAP7_75t_SL      1  2.6    40    20     496    (-,-) 
  BF1_1_mul_170_29_g16544/Y     -       B->Y   F     AND2x6_ASAP7_75t_SL       14 26.7    30    34     530    (-,-) 
  BF1_1_mul_170_29_g16534/Y     -       A1->Y  R     OAI21x1_ASAP7_75t_SL       1  3.2    32    20     550    (-,-) 
  BF1_1_mul_170_29_g16508/Y     -       A->Y   R     XOR2x1_ASAP7_75t_SL        1  2.1    31    19     569    (-,-) 
  BF1_1_barrett_datai_reg[43]/D -       -      R     DFFHQx4_ASAP7_75t_SL       1    -     -     0     569    (-,-) 
#-------------------------------------------------------------------------------------------------------------------



Path 4: VIOLATED (-34 ps) Setup Check with Pin BF1_1_barrett_datai_reg[43]/CLK->D
          Group: clk
     Startpoint: (R) BF1_1_modei_reg[2]/CLK
          Clock: (R) clk
       Endpoint: (R) BF1_1_barrett_datai_reg[43]/D
          Clock: (R) clk

                     Capture       Launch     
        Clock Edge:+     573            0     
       Src Latency:+       0            0     
       Net Latency:+       0 (I)        0 (I) 
           Arrival:=     573            0     
                                              
             Setup:-      10                  
       Uncertainty:-      29                  
     Required Time:=     535                  
      Launch Clock:-       0                  
         Data Path:-     569                  
             Slack:=     -34                  

#-------------------------------------------------------------------------------------------------------------------
#         Timing Point          Flags    Arc   Edge         Cell           Fanout Load Trans Delay Arrival Instance 
#                                                                                 (fF)  (ps)  (ps)   (ps)  Location 
#-------------------------------------------------------------------------------------------------------------------
  BF1_1_modei_reg[2]/CLK        -       -      R     (arrival)               2365    -     0     0       0    (-,-) 
  BF1_1_modei_reg[2]/Q          -       CLK->Q F     DFFHQx4_ASAP7_75t_SL       2  5.4    12    45      45    (-,-) 
  g47620/Y                      -       A->Y   R     INVx3_ASAP7_75t_SL         1  2.6    10     7      52    (-,-) 
  g47526__6417/Y                -       A->Y   R     AND3x4_ASAP7_75t_SL        1  6.5    18    22      73    (-,-) 
  g47450/Y                      -       A->Y   F     INVx8_ASAP7_75t_SL         6 19.6    19    11      84    (-,-) 
  g61408/Y                      -       A->Y   F     BUFx6f_ASAP7_75t_SL        5 13.1    16    19     104    (-,-) 
  g61399/Y                      -       A->Y   F     BUFx12f_ASAP7_75t_SL      14 21.7    16    18     122    (-,-) 
  g61400/Y                      -       A->Y   R     INVx4_ASAP7_75t_SL         4  6.1    15    10     132    (-,-) 
  g60432/Y                      -       A1->Y  R     AO22x2_ASAP7_75t_SL        1  4.0    20    21     152    (-,-) 
  fopt70413/Y                   -       A->Y   R     BUFx12f_ASAP7_75t_SL      13 25.3    20    19     172    (-,-) 
  fopt70412/Y                   -       A->Y   F     INVx8_ASAP7_75t_SL         5  9.0    12     7     179    (-,-) 
  BF1_1_mul_170_29_g18367/Y     -       B2->Y  F     AO22x2_ASAP7_75t_SL        2  4.0    18    22     202    (-,-) 
  BF1_1_mul_170_29_g18190/Y     -       A1->Y  R     AOI22x1_ASAP7_75t_SL       2  4.3    40    21     223    (-,-) 
  BF1_1_mul_170_29_g17715/Y     -       B->Y   F     XNOR2x2_ASAP7_75t_SL       1  2.5    13    28     250    (-,-) 
  BF1_1_mul_170_29_g17486/Y     -       A->Y   R     XOR2x2_ASAP7_75t_SL        2  4.0    18    28     278    (-,-) 
  BF1_1_mul_170_29_g17328/Y     -       B->Y   F     XOR2x2_ASAP7_75t_SL        1  3.2    15    21     299    (-,-) 
  BF1_1_mul_170_29_g17173/Y     -       B->Y   F     XNOR2x1_ASAP7_75t_SL       2  3.9    25    21     320    (-,-) 
  BF1_1_mul_170_29_g16994/Y     -       A->Y   F     XOR2x2_ASAP7_75t_SL        2  4.5    18    27     347    (-,-) 
  BF1_1_mul_170_29_g16977/Y     -       A->Y   R     INVx2_ASAP7_75t_SL         1  2.1    12     8     355    (-,-) 
  BF1_1_mul_170_29_g16873/Y     -       A->Y   R     MAJx2_ASAP7_75t_SL         2  4.3    20    22     377    (-,-) 
  BF1_1_mul_170_29_g16776/Y     -       B->Y   F     XNOR2x2_ASAP7_75t_SL       1  2.6    13    26     403    (-,-) 
  BF1_1_mul_170_29_g16698/Y     -       B->Y   F     XOR2x2_ASAP7_75t_SL        2  4.4    18    23     426    (-,-) 
  BF1_1_mul_170_29_g19130/Y     -       A->Y   F     OR2x6_ASAP7_75t_SL         2  4.6    12    21     447    (-,-) 
  BF1_1_mul_170_29_g16604/Y     -       A2->Y  R     OAI21x1_ASAP7_75t_SL       1  2.1    21    12     459    (-,-) 
  BF1_1_mul_170_29_g16580/Y     -       B->Y   R     AO21x2_ASAP7_75t_SL        2  3.7    17    18     476    (-,-) 
  BF1_1_mul_170_29_g16556/Y     -       A2->Y  F     AOI221x1_ASAP7_75t_SL      1  2.6    40    20     496    (-,-) 
  BF1_1_mul_170_29_g16544/Y     -       B->Y   F     AND2x6_ASAP7_75t_SL       14 26.7    30    34     530    (-,-) 
  BF1_1_mul_170_29_g16534/Y     -       A1->Y  R     OAI21x1_ASAP7_75t_SL       1  3.2    32    20     550    (-,-) 
  BF1_1_mul_170_29_g16508/Y     -       A->Y   R     XOR2x1_ASAP7_75t_SL        1  2.1    31    19     569    (-,-) 
  BF1_1_barrett_datai_reg[43]/D -       -      R     DFFHQx4_ASAP7_75t_SL       1    -     -     0     569    (-,-) 
#-------------------------------------------------------------------------------------------------------------------



Path 5: VIOLATED (-34 ps) Setup Check with Pin BF1_1_barrett_datai_reg[42]/CLK->D
          Group: clk
     Startpoint: (R) BF1_1_modei_reg[2]/CLK
          Clock: (R) clk
       Endpoint: (R) BF1_1_barrett_datai_reg[42]/D
          Clock: (R) clk

                     Capture       Launch     
        Clock Edge:+     573            0     
       Src Latency:+       0            0     
       Net Latency:+       0 (I)        0 (I) 
           Arrival:=     573            0     
                                              
             Setup:-      10                  
       Uncertainty:-      29                  
     Required Time:=     535                  
      Launch Clock:-       0                  
         Data Path:-     569                  
             Slack:=     -34                  

#-------------------------------------------------------------------------------------------------------------------
#         Timing Point          Flags    Arc   Edge         Cell           Fanout Load Trans Delay Arrival Instance 
#                                                                                 (fF)  (ps)  (ps)   (ps)  Location 
#-------------------------------------------------------------------------------------------------------------------
  BF1_1_modei_reg[2]/CLK        -       -      R     (arrival)               2365    -     0     0       0    (-,-) 
  BF1_1_modei_reg[2]/Q          -       CLK->Q F     DFFHQx4_ASAP7_75t_SL       2  5.4    12    45      45    (-,-) 
  g47620/Y                      -       A->Y   R     INVx3_ASAP7_75t_SL         1  2.6    10     7      52    (-,-) 
  g47526__6417/Y                -       A->Y   R     AND3x4_ASAP7_75t_SL        1  6.5    18    22      73    (-,-) 
  g47450/Y                      -       A->Y   F     INVx8_ASAP7_75t_SL         6 19.6    19    11      84    (-,-) 
  g61408/Y                      -       A->Y   F     BUFx6f_ASAP7_75t_SL        5 13.1    16    19     104    (-,-) 
  g61399/Y                      -       A->Y   F     BUFx12f_ASAP7_75t_SL      14 21.7    16    18     122    (-,-) 
  g61400/Y                      -       A->Y   R     INVx4_ASAP7_75t_SL         4  6.1    15    10     132    (-,-) 
  g60432/Y                      -       A1->Y  R     AO22x2_ASAP7_75t_SL        1  4.0    20    21     152    (-,-) 
  fopt70413/Y                   -       A->Y   R     BUFx12f_ASAP7_75t_SL      13 25.3    20    19     172    (-,-) 
  fopt70412/Y                   -       A->Y   F     INVx8_ASAP7_75t_SL         5  9.0    12     7     179    (-,-) 
  BF1_1_mul_170_29_g18367/Y     -       B2->Y  F     AO22x2_ASAP7_75t_SL        2  4.0    18    22     202    (-,-) 
  BF1_1_mul_170_29_g18190/Y     -       A1->Y  R     AOI22x1_ASAP7_75t_SL       2  4.3    40    21     223    (-,-) 
  BF1_1_mul_170_29_g17715/Y     -       B->Y   F     XNOR2x2_ASAP7_75t_SL       1  2.5    13    28     250    (-,-) 
  BF1_1_mul_170_29_g17486/Y     -       A->Y   R     XOR2x2_ASAP7_75t_SL        2  4.0    18    28     278    (-,-) 
  BF1_1_mul_170_29_g17328/Y     -       B->Y   F     XOR2x2_ASAP7_75t_SL        1  3.2    15    21     299    (-,-) 
  BF1_1_mul_170_29_g17173/Y     -       B->Y   F     XNOR2x1_ASAP7_75t_SL       2  3.9    25    21     320    (-,-) 
  BF1_1_mul_170_29_g16994/Y     -       A->Y   R     XOR2x2_ASAP7_75t_SL        2  4.4    20    31     351    (-,-) 
  BF1_1_mul_170_29_g16977/Y     -       A->Y   F     INVx2_ASAP7_75t_SL         1  2.1    11     7     358    (-,-) 
  BF1_1_mul_170_29_g16873/Y     -       A->Y   F     MAJx2_ASAP7_75t_SL         2  4.2    17    23     381    (-,-) 
  BF1_1_mul_170_29_g16776/Y     -       B->Y   R     XNOR2x2_ASAP7_75t_SL       1  2.6    14    23     404    (-,-) 
  BF1_1_mul_170_29_g16698/Y     -       B->Y   F     XOR2x2_ASAP7_75t_SL        2  4.4    18    22     426    (-,-) 
  BF1_1_mul_170_29_g19130/Y     -       A->Y   F     OR2x6_ASAP7_75t_SL         2  4.6    12    21     447    (-,-) 
  BF1_1_mul_170_29_g16604/Y     -       A2->Y  R     OAI21x1_ASAP7_75t_SL       1  2.1    21    12     459    (-,-) 
  BF1_1_mul_170_29_g16580/Y     -       B->Y   R     AO21x2_ASAP7_75t_SL        2  3.7    17    18     476    (-,-) 
  BF1_1_mul_170_29_g16556/Y     -       A2->Y  F     AOI221x1_ASAP7_75t_SL      1  2.6    40    20     496    (-,-) 
  BF1_1_mul_170_29_g16544/Y     -       B->Y   F     AND2x6_ASAP7_75t_SL       14 26.7    30    34     530    (-,-) 
  BF1_1_mul_170_29_g16530/Y     -       A1->Y  R     OAI21x1_ASAP7_75t_SL       1  3.2    32    20     550    (-,-) 
  BF1_1_mul_170_29_g16510/Y     -       A->Y   R     XOR2x1_ASAP7_75t_SL        1  2.1    31    19     569    (-,-) 
  BF1_1_barrett_datai_reg[42]/D -       -      R     DFFHQx4_ASAP7_75t_SL       1    -     -     0     569    (-,-) 
#-------------------------------------------------------------------------------------------------------------------



Path 6: VIOLATED (-34 ps) Setup Check with Pin BF1_1_barrett_datai_reg[42]/CLK->D
          Group: clk
     Startpoint: (R) BF1_1_modei_reg[2]/CLK
          Clock: (R) clk
       Endpoint: (R) BF1_1_barrett_datai_reg[42]/D
          Clock: (R) clk

                     Capture       Launch     
        Clock Edge:+     573            0     
       Src Latency:+       0            0     
       Net Latency:+       0 (I)        0 (I) 
           Arrival:=     573            0     
                                              
             Setup:-      10                  
       Uncertainty:-      29                  
     Required Time:=     535                  
      Launch Clock:-       0                  
         Data Path:-     569                  
             Slack:=     -34                  

#-------------------------------------------------------------------------------------------------------------------
#         Timing Point          Flags    Arc   Edge         Cell           Fanout Load Trans Delay Arrival Instance 
#                                                                                 (fF)  (ps)  (ps)   (ps)  Location 
#-------------------------------------------------------------------------------------------------------------------
  BF1_1_modei_reg[2]/CLK        -       -      R     (arrival)               2365    -     0     0       0    (-,-) 
  BF1_1_modei_reg[2]/Q          -       CLK->Q F     DFFHQx4_ASAP7_75t_SL       2  5.4    12    45      45    (-,-) 
  g47620/Y                      -       A->Y   R     INVx3_ASAP7_75t_SL         1  2.6    10     7      52    (-,-) 
  g47526__6417/Y                -       A->Y   R     AND3x4_ASAP7_75t_SL        1  6.5    18    22      73    (-,-) 
  g47450/Y                      -       A->Y   F     INVx8_ASAP7_75t_SL         6 19.6    19    11      84    (-,-) 
  g61408/Y                      -       A->Y   F     BUFx6f_ASAP7_75t_SL        5 13.1    16    19     104    (-,-) 
  g61399/Y                      -       A->Y   F     BUFx12f_ASAP7_75t_SL      14 21.7    16    18     122    (-,-) 
  g61400/Y                      -       A->Y   R     INVx4_ASAP7_75t_SL         4  6.1    15    10     132    (-,-) 
  g60432/Y                      -       A1->Y  R     AO22x2_ASAP7_75t_SL        1  4.0    20    21     152    (-,-) 
  fopt70413/Y                   -       A->Y   R     BUFx12f_ASAP7_75t_SL      13 25.3    20    19     172    (-,-) 
  fopt70412/Y                   -       A->Y   F     INVx8_ASAP7_75t_SL         5  9.0    12     7     179    (-,-) 
  BF1_1_mul_170_29_g18367/Y     -       B2->Y  F     AO22x2_ASAP7_75t_SL        2  4.0    18    22     202    (-,-) 
  BF1_1_mul_170_29_g18190/Y     -       A1->Y  R     AOI22x1_ASAP7_75t_SL       2  4.3    40    21     223    (-,-) 
  BF1_1_mul_170_29_g17715/Y     -       B->Y   F     XNOR2x2_ASAP7_75t_SL       1  2.5    13    28     250    (-,-) 
  BF1_1_mul_170_29_g17486/Y     -       A->Y   R     XOR2x2_ASAP7_75t_SL        2  4.0    18    28     278    (-,-) 
  BF1_1_mul_170_29_g17328/Y     -       B->Y   F     XOR2x2_ASAP7_75t_SL        1  3.2    15    21     299    (-,-) 
  BF1_1_mul_170_29_g17173/Y     -       B->Y   F     XNOR2x1_ASAP7_75t_SL       2  3.9    25    21     320    (-,-) 
  BF1_1_mul_170_29_g16994/Y     -       A->Y   F     XOR2x2_ASAP7_75t_SL        2  4.5    18    27     347    (-,-) 
  BF1_1_mul_170_29_g16977/Y     -       A->Y   R     INVx2_ASAP7_75t_SL         1  2.1    12     8     355    (-,-) 
  BF1_1_mul_170_29_g16873/Y     -       A->Y   R     MAJx2_ASAP7_75t_SL         2  4.3    20    22     377    (-,-) 
  BF1_1_mul_170_29_g16776/Y     -       B->Y   F     XNOR2x2_ASAP7_75t_SL       1  2.6    13    26     403    (-,-) 
  BF1_1_mul_170_29_g16698/Y     -       B->Y   F     XOR2x2_ASAP7_75t_SL        2  4.4    18    23     426    (-,-) 
  BF1_1_mul_170_29_g19130/Y     -       A->Y   F     OR2x6_ASAP7_75t_SL         2  4.6    12    21     447    (-,-) 
  BF1_1_mul_170_29_g16604/Y     -       A2->Y  R     OAI21x1_ASAP7_75t_SL       1  2.1    21    12     459    (-,-) 
  BF1_1_mul_170_29_g16580/Y     -       B->Y   R     AO21x2_ASAP7_75t_SL        2  3.7    17    18     476    (-,-) 
  BF1_1_mul_170_29_g16556/Y     -       A2->Y  F     AOI221x1_ASAP7_75t_SL      1  2.6    40    20     496    (-,-) 
  BF1_1_mul_170_29_g16544/Y     -       B->Y   F     AND2x6_ASAP7_75t_SL       14 26.7    30    34     530    (-,-) 
  BF1_1_mul_170_29_g16530/Y     -       A1->Y  R     OAI21x1_ASAP7_75t_SL       1  3.2    32    20     550    (-,-) 
  BF1_1_mul_170_29_g16510/Y     -       A->Y   R     XOR2x1_ASAP7_75t_SL        1  2.1    31    19     569    (-,-) 
  BF1_1_barrett_datai_reg[42]/D -       -      R     DFFHQx4_ASAP7_75t_SL       1    -     -     0     569    (-,-) 
#-------------------------------------------------------------------------------------------------------------------



Path 7: VIOLATED (-34 ps) Setup Check with Pin BF1_1_barrett_datai_reg[44]/CLK->D
          Group: clk
     Startpoint: (R) BF1_1_modei_reg[2]/CLK
          Clock: (R) clk
       Endpoint: (R) BF1_1_barrett_datai_reg[44]/D
          Clock: (R) clk

                     Capture       Launch     
        Clock Edge:+     573            0     
       Src Latency:+       0            0     
       Net Latency:+       0 (I)        0 (I) 
           Arrival:=     573            0     
                                              
             Setup:-      10                  
       Uncertainty:-      29                  
     Required Time:=     534                  
      Launch Clock:-       0                  
         Data Path:-     569                  
             Slack:=     -34                  

#------------------------------------------------------------------------------------------------------------------------
#         Timing Point          Flags    Arc   Edge            Cell             Fanout Load Trans Delay Arrival Instance 
#                                                                                      (fF)  (ps)  (ps)   (ps)  Location 
#------------------------------------------------------------------------------------------------------------------------
  BF1_1_modei_reg[2]/CLK        -       -      R     (arrival)                    2365    -     0     0       0    (-,-) 
  BF1_1_modei_reg[2]/Q          -       CLK->Q F     DFFHQx4_ASAP7_75t_SL            2  5.4    12    45      45    (-,-) 
  g47620/Y                      -       A->Y   R     INVx3_ASAP7_75t_SL              1  2.6    10     7      52    (-,-) 
  g47526__6417/Y                -       A->Y   R     AND3x4_ASAP7_75t_SL             1  6.5    18    22      73    (-,-) 
  g47450/Y                      -       A->Y   F     INVx8_ASAP7_75t_SL              6 19.6    19    11      84    (-,-) 
  g61454/Y                      -       A->Y   R     INVx11_ASAP7_75t_SL             4 20.5    19    12      97    (-,-) 
  g61447/Y                      -       A->Y   R     BUFx12f_ASAP7_75t_SL           13 19.6    17    18     114    (-,-) 
  g61445/Y                      -       A->Y   F     INVx3_ASAP7_75t_SL              4  6.1    15    10     124    (-,-) 
  g60891/Y                      -       B->Y   F     AND2x2_ASAP7_75t_SL             1  2.6    13    17     141    (-,-) 
  g60378/Y                      -       A->Y   F     OR2x6_ASAP7_75t_SL             11 20.6    26    28     169    (-,-) 
  BF1_1_mul_170_29_g18954/Y     -       A->Y   R     INVx8_ASAP7_75t_SL              9 13.3    19    12     182    (-,-) 
  BF1_1_mul_170_29_g18448/Y     -       A2->Y  R     OA22x2_ASAP7_75t_SL             2  3.5    18    21     203    (-,-) 
  BF1_1_mul_170_29_g17940/Y     -       A2->Y  F     OAI22xp5_ASAP7_75t_SL           2  3.8    54    23     225    (-,-) 
  BF1_1_mul_170_29_g17709/Y     -       A->Y   F     XNOR2xp5_ASAP7_75t_L            1  2.5    40    36     261    (-,-) 
  BF1_1_mul_170_29_g17475/Y     -       A->Y   F     XOR2x2_ASAP7_75t_SL             2  3.9    18    29     290    (-,-) 
  BF1_1_mul_170_29_g17277/Y     -       A->Y   R     MAJIxp5_ASAP7_75t_SL            2  4.5    65    33     323    (-,-) 
  BF1_1_mul_170_29_g17129/Y     -       B->Y   F     XOR2xp5_ASAP7_75t_SL            1  2.6    44    24     348    (-,-) 
  BF1_1_mul_170_29_g17027/Y     -       B->Y   R     XOR2x2_ASAP7_75t_SL             2  3.8    19    34     382    (-,-) 
  BF1_1_mul_170_29_g16912/Y     -       A->Y   F     XOR2x2_ASAP7_75t_SL             1  3.2    15    22     404    (-,-) 
  BF1_1_mul_170_29_g16821/Y     -       A->Y   F     XNOR2x1_ASAP7_75t_SL            2  3.4    23    20     424    (-,-) 
  BF1_1_mul_170_29_g16785/Y     -       B->Y   F     OR2x2_ASAP7_75t_SL              3  5.2    20    25     448    (-,-) 
  BF1_1_mul_170_29_g16701/Y     -       A1->Y  R     OAI21x1_ASAP7_75t_SL            2  3.4    30    18     466    (-,-) 
  BF1_1_mul_170_29_g16585/Y     -       A2->Y  F     A2O1A1O1Ixp25_ASAP7_75t_SL      1  2.1    42    22     488    (-,-) 
  BF1_1_mul_170_29_g16562/Y     -       B->Y   F     OA21x2_ASAP7_75t_SL             6  8.8    28    29     517    (-,-) 
  BF1_1_mul_170_29_g16543/Y     -       A2->Y  F     OA21x2_ASAP7_75t_SL             1  2.8    14    23     540    (-,-) 
  BF1_1_mul_170_29_g16529/Y     -       B->Y   R     OAI21x1_ASAP7_75t_SL            1  3.2    32    10     550    (-,-) 
  BF1_1_mul_170_29_g16507/Y     -       A->Y   R     XOR2x1_ASAP7_75t_SL             1  2.1    32    19     569    (-,-) 
  BF1_1_barrett_datai_reg[44]/D -       -      R     DFFHQx4_ASAP7_75t_SL            1    -     -     0     569    (-,-) 
#------------------------------------------------------------------------------------------------------------------------



Path 8: VIOLATED (-34 ps) Setup Check with Pin BF1_1_barrett_datai_reg[44]/CLK->D
          Group: clk
     Startpoint: (R) BF1_1_modei_reg[2]/CLK
          Clock: (R) clk
       Endpoint: (R) BF1_1_barrett_datai_reg[44]/D
          Clock: (R) clk

                     Capture       Launch     
        Clock Edge:+     573            0     
       Src Latency:+       0            0     
       Net Latency:+       0 (I)        0 (I) 
           Arrival:=     573            0     
                                              
             Setup:-      10                  
       Uncertainty:-      29                  
     Required Time:=     534                  
      Launch Clock:-       0                  
         Data Path:-     569                  
             Slack:=     -34                  

#-------------------------------------------------------------------------------------------------------------------
#         Timing Point          Flags    Arc   Edge         Cell           Fanout Load Trans Delay Arrival Instance 
#                                                                                 (fF)  (ps)  (ps)   (ps)  Location 
#-------------------------------------------------------------------------------------------------------------------
  BF1_1_modei_reg[2]/CLK        -       -      R     (arrival)               2365    -     0     0       0    (-,-) 
  BF1_1_modei_reg[2]/Q          -       CLK->Q F     DFFHQx4_ASAP7_75t_SL       2  5.4    12    45      45    (-,-) 
  g47620/Y                      -       A->Y   R     INVx3_ASAP7_75t_SL         1  2.6    10     7      52    (-,-) 
  g47526__6417/Y                -       A->Y   R     AND3x4_ASAP7_75t_SL        1  6.5    18    22      73    (-,-) 
  g47450/Y                      -       A->Y   F     INVx8_ASAP7_75t_SL         6 19.6    19    11      84    (-,-) 
  g61408/Y                      -       A->Y   F     BUFx6f_ASAP7_75t_SL        5 13.1    16    19     104    (-,-) 
  g61407/Y                      -       A->Y   R     INVx4_ASAP7_75t_SL         9 14.0    27    16     120    (-,-) 
  g60430/Y                      -       A2->Y  R     AO22x2_ASAP7_75t_SL        1  2.8    16    22     142    (-,-) 
  g60357/Y                      -       A->Y   R     BUFx10_ASAP7_75t_SL       14 25.9    24    24     165    (-,-) 
  BF1_1_mul_170_29_g18953/Y     -       A->Y   F     INVx8_ASAP7_75t_SL         9 13.4    16    10     175    (-,-) 
  BF1_1_mul_170_29_g18654/Y     -       B2->Y  F     AO22x1_ASAP7_75t_SL        2  3.5    26    26     201    (-,-) 
  BF1_1_mul_170_29_g17992/Y     -       B1->Y  R     AOI22xp5_ASAP7_75t_SL      2  5.0    75    37     239    (-,-) 
  BF1_1_mul_170_29_g17799/Y     -       B->Y   R     XNOR2x1_ASAP7_75t_SL       1  2.4    34    20     259    (-,-) 
  BF1_1_mul_170_29_g17555/Y     -       A->Y   F     XOR2x2_ASAP7_75t_SL        2  4.2    18    24     284    (-,-) 
  BF1_1_mul_170_29_g17304/Y     -       C->Y   F     MAJx2_ASAP7_75t_SL         2  5.1    20    26     309    (-,-) 
  BF1_1_mul_170_29_g17127/Y     -       B->Y   F     XNOR2x1_ASAP7_75t_SL       1  3.2    23    21     330    (-,-) 
  BF1_1_mul_170_29_g17030/Y     -       A->Y   F     XNOR2x1_ASAP7_75t_SL       2  3.9    26    22     352    (-,-) 
  BF1_1_mul_170_29_g16876/Y     -       A->Y   R     XOR2x2_ASAP7_75t_SL        2  4.9    21    32     384    (-,-) 
  BF1_1_mul_170_29_g16782/Y     -       A->Y   R     XNOR2x1_ASAP7_75t_SL       1  2.4    24    19     403    (-,-) 
  BF1_1_mul_170_29_g16702/Y     -       A->Y   F     XOR2x2_ASAP7_75t_SL        2  4.9    19    25     427    (-,-) 
  BF1_1_mul_170_29_g16640/Y     -       B->Y   R     NOR2x1_ASAP7_75t_SL        2  3.3    27    16     443    (-,-) 
  BF1_1_mul_170_29_g16607/Y     -       B->Y   R     AO21x2_ASAP7_75t_SL        2  3.4    16    18     461    (-,-) 
  BF1_1_mul_170_29_g16572/Y     -       A2->Y  R     AO21x2_ASAP7_75t_SL        1  2.4    13    18     478    (-,-) 
  BF1_1_mul_170_29_g16556/Y     -       B2->Y  F     AOI221x1_ASAP7_75t_SL      1  2.6    40    18     496    (-,-) 
  BF1_1_mul_170_29_g16544/Y     -       B->Y   F     AND2x6_ASAP7_75t_SL       14 26.7    30    34     530    (-,-) 
  BF1_1_mul_170_29_g16529/Y     -       A1->Y  R     OAI21x1_ASAP7_75t_SL       1  3.2    32    20     550    (-,-) 
  BF1_1_mul_170_29_g16507/Y     -       A->Y   R     XOR2x1_ASAP7_75t_SL        1  2.1    32    19     569    (-,-) 
  BF1_1_barrett_datai_reg[44]/D -       -      R     DFFHQx4_ASAP7_75t_SL       1    -     -     0     569    (-,-) 
#-------------------------------------------------------------------------------------------------------------------



Path 9: VIOLATED (-34 ps) Setup Check with Pin BF1_1_barrett_datai_reg[44]/CLK->D
          Group: clk
     Startpoint: (R) BF1_1_modei_reg[2]/CLK
          Clock: (R) clk
       Endpoint: (R) BF1_1_barrett_datai_reg[44]/D
          Clock: (R) clk

                     Capture       Launch     
        Clock Edge:+     573            0     
       Src Latency:+       0            0     
       Net Latency:+       0 (I)        0 (I) 
           Arrival:=     573            0     
                                              
             Setup:-      10                  
       Uncertainty:-      29                  
     Required Time:=     534                  
      Launch Clock:-       0                  
         Data Path:-     569                  
             Slack:=     -34                  

#-------------------------------------------------------------------------------------------------------------------
#         Timing Point          Flags    Arc   Edge         Cell           Fanout Load Trans Delay Arrival Instance 
#                                                                                 (fF)  (ps)  (ps)   (ps)  Location 
#-------------------------------------------------------------------------------------------------------------------
  BF1_1_modei_reg[2]/CLK        -       -      R     (arrival)               2365    -     0     0       0    (-,-) 
  BF1_1_modei_reg[2]/Q          -       CLK->Q F     DFFHQx4_ASAP7_75t_SL       2  5.4    12    45      45    (-,-) 
  g47620/Y                      -       A->Y   R     INVx3_ASAP7_75t_SL         1  2.6    10     7      52    (-,-) 
  g47526__6417/Y                -       A->Y   R     AND3x4_ASAP7_75t_SL        1  6.5    18    22      73    (-,-) 
  g47450/Y                      -       A->Y   F     INVx8_ASAP7_75t_SL         6 19.6    19    11      84    (-,-) 
  g61408/Y                      -       A->Y   F     BUFx6f_ASAP7_75t_SL        5 13.1    16    19     104    (-,-) 
  g61404/Y                      -       A->Y   F     BUFx12f_ASAP7_75t_SL      11 16.6    13    17     121    (-,-) 
  g60443/Y                      -       B2->Y  F     AO22x2_ASAP7_75t_SL        1  2.8    14    21     142    (-,-) 
  g60370/Y                      -       A->Y   F     BUFx10_ASAP7_75t_SL       12 21.1    18    22     164    (-,-) 
  BF1_1_mul_170_29_g18959/Y     -       A->Y   R     INVx6_ASAP7_75t_SL         9 13.5    20    13     177    (-,-) 
  BF1_1_mul_170_29_g18781/Y     -       B->Y   F     NAND2x1_ASAP7_75t_SL       1  2.5    25    11     188    (-,-) 
  BF1_1_mul_170_29_g18349/Y     -       A->Y   R     NAND2x1_ASAP7_75t_SL       2  3.5    34    21     209    (-,-) 
  BF1_1_mul_170_29_g18270/Y     -       A->Y   F     INVx1_ASAP7_75t_SL         1  1.9    19    11     220    (-,-) 
  BF1_1_mul_170_29_g17884/Y     -       A2->Y  F     AO22x1_ASAP7_75t_SL        2  3.9    26    27     247    (-,-) 
  BF1_1_mul_170_29_g17594/Y     -       A->Y   R     MAJIxp5_ASAP7_75t_SL       2  5.1    78    38     285    (-,-) 
  BF1_1_mul_170_29_g17331/Y     -       B->Y   R     XNOR2x1_ASAP7_75t_SL       1  3.1    38    22     307    (-,-) 
  BF1_1_mul_170_29_g17178/Y     -       A->Y   R     XNOR2x1_ASAP7_75t_SL       2  3.9    37    24     330    (-,-) 
  BF1_1_mul_170_29_g17054/Y     -       A->Y   F     XNOR2x2_ASAP7_75t_SL       1  2.6    14    29     359    (-,-) 
  BF1_1_mul_170_29_g19154/Y     -       A->Y   R     XNOR2x2_ASAP7_75t_SL       2  5.0    21    26     385    (-,-) 
  BF1_1_mul_170_29_g16778/Y     -       A->Y   R     XNOR2x1_ASAP7_75t_SL       1  2.4    24    19     404    (-,-) 
  BF1_1_mul_170_29_g16700/Y     -       A->Y   F     XOR2x2_ASAP7_75t_SL        2  3.9    16    23     427    (-,-) 
  BF1_1_mul_170_29_g16663/Y     -       B->Y   F     AND2x4_ASAP7_75t_SL        3  7.0    14    18     446    (-,-) 
  BF1_1_mul_170_29_g16604/Y     -       A1->Y  R     OAI21x1_ASAP7_75t_SL       1  2.1    21    13     458    (-,-) 
  BF1_1_mul_170_29_g16580/Y     -       B->Y   R     AO21x2_ASAP7_75t_SL        2  3.7    17    18     476    (-,-) 
  BF1_1_mul_170_29_g16556/Y     -       A2->Y  F     AOI221x1_ASAP7_75t_SL      1  2.6    40    20     496    (-,-) 
  BF1_1_mul_170_29_g16544/Y     -       B->Y   F     AND2x6_ASAP7_75t_SL       14 26.7    30    34     530    (-,-) 
  BF1_1_mul_170_29_g16529/Y     -       A1->Y  R     OAI21x1_ASAP7_75t_SL       1  3.2    32    20     550    (-,-) 
  BF1_1_mul_170_29_g16507/Y     -       A->Y   R     XOR2x1_ASAP7_75t_SL        1  2.1    32    19     569    (-,-) 
  BF1_1_barrett_datai_reg[44]/D -       -      R     DFFHQx4_ASAP7_75t_SL       1    -     -     0     569    (-,-) 
#-------------------------------------------------------------------------------------------------------------------



Path 10: VIOLATED (-34 ps) Setup Check with Pin BF1_1_barrett_datai_reg[43]/CLK->D
          Group: clk
     Startpoint: (R) BF1_1_modei_reg[2]/CLK
          Clock: (R) clk
       Endpoint: (R) BF1_1_barrett_datai_reg[43]/D
          Clock: (R) clk

                     Capture       Launch     
        Clock Edge:+     573            0     
       Src Latency:+       0            0     
       Net Latency:+       0 (I)        0 (I) 
           Arrival:=     573            0     
                                              
             Setup:-      10                  
       Uncertainty:-      29                  
     Required Time:=     535                  
      Launch Clock:-       0                  
         Data Path:-     569                  
             Slack:=     -34                  

#------------------------------------------------------------------------------------------------------------------------
#         Timing Point          Flags    Arc   Edge            Cell             Fanout Load Trans Delay Arrival Instance 
#                                                                                      (fF)  (ps)  (ps)   (ps)  Location 
#------------------------------------------------------------------------------------------------------------------------
  BF1_1_modei_reg[2]/CLK        -       -      R     (arrival)                    2365    -     0     0       0    (-,-) 
  BF1_1_modei_reg[2]/Q          -       CLK->Q F     DFFHQx4_ASAP7_75t_SL            2  5.4    12    45      45    (-,-) 
  g47620/Y                      -       A->Y   R     INVx3_ASAP7_75t_SL              1  2.6    10     7      52    (-,-) 
  g47526__6417/Y                -       A->Y   R     AND3x4_ASAP7_75t_SL             1  6.5    18    22      73    (-,-) 
  g47450/Y                      -       A->Y   F     INVx8_ASAP7_75t_SL              6 19.6    19    11      84    (-,-) 
  g61454/Y                      -       A->Y   R     INVx11_ASAP7_75t_SL             4 20.5    19    12      97    (-,-) 
  g61447/Y                      -       A->Y   R     BUFx12f_ASAP7_75t_SL           13 19.6    17    18     114    (-,-) 
  g61445/Y                      -       A->Y   F     INVx3_ASAP7_75t_SL              4  6.1    15    10     124    (-,-) 
  g60891/Y                      -       B->Y   F     AND2x2_ASAP7_75t_SL             1  2.6    13    17     141    (-,-) 
  g60378/Y                      -       A->Y   F     OR2x6_ASAP7_75t_SL             11 20.6    26    28     169    (-,-) 
  BF1_1_mul_170_29_g18954/Y     -       A->Y   R     INVx8_ASAP7_75t_SL              9 13.3    19    12     182    (-,-) 
  BF1_1_mul_170_29_g18448/Y     -       A2->Y  R     OA22x2_ASAP7_75t_SL             2  3.5    18    21     203    (-,-) 
  BF1_1_mul_170_29_g17940/Y     -       A2->Y  F     OAI22xp5_ASAP7_75t_SL           2  3.8    54    23     225    (-,-) 
  BF1_1_mul_170_29_g17709/Y     -       A->Y   F     XNOR2xp5_ASAP7_75t_L            1  2.5    40    36     261    (-,-) 
  BF1_1_mul_170_29_g17475/Y     -       A->Y   F     XOR2x2_ASAP7_75t_SL             2  3.9    18    29     290    (-,-) 
  BF1_1_mul_170_29_g17277/Y     -       A->Y   R     MAJIxp5_ASAP7_75t_SL            2  4.5    65    33     323    (-,-) 
  BF1_1_mul_170_29_g17129/Y     -       B->Y   F     XOR2xp5_ASAP7_75t_SL            1  2.6    44    24     348    (-,-) 
  BF1_1_mul_170_29_g17027/Y     -       B->Y   R     XOR2x2_ASAP7_75t_SL             2  3.8    19    34     382    (-,-) 
  BF1_1_mul_170_29_g16912/Y     -       A->Y   F     XOR2x2_ASAP7_75t_SL             1  3.2    15    22     404    (-,-) 
  BF1_1_mul_170_29_g16821/Y     -       A->Y   F     XNOR2x1_ASAP7_75t_SL            2  3.4    23    20     424    (-,-) 
  BF1_1_mul_170_29_g16785/Y     -       B->Y   F     OR2x2_ASAP7_75t_SL              3  5.2    20    25     448    (-,-) 
  BF1_1_mul_170_29_g16701/Y     -       A1->Y  R     OAI21x1_ASAP7_75t_SL            2  3.4    30    18     466    (-,-) 
  BF1_1_mul_170_29_g16585/Y     -       A2->Y  F     A2O1A1O1Ixp25_ASAP7_75t_SL      1  2.1    42    22     488    (-,-) 
  BF1_1_mul_170_29_g16562/Y     -       B->Y   F     OA21x2_ASAP7_75t_SL             6  8.8    28    29     517    (-,-) 
  BF1_1_mul_170_29_g16542/Y     -       A2->Y  F     OA21x2_ASAP7_75t_SL             1  2.8    14    23     540    (-,-) 
  BF1_1_mul_170_29_g16534/Y     -       B->Y   R     OAI21x1_ASAP7_75t_SL            1  3.2    32    10     550    (-,-) 
  BF1_1_mul_170_29_g16508/Y     -       A->Y   R     XOR2x1_ASAP7_75t_SL             1  2.1    31    19     569    (-,-) 
  BF1_1_barrett_datai_reg[43]/D -       -      R     DFFHQx4_ASAP7_75t_SL            1    -     -     0     569    (-,-) 
#------------------------------------------------------------------------------------------------------------------------



Path 11: VIOLATED (-34 ps) Setup Check with Pin BF1_1_barrett_datai_reg[43]/CLK->D
          Group: clk
     Startpoint: (R) BF1_1_modei_reg[2]/CLK
          Clock: (R) clk
       Endpoint: (R) BF1_1_barrett_datai_reg[43]/D
          Clock: (R) clk

                     Capture       Launch     
        Clock Edge:+     573            0     
       Src Latency:+       0            0     
       Net Latency:+       0 (I)        0 (I) 
           Arrival:=     573            0     
                                              
             Setup:-      10                  
       Uncertainty:-      29                  
     Required Time:=     535                  
      Launch Clock:-       0                  
         Data Path:-     569                  
             Slack:=     -34                  

#-------------------------------------------------------------------------------------------------------------------
#         Timing Point          Flags    Arc   Edge         Cell           Fanout Load Trans Delay Arrival Instance 
#                                                                                 (fF)  (ps)  (ps)   (ps)  Location 
#-------------------------------------------------------------------------------------------------------------------
  BF1_1_modei_reg[2]/CLK        -       -      R     (arrival)               2365    -     0     0       0    (-,-) 
  BF1_1_modei_reg[2]/Q          -       CLK->Q F     DFFHQx4_ASAP7_75t_SL       2  5.4    12    45      45    (-,-) 
  g47620/Y                      -       A->Y   R     INVx3_ASAP7_75t_SL         1  2.6    10     7      52    (-,-) 
  g47526__6417/Y                -       A->Y   R     AND3x4_ASAP7_75t_SL        1  6.5    18    22      73    (-,-) 
  g47450/Y                      -       A->Y   F     INVx8_ASAP7_75t_SL         6 19.6    19    11      84    (-,-) 
  g61408/Y                      -       A->Y   F     BUFx6f_ASAP7_75t_SL        5 13.1    16    19     104    (-,-) 
  g61407/Y                      -       A->Y   R     INVx4_ASAP7_75t_SL         9 14.0    27    16     120    (-,-) 
  g60430/Y                      -       A2->Y  R     AO22x2_ASAP7_75t_SL        1  2.8    16    22     142    (-,-) 
  g60357/Y                      -       A->Y   R     BUFx10_ASAP7_75t_SL       14 25.9    24    24     165    (-,-) 
  BF1_1_mul_170_29_g18953/Y     -       A->Y   F     INVx8_ASAP7_75t_SL         9 13.4    16    10     175    (-,-) 
  BF1_1_mul_170_29_g18654/Y     -       B2->Y  F     AO22x1_ASAP7_75t_SL        2  3.5    26    26     201    (-,-) 
  BF1_1_mul_170_29_g17992/Y     -       B1->Y  R     AOI22xp5_ASAP7_75t_SL      2  5.0    75    37     239    (-,-) 
  BF1_1_mul_170_29_g17799/Y     -       B->Y   R     XNOR2x1_ASAP7_75t_SL       1  2.4    34    20     259    (-,-) 
  BF1_1_mul_170_29_g17555/Y     -       A->Y   F     XOR2x2_ASAP7_75t_SL        2  4.2    18    24     284    (-,-) 
  BF1_1_mul_170_29_g17304/Y     -       C->Y   F     MAJx2_ASAP7_75t_SL         2  5.1    20    26     309    (-,-) 
  BF1_1_mul_170_29_g17127/Y     -       B->Y   F     XNOR2x1_ASAP7_75t_SL       1  3.2    23    21     330    (-,-) 
  BF1_1_mul_170_29_g17030/Y     -       A->Y   F     XNOR2x1_ASAP7_75t_SL       2  3.9    26    22     352    (-,-) 
  BF1_1_mul_170_29_g16876/Y     -       A->Y   R     XOR2x2_ASAP7_75t_SL        2  4.9    21    32     384    (-,-) 
  BF1_1_mul_170_29_g16782/Y     -       A->Y   R     XNOR2x1_ASAP7_75t_SL       1  2.4    24    19     403    (-,-) 
  BF1_1_mul_170_29_g16702/Y     -       A->Y   F     XOR2x2_ASAP7_75t_SL        2  4.9    19    25     427    (-,-) 
  BF1_1_mul_170_29_g16640/Y     -       B->Y   R     NOR2x1_ASAP7_75t_SL        2  3.3    27    16     443    (-,-) 
  BF1_1_mul_170_29_g16607/Y     -       B->Y   R     AO21x2_ASAP7_75t_SL        2  3.4    16    18     461    (-,-) 
  BF1_1_mul_170_29_g16572/Y     -       A2->Y  R     AO21x2_ASAP7_75t_SL        1  2.4    13    18     478    (-,-) 
  BF1_1_mul_170_29_g16556/Y     -       B2->Y  F     AOI221x1_ASAP7_75t_SL      1  2.6    40    18     496    (-,-) 
  BF1_1_mul_170_29_g16544/Y     -       B->Y   F     AND2x6_ASAP7_75t_SL       14 26.7    30    34     530    (-,-) 
  BF1_1_mul_170_29_g16534/Y     -       A1->Y  R     OAI21x1_ASAP7_75t_SL       1  3.2    32    20     550    (-,-) 
  BF1_1_mul_170_29_g16508/Y     -       A->Y   R     XOR2x1_ASAP7_75t_SL        1  2.1    31    19     569    (-,-) 
  BF1_1_barrett_datai_reg[43]/D -       -      R     DFFHQx4_ASAP7_75t_SL       1    -     -     0     569    (-,-) 
#-------------------------------------------------------------------------------------------------------------------



Path 12: VIOLATED (-34 ps) Setup Check with Pin BF1_1_barrett_datai_reg[43]/CLK->D
          Group: clk
     Startpoint: (R) BF1_1_modei_reg[2]/CLK
          Clock: (R) clk
       Endpoint: (R) BF1_1_barrett_datai_reg[43]/D
          Clock: (R) clk

                     Capture       Launch     
        Clock Edge:+     573            0     
       Src Latency:+       0            0     
       Net Latency:+       0 (I)        0 (I) 
           Arrival:=     573            0     
                                              
             Setup:-      10                  
       Uncertainty:-      29                  
     Required Time:=     535                  
      Launch Clock:-       0                  
         Data Path:-     569                  
             Slack:=     -34                  

#-------------------------------------------------------------------------------------------------------------------
#         Timing Point          Flags    Arc   Edge         Cell           Fanout Load Trans Delay Arrival Instance 
#                                                                                 (fF)  (ps)  (ps)   (ps)  Location 
#-------------------------------------------------------------------------------------------------------------------
  BF1_1_modei_reg[2]/CLK        -       -      R     (arrival)               2365    -     0     0       0    (-,-) 
  BF1_1_modei_reg[2]/Q          -       CLK->Q F     DFFHQx4_ASAP7_75t_SL       2  5.4    12    45      45    (-,-) 
  g47620/Y                      -       A->Y   R     INVx3_ASAP7_75t_SL         1  2.6    10     7      52    (-,-) 
  g47526__6417/Y                -       A->Y   R     AND3x4_ASAP7_75t_SL        1  6.5    18    22      73    (-,-) 
  g47450/Y                      -       A->Y   F     INVx8_ASAP7_75t_SL         6 19.6    19    11      84    (-,-) 
  g61408/Y                      -       A->Y   F     BUFx6f_ASAP7_75t_SL        5 13.1    16    19     104    (-,-) 
  g61404/Y                      -       A->Y   F     BUFx12f_ASAP7_75t_SL      11 16.6    13    17     121    (-,-) 
  g60443/Y                      -       B2->Y  F     AO22x2_ASAP7_75t_SL        1  2.8    14    21     142    (-,-) 
  g60370/Y                      -       A->Y   F     BUFx10_ASAP7_75t_SL       12 21.1    18    22     164    (-,-) 
  BF1_1_mul_170_29_g18959/Y     -       A->Y   R     INVx6_ASAP7_75t_SL         9 13.5    20    13     177    (-,-) 
  BF1_1_mul_170_29_g18781/Y     -       B->Y   F     NAND2x1_ASAP7_75t_SL       1  2.5    25    11     188    (-,-) 
  BF1_1_mul_170_29_g18349/Y     -       A->Y   R     NAND2x1_ASAP7_75t_SL       2  3.5    34    21     209    (-,-) 
  BF1_1_mul_170_29_g18270/Y     -       A->Y   F     INVx1_ASAP7_75t_SL         1  1.9    19    11     220    (-,-) 
  BF1_1_mul_170_29_g17884/Y     -       A2->Y  F     AO22x1_ASAP7_75t_SL        2  3.9    26    27     247    (-,-) 
  BF1_1_mul_170_29_g17594/Y     -       A->Y   R     MAJIxp5_ASAP7_75t_SL       2  5.1    78    38     285    (-,-) 
  BF1_1_mul_170_29_g17331/Y     -       B->Y   R     XNOR2x1_ASAP7_75t_SL       1  3.1    38    22     307    (-,-) 
  BF1_1_mul_170_29_g17178/Y     -       A->Y   R     XNOR2x1_ASAP7_75t_SL       2  3.9    37    24     330    (-,-) 
  BF1_1_mul_170_29_g17054/Y     -       A->Y   F     XNOR2x2_ASAP7_75t_SL       1  2.6    14    29     359    (-,-) 
  BF1_1_mul_170_29_g19154/Y     -       A->Y   R     XNOR2x2_ASAP7_75t_SL       2  5.0    21    26     385    (-,-) 
  BF1_1_mul_170_29_g16778/Y     -       A->Y   R     XNOR2x1_ASAP7_75t_SL       1  2.4    24    19     404    (-,-) 
  BF1_1_mul_170_29_g16700/Y     -       A->Y   F     XOR2x2_ASAP7_75t_SL        2  3.9    16    23     427    (-,-) 
  BF1_1_mul_170_29_g16663/Y     -       B->Y   F     AND2x4_ASAP7_75t_SL        3  7.0    14    18     446    (-,-) 
  BF1_1_mul_170_29_g16604/Y     -       A1->Y  R     OAI21x1_ASAP7_75t_SL       1  2.1    21    13     458    (-,-) 
  BF1_1_mul_170_29_g16580/Y     -       B->Y   R     AO21x2_ASAP7_75t_SL        2  3.7    17    18     476    (-,-) 
  BF1_1_mul_170_29_g16556/Y     -       A2->Y  F     AOI221x1_ASAP7_75t_SL      1  2.6    40    20     496    (-,-) 
  BF1_1_mul_170_29_g16544/Y     -       B->Y   F     AND2x6_ASAP7_75t_SL       14 26.7    30    34     530    (-,-) 
  BF1_1_mul_170_29_g16534/Y     -       A1->Y  R     OAI21x1_ASAP7_75t_SL       1  3.2    32    20     550    (-,-) 
  BF1_1_mul_170_29_g16508/Y     -       A->Y   R     XOR2x1_ASAP7_75t_SL        1  2.1    31    19     569    (-,-) 
  BF1_1_barrett_datai_reg[43]/D -       -      R     DFFHQx4_ASAP7_75t_SL       1    -     -     0     569    (-,-) 
#-------------------------------------------------------------------------------------------------------------------



Path 13: VIOLATED (-34 ps) Setup Check with Pin BF1_1_barrett_datai_reg[41]/CLK->D
          Group: clk
     Startpoint: (R) BF1_1_modei_reg[2]/CLK
          Clock: (R) clk
       Endpoint: (R) BF1_1_barrett_datai_reg[41]/D
          Clock: (R) clk

                     Capture       Launch     
        Clock Edge:+     573            0     
       Src Latency:+       0            0     
       Net Latency:+       0 (I)        0 (I) 
           Arrival:=     573            0     
                                              
             Setup:-      10                  
       Uncertainty:-      29                  
     Required Time:=     535                  
      Launch Clock:-       0                  
         Data Path:-     569                  
             Slack:=     -34                  

#-------------------------------------------------------------------------------------------------------------------
#         Timing Point          Flags    Arc   Edge         Cell           Fanout Load Trans Delay Arrival Instance 
#                                                                                 (fF)  (ps)  (ps)   (ps)  Location 
#-------------------------------------------------------------------------------------------------------------------
  BF1_1_modei_reg[2]/CLK        -       -      R     (arrival)               2365    -     0     0       0    (-,-) 
  BF1_1_modei_reg[2]/Q          -       CLK->Q F     DFFHQx4_ASAP7_75t_SL       2  5.4    12    45      45    (-,-) 
  g47620/Y                      -       A->Y   R     INVx3_ASAP7_75t_SL         1  2.6    10     7      52    (-,-) 
  g47526__6417/Y                -       A->Y   R     AND3x4_ASAP7_75t_SL        1  6.5    18    22      73    (-,-) 
  g47450/Y                      -       A->Y   F     INVx8_ASAP7_75t_SL         6 19.6    19    11      84    (-,-) 
  g61408/Y                      -       A->Y   F     BUFx6f_ASAP7_75t_SL        5 13.1    16    19     104    (-,-) 
  g61399/Y                      -       A->Y   F     BUFx12f_ASAP7_75t_SL      14 21.7    16    18     122    (-,-) 
  g61400/Y                      -       A->Y   R     INVx4_ASAP7_75t_SL         4  6.1    15    10     132    (-,-) 
  g60432/Y                      -       A1->Y  R     AO22x2_ASAP7_75t_SL        1  4.0    20    21     152    (-,-) 
  fopt70413/Y                   -       A->Y   R     BUFx12f_ASAP7_75t_SL      13 25.3    20    19     172    (-,-) 
  fopt70412/Y                   -       A->Y   F     INVx8_ASAP7_75t_SL         5  9.0    12     7     179    (-,-) 
  BF1_1_mul_170_29_g18367/Y     -       B2->Y  F     AO22x2_ASAP7_75t_SL        2  4.0    18    22     202    (-,-) 
  BF1_1_mul_170_29_g18190/Y     -       A1->Y  R     AOI22x1_ASAP7_75t_SL       2  4.3    40    21     223    (-,-) 
  BF1_1_mul_170_29_g17715/Y     -       B->Y   F     XNOR2x2_ASAP7_75t_SL       1  2.5    13    28     250    (-,-) 
  BF1_1_mul_170_29_g17486/Y     -       A->Y   R     XOR2x2_ASAP7_75t_SL        2  4.0    18    28     278    (-,-) 
  BF1_1_mul_170_29_g17328/Y     -       B->Y   F     XOR2x2_ASAP7_75t_SL        1  3.2    15    21     299    (-,-) 
  BF1_1_mul_170_29_g17173/Y     -       B->Y   F     XNOR2x1_ASAP7_75t_SL       2  3.9    25    21     320    (-,-) 
  BF1_1_mul_170_29_g16994/Y     -       A->Y   R     XOR2x2_ASAP7_75t_SL        2  4.4    20    31     351    (-,-) 
  BF1_1_mul_170_29_g16977/Y     -       A->Y   F     INVx2_ASAP7_75t_SL         1  2.1    11     7     358    (-,-) 
  BF1_1_mul_170_29_g16873/Y     -       A->Y   F     MAJx2_ASAP7_75t_SL         2  4.2    17    23     381    (-,-) 
  BF1_1_mul_170_29_g16776/Y     -       B->Y   R     XNOR2x2_ASAP7_75t_SL       1  2.6    14    23     404    (-,-) 
  BF1_1_mul_170_29_g16698/Y     -       B->Y   F     XOR2x2_ASAP7_75t_SL        2  4.4    18    22     426    (-,-) 
  BF1_1_mul_170_29_g19130/Y     -       A->Y   F     OR2x6_ASAP7_75t_SL         2  4.6    12    21     447    (-,-) 
  BF1_1_mul_170_29_g16604/Y     -       A2->Y  R     OAI21x1_ASAP7_75t_SL       1  2.1    21    12     459    (-,-) 
  BF1_1_mul_170_29_g16580/Y     -       B->Y   R     AO21x2_ASAP7_75t_SL        2  3.7    17    18     476    (-,-) 
  BF1_1_mul_170_29_g16556/Y     -       A2->Y  F     AOI221x1_ASAP7_75t_SL      1  2.6    40    20     496    (-,-) 
  BF1_1_mul_170_29_g16544/Y     -       B->Y   F     AND2x6_ASAP7_75t_SL       14 26.7    30    34     530    (-,-) 
  BF1_1_mul_170_29_g16532/Y     -       A1->Y  R     OAI21x1_ASAP7_75t_SL       1  3.2    32    20     550    (-,-) 
  BF1_1_mul_170_29_g16505/Y     -       A->Y   R     XOR2x1_ASAP7_75t_SL        1  2.1    30    19     569    (-,-) 
  BF1_1_barrett_datai_reg[41]/D -       -      R     DFFHQx4_ASAP7_75t_SL       1    -     -     0     569    (-,-) 
#-------------------------------------------------------------------------------------------------------------------



Path 14: VIOLATED (-34 ps) Setup Check with Pin BF1_1_barrett_datai_reg[41]/CLK->D
          Group: clk
     Startpoint: (R) BF1_1_modei_reg[2]/CLK
          Clock: (R) clk
       Endpoint: (R) BF1_1_barrett_datai_reg[41]/D
          Clock: (R) clk

                     Capture       Launch     
        Clock Edge:+     573            0     
       Src Latency:+       0            0     
       Net Latency:+       0 (I)        0 (I) 
           Arrival:=     573            0     
                                              
             Setup:-      10                  
       Uncertainty:-      29                  
     Required Time:=     535                  
      Launch Clock:-       0                  
         Data Path:-     569                  
             Slack:=     -34                  

#-------------------------------------------------------------------------------------------------------------------
#         Timing Point          Flags    Arc   Edge         Cell           Fanout Load Trans Delay Arrival Instance 
#                                                                                 (fF)  (ps)  (ps)   (ps)  Location 
#-------------------------------------------------------------------------------------------------------------------
  BF1_1_modei_reg[2]/CLK        -       -      R     (arrival)               2365    -     0     0       0    (-,-) 
  BF1_1_modei_reg[2]/Q          -       CLK->Q F     DFFHQx4_ASAP7_75t_SL       2  5.4    12    45      45    (-,-) 
  g47620/Y                      -       A->Y   R     INVx3_ASAP7_75t_SL         1  2.6    10     7      52    (-,-) 
  g47526__6417/Y                -       A->Y   R     AND3x4_ASAP7_75t_SL        1  6.5    18    22      73    (-,-) 
  g47450/Y                      -       A->Y   F     INVx8_ASAP7_75t_SL         6 19.6    19    11      84    (-,-) 
  g61408/Y                      -       A->Y   F     BUFx6f_ASAP7_75t_SL        5 13.1    16    19     104    (-,-) 
  g61399/Y                      -       A->Y   F     BUFx12f_ASAP7_75t_SL      14 21.7    16    18     122    (-,-) 
  g61400/Y                      -       A->Y   R     INVx4_ASAP7_75t_SL         4  6.1    15    10     132    (-,-) 
  g60432/Y                      -       A1->Y  R     AO22x2_ASAP7_75t_SL        1  4.0    20    21     152    (-,-) 
  fopt70413/Y                   -       A->Y   R     BUFx12f_ASAP7_75t_SL      13 25.3    20    19     172    (-,-) 
  fopt70412/Y                   -       A->Y   F     INVx8_ASAP7_75t_SL         5  9.0    12     7     179    (-,-) 
  BF1_1_mul_170_29_g18367/Y     -       B2->Y  F     AO22x2_ASAP7_75t_SL        2  4.0    18    22     202    (-,-) 
  BF1_1_mul_170_29_g18190/Y     -       A1->Y  R     AOI22x1_ASAP7_75t_SL       2  4.3    40    21     223    (-,-) 
  BF1_1_mul_170_29_g17715/Y     -       B->Y   F     XNOR2x2_ASAP7_75t_SL       1  2.5    13    28     250    (-,-) 
  BF1_1_mul_170_29_g17486/Y     -       A->Y   R     XOR2x2_ASAP7_75t_SL        2  4.0    18    28     278    (-,-) 
  BF1_1_mul_170_29_g17328/Y     -       B->Y   F     XOR2x2_ASAP7_75t_SL        1  3.2    15    21     299    (-,-) 
  BF1_1_mul_170_29_g17173/Y     -       B->Y   F     XNOR2x1_ASAP7_75t_SL       2  3.9    25    21     320    (-,-) 
  BF1_1_mul_170_29_g16994/Y     -       A->Y   F     XOR2x2_ASAP7_75t_SL        2  4.5    18    27     347    (-,-) 
  BF1_1_mul_170_29_g16977/Y     -       A->Y   R     INVx2_ASAP7_75t_SL         1  2.1    12     8     355    (-,-) 
  BF1_1_mul_170_29_g16873/Y     -       A->Y   R     MAJx2_ASAP7_75t_SL         2  4.3    20    22     377    (-,-) 
  BF1_1_mul_170_29_g16776/Y     -       B->Y   F     XNOR2x2_ASAP7_75t_SL       1  2.6    13    26     403    (-,-) 
  BF1_1_mul_170_29_g16698/Y     -       B->Y   F     XOR2x2_ASAP7_75t_SL        2  4.4    18    23     426    (-,-) 
  BF1_1_mul_170_29_g19130/Y     -       A->Y   F     OR2x6_ASAP7_75t_SL         2  4.6    12    21     447    (-,-) 
  BF1_1_mul_170_29_g16604/Y     -       A2->Y  R     OAI21x1_ASAP7_75t_SL       1  2.1    21    12     459    (-,-) 
  BF1_1_mul_170_29_g16580/Y     -       B->Y   R     AO21x2_ASAP7_75t_SL        2  3.7    17    18     476    (-,-) 
  BF1_1_mul_170_29_g16556/Y     -       A2->Y  F     AOI221x1_ASAP7_75t_SL      1  2.6    40    20     496    (-,-) 
  BF1_1_mul_170_29_g16544/Y     -       B->Y   F     AND2x6_ASAP7_75t_SL       14 26.7    30    34     530    (-,-) 
  BF1_1_mul_170_29_g16532/Y     -       A1->Y  R     OAI21x1_ASAP7_75t_SL       1  3.2    32    20     550    (-,-) 
  BF1_1_mul_170_29_g16505/Y     -       A->Y   R     XOR2x1_ASAP7_75t_SL        1  2.1    30    19     569    (-,-) 
  BF1_1_barrett_datai_reg[41]/D -       -      R     DFFHQx4_ASAP7_75t_SL       1    -     -     0     569    (-,-) 
#-------------------------------------------------------------------------------------------------------------------



Path 15: VIOLATED (-34 ps) Setup Check with Pin BF1_1_barrett_datai_reg[42]/CLK->D
          Group: clk
     Startpoint: (R) BF1_1_modei_reg[2]/CLK
          Clock: (R) clk
       Endpoint: (R) BF1_1_barrett_datai_reg[42]/D
          Clock: (R) clk

                     Capture       Launch     
        Clock Edge:+     573            0     
       Src Latency:+       0            0     
       Net Latency:+       0 (I)        0 (I) 
           Arrival:=     573            0     
                                              
             Setup:-      10                  
       Uncertainty:-      29                  
     Required Time:=     535                  
      Launch Clock:-       0                  
         Data Path:-     569                  
             Slack:=     -34                  

#-------------------------------------------------------------------------------------------------------------------
#         Timing Point          Flags    Arc   Edge         Cell           Fanout Load Trans Delay Arrival Instance 
#                                                                                 (fF)  (ps)  (ps)   (ps)  Location 
#-------------------------------------------------------------------------------------------------------------------
  BF1_1_modei_reg[2]/CLK        -       -      R     (arrival)               2365    -     0     0       0    (-,-) 
  BF1_1_modei_reg[2]/Q          -       CLK->Q F     DFFHQx4_ASAP7_75t_SL       2  5.4    12    45      45    (-,-) 
  g47620/Y                      -       A->Y   R     INVx3_ASAP7_75t_SL         1  2.6    10     7      52    (-,-) 
  g47526__6417/Y                -       A->Y   R     AND3x4_ASAP7_75t_SL        1  6.5    18    22      73    (-,-) 
  g47450/Y                      -       A->Y   F     INVx8_ASAP7_75t_SL         6 19.6    19    11      84    (-,-) 
  g61408/Y                      -       A->Y   F     BUFx6f_ASAP7_75t_SL        5 13.1    16    19     104    (-,-) 
  g61407/Y                      -       A->Y   R     INVx4_ASAP7_75t_SL         9 14.0    27    16     120    (-,-) 
  g60430/Y                      -       A2->Y  R     AO22x2_ASAP7_75t_SL        1  2.8    16    22     142    (-,-) 
  g60357/Y                      -       A->Y   R     BUFx10_ASAP7_75t_SL       14 25.9    24    24     165    (-,-) 
  BF1_1_mul_170_29_g18953/Y     -       A->Y   F     INVx8_ASAP7_75t_SL         9 13.4    16    10     175    (-,-) 
  BF1_1_mul_170_29_g18654/Y     -       B2->Y  F     AO22x1_ASAP7_75t_SL        2  3.5    26    26     201    (-,-) 
  BF1_1_mul_170_29_g17992/Y     -       B1->Y  R     AOI22xp5_ASAP7_75t_SL      2  5.0    75    37     239    (-,-) 
  BF1_1_mul_170_29_g17799/Y     -       B->Y   R     XNOR2x1_ASAP7_75t_SL       1  2.4    34    20     259    (-,-) 
  BF1_1_mul_170_29_g17555/Y     -       A->Y   F     XOR2x2_ASAP7_75t_SL        2  4.2    18    24     284    (-,-) 
  BF1_1_mul_170_29_g17304/Y     -       C->Y   F     MAJx2_ASAP7_75t_SL         2  5.1    20    26     309    (-,-) 
  BF1_1_mul_170_29_g17127/Y     -       B->Y   F     XNOR2x1_ASAP7_75t_SL       1  3.2    23    21     330    (-,-) 
  BF1_1_mul_170_29_g17030/Y     -       A->Y   F     XNOR2x1_ASAP7_75t_SL       2  3.9    26    22     352    (-,-) 
  BF1_1_mul_170_29_g16876/Y     -       A->Y   R     XOR2x2_ASAP7_75t_SL        2  4.9    21    32     384    (-,-) 
  BF1_1_mul_170_29_g16782/Y     -       A->Y   R     XNOR2x1_ASAP7_75t_SL       1  2.4    24    19     403    (-,-) 
  BF1_1_mul_170_29_g16702/Y     -       A->Y   F     XOR2x2_ASAP7_75t_SL        2  4.9    19    25     427    (-,-) 
  BF1_1_mul_170_29_g16640/Y     -       B->Y   R     NOR2x1_ASAP7_75t_SL        2  3.3    27    16     443    (-,-) 
  BF1_1_mul_170_29_g16607/Y     -       B->Y   R     AO21x2_ASAP7_75t_SL        2  3.4    16    18     461    (-,-) 
  BF1_1_mul_170_29_g16572/Y     -       A2->Y  R     AO21x2_ASAP7_75t_SL        1  2.4    13    18     478    (-,-) 
  BF1_1_mul_170_29_g16556/Y     -       B2->Y  F     AOI221x1_ASAP7_75t_SL      1  2.6    40    18     496    (-,-) 
  BF1_1_mul_170_29_g16544/Y     -       B->Y   F     AND2x6_ASAP7_75t_SL       14 26.7    30    34     530    (-,-) 
  BF1_1_mul_170_29_g16530/Y     -       A1->Y  R     OAI21x1_ASAP7_75t_SL       1  3.2    32    20     550    (-,-) 
  BF1_1_mul_170_29_g16510/Y     -       A->Y   R     XOR2x1_ASAP7_75t_SL        1  2.1    31    19     569    (-,-) 
  BF1_1_barrett_datai_reg[42]/D -       -      R     DFFHQx4_ASAP7_75t_SL       1    -     -     0     569    (-,-) 
#-------------------------------------------------------------------------------------------------------------------



Path 16: VIOLATED (-34 ps) Setup Check with Pin BF1_1_barrett_datai_reg[42]/CLK->D
          Group: clk
     Startpoint: (R) BF1_1_modei_reg[2]/CLK
          Clock: (R) clk
       Endpoint: (R) BF1_1_barrett_datai_reg[42]/D
          Clock: (R) clk

                     Capture       Launch     
        Clock Edge:+     573            0     
       Src Latency:+       0            0     
       Net Latency:+       0 (I)        0 (I) 
           Arrival:=     573            0     
                                              
             Setup:-      10                  
       Uncertainty:-      29                  
     Required Time:=     535                  
      Launch Clock:-       0                  
         Data Path:-     569                  
             Slack:=     -34                  

#-------------------------------------------------------------------------------------------------------------------
#         Timing Point          Flags    Arc   Edge         Cell           Fanout Load Trans Delay Arrival Instance 
#                                                                                 (fF)  (ps)  (ps)   (ps)  Location 
#-------------------------------------------------------------------------------------------------------------------
  BF1_1_modei_reg[2]/CLK        -       -      R     (arrival)               2365    -     0     0       0    (-,-) 
  BF1_1_modei_reg[2]/Q          -       CLK->Q F     DFFHQx4_ASAP7_75t_SL       2  5.4    12    45      45    (-,-) 
  g47620/Y                      -       A->Y   R     INVx3_ASAP7_75t_SL         1  2.6    10     7      52    (-,-) 
  g47526__6417/Y                -       A->Y   R     AND3x4_ASAP7_75t_SL        1  6.5    18    22      73    (-,-) 
  g47450/Y                      -       A->Y   F     INVx8_ASAP7_75t_SL         6 19.6    19    11      84    (-,-) 
  g61408/Y                      -       A->Y   F     BUFx6f_ASAP7_75t_SL        5 13.1    16    19     104    (-,-) 
  g61404/Y                      -       A->Y   F     BUFx12f_ASAP7_75t_SL      11 16.6    13    17     121    (-,-) 
  g60443/Y                      -       B2->Y  F     AO22x2_ASAP7_75t_SL        1  2.8    14    21     142    (-,-) 
  g60370/Y                      -       A->Y   F     BUFx10_ASAP7_75t_SL       12 21.1    18    22     164    (-,-) 
  BF1_1_mul_170_29_g18959/Y     -       A->Y   R     INVx6_ASAP7_75t_SL         9 13.5    20    13     177    (-,-) 
  BF1_1_mul_170_29_g18781/Y     -       B->Y   F     NAND2x1_ASAP7_75t_SL       1  2.5    25    11     188    (-,-) 
  BF1_1_mul_170_29_g18349/Y     -       A->Y   R     NAND2x1_ASAP7_75t_SL       2  3.5    34    21     209    (-,-) 
  BF1_1_mul_170_29_g18270/Y     -       A->Y   F     INVx1_ASAP7_75t_SL         1  1.9    19    11     220    (-,-) 
  BF1_1_mul_170_29_g17884/Y     -       A2->Y  F     AO22x1_ASAP7_75t_SL        2  3.9    26    27     247    (-,-) 
  BF1_1_mul_170_29_g17594/Y     -       A->Y   R     MAJIxp5_ASAP7_75t_SL       2  5.1    78    38     285    (-,-) 
  BF1_1_mul_170_29_g17331/Y     -       B->Y   R     XNOR2x1_ASAP7_75t_SL       1  3.1    38    22     307    (-,-) 
  BF1_1_mul_170_29_g17178/Y     -       A->Y   R     XNOR2x1_ASAP7_75t_SL       2  3.9    37    24     330    (-,-) 
  BF1_1_mul_170_29_g17054/Y     -       A->Y   F     XNOR2x2_ASAP7_75t_SL       1  2.6    14    29     359    (-,-) 
  BF1_1_mul_170_29_g19154/Y     -       A->Y   R     XNOR2x2_ASAP7_75t_SL       2  5.0    21    26     385    (-,-) 
  BF1_1_mul_170_29_g16778/Y     -       A->Y   R     XNOR2x1_ASAP7_75t_SL       1  2.4    24    19     404    (-,-) 
  BF1_1_mul_170_29_g16700/Y     -       A->Y   F     XOR2x2_ASAP7_75t_SL        2  3.9    16    23     427    (-,-) 
  BF1_1_mul_170_29_g16663/Y     -       B->Y   F     AND2x4_ASAP7_75t_SL        3  7.0    14    18     446    (-,-) 
  BF1_1_mul_170_29_g16604/Y     -       A1->Y  R     OAI21x1_ASAP7_75t_SL       1  2.1    21    13     458    (-,-) 
  BF1_1_mul_170_29_g16580/Y     -       B->Y   R     AO21x2_ASAP7_75t_SL        2  3.7    17    18     476    (-,-) 
  BF1_1_mul_170_29_g16556/Y     -       A2->Y  F     AOI221x1_ASAP7_75t_SL      1  2.6    40    20     496    (-,-) 
  BF1_1_mul_170_29_g16544/Y     -       B->Y   F     AND2x6_ASAP7_75t_SL       14 26.7    30    34     530    (-,-) 
  BF1_1_mul_170_29_g16530/Y     -       A1->Y  R     OAI21x1_ASAP7_75t_SL       1  3.2    32    20     550    (-,-) 
  BF1_1_mul_170_29_g16510/Y     -       A->Y   R     XOR2x1_ASAP7_75t_SL        1  2.1    31    19     569    (-,-) 
  BF1_1_barrett_datai_reg[42]/D -       -      R     DFFHQx4_ASAP7_75t_SL       1    -     -     0     569    (-,-) 
#-------------------------------------------------------------------------------------------------------------------



Path 17: VIOLATED (-34 ps) Setup Check with Pin BF1_1_barrett_datai_reg[44]/CLK->D
          Group: clk
     Startpoint: (R) BF1_1_modei_reg[2]/CLK
          Clock: (R) clk
       Endpoint: (R) BF1_1_barrett_datai_reg[44]/D
          Clock: (R) clk

                     Capture       Launch     
        Clock Edge:+     573            0     
       Src Latency:+       0            0     
       Net Latency:+       0 (I)        0 (I) 
           Arrival:=     573            0     
                                              
             Setup:-      10                  
       Uncertainty:-      29                  
     Required Time:=     534                  
      Launch Clock:-       0                  
         Data Path:-     569                  
             Slack:=     -34                  

#--------------------------------------------------------------------------------------------------------------------
#         Timing Point          Flags    Arc   Edge          Cell           Fanout Load Trans Delay Arrival Instance 
#                                                                                  (fF)  (ps)  (ps)   (ps)  Location 
#--------------------------------------------------------------------------------------------------------------------
  BF1_1_modei_reg[2]/CLK        -       -      R     (arrival)                2365    -     0     0       0    (-,-) 
  BF1_1_modei_reg[2]/Q          -       CLK->Q F     DFFHQx4_ASAP7_75t_SL        2  5.4    12    45      45    (-,-) 
  g47620/Y                      -       A->Y   R     INVx3_ASAP7_75t_SL          1  2.6    10     7      52    (-,-) 
  g47526__6417/Y                -       A->Y   R     AND3x4_ASAP7_75t_SL         1  6.5    18    22      73    (-,-) 
  g47450/Y                      -       A->Y   F     INVx8_ASAP7_75t_SL          6 19.6    19    11      84    (-,-) 
  g61408/Y                      -       A->Y   F     BUFx6f_ASAP7_75t_SL         5 13.1    16    19     104    (-,-) 
  g61407/Y                      -       A->Y   R     INVx4_ASAP7_75t_SL          9 14.0    27    16     120    (-,-) 
  g60430/Y                      -       A2->Y  R     AO22x2_ASAP7_75t_SL         1  2.8    16    22     142    (-,-) 
  g60357/Y                      -       A->Y   R     BUFx10_ASAP7_75t_SL        14 25.9    24    24     165    (-,-) 
  BF1_1_mul_170_29_g18953/Y     -       A->Y   F     INVx8_ASAP7_75t_SL          9 13.4    16    10     175    (-,-) 
  BF1_1_mul_170_29_g18654/Y     -       B2->Y  F     AO22x1_ASAP7_75t_SL         2  3.5    26    26     201    (-,-) 
  BF1_1_mul_170_29_g17992/Y     -       B1->Y  R     AOI22xp5_ASAP7_75t_SL       2  5.0    75    37     239    (-,-) 
  BF1_1_mul_170_29_g17799/Y     -       B->Y   R     XNOR2x1_ASAP7_75t_SL        1  2.4    34    20     259    (-,-) 
  BF1_1_mul_170_29_g17555/Y     -       A->Y   F     XOR2x2_ASAP7_75t_SL         2  4.2    18    24     284    (-,-) 
  BF1_1_mul_170_29_g17304/Y     -       C->Y   F     MAJx2_ASAP7_75t_SL          2  5.1    20    26     309    (-,-) 
  BF1_1_mul_170_29_g17127/Y     -       B->Y   F     XNOR2x1_ASAP7_75t_SL        1  3.2    23    21     330    (-,-) 
  BF1_1_mul_170_29_g17030/Y     -       A->Y   F     XNOR2x1_ASAP7_75t_SL        2  3.9    26    22     352    (-,-) 
  BF1_1_mul_170_29_g16876/Y     -       A->Y   R     XOR2x2_ASAP7_75t_SL         2  4.9    21    32     384    (-,-) 
  BF1_1_mul_170_29_g16782/Y     -       A->Y   R     XNOR2x1_ASAP7_75t_SL        1  2.4    24    19     403    (-,-) 
  BF1_1_mul_170_29_g16702/Y     -       A->Y   F     XOR2x2_ASAP7_75t_SL         2  4.9    19    25     427    (-,-) 
  BF1_1_mul_170_29_g16642/Y     -       B->Y   R     NAND2x1p5_ASAP7_75t_SL      2  4.1    24    15     442    (-,-) 
  BF1_1_mul_170_29_g16607/Y     -       A1->Y  R     AO21x2_ASAP7_75t_SL         2  3.4    16    18     460    (-,-) 
  BF1_1_mul_170_29_g16572/Y     -       A2->Y  R     AO21x2_ASAP7_75t_SL         1  2.4    13    18     478    (-,-) 
  BF1_1_mul_170_29_g16556/Y     -       B2->Y  F     AOI221x1_ASAP7_75t_SL       1  2.6    40    18     496    (-,-) 
  BF1_1_mul_170_29_g16544/Y     -       B->Y   F     AND2x6_ASAP7_75t_SL        14 26.7    30    34     530    (-,-) 
  BF1_1_mul_170_29_g16529/Y     -       A1->Y  R     OAI21x1_ASAP7_75t_SL        1  3.2    32    20     550    (-,-) 
  BF1_1_mul_170_29_g16507/Y     -       A->Y   R     XOR2x1_ASAP7_75t_SL         1  2.1    32    19     569    (-,-) 
  BF1_1_barrett_datai_reg[44]/D -       -      R     DFFHQx4_ASAP7_75t_SL        1    -     -     0     569    (-,-) 
#--------------------------------------------------------------------------------------------------------------------



Path 18: VIOLATED (-34 ps) Setup Check with Pin BF1_1_barrett_datai_reg[44]/CLK->D
          Group: clk
     Startpoint: (R) BF1_1_modei_reg[2]/CLK
          Clock: (R) clk
       Endpoint: (R) BF1_1_barrett_datai_reg[44]/D
          Clock: (R) clk

                     Capture       Launch     
        Clock Edge:+     573            0     
       Src Latency:+       0            0     
       Net Latency:+       0 (I)        0 (I) 
           Arrival:=     573            0     
                                              
             Setup:-      10                  
       Uncertainty:-      29                  
     Required Time:=     534                  
      Launch Clock:-       0                  
         Data Path:-     569                  
             Slack:=     -34                  

#-------------------------------------------------------------------------------------------------------------------
#         Timing Point          Flags    Arc   Edge         Cell           Fanout Load Trans Delay Arrival Instance 
#                                                                                 (fF)  (ps)  (ps)   (ps)  Location 
#-------------------------------------------------------------------------------------------------------------------
  BF1_1_modei_reg[2]/CLK        -       -      R     (arrival)               2365    -     0     0       0    (-,-) 
  BF1_1_modei_reg[2]/Q          -       CLK->Q F     DFFHQx4_ASAP7_75t_SL       2  5.4    12    45      45    (-,-) 
  g47620/Y                      -       A->Y   R     INVx3_ASAP7_75t_SL         1  2.6    10     7      52    (-,-) 
  g47526__6417/Y                -       A->Y   R     AND3x4_ASAP7_75t_SL        1  6.5    18    22      73    (-,-) 
  g47450/Y                      -       A->Y   F     INVx8_ASAP7_75t_SL         6 19.6    19    11      84    (-,-) 
  g61408/Y                      -       A->Y   F     BUFx6f_ASAP7_75t_SL        5 13.1    16    19     104    (-,-) 
  g61404/Y                      -       A->Y   F     BUFx12f_ASAP7_75t_SL      11 16.6    13    17     121    (-,-) 
  g60431/Y                      -       B2->Y  F     AO22x2_ASAP7_75t_SL        1  4.0    18    23     144    (-,-) 
  g60358/Y                      -       A->Y   F     BUFx16f_ASAP7_75t_SL      14 24.4    16    20     164    (-,-) 
  BF1_1_mul_170_29_g18958/Y     -       A->Y   R     INVx6_ASAP7_75t_SL         8 11.4    17    11     175    (-,-) 
  BF1_1_mul_170_29_g18372/Y     -       B2->Y  R     AO22x2_ASAP7_75t_SL        2  4.0    20    22     197    (-,-) 
  BF1_1_mul_170_29_g18276/Y     -       A->Y   F     INVx1_ASAP7_75t_SL         1  2.1    16    10     207    (-,-) 
  BF1_1_mul_170_29_g18194/Y     -       A2->Y  F     OA22x2_ASAP7_75t_SL        2  5.0    20    24     232    (-,-) 
  BF1_1_mul_170_29_g17719/Y     -       B->Y   F     XNOR2x1_ASAP7_75t_SL       1  2.5    20    19     251    (-,-) 
  BF1_1_mul_170_29_g19184/Y     -       A->Y   F     XOR2x2_ASAP7_75t_SL        2  5.2    20    27     278    (-,-) 
  BF1_1_mul_170_29_g17241/Y     -       A->Y   F     XNOR2x1_ASAP7_75t_SL       2  4.6    30    23     301    (-,-) 
  BF1_1_mul_170_29_g17117/Y     -       B->Y   F     XNOR2x1_ASAP7_75t_SL       1  3.2    26    22     323    (-,-) 
  BF1_1_mul_170_29_g17002/Y     -       A->Y   F     XNOR2x1_ASAP7_75t_SL       2  4.5    32    24     346    (-,-) 
  BF1_1_mul_170_29_g16909/Y     -       A->Y   F     XNOR2x1_ASAP7_75t_SL       1  2.5    22    20     367    (-,-) 
  BF1_1_mul_170_29_g19149/Y     -       A->Y   R     XOR2x2_ASAP7_75t_SL        2  4.4    20    30     397    (-,-) 
  BF1_1_mul_170_29_g16812/Y     -       A->Y   F     INVx2_ASAP7_75t_SL         1  2.1    11     7     404    (-,-) 
  BF1_1_mul_170_29_g16743/Y     -       A->Y   F     MAJx2_ASAP7_75t_SL         2  3.8    16    22     426    (-,-) 
  BF1_1_mul_170_29_g16663/Y     -       A->Y   F     AND2x4_ASAP7_75t_SL        3  7.0    14    20     446    (-,-) 
  BF1_1_mul_170_29_g16604/Y     -       A1->Y  R     OAI21x1_ASAP7_75t_SL       1  2.1    21    13     458    (-,-) 
  BF1_1_mul_170_29_g16580/Y     -       B->Y   R     AO21x2_ASAP7_75t_SL        2  3.7    17    18     476    (-,-) 
  BF1_1_mul_170_29_g16556/Y     -       A2->Y  F     AOI221x1_ASAP7_75t_SL      1  2.6    40    20     496    (-,-) 
  BF1_1_mul_170_29_g16544/Y     -       B->Y   F     AND2x6_ASAP7_75t_SL       14 26.7    30    34     530    (-,-) 
  BF1_1_mul_170_29_g16529/Y     -       A1->Y  R     OAI21x1_ASAP7_75t_SL       1  3.2    32    20     550    (-,-) 
  BF1_1_mul_170_29_g16507/Y     -       A->Y   R     XOR2x1_ASAP7_75t_SL        1  2.1    32    19     569    (-,-) 
  BF1_1_barrett_datai_reg[44]/D -       -      R     DFFHQx4_ASAP7_75t_SL       1    -     -     0     569    (-,-) 
#-------------------------------------------------------------------------------------------------------------------



Path 19: VIOLATED (-34 ps) Setup Check with Pin BF1_1_barrett_datai_reg[44]/CLK->D
          Group: clk
     Startpoint: (R) BF1_1_modei_reg[2]/CLK
          Clock: (R) clk
       Endpoint: (R) BF1_1_barrett_datai_reg[44]/D
          Clock: (R) clk

                     Capture       Launch     
        Clock Edge:+     573            0     
       Src Latency:+       0            0     
       Net Latency:+       0 (I)        0 (I) 
           Arrival:=     573            0     
                                              
             Setup:-      10                  
       Uncertainty:-      29                  
     Required Time:=     534                  
      Launch Clock:-       0                  
         Data Path:-     569                  
             Slack:=     -34                  

#--------------------------------------------------------------------------------------------------------------------
#         Timing Point          Flags    Arc   Edge          Cell           Fanout Load Trans Delay Arrival Instance 
#                                                                                  (fF)  (ps)  (ps)   (ps)  Location 
#--------------------------------------------------------------------------------------------------------------------
  BF1_1_modei_reg[2]/CLK        -       -      R     (arrival)                2365    -     0     0       0    (-,-) 
  BF1_1_modei_reg[2]/Q          -       CLK->Q F     DFFHQx4_ASAP7_75t_SL        2  5.4    12    45      45    (-,-) 
  g47620/Y                      -       A->Y   R     INVx3_ASAP7_75t_SL          1  2.6    10     7      52    (-,-) 
  g47526__6417/Y                -       A->Y   R     AND3x4_ASAP7_75t_SL         1  6.5    18    22      73    (-,-) 
  g47450/Y                      -       A->Y   F     INVx8_ASAP7_75t_SL          6 19.6    19    11      84    (-,-) 
  g61430/Y                      -       A->Y   F     BUFx6f_ASAP7_75t_SL         2  7.8    12    17     101    (-,-) 
  g61428/Y                      -       A->Y   F     BUFx12f_ASAP7_75t_SL        9 15.9    13    16     117    (-,-) 
  g60444/Y                      -       A2->Y  F     OA22x2_ASAP7_75t_SL         1  4.6    18    23     140    (-,-) 
  g60371/Y                      -       A->Y   R     INVx5_ASAP7_75t_SL         13 22.5    34    20     160    (-,-) 
  BF1_1_mul_170_29_g18822/Y     -       A->Y   F     INVx8_ASAP7_75t_SL         12 17.1    21    12     172    (-,-) 
  BF1_1_mul_170_29_g18778/Y     -       B->Y   R     NAND2x1_ASAP7_75t_SL        1  3.1    39    18     189    (-,-) 
  BF1_1_mul_170_29_g18452/Y     -       A->Y   F     NAND2x1p5_ASAP7_75t_SL      2  3.4    26     9     198    (-,-) 
  BF1_1_mul_170_29_g17878/Y     -       B2->Y  R     OAI22xp5_ASAP7_75t_SL       2  3.9    68    32     230    (-,-) 
  BF1_1_mul_170_29_g17592/Y     -       A->Y   R     MAJx2_ASAP7_75t_SL          2  4.9    23    29     259    (-,-) 
  BF1_1_mul_170_29_g17426/Y     -       A->Y   R     XNOR2x1_ASAP7_75t_SL        1  3.2    29    20     280    (-,-) 
  BF1_1_mul_170_29_g17237/Y     -       B->Y   R     XNOR2x1_ASAP7_75t_SL        2  3.8    32    20     300    (-,-) 
  BF1_1_mul_170_29_g17112/Y     -       B->Y   F     XNOR2x2_ASAP7_75t_SL        1  2.5    13    27     327    (-,-) 
  BF1_1_mul_170_29_g19162/Y     -       A->Y   R     XOR2x2_ASAP7_75t_SL         2  4.0    18    28     355    (-,-) 
  BF1_1_mul_170_29_g16873/Y     -       C->Y   R     MAJx2_ASAP7_75t_SL          2  4.3    20    22     377    (-,-) 
  BF1_1_mul_170_29_g16776/Y     -       B->Y   F     XNOR2x2_ASAP7_75t_SL        1  2.6    13    26     403    (-,-) 
  BF1_1_mul_170_29_g16698/Y     -       B->Y   F     XOR2x2_ASAP7_75t_SL         2  4.4    18    23     426    (-,-) 
  BF1_1_mul_170_29_g19130/Y     -       A->Y   F     OR2x6_ASAP7_75t_SL          2  4.6    12    21     447    (-,-) 
  BF1_1_mul_170_29_g16604/Y     -       A2->Y  R     OAI21x1_ASAP7_75t_SL        1  2.1    21    12     458    (-,-) 
  BF1_1_mul_170_29_g16580/Y     -       B->Y   R     AO21x2_ASAP7_75t_SL         2  3.7    17    18     476    (-,-) 
  BF1_1_mul_170_29_g16556/Y     -       A2->Y  F     AOI221x1_ASAP7_75t_SL       1  2.6    40    20     496    (-,-) 
  BF1_1_mul_170_29_g16544/Y     -       B->Y   F     AND2x6_ASAP7_75t_SL        14 26.7    30    34     530    (-,-) 
  BF1_1_mul_170_29_g16529/Y     -       A1->Y  R     OAI21x1_ASAP7_75t_SL        1  3.2    32    20     550    (-,-) 
  BF1_1_mul_170_29_g16507/Y     -       A->Y   R     XOR2x1_ASAP7_75t_SL         1  2.1    32    19     569    (-,-) 
  BF1_1_barrett_datai_reg[44]/D -       -      R     DFFHQx4_ASAP7_75t_SL        1    -     -     0     569    (-,-) 
#--------------------------------------------------------------------------------------------------------------------



Path 20: VIOLATED (-34 ps) Setup Check with Pin BF1_1_barrett_datai_reg[31]/CLK->D
          Group: clk
     Startpoint: (R) BF1_1_modei_reg[2]/CLK
          Clock: (R) clk
       Endpoint: (R) BF1_1_barrett_datai_reg[31]/D
          Clock: (R) clk

                     Capture       Launch     
        Clock Edge:+     573            0     
       Src Latency:+       0            0     
       Net Latency:+       0 (I)        0 (I) 
           Arrival:=     573            0     
                                              
             Setup:-       9                  
       Uncertainty:-      29                  
     Required Time:=     535                  
      Launch Clock:-       0                  
         Data Path:-     569                  
             Slack:=     -34                  

#------------------------------------------------------------------------------------------------------------------
#         Timing Point          Flags    Arc   Edge         Cell          Fanout Load Trans Delay Arrival Instance 
#                                                                                (fF)  (ps)  (ps)   (ps)  Location 
#------------------------------------------------------------------------------------------------------------------
  BF1_1_modei_reg[2]/CLK        -       -      R     (arrival)              2365    -     0     0       0    (-,-) 
  BF1_1_modei_reg[2]/Q          -       CLK->Q F     DFFHQx4_ASAP7_75t_SL      2  5.4    12    45      45    (-,-) 
  g47620/Y                      -       A->Y   R     INVx3_ASAP7_75t_SL        1  2.6    10     7      52    (-,-) 
  g47526__6417/Y                -       A->Y   R     AND3x4_ASAP7_75t_SL       1  6.5    18    22      73    (-,-) 
  g47450/Y                      -       A->Y   F     INVx8_ASAP7_75t_SL        6 19.6    19    11      84    (-,-) 
  g61454/Y                      -       A->Y   R     INVx11_ASAP7_75t_SL       4 20.5    19    12      97    (-,-) 
  g61447/Y                      -       A->Y   R     BUFx12f_ASAP7_75t_SL     13 19.6    17    18     114    (-,-) 
  g61445/Y                      -       A->Y   F     INVx3_ASAP7_75t_SL        4  6.1    15    10     124    (-,-) 
  g60891/Y                      -       B->Y   F     AND2x2_ASAP7_75t_SL       1  2.6    13    17     141    (-,-) 
  g60378/Y                      -       A->Y   F     OR2x6_ASAP7_75t_SL       11 20.6    26    28     169    (-,-) 
  BF1_1_mul_170_29_g18954/Y     -       A->Y   R     INVx8_ASAP7_75t_SL        9 13.3    19    12     182    (-,-) 
  BF1_1_mul_170_29_g18632/Y     -       B2->Y  R     AO22x2_ASAP7_75t_SL       2  5.9    26    25     206    (-,-) 
  fopt69887/Y                   -       A->Y   F     INVx4_ASAP7_75t_SL        1  2.6    10     5     212    (-,-) 
  BF1_1_mul_170_29_g18095/Y     -       B1->Y  R     OAI22x1_ASAP7_75t_SL      2  3.4    44    16     228    (-,-) 
  BF1_1_mul_170_29_g17650/Y     -       A->Y   R     MAJx2_ASAP7_75t_SL        2  3.8    19    25     253    (-,-) 
  BF1_1_mul_170_29_g17430/Y     -       A->Y   F     XNOR2x2_ASAP7_75t_L       1  2.6    14    32     285    (-,-) 
  BF1_1_mul_170_29_g17256/Y     -       A->Y   R     XNOR2x2_ASAP7_75t_SL      2  5.0    21    26     311    (-,-) 
  BF1_1_mul_170_29_g17105/Y     -       B->Y   R     XOR2x1_ASAP7_75t_SL       1  2.6    25    19     330    (-,-) 
  BF1_1_mul_170_29_g16998/Y     -       A->Y   F     XNOR2x2_ASAP7_75t_SL      2  3.7    16    29     359    (-,-) 
  BF1_1_mul_170_29_g16919/Y     -       B->Y   R     XNOR2x2_ASAP7_75t_SL      2  4.5    21    26     385    (-,-) 
  BF1_1_mul_170_29_g16703/Y     -       A->Y   R     XNOR2x1_ASAP7_75t_SL      2  4.4    38    22     407    (-,-) 
  BF1_1_mul_170_29_g16662/Y     -       B->Y   R     AND2x4_ASAP7_75t_SL       3  7.1    17    21     428    (-,-) 
  fopt70388/Y                   -       A->Y   F     INVx4_ASAP7_75t_SL        1  2.6     8     5     433    (-,-) 
  BF1_1_mul_170_29_g16596/Y     -       A2->Y  R     AOI21x1_ASAP7_75t_SL      1  2.8    29    13     446    (-,-) 
  BF1_1_mul_170_29_g16592/Y     -       B->Y   F     OAI21x1_ASAP7_75t_SL      1  2.0    20    12     458    (-,-) 
  BF1_1_mul_170_29_g16568/Y     -       C->Y   F     AO221x2_ASAP7_75t_SL      3  5.8    24    33     491    (-,-) 
  BF1_1_mul_170_29_g16554/Y     -       A2->Y  F     AO21x2_ASAP7_75t_SL       2  3.5    15    23     514    (-,-) 
  BF1_1_mul_170_29_g16536/Y     -       A2->Y  F     AO21x2_ASAP7_75t_SL       2  4.4    18    22     536    (-,-) 
  BF1_1_mul_170_29_g16517/Y     -       A1->Y  R     AOI21x1_ASAP7_75t_SL      1  3.2    33    15     551    (-,-) 
  BF1_1_mul_170_29_g16503/Y     -       B->Y   R     XOR2x1_ASAP7_75t_SL       1  2.1    26    19     569    (-,-) 
  BF1_1_barrett_datai_reg[31]/D -       -      R     DFFHQx4_ASAP7_75t_SL      1    -     -     0     569    (-,-) 
#------------------------------------------------------------------------------------------------------------------

