Copyright 1986-2022 Xilinx, Inc. All Rights Reserved. Copyright 2022-2025 Advanced Micro Devices, Inc. All Rights Reserved.
---------------------------------------------------------------------------------------------------------------------------------------------
| Tool Version : Vivado v.2025.2 (lin64) Build 6299465 Fri Nov 14 12:34:56 MST 2025
| Date         : Fri Jun 12 20:47:01 2026
| Host         : MSI running 64-bit Ubuntu 26.04 LTS
| Command      : report_timing -max_paths 20 -sort_by slack -file ./synth_out/paths/encap_hqc256_top20.rpt
| Design       : encap
| Device       : 7a200t-fbg676
| Speed File   : -1  PRODUCTION 1.23 2018-06-13
| Design State : Synthesized
---------------------------------------------------------------------------------------------------------------------------------------------

Timing Report

Slack (VIOLATED) :        -0.307ns  (required time - arrival time)
  Source:                 ENCRYPT/FIXEDWEIGHT/count_red_reg[10]/C
                            (rising edge-triggered cell FDRE clocked by clk  {rise@0.000ns fall@2.500ns period=5.000ns})
  Destination:            ENCRYPT/FIXEDWEIGHT/rd_addr_ctx_reg[0]/S
                            (rising edge-triggered cell FDSE clocked by clk  {rise@0.000ns fall@2.500ns period=5.000ns})
  Path Group:             clk
  Path Type:              Setup (Max at Slow Process Corner)
  Requirement:            5.000ns  (clk rise@5.000ns - clk rise@0.000ns)
  Data Path Delay:        4.790ns  (logic 1.123ns (23.445%)  route 3.667ns (76.555%))
  Logic Levels:           4  (LUT6=4)
  Clock Path Skew:        -0.049ns (DCD - SCD + CPR)
    Destination Clock Delay (DCD):    0.924ns = ( 5.924 - 5.000 ) 
    Source Clock Delay      (SCD):    0.973ns
    Clock Pessimism Removal (CPR):    0.000ns
  Clock Uncertainty:      0.035ns  ((TSJ^2 + TIJ^2)^1/2 + DJ) / 2 + PE
    Total System Jitter     (TSJ):    0.071ns
    Total Input Jitter      (TIJ):    0.000ns
    Discrete Jitter          (DJ):    0.000ns
    Phase Error              (PE):    0.000ns

    Location             Delay type                Incr(ns)  Path(ns)    Netlist Resource(s)
  -------------------------------------------------------------------    -------------------
                         (clock clk rise edge)        0.000     0.000 r  
                                                      0.000     0.000 r  clk (IN)
                         net (fo=2959, unset)         0.973     0.973    ENCRYPT/FIXEDWEIGHT/clk
                         FDRE                                         r  ENCRYPT/FIXEDWEIGHT/count_red_reg[10]/C
  -------------------------------------------------------------------    -------------------
                         FDRE (Prop_fdre_C_Q)         0.456     1.429 f  ENCRYPT/FIXEDWEIGHT/count_red_reg[10]/Q
                         net (fo=4, unplaced)         0.989     2.418    ENCRYPT/FIXEDWEIGHT/count_red[10]
                         LUT6 (Prop_lut6_I0_O)        0.295     2.713 f  ENCRYPT/FIXEDWEIGHT/red_state[1]_i_7/O
                         net (fo=1, unplaced)         0.902     3.615    ENCRYPT/FIXEDWEIGHT/red_state[1]_i_7_n_0
                         LUT6 (Prop_lut6_I0_O)        0.124     3.739 f  ENCRYPT/FIXEDWEIGHT/red_state[1]_i_5/O
                         net (fo=5, unplaced)         0.477     4.216    ENCRYPT/FIXEDWEIGHT/red_state[1]_i_5_n_0
                         LUT6 (Prop_lut6_I0_O)        0.124     4.340 r  ENCRYPT/FIXEDWEIGHT/rd_addr_ctx[10]_i_5/O
                         net (fo=13, unplaced)        0.499     4.839    ENCRYPT/FIXEDWEIGHT/onegen_instance/rd_addr_ctx_reg[1]_0
                         LUT6 (Prop_lut6_I3_O)        0.124     4.963 r  ENCRYPT/FIXEDWEIGHT/onegen_instance/rd_addr_ctx[7]_i_1/O
                         net (fo=4, unplaced)         0.800     5.763    ENCRYPT/FIXEDWEIGHT/onegen_instance_n_19
                         FDSE                                         r  ENCRYPT/FIXEDWEIGHT/rd_addr_ctx_reg[0]/S
  -------------------------------------------------------------------    -------------------

                         (clock clk rise edge)        5.000     5.000 r  
                                                      0.000     5.000 r  clk (IN)
                         net (fo=2959, unset)         0.924     5.924    ENCRYPT/FIXEDWEIGHT/clk
                         FDSE                                         r  ENCRYPT/FIXEDWEIGHT/rd_addr_ctx_reg[0]/C
                         clock pessimism              0.000     5.924    
                         clock uncertainty           -0.035     5.889    
                         FDSE (Setup_fdse_C_S)       -0.433     5.456    ENCRYPT/FIXEDWEIGHT/rd_addr_ctx_reg[0]
  -------------------------------------------------------------------
                         required time                          5.456    
                         arrival time                          -5.763    
  -------------------------------------------------------------------
                         slack                                 -0.307    

Slack (VIOLATED) :        -0.307ns  (required time - arrival time)
  Source:                 ENCRYPT/FIXEDWEIGHT/count_red_reg[10]/C
                            (rising edge-triggered cell FDRE clocked by clk  {rise@0.000ns fall@2.500ns period=5.000ns})
  Destination:            ENCRYPT/FIXEDWEIGHT/rd_addr_ctx_reg[1]/S
                            (rising edge-triggered cell FDSE clocked by clk  {rise@0.000ns fall@2.500ns period=5.000ns})
  Path Group:             clk
  Path Type:              Setup (Max at Slow Process Corner)
  Requirement:            5.000ns  (clk rise@5.000ns - clk rise@0.000ns)
  Data Path Delay:        4.790ns  (logic 1.123ns (23.445%)  route 3.667ns (76.555%))
  Logic Levels:           4  (LUT5=1 LUT6=3)
  Clock Path Skew:        -0.049ns (DCD - SCD + CPR)
    Destination Clock Delay (DCD):    0.924ns = ( 5.924 - 5.000 ) 
    Source Clock Delay      (SCD):    0.973ns
    Clock Pessimism Removal (CPR):    0.000ns
  Clock Uncertainty:      0.035ns  ((TSJ^2 + TIJ^2)^1/2 + DJ) / 2 + PE
    Total System Jitter     (TSJ):    0.071ns
    Total Input Jitter      (TIJ):    0.000ns
    Discrete Jitter          (DJ):    0.000ns
    Phase Error              (PE):    0.000ns

    Location             Delay type                Incr(ns)  Path(ns)    Netlist Resource(s)
  -------------------------------------------------------------------    -------------------
                         (clock clk rise edge)        0.000     0.000 r  
                                                      0.000     0.000 r  clk (IN)
                         net (fo=2959, unset)         0.973     0.973    ENCRYPT/FIXEDWEIGHT/clk
                         FDRE                                         r  ENCRYPT/FIXEDWEIGHT/count_red_reg[10]/C
  -------------------------------------------------------------------    -------------------
                         FDRE (Prop_fdre_C_Q)         0.456     1.429 f  ENCRYPT/FIXEDWEIGHT/count_red_reg[10]/Q
                         net (fo=4, unplaced)         0.989     2.418    ENCRYPT/FIXEDWEIGHT/count_red[10]
                         LUT6 (Prop_lut6_I0_O)        0.295     2.713 f  ENCRYPT/FIXEDWEIGHT/red_state[1]_i_7/O
                         net (fo=1, unplaced)         0.902     3.615    ENCRYPT/FIXEDWEIGHT/red_state[1]_i_7_n_0
                         LUT6 (Prop_lut6_I0_O)        0.124     3.739 f  ENCRYPT/FIXEDWEIGHT/red_state[1]_i_5/O
                         net (fo=5, unplaced)         0.477     4.216    ENCRYPT/FIXEDWEIGHT/red_state[1]_i_5_n_0
                         LUT6 (Prop_lut6_I0_O)        0.124     4.340 r  ENCRYPT/FIXEDWEIGHT/rd_addr_ctx[10]_i_5/O
                         net (fo=13, unplaced)        0.499     4.839    ENCRYPT/FIXEDWEIGHT/onegen_instance/rd_addr_ctx_reg[1]_0
                         LUT5 (Prop_lut5_I2_O)        0.124     4.963 r  ENCRYPT/FIXEDWEIGHT/onegen_instance/rd_addr_ctx[8]_i_1/O
                         net (fo=4, unplaced)         0.800     5.763    ENCRYPT/FIXEDWEIGHT/onegen_instance_n_18
                         FDSE                                         r  ENCRYPT/FIXEDWEIGHT/rd_addr_ctx_reg[1]/S
  -------------------------------------------------------------------    -------------------

                         (clock clk rise edge)        5.000     5.000 r  
                                                      0.000     5.000 r  clk (IN)
                         net (fo=2959, unset)         0.924     5.924    ENCRYPT/FIXEDWEIGHT/clk
                         FDSE                                         r  ENCRYPT/FIXEDWEIGHT/rd_addr_ctx_reg[1]/C
                         clock pessimism              0.000     5.924    
                         clock uncertainty           -0.035     5.889    
                         FDSE (Setup_fdse_C_S)       -0.433     5.456    ENCRYPT/FIXEDWEIGHT/rd_addr_ctx_reg[1]
  -------------------------------------------------------------------
                         required time                          5.456    
                         arrival time                          -5.763    
  -------------------------------------------------------------------
                         slack                                 -0.307    

Slack (VIOLATED) :        -0.307ns  (required time - arrival time)
  Source:                 ENCRYPT/FIXEDWEIGHT/count_red_reg[10]/C
                            (rising edge-triggered cell FDRE clocked by clk  {rise@0.000ns fall@2.500ns period=5.000ns})
  Destination:            ENCRYPT/FIXEDWEIGHT/rd_addr_ctx_reg[2]/S
                            (rising edge-triggered cell FDSE clocked by clk  {rise@0.000ns fall@2.500ns period=5.000ns})
  Path Group:             clk
  Path Type:              Setup (Max at Slow Process Corner)
  Requirement:            5.000ns  (clk rise@5.000ns - clk rise@0.000ns)
  Data Path Delay:        4.790ns  (logic 1.123ns (23.445%)  route 3.667ns (76.555%))
  Logic Levels:           4  (LUT6=4)
  Clock Path Skew:        -0.049ns (DCD - SCD + CPR)
    Destination Clock Delay (DCD):    0.924ns = ( 5.924 - 5.000 ) 
    Source Clock Delay      (SCD):    0.973ns
    Clock Pessimism Removal (CPR):    0.000ns
  Clock Uncertainty:      0.035ns  ((TSJ^2 + TIJ^2)^1/2 + DJ) / 2 + PE
    Total System Jitter     (TSJ):    0.071ns
    Total Input Jitter      (TIJ):    0.000ns
    Discrete Jitter          (DJ):    0.000ns
    Phase Error              (PE):    0.000ns

    Location             Delay type                Incr(ns)  Path(ns)    Netlist Resource(s)
  -------------------------------------------------------------------    -------------------
                         (clock clk rise edge)        0.000     0.000 r  
                                                      0.000     0.000 r  clk (IN)
                         net (fo=2959, unset)         0.973     0.973    ENCRYPT/FIXEDWEIGHT/clk
                         FDRE                                         r  ENCRYPT/FIXEDWEIGHT/count_red_reg[10]/C
  -------------------------------------------------------------------    -------------------
                         FDRE (Prop_fdre_C_Q)         0.456     1.429 f  ENCRYPT/FIXEDWEIGHT/count_red_reg[10]/Q
                         net (fo=4, unplaced)         0.989     2.418    ENCRYPT/FIXEDWEIGHT/count_red[10]
                         LUT6 (Prop_lut6_I0_O)        0.295     2.713 f  ENCRYPT/FIXEDWEIGHT/red_state[1]_i_7/O
                         net (fo=1, unplaced)         0.902     3.615    ENCRYPT/FIXEDWEIGHT/red_state[1]_i_7_n_0
                         LUT6 (Prop_lut6_I0_O)        0.124     3.739 f  ENCRYPT/FIXEDWEIGHT/red_state[1]_i_5/O
                         net (fo=5, unplaced)         0.477     4.216    ENCRYPT/FIXEDWEIGHT/red_state[1]_i_5_n_0
                         LUT6 (Prop_lut6_I0_O)        0.124     4.340 r  ENCRYPT/FIXEDWEIGHT/rd_addr_ctx[10]_i_5/O
                         net (fo=13, unplaced)        0.499     4.839    ENCRYPT/FIXEDWEIGHT/onegen_instance/rd_addr_ctx_reg[1]_0
                         LUT6 (Prop_lut6_I3_O)        0.124     4.963 r  ENCRYPT/FIXEDWEIGHT/onegen_instance/rd_addr_ctx[7]_i_1/O
                         net (fo=4, unplaced)         0.800     5.763    ENCRYPT/FIXEDWEIGHT/onegen_instance_n_19
                         FDSE                                         r  ENCRYPT/FIXEDWEIGHT/rd_addr_ctx_reg[2]/S
  -------------------------------------------------------------------    -------------------

                         (clock clk rise edge)        5.000     5.000 r  
                                                      0.000     5.000 r  clk (IN)
                         net (fo=2959, unset)         0.924     5.924    ENCRYPT/FIXEDWEIGHT/clk
                         FDSE                                         r  ENCRYPT/FIXEDWEIGHT/rd_addr_ctx_reg[2]/C
                         clock pessimism              0.000     5.924    
                         clock uncertainty           -0.035     5.889    
                         FDSE (Setup_fdse_C_S)       -0.433     5.456    ENCRYPT/FIXEDWEIGHT/rd_addr_ctx_reg[2]
  -------------------------------------------------------------------
                         required time                          5.456    
                         arrival time                          -5.763    
  -------------------------------------------------------------------
                         slack                                 -0.307    

Slack (VIOLATED) :        -0.307ns  (required time - arrival time)
  Source:                 ENCRYPT/FIXEDWEIGHT/count_red_reg[10]/C
                            (rising edge-triggered cell FDRE clocked by clk  {rise@0.000ns fall@2.500ns period=5.000ns})
  Destination:            ENCRYPT/FIXEDWEIGHT/rd_addr_ctx_reg[3]/S
                            (rising edge-triggered cell FDSE clocked by clk  {rise@0.000ns fall@2.500ns period=5.000ns})
  Path Group:             clk
  Path Type:              Setup (Max at Slow Process Corner)
  Requirement:            5.000ns  (clk rise@5.000ns - clk rise@0.000ns)
  Data Path Delay:        4.790ns  (logic 1.123ns (23.445%)  route 3.667ns (76.555%))
  Logic Levels:           4  (LUT5=1 LUT6=3)
  Clock Path Skew:        -0.049ns (DCD - SCD + CPR)
    Destination Clock Delay (DCD):    0.924ns = ( 5.924 - 5.000 ) 
    Source Clock Delay      (SCD):    0.973ns
    Clock Pessimism Removal (CPR):    0.000ns
  Clock Uncertainty:      0.035ns  ((TSJ^2 + TIJ^2)^1/2 + DJ) / 2 + PE
    Total System Jitter     (TSJ):    0.071ns
    Total Input Jitter      (TIJ):    0.000ns
    Discrete Jitter          (DJ):    0.000ns
    Phase Error              (PE):    0.000ns

    Location             Delay type                Incr(ns)  Path(ns)    Netlist Resource(s)
  -------------------------------------------------------------------    -------------------
                         (clock clk rise edge)        0.000     0.000 r  
                                                      0.000     0.000 r  clk (IN)
                         net (fo=2959, unset)         0.973     0.973    ENCRYPT/FIXEDWEIGHT/clk
                         FDRE                                         r  ENCRYPT/FIXEDWEIGHT/count_red_reg[10]/C
  -------------------------------------------------------------------    -------------------
                         FDRE (Prop_fdre_C_Q)         0.456     1.429 f  ENCRYPT/FIXEDWEIGHT/count_red_reg[10]/Q
                         net (fo=4, unplaced)         0.989     2.418    ENCRYPT/FIXEDWEIGHT/count_red[10]
                         LUT6 (Prop_lut6_I0_O)        0.295     2.713 f  ENCRYPT/FIXEDWEIGHT/red_state[1]_i_7/O
                         net (fo=1, unplaced)         0.902     3.615    ENCRYPT/FIXEDWEIGHT/red_state[1]_i_7_n_0
                         LUT6 (Prop_lut6_I0_O)        0.124     3.739 f  ENCRYPT/FIXEDWEIGHT/red_state[1]_i_5/O
                         net (fo=5, unplaced)         0.477     4.216    ENCRYPT/FIXEDWEIGHT/red_state[1]_i_5_n_0
                         LUT6 (Prop_lut6_I0_O)        0.124     4.340 r  ENCRYPT/FIXEDWEIGHT/rd_addr_ctx[10]_i_5/O
                         net (fo=13, unplaced)        0.499     4.839    ENCRYPT/FIXEDWEIGHT/onegen_instance/rd_addr_ctx_reg[1]_0
                         LUT5 (Prop_lut5_I2_O)        0.124     4.963 r  ENCRYPT/FIXEDWEIGHT/onegen_instance/rd_addr_ctx[8]_i_1/O
                         net (fo=4, unplaced)         0.800     5.763    ENCRYPT/FIXEDWEIGHT/onegen_instance_n_18
                         FDSE                                         r  ENCRYPT/FIXEDWEIGHT/rd_addr_ctx_reg[3]/S
  -------------------------------------------------------------------    -------------------

                         (clock clk rise edge)        5.000     5.000 r  
                                                      0.000     5.000 r  clk (IN)
                         net (fo=2959, unset)         0.924     5.924    ENCRYPT/FIXEDWEIGHT/clk
                         FDSE                                         r  ENCRYPT/FIXEDWEIGHT/rd_addr_ctx_reg[3]/C
                         clock pessimism              0.000     5.924    
                         clock uncertainty           -0.035     5.889    
                         FDSE (Setup_fdse_C_S)       -0.433     5.456    ENCRYPT/FIXEDWEIGHT/rd_addr_ctx_reg[3]
  -------------------------------------------------------------------
                         required time                          5.456    
                         arrival time                          -5.763    
  -------------------------------------------------------------------
                         slack                                 -0.307    

Slack (VIOLATED) :        -0.307ns  (required time - arrival time)
  Source:                 ENCRYPT/FIXEDWEIGHT/count_red_reg[10]/C
                            (rising edge-triggered cell FDRE clocked by clk  {rise@0.000ns fall@2.500ns period=5.000ns})
  Destination:            ENCRYPT/FIXEDWEIGHT/rd_addr_ctx_reg[4]/S
                            (rising edge-triggered cell FDSE clocked by clk  {rise@0.000ns fall@2.500ns period=5.000ns})
  Path Group:             clk
  Path Type:              Setup (Max at Slow Process Corner)
  Requirement:            5.000ns  (clk rise@5.000ns - clk rise@0.000ns)
  Data Path Delay:        4.790ns  (logic 1.123ns (23.445%)  route 3.667ns (76.555%))
  Logic Levels:           4  (LUT6=4)
  Clock Path Skew:        -0.049ns (DCD - SCD + CPR)
    Destination Clock Delay (DCD):    0.924ns = ( 5.924 - 5.000 ) 
    Source Clock Delay      (SCD):    0.973ns
    Clock Pessimism Removal (CPR):    0.000ns
  Clock Uncertainty:      0.035ns  ((TSJ^2 + TIJ^2)^1/2 + DJ) / 2 + PE
    Total System Jitter     (TSJ):    0.071ns
    Total Input Jitter      (TIJ):    0.000ns
    Discrete Jitter          (DJ):    0.000ns
    Phase Error              (PE):    0.000ns

    Location             Delay type                Incr(ns)  Path(ns)    Netlist Resource(s)
  -------------------------------------------------------------------    -------------------
                         (clock clk rise edge)        0.000     0.000 r  
                                                      0.000     0.000 r  clk (IN)
                         net (fo=2959, unset)         0.973     0.973    ENCRYPT/FIXEDWEIGHT/clk
                         FDRE                                         r  ENCRYPT/FIXEDWEIGHT/count_red_reg[10]/C
  -------------------------------------------------------------------    -------------------
                         FDRE (Prop_fdre_C_Q)         0.456     1.429 f  ENCRYPT/FIXEDWEIGHT/count_red_reg[10]/Q
                         net (fo=4, unplaced)         0.989     2.418    ENCRYPT/FIXEDWEIGHT/count_red[10]
                         LUT6 (Prop_lut6_I0_O)        0.295     2.713 f  ENCRYPT/FIXEDWEIGHT/red_state[1]_i_7/O
                         net (fo=1, unplaced)         0.902     3.615    ENCRYPT/FIXEDWEIGHT/red_state[1]_i_7_n_0
                         LUT6 (Prop_lut6_I0_O)        0.124     3.739 f  ENCRYPT/FIXEDWEIGHT/red_state[1]_i_5/O
                         net (fo=5, unplaced)         0.477     4.216    ENCRYPT/FIXEDWEIGHT/red_state[1]_i_5_n_0
                         LUT6 (Prop_lut6_I0_O)        0.124     4.340 r  ENCRYPT/FIXEDWEIGHT/rd_addr_ctx[10]_i_5/O
                         net (fo=13, unplaced)        0.499     4.839    ENCRYPT/FIXEDWEIGHT/onegen_instance/rd_addr_ctx_reg[1]_0
                         LUT6 (Prop_lut6_I3_O)        0.124     4.963 r  ENCRYPT/FIXEDWEIGHT/onegen_instance/rd_addr_ctx[7]_i_1/O
                         net (fo=4, unplaced)         0.800     5.763    ENCRYPT/FIXEDWEIGHT/onegen_instance_n_19
                         FDSE                                         r  ENCRYPT/FIXEDWEIGHT/rd_addr_ctx_reg[4]/S
  -------------------------------------------------------------------    -------------------

                         (clock clk rise edge)        5.000     5.000 r  
                                                      0.000     5.000 r  clk (IN)
                         net (fo=2959, unset)         0.924     5.924    ENCRYPT/FIXEDWEIGHT/clk
                         FDSE                                         r  ENCRYPT/FIXEDWEIGHT/rd_addr_ctx_reg[4]/C
                         clock pessimism              0.000     5.924    
                         clock uncertainty           -0.035     5.889    
                         FDSE (Setup_fdse_C_S)       -0.433     5.456    ENCRYPT/FIXEDWEIGHT/rd_addr_ctx_reg[4]
  -------------------------------------------------------------------
                         required time                          5.456    
                         arrival time                          -5.763    
  -------------------------------------------------------------------
                         slack                                 -0.307    

Slack (VIOLATED) :        -0.307ns  (required time - arrival time)
  Source:                 ENCRYPT/FIXEDWEIGHT/count_red_reg[10]/C
                            (rising edge-triggered cell FDRE clocked by clk  {rise@0.000ns fall@2.500ns period=5.000ns})
  Destination:            ENCRYPT/FIXEDWEIGHT/rd_addr_ctx_reg[5]/S
                            (rising edge-triggered cell FDSE clocked by clk  {rise@0.000ns fall@2.500ns period=5.000ns})
  Path Group:             clk
  Path Type:              Setup (Max at Slow Process Corner)
  Requirement:            5.000ns  (clk rise@5.000ns - clk rise@0.000ns)
  Data Path Delay:        4.790ns  (logic 1.123ns (23.445%)  route 3.667ns (76.555%))
  Logic Levels:           4  (LUT5=1 LUT6=3)
  Clock Path Skew:        -0.049ns (DCD - SCD + CPR)
    Destination Clock Delay (DCD):    0.924ns = ( 5.924 - 5.000 ) 
    Source Clock Delay      (SCD):    0.973ns
    Clock Pessimism Removal (CPR):    0.000ns
  Clock Uncertainty:      0.035ns  ((TSJ^2 + TIJ^2)^1/2 + DJ) / 2 + PE
    Total System Jitter     (TSJ):    0.071ns
    Total Input Jitter      (TIJ):    0.000ns
    Discrete Jitter          (DJ):    0.000ns
    Phase Error              (PE):    0.000ns

    Location             Delay type                Incr(ns)  Path(ns)    Netlist Resource(s)
  -------------------------------------------------------------------    -------------------
                         (clock clk rise edge)        0.000     0.000 r  
                                                      0.000     0.000 r  clk (IN)
                         net (fo=2959, unset)         0.973     0.973    ENCRYPT/FIXEDWEIGHT/clk
                         FDRE                                         r  ENCRYPT/FIXEDWEIGHT/count_red_reg[10]/C
  -------------------------------------------------------------------    -------------------
                         FDRE (Prop_fdre_C_Q)         0.456     1.429 f  ENCRYPT/FIXEDWEIGHT/count_red_reg[10]/Q
                         net (fo=4, unplaced)         0.989     2.418    ENCRYPT/FIXEDWEIGHT/count_red[10]
                         LUT6 (Prop_lut6_I0_O)        0.295     2.713 f  ENCRYPT/FIXEDWEIGHT/red_state[1]_i_7/O
                         net (fo=1, unplaced)         0.902     3.615    ENCRYPT/FIXEDWEIGHT/red_state[1]_i_7_n_0
                         LUT6 (Prop_lut6_I0_O)        0.124     3.739 f  ENCRYPT/FIXEDWEIGHT/red_state[1]_i_5/O
                         net (fo=5, unplaced)         0.477     4.216    ENCRYPT/FIXEDWEIGHT/red_state[1]_i_5_n_0
                         LUT6 (Prop_lut6_I0_O)        0.124     4.340 r  ENCRYPT/FIXEDWEIGHT/rd_addr_ctx[10]_i_5/O
                         net (fo=13, unplaced)        0.499     4.839    ENCRYPT/FIXEDWEIGHT/onegen_instance/rd_addr_ctx_reg[1]_0
                         LUT5 (Prop_lut5_I2_O)        0.124     4.963 r  ENCRYPT/FIXEDWEIGHT/onegen_instance/rd_addr_ctx[8]_i_1/O
                         net (fo=4, unplaced)         0.800     5.763    ENCRYPT/FIXEDWEIGHT/onegen_instance_n_18
                         FDSE                                         r  ENCRYPT/FIXEDWEIGHT/rd_addr_ctx_reg[5]/S
  -------------------------------------------------------------------    -------------------

                         (clock clk rise edge)        5.000     5.000 r  
                                                      0.000     5.000 r  clk (IN)
                         net (fo=2959, unset)         0.924     5.924    ENCRYPT/FIXEDWEIGHT/clk
                         FDSE                                         r  ENCRYPT/FIXEDWEIGHT/rd_addr_ctx_reg[5]/C
                         clock pessimism              0.000     5.924    
                         clock uncertainty           -0.035     5.889    
                         FDSE (Setup_fdse_C_S)       -0.433     5.456    ENCRYPT/FIXEDWEIGHT/rd_addr_ctx_reg[5]
  -------------------------------------------------------------------
                         required time                          5.456    
                         arrival time                          -5.763    
  -------------------------------------------------------------------
                         slack                                 -0.307    

Slack (VIOLATED) :        -0.307ns  (required time - arrival time)
  Source:                 ENCRYPT/FIXEDWEIGHT/count_red_reg[10]/C
                            (rising edge-triggered cell FDRE clocked by clk  {rise@0.000ns fall@2.500ns period=5.000ns})
  Destination:            ENCRYPT/FIXEDWEIGHT/rd_addr_ctx_reg[7]/S
                            (rising edge-triggered cell FDSE clocked by clk  {rise@0.000ns fall@2.500ns period=5.000ns})
  Path Group:             clk
  Path Type:              Setup (Max at Slow Process Corner)
  Requirement:            5.000ns  (clk rise@5.000ns - clk rise@0.000ns)
  Data Path Delay:        4.790ns  (logic 1.123ns (23.445%)  route 3.667ns (76.555%))
  Logic Levels:           4  (LUT6=4)
  Clock Path Skew:        -0.049ns (DCD - SCD + CPR)
    Destination Clock Delay (DCD):    0.924ns = ( 5.924 - 5.000 ) 
    Source Clock Delay      (SCD):    0.973ns
    Clock Pessimism Removal (CPR):    0.000ns
  Clock Uncertainty:      0.035ns  ((TSJ^2 + TIJ^2)^1/2 + DJ) / 2 + PE
    Total System Jitter     (TSJ):    0.071ns
    Total Input Jitter      (TIJ):    0.000ns
    Discrete Jitter          (DJ):    0.000ns
    Phase Error              (PE):    0.000ns

    Location             Delay type                Incr(ns)  Path(ns)    Netlist Resource(s)
  -------------------------------------------------------------------    -------------------
                         (clock clk rise edge)        0.000     0.000 r  
                                                      0.000     0.000 r  clk (IN)
                         net (fo=2959, unset)         0.973     0.973    ENCRYPT/FIXEDWEIGHT/clk
                         FDRE                                         r  ENCRYPT/FIXEDWEIGHT/count_red_reg[10]/C
  -------------------------------------------------------------------    -------------------
                         FDRE (Prop_fdre_C_Q)         0.456     1.429 f  ENCRYPT/FIXEDWEIGHT/count_red_reg[10]/Q
                         net (fo=4, unplaced)         0.989     2.418    ENCRYPT/FIXEDWEIGHT/count_red[10]
                         LUT6 (Prop_lut6_I0_O)        0.295     2.713 f  ENCRYPT/FIXEDWEIGHT/red_state[1]_i_7/O
                         net (fo=1, unplaced)         0.902     3.615    ENCRYPT/FIXEDWEIGHT/red_state[1]_i_7_n_0
                         LUT6 (Prop_lut6_I0_O)        0.124     3.739 f  ENCRYPT/FIXEDWEIGHT/red_state[1]_i_5/O
                         net (fo=5, unplaced)         0.477     4.216    ENCRYPT/FIXEDWEIGHT/red_state[1]_i_5_n_0
                         LUT6 (Prop_lut6_I0_O)        0.124     4.340 r  ENCRYPT/FIXEDWEIGHT/rd_addr_ctx[10]_i_5/O
                         net (fo=13, unplaced)        0.499     4.839    ENCRYPT/FIXEDWEIGHT/onegen_instance/rd_addr_ctx_reg[1]_0
                         LUT6 (Prop_lut6_I3_O)        0.124     4.963 r  ENCRYPT/FIXEDWEIGHT/onegen_instance/rd_addr_ctx[7]_i_1/O
                         net (fo=4, unplaced)         0.800     5.763    ENCRYPT/FIXEDWEIGHT/onegen_instance_n_19
                         FDSE                                         r  ENCRYPT/FIXEDWEIGHT/rd_addr_ctx_reg[7]/S
  -------------------------------------------------------------------    -------------------

                         (clock clk rise edge)        5.000     5.000 r  
                                                      0.000     5.000 r  clk (IN)
                         net (fo=2959, unset)         0.924     5.924    ENCRYPT/FIXEDWEIGHT/clk
                         FDSE                                         r  ENCRYPT/FIXEDWEIGHT/rd_addr_ctx_reg[7]/C
                         clock pessimism              0.000     5.924    
                         clock uncertainty           -0.035     5.889    
                         FDSE (Setup_fdse_C_S)       -0.433     5.456    ENCRYPT/FIXEDWEIGHT/rd_addr_ctx_reg[7]
  -------------------------------------------------------------------
                         required time                          5.456    
                         arrival time                          -5.763    
  -------------------------------------------------------------------
                         slack                                 -0.307    

Slack (VIOLATED) :        -0.307ns  (required time - arrival time)
  Source:                 ENCRYPT/FIXEDWEIGHT/count_red_reg[10]/C
                            (rising edge-triggered cell FDRE clocked by clk  {rise@0.000ns fall@2.500ns period=5.000ns})
  Destination:            ENCRYPT/FIXEDWEIGHT/rd_addr_ctx_reg[8]/S
                            (rising edge-triggered cell FDSE clocked by clk  {rise@0.000ns fall@2.500ns period=5.000ns})
  Path Group:             clk
  Path Type:              Setup (Max at Slow Process Corner)
  Requirement:            5.000ns  (clk rise@5.000ns - clk rise@0.000ns)
  Data Path Delay:        4.790ns  (logic 1.123ns (23.445%)  route 3.667ns (76.555%))
  Logic Levels:           4  (LUT5=1 LUT6=3)
  Clock Path Skew:        -0.049ns (DCD - SCD + CPR)
    Destination Clock Delay (DCD):    0.924ns = ( 5.924 - 5.000 ) 
    Source Clock Delay      (SCD):    0.973ns
    Clock Pessimism Removal (CPR):    0.000ns
  Clock Uncertainty:      0.035ns  ((TSJ^2 + TIJ^2)^1/2 + DJ) / 2 + PE
    Total System Jitter     (TSJ):    0.071ns
    Total Input Jitter      (TIJ):    0.000ns
    Discrete Jitter          (DJ):    0.000ns
    Phase Error              (PE):    0.000ns

    Location             Delay type                Incr(ns)  Path(ns)    Netlist Resource(s)
  -------------------------------------------------------------------    -------------------
                         (clock clk rise edge)        0.000     0.000 r  
                                                      0.000     0.000 r  clk (IN)
                         net (fo=2959, unset)         0.973     0.973    ENCRYPT/FIXEDWEIGHT/clk
                         FDRE                                         r  ENCRYPT/FIXEDWEIGHT/count_red_reg[10]/C
  -------------------------------------------------------------------    -------------------
                         FDRE (Prop_fdre_C_Q)         0.456     1.429 f  ENCRYPT/FIXEDWEIGHT/count_red_reg[10]/Q
                         net (fo=4, unplaced)         0.989     2.418    ENCRYPT/FIXEDWEIGHT/count_red[10]
                         LUT6 (Prop_lut6_I0_O)        0.295     2.713 f  ENCRYPT/FIXEDWEIGHT/red_state[1]_i_7/O
                         net (fo=1, unplaced)         0.902     3.615    ENCRYPT/FIXEDWEIGHT/red_state[1]_i_7_n_0
                         LUT6 (Prop_lut6_I0_O)        0.124     3.739 f  ENCRYPT/FIXEDWEIGHT/red_state[1]_i_5/O
                         net (fo=5, unplaced)         0.477     4.216    ENCRYPT/FIXEDWEIGHT/red_state[1]_i_5_n_0
                         LUT6 (Prop_lut6_I0_O)        0.124     4.340 r  ENCRYPT/FIXEDWEIGHT/rd_addr_ctx[10]_i_5/O
                         net (fo=13, unplaced)        0.499     4.839    ENCRYPT/FIXEDWEIGHT/onegen_instance/rd_addr_ctx_reg[1]_0
                         LUT5 (Prop_lut5_I2_O)        0.124     4.963 r  ENCRYPT/FIXEDWEIGHT/onegen_instance/rd_addr_ctx[8]_i_1/O
                         net (fo=4, unplaced)         0.800     5.763    ENCRYPT/FIXEDWEIGHT/onegen_instance_n_18
                         FDSE                                         r  ENCRYPT/FIXEDWEIGHT/rd_addr_ctx_reg[8]/S
  -------------------------------------------------------------------    -------------------

                         (clock clk rise edge)        5.000     5.000 r  
                                                      0.000     5.000 r  clk (IN)
                         net (fo=2959, unset)         0.924     5.924    ENCRYPT/FIXEDWEIGHT/clk
                         FDSE                                         r  ENCRYPT/FIXEDWEIGHT/rd_addr_ctx_reg[8]/C
                         clock pessimism              0.000     5.924    
                         clock uncertainty           -0.035     5.889    
                         FDSE (Setup_fdse_C_S)       -0.433     5.456    ENCRYPT/FIXEDWEIGHT/rd_addr_ctx_reg[8]
  -------------------------------------------------------------------
                         required time                          5.456    
                         arrival time                          -5.763    
  -------------------------------------------------------------------
                         slack                                 -0.307    

Slack (VIOLATED) :        -0.249ns  (required time - arrival time)
  Source:                 sel_uv_reg/C
                            (rising edge-triggered cell FDRE clocked by clk  {rise@0.000ns fall@2.500ns period=5.000ns})
  Destination:            ENCRYPT/POLY_MULT/INTERLEAVED_RED_MEM/mem_reg_0/DIADI[0]
                            (rising edge-triggered cell RAMB36E1 clocked by clk  {rise@0.000ns fall@2.500ns period=5.000ns})
  Path Group:             clk
  Path Type:              Setup (Max at Slow Process Corner)
  Requirement:            5.000ns  (clk rise@5.000ns - clk rise@0.000ns)
  Data Path Delay:        4.428ns  (logic 1.123ns (25.363%)  route 3.305ns (74.637%))
  Logic Levels:           4  (LUT2=1 LUT4=1 LUT5=1 LUT6=1)
  Clock Path Skew:        -0.049ns (DCD - SCD + CPR)
    Destination Clock Delay (DCD):    0.924ns = ( 5.924 - 5.000 ) 
    Source Clock Delay      (SCD):    0.973ns
    Clock Pessimism Removal (CPR):    0.000ns
  Clock Uncertainty:      0.035ns  ((TSJ^2 + TIJ^2)^1/2 + DJ) / 2 + PE
    Total System Jitter     (TSJ):    0.071ns
    Total Input Jitter      (TIJ):    0.000ns
    Discrete Jitter          (DJ):    0.000ns
    Phase Error              (PE):    0.000ns

    Location             Delay type                Incr(ns)  Path(ns)    Netlist Resource(s)
  -------------------------------------------------------------------    -------------------
                         (clock clk rise edge)        0.000     0.000 r  
                                                      0.000     0.000 r  clk (IN)
                         net (fo=2959, unset)         0.973     0.973    clk
                         FDRE                                         r  sel_uv_reg/C
  -------------------------------------------------------------------    -------------------
                         FDRE (Prop_fdre_C_Q)         0.456     1.429 r  sel_uv_reg/Q
                         net (fo=2, unplaced)         0.817     2.246    HASH_MEM/encap_out[32]
                         LUT5 (Prop_lut5_I0_O)        0.295     2.541 r  HASH_MEM/encap_out[127]_INST_0_i_1/O
                         net (fo=274, unplaced)       0.574     3.115    ENCRYPT/POLY_MULT/INTERLEAVED_RED_MEM/sel_uv_to_enc
                         LUT2 (Prop_lut2_I1_O)        0.124     3.239 r  ENCRYPT/POLY_MULT/INTERLEAVED_RED_MEM/mem_reg_0_i_92/O
                         net (fo=138, unplaced)       0.557     3.796    ENCRYPT/XOR_BASED_ADDER/mem_reg_0
                         LUT4 (Prop_lut4_I0_O)        0.124     3.920 r  ENCRYPT/XOR_BASED_ADDER/mem_reg_0_i_94/O
                         net (fo=138, unplaced)       0.557     4.477    ENCRYPT/XOR_BASED_ADDER/add_out_valid_reg_reg_0
                         LUT6 (Prop_lut6_I0_O)        0.124     4.601 r  ENCRYPT/XOR_BASED_ADDER/mem_reg_0_i_50/O
                         net (fo=1, unplaced)         0.800     5.401    ENCRYPT/POLY_MULT/INTERLEAVED_RED_MEM/data_10[0]
                         RAMB36E1                                     r  ENCRYPT/POLY_MULT/INTERLEAVED_RED_MEM/mem_reg_0/DIADI[0]
  -------------------------------------------------------------------    -------------------

                         (clock clk rise edge)        5.000     5.000 r  
                                                      0.000     5.000 r  clk (IN)
                         net (fo=2959, unset)         0.924     5.924    ENCRYPT/POLY_MULT/INTERLEAVED_RED_MEM/clk
                         RAMB36E1                                     r  ENCRYPT/POLY_MULT/INTERLEAVED_RED_MEM/mem_reg_0/CLKARDCLK
                         clock pessimism              0.000     5.924    
                         clock uncertainty           -0.035     5.889    
                         RAMB36E1 (Setup_ramb36e1_CLKARDCLK_DIADI[0])
                                                     -0.737     5.152    ENCRYPT/POLY_MULT/INTERLEAVED_RED_MEM/mem_reg_0
  -------------------------------------------------------------------
                         required time                          5.152    
                         arrival time                          -5.401    
  -------------------------------------------------------------------
                         slack                                 -0.249    

Slack (VIOLATED) :        -0.249ns  (required time - arrival time)
  Source:                 sel_uv_reg/C
                            (rising edge-triggered cell FDRE clocked by clk  {rise@0.000ns fall@2.500ns period=5.000ns})
  Destination:            ENCRYPT/POLY_MULT/INTERLEAVED_RED_MEM/mem_reg_0/DIADI[10]
                            (rising edge-triggered cell RAMB36E1 clocked by clk  {rise@0.000ns fall@2.500ns period=5.000ns})
  Path Group:             clk
  Path Type:              Setup (Max at Slow Process Corner)
  Requirement:            5.000ns  (clk rise@5.000ns - clk rise@0.000ns)
  Data Path Delay:        4.428ns  (logic 1.123ns (25.363%)  route 3.305ns (74.637%))
  Logic Levels:           4  (LUT2=1 LUT4=1 LUT5=1 LUT6=1)
  Clock Path Skew:        -0.049ns (DCD - SCD + CPR)
    Destination Clock Delay (DCD):    0.924ns = ( 5.924 - 5.000 ) 
    Source Clock Delay      (SCD):    0.973ns
    Clock Pessimism Removal (CPR):    0.000ns
  Clock Uncertainty:      0.035ns  ((TSJ^2 + TIJ^2)^1/2 + DJ) / 2 + PE
    Total System Jitter     (TSJ):    0.071ns
    Total Input Jitter      (TIJ):    0.000ns
    Discrete Jitter          (DJ):    0.000ns
    Phase Error              (PE):    0.000ns

    Location             Delay type                Incr(ns)  Path(ns)    Netlist Resource(s)
  -------------------------------------------------------------------    -------------------
                         (clock clk rise edge)        0.000     0.000 r  
                                                      0.000     0.000 r  clk (IN)
                         net (fo=2959, unset)         0.973     0.973    clk
                         FDRE                                         r  sel_uv_reg/C
  -------------------------------------------------------------------    -------------------
                         FDRE (Prop_fdre_C_Q)         0.456     1.429 r  sel_uv_reg/Q
                         net (fo=2, unplaced)         0.817     2.246    HASH_MEM/encap_out[32]
                         LUT5 (Prop_lut5_I0_O)        0.295     2.541 r  HASH_MEM/encap_out[127]_INST_0_i_1/O
                         net (fo=274, unplaced)       0.574     3.115    ENCRYPT/POLY_MULT/INTERLEAVED_RED_MEM/sel_uv_to_enc
                         LUT2 (Prop_lut2_I1_O)        0.124     3.239 r  ENCRYPT/POLY_MULT/INTERLEAVED_RED_MEM/mem_reg_0_i_92/O
                         net (fo=138, unplaced)       0.557     3.796    ENCRYPT/XOR_BASED_ADDER/mem_reg_0
                         LUT4 (Prop_lut4_I0_O)        0.124     3.920 r  ENCRYPT/XOR_BASED_ADDER/mem_reg_0_i_94/O
                         net (fo=138, unplaced)       0.557     4.477    ENCRYPT/XOR_BASED_ADDER/add_out_valid_reg_reg_0
                         LUT6 (Prop_lut6_I0_O)        0.124     4.601 r  ENCRYPT/XOR_BASED_ADDER/mem_reg_0_i_40/O
                         net (fo=1, unplaced)         0.800     5.401    ENCRYPT/POLY_MULT/INTERLEAVED_RED_MEM/data_10[10]
                         RAMB36E1                                     r  ENCRYPT/POLY_MULT/INTERLEAVED_RED_MEM/mem_reg_0/DIADI[10]
  -------------------------------------------------------------------    -------------------

                         (clock clk rise edge)        5.000     5.000 r  
                                                      0.000     5.000 r  clk (IN)
                         net (fo=2959, unset)         0.924     5.924    ENCRYPT/POLY_MULT/INTERLEAVED_RED_MEM/clk
                         RAMB36E1                                     r  ENCRYPT/POLY_MULT/INTERLEAVED_RED_MEM/mem_reg_0/CLKARDCLK
                         clock pessimism              0.000     5.924    
                         clock uncertainty           -0.035     5.889    
                         RAMB36E1 (Setup_ramb36e1_CLKARDCLK_DIADI[10])
                                                     -0.737     5.152    ENCRYPT/POLY_MULT/INTERLEAVED_RED_MEM/mem_reg_0
  -------------------------------------------------------------------
                         required time                          5.152    
                         arrival time                          -5.401    
  -------------------------------------------------------------------
                         slack                                 -0.249    

Slack (VIOLATED) :        -0.249ns  (required time - arrival time)
  Source:                 sel_uv_reg/C
                            (rising edge-triggered cell FDRE clocked by clk  {rise@0.000ns fall@2.500ns period=5.000ns})
  Destination:            ENCRYPT/POLY_MULT/INTERLEAVED_RED_MEM/mem_reg_0/DIADI[11]
                            (rising edge-triggered cell RAMB36E1 clocked by clk  {rise@0.000ns fall@2.500ns period=5.000ns})
  Path Group:             clk
  Path Type:              Setup (Max at Slow Process Corner)
  Requirement:            5.000ns  (clk rise@5.000ns - clk rise@0.000ns)
  Data Path Delay:        4.428ns  (logic 1.123ns (25.363%)  route 3.305ns (74.637%))
  Logic Levels:           4  (LUT2=1 LUT4=1 LUT5=1 LUT6=1)
  Clock Path Skew:        -0.049ns (DCD - SCD + CPR)
    Destination Clock Delay (DCD):    0.924ns = ( 5.924 - 5.000 ) 
    Source Clock Delay      (SCD):    0.973ns
    Clock Pessimism Removal (CPR):    0.000ns
  Clock Uncertainty:      0.035ns  ((TSJ^2 + TIJ^2)^1/2 + DJ) / 2 + PE
    Total System Jitter     (TSJ):    0.071ns
    Total Input Jitter      (TIJ):    0.000ns
    Discrete Jitter          (DJ):    0.000ns
    Phase Error              (PE):    0.000ns

    Location             Delay type                Incr(ns)  Path(ns)    Netlist Resource(s)
  -------------------------------------------------------------------    -------------------
                         (clock clk rise edge)        0.000     0.000 r  
                                                      0.000     0.000 r  clk (IN)
                         net (fo=2959, unset)         0.973     0.973    clk
                         FDRE                                         r  sel_uv_reg/C
  -------------------------------------------------------------------    -------------------
                         FDRE (Prop_fdre_C_Q)         0.456     1.429 r  sel_uv_reg/Q
                         net (fo=2, unplaced)         0.817     2.246    HASH_MEM/encap_out[32]
                         LUT5 (Prop_lut5_I0_O)        0.295     2.541 r  HASH_MEM/encap_out[127]_INST_0_i_1/O
                         net (fo=274, unplaced)       0.574     3.115    ENCRYPT/POLY_MULT/INTERLEAVED_RED_MEM/sel_uv_to_enc
                         LUT2 (Prop_lut2_I1_O)        0.124     3.239 r  ENCRYPT/POLY_MULT/INTERLEAVED_RED_MEM/mem_reg_0_i_92/O
                         net (fo=138, unplaced)       0.557     3.796    ENCRYPT/XOR_BASED_ADDER/mem_reg_0
                         LUT4 (Prop_lut4_I0_O)        0.124     3.920 r  ENCRYPT/XOR_BASED_ADDER/mem_reg_0_i_94/O
                         net (fo=138, unplaced)       0.557     4.477    ENCRYPT/XOR_BASED_ADDER/add_out_valid_reg_reg_0
                         LUT6 (Prop_lut6_I0_O)        0.124     4.601 r  ENCRYPT/XOR_BASED_ADDER/mem_reg_0_i_39/O
                         net (fo=1, unplaced)         0.800     5.401    ENCRYPT/POLY_MULT/INTERLEAVED_RED_MEM/data_10[11]
                         RAMB36E1                                     r  ENCRYPT/POLY_MULT/INTERLEAVED_RED_MEM/mem_reg_0/DIADI[11]
  -------------------------------------------------------------------    -------------------

                         (clock clk rise edge)        5.000     5.000 r  
                                                      0.000     5.000 r  clk (IN)
                         net (fo=2959, unset)         0.924     5.924    ENCRYPT/POLY_MULT/INTERLEAVED_RED_MEM/clk
                         RAMB36E1                                     r  ENCRYPT/POLY_MULT/INTERLEAVED_RED_MEM/mem_reg_0/CLKARDCLK
                         clock pessimism              0.000     5.924    
                         clock uncertainty           -0.035     5.889    
                         RAMB36E1 (Setup_ramb36e1_CLKARDCLK_DIADI[11])
                                                     -0.737     5.152    ENCRYPT/POLY_MULT/INTERLEAVED_RED_MEM/mem_reg_0
  -------------------------------------------------------------------
                         required time                          5.152    
                         arrival time                          -5.401    
  -------------------------------------------------------------------
                         slack                                 -0.249    

Slack (VIOLATED) :        -0.249ns  (required time - arrival time)
  Source:                 sel_uv_reg/C
                            (rising edge-triggered cell FDRE clocked by clk  {rise@0.000ns fall@2.500ns period=5.000ns})
  Destination:            ENCRYPT/POLY_MULT/INTERLEAVED_RED_MEM/mem_reg_0/DIADI[12]
                            (rising edge-triggered cell RAMB36E1 clocked by clk  {rise@0.000ns fall@2.500ns period=5.000ns})
  Path Group:             clk
  Path Type:              Setup (Max at Slow Process Corner)
  Requirement:            5.000ns  (clk rise@5.000ns - clk rise@0.000ns)
  Data Path Delay:        4.428ns  (logic 1.123ns (25.363%)  route 3.305ns (74.637%))
  Logic Levels:           4  (LUT2=1 LUT4=1 LUT5=1 LUT6=1)
  Clock Path Skew:        -0.049ns (DCD - SCD + CPR)
    Destination Clock Delay (DCD):    0.924ns = ( 5.924 - 5.000 ) 
    Source Clock Delay      (SCD):    0.973ns
    Clock Pessimism Removal (CPR):    0.000ns
  Clock Uncertainty:      0.035ns  ((TSJ^2 + TIJ^2)^1/2 + DJ) / 2 + PE
    Total System Jitter     (TSJ):    0.071ns
    Total Input Jitter      (TIJ):    0.000ns
    Discrete Jitter          (DJ):    0.000ns
    Phase Error              (PE):    0.000ns

    Location             Delay type                Incr(ns)  Path(ns)    Netlist Resource(s)
  -------------------------------------------------------------------    -------------------
                         (clock clk rise edge)        0.000     0.000 r  
                                                      0.000     0.000 r  clk (IN)
                         net (fo=2959, unset)         0.973     0.973    clk
                         FDRE                                         r  sel_uv_reg/C
  -------------------------------------------------------------------    -------------------
                         FDRE (Prop_fdre_C_Q)         0.456     1.429 r  sel_uv_reg/Q
                         net (fo=2, unplaced)         0.817     2.246    HASH_MEM/encap_out[32]
                         LUT5 (Prop_lut5_I0_O)        0.295     2.541 r  HASH_MEM/encap_out[127]_INST_0_i_1/O
                         net (fo=274, unplaced)       0.574     3.115    ENCRYPT/POLY_MULT/INTERLEAVED_RED_MEM/sel_uv_to_enc
                         LUT2 (Prop_lut2_I1_O)        0.124     3.239 r  ENCRYPT/POLY_MULT/INTERLEAVED_RED_MEM/mem_reg_0_i_92/O
                         net (fo=138, unplaced)       0.557     3.796    ENCRYPT/XOR_BASED_ADDER/mem_reg_0
                         LUT4 (Prop_lut4_I0_O)        0.124     3.920 r  ENCRYPT/XOR_BASED_ADDER/mem_reg_0_i_94/O
                         net (fo=138, unplaced)       0.557     4.477    ENCRYPT/XOR_BASED_ADDER/add_out_valid_reg_reg_0
                         LUT6 (Prop_lut6_I0_O)        0.124     4.601 r  ENCRYPT/XOR_BASED_ADDER/mem_reg_0_i_38/O
                         net (fo=1, unplaced)         0.800     5.401    ENCRYPT/POLY_MULT/INTERLEAVED_RED_MEM/data_10[12]
                         RAMB36E1                                     r  ENCRYPT/POLY_MULT/INTERLEAVED_RED_MEM/mem_reg_0/DIADI[12]
  -------------------------------------------------------------------    -------------------

                         (clock clk rise edge)        5.000     5.000 r  
                                                      0.000     5.000 r  clk (IN)
                         net (fo=2959, unset)         0.924     5.924    ENCRYPT/POLY_MULT/INTERLEAVED_RED_MEM/clk
                         RAMB36E1                                     r  ENCRYPT/POLY_MULT/INTERLEAVED_RED_MEM/mem_reg_0/CLKARDCLK
                         clock pessimism              0.000     5.924    
                         clock uncertainty           -0.035     5.889    
                         RAMB36E1 (Setup_ramb36e1_CLKARDCLK_DIADI[12])
                                                     -0.737     5.152    ENCRYPT/POLY_MULT/INTERLEAVED_RED_MEM/mem_reg_0
  -------------------------------------------------------------------
                         required time                          5.152    
                         arrival time                          -5.401    
  -------------------------------------------------------------------
                         slack                                 -0.249    

Slack (VIOLATED) :        -0.249ns  (required time - arrival time)
  Source:                 sel_uv_reg/C
                            (rising edge-triggered cell FDRE clocked by clk  {rise@0.000ns fall@2.500ns period=5.000ns})
  Destination:            ENCRYPT/POLY_MULT/INTERLEAVED_RED_MEM/mem_reg_0/DIADI[13]
                            (rising edge-triggered cell RAMB36E1 clocked by clk  {rise@0.000ns fall@2.500ns period=5.000ns})
  Path Group:             clk
  Path Type:              Setup (Max at Slow Process Corner)
  Requirement:            5.000ns  (clk rise@5.000ns - clk rise@0.000ns)
  Data Path Delay:        4.428ns  (logic 1.123ns (25.363%)  route 3.305ns (74.637%))
  Logic Levels:           4  (LUT2=1 LUT4=1 LUT5=1 LUT6=1)
  Clock Path Skew:        -0.049ns (DCD - SCD + CPR)
    Destination Clock Delay (DCD):    0.924ns = ( 5.924 - 5.000 ) 
    Source Clock Delay      (SCD):    0.973ns
    Clock Pessimism Removal (CPR):    0.000ns
  Clock Uncertainty:      0.035ns  ((TSJ^2 + TIJ^2)^1/2 + DJ) / 2 + PE
    Total System Jitter     (TSJ):    0.071ns
    Total Input Jitter      (TIJ):    0.000ns
    Discrete Jitter          (DJ):    0.000ns
    Phase Error              (PE):    0.000ns

    Location             Delay type                Incr(ns)  Path(ns)    Netlist Resource(s)
  -------------------------------------------------------------------    -------------------
                         (clock clk rise edge)        0.000     0.000 r  
                                                      0.000     0.000 r  clk (IN)
                         net (fo=2959, unset)         0.973     0.973    clk
                         FDRE                                         r  sel_uv_reg/C
  -------------------------------------------------------------------    -------------------
                         FDRE (Prop_fdre_C_Q)         0.456     1.429 r  sel_uv_reg/Q
                         net (fo=2, unplaced)         0.817     2.246    HASH_MEM/encap_out[32]
                         LUT5 (Prop_lut5_I0_O)        0.295     2.541 r  HASH_MEM/encap_out[127]_INST_0_i_1/O
                         net (fo=274, unplaced)       0.574     3.115    ENCRYPT/POLY_MULT/INTERLEAVED_RED_MEM/sel_uv_to_enc
                         LUT2 (Prop_lut2_I1_O)        0.124     3.239 r  ENCRYPT/POLY_MULT/INTERLEAVED_RED_MEM/mem_reg_0_i_92/O
                         net (fo=138, unplaced)       0.557     3.796    ENCRYPT/XOR_BASED_ADDER/mem_reg_0
                         LUT4 (Prop_lut4_I0_O)        0.124     3.920 r  ENCRYPT/XOR_BASED_ADDER/mem_reg_0_i_94/O
                         net (fo=138, unplaced)       0.557     4.477    ENCRYPT/XOR_BASED_ADDER/add_out_valid_reg_reg_0
                         LUT6 (Prop_lut6_I0_O)        0.124     4.601 r  ENCRYPT/XOR_BASED_ADDER/mem_reg_0_i_37/O
                         net (fo=1, unplaced)         0.800     5.401    ENCRYPT/POLY_MULT/INTERLEAVED_RED_MEM/data_10[13]
                         RAMB36E1                                     r  ENCRYPT/POLY_MULT/INTERLEAVED_RED_MEM/mem_reg_0/DIADI[13]
  -------------------------------------------------------------------    -------------------

                         (clock clk rise edge)        5.000     5.000 r  
                                                      0.000     5.000 r  clk (IN)
                         net (fo=2959, unset)         0.924     5.924    ENCRYPT/POLY_MULT/INTERLEAVED_RED_MEM/clk
                         RAMB36E1                                     r  ENCRYPT/POLY_MULT/INTERLEAVED_RED_MEM/mem_reg_0/CLKARDCLK
                         clock pessimism              0.000     5.924    
                         clock uncertainty           -0.035     5.889    
                         RAMB36E1 (Setup_ramb36e1_CLKARDCLK_DIADI[13])
                                                     -0.737     5.152    ENCRYPT/POLY_MULT/INTERLEAVED_RED_MEM/mem_reg_0
  -------------------------------------------------------------------
                         required time                          5.152    
                         arrival time                          -5.401    
  -------------------------------------------------------------------
                         slack                                 -0.249    

Slack (VIOLATED) :        -0.249ns  (required time - arrival time)
  Source:                 sel_uv_reg/C
                            (rising edge-triggered cell FDRE clocked by clk  {rise@0.000ns fall@2.500ns period=5.000ns})
  Destination:            ENCRYPT/POLY_MULT/INTERLEAVED_RED_MEM/mem_reg_0/DIADI[14]
                            (rising edge-triggered cell RAMB36E1 clocked by clk  {rise@0.000ns fall@2.500ns period=5.000ns})
  Path Group:             clk
  Path Type:              Setup (Max at Slow Process Corner)
  Requirement:            5.000ns  (clk rise@5.000ns - clk rise@0.000ns)
  Data Path Delay:        4.428ns  (logic 1.123ns (25.363%)  route 3.305ns (74.637%))
  Logic Levels:           4  (LUT2=1 LUT4=1 LUT5=1 LUT6=1)
  Clock Path Skew:        -0.049ns (DCD - SCD + CPR)
    Destination Clock Delay (DCD):    0.924ns = ( 5.924 - 5.000 ) 
    Source Clock Delay      (SCD):    0.973ns
    Clock Pessimism Removal (CPR):    0.000ns
  Clock Uncertainty:      0.035ns  ((TSJ^2 + TIJ^2)^1/2 + DJ) / 2 + PE
    Total System Jitter     (TSJ):    0.071ns
    Total Input Jitter      (TIJ):    0.000ns
    Discrete Jitter          (DJ):    0.000ns
    Phase Error              (PE):    0.000ns

    Location             Delay type                Incr(ns)  Path(ns)    Netlist Resource(s)
  -------------------------------------------------------------------    -------------------
                         (clock clk rise edge)        0.000     0.000 r  
                                                      0.000     0.000 r  clk (IN)
                         net (fo=2959, unset)         0.973     0.973    clk
                         FDRE                                         r  sel_uv_reg/C
  -------------------------------------------------------------------    -------------------
                         FDRE (Prop_fdre_C_Q)         0.456     1.429 r  sel_uv_reg/Q
                         net (fo=2, unplaced)         0.817     2.246    HASH_MEM/encap_out[32]
                         LUT5 (Prop_lut5_I0_O)        0.295     2.541 r  HASH_MEM/encap_out[127]_INST_0_i_1/O
                         net (fo=274, unplaced)       0.574     3.115    ENCRYPT/POLY_MULT/INTERLEAVED_RED_MEM/sel_uv_to_enc
                         LUT2 (Prop_lut2_I1_O)        0.124     3.239 r  ENCRYPT/POLY_MULT/INTERLEAVED_RED_MEM/mem_reg_0_i_92/O
                         net (fo=138, unplaced)       0.557     3.796    ENCRYPT/XOR_BASED_ADDER/mem_reg_0
                         LUT4 (Prop_lut4_I0_O)        0.124     3.920 r  ENCRYPT/XOR_BASED_ADDER/mem_reg_0_i_94/O
                         net (fo=138, unplaced)       0.557     4.477    ENCRYPT/XOR_BASED_ADDER/add_out_valid_reg_reg_0
                         LUT6 (Prop_lut6_I0_O)        0.124     4.601 r  ENCRYPT/XOR_BASED_ADDER/mem_reg_0_i_36/O
                         net (fo=1, unplaced)         0.800     5.401    ENCRYPT/POLY_MULT/INTERLEAVED_RED_MEM/data_10[14]
                         RAMB36E1                                     r  ENCRYPT/POLY_MULT/INTERLEAVED_RED_MEM/mem_reg_0/DIADI[14]
  -------------------------------------------------------------------    -------------------

                         (clock clk rise edge)        5.000     5.000 r  
                                                      0.000     5.000 r  clk (IN)
                         net (fo=2959, unset)         0.924     5.924    ENCRYPT/POLY_MULT/INTERLEAVED_RED_MEM/clk
                         RAMB36E1                                     r  ENCRYPT/POLY_MULT/INTERLEAVED_RED_MEM/mem_reg_0/CLKARDCLK
                         clock pessimism              0.000     5.924    
                         clock uncertainty           -0.035     5.889    
                         RAMB36E1 (Setup_ramb36e1_CLKARDCLK_DIADI[14])
                                                     -0.737     5.152    ENCRYPT/POLY_MULT/INTERLEAVED_RED_MEM/mem_reg_0
  -------------------------------------------------------------------
                         required time                          5.152    
                         arrival time                          -5.401    
  -------------------------------------------------------------------
                         slack                                 -0.249    

Slack (VIOLATED) :        -0.249ns  (required time - arrival time)
  Source:                 sel_uv_reg/C
                            (rising edge-triggered cell FDRE clocked by clk  {rise@0.000ns fall@2.500ns period=5.000ns})
  Destination:            ENCRYPT/POLY_MULT/INTERLEAVED_RED_MEM/mem_reg_0/DIADI[15]
                            (rising edge-triggered cell RAMB36E1 clocked by clk  {rise@0.000ns fall@2.500ns period=5.000ns})
  Path Group:             clk
  Path Type:              Setup (Max at Slow Process Corner)
  Requirement:            5.000ns  (clk rise@5.000ns - clk rise@0.000ns)
  Data Path Delay:        4.428ns  (logic 1.123ns (25.363%)  route 3.305ns (74.637%))
  Logic Levels:           4  (LUT2=1 LUT4=1 LUT5=1 LUT6=1)
  Clock Path Skew:        -0.049ns (DCD - SCD + CPR)
    Destination Clock Delay (DCD):    0.924ns = ( 5.924 - 5.000 ) 
    Source Clock Delay      (SCD):    0.973ns
    Clock Pessimism Removal (CPR):    0.000ns
  Clock Uncertainty:      0.035ns  ((TSJ^2 + TIJ^2)^1/2 + DJ) / 2 + PE
    Total System Jitter     (TSJ):    0.071ns
    Total Input Jitter      (TIJ):    0.000ns
    Discrete Jitter          (DJ):    0.000ns
    Phase Error              (PE):    0.000ns

    Location             Delay type                Incr(ns)  Path(ns)    Netlist Resource(s)
  -------------------------------------------------------------------    -------------------
                         (clock clk rise edge)        0.000     0.000 r  
                                                      0.000     0.000 r  clk (IN)
                         net (fo=2959, unset)         0.973     0.973    clk
                         FDRE                                         r  sel_uv_reg/C
  -------------------------------------------------------------------    -------------------
                         FDRE (Prop_fdre_C_Q)         0.456     1.429 r  sel_uv_reg/Q
                         net (fo=2, unplaced)         0.817     2.246    HASH_MEM/encap_out[32]
                         LUT5 (Prop_lut5_I0_O)        0.295     2.541 r  HASH_MEM/encap_out[127]_INST_0_i_1/O
                         net (fo=274, unplaced)       0.574     3.115    ENCRYPT/POLY_MULT/INTERLEAVED_RED_MEM/sel_uv_to_enc
                         LUT2 (Prop_lut2_I1_O)        0.124     3.239 r  ENCRYPT/POLY_MULT/INTERLEAVED_RED_MEM/mem_reg_0_i_92/O
                         net (fo=138, unplaced)       0.557     3.796    ENCRYPT/XOR_BASED_ADDER/mem_reg_0
                         LUT4 (Prop_lut4_I0_O)        0.124     3.920 r  ENCRYPT/XOR_BASED_ADDER/mem_reg_0_i_94/O
                         net (fo=138, unplaced)       0.557     4.477    ENCRYPT/XOR_BASED_ADDER/add_out_valid_reg_reg_0
                         LUT6 (Prop_lut6_I0_O)        0.124     4.601 r  ENCRYPT/XOR_BASED_ADDER/mem_reg_0_i_35/O
                         net (fo=1, unplaced)         0.800     5.401    ENCRYPT/POLY_MULT/INTERLEAVED_RED_MEM/data_10[15]
                         RAMB36E1                                     r  ENCRYPT/POLY_MULT/INTERLEAVED_RED_MEM/mem_reg_0/DIADI[15]
  -------------------------------------------------------------------    -------------------

                         (clock clk rise edge)        5.000     5.000 r  
                                                      0.000     5.000 r  clk (IN)
                         net (fo=2959, unset)         0.924     5.924    ENCRYPT/POLY_MULT/INTERLEAVED_RED_MEM/clk
                         RAMB36E1                                     r  ENCRYPT/POLY_MULT/INTERLEAVED_RED_MEM/mem_reg_0/CLKARDCLK
                         clock pessimism              0.000     5.924    
                         clock uncertainty           -0.035     5.889    
                         RAMB36E1 (Setup_ramb36e1_CLKARDCLK_DIADI[15])
                                                     -0.737     5.152    ENCRYPT/POLY_MULT/INTERLEAVED_RED_MEM/mem_reg_0
  -------------------------------------------------------------------
                         required time                          5.152    
                         arrival time                          -5.401    
  -------------------------------------------------------------------
                         slack                                 -0.249    

Slack (VIOLATED) :        -0.249ns  (required time - arrival time)
  Source:                 sel_uv_reg/C
                            (rising edge-triggered cell FDRE clocked by clk  {rise@0.000ns fall@2.500ns period=5.000ns})
  Destination:            ENCRYPT/POLY_MULT/INTERLEAVED_RED_MEM/mem_reg_0/DIADI[16]
                            (rising edge-triggered cell RAMB36E1 clocked by clk  {rise@0.000ns fall@2.500ns period=5.000ns})
  Path Group:             clk
  Path Type:              Setup (Max at Slow Process Corner)
  Requirement:            5.000ns  (clk rise@5.000ns - clk rise@0.000ns)
  Data Path Delay:        4.428ns  (logic 1.123ns (25.363%)  route 3.305ns (74.637%))
  Logic Levels:           4  (LUT2=1 LUT4=1 LUT5=1 LUT6=1)
  Clock Path Skew:        -0.049ns (DCD - SCD + CPR)
    Destination Clock Delay (DCD):    0.924ns = ( 5.924 - 5.000 ) 
    Source Clock Delay      (SCD):    0.973ns
    Clock Pessimism Removal (CPR):    0.000ns
  Clock Uncertainty:      0.035ns  ((TSJ^2 + TIJ^2)^1/2 + DJ) / 2 + PE
    Total System Jitter     (TSJ):    0.071ns
    Total Input Jitter      (TIJ):    0.000ns
    Discrete Jitter          (DJ):    0.000ns
    Phase Error              (PE):    0.000ns

    Location             Delay type                Incr(ns)  Path(ns)    Netlist Resource(s)
  -------------------------------------------------------------------    -------------------
                         (clock clk rise edge)        0.000     0.000 r  
                                                      0.000     0.000 r  clk (IN)
                         net (fo=2959, unset)         0.973     0.973    clk
                         FDRE                                         r  sel_uv_reg/C
  -------------------------------------------------------------------    -------------------
                         FDRE (Prop_fdre_C_Q)         0.456     1.429 r  sel_uv_reg/Q
                         net (fo=2, unplaced)         0.817     2.246    HASH_MEM/encap_out[32]
                         LUT5 (Prop_lut5_I0_O)        0.295     2.541 r  HASH_MEM/encap_out[127]_INST_0_i_1/O
                         net (fo=274, unplaced)       0.574     3.115    ENCRYPT/POLY_MULT/INTERLEAVED_RED_MEM/sel_uv_to_enc
                         LUT2 (Prop_lut2_I1_O)        0.124     3.239 r  ENCRYPT/POLY_MULT/INTERLEAVED_RED_MEM/mem_reg_0_i_92/O
                         net (fo=138, unplaced)       0.557     3.796    ENCRYPT/XOR_BASED_ADDER/mem_reg_0
                         LUT4 (Prop_lut4_I0_O)        0.124     3.920 r  ENCRYPT/XOR_BASED_ADDER/mem_reg_0_i_94/O
                         net (fo=138, unplaced)       0.557     4.477    ENCRYPT/XOR_BASED_ADDER/add_out_valid_reg_reg_0
                         LUT6 (Prop_lut6_I0_O)        0.124     4.601 r  ENCRYPT/XOR_BASED_ADDER/mem_reg_0_i_34/O
                         net (fo=1, unplaced)         0.800     5.401    ENCRYPT/POLY_MULT/INTERLEAVED_RED_MEM/data_10[16]
                         RAMB36E1                                     r  ENCRYPT/POLY_MULT/INTERLEAVED_RED_MEM/mem_reg_0/DIADI[16]
  -------------------------------------------------------------------    -------------------

                         (clock clk rise edge)        5.000     5.000 r  
                                                      0.000     5.000 r  clk (IN)
                         net (fo=2959, unset)         0.924     5.924    ENCRYPT/POLY_MULT/INTERLEAVED_RED_MEM/clk
                         RAMB36E1                                     r  ENCRYPT/POLY_MULT/INTERLEAVED_RED_MEM/mem_reg_0/CLKARDCLK
                         clock pessimism              0.000     5.924    
                         clock uncertainty           -0.035     5.889    
                         RAMB36E1 (Setup_ramb36e1_CLKARDCLK_DIADI[16])
                                                     -0.737     5.152    ENCRYPT/POLY_MULT/INTERLEAVED_RED_MEM/mem_reg_0
  -------------------------------------------------------------------
                         required time                          5.152    
                         arrival time                          -5.401    
  -------------------------------------------------------------------
                         slack                                 -0.249    

Slack (VIOLATED) :        -0.249ns  (required time - arrival time)
  Source:                 sel_uv_reg/C
                            (rising edge-triggered cell FDRE clocked by clk  {rise@0.000ns fall@2.500ns period=5.000ns})
  Destination:            ENCRYPT/POLY_MULT/INTERLEAVED_RED_MEM/mem_reg_0/DIADI[17]
                            (rising edge-triggered cell RAMB36E1 clocked by clk  {rise@0.000ns fall@2.500ns period=5.000ns})
  Path Group:             clk
  Path Type:              Setup (Max at Slow Process Corner)
  Requirement:            5.000ns  (clk rise@5.000ns - clk rise@0.000ns)
  Data Path Delay:        4.428ns  (logic 1.123ns (25.363%)  route 3.305ns (74.637%))
  Logic Levels:           4  (LUT2=1 LUT4=1 LUT5=1 LUT6=1)
  Clock Path Skew:        -0.049ns (DCD - SCD + CPR)
    Destination Clock Delay (DCD):    0.924ns = ( 5.924 - 5.000 ) 
    Source Clock Delay      (SCD):    0.973ns
    Clock Pessimism Removal (CPR):    0.000ns
  Clock Uncertainty:      0.035ns  ((TSJ^2 + TIJ^2)^1/2 + DJ) / 2 + PE
    Total System Jitter     (TSJ):    0.071ns
    Total Input Jitter      (TIJ):    0.000ns
    Discrete Jitter          (DJ):    0.000ns
    Phase Error              (PE):    0.000ns

    Location             Delay type                Incr(ns)  Path(ns)    Netlist Resource(s)
  -------------------------------------------------------------------    -------------------
                         (clock clk rise edge)        0.000     0.000 r  
                                                      0.000     0.000 r  clk (IN)
                         net (fo=2959, unset)         0.973     0.973    clk
                         FDRE                                         r  sel_uv_reg/C
  -------------------------------------------------------------------    -------------------
                         FDRE (Prop_fdre_C_Q)         0.456     1.429 r  sel_uv_reg/Q
                         net (fo=2, unplaced)         0.817     2.246    HASH_MEM/encap_out[32]
                         LUT5 (Prop_lut5_I0_O)        0.295     2.541 r  HASH_MEM/encap_out[127]_INST_0_i_1/O
                         net (fo=274, unplaced)       0.574     3.115    ENCRYPT/POLY_MULT/INTERLEAVED_RED_MEM/sel_uv_to_enc
                         LUT2 (Prop_lut2_I1_O)        0.124     3.239 r  ENCRYPT/POLY_MULT/INTERLEAVED_RED_MEM/mem_reg_0_i_92/O
                         net (fo=138, unplaced)       0.557     3.796    ENCRYPT/XOR_BASED_ADDER/mem_reg_0
                         LUT4 (Prop_lut4_I0_O)        0.124     3.920 r  ENCRYPT/XOR_BASED_ADDER/mem_reg_0_i_94/O
                         net (fo=138, unplaced)       0.557     4.477    ENCRYPT/XOR_BASED_ADDER/add_out_valid_reg_reg_0
                         LUT6 (Prop_lut6_I0_O)        0.124     4.601 r  ENCRYPT/XOR_BASED_ADDER/mem_reg_0_i_33/O
                         net (fo=1, unplaced)         0.800     5.401    ENCRYPT/POLY_MULT/INTERLEAVED_RED_MEM/data_10[17]
                         RAMB36E1                                     r  ENCRYPT/POLY_MULT/INTERLEAVED_RED_MEM/mem_reg_0/DIADI[17]
  -------------------------------------------------------------------    -------------------

                         (clock clk rise edge)        5.000     5.000 r  
                                                      0.000     5.000 r  clk (IN)
                         net (fo=2959, unset)         0.924     5.924    ENCRYPT/POLY_MULT/INTERLEAVED_RED_MEM/clk
                         RAMB36E1                                     r  ENCRYPT/POLY_MULT/INTERLEAVED_RED_MEM/mem_reg_0/CLKARDCLK
                         clock pessimism              0.000     5.924    
                         clock uncertainty           -0.035     5.889    
                         RAMB36E1 (Setup_ramb36e1_CLKARDCLK_DIADI[17])
                                                     -0.737     5.152    ENCRYPT/POLY_MULT/INTERLEAVED_RED_MEM/mem_reg_0
  -------------------------------------------------------------------
                         required time                          5.152    
                         arrival time                          -5.401    
  -------------------------------------------------------------------
                         slack                                 -0.249    

Slack (VIOLATED) :        -0.249ns  (required time - arrival time)
  Source:                 sel_uv_reg/C
                            (rising edge-triggered cell FDRE clocked by clk  {rise@0.000ns fall@2.500ns period=5.000ns})
  Destination:            ENCRYPT/POLY_MULT/INTERLEAVED_RED_MEM/mem_reg_0/DIADI[18]
                            (rising edge-triggered cell RAMB36E1 clocked by clk  {rise@0.000ns fall@2.500ns period=5.000ns})
  Path Group:             clk
  Path Type:              Setup (Max at Slow Process Corner)
  Requirement:            5.000ns  (clk rise@5.000ns - clk rise@0.000ns)
  Data Path Delay:        4.428ns  (logic 1.123ns (25.363%)  route 3.305ns (74.637%))
  Logic Levels:           4  (LUT2=1 LUT4=1 LUT5=1 LUT6=1)
  Clock Path Skew:        -0.049ns (DCD - SCD + CPR)
    Destination Clock Delay (DCD):    0.924ns = ( 5.924 - 5.000 ) 
    Source Clock Delay      (SCD):    0.973ns
    Clock Pessimism Removal (CPR):    0.000ns
  Clock Uncertainty:      0.035ns  ((TSJ^2 + TIJ^2)^1/2 + DJ) / 2 + PE
    Total System Jitter     (TSJ):    0.071ns
    Total Input Jitter      (TIJ):    0.000ns
    Discrete Jitter          (DJ):    0.000ns
    Phase Error              (PE):    0.000ns

    Location             Delay type                Incr(ns)  Path(ns)    Netlist Resource(s)
  -------------------------------------------------------------------    -------------------
                         (clock clk rise edge)        0.000     0.000 r  
                                                      0.000     0.000 r  clk (IN)
                         net (fo=2959, unset)         0.973     0.973    clk
                         FDRE                                         r  sel_uv_reg/C
  -------------------------------------------------------------------    -------------------
                         FDRE (Prop_fdre_C_Q)         0.456     1.429 r  sel_uv_reg/Q
                         net (fo=2, unplaced)         0.817     2.246    HASH_MEM/encap_out[32]
                         LUT5 (Prop_lut5_I0_O)        0.295     2.541 r  HASH_MEM/encap_out[127]_INST_0_i_1/O
                         net (fo=274, unplaced)       0.574     3.115    ENCRYPT/POLY_MULT/INTERLEAVED_RED_MEM/sel_uv_to_enc
                         LUT2 (Prop_lut2_I1_O)        0.124     3.239 r  ENCRYPT/POLY_MULT/INTERLEAVED_RED_MEM/mem_reg_0_i_92/O
                         net (fo=138, unplaced)       0.557     3.796    ENCRYPT/XOR_BASED_ADDER/mem_reg_0
                         LUT4 (Prop_lut4_I0_O)        0.124     3.920 r  ENCRYPT/XOR_BASED_ADDER/mem_reg_0_i_94/O
                         net (fo=138, unplaced)       0.557     4.477    ENCRYPT/XOR_BASED_ADDER/add_out_valid_reg_reg_0
                         LUT6 (Prop_lut6_I0_O)        0.124     4.601 r  ENCRYPT/XOR_BASED_ADDER/mem_reg_0_i_32/O
                         net (fo=1, unplaced)         0.800     5.401    ENCRYPT/POLY_MULT/INTERLEAVED_RED_MEM/data_10[18]
                         RAMB36E1                                     r  ENCRYPT/POLY_MULT/INTERLEAVED_RED_MEM/mem_reg_0/DIADI[18]
  -------------------------------------------------------------------    -------------------

                         (clock clk rise edge)        5.000     5.000 r  
                                                      0.000     5.000 r  clk (IN)
                         net (fo=2959, unset)         0.924     5.924    ENCRYPT/POLY_MULT/INTERLEAVED_RED_MEM/clk
                         RAMB36E1                                     r  ENCRYPT/POLY_MULT/INTERLEAVED_RED_MEM/mem_reg_0/CLKARDCLK
                         clock pessimism              0.000     5.924    
                         clock uncertainty           -0.035     5.889    
                         RAMB36E1 (Setup_ramb36e1_CLKARDCLK_DIADI[18])
                                                     -0.737     5.152    ENCRYPT/POLY_MULT/INTERLEAVED_RED_MEM/mem_reg_0
  -------------------------------------------------------------------
                         required time                          5.152    
                         arrival time                          -5.401    
  -------------------------------------------------------------------
                         slack                                 -0.249    

Slack (VIOLATED) :        -0.249ns  (required time - arrival time)
  Source:                 sel_uv_reg/C
                            (rising edge-triggered cell FDRE clocked by clk  {rise@0.000ns fall@2.500ns period=5.000ns})
  Destination:            ENCRYPT/POLY_MULT/INTERLEAVED_RED_MEM/mem_reg_0/DIADI[19]
                            (rising edge-triggered cell RAMB36E1 clocked by clk  {rise@0.000ns fall@2.500ns period=5.000ns})
  Path Group:             clk
  Path Type:              Setup (Max at Slow Process Corner)
  Requirement:            5.000ns  (clk rise@5.000ns - clk rise@0.000ns)
  Data Path Delay:        4.428ns  (logic 1.123ns (25.363%)  route 3.305ns (74.637%))
  Logic Levels:           4  (LUT2=1 LUT4=1 LUT5=1 LUT6=1)
  Clock Path Skew:        -0.049ns (DCD - SCD + CPR)
    Destination Clock Delay (DCD):    0.924ns = ( 5.924 - 5.000 ) 
    Source Clock Delay      (SCD):    0.973ns
    Clock Pessimism Removal (CPR):    0.000ns
  Clock Uncertainty:      0.035ns  ((TSJ^2 + TIJ^2)^1/2 + DJ) / 2 + PE
    Total System Jitter     (TSJ):    0.071ns
    Total Input Jitter      (TIJ):    0.000ns
    Discrete Jitter          (DJ):    0.000ns
    Phase Error              (PE):    0.000ns

    Location             Delay type                Incr(ns)  Path(ns)    Netlist Resource(s)
  -------------------------------------------------------------------    -------------------
                         (clock clk rise edge)        0.000     0.000 r  
                                                      0.000     0.000 r  clk (IN)
                         net (fo=2959, unset)         0.973     0.973    clk
                         FDRE                                         r  sel_uv_reg/C
  -------------------------------------------------------------------    -------------------
                         FDRE (Prop_fdre_C_Q)         0.456     1.429 r  sel_uv_reg/Q
                         net (fo=2, unplaced)         0.817     2.246    HASH_MEM/encap_out[32]
                         LUT5 (Prop_lut5_I0_O)        0.295     2.541 r  HASH_MEM/encap_out[127]_INST_0_i_1/O
                         net (fo=274, unplaced)       0.574     3.115    ENCRYPT/POLY_MULT/INTERLEAVED_RED_MEM/sel_uv_to_enc
                         LUT2 (Prop_lut2_I1_O)        0.124     3.239 r  ENCRYPT/POLY_MULT/INTERLEAVED_RED_MEM/mem_reg_0_i_92/O
                         net (fo=138, unplaced)       0.557     3.796    ENCRYPT/XOR_BASED_ADDER/mem_reg_0
                         LUT4 (Prop_lut4_I0_O)        0.124     3.920 r  ENCRYPT/XOR_BASED_ADDER/mem_reg_0_i_94/O
                         net (fo=138, unplaced)       0.557     4.477    ENCRYPT/XOR_BASED_ADDER/add_out_valid_reg_reg_0
                         LUT6 (Prop_lut6_I0_O)        0.124     4.601 r  ENCRYPT/XOR_BASED_ADDER/mem_reg_0_i_31/O
                         net (fo=1, unplaced)         0.800     5.401    ENCRYPT/POLY_MULT/INTERLEAVED_RED_MEM/data_10[19]
                         RAMB36E1                                     r  ENCRYPT/POLY_MULT/INTERLEAVED_RED_MEM/mem_reg_0/DIADI[19]
  -------------------------------------------------------------------    -------------------

                         (clock clk rise edge)        5.000     5.000 r  
                                                      0.000     5.000 r  clk (IN)
                         net (fo=2959, unset)         0.924     5.924    ENCRYPT/POLY_MULT/INTERLEAVED_RED_MEM/clk
                         RAMB36E1                                     r  ENCRYPT/POLY_MULT/INTERLEAVED_RED_MEM/mem_reg_0/CLKARDCLK
                         clock pessimism              0.000     5.924    
                         clock uncertainty           -0.035     5.889    
                         RAMB36E1 (Setup_ramb36e1_CLKARDCLK_DIADI[19])
                                                     -0.737     5.152    ENCRYPT/POLY_MULT/INTERLEAVED_RED_MEM/mem_reg_0
  -------------------------------------------------------------------
                         required time                          5.152    
                         arrival time                          -5.401    
  -------------------------------------------------------------------
                         slack                                 -0.249    

Slack (VIOLATED) :        -0.249ns  (required time - arrival time)
  Source:                 sel_uv_reg/C
                            (rising edge-triggered cell FDRE clocked by clk  {rise@0.000ns fall@2.500ns period=5.000ns})
  Destination:            ENCRYPT/POLY_MULT/INTERLEAVED_RED_MEM/mem_reg_0/DIADI[1]
                            (rising edge-triggered cell RAMB36E1 clocked by clk  {rise@0.000ns fall@2.500ns period=5.000ns})
  Path Group:             clk
  Path Type:              Setup (Max at Slow Process Corner)
  Requirement:            5.000ns  (clk rise@5.000ns - clk rise@0.000ns)
  Data Path Delay:        4.428ns  (logic 1.123ns (25.363%)  route 3.305ns (74.637%))
  Logic Levels:           4  (LUT2=1 LUT4=1 LUT5=1 LUT6=1)
  Clock Path Skew:        -0.049ns (DCD - SCD + CPR)
    Destination Clock Delay (DCD):    0.924ns = ( 5.924 - 5.000 ) 
    Source Clock Delay      (SCD):    0.973ns
    Clock Pessimism Removal (CPR):    0.000ns
  Clock Uncertainty:      0.035ns  ((TSJ^2 + TIJ^2)^1/2 + DJ) / 2 + PE
    Total System Jitter     (TSJ):    0.071ns
    Total Input Jitter      (TIJ):    0.000ns
    Discrete Jitter          (DJ):    0.000ns
    Phase Error              (PE):    0.000ns

    Location             Delay type                Incr(ns)  Path(ns)    Netlist Resource(s)
  -------------------------------------------------------------------    -------------------
                         (clock clk rise edge)        0.000     0.000 r  
                                                      0.000     0.000 r  clk (IN)
                         net (fo=2959, unset)         0.973     0.973    clk
                         FDRE                                         r  sel_uv_reg/C
  -------------------------------------------------------------------    -------------------
                         FDRE (Prop_fdre_C_Q)         0.456     1.429 r  sel_uv_reg/Q
                         net (fo=2, unplaced)         0.817     2.246    HASH_MEM/encap_out[32]
                         LUT5 (Prop_lut5_I0_O)        0.295     2.541 r  HASH_MEM/encap_out[127]_INST_0_i_1/O
                         net (fo=274, unplaced)       0.574     3.115    ENCRYPT/POLY_MULT/INTERLEAVED_RED_MEM/sel_uv_to_enc
                         LUT2 (Prop_lut2_I1_O)        0.124     3.239 r  ENCRYPT/POLY_MULT/INTERLEAVED_RED_MEM/mem_reg_0_i_92/O
                         net (fo=138, unplaced)       0.557     3.796    ENCRYPT/XOR_BASED_ADDER/mem_reg_0
                         LUT4 (Prop_lut4_I0_O)        0.124     3.920 r  ENCRYPT/XOR_BASED_ADDER/mem_reg_0_i_94/O
                         net (fo=138, unplaced)       0.557     4.477    ENCRYPT/XOR_BASED_ADDER/add_out_valid_reg_reg_0
                         LUT6 (Prop_lut6_I0_O)        0.124     4.601 r  ENCRYPT/XOR_BASED_ADDER/mem_reg_0_i_49/O
                         net (fo=1, unplaced)         0.800     5.401    ENCRYPT/POLY_MULT/INTERLEAVED_RED_MEM/data_10[1]
                         RAMB36E1                                     r  ENCRYPT/POLY_MULT/INTERLEAVED_RED_MEM/mem_reg_0/DIADI[1]
  -------------------------------------------------------------------    -------------------

                         (clock clk rise edge)        5.000     5.000 r  
                                                      0.000     5.000 r  clk (IN)
                         net (fo=2959, unset)         0.924     5.924    ENCRYPT/POLY_MULT/INTERLEAVED_RED_MEM/clk
                         RAMB36E1                                     r  ENCRYPT/POLY_MULT/INTERLEAVED_RED_MEM/mem_reg_0/CLKARDCLK
                         clock pessimism              0.000     5.924    
                         clock uncertainty           -0.035     5.889    
                         RAMB36E1 (Setup_ramb36e1_CLKARDCLK_DIADI[1])
                                                     -0.737     5.152    ENCRYPT/POLY_MULT/INTERLEAVED_RED_MEM/mem_reg_0
  -------------------------------------------------------------------
                         required time                          5.152    
                         arrival time                          -5.401    
  -------------------------------------------------------------------
                         slack                                 -0.249    




