Copyright 1986-2022 Xilinx, Inc. All Rights Reserved. Copyright 2022-2025 Advanced Micro Devices, Inc. All Rights Reserved.
---------------------------------------------------------------------------------------------------------------------------------------------
| Tool Version : Vivado v.2025.2 (lin64) Build 6299465 Fri Nov 14 12:34:56 MST 2025
| Date         : Tue Jun 16 20:26:20 2026
| Host         : MSI running 64-bit Ubuntu 26.04 LTS
| Command      : report_timing -max_paths 20 -sort_by slack -file ./synth_out/paths/fixed_weight_hqc256_top20.rpt
| Design       : fixed_weight
| Device       : 7a200t-fbg676
| Speed File   : -1  PRODUCTION 1.23 2018-06-13
| Design State : Synthesized
---------------------------------------------------------------------------------------------------------------------------------------------

Timing Report

Slack (VIOLATED) :        -0.192ns  (required time - arrival time)
  Source:                 weight_count_reg[3]/C
                            (rising edge-triggered cell FDRE clocked by clk  {rise@0.000ns fall@2.500ns period=5.000ns})
  Destination:            rd_addr_ctx_reg[1]/R
                            (rising edge-triggered cell FDRE clocked by clk  {rise@0.000ns fall@2.500ns period=5.000ns})
  Path Group:             clk
  Path Type:              Setup (Max at Slow Process Corner)
  Requirement:            5.000ns  (clk rise@5.000ns - clk rise@0.000ns)
  Data Path Delay:        4.675ns  (logic 1.185ns (25.348%)  route 3.490ns (74.652%))
  Logic Levels:           4  (LUT4=1 LUT5=1 LUT6=2)
  Clock Path Skew:        -0.049ns (DCD - SCD + CPR)
    Destination Clock Delay (DCD):    0.924ns = ( 5.924 - 5.000 ) 
    Source Clock Delay      (SCD):    0.973ns
    Clock Pessimism Removal (CPR):    0.000ns
  Clock Uncertainty:      0.035ns  ((TSJ^2 + TIJ^2)^1/2 + DJ) / 2 + PE
    Total System Jitter     (TSJ):    0.071ns
    Total Input Jitter      (TIJ):    0.000ns
    Discrete Jitter          (DJ):    0.000ns
    Phase Error              (PE):    0.000ns

    Location             Delay type                Incr(ns)  Path(ns)    Netlist Resource(s)
  -------------------------------------------------------------------    -------------------
                         (clock clk rise edge)        0.000     0.000 r  
                                                      0.000     0.000 r  clk (IN)
                         net (fo=123, unset)          0.973     0.973    clk
                         FDRE                                         r  weight_count_reg[3]/C
  -------------------------------------------------------------------    -------------------
                         FDRE (Prop_fdre_C_Q)         0.518     1.491 f  weight_count_reg[3]/Q
                         net (fo=8, unplaced)         0.844     2.335    onegen_instance/weight_count_reg[0]_0[3]
                         LUT5 (Prop_lut5_I0_O)        0.295     2.630 r  onegen_instance/seed_valid_internal_INST_0_i_10/O
                         net (fo=1, unplaced)         0.449     3.079    onegen_instance/seed_valid_internal_INST_0_i_10_n_0
                         LUT4 (Prop_lut4_I0_O)        0.124     3.203 r  onegen_instance/seed_valid_internal_INST_0_i_7/O
                         net (fo=6, unplaced)         0.934     4.137    onegen_instance/weight_count_reg[5]
                         LUT6 (Prop_lut6_I3_O)        0.124     4.261 r  onegen_instance/rd_addr_ctx[8]_i_8/O
                         net (fo=1, unplaced)         0.449     4.710    onegen_instance/rd_addr_ctx[8]_i_8_n_0
                         LUT6 (Prop_lut6_I5_O)        0.124     4.834 r  onegen_instance/rd_addr_ctx[8]_i_1/O
                         net (fo=8, unplaced)         0.814     5.648    p_0_in[4]
                         FDRE                                         r  rd_addr_ctx_reg[1]/R
  -------------------------------------------------------------------    -------------------

                         (clock clk rise edge)        5.000     5.000 r  
                                                      0.000     5.000 r  clk (IN)
                         net (fo=123, unset)          0.924     5.924    clk
                         FDRE                                         r  rd_addr_ctx_reg[1]/C
                         clock pessimism              0.000     5.924    
                         clock uncertainty           -0.035     5.889    
                         FDRE (Setup_fdre_C_R)       -0.433     5.456    rd_addr_ctx_reg[1]
  -------------------------------------------------------------------
                         required time                          5.456    
                         arrival time                          -5.648    
  -------------------------------------------------------------------
                         slack                                 -0.192    

Slack (VIOLATED) :        -0.192ns  (required time - arrival time)
  Source:                 weight_count_reg[3]/C
                            (rising edge-triggered cell FDRE clocked by clk  {rise@0.000ns fall@2.500ns period=5.000ns})
  Destination:            rd_addr_ctx_reg[2]/R
                            (rising edge-triggered cell FDRE clocked by clk  {rise@0.000ns fall@2.500ns period=5.000ns})
  Path Group:             clk
  Path Type:              Setup (Max at Slow Process Corner)
  Requirement:            5.000ns  (clk rise@5.000ns - clk rise@0.000ns)
  Data Path Delay:        4.675ns  (logic 1.185ns (25.348%)  route 3.490ns (74.652%))
  Logic Levels:           4  (LUT4=1 LUT5=1 LUT6=2)
  Clock Path Skew:        -0.049ns (DCD - SCD + CPR)
    Destination Clock Delay (DCD):    0.924ns = ( 5.924 - 5.000 ) 
    Source Clock Delay      (SCD):    0.973ns
    Clock Pessimism Removal (CPR):    0.000ns
  Clock Uncertainty:      0.035ns  ((TSJ^2 + TIJ^2)^1/2 + DJ) / 2 + PE
    Total System Jitter     (TSJ):    0.071ns
    Total Input Jitter      (TIJ):    0.000ns
    Discrete Jitter          (DJ):    0.000ns
    Phase Error              (PE):    0.000ns

    Location             Delay type                Incr(ns)  Path(ns)    Netlist Resource(s)
  -------------------------------------------------------------------    -------------------
                         (clock clk rise edge)        0.000     0.000 r  
                                                      0.000     0.000 r  clk (IN)
                         net (fo=123, unset)          0.973     0.973    clk
                         FDRE                                         r  weight_count_reg[3]/C
  -------------------------------------------------------------------    -------------------
                         FDRE (Prop_fdre_C_Q)         0.518     1.491 f  weight_count_reg[3]/Q
                         net (fo=8, unplaced)         0.844     2.335    onegen_instance/weight_count_reg[0]_0[3]
                         LUT5 (Prop_lut5_I0_O)        0.295     2.630 r  onegen_instance/seed_valid_internal_INST_0_i_10/O
                         net (fo=1, unplaced)         0.449     3.079    onegen_instance/seed_valid_internal_INST_0_i_10_n_0
                         LUT4 (Prop_lut4_I0_O)        0.124     3.203 r  onegen_instance/seed_valid_internal_INST_0_i_7/O
                         net (fo=6, unplaced)         0.934     4.137    onegen_instance/weight_count_reg[5]
                         LUT6 (Prop_lut6_I3_O)        0.124     4.261 r  onegen_instance/rd_addr_ctx[8]_i_8/O
                         net (fo=1, unplaced)         0.449     4.710    onegen_instance/rd_addr_ctx[8]_i_8_n_0
                         LUT6 (Prop_lut6_I5_O)        0.124     4.834 r  onegen_instance/rd_addr_ctx[8]_i_1/O
                         net (fo=8, unplaced)         0.814     5.648    p_0_in[4]
                         FDRE                                         r  rd_addr_ctx_reg[2]/R
  -------------------------------------------------------------------    -------------------

                         (clock clk rise edge)        5.000     5.000 r  
                                                      0.000     5.000 r  clk (IN)
                         net (fo=123, unset)          0.924     5.924    clk
                         FDRE                                         r  rd_addr_ctx_reg[2]/C
                         clock pessimism              0.000     5.924    
                         clock uncertainty           -0.035     5.889    
                         FDRE (Setup_fdre_C_R)       -0.433     5.456    rd_addr_ctx_reg[2]
  -------------------------------------------------------------------
                         required time                          5.456    
                         arrival time                          -5.648    
  -------------------------------------------------------------------
                         slack                                 -0.192    

Slack (VIOLATED) :        -0.192ns  (required time - arrival time)
  Source:                 weight_count_reg[3]/C
                            (rising edge-triggered cell FDRE clocked by clk  {rise@0.000ns fall@2.500ns period=5.000ns})
  Destination:            rd_addr_ctx_reg[3]/R
                            (rising edge-triggered cell FDRE clocked by clk  {rise@0.000ns fall@2.500ns period=5.000ns})
  Path Group:             clk
  Path Type:              Setup (Max at Slow Process Corner)
  Requirement:            5.000ns  (clk rise@5.000ns - clk rise@0.000ns)
  Data Path Delay:        4.675ns  (logic 1.185ns (25.348%)  route 3.490ns (74.652%))
  Logic Levels:           4  (LUT4=1 LUT5=1 LUT6=2)
  Clock Path Skew:        -0.049ns (DCD - SCD + CPR)
    Destination Clock Delay (DCD):    0.924ns = ( 5.924 - 5.000 ) 
    Source Clock Delay      (SCD):    0.973ns
    Clock Pessimism Removal (CPR):    0.000ns
  Clock Uncertainty:      0.035ns  ((TSJ^2 + TIJ^2)^1/2 + DJ) / 2 + PE
    Total System Jitter     (TSJ):    0.071ns
    Total Input Jitter      (TIJ):    0.000ns
    Discrete Jitter          (DJ):    0.000ns
    Phase Error              (PE):    0.000ns

    Location             Delay type                Incr(ns)  Path(ns)    Netlist Resource(s)
  -------------------------------------------------------------------    -------------------
                         (clock clk rise edge)        0.000     0.000 r  
                                                      0.000     0.000 r  clk (IN)
                         net (fo=123, unset)          0.973     0.973    clk
                         FDRE                                         r  weight_count_reg[3]/C
  -------------------------------------------------------------------    -------------------
                         FDRE (Prop_fdre_C_Q)         0.518     1.491 f  weight_count_reg[3]/Q
                         net (fo=8, unplaced)         0.844     2.335    onegen_instance/weight_count_reg[0]_0[3]
                         LUT5 (Prop_lut5_I0_O)        0.295     2.630 r  onegen_instance/seed_valid_internal_INST_0_i_10/O
                         net (fo=1, unplaced)         0.449     3.079    onegen_instance/seed_valid_internal_INST_0_i_10_n_0
                         LUT4 (Prop_lut4_I0_O)        0.124     3.203 r  onegen_instance/seed_valid_internal_INST_0_i_7/O
                         net (fo=6, unplaced)         0.934     4.137    onegen_instance/weight_count_reg[5]
                         LUT6 (Prop_lut6_I3_O)        0.124     4.261 r  onegen_instance/rd_addr_ctx[8]_i_8/O
                         net (fo=1, unplaced)         0.449     4.710    onegen_instance/rd_addr_ctx[8]_i_8_n_0
                         LUT6 (Prop_lut6_I5_O)        0.124     4.834 r  onegen_instance/rd_addr_ctx[8]_i_1/O
                         net (fo=8, unplaced)         0.814     5.648    p_0_in[4]
                         FDRE                                         r  rd_addr_ctx_reg[3]/R
  -------------------------------------------------------------------    -------------------

                         (clock clk rise edge)        5.000     5.000 r  
                                                      0.000     5.000 r  clk (IN)
                         net (fo=123, unset)          0.924     5.924    clk
                         FDRE                                         r  rd_addr_ctx_reg[3]/C
                         clock pessimism              0.000     5.924    
                         clock uncertainty           -0.035     5.889    
                         FDRE (Setup_fdre_C_R)       -0.433     5.456    rd_addr_ctx_reg[3]
  -------------------------------------------------------------------
                         required time                          5.456    
                         arrival time                          -5.648    
  -------------------------------------------------------------------
                         slack                                 -0.192    

Slack (VIOLATED) :        -0.192ns  (required time - arrival time)
  Source:                 weight_count_reg[3]/C
                            (rising edge-triggered cell FDRE clocked by clk  {rise@0.000ns fall@2.500ns period=5.000ns})
  Destination:            rd_addr_ctx_reg[4]/R
                            (rising edge-triggered cell FDRE clocked by clk  {rise@0.000ns fall@2.500ns period=5.000ns})
  Path Group:             clk
  Path Type:              Setup (Max at Slow Process Corner)
  Requirement:            5.000ns  (clk rise@5.000ns - clk rise@0.000ns)
  Data Path Delay:        4.675ns  (logic 1.185ns (25.348%)  route 3.490ns (74.652%))
  Logic Levels:           4  (LUT4=1 LUT5=1 LUT6=2)
  Clock Path Skew:        -0.049ns (DCD - SCD + CPR)
    Destination Clock Delay (DCD):    0.924ns = ( 5.924 - 5.000 ) 
    Source Clock Delay      (SCD):    0.973ns
    Clock Pessimism Removal (CPR):    0.000ns
  Clock Uncertainty:      0.035ns  ((TSJ^2 + TIJ^2)^1/2 + DJ) / 2 + PE
    Total System Jitter     (TSJ):    0.071ns
    Total Input Jitter      (TIJ):    0.000ns
    Discrete Jitter          (DJ):    0.000ns
    Phase Error              (PE):    0.000ns

    Location             Delay type                Incr(ns)  Path(ns)    Netlist Resource(s)
  -------------------------------------------------------------------    -------------------
                         (clock clk rise edge)        0.000     0.000 r  
                                                      0.000     0.000 r  clk (IN)
                         net (fo=123, unset)          0.973     0.973    clk
                         FDRE                                         r  weight_count_reg[3]/C
  -------------------------------------------------------------------    -------------------
                         FDRE (Prop_fdre_C_Q)         0.518     1.491 f  weight_count_reg[3]/Q
                         net (fo=8, unplaced)         0.844     2.335    onegen_instance/weight_count_reg[0]_0[3]
                         LUT5 (Prop_lut5_I0_O)        0.295     2.630 r  onegen_instance/seed_valid_internal_INST_0_i_10/O
                         net (fo=1, unplaced)         0.449     3.079    onegen_instance/seed_valid_internal_INST_0_i_10_n_0
                         LUT4 (Prop_lut4_I0_O)        0.124     3.203 r  onegen_instance/seed_valid_internal_INST_0_i_7/O
                         net (fo=6, unplaced)         0.934     4.137    onegen_instance/weight_count_reg[5]
                         LUT6 (Prop_lut6_I3_O)        0.124     4.261 r  onegen_instance/rd_addr_ctx[8]_i_8/O
                         net (fo=1, unplaced)         0.449     4.710    onegen_instance/rd_addr_ctx[8]_i_8_n_0
                         LUT6 (Prop_lut6_I5_O)        0.124     4.834 r  onegen_instance/rd_addr_ctx[8]_i_1/O
                         net (fo=8, unplaced)         0.814     5.648    p_0_in[4]
                         FDRE                                         r  rd_addr_ctx_reg[4]/R
  -------------------------------------------------------------------    -------------------

                         (clock clk rise edge)        5.000     5.000 r  
                                                      0.000     5.000 r  clk (IN)
                         net (fo=123, unset)          0.924     5.924    clk
                         FDRE                                         r  rd_addr_ctx_reg[4]/C
                         clock pessimism              0.000     5.924    
                         clock uncertainty           -0.035     5.889    
                         FDRE (Setup_fdre_C_R)       -0.433     5.456    rd_addr_ctx_reg[4]
  -------------------------------------------------------------------
                         required time                          5.456    
                         arrival time                          -5.648    
  -------------------------------------------------------------------
                         slack                                 -0.192    

Slack (VIOLATED) :        -0.192ns  (required time - arrival time)
  Source:                 weight_count_reg[3]/C
                            (rising edge-triggered cell FDRE clocked by clk  {rise@0.000ns fall@2.500ns period=5.000ns})
  Destination:            rd_addr_ctx_reg[5]/R
                            (rising edge-triggered cell FDRE clocked by clk  {rise@0.000ns fall@2.500ns period=5.000ns})
  Path Group:             clk
  Path Type:              Setup (Max at Slow Process Corner)
  Requirement:            5.000ns  (clk rise@5.000ns - clk rise@0.000ns)
  Data Path Delay:        4.675ns  (logic 1.185ns (25.348%)  route 3.490ns (74.652%))
  Logic Levels:           4  (LUT4=1 LUT5=1 LUT6=2)
  Clock Path Skew:        -0.049ns (DCD - SCD + CPR)
    Destination Clock Delay (DCD):    0.924ns = ( 5.924 - 5.000 ) 
    Source Clock Delay      (SCD):    0.973ns
    Clock Pessimism Removal (CPR):    0.000ns
  Clock Uncertainty:      0.035ns  ((TSJ^2 + TIJ^2)^1/2 + DJ) / 2 + PE
    Total System Jitter     (TSJ):    0.071ns
    Total Input Jitter      (TIJ):    0.000ns
    Discrete Jitter          (DJ):    0.000ns
    Phase Error              (PE):    0.000ns

    Location             Delay type                Incr(ns)  Path(ns)    Netlist Resource(s)
  -------------------------------------------------------------------    -------------------
                         (clock clk rise edge)        0.000     0.000 r  
                                                      0.000     0.000 r  clk (IN)
                         net (fo=123, unset)          0.973     0.973    clk
                         FDRE                                         r  weight_count_reg[3]/C
  -------------------------------------------------------------------    -------------------
                         FDRE (Prop_fdre_C_Q)         0.518     1.491 f  weight_count_reg[3]/Q
                         net (fo=8, unplaced)         0.844     2.335    onegen_instance/weight_count_reg[0]_0[3]
                         LUT5 (Prop_lut5_I0_O)        0.295     2.630 r  onegen_instance/seed_valid_internal_INST_0_i_10/O
                         net (fo=1, unplaced)         0.449     3.079    onegen_instance/seed_valid_internal_INST_0_i_10_n_0
                         LUT4 (Prop_lut4_I0_O)        0.124     3.203 r  onegen_instance/seed_valid_internal_INST_0_i_7/O
                         net (fo=6, unplaced)         0.934     4.137    onegen_instance/weight_count_reg[5]
                         LUT6 (Prop_lut6_I3_O)        0.124     4.261 r  onegen_instance/rd_addr_ctx[8]_i_8/O
                         net (fo=1, unplaced)         0.449     4.710    onegen_instance/rd_addr_ctx[8]_i_8_n_0
                         LUT6 (Prop_lut6_I5_O)        0.124     4.834 r  onegen_instance/rd_addr_ctx[8]_i_1/O
                         net (fo=8, unplaced)         0.814     5.648    p_0_in[4]
                         FDRE                                         r  rd_addr_ctx_reg[5]/R
  -------------------------------------------------------------------    -------------------

                         (clock clk rise edge)        5.000     5.000 r  
                                                      0.000     5.000 r  clk (IN)
                         net (fo=123, unset)          0.924     5.924    clk
                         FDRE                                         r  rd_addr_ctx_reg[5]/C
                         clock pessimism              0.000     5.924    
                         clock uncertainty           -0.035     5.889    
                         FDRE (Setup_fdre_C_R)       -0.433     5.456    rd_addr_ctx_reg[5]
  -------------------------------------------------------------------
                         required time                          5.456    
                         arrival time                          -5.648    
  -------------------------------------------------------------------
                         slack                                 -0.192    

Slack (VIOLATED) :        -0.192ns  (required time - arrival time)
  Source:                 weight_count_reg[3]/C
                            (rising edge-triggered cell FDRE clocked by clk  {rise@0.000ns fall@2.500ns period=5.000ns})
  Destination:            rd_addr_ctx_reg[6]/R
                            (rising edge-triggered cell FDRE clocked by clk  {rise@0.000ns fall@2.500ns period=5.000ns})
  Path Group:             clk
  Path Type:              Setup (Max at Slow Process Corner)
  Requirement:            5.000ns  (clk rise@5.000ns - clk rise@0.000ns)
  Data Path Delay:        4.675ns  (logic 1.185ns (25.348%)  route 3.490ns (74.652%))
  Logic Levels:           4  (LUT4=1 LUT5=1 LUT6=2)
  Clock Path Skew:        -0.049ns (DCD - SCD + CPR)
    Destination Clock Delay (DCD):    0.924ns = ( 5.924 - 5.000 ) 
    Source Clock Delay      (SCD):    0.973ns
    Clock Pessimism Removal (CPR):    0.000ns
  Clock Uncertainty:      0.035ns  ((TSJ^2 + TIJ^2)^1/2 + DJ) / 2 + PE
    Total System Jitter     (TSJ):    0.071ns
    Total Input Jitter      (TIJ):    0.000ns
    Discrete Jitter          (DJ):    0.000ns
    Phase Error              (PE):    0.000ns

    Location             Delay type                Incr(ns)  Path(ns)    Netlist Resource(s)
  -------------------------------------------------------------------    -------------------
                         (clock clk rise edge)        0.000     0.000 r  
                                                      0.000     0.000 r  clk (IN)
                         net (fo=123, unset)          0.973     0.973    clk
                         FDRE                                         r  weight_count_reg[3]/C
  -------------------------------------------------------------------    -------------------
                         FDRE (Prop_fdre_C_Q)         0.518     1.491 f  weight_count_reg[3]/Q
                         net (fo=8, unplaced)         0.844     2.335    onegen_instance/weight_count_reg[0]_0[3]
                         LUT5 (Prop_lut5_I0_O)        0.295     2.630 r  onegen_instance/seed_valid_internal_INST_0_i_10/O
                         net (fo=1, unplaced)         0.449     3.079    onegen_instance/seed_valid_internal_INST_0_i_10_n_0
                         LUT4 (Prop_lut4_I0_O)        0.124     3.203 r  onegen_instance/seed_valid_internal_INST_0_i_7/O
                         net (fo=6, unplaced)         0.934     4.137    onegen_instance/weight_count_reg[5]
                         LUT6 (Prop_lut6_I3_O)        0.124     4.261 r  onegen_instance/rd_addr_ctx[8]_i_8/O
                         net (fo=1, unplaced)         0.449     4.710    onegen_instance/rd_addr_ctx[8]_i_8_n_0
                         LUT6 (Prop_lut6_I5_O)        0.124     4.834 r  onegen_instance/rd_addr_ctx[8]_i_1/O
                         net (fo=8, unplaced)         0.814     5.648    p_0_in[4]
                         FDRE                                         r  rd_addr_ctx_reg[6]/R
  -------------------------------------------------------------------    -------------------

                         (clock clk rise edge)        5.000     5.000 r  
                                                      0.000     5.000 r  clk (IN)
                         net (fo=123, unset)          0.924     5.924    clk
                         FDRE                                         r  rd_addr_ctx_reg[6]/C
                         clock pessimism              0.000     5.924    
                         clock uncertainty           -0.035     5.889    
                         FDRE (Setup_fdre_C_R)       -0.433     5.456    rd_addr_ctx_reg[6]
  -------------------------------------------------------------------
                         required time                          5.456    
                         arrival time                          -5.648    
  -------------------------------------------------------------------
                         slack                                 -0.192    

Slack (VIOLATED) :        -0.192ns  (required time - arrival time)
  Source:                 weight_count_reg[3]/C
                            (rising edge-triggered cell FDRE clocked by clk  {rise@0.000ns fall@2.500ns period=5.000ns})
  Destination:            rd_addr_ctx_reg[7]/R
                            (rising edge-triggered cell FDRE clocked by clk  {rise@0.000ns fall@2.500ns period=5.000ns})
  Path Group:             clk
  Path Type:              Setup (Max at Slow Process Corner)
  Requirement:            5.000ns  (clk rise@5.000ns - clk rise@0.000ns)
  Data Path Delay:        4.675ns  (logic 1.185ns (25.348%)  route 3.490ns (74.652%))
  Logic Levels:           4  (LUT4=1 LUT5=1 LUT6=2)
  Clock Path Skew:        -0.049ns (DCD - SCD + CPR)
    Destination Clock Delay (DCD):    0.924ns = ( 5.924 - 5.000 ) 
    Source Clock Delay      (SCD):    0.973ns
    Clock Pessimism Removal (CPR):    0.000ns
  Clock Uncertainty:      0.035ns  ((TSJ^2 + TIJ^2)^1/2 + DJ) / 2 + PE
    Total System Jitter     (TSJ):    0.071ns
    Total Input Jitter      (TIJ):    0.000ns
    Discrete Jitter          (DJ):    0.000ns
    Phase Error              (PE):    0.000ns

    Location             Delay type                Incr(ns)  Path(ns)    Netlist Resource(s)
  -------------------------------------------------------------------    -------------------
                         (clock clk rise edge)        0.000     0.000 r  
                                                      0.000     0.000 r  clk (IN)
                         net (fo=123, unset)          0.973     0.973    clk
                         FDRE                                         r  weight_count_reg[3]/C
  -------------------------------------------------------------------    -------------------
                         FDRE (Prop_fdre_C_Q)         0.518     1.491 f  weight_count_reg[3]/Q
                         net (fo=8, unplaced)         0.844     2.335    onegen_instance/weight_count_reg[0]_0[3]
                         LUT5 (Prop_lut5_I0_O)        0.295     2.630 r  onegen_instance/seed_valid_internal_INST_0_i_10/O
                         net (fo=1, unplaced)         0.449     3.079    onegen_instance/seed_valid_internal_INST_0_i_10_n_0
                         LUT4 (Prop_lut4_I0_O)        0.124     3.203 r  onegen_instance/seed_valid_internal_INST_0_i_7/O
                         net (fo=6, unplaced)         0.934     4.137    onegen_instance/weight_count_reg[5]
                         LUT6 (Prop_lut6_I3_O)        0.124     4.261 r  onegen_instance/rd_addr_ctx[8]_i_8/O
                         net (fo=1, unplaced)         0.449     4.710    onegen_instance/rd_addr_ctx[8]_i_8_n_0
                         LUT6 (Prop_lut6_I5_O)        0.124     4.834 r  onegen_instance/rd_addr_ctx[8]_i_1/O
                         net (fo=8, unplaced)         0.814     5.648    p_0_in[4]
                         FDRE                                         r  rd_addr_ctx_reg[7]/R
  -------------------------------------------------------------------    -------------------

                         (clock clk rise edge)        5.000     5.000 r  
                                                      0.000     5.000 r  clk (IN)
                         net (fo=123, unset)          0.924     5.924    clk
                         FDRE                                         r  rd_addr_ctx_reg[7]/C
                         clock pessimism              0.000     5.924    
                         clock uncertainty           -0.035     5.889    
                         FDRE (Setup_fdre_C_R)       -0.433     5.456    rd_addr_ctx_reg[7]
  -------------------------------------------------------------------
                         required time                          5.456    
                         arrival time                          -5.648    
  -------------------------------------------------------------------
                         slack                                 -0.192    

Slack (VIOLATED) :        -0.192ns  (required time - arrival time)
  Source:                 weight_count_reg[3]/C
                            (rising edge-triggered cell FDRE clocked by clk  {rise@0.000ns fall@2.500ns period=5.000ns})
  Destination:            rd_addr_ctx_reg[8]/R
                            (rising edge-triggered cell FDRE clocked by clk  {rise@0.000ns fall@2.500ns period=5.000ns})
  Path Group:             clk
  Path Type:              Setup (Max at Slow Process Corner)
  Requirement:            5.000ns  (clk rise@5.000ns - clk rise@0.000ns)
  Data Path Delay:        4.675ns  (logic 1.185ns (25.348%)  route 3.490ns (74.652%))
  Logic Levels:           4  (LUT4=1 LUT5=1 LUT6=2)
  Clock Path Skew:        -0.049ns (DCD - SCD + CPR)
    Destination Clock Delay (DCD):    0.924ns = ( 5.924 - 5.000 ) 
    Source Clock Delay      (SCD):    0.973ns
    Clock Pessimism Removal (CPR):    0.000ns
  Clock Uncertainty:      0.035ns  ((TSJ^2 + TIJ^2)^1/2 + DJ) / 2 + PE
    Total System Jitter     (TSJ):    0.071ns
    Total Input Jitter      (TIJ):    0.000ns
    Discrete Jitter          (DJ):    0.000ns
    Phase Error              (PE):    0.000ns

    Location             Delay type                Incr(ns)  Path(ns)    Netlist Resource(s)
  -------------------------------------------------------------------    -------------------
                         (clock clk rise edge)        0.000     0.000 r  
                                                      0.000     0.000 r  clk (IN)
                         net (fo=123, unset)          0.973     0.973    clk
                         FDRE                                         r  weight_count_reg[3]/C
  -------------------------------------------------------------------    -------------------
                         FDRE (Prop_fdre_C_Q)         0.518     1.491 f  weight_count_reg[3]/Q
                         net (fo=8, unplaced)         0.844     2.335    onegen_instance/weight_count_reg[0]_0[3]
                         LUT5 (Prop_lut5_I0_O)        0.295     2.630 r  onegen_instance/seed_valid_internal_INST_0_i_10/O
                         net (fo=1, unplaced)         0.449     3.079    onegen_instance/seed_valid_internal_INST_0_i_10_n_0
                         LUT4 (Prop_lut4_I0_O)        0.124     3.203 r  onegen_instance/seed_valid_internal_INST_0_i_7/O
                         net (fo=6, unplaced)         0.934     4.137    onegen_instance/weight_count_reg[5]
                         LUT6 (Prop_lut6_I3_O)        0.124     4.261 r  onegen_instance/rd_addr_ctx[8]_i_8/O
                         net (fo=1, unplaced)         0.449     4.710    onegen_instance/rd_addr_ctx[8]_i_8_n_0
                         LUT6 (Prop_lut6_I5_O)        0.124     4.834 r  onegen_instance/rd_addr_ctx[8]_i_1/O
                         net (fo=8, unplaced)         0.814     5.648    p_0_in[4]
                         FDRE                                         r  rd_addr_ctx_reg[8]/R
  -------------------------------------------------------------------    -------------------

                         (clock clk rise edge)        5.000     5.000 r  
                                                      0.000     5.000 r  clk (IN)
                         net (fo=123, unset)          0.924     5.924    clk
                         FDRE                                         r  rd_addr_ctx_reg[8]/C
                         clock pessimism              0.000     5.924    
                         clock uncertainty           -0.035     5.889    
                         FDRE (Setup_fdre_C_R)       -0.433     5.456    rd_addr_ctx_reg[8]
  -------------------------------------------------------------------
                         required time                          5.456    
                         arrival time                          -5.648    
  -------------------------------------------------------------------
                         slack                                 -0.192    

Slack (MET) :             0.211ns  (required time - arrival time)
  Source:                 weight_count_reg[3]/C
                            (rising edge-triggered cell FDRE clocked by clk  {rise@0.000ns fall@2.500ns period=5.000ns})
  Destination:            rd_addr_ctx_reg[1]/CE
                            (rising edge-triggered cell FDRE clocked by clk  {rise@0.000ns fall@2.500ns period=5.000ns})
  Path Group:             clk
  Path Type:              Setup (Max at Slow Process Corner)
  Requirement:            5.000ns  (clk rise@5.000ns - clk rise@0.000ns)
  Data Path Delay:        4.503ns  (logic 1.309ns (29.070%)  route 3.194ns (70.930%))
  Logic Levels:           5  (LUT3=1 LUT4=1 LUT5=2 LUT6=1)
  Clock Path Skew:        -0.049ns (DCD - SCD + CPR)
    Destination Clock Delay (DCD):    0.924ns = ( 5.924 - 5.000 ) 
    Source Clock Delay      (SCD):    0.973ns
    Clock Pessimism Removal (CPR):    0.000ns
  Clock Uncertainty:      0.035ns  ((TSJ^2 + TIJ^2)^1/2 + DJ) / 2 + PE
    Total System Jitter     (TSJ):    0.071ns
    Total Input Jitter      (TIJ):    0.000ns
    Discrete Jitter          (DJ):    0.000ns
    Phase Error              (PE):    0.000ns

    Location             Delay type                Incr(ns)  Path(ns)    Netlist Resource(s)
  -------------------------------------------------------------------    -------------------
                         (clock clk rise edge)        0.000     0.000 r  
                                                      0.000     0.000 r  clk (IN)
                         net (fo=123, unset)          0.973     0.973    clk
                         FDRE                                         r  weight_count_reg[3]/C
  -------------------------------------------------------------------    -------------------
                         FDRE (Prop_fdre_C_Q)         0.518     1.491 f  weight_count_reg[3]/Q
                         net (fo=8, unplaced)         0.844     2.335    onegen_instance/weight_count_reg[0]_0[3]
                         LUT5 (Prop_lut5_I0_O)        0.295     2.630 r  onegen_instance/seed_valid_internal_INST_0_i_10/O
                         net (fo=1, unplaced)         0.449     3.079    onegen_instance/seed_valid_internal_INST_0_i_10_n_0
                         LUT4 (Prop_lut4_I0_O)        0.124     3.203 r  onegen_instance/seed_valid_internal_INST_0_i_7/O
                         net (fo=6, unplaced)         0.481     3.684    onegen_instance/weight_count_reg[5]
                         LUT5 (Prop_lut5_I0_O)        0.124     3.808 r  onegen_instance/rd_addr_ctx[8]_i_18/O
                         net (fo=2, unplaced)         0.460     4.268    onegen_instance/rd_addr_ctx[8]_i_18_n_0
                         LUT6 (Prop_lut6_I5_O)        0.124     4.392 r  onegen_instance/rd_addr_ctx[8]_i_10/O
                         net (fo=1, unplaced)         0.449     4.841    onegen_instance/rd_addr_ctx[8]_i_10_n_0
                         LUT3 (Prop_lut3_I1_O)        0.124     4.965 r  onegen_instance/rd_addr_ctx[8]_i_2/O
                         net (fo=8, unplaced)         0.511     5.476    onegen_instance_n_4
                         FDRE                                         r  rd_addr_ctx_reg[1]/CE
  -------------------------------------------------------------------    -------------------

                         (clock clk rise edge)        5.000     5.000 r  
                                                      0.000     5.000 r  clk (IN)
                         net (fo=123, unset)          0.924     5.924    clk
                         FDRE                                         r  rd_addr_ctx_reg[1]/C
                         clock pessimism              0.000     5.924    
                         clock uncertainty           -0.035     5.889    
                         FDRE (Setup_fdre_C_CE)      -0.202     5.687    rd_addr_ctx_reg[1]
  -------------------------------------------------------------------
                         required time                          5.687    
                         arrival time                          -5.476    
  -------------------------------------------------------------------
                         slack                                  0.211    

Slack (MET) :             0.211ns  (required time - arrival time)
  Source:                 weight_count_reg[3]/C
                            (rising edge-triggered cell FDRE clocked by clk  {rise@0.000ns fall@2.500ns period=5.000ns})
  Destination:            rd_addr_ctx_reg[2]/CE
                            (rising edge-triggered cell FDRE clocked by clk  {rise@0.000ns fall@2.500ns period=5.000ns})
  Path Group:             clk
  Path Type:              Setup (Max at Slow Process Corner)
  Requirement:            5.000ns  (clk rise@5.000ns - clk rise@0.000ns)
  Data Path Delay:        4.503ns  (logic 1.309ns (29.070%)  route 3.194ns (70.930%))
  Logic Levels:           5  (LUT3=1 LUT4=1 LUT5=2 LUT6=1)
  Clock Path Skew:        -0.049ns (DCD - SCD + CPR)
    Destination Clock Delay (DCD):    0.924ns = ( 5.924 - 5.000 ) 
    Source Clock Delay      (SCD):    0.973ns
    Clock Pessimism Removal (CPR):    0.000ns
  Clock Uncertainty:      0.035ns  ((TSJ^2 + TIJ^2)^1/2 + DJ) / 2 + PE
    Total System Jitter     (TSJ):    0.071ns
    Total Input Jitter      (TIJ):    0.000ns
    Discrete Jitter          (DJ):    0.000ns
    Phase Error              (PE):    0.000ns

    Location             Delay type                Incr(ns)  Path(ns)    Netlist Resource(s)
  -------------------------------------------------------------------    -------------------
                         (clock clk rise edge)        0.000     0.000 r  
                                                      0.000     0.000 r  clk (IN)
                         net (fo=123, unset)          0.973     0.973    clk
                         FDRE                                         r  weight_count_reg[3]/C
  -------------------------------------------------------------------    -------------------
                         FDRE (Prop_fdre_C_Q)         0.518     1.491 f  weight_count_reg[3]/Q
                         net (fo=8, unplaced)         0.844     2.335    onegen_instance/weight_count_reg[0]_0[3]
                         LUT5 (Prop_lut5_I0_O)        0.295     2.630 r  onegen_instance/seed_valid_internal_INST_0_i_10/O
                         net (fo=1, unplaced)         0.449     3.079    onegen_instance/seed_valid_internal_INST_0_i_10_n_0
                         LUT4 (Prop_lut4_I0_O)        0.124     3.203 r  onegen_instance/seed_valid_internal_INST_0_i_7/O
                         net (fo=6, unplaced)         0.481     3.684    onegen_instance/weight_count_reg[5]
                         LUT5 (Prop_lut5_I0_O)        0.124     3.808 r  onegen_instance/rd_addr_ctx[8]_i_18/O
                         net (fo=2, unplaced)         0.460     4.268    onegen_instance/rd_addr_ctx[8]_i_18_n_0
                         LUT6 (Prop_lut6_I5_O)        0.124     4.392 r  onegen_instance/rd_addr_ctx[8]_i_10/O
                         net (fo=1, unplaced)         0.449     4.841    onegen_instance/rd_addr_ctx[8]_i_10_n_0
                         LUT3 (Prop_lut3_I1_O)        0.124     4.965 r  onegen_instance/rd_addr_ctx[8]_i_2/O
                         net (fo=8, unplaced)         0.511     5.476    onegen_instance_n_4
                         FDRE                                         r  rd_addr_ctx_reg[2]/CE
  -------------------------------------------------------------------    -------------------

                         (clock clk rise edge)        5.000     5.000 r  
                                                      0.000     5.000 r  clk (IN)
                         net (fo=123, unset)          0.924     5.924    clk
                         FDRE                                         r  rd_addr_ctx_reg[2]/C
                         clock pessimism              0.000     5.924    
                         clock uncertainty           -0.035     5.889    
                         FDRE (Setup_fdre_C_CE)      -0.202     5.687    rd_addr_ctx_reg[2]
  -------------------------------------------------------------------
                         required time                          5.687    
                         arrival time                          -5.476    
  -------------------------------------------------------------------
                         slack                                  0.211    

Slack (MET) :             0.211ns  (required time - arrival time)
  Source:                 weight_count_reg[3]/C
                            (rising edge-triggered cell FDRE clocked by clk  {rise@0.000ns fall@2.500ns period=5.000ns})
  Destination:            rd_addr_ctx_reg[3]/CE
                            (rising edge-triggered cell FDRE clocked by clk  {rise@0.000ns fall@2.500ns period=5.000ns})
  Path Group:             clk
  Path Type:              Setup (Max at Slow Process Corner)
  Requirement:            5.000ns  (clk rise@5.000ns - clk rise@0.000ns)
  Data Path Delay:        4.503ns  (logic 1.309ns (29.070%)  route 3.194ns (70.930%))
  Logic Levels:           5  (LUT3=1 LUT4=1 LUT5=2 LUT6=1)
  Clock Path Skew:        -0.049ns (DCD - SCD + CPR)
    Destination Clock Delay (DCD):    0.924ns = ( 5.924 - 5.000 ) 
    Source Clock Delay      (SCD):    0.973ns
    Clock Pessimism Removal (CPR):    0.000ns
  Clock Uncertainty:      0.035ns  ((TSJ^2 + TIJ^2)^1/2 + DJ) / 2 + PE
    Total System Jitter     (TSJ):    0.071ns
    Total Input Jitter      (TIJ):    0.000ns
    Discrete Jitter          (DJ):    0.000ns
    Phase Error              (PE):    0.000ns

    Location             Delay type                Incr(ns)  Path(ns)    Netlist Resource(s)
  -------------------------------------------------------------------    -------------------
                         (clock clk rise edge)        0.000     0.000 r  
                                                      0.000     0.000 r  clk (IN)
                         net (fo=123, unset)          0.973     0.973    clk
                         FDRE                                         r  weight_count_reg[3]/C
  -------------------------------------------------------------------    -------------------
                         FDRE (Prop_fdre_C_Q)         0.518     1.491 f  weight_count_reg[3]/Q
                         net (fo=8, unplaced)         0.844     2.335    onegen_instance/weight_count_reg[0]_0[3]
                         LUT5 (Prop_lut5_I0_O)        0.295     2.630 r  onegen_instance/seed_valid_internal_INST_0_i_10/O
                         net (fo=1, unplaced)         0.449     3.079    onegen_instance/seed_valid_internal_INST_0_i_10_n_0
                         LUT4 (Prop_lut4_I0_O)        0.124     3.203 r  onegen_instance/seed_valid_internal_INST_0_i_7/O
                         net (fo=6, unplaced)         0.481     3.684    onegen_instance/weight_count_reg[5]
                         LUT5 (Prop_lut5_I0_O)        0.124     3.808 r  onegen_instance/rd_addr_ctx[8]_i_18/O
                         net (fo=2, unplaced)         0.460     4.268    onegen_instance/rd_addr_ctx[8]_i_18_n_0
                         LUT6 (Prop_lut6_I5_O)        0.124     4.392 r  onegen_instance/rd_addr_ctx[8]_i_10/O
                         net (fo=1, unplaced)         0.449     4.841    onegen_instance/rd_addr_ctx[8]_i_10_n_0
                         LUT3 (Prop_lut3_I1_O)        0.124     4.965 r  onegen_instance/rd_addr_ctx[8]_i_2/O
                         net (fo=8, unplaced)         0.511     5.476    onegen_instance_n_4
                         FDRE                                         r  rd_addr_ctx_reg[3]/CE
  -------------------------------------------------------------------    -------------------

                         (clock clk rise edge)        5.000     5.000 r  
                                                      0.000     5.000 r  clk (IN)
                         net (fo=123, unset)          0.924     5.924    clk
                         FDRE                                         r  rd_addr_ctx_reg[3]/C
                         clock pessimism              0.000     5.924    
                         clock uncertainty           -0.035     5.889    
                         FDRE (Setup_fdre_C_CE)      -0.202     5.687    rd_addr_ctx_reg[3]
  -------------------------------------------------------------------
                         required time                          5.687    
                         arrival time                          -5.476    
  -------------------------------------------------------------------
                         slack                                  0.211    

Slack (MET) :             0.211ns  (required time - arrival time)
  Source:                 weight_count_reg[3]/C
                            (rising edge-triggered cell FDRE clocked by clk  {rise@0.000ns fall@2.500ns period=5.000ns})
  Destination:            rd_addr_ctx_reg[4]/CE
                            (rising edge-triggered cell FDRE clocked by clk  {rise@0.000ns fall@2.500ns period=5.000ns})
  Path Group:             clk
  Path Type:              Setup (Max at Slow Process Corner)
  Requirement:            5.000ns  (clk rise@5.000ns - clk rise@0.000ns)
  Data Path Delay:        4.503ns  (logic 1.309ns (29.070%)  route 3.194ns (70.930%))
  Logic Levels:           5  (LUT3=1 LUT4=1 LUT5=2 LUT6=1)
  Clock Path Skew:        -0.049ns (DCD - SCD + CPR)
    Destination Clock Delay (DCD):    0.924ns = ( 5.924 - 5.000 ) 
    Source Clock Delay      (SCD):    0.973ns
    Clock Pessimism Removal (CPR):    0.000ns
  Clock Uncertainty:      0.035ns  ((TSJ^2 + TIJ^2)^1/2 + DJ) / 2 + PE
    Total System Jitter     (TSJ):    0.071ns
    Total Input Jitter      (TIJ):    0.000ns
    Discrete Jitter          (DJ):    0.000ns
    Phase Error              (PE):    0.000ns

    Location             Delay type                Incr(ns)  Path(ns)    Netlist Resource(s)
  -------------------------------------------------------------------    -------------------
                         (clock clk rise edge)        0.000     0.000 r  
                                                      0.000     0.000 r  clk (IN)
                         net (fo=123, unset)          0.973     0.973    clk
                         FDRE                                         r  weight_count_reg[3]/C
  -------------------------------------------------------------------    -------------------
                         FDRE (Prop_fdre_C_Q)         0.518     1.491 f  weight_count_reg[3]/Q
                         net (fo=8, unplaced)         0.844     2.335    onegen_instance/weight_count_reg[0]_0[3]
                         LUT5 (Prop_lut5_I0_O)        0.295     2.630 r  onegen_instance/seed_valid_internal_INST_0_i_10/O
                         net (fo=1, unplaced)         0.449     3.079    onegen_instance/seed_valid_internal_INST_0_i_10_n_0
                         LUT4 (Prop_lut4_I0_O)        0.124     3.203 r  onegen_instance/seed_valid_internal_INST_0_i_7/O
                         net (fo=6, unplaced)         0.481     3.684    onegen_instance/weight_count_reg[5]
                         LUT5 (Prop_lut5_I0_O)        0.124     3.808 r  onegen_instance/rd_addr_ctx[8]_i_18/O
                         net (fo=2, unplaced)         0.460     4.268    onegen_instance/rd_addr_ctx[8]_i_18_n_0
                         LUT6 (Prop_lut6_I5_O)        0.124     4.392 r  onegen_instance/rd_addr_ctx[8]_i_10/O
                         net (fo=1, unplaced)         0.449     4.841    onegen_instance/rd_addr_ctx[8]_i_10_n_0
                         LUT3 (Prop_lut3_I1_O)        0.124     4.965 r  onegen_instance/rd_addr_ctx[8]_i_2/O
                         net (fo=8, unplaced)         0.511     5.476    onegen_instance_n_4
                         FDRE                                         r  rd_addr_ctx_reg[4]/CE
  -------------------------------------------------------------------    -------------------

                         (clock clk rise edge)        5.000     5.000 r  
                                                      0.000     5.000 r  clk (IN)
                         net (fo=123, unset)          0.924     5.924    clk
                         FDRE                                         r  rd_addr_ctx_reg[4]/C
                         clock pessimism              0.000     5.924    
                         clock uncertainty           -0.035     5.889    
                         FDRE (Setup_fdre_C_CE)      -0.202     5.687    rd_addr_ctx_reg[4]
  -------------------------------------------------------------------
                         required time                          5.687    
                         arrival time                          -5.476    
  -------------------------------------------------------------------
                         slack                                  0.211    

Slack (MET) :             0.211ns  (required time - arrival time)
  Source:                 weight_count_reg[3]/C
                            (rising edge-triggered cell FDRE clocked by clk  {rise@0.000ns fall@2.500ns period=5.000ns})
  Destination:            rd_addr_ctx_reg[5]/CE
                            (rising edge-triggered cell FDRE clocked by clk  {rise@0.000ns fall@2.500ns period=5.000ns})
  Path Group:             clk
  Path Type:              Setup (Max at Slow Process Corner)
  Requirement:            5.000ns  (clk rise@5.000ns - clk rise@0.000ns)
  Data Path Delay:        4.503ns  (logic 1.309ns (29.070%)  route 3.194ns (70.930%))
  Logic Levels:           5  (LUT3=1 LUT4=1 LUT5=2 LUT6=1)
  Clock Path Skew:        -0.049ns (DCD - SCD + CPR)
    Destination Clock Delay (DCD):    0.924ns = ( 5.924 - 5.000 ) 
    Source Clock Delay      (SCD):    0.973ns
    Clock Pessimism Removal (CPR):    0.000ns
  Clock Uncertainty:      0.035ns  ((TSJ^2 + TIJ^2)^1/2 + DJ) / 2 + PE
    Total System Jitter     (TSJ):    0.071ns
    Total Input Jitter      (TIJ):    0.000ns
    Discrete Jitter          (DJ):    0.000ns
    Phase Error              (PE):    0.000ns

    Location             Delay type                Incr(ns)  Path(ns)    Netlist Resource(s)
  -------------------------------------------------------------------    -------------------
                         (clock clk rise edge)        0.000     0.000 r  
                                                      0.000     0.000 r  clk (IN)
                         net (fo=123, unset)          0.973     0.973    clk
                         FDRE                                         r  weight_count_reg[3]/C
  -------------------------------------------------------------------    -------------------
                         FDRE (Prop_fdre_C_Q)         0.518     1.491 f  weight_count_reg[3]/Q
                         net (fo=8, unplaced)         0.844     2.335    onegen_instance/weight_count_reg[0]_0[3]
                         LUT5 (Prop_lut5_I0_O)        0.295     2.630 r  onegen_instance/seed_valid_internal_INST_0_i_10/O
                         net (fo=1, unplaced)         0.449     3.079    onegen_instance/seed_valid_internal_INST_0_i_10_n_0
                         LUT4 (Prop_lut4_I0_O)        0.124     3.203 r  onegen_instance/seed_valid_internal_INST_0_i_7/O
                         net (fo=6, unplaced)         0.481     3.684    onegen_instance/weight_count_reg[5]
                         LUT5 (Prop_lut5_I0_O)        0.124     3.808 r  onegen_instance/rd_addr_ctx[8]_i_18/O
                         net (fo=2, unplaced)         0.460     4.268    onegen_instance/rd_addr_ctx[8]_i_18_n_0
                         LUT6 (Prop_lut6_I5_O)        0.124     4.392 r  onegen_instance/rd_addr_ctx[8]_i_10/O
                         net (fo=1, unplaced)         0.449     4.841    onegen_instance/rd_addr_ctx[8]_i_10_n_0
                         LUT3 (Prop_lut3_I1_O)        0.124     4.965 r  onegen_instance/rd_addr_ctx[8]_i_2/O
                         net (fo=8, unplaced)         0.511     5.476    onegen_instance_n_4
                         FDRE                                         r  rd_addr_ctx_reg[5]/CE
  -------------------------------------------------------------------    -------------------

                         (clock clk rise edge)        5.000     5.000 r  
                                                      0.000     5.000 r  clk (IN)
                         net (fo=123, unset)          0.924     5.924    clk
                         FDRE                                         r  rd_addr_ctx_reg[5]/C
                         clock pessimism              0.000     5.924    
                         clock uncertainty           -0.035     5.889    
                         FDRE (Setup_fdre_C_CE)      -0.202     5.687    rd_addr_ctx_reg[5]
  -------------------------------------------------------------------
                         required time                          5.687    
                         arrival time                          -5.476    
  -------------------------------------------------------------------
                         slack                                  0.211    

Slack (MET) :             0.211ns  (required time - arrival time)
  Source:                 weight_count_reg[3]/C
                            (rising edge-triggered cell FDRE clocked by clk  {rise@0.000ns fall@2.500ns period=5.000ns})
  Destination:            rd_addr_ctx_reg[6]/CE
                            (rising edge-triggered cell FDRE clocked by clk  {rise@0.000ns fall@2.500ns period=5.000ns})
  Path Group:             clk
  Path Type:              Setup (Max at Slow Process Corner)
  Requirement:            5.000ns  (clk rise@5.000ns - clk rise@0.000ns)
  Data Path Delay:        4.503ns  (logic 1.309ns (29.070%)  route 3.194ns (70.930%))
  Logic Levels:           5  (LUT3=1 LUT4=1 LUT5=2 LUT6=1)
  Clock Path Skew:        -0.049ns (DCD - SCD + CPR)
    Destination Clock Delay (DCD):    0.924ns = ( 5.924 - 5.000 ) 
    Source Clock Delay      (SCD):    0.973ns
    Clock Pessimism Removal (CPR):    0.000ns
  Clock Uncertainty:      0.035ns  ((TSJ^2 + TIJ^2)^1/2 + DJ) / 2 + PE
    Total System Jitter     (TSJ):    0.071ns
    Total Input Jitter      (TIJ):    0.000ns
    Discrete Jitter          (DJ):    0.000ns
    Phase Error              (PE):    0.000ns

    Location             Delay type                Incr(ns)  Path(ns)    Netlist Resource(s)
  -------------------------------------------------------------------    -------------------
                         (clock clk rise edge)        0.000     0.000 r  
                                                      0.000     0.000 r  clk (IN)
                         net (fo=123, unset)          0.973     0.973    clk
                         FDRE                                         r  weight_count_reg[3]/C
  -------------------------------------------------------------------    -------------------
                         FDRE (Prop_fdre_C_Q)         0.518     1.491 f  weight_count_reg[3]/Q
                         net (fo=8, unplaced)         0.844     2.335    onegen_instance/weight_count_reg[0]_0[3]
                         LUT5 (Prop_lut5_I0_O)        0.295     2.630 r  onegen_instance/seed_valid_internal_INST_0_i_10/O
                         net (fo=1, unplaced)         0.449     3.079    onegen_instance/seed_valid_internal_INST_0_i_10_n_0
                         LUT4 (Prop_lut4_I0_O)        0.124     3.203 r  onegen_instance/seed_valid_internal_INST_0_i_7/O
                         net (fo=6, unplaced)         0.481     3.684    onegen_instance/weight_count_reg[5]
                         LUT5 (Prop_lut5_I0_O)        0.124     3.808 r  onegen_instance/rd_addr_ctx[8]_i_18/O
                         net (fo=2, unplaced)         0.460     4.268    onegen_instance/rd_addr_ctx[8]_i_18_n_0
                         LUT6 (Prop_lut6_I5_O)        0.124     4.392 r  onegen_instance/rd_addr_ctx[8]_i_10/O
                         net (fo=1, unplaced)         0.449     4.841    onegen_instance/rd_addr_ctx[8]_i_10_n_0
                         LUT3 (Prop_lut3_I1_O)        0.124     4.965 r  onegen_instance/rd_addr_ctx[8]_i_2/O
                         net (fo=8, unplaced)         0.511     5.476    onegen_instance_n_4
                         FDRE                                         r  rd_addr_ctx_reg[6]/CE
  -------------------------------------------------------------------    -------------------

                         (clock clk rise edge)        5.000     5.000 r  
                                                      0.000     5.000 r  clk (IN)
                         net (fo=123, unset)          0.924     5.924    clk
                         FDRE                                         r  rd_addr_ctx_reg[6]/C
                         clock pessimism              0.000     5.924    
                         clock uncertainty           -0.035     5.889    
                         FDRE (Setup_fdre_C_CE)      -0.202     5.687    rd_addr_ctx_reg[6]
  -------------------------------------------------------------------
                         required time                          5.687    
                         arrival time                          -5.476    
  -------------------------------------------------------------------
                         slack                                  0.211    

Slack (MET) :             0.211ns  (required time - arrival time)
  Source:                 weight_count_reg[3]/C
                            (rising edge-triggered cell FDRE clocked by clk  {rise@0.000ns fall@2.500ns period=5.000ns})
  Destination:            rd_addr_ctx_reg[7]/CE
                            (rising edge-triggered cell FDRE clocked by clk  {rise@0.000ns fall@2.500ns period=5.000ns})
  Path Group:             clk
  Path Type:              Setup (Max at Slow Process Corner)
  Requirement:            5.000ns  (clk rise@5.000ns - clk rise@0.000ns)
  Data Path Delay:        4.503ns  (logic 1.309ns (29.070%)  route 3.194ns (70.930%))
  Logic Levels:           5  (LUT3=1 LUT4=1 LUT5=2 LUT6=1)
  Clock Path Skew:        -0.049ns (DCD - SCD + CPR)
    Destination Clock Delay (DCD):    0.924ns = ( 5.924 - 5.000 ) 
    Source Clock Delay      (SCD):    0.973ns
    Clock Pessimism Removal (CPR):    0.000ns
  Clock Uncertainty:      0.035ns  ((TSJ^2 + TIJ^2)^1/2 + DJ) / 2 + PE
    Total System Jitter     (TSJ):    0.071ns
    Total Input Jitter      (TIJ):    0.000ns
    Discrete Jitter          (DJ):    0.000ns
    Phase Error              (PE):    0.000ns

    Location             Delay type                Incr(ns)  Path(ns)    Netlist Resource(s)
  -------------------------------------------------------------------    -------------------
                         (clock clk rise edge)        0.000     0.000 r  
                                                      0.000     0.000 r  clk (IN)
                         net (fo=123, unset)          0.973     0.973    clk
                         FDRE                                         r  weight_count_reg[3]/C
  -------------------------------------------------------------------    -------------------
                         FDRE (Prop_fdre_C_Q)         0.518     1.491 f  weight_count_reg[3]/Q
                         net (fo=8, unplaced)         0.844     2.335    onegen_instance/weight_count_reg[0]_0[3]
                         LUT5 (Prop_lut5_I0_O)        0.295     2.630 r  onegen_instance/seed_valid_internal_INST_0_i_10/O
                         net (fo=1, unplaced)         0.449     3.079    onegen_instance/seed_valid_internal_INST_0_i_10_n_0
                         LUT4 (Prop_lut4_I0_O)        0.124     3.203 r  onegen_instance/seed_valid_internal_INST_0_i_7/O
                         net (fo=6, unplaced)         0.481     3.684    onegen_instance/weight_count_reg[5]
                         LUT5 (Prop_lut5_I0_O)        0.124     3.808 r  onegen_instance/rd_addr_ctx[8]_i_18/O
                         net (fo=2, unplaced)         0.460     4.268    onegen_instance/rd_addr_ctx[8]_i_18_n_0
                         LUT6 (Prop_lut6_I5_O)        0.124     4.392 r  onegen_instance/rd_addr_ctx[8]_i_10/O
                         net (fo=1, unplaced)         0.449     4.841    onegen_instance/rd_addr_ctx[8]_i_10_n_0
                         LUT3 (Prop_lut3_I1_O)        0.124     4.965 r  onegen_instance/rd_addr_ctx[8]_i_2/O
                         net (fo=8, unplaced)         0.511     5.476    onegen_instance_n_4
                         FDRE                                         r  rd_addr_ctx_reg[7]/CE
  -------------------------------------------------------------------    -------------------

                         (clock clk rise edge)        5.000     5.000 r  
                                                      0.000     5.000 r  clk (IN)
                         net (fo=123, unset)          0.924     5.924    clk
                         FDRE                                         r  rd_addr_ctx_reg[7]/C
                         clock pessimism              0.000     5.924    
                         clock uncertainty           -0.035     5.889    
                         FDRE (Setup_fdre_C_CE)      -0.202     5.687    rd_addr_ctx_reg[7]
  -------------------------------------------------------------------
                         required time                          5.687    
                         arrival time                          -5.476    
  -------------------------------------------------------------------
                         slack                                  0.211    

Slack (MET) :             0.211ns  (required time - arrival time)
  Source:                 weight_count_reg[3]/C
                            (rising edge-triggered cell FDRE clocked by clk  {rise@0.000ns fall@2.500ns period=5.000ns})
  Destination:            rd_addr_ctx_reg[8]/CE
                            (rising edge-triggered cell FDRE clocked by clk  {rise@0.000ns fall@2.500ns period=5.000ns})
  Path Group:             clk
  Path Type:              Setup (Max at Slow Process Corner)
  Requirement:            5.000ns  (clk rise@5.000ns - clk rise@0.000ns)
  Data Path Delay:        4.503ns  (logic 1.309ns (29.070%)  route 3.194ns (70.930%))
  Logic Levels:           5  (LUT3=1 LUT4=1 LUT5=2 LUT6=1)
  Clock Path Skew:        -0.049ns (DCD - SCD + CPR)
    Destination Clock Delay (DCD):    0.924ns = ( 5.924 - 5.000 ) 
    Source Clock Delay      (SCD):    0.973ns
    Clock Pessimism Removal (CPR):    0.000ns
  Clock Uncertainty:      0.035ns  ((TSJ^2 + TIJ^2)^1/2 + DJ) / 2 + PE
    Total System Jitter     (TSJ):    0.071ns
    Total Input Jitter      (TIJ):    0.000ns
    Discrete Jitter          (DJ):    0.000ns
    Phase Error              (PE):    0.000ns

    Location             Delay type                Incr(ns)  Path(ns)    Netlist Resource(s)
  -------------------------------------------------------------------    -------------------
                         (clock clk rise edge)        0.000     0.000 r  
                                                      0.000     0.000 r  clk (IN)
                         net (fo=123, unset)          0.973     0.973    clk
                         FDRE                                         r  weight_count_reg[3]/C
  -------------------------------------------------------------------    -------------------
                         FDRE (Prop_fdre_C_Q)         0.518     1.491 f  weight_count_reg[3]/Q
                         net (fo=8, unplaced)         0.844     2.335    onegen_instance/weight_count_reg[0]_0[3]
                         LUT5 (Prop_lut5_I0_O)        0.295     2.630 r  onegen_instance/seed_valid_internal_INST_0_i_10/O
                         net (fo=1, unplaced)         0.449     3.079    onegen_instance/seed_valid_internal_INST_0_i_10_n_0
                         LUT4 (Prop_lut4_I0_O)        0.124     3.203 r  onegen_instance/seed_valid_internal_INST_0_i_7/O
                         net (fo=6, unplaced)         0.481     3.684    onegen_instance/weight_count_reg[5]
                         LUT5 (Prop_lut5_I0_O)        0.124     3.808 r  onegen_instance/rd_addr_ctx[8]_i_18/O
                         net (fo=2, unplaced)         0.460     4.268    onegen_instance/rd_addr_ctx[8]_i_18_n_0
                         LUT6 (Prop_lut6_I5_O)        0.124     4.392 r  onegen_instance/rd_addr_ctx[8]_i_10/O
                         net (fo=1, unplaced)         0.449     4.841    onegen_instance/rd_addr_ctx[8]_i_10_n_0
                         LUT3 (Prop_lut3_I1_O)        0.124     4.965 r  onegen_instance/rd_addr_ctx[8]_i_2/O
                         net (fo=8, unplaced)         0.511     5.476    onegen_instance_n_4
                         FDRE                                         r  rd_addr_ctx_reg[8]/CE
  -------------------------------------------------------------------    -------------------

                         (clock clk rise edge)        5.000     5.000 r  
                                                      0.000     5.000 r  clk (IN)
                         net (fo=123, unset)          0.924     5.924    clk
                         FDRE                                         r  rd_addr_ctx_reg[8]/C
                         clock pessimism              0.000     5.924    
                         clock uncertainty           -0.035     5.889    
                         FDRE (Setup_fdre_C_CE)      -0.202     5.687    rd_addr_ctx_reg[8]
  -------------------------------------------------------------------
                         required time                          5.687    
                         arrival time                          -5.476    
  -------------------------------------------------------------------
                         slack                                  0.211    

Slack (MET) :             0.224ns  (required time - arrival time)
  Source:                 rd_addr_ctx_reg[5]/C
                            (rising edge-triggered cell FDRE clocked by clk  {rise@0.000ns fall@2.500ns period=5.000ns})
  Destination:            FSM_onehot_state_shake_reg[0]/CE
                            (rising edge-triggered cell FDSE clocked by clk  {rise@0.000ns fall@2.500ns period=5.000ns})
  Path Group:             clk
  Path Type:              Setup (Max at Slow Process Corner)
  Requirement:            5.000ns  (clk rise@5.000ns - clk rise@0.000ns)
  Data Path Delay:        4.490ns  (logic 1.115ns (24.833%)  route 3.375ns (75.167%))
  Logic Levels:           4  (LUT4=1 LUT5=1 LUT6=2)
  Clock Path Skew:        -0.049ns (DCD - SCD + CPR)
    Destination Clock Delay (DCD):    0.924ns = ( 5.924 - 5.000 ) 
    Source Clock Delay      (SCD):    0.973ns
    Clock Pessimism Removal (CPR):    0.000ns
  Clock Uncertainty:      0.035ns  ((TSJ^2 + TIJ^2)^1/2 + DJ) / 2 + PE
    Total System Jitter     (TSJ):    0.071ns
    Total Input Jitter      (TIJ):    0.000ns
    Discrete Jitter          (DJ):    0.000ns
    Phase Error              (PE):    0.000ns

    Location             Delay type                Incr(ns)  Path(ns)    Netlist Resource(s)
  -------------------------------------------------------------------    -------------------
                         (clock clk rise edge)        0.000     0.000 r  
                                                      0.000     0.000 r  clk (IN)
                         net (fo=123, unset)          0.973     0.973    clk
                         FDRE                                         r  rd_addr_ctx_reg[5]/C
  -------------------------------------------------------------------    -------------------
                         FDRE (Prop_fdre_C_Q)         0.456     1.429 f  rd_addr_ctx_reg[5]/Q
                         net (fo=7, unplaced)         1.000     2.429    onegen_instance/FSM_onehot_red_state_reg[2]_0
                         LUT6 (Prop_lut6_I0_O)        0.295     2.724 f  onegen_instance/seed_valid_internal_INST_0_i_8/O
                         net (fo=3, unplaced)         0.467     3.191    onegen_instance/rd_addr_ctx_reg[5]_0
                         LUT4 (Prop_lut4_I3_O)        0.116     3.307 f  onegen_instance/seed_valid_internal_INST_0_i_4/O
                         net (fo=6, unplaced)         0.934     4.241    onegen_instance_n_12
                         LUT5 (Prop_lut5_I1_O)        0.124     4.365 r  seed_valid_internal_INST_0_i_1/O
                         net (fo=2, unplaced)         0.460     4.825    seed_valid_internal_INST_0_i_1_n_0
                         LUT6 (Prop_lut6_I2_O)        0.124     4.949 r  FSM_onehot_state_shake[8]_i_1/O
                         net (fo=9, unplaced)         0.514     5.463    FSM_onehot_state_shake[8]_i_1_n_0
                         FDSE                                         r  FSM_onehot_state_shake_reg[0]/CE
  -------------------------------------------------------------------    -------------------

                         (clock clk rise edge)        5.000     5.000 r  
                                                      0.000     5.000 r  clk (IN)
                         net (fo=123, unset)          0.924     5.924    clk
                         FDSE                                         r  FSM_onehot_state_shake_reg[0]/C
                         clock pessimism              0.000     5.924    
                         clock uncertainty           -0.035     5.889    
                         FDSE (Setup_fdse_C_CE)      -0.202     5.687    FSM_onehot_state_shake_reg[0]
  -------------------------------------------------------------------
                         required time                          5.687    
                         arrival time                          -5.463    
  -------------------------------------------------------------------
                         slack                                  0.224    

Slack (MET) :             0.224ns  (required time - arrival time)
  Source:                 rd_addr_ctx_reg[5]/C
                            (rising edge-triggered cell FDRE clocked by clk  {rise@0.000ns fall@2.500ns period=5.000ns})
  Destination:            FSM_onehot_state_shake_reg[1]/CE
                            (rising edge-triggered cell FDRE clocked by clk  {rise@0.000ns fall@2.500ns period=5.000ns})
  Path Group:             clk
  Path Type:              Setup (Max at Slow Process Corner)
  Requirement:            5.000ns  (clk rise@5.000ns - clk rise@0.000ns)
  Data Path Delay:        4.490ns  (logic 1.115ns (24.833%)  route 3.375ns (75.167%))
  Logic Levels:           4  (LUT4=1 LUT5=1 LUT6=2)
  Clock Path Skew:        -0.049ns (DCD - SCD + CPR)
    Destination Clock Delay (DCD):    0.924ns = ( 5.924 - 5.000 ) 
    Source Clock Delay      (SCD):    0.973ns
    Clock Pessimism Removal (CPR):    0.000ns
  Clock Uncertainty:      0.035ns  ((TSJ^2 + TIJ^2)^1/2 + DJ) / 2 + PE
    Total System Jitter     (TSJ):    0.071ns
    Total Input Jitter      (TIJ):    0.000ns
    Discrete Jitter          (DJ):    0.000ns
    Phase Error              (PE):    0.000ns

    Location             Delay type                Incr(ns)  Path(ns)    Netlist Resource(s)
  -------------------------------------------------------------------    -------------------
                         (clock clk rise edge)        0.000     0.000 r  
                                                      0.000     0.000 r  clk (IN)
                         net (fo=123, unset)          0.973     0.973    clk
                         FDRE                                         r  rd_addr_ctx_reg[5]/C
  -------------------------------------------------------------------    -------------------
                         FDRE (Prop_fdre_C_Q)         0.456     1.429 f  rd_addr_ctx_reg[5]/Q
                         net (fo=7, unplaced)         1.000     2.429    onegen_instance/FSM_onehot_red_state_reg[2]_0
                         LUT6 (Prop_lut6_I0_O)        0.295     2.724 f  onegen_instance/seed_valid_internal_INST_0_i_8/O
                         net (fo=3, unplaced)         0.467     3.191    onegen_instance/rd_addr_ctx_reg[5]_0
                         LUT4 (Prop_lut4_I3_O)        0.116     3.307 f  onegen_instance/seed_valid_internal_INST_0_i_4/O
                         net (fo=6, unplaced)         0.934     4.241    onegen_instance_n_12
                         LUT5 (Prop_lut5_I1_O)        0.124     4.365 r  seed_valid_internal_INST_0_i_1/O
                         net (fo=2, unplaced)         0.460     4.825    seed_valid_internal_INST_0_i_1_n_0
                         LUT6 (Prop_lut6_I2_O)        0.124     4.949 r  FSM_onehot_state_shake[8]_i_1/O
                         net (fo=9, unplaced)         0.514     5.463    FSM_onehot_state_shake[8]_i_1_n_0
                         FDRE                                         r  FSM_onehot_state_shake_reg[1]/CE
  -------------------------------------------------------------------    -------------------

                         (clock clk rise edge)        5.000     5.000 r  
                                                      0.000     5.000 r  clk (IN)
                         net (fo=123, unset)          0.924     5.924    clk
                         FDRE                                         r  FSM_onehot_state_shake_reg[1]/C
                         clock pessimism              0.000     5.924    
                         clock uncertainty           -0.035     5.889    
                         FDRE (Setup_fdre_C_CE)      -0.202     5.687    FSM_onehot_state_shake_reg[1]
  -------------------------------------------------------------------
                         required time                          5.687    
                         arrival time                          -5.463    
  -------------------------------------------------------------------
                         slack                                  0.224    

Slack (MET) :             0.224ns  (required time - arrival time)
  Source:                 rd_addr_ctx_reg[5]/C
                            (rising edge-triggered cell FDRE clocked by clk  {rise@0.000ns fall@2.500ns period=5.000ns})
  Destination:            FSM_onehot_state_shake_reg[2]/CE
                            (rising edge-triggered cell FDRE clocked by clk  {rise@0.000ns fall@2.500ns period=5.000ns})
  Path Group:             clk
  Path Type:              Setup (Max at Slow Process Corner)
  Requirement:            5.000ns  (clk rise@5.000ns - clk rise@0.000ns)
  Data Path Delay:        4.490ns  (logic 1.115ns (24.833%)  route 3.375ns (75.167%))
  Logic Levels:           4  (LUT4=1 LUT5=1 LUT6=2)
  Clock Path Skew:        -0.049ns (DCD - SCD + CPR)
    Destination Clock Delay (DCD):    0.924ns = ( 5.924 - 5.000 ) 
    Source Clock Delay      (SCD):    0.973ns
    Clock Pessimism Removal (CPR):    0.000ns
  Clock Uncertainty:      0.035ns  ((TSJ^2 + TIJ^2)^1/2 + DJ) / 2 + PE
    Total System Jitter     (TSJ):    0.071ns
    Total Input Jitter      (TIJ):    0.000ns
    Discrete Jitter          (DJ):    0.000ns
    Phase Error              (PE):    0.000ns

    Location             Delay type                Incr(ns)  Path(ns)    Netlist Resource(s)
  -------------------------------------------------------------------    -------------------
                         (clock clk rise edge)        0.000     0.000 r  
                                                      0.000     0.000 r  clk (IN)
                         net (fo=123, unset)          0.973     0.973    clk
                         FDRE                                         r  rd_addr_ctx_reg[5]/C
  -------------------------------------------------------------------    -------------------
                         FDRE (Prop_fdre_C_Q)         0.456     1.429 f  rd_addr_ctx_reg[5]/Q
                         net (fo=7, unplaced)         1.000     2.429    onegen_instance/FSM_onehot_red_state_reg[2]_0
                         LUT6 (Prop_lut6_I0_O)        0.295     2.724 f  onegen_instance/seed_valid_internal_INST_0_i_8/O
                         net (fo=3, unplaced)         0.467     3.191    onegen_instance/rd_addr_ctx_reg[5]_0
                         LUT4 (Prop_lut4_I3_O)        0.116     3.307 f  onegen_instance/seed_valid_internal_INST_0_i_4/O
                         net (fo=6, unplaced)         0.934     4.241    onegen_instance_n_12
                         LUT5 (Prop_lut5_I1_O)        0.124     4.365 r  seed_valid_internal_INST_0_i_1/O
                         net (fo=2, unplaced)         0.460     4.825    seed_valid_internal_INST_0_i_1_n_0
                         LUT6 (Prop_lut6_I2_O)        0.124     4.949 r  FSM_onehot_state_shake[8]_i_1/O
                         net (fo=9, unplaced)         0.514     5.463    FSM_onehot_state_shake[8]_i_1_n_0
                         FDRE                                         r  FSM_onehot_state_shake_reg[2]/CE
  -------------------------------------------------------------------    -------------------

                         (clock clk rise edge)        5.000     5.000 r  
                                                      0.000     5.000 r  clk (IN)
                         net (fo=123, unset)          0.924     5.924    clk
                         FDRE                                         r  FSM_onehot_state_shake_reg[2]/C
                         clock pessimism              0.000     5.924    
                         clock uncertainty           -0.035     5.889    
                         FDRE (Setup_fdre_C_CE)      -0.202     5.687    FSM_onehot_state_shake_reg[2]
  -------------------------------------------------------------------
                         required time                          5.687    
                         arrival time                          -5.463    
  -------------------------------------------------------------------
                         slack                                  0.224    

Slack (MET) :             0.224ns  (required time - arrival time)
  Source:                 rd_addr_ctx_reg[5]/C
                            (rising edge-triggered cell FDRE clocked by clk  {rise@0.000ns fall@2.500ns period=5.000ns})
  Destination:            FSM_onehot_state_shake_reg[3]/CE
                            (rising edge-triggered cell FDRE clocked by clk  {rise@0.000ns fall@2.500ns period=5.000ns})
  Path Group:             clk
  Path Type:              Setup (Max at Slow Process Corner)
  Requirement:            5.000ns  (clk rise@5.000ns - clk rise@0.000ns)
  Data Path Delay:        4.490ns  (logic 1.115ns (24.833%)  route 3.375ns (75.167%))
  Logic Levels:           4  (LUT4=1 LUT5=1 LUT6=2)
  Clock Path Skew:        -0.049ns (DCD - SCD + CPR)
    Destination Clock Delay (DCD):    0.924ns = ( 5.924 - 5.000 ) 
    Source Clock Delay      (SCD):    0.973ns
    Clock Pessimism Removal (CPR):    0.000ns
  Clock Uncertainty:      0.035ns  ((TSJ^2 + TIJ^2)^1/2 + DJ) / 2 + PE
    Total System Jitter     (TSJ):    0.071ns
    Total Input Jitter      (TIJ):    0.000ns
    Discrete Jitter          (DJ):    0.000ns
    Phase Error              (PE):    0.000ns

    Location             Delay type                Incr(ns)  Path(ns)    Netlist Resource(s)
  -------------------------------------------------------------------    -------------------
                         (clock clk rise edge)        0.000     0.000 r  
                                                      0.000     0.000 r  clk (IN)
                         net (fo=123, unset)          0.973     0.973    clk
                         FDRE                                         r  rd_addr_ctx_reg[5]/C
  -------------------------------------------------------------------    -------------------
                         FDRE (Prop_fdre_C_Q)         0.456     1.429 f  rd_addr_ctx_reg[5]/Q
                         net (fo=7, unplaced)         1.000     2.429    onegen_instance/FSM_onehot_red_state_reg[2]_0
                         LUT6 (Prop_lut6_I0_O)        0.295     2.724 f  onegen_instance/seed_valid_internal_INST_0_i_8/O
                         net (fo=3, unplaced)         0.467     3.191    onegen_instance/rd_addr_ctx_reg[5]_0
                         LUT4 (Prop_lut4_I3_O)        0.116     3.307 f  onegen_instance/seed_valid_internal_INST_0_i_4/O
                         net (fo=6, unplaced)         0.934     4.241    onegen_instance_n_12
                         LUT5 (Prop_lut5_I1_O)        0.124     4.365 r  seed_valid_internal_INST_0_i_1/O
                         net (fo=2, unplaced)         0.460     4.825    seed_valid_internal_INST_0_i_1_n_0
                         LUT6 (Prop_lut6_I2_O)        0.124     4.949 r  FSM_onehot_state_shake[8]_i_1/O
                         net (fo=9, unplaced)         0.514     5.463    FSM_onehot_state_shake[8]_i_1_n_0
                         FDRE                                         r  FSM_onehot_state_shake_reg[3]/CE
  -------------------------------------------------------------------    -------------------

                         (clock clk rise edge)        5.000     5.000 r  
                                                      0.000     5.000 r  clk (IN)
                         net (fo=123, unset)          0.924     5.924    clk
                         FDRE                                         r  FSM_onehot_state_shake_reg[3]/C
                         clock pessimism              0.000     5.924    
                         clock uncertainty           -0.035     5.889    
                         FDRE (Setup_fdre_C_CE)      -0.202     5.687    FSM_onehot_state_shake_reg[3]
  -------------------------------------------------------------------
                         required time                          5.687    
                         arrival time                          -5.463    
  -------------------------------------------------------------------
                         slack                                  0.224    




