Copyright 1986-2022 Xilinx, Inc. All Rights Reserved. Copyright 2022-2025 Advanced Micro Devices, Inc. All Rights Reserved.
---------------------------------------------------------------------------------------------------------------------------------------------
| Tool Version : Vivado v.2025.2 (lin64) Build 6299465 Fri Nov 14 12:34:56 MST 2025
| Date         : Fri Jun 12 13:23:49 2026
| Host         : MSI running 64-bit Ubuntu 26.04 LTS
| Command      : report_timing -max_paths 20 -sort_by slack -file ./synth_out/paths/keygen_hqc128_top20.rpt
| Design       : keygen
| Device       : 7a200t-fbg676
| Speed File   : -1  PRODUCTION 1.23 2018-06-13
| Design State : Synthesized
---------------------------------------------------------------------------------------------------------------------------------------------

Timing Report

Slack (VIOLATED) :        -0.159ns  (required time - arrival time)
  Source:                 FIXEDWEIGHT/weight_count_reg[2]/C
                            (rising edge-triggered cell FDRE clocked by clk  {rise@0.000ns fall@2.500ns period=5.000ns})
  Destination:            FIXEDWEIGHT/rd_addr_ctx_reg[3]/R
                            (rising edge-triggered cell FDRE clocked by clk  {rise@0.000ns fall@2.500ns period=5.000ns})
  Path Group:             clk
  Path Type:              Setup (Max at Slow Process Corner)
  Requirement:            5.000ns  (clk rise@5.000ns - clk rise@0.000ns)
  Data Path Delay:        4.642ns  (logic 1.185ns (25.528%)  route 3.457ns (74.472%))
  Logic Levels:           4  (LUT4=2 LUT6=2)
  Clock Path Skew:        -0.049ns (DCD - SCD + CPR)
    Destination Clock Delay (DCD):    0.924ns = ( 5.924 - 5.000 ) 
    Source Clock Delay      (SCD):    0.973ns
    Clock Pessimism Removal (CPR):    0.000ns
  Clock Uncertainty:      0.035ns  ((TSJ^2 + TIJ^2)^1/2 + DJ) / 2 + PE
    Total System Jitter     (TSJ):    0.071ns
    Total Input Jitter      (TIJ):    0.000ns
    Discrete Jitter          (DJ):    0.000ns
    Phase Error              (PE):    0.000ns

    Location             Delay type                Incr(ns)  Path(ns)    Netlist Resource(s)
  -------------------------------------------------------------------    -------------------
                         (clock clk rise edge)        0.000     0.000 r  
                                                      0.000     0.000 r  clk (IN)
                         net (fo=734, unset)          0.973     0.973    FIXEDWEIGHT/clk
                         FDRE                                         r  FIXEDWEIGHT/weight_count_reg[2]/C
  -------------------------------------------------------------------    -------------------
                         FDRE (Prop_fdre_C_Q)         0.518     1.491 r  FIXEDWEIGHT/weight_count_reg[2]/Q
                         net (fo=5, unplaced)         0.769     2.260    FIXEDWEIGHT/onegen_instance/red_state_reg[3]_4[2]
                         LUT4 (Prop_lut4_I1_O)        0.295     2.555 r  FIXEDWEIGHT/onegen_instance/state[3]_i_12/O
                         net (fo=2, unplaced)         0.460     3.015    FIXEDWEIGHT/onegen_instance_n_15
                         LUT4 (Prop_lut4_I1_O)        0.124     3.139 r  FIXEDWEIGHT/squeeze_ctrl_reg_i_4/O
                         net (fo=8, unplaced)         0.487     3.626    FIXEDWEIGHT/squeeze_ctrl_reg_i_4_n_0
                         LUT6 (Prop_lut6_I2_O)        0.124     3.750 r  FIXEDWEIGHT/rd_addr_ctx[7]_i_7/O
                         net (fo=7, unplaced)         0.937     4.687    FIXEDWEIGHT/onegen_instance/rd_addr_ctx_reg[3]_0
                         LUT6 (Prop_lut6_I0_O)        0.124     4.811 r  FIXEDWEIGHT/onegen_instance/rd_addr_ctx[9]_i_1/O
                         net (fo=5, unplaced)         0.804     5.615    FIXEDWEIGHT/onegen_instance_n_9
                         FDRE                                         r  FIXEDWEIGHT/rd_addr_ctx_reg[3]/R
  -------------------------------------------------------------------    -------------------

                         (clock clk rise edge)        5.000     5.000 r  
                                                      0.000     5.000 r  clk (IN)
                         net (fo=734, unset)          0.924     5.924    FIXEDWEIGHT/clk
                         FDRE                                         r  FIXEDWEIGHT/rd_addr_ctx_reg[3]/C
                         clock pessimism              0.000     5.924    
                         clock uncertainty           -0.035     5.889    
                         FDRE (Setup_fdre_C_R)       -0.433     5.456    FIXEDWEIGHT/rd_addr_ctx_reg[3]
  -------------------------------------------------------------------
                         required time                          5.456    
                         arrival time                          -5.615    
  -------------------------------------------------------------------
                         slack                                 -0.159    

Slack (VIOLATED) :        -0.159ns  (required time - arrival time)
  Source:                 FIXEDWEIGHT/weight_count_reg[2]/C
                            (rising edge-triggered cell FDRE clocked by clk  {rise@0.000ns fall@2.500ns period=5.000ns})
  Destination:            FIXEDWEIGHT/rd_addr_ctx_reg[4]/R
                            (rising edge-triggered cell FDRE clocked by clk  {rise@0.000ns fall@2.500ns period=5.000ns})
  Path Group:             clk
  Path Type:              Setup (Max at Slow Process Corner)
  Requirement:            5.000ns  (clk rise@5.000ns - clk rise@0.000ns)
  Data Path Delay:        4.642ns  (logic 1.185ns (25.528%)  route 3.457ns (74.472%))
  Logic Levels:           4  (LUT4=2 LUT6=2)
  Clock Path Skew:        -0.049ns (DCD - SCD + CPR)
    Destination Clock Delay (DCD):    0.924ns = ( 5.924 - 5.000 ) 
    Source Clock Delay      (SCD):    0.973ns
    Clock Pessimism Removal (CPR):    0.000ns
  Clock Uncertainty:      0.035ns  ((TSJ^2 + TIJ^2)^1/2 + DJ) / 2 + PE
    Total System Jitter     (TSJ):    0.071ns
    Total Input Jitter      (TIJ):    0.000ns
    Discrete Jitter          (DJ):    0.000ns
    Phase Error              (PE):    0.000ns

    Location             Delay type                Incr(ns)  Path(ns)    Netlist Resource(s)
  -------------------------------------------------------------------    -------------------
                         (clock clk rise edge)        0.000     0.000 r  
                                                      0.000     0.000 r  clk (IN)
                         net (fo=734, unset)          0.973     0.973    FIXEDWEIGHT/clk
                         FDRE                                         r  FIXEDWEIGHT/weight_count_reg[2]/C
  -------------------------------------------------------------------    -------------------
                         FDRE (Prop_fdre_C_Q)         0.518     1.491 r  FIXEDWEIGHT/weight_count_reg[2]/Q
                         net (fo=5, unplaced)         0.769     2.260    FIXEDWEIGHT/onegen_instance/red_state_reg[3]_4[2]
                         LUT4 (Prop_lut4_I1_O)        0.295     2.555 r  FIXEDWEIGHT/onegen_instance/state[3]_i_12/O
                         net (fo=2, unplaced)         0.460     3.015    FIXEDWEIGHT/onegen_instance_n_15
                         LUT4 (Prop_lut4_I1_O)        0.124     3.139 r  FIXEDWEIGHT/squeeze_ctrl_reg_i_4/O
                         net (fo=8, unplaced)         0.487     3.626    FIXEDWEIGHT/squeeze_ctrl_reg_i_4_n_0
                         LUT6 (Prop_lut6_I2_O)        0.124     3.750 r  FIXEDWEIGHT/rd_addr_ctx[7]_i_7/O
                         net (fo=7, unplaced)         0.937     4.687    FIXEDWEIGHT/onegen_instance/rd_addr_ctx_reg[3]_0
                         LUT6 (Prop_lut6_I0_O)        0.124     4.811 r  FIXEDWEIGHT/onegen_instance/rd_addr_ctx[9]_i_1/O
                         net (fo=5, unplaced)         0.804     5.615    FIXEDWEIGHT/onegen_instance_n_9
                         FDRE                                         r  FIXEDWEIGHT/rd_addr_ctx_reg[4]/R
  -------------------------------------------------------------------    -------------------

                         (clock clk rise edge)        5.000     5.000 r  
                                                      0.000     5.000 r  clk (IN)
                         net (fo=734, unset)          0.924     5.924    FIXEDWEIGHT/clk
                         FDRE                                         r  FIXEDWEIGHT/rd_addr_ctx_reg[4]/C
                         clock pessimism              0.000     5.924    
                         clock uncertainty           -0.035     5.889    
                         FDRE (Setup_fdre_C_R)       -0.433     5.456    FIXEDWEIGHT/rd_addr_ctx_reg[4]
  -------------------------------------------------------------------
                         required time                          5.456    
                         arrival time                          -5.615    
  -------------------------------------------------------------------
                         slack                                 -0.159    

Slack (VIOLATED) :        -0.159ns  (required time - arrival time)
  Source:                 FIXEDWEIGHT/weight_count_reg[2]/C
                            (rising edge-triggered cell FDRE clocked by clk  {rise@0.000ns fall@2.500ns period=5.000ns})
  Destination:            FIXEDWEIGHT/rd_addr_ctx_reg[5]/R
                            (rising edge-triggered cell FDRE clocked by clk  {rise@0.000ns fall@2.500ns period=5.000ns})
  Path Group:             clk
  Path Type:              Setup (Max at Slow Process Corner)
  Requirement:            5.000ns  (clk rise@5.000ns - clk rise@0.000ns)
  Data Path Delay:        4.642ns  (logic 1.185ns (25.528%)  route 3.457ns (74.472%))
  Logic Levels:           4  (LUT4=2 LUT6=2)
  Clock Path Skew:        -0.049ns (DCD - SCD + CPR)
    Destination Clock Delay (DCD):    0.924ns = ( 5.924 - 5.000 ) 
    Source Clock Delay      (SCD):    0.973ns
    Clock Pessimism Removal (CPR):    0.000ns
  Clock Uncertainty:      0.035ns  ((TSJ^2 + TIJ^2)^1/2 + DJ) / 2 + PE
    Total System Jitter     (TSJ):    0.071ns
    Total Input Jitter      (TIJ):    0.000ns
    Discrete Jitter          (DJ):    0.000ns
    Phase Error              (PE):    0.000ns

    Location             Delay type                Incr(ns)  Path(ns)    Netlist Resource(s)
  -------------------------------------------------------------------    -------------------
                         (clock clk rise edge)        0.000     0.000 r  
                                                      0.000     0.000 r  clk (IN)
                         net (fo=734, unset)          0.973     0.973    FIXEDWEIGHT/clk
                         FDRE                                         r  FIXEDWEIGHT/weight_count_reg[2]/C
  -------------------------------------------------------------------    -------------------
                         FDRE (Prop_fdre_C_Q)         0.518     1.491 r  FIXEDWEIGHT/weight_count_reg[2]/Q
                         net (fo=5, unplaced)         0.769     2.260    FIXEDWEIGHT/onegen_instance/red_state_reg[3]_4[2]
                         LUT4 (Prop_lut4_I1_O)        0.295     2.555 r  FIXEDWEIGHT/onegen_instance/state[3]_i_12/O
                         net (fo=2, unplaced)         0.460     3.015    FIXEDWEIGHT/onegen_instance_n_15
                         LUT4 (Prop_lut4_I1_O)        0.124     3.139 r  FIXEDWEIGHT/squeeze_ctrl_reg_i_4/O
                         net (fo=8, unplaced)         0.487     3.626    FIXEDWEIGHT/squeeze_ctrl_reg_i_4_n_0
                         LUT6 (Prop_lut6_I2_O)        0.124     3.750 r  FIXEDWEIGHT/rd_addr_ctx[7]_i_7/O
                         net (fo=7, unplaced)         0.937     4.687    FIXEDWEIGHT/onegen_instance/rd_addr_ctx_reg[3]_0
                         LUT6 (Prop_lut6_I0_O)        0.124     4.811 r  FIXEDWEIGHT/onegen_instance/rd_addr_ctx[9]_i_1/O
                         net (fo=5, unplaced)         0.804     5.615    FIXEDWEIGHT/onegen_instance_n_9
                         FDRE                                         r  FIXEDWEIGHT/rd_addr_ctx_reg[5]/R
  -------------------------------------------------------------------    -------------------

                         (clock clk rise edge)        5.000     5.000 r  
                                                      0.000     5.000 r  clk (IN)
                         net (fo=734, unset)          0.924     5.924    FIXEDWEIGHT/clk
                         FDRE                                         r  FIXEDWEIGHT/rd_addr_ctx_reg[5]/C
                         clock pessimism              0.000     5.924    
                         clock uncertainty           -0.035     5.889    
                         FDRE (Setup_fdre_C_R)       -0.433     5.456    FIXEDWEIGHT/rd_addr_ctx_reg[5]
  -------------------------------------------------------------------
                         required time                          5.456    
                         arrival time                          -5.615    
  -------------------------------------------------------------------
                         slack                                 -0.159    

Slack (VIOLATED) :        -0.159ns  (required time - arrival time)
  Source:                 FIXEDWEIGHT/weight_count_reg[2]/C
                            (rising edge-triggered cell FDRE clocked by clk  {rise@0.000ns fall@2.500ns period=5.000ns})
  Destination:            FIXEDWEIGHT/rd_addr_ctx_reg[8]/R
                            (rising edge-triggered cell FDRE clocked by clk  {rise@0.000ns fall@2.500ns period=5.000ns})
  Path Group:             clk
  Path Type:              Setup (Max at Slow Process Corner)
  Requirement:            5.000ns  (clk rise@5.000ns - clk rise@0.000ns)
  Data Path Delay:        4.642ns  (logic 1.185ns (25.528%)  route 3.457ns (74.472%))
  Logic Levels:           4  (LUT4=2 LUT6=2)
  Clock Path Skew:        -0.049ns (DCD - SCD + CPR)
    Destination Clock Delay (DCD):    0.924ns = ( 5.924 - 5.000 ) 
    Source Clock Delay      (SCD):    0.973ns
    Clock Pessimism Removal (CPR):    0.000ns
  Clock Uncertainty:      0.035ns  ((TSJ^2 + TIJ^2)^1/2 + DJ) / 2 + PE
    Total System Jitter     (TSJ):    0.071ns
    Total Input Jitter      (TIJ):    0.000ns
    Discrete Jitter          (DJ):    0.000ns
    Phase Error              (PE):    0.000ns

    Location             Delay type                Incr(ns)  Path(ns)    Netlist Resource(s)
  -------------------------------------------------------------------    -------------------
                         (clock clk rise edge)        0.000     0.000 r  
                                                      0.000     0.000 r  clk (IN)
                         net (fo=734, unset)          0.973     0.973    FIXEDWEIGHT/clk
                         FDRE                                         r  FIXEDWEIGHT/weight_count_reg[2]/C
  -------------------------------------------------------------------    -------------------
                         FDRE (Prop_fdre_C_Q)         0.518     1.491 r  FIXEDWEIGHT/weight_count_reg[2]/Q
                         net (fo=5, unplaced)         0.769     2.260    FIXEDWEIGHT/onegen_instance/red_state_reg[3]_4[2]
                         LUT4 (Prop_lut4_I1_O)        0.295     2.555 r  FIXEDWEIGHT/onegen_instance/state[3]_i_12/O
                         net (fo=2, unplaced)         0.460     3.015    FIXEDWEIGHT/onegen_instance_n_15
                         LUT4 (Prop_lut4_I1_O)        0.124     3.139 r  FIXEDWEIGHT/squeeze_ctrl_reg_i_4/O
                         net (fo=8, unplaced)         0.487     3.626    FIXEDWEIGHT/squeeze_ctrl_reg_i_4_n_0
                         LUT6 (Prop_lut6_I2_O)        0.124     3.750 r  FIXEDWEIGHT/rd_addr_ctx[7]_i_7/O
                         net (fo=7, unplaced)         0.937     4.687    FIXEDWEIGHT/onegen_instance/rd_addr_ctx_reg[3]_0
                         LUT6 (Prop_lut6_I0_O)        0.124     4.811 r  FIXEDWEIGHT/onegen_instance/rd_addr_ctx[9]_i_1/O
                         net (fo=5, unplaced)         0.804     5.615    FIXEDWEIGHT/onegen_instance_n_9
                         FDRE                                         r  FIXEDWEIGHT/rd_addr_ctx_reg[8]/R
  -------------------------------------------------------------------    -------------------

                         (clock clk rise edge)        5.000     5.000 r  
                                                      0.000     5.000 r  clk (IN)
                         net (fo=734, unset)          0.924     5.924    FIXEDWEIGHT/clk
                         FDRE                                         r  FIXEDWEIGHT/rd_addr_ctx_reg[8]/C
                         clock pessimism              0.000     5.924    
                         clock uncertainty           -0.035     5.889    
                         FDRE (Setup_fdre_C_R)       -0.433     5.456    FIXEDWEIGHT/rd_addr_ctx_reg[8]
  -------------------------------------------------------------------
                         required time                          5.456    
                         arrival time                          -5.615    
  -------------------------------------------------------------------
                         slack                                 -0.159    

Slack (VIOLATED) :        -0.159ns  (required time - arrival time)
  Source:                 FIXEDWEIGHT/weight_count_reg[2]/C
                            (rising edge-triggered cell FDRE clocked by clk  {rise@0.000ns fall@2.500ns period=5.000ns})
  Destination:            FIXEDWEIGHT/rd_addr_ctx_reg[9]/R
                            (rising edge-triggered cell FDRE clocked by clk  {rise@0.000ns fall@2.500ns period=5.000ns})
  Path Group:             clk
  Path Type:              Setup (Max at Slow Process Corner)
  Requirement:            5.000ns  (clk rise@5.000ns - clk rise@0.000ns)
  Data Path Delay:        4.642ns  (logic 1.185ns (25.528%)  route 3.457ns (74.472%))
  Logic Levels:           4  (LUT4=2 LUT6=2)
  Clock Path Skew:        -0.049ns (DCD - SCD + CPR)
    Destination Clock Delay (DCD):    0.924ns = ( 5.924 - 5.000 ) 
    Source Clock Delay      (SCD):    0.973ns
    Clock Pessimism Removal (CPR):    0.000ns
  Clock Uncertainty:      0.035ns  ((TSJ^2 + TIJ^2)^1/2 + DJ) / 2 + PE
    Total System Jitter     (TSJ):    0.071ns
    Total Input Jitter      (TIJ):    0.000ns
    Discrete Jitter          (DJ):    0.000ns
    Phase Error              (PE):    0.000ns

    Location             Delay type                Incr(ns)  Path(ns)    Netlist Resource(s)
  -------------------------------------------------------------------    -------------------
                         (clock clk rise edge)        0.000     0.000 r  
                                                      0.000     0.000 r  clk (IN)
                         net (fo=734, unset)          0.973     0.973    FIXEDWEIGHT/clk
                         FDRE                                         r  FIXEDWEIGHT/weight_count_reg[2]/C
  -------------------------------------------------------------------    -------------------
                         FDRE (Prop_fdre_C_Q)         0.518     1.491 r  FIXEDWEIGHT/weight_count_reg[2]/Q
                         net (fo=5, unplaced)         0.769     2.260    FIXEDWEIGHT/onegen_instance/red_state_reg[3]_4[2]
                         LUT4 (Prop_lut4_I1_O)        0.295     2.555 r  FIXEDWEIGHT/onegen_instance/state[3]_i_12/O
                         net (fo=2, unplaced)         0.460     3.015    FIXEDWEIGHT/onegen_instance_n_15
                         LUT4 (Prop_lut4_I1_O)        0.124     3.139 r  FIXEDWEIGHT/squeeze_ctrl_reg_i_4/O
                         net (fo=8, unplaced)         0.487     3.626    FIXEDWEIGHT/squeeze_ctrl_reg_i_4_n_0
                         LUT6 (Prop_lut6_I2_O)        0.124     3.750 r  FIXEDWEIGHT/rd_addr_ctx[7]_i_7/O
                         net (fo=7, unplaced)         0.937     4.687    FIXEDWEIGHT/onegen_instance/rd_addr_ctx_reg[3]_0
                         LUT6 (Prop_lut6_I0_O)        0.124     4.811 r  FIXEDWEIGHT/onegen_instance/rd_addr_ctx[9]_i_1/O
                         net (fo=5, unplaced)         0.804     5.615    FIXEDWEIGHT/onegen_instance_n_9
                         FDRE                                         r  FIXEDWEIGHT/rd_addr_ctx_reg[9]/R
  -------------------------------------------------------------------    -------------------

                         (clock clk rise edge)        5.000     5.000 r  
                                                      0.000     5.000 r  clk (IN)
                         net (fo=734, unset)          0.924     5.924    FIXEDWEIGHT/clk
                         FDRE                                         r  FIXEDWEIGHT/rd_addr_ctx_reg[9]/C
                         clock pessimism              0.000     5.924    
                         clock uncertainty           -0.035     5.889    
                         FDRE (Setup_fdre_C_R)       -0.433     5.456    FIXEDWEIGHT/rd_addr_ctx_reg[9]
  -------------------------------------------------------------------
                         required time                          5.456    
                         arrival time                          -5.615    
  -------------------------------------------------------------------
                         slack                                 -0.159    

Slack (VIOLATED) :        -0.122ns  (required time - arrival time)
  Source:                 FIXEDWEIGHT/wr_addr_ctx_reg[5]/C
                            (rising edge-triggered cell FDRE clocked by clk  {rise@0.000ns fall@2.500ns period=5.000ns})
  Destination:            FIXEDWEIGHT/wr_addr_ctx_reg[0]/R
                            (rising edge-triggered cell FDRE clocked by clk  {rise@0.000ns fall@2.500ns period=5.000ns})
  Path Group:             clk
  Path Type:              Setup (Max at Slow Process Corner)
  Requirement:            5.000ns  (clk rise@5.000ns - clk rise@0.000ns)
  Data Path Delay:        4.605ns  (logic 1.139ns (24.734%)  route 3.466ns (75.266%))
  Logic Levels:           4  (LUT3=1 LUT4=1 LUT6=2)
  Clock Path Skew:        -0.049ns (DCD - SCD + CPR)
    Destination Clock Delay (DCD):    0.924ns = ( 5.924 - 5.000 ) 
    Source Clock Delay      (SCD):    0.973ns
    Clock Pessimism Removal (CPR):    0.000ns
  Clock Uncertainty:      0.035ns  ((TSJ^2 + TIJ^2)^1/2 + DJ) / 2 + PE
    Total System Jitter     (TSJ):    0.071ns
    Total Input Jitter      (TIJ):    0.000ns
    Discrete Jitter          (DJ):    0.000ns
    Phase Error              (PE):    0.000ns

    Location             Delay type                Incr(ns)  Path(ns)    Netlist Resource(s)
  -------------------------------------------------------------------    -------------------
                         (clock clk rise edge)        0.000     0.000 r  
                                                      0.000     0.000 r  clk (IN)
                         net (fo=734, unset)          0.973     0.973    FIXEDWEIGHT/clk
                         FDRE                                         r  FIXEDWEIGHT/wr_addr_ctx_reg[5]/C
  -------------------------------------------------------------------    -------------------
                         FDRE (Prop_fdre_C_Q)         0.456     1.429 r  FIXEDWEIGHT/wr_addr_ctx_reg[5]/Q
                         net (fo=7, unplaced)         0.776     2.205    FIXEDWEIGHT/wr_addr_ctx_reg_n_0_[5]
                         LUT3 (Prop_lut3_I0_O)        0.319     2.524 r  FIXEDWEIGHT/shake_dout_ready_INST_0_i_5/O
                         net (fo=4, unplaced)         0.473     2.997    FIXEDWEIGHT/shake_dout_ready_INST_0_i_5_n_0
                         LUT6 (Prop_lut6_I4_O)        0.124     3.121 r  FIXEDWEIGHT/shake_dout_ready_INST_0_i_2/O
                         net (fo=9, unplaced)         0.490     3.611    FIXEDWEIGHT/shake_dout_ready_INST_0_i_2_n_0
                         LUT4 (Prop_lut4_I2_O)        0.116     3.727 f  FIXEDWEIGHT/wr_addr_ctx[8]_i_4/O
                         net (fo=2, unplaced)         0.913     4.640    FIXEDWEIGHT/wr_addr_ctx[8]_i_4_n_0
                         LUT6 (Prop_lut6_I1_O)        0.124     4.764 r  FIXEDWEIGHT/wr_addr_ctx[7]_i_1/O
                         net (fo=8, unplaced)         0.814     5.578    FIXEDWEIGHT/wr_addr_ctx[7]_i_1_n_0
                         FDRE                                         r  FIXEDWEIGHT/wr_addr_ctx_reg[0]/R
  -------------------------------------------------------------------    -------------------

                         (clock clk rise edge)        5.000     5.000 r  
                                                      0.000     5.000 r  clk (IN)
                         net (fo=734, unset)          0.924     5.924    FIXEDWEIGHT/clk
                         FDRE                                         r  FIXEDWEIGHT/wr_addr_ctx_reg[0]/C
                         clock pessimism              0.000     5.924    
                         clock uncertainty           -0.035     5.889    
                         FDRE (Setup_fdre_C_R)       -0.433     5.456    FIXEDWEIGHT/wr_addr_ctx_reg[0]
  -------------------------------------------------------------------
                         required time                          5.456    
                         arrival time                          -5.578    
  -------------------------------------------------------------------
                         slack                                 -0.122    

Slack (VIOLATED) :        -0.122ns  (required time - arrival time)
  Source:                 FIXEDWEIGHT/wr_addr_ctx_reg[5]/C
                            (rising edge-triggered cell FDRE clocked by clk  {rise@0.000ns fall@2.500ns period=5.000ns})
  Destination:            FIXEDWEIGHT/wr_addr_ctx_reg[1]/R
                            (rising edge-triggered cell FDRE clocked by clk  {rise@0.000ns fall@2.500ns period=5.000ns})
  Path Group:             clk
  Path Type:              Setup (Max at Slow Process Corner)
  Requirement:            5.000ns  (clk rise@5.000ns - clk rise@0.000ns)
  Data Path Delay:        4.605ns  (logic 1.139ns (24.734%)  route 3.466ns (75.266%))
  Logic Levels:           4  (LUT3=1 LUT4=1 LUT6=2)
  Clock Path Skew:        -0.049ns (DCD - SCD + CPR)
    Destination Clock Delay (DCD):    0.924ns = ( 5.924 - 5.000 ) 
    Source Clock Delay      (SCD):    0.973ns
    Clock Pessimism Removal (CPR):    0.000ns
  Clock Uncertainty:      0.035ns  ((TSJ^2 + TIJ^2)^1/2 + DJ) / 2 + PE
    Total System Jitter     (TSJ):    0.071ns
    Total Input Jitter      (TIJ):    0.000ns
    Discrete Jitter          (DJ):    0.000ns
    Phase Error              (PE):    0.000ns

    Location             Delay type                Incr(ns)  Path(ns)    Netlist Resource(s)
  -------------------------------------------------------------------    -------------------
                         (clock clk rise edge)        0.000     0.000 r  
                                                      0.000     0.000 r  clk (IN)
                         net (fo=734, unset)          0.973     0.973    FIXEDWEIGHT/clk
                         FDRE                                         r  FIXEDWEIGHT/wr_addr_ctx_reg[5]/C
  -------------------------------------------------------------------    -------------------
                         FDRE (Prop_fdre_C_Q)         0.456     1.429 r  FIXEDWEIGHT/wr_addr_ctx_reg[5]/Q
                         net (fo=7, unplaced)         0.776     2.205    FIXEDWEIGHT/wr_addr_ctx_reg_n_0_[5]
                         LUT3 (Prop_lut3_I0_O)        0.319     2.524 r  FIXEDWEIGHT/shake_dout_ready_INST_0_i_5/O
                         net (fo=4, unplaced)         0.473     2.997    FIXEDWEIGHT/shake_dout_ready_INST_0_i_5_n_0
                         LUT6 (Prop_lut6_I4_O)        0.124     3.121 r  FIXEDWEIGHT/shake_dout_ready_INST_0_i_2/O
                         net (fo=9, unplaced)         0.490     3.611    FIXEDWEIGHT/shake_dout_ready_INST_0_i_2_n_0
                         LUT4 (Prop_lut4_I2_O)        0.116     3.727 f  FIXEDWEIGHT/wr_addr_ctx[8]_i_4/O
                         net (fo=2, unplaced)         0.913     4.640    FIXEDWEIGHT/wr_addr_ctx[8]_i_4_n_0
                         LUT6 (Prop_lut6_I1_O)        0.124     4.764 r  FIXEDWEIGHT/wr_addr_ctx[7]_i_1/O
                         net (fo=8, unplaced)         0.814     5.578    FIXEDWEIGHT/wr_addr_ctx[7]_i_1_n_0
                         FDRE                                         r  FIXEDWEIGHT/wr_addr_ctx_reg[1]/R
  -------------------------------------------------------------------    -------------------

                         (clock clk rise edge)        5.000     5.000 r  
                                                      0.000     5.000 r  clk (IN)
                         net (fo=734, unset)          0.924     5.924    FIXEDWEIGHT/clk
                         FDRE                                         r  FIXEDWEIGHT/wr_addr_ctx_reg[1]/C
                         clock pessimism              0.000     5.924    
                         clock uncertainty           -0.035     5.889    
                         FDRE (Setup_fdre_C_R)       -0.433     5.456    FIXEDWEIGHT/wr_addr_ctx_reg[1]
  -------------------------------------------------------------------
                         required time                          5.456    
                         arrival time                          -5.578    
  -------------------------------------------------------------------
                         slack                                 -0.122    

Slack (VIOLATED) :        -0.122ns  (required time - arrival time)
  Source:                 FIXEDWEIGHT/wr_addr_ctx_reg[5]/C
                            (rising edge-triggered cell FDRE clocked by clk  {rise@0.000ns fall@2.500ns period=5.000ns})
  Destination:            FIXEDWEIGHT/wr_addr_ctx_reg[2]/R
                            (rising edge-triggered cell FDRE clocked by clk  {rise@0.000ns fall@2.500ns period=5.000ns})
  Path Group:             clk
  Path Type:              Setup (Max at Slow Process Corner)
  Requirement:            5.000ns  (clk rise@5.000ns - clk rise@0.000ns)
  Data Path Delay:        4.605ns  (logic 1.139ns (24.734%)  route 3.466ns (75.266%))
  Logic Levels:           4  (LUT3=1 LUT4=1 LUT6=2)
  Clock Path Skew:        -0.049ns (DCD - SCD + CPR)
    Destination Clock Delay (DCD):    0.924ns = ( 5.924 - 5.000 ) 
    Source Clock Delay      (SCD):    0.973ns
    Clock Pessimism Removal (CPR):    0.000ns
  Clock Uncertainty:      0.035ns  ((TSJ^2 + TIJ^2)^1/2 + DJ) / 2 + PE
    Total System Jitter     (TSJ):    0.071ns
    Total Input Jitter      (TIJ):    0.000ns
    Discrete Jitter          (DJ):    0.000ns
    Phase Error              (PE):    0.000ns

    Location             Delay type                Incr(ns)  Path(ns)    Netlist Resource(s)
  -------------------------------------------------------------------    -------------------
                         (clock clk rise edge)        0.000     0.000 r  
                                                      0.000     0.000 r  clk (IN)
                         net (fo=734, unset)          0.973     0.973    FIXEDWEIGHT/clk
                         FDRE                                         r  FIXEDWEIGHT/wr_addr_ctx_reg[5]/C
  -------------------------------------------------------------------    -------------------
                         FDRE (Prop_fdre_C_Q)         0.456     1.429 r  FIXEDWEIGHT/wr_addr_ctx_reg[5]/Q
                         net (fo=7, unplaced)         0.776     2.205    FIXEDWEIGHT/wr_addr_ctx_reg_n_0_[5]
                         LUT3 (Prop_lut3_I0_O)        0.319     2.524 r  FIXEDWEIGHT/shake_dout_ready_INST_0_i_5/O
                         net (fo=4, unplaced)         0.473     2.997    FIXEDWEIGHT/shake_dout_ready_INST_0_i_5_n_0
                         LUT6 (Prop_lut6_I4_O)        0.124     3.121 r  FIXEDWEIGHT/shake_dout_ready_INST_0_i_2/O
                         net (fo=9, unplaced)         0.490     3.611    FIXEDWEIGHT/shake_dout_ready_INST_0_i_2_n_0
                         LUT4 (Prop_lut4_I2_O)        0.116     3.727 f  FIXEDWEIGHT/wr_addr_ctx[8]_i_4/O
                         net (fo=2, unplaced)         0.913     4.640    FIXEDWEIGHT/wr_addr_ctx[8]_i_4_n_0
                         LUT6 (Prop_lut6_I1_O)        0.124     4.764 r  FIXEDWEIGHT/wr_addr_ctx[7]_i_1/O
                         net (fo=8, unplaced)         0.814     5.578    FIXEDWEIGHT/wr_addr_ctx[7]_i_1_n_0
                         FDRE                                         r  FIXEDWEIGHT/wr_addr_ctx_reg[2]/R
  -------------------------------------------------------------------    -------------------

                         (clock clk rise edge)        5.000     5.000 r  
                                                      0.000     5.000 r  clk (IN)
                         net (fo=734, unset)          0.924     5.924    FIXEDWEIGHT/clk
                         FDRE                                         r  FIXEDWEIGHT/wr_addr_ctx_reg[2]/C
                         clock pessimism              0.000     5.924    
                         clock uncertainty           -0.035     5.889    
                         FDRE (Setup_fdre_C_R)       -0.433     5.456    FIXEDWEIGHT/wr_addr_ctx_reg[2]
  -------------------------------------------------------------------
                         required time                          5.456    
                         arrival time                          -5.578    
  -------------------------------------------------------------------
                         slack                                 -0.122    

Slack (VIOLATED) :        -0.122ns  (required time - arrival time)
  Source:                 FIXEDWEIGHT/wr_addr_ctx_reg[5]/C
                            (rising edge-triggered cell FDRE clocked by clk  {rise@0.000ns fall@2.500ns period=5.000ns})
  Destination:            FIXEDWEIGHT/wr_addr_ctx_reg[3]/R
                            (rising edge-triggered cell FDRE clocked by clk  {rise@0.000ns fall@2.500ns period=5.000ns})
  Path Group:             clk
  Path Type:              Setup (Max at Slow Process Corner)
  Requirement:            5.000ns  (clk rise@5.000ns - clk rise@0.000ns)
  Data Path Delay:        4.605ns  (logic 1.139ns (24.734%)  route 3.466ns (75.266%))
  Logic Levels:           4  (LUT3=1 LUT4=1 LUT6=2)
  Clock Path Skew:        -0.049ns (DCD - SCD + CPR)
    Destination Clock Delay (DCD):    0.924ns = ( 5.924 - 5.000 ) 
    Source Clock Delay      (SCD):    0.973ns
    Clock Pessimism Removal (CPR):    0.000ns
  Clock Uncertainty:      0.035ns  ((TSJ^2 + TIJ^2)^1/2 + DJ) / 2 + PE
    Total System Jitter     (TSJ):    0.071ns
    Total Input Jitter      (TIJ):    0.000ns
    Discrete Jitter          (DJ):    0.000ns
    Phase Error              (PE):    0.000ns

    Location             Delay type                Incr(ns)  Path(ns)    Netlist Resource(s)
  -------------------------------------------------------------------    -------------------
                         (clock clk rise edge)        0.000     0.000 r  
                                                      0.000     0.000 r  clk (IN)
                         net (fo=734, unset)          0.973     0.973    FIXEDWEIGHT/clk
                         FDRE                                         r  FIXEDWEIGHT/wr_addr_ctx_reg[5]/C
  -------------------------------------------------------------------    -------------------
                         FDRE (Prop_fdre_C_Q)         0.456     1.429 r  FIXEDWEIGHT/wr_addr_ctx_reg[5]/Q
                         net (fo=7, unplaced)         0.776     2.205    FIXEDWEIGHT/wr_addr_ctx_reg_n_0_[5]
                         LUT3 (Prop_lut3_I0_O)        0.319     2.524 r  FIXEDWEIGHT/shake_dout_ready_INST_0_i_5/O
                         net (fo=4, unplaced)         0.473     2.997    FIXEDWEIGHT/shake_dout_ready_INST_0_i_5_n_0
                         LUT6 (Prop_lut6_I4_O)        0.124     3.121 r  FIXEDWEIGHT/shake_dout_ready_INST_0_i_2/O
                         net (fo=9, unplaced)         0.490     3.611    FIXEDWEIGHT/shake_dout_ready_INST_0_i_2_n_0
                         LUT4 (Prop_lut4_I2_O)        0.116     3.727 f  FIXEDWEIGHT/wr_addr_ctx[8]_i_4/O
                         net (fo=2, unplaced)         0.913     4.640    FIXEDWEIGHT/wr_addr_ctx[8]_i_4_n_0
                         LUT6 (Prop_lut6_I1_O)        0.124     4.764 r  FIXEDWEIGHT/wr_addr_ctx[7]_i_1/O
                         net (fo=8, unplaced)         0.814     5.578    FIXEDWEIGHT/wr_addr_ctx[7]_i_1_n_0
                         FDRE                                         r  FIXEDWEIGHT/wr_addr_ctx_reg[3]/R
  -------------------------------------------------------------------    -------------------

                         (clock clk rise edge)        5.000     5.000 r  
                                                      0.000     5.000 r  clk (IN)
                         net (fo=734, unset)          0.924     5.924    FIXEDWEIGHT/clk
                         FDRE                                         r  FIXEDWEIGHT/wr_addr_ctx_reg[3]/C
                         clock pessimism              0.000     5.924    
                         clock uncertainty           -0.035     5.889    
                         FDRE (Setup_fdre_C_R)       -0.433     5.456    FIXEDWEIGHT/wr_addr_ctx_reg[3]
  -------------------------------------------------------------------
                         required time                          5.456    
                         arrival time                          -5.578    
  -------------------------------------------------------------------
                         slack                                 -0.122    

Slack (VIOLATED) :        -0.122ns  (required time - arrival time)
  Source:                 FIXEDWEIGHT/wr_addr_ctx_reg[5]/C
                            (rising edge-triggered cell FDRE clocked by clk  {rise@0.000ns fall@2.500ns period=5.000ns})
  Destination:            FIXEDWEIGHT/wr_addr_ctx_reg[4]/R
                            (rising edge-triggered cell FDRE clocked by clk  {rise@0.000ns fall@2.500ns period=5.000ns})
  Path Group:             clk
  Path Type:              Setup (Max at Slow Process Corner)
  Requirement:            5.000ns  (clk rise@5.000ns - clk rise@0.000ns)
  Data Path Delay:        4.605ns  (logic 1.139ns (24.734%)  route 3.466ns (75.266%))
  Logic Levels:           4  (LUT3=1 LUT4=1 LUT6=2)
  Clock Path Skew:        -0.049ns (DCD - SCD + CPR)
    Destination Clock Delay (DCD):    0.924ns = ( 5.924 - 5.000 ) 
    Source Clock Delay      (SCD):    0.973ns
    Clock Pessimism Removal (CPR):    0.000ns
  Clock Uncertainty:      0.035ns  ((TSJ^2 + TIJ^2)^1/2 + DJ) / 2 + PE
    Total System Jitter     (TSJ):    0.071ns
    Total Input Jitter      (TIJ):    0.000ns
    Discrete Jitter          (DJ):    0.000ns
    Phase Error              (PE):    0.000ns

    Location             Delay type                Incr(ns)  Path(ns)    Netlist Resource(s)
  -------------------------------------------------------------------    -------------------
                         (clock clk rise edge)        0.000     0.000 r  
                                                      0.000     0.000 r  clk (IN)
                         net (fo=734, unset)          0.973     0.973    FIXEDWEIGHT/clk
                         FDRE                                         r  FIXEDWEIGHT/wr_addr_ctx_reg[5]/C
  -------------------------------------------------------------------    -------------------
                         FDRE (Prop_fdre_C_Q)         0.456     1.429 r  FIXEDWEIGHT/wr_addr_ctx_reg[5]/Q
                         net (fo=7, unplaced)         0.776     2.205    FIXEDWEIGHT/wr_addr_ctx_reg_n_0_[5]
                         LUT3 (Prop_lut3_I0_O)        0.319     2.524 r  FIXEDWEIGHT/shake_dout_ready_INST_0_i_5/O
                         net (fo=4, unplaced)         0.473     2.997    FIXEDWEIGHT/shake_dout_ready_INST_0_i_5_n_0
                         LUT6 (Prop_lut6_I4_O)        0.124     3.121 r  FIXEDWEIGHT/shake_dout_ready_INST_0_i_2/O
                         net (fo=9, unplaced)         0.490     3.611    FIXEDWEIGHT/shake_dout_ready_INST_0_i_2_n_0
                         LUT4 (Prop_lut4_I2_O)        0.116     3.727 f  FIXEDWEIGHT/wr_addr_ctx[8]_i_4/O
                         net (fo=2, unplaced)         0.913     4.640    FIXEDWEIGHT/wr_addr_ctx[8]_i_4_n_0
                         LUT6 (Prop_lut6_I1_O)        0.124     4.764 r  FIXEDWEIGHT/wr_addr_ctx[7]_i_1/O
                         net (fo=8, unplaced)         0.814     5.578    FIXEDWEIGHT/wr_addr_ctx[7]_i_1_n_0
                         FDRE                                         r  FIXEDWEIGHT/wr_addr_ctx_reg[4]/R
  -------------------------------------------------------------------    -------------------

                         (clock clk rise edge)        5.000     5.000 r  
                                                      0.000     5.000 r  clk (IN)
                         net (fo=734, unset)          0.924     5.924    FIXEDWEIGHT/clk
                         FDRE                                         r  FIXEDWEIGHT/wr_addr_ctx_reg[4]/C
                         clock pessimism              0.000     5.924    
                         clock uncertainty           -0.035     5.889    
                         FDRE (Setup_fdre_C_R)       -0.433     5.456    FIXEDWEIGHT/wr_addr_ctx_reg[4]
  -------------------------------------------------------------------
                         required time                          5.456    
                         arrival time                          -5.578    
  -------------------------------------------------------------------
                         slack                                 -0.122    

Slack (VIOLATED) :        -0.122ns  (required time - arrival time)
  Source:                 FIXEDWEIGHT/wr_addr_ctx_reg[5]/C
                            (rising edge-triggered cell FDRE clocked by clk  {rise@0.000ns fall@2.500ns period=5.000ns})
  Destination:            FIXEDWEIGHT/wr_addr_ctx_reg[5]/R
                            (rising edge-triggered cell FDRE clocked by clk  {rise@0.000ns fall@2.500ns period=5.000ns})
  Path Group:             clk
  Path Type:              Setup (Max at Slow Process Corner)
  Requirement:            5.000ns  (clk rise@5.000ns - clk rise@0.000ns)
  Data Path Delay:        4.605ns  (logic 1.139ns (24.734%)  route 3.466ns (75.266%))
  Logic Levels:           4  (LUT3=1 LUT4=1 LUT6=2)
  Clock Path Skew:        -0.049ns (DCD - SCD + CPR)
    Destination Clock Delay (DCD):    0.924ns = ( 5.924 - 5.000 ) 
    Source Clock Delay      (SCD):    0.973ns
    Clock Pessimism Removal (CPR):    0.000ns
  Clock Uncertainty:      0.035ns  ((TSJ^2 + TIJ^2)^1/2 + DJ) / 2 + PE
    Total System Jitter     (TSJ):    0.071ns
    Total Input Jitter      (TIJ):    0.000ns
    Discrete Jitter          (DJ):    0.000ns
    Phase Error              (PE):    0.000ns

    Location             Delay type                Incr(ns)  Path(ns)    Netlist Resource(s)
  -------------------------------------------------------------------    -------------------
                         (clock clk rise edge)        0.000     0.000 r  
                                                      0.000     0.000 r  clk (IN)
                         net (fo=734, unset)          0.973     0.973    FIXEDWEIGHT/clk
                         FDRE                                         r  FIXEDWEIGHT/wr_addr_ctx_reg[5]/C
  -------------------------------------------------------------------    -------------------
                         FDRE (Prop_fdre_C_Q)         0.456     1.429 r  FIXEDWEIGHT/wr_addr_ctx_reg[5]/Q
                         net (fo=7, unplaced)         0.776     2.205    FIXEDWEIGHT/wr_addr_ctx_reg_n_0_[5]
                         LUT3 (Prop_lut3_I0_O)        0.319     2.524 r  FIXEDWEIGHT/shake_dout_ready_INST_0_i_5/O
                         net (fo=4, unplaced)         0.473     2.997    FIXEDWEIGHT/shake_dout_ready_INST_0_i_5_n_0
                         LUT6 (Prop_lut6_I4_O)        0.124     3.121 r  FIXEDWEIGHT/shake_dout_ready_INST_0_i_2/O
                         net (fo=9, unplaced)         0.490     3.611    FIXEDWEIGHT/shake_dout_ready_INST_0_i_2_n_0
                         LUT4 (Prop_lut4_I2_O)        0.116     3.727 f  FIXEDWEIGHT/wr_addr_ctx[8]_i_4/O
                         net (fo=2, unplaced)         0.913     4.640    FIXEDWEIGHT/wr_addr_ctx[8]_i_4_n_0
                         LUT6 (Prop_lut6_I1_O)        0.124     4.764 r  FIXEDWEIGHT/wr_addr_ctx[7]_i_1/O
                         net (fo=8, unplaced)         0.814     5.578    FIXEDWEIGHT/wr_addr_ctx[7]_i_1_n_0
                         FDRE                                         r  FIXEDWEIGHT/wr_addr_ctx_reg[5]/R
  -------------------------------------------------------------------    -------------------

                         (clock clk rise edge)        5.000     5.000 r  
                                                      0.000     5.000 r  clk (IN)
                         net (fo=734, unset)          0.924     5.924    FIXEDWEIGHT/clk
                         FDRE                                         r  FIXEDWEIGHT/wr_addr_ctx_reg[5]/C
                         clock pessimism              0.000     5.924    
                         clock uncertainty           -0.035     5.889    
                         FDRE (Setup_fdre_C_R)       -0.433     5.456    FIXEDWEIGHT/wr_addr_ctx_reg[5]
  -------------------------------------------------------------------
                         required time                          5.456    
                         arrival time                          -5.578    
  -------------------------------------------------------------------
                         slack                                 -0.122    

Slack (VIOLATED) :        -0.122ns  (required time - arrival time)
  Source:                 FIXEDWEIGHT/wr_addr_ctx_reg[5]/C
                            (rising edge-triggered cell FDRE clocked by clk  {rise@0.000ns fall@2.500ns period=5.000ns})
  Destination:            FIXEDWEIGHT/wr_addr_ctx_reg[6]/R
                            (rising edge-triggered cell FDRE clocked by clk  {rise@0.000ns fall@2.500ns period=5.000ns})
  Path Group:             clk
  Path Type:              Setup (Max at Slow Process Corner)
  Requirement:            5.000ns  (clk rise@5.000ns - clk rise@0.000ns)
  Data Path Delay:        4.605ns  (logic 1.139ns (24.734%)  route 3.466ns (75.266%))
  Logic Levels:           4  (LUT3=1 LUT4=1 LUT6=2)
  Clock Path Skew:        -0.049ns (DCD - SCD + CPR)
    Destination Clock Delay (DCD):    0.924ns = ( 5.924 - 5.000 ) 
    Source Clock Delay      (SCD):    0.973ns
    Clock Pessimism Removal (CPR):    0.000ns
  Clock Uncertainty:      0.035ns  ((TSJ^2 + TIJ^2)^1/2 + DJ) / 2 + PE
    Total System Jitter     (TSJ):    0.071ns
    Total Input Jitter      (TIJ):    0.000ns
    Discrete Jitter          (DJ):    0.000ns
    Phase Error              (PE):    0.000ns

    Location             Delay type                Incr(ns)  Path(ns)    Netlist Resource(s)
  -------------------------------------------------------------------    -------------------
                         (clock clk rise edge)        0.000     0.000 r  
                                                      0.000     0.000 r  clk (IN)
                         net (fo=734, unset)          0.973     0.973    FIXEDWEIGHT/clk
                         FDRE                                         r  FIXEDWEIGHT/wr_addr_ctx_reg[5]/C
  -------------------------------------------------------------------    -------------------
                         FDRE (Prop_fdre_C_Q)         0.456     1.429 r  FIXEDWEIGHT/wr_addr_ctx_reg[5]/Q
                         net (fo=7, unplaced)         0.776     2.205    FIXEDWEIGHT/wr_addr_ctx_reg_n_0_[5]
                         LUT3 (Prop_lut3_I0_O)        0.319     2.524 r  FIXEDWEIGHT/shake_dout_ready_INST_0_i_5/O
                         net (fo=4, unplaced)         0.473     2.997    FIXEDWEIGHT/shake_dout_ready_INST_0_i_5_n_0
                         LUT6 (Prop_lut6_I4_O)        0.124     3.121 r  FIXEDWEIGHT/shake_dout_ready_INST_0_i_2/O
                         net (fo=9, unplaced)         0.490     3.611    FIXEDWEIGHT/shake_dout_ready_INST_0_i_2_n_0
                         LUT4 (Prop_lut4_I2_O)        0.116     3.727 f  FIXEDWEIGHT/wr_addr_ctx[8]_i_4/O
                         net (fo=2, unplaced)         0.913     4.640    FIXEDWEIGHT/wr_addr_ctx[8]_i_4_n_0
                         LUT6 (Prop_lut6_I1_O)        0.124     4.764 r  FIXEDWEIGHT/wr_addr_ctx[7]_i_1/O
                         net (fo=8, unplaced)         0.814     5.578    FIXEDWEIGHT/wr_addr_ctx[7]_i_1_n_0
                         FDRE                                         r  FIXEDWEIGHT/wr_addr_ctx_reg[6]/R
  -------------------------------------------------------------------    -------------------

                         (clock clk rise edge)        5.000     5.000 r  
                                                      0.000     5.000 r  clk (IN)
                         net (fo=734, unset)          0.924     5.924    FIXEDWEIGHT/clk
                         FDRE                                         r  FIXEDWEIGHT/wr_addr_ctx_reg[6]/C
                         clock pessimism              0.000     5.924    
                         clock uncertainty           -0.035     5.889    
                         FDRE (Setup_fdre_C_R)       -0.433     5.456    FIXEDWEIGHT/wr_addr_ctx_reg[6]
  -------------------------------------------------------------------
                         required time                          5.456    
                         arrival time                          -5.578    
  -------------------------------------------------------------------
                         slack                                 -0.122    

Slack (VIOLATED) :        -0.122ns  (required time - arrival time)
  Source:                 FIXEDWEIGHT/wr_addr_ctx_reg[5]/C
                            (rising edge-triggered cell FDRE clocked by clk  {rise@0.000ns fall@2.500ns period=5.000ns})
  Destination:            FIXEDWEIGHT/wr_addr_ctx_reg[7]/R
                            (rising edge-triggered cell FDRE clocked by clk  {rise@0.000ns fall@2.500ns period=5.000ns})
  Path Group:             clk
  Path Type:              Setup (Max at Slow Process Corner)
  Requirement:            5.000ns  (clk rise@5.000ns - clk rise@0.000ns)
  Data Path Delay:        4.605ns  (logic 1.139ns (24.734%)  route 3.466ns (75.266%))
  Logic Levels:           4  (LUT3=1 LUT4=1 LUT6=2)
  Clock Path Skew:        -0.049ns (DCD - SCD + CPR)
    Destination Clock Delay (DCD):    0.924ns = ( 5.924 - 5.000 ) 
    Source Clock Delay      (SCD):    0.973ns
    Clock Pessimism Removal (CPR):    0.000ns
  Clock Uncertainty:      0.035ns  ((TSJ^2 + TIJ^2)^1/2 + DJ) / 2 + PE
    Total System Jitter     (TSJ):    0.071ns
    Total Input Jitter      (TIJ):    0.000ns
    Discrete Jitter          (DJ):    0.000ns
    Phase Error              (PE):    0.000ns

    Location             Delay type                Incr(ns)  Path(ns)    Netlist Resource(s)
  -------------------------------------------------------------------    -------------------
                         (clock clk rise edge)        0.000     0.000 r  
                                                      0.000     0.000 r  clk (IN)
                         net (fo=734, unset)          0.973     0.973    FIXEDWEIGHT/clk
                         FDRE                                         r  FIXEDWEIGHT/wr_addr_ctx_reg[5]/C
  -------------------------------------------------------------------    -------------------
                         FDRE (Prop_fdre_C_Q)         0.456     1.429 r  FIXEDWEIGHT/wr_addr_ctx_reg[5]/Q
                         net (fo=7, unplaced)         0.776     2.205    FIXEDWEIGHT/wr_addr_ctx_reg_n_0_[5]
                         LUT3 (Prop_lut3_I0_O)        0.319     2.524 r  FIXEDWEIGHT/shake_dout_ready_INST_0_i_5/O
                         net (fo=4, unplaced)         0.473     2.997    FIXEDWEIGHT/shake_dout_ready_INST_0_i_5_n_0
                         LUT6 (Prop_lut6_I4_O)        0.124     3.121 r  FIXEDWEIGHT/shake_dout_ready_INST_0_i_2/O
                         net (fo=9, unplaced)         0.490     3.611    FIXEDWEIGHT/shake_dout_ready_INST_0_i_2_n_0
                         LUT4 (Prop_lut4_I2_O)        0.116     3.727 f  FIXEDWEIGHT/wr_addr_ctx[8]_i_4/O
                         net (fo=2, unplaced)         0.913     4.640    FIXEDWEIGHT/wr_addr_ctx[8]_i_4_n_0
                         LUT6 (Prop_lut6_I1_O)        0.124     4.764 r  FIXEDWEIGHT/wr_addr_ctx[7]_i_1/O
                         net (fo=8, unplaced)         0.814     5.578    FIXEDWEIGHT/wr_addr_ctx[7]_i_1_n_0
                         FDRE                                         r  FIXEDWEIGHT/wr_addr_ctx_reg[7]/R
  -------------------------------------------------------------------    -------------------

                         (clock clk rise edge)        5.000     5.000 r  
                                                      0.000     5.000 r  clk (IN)
                         net (fo=734, unset)          0.924     5.924    FIXEDWEIGHT/clk
                         FDRE                                         r  FIXEDWEIGHT/wr_addr_ctx_reg[7]/C
                         clock pessimism              0.000     5.924    
                         clock uncertainty           -0.035     5.889    
                         FDRE (Setup_fdre_C_R)       -0.433     5.456    FIXEDWEIGHT/wr_addr_ctx_reg[7]
  -------------------------------------------------------------------
                         required time                          5.456    
                         arrival time                          -5.578    
  -------------------------------------------------------------------
                         slack                                 -0.122    

Slack (VIOLATED) :        -0.091ns  (required time - arrival time)
  Source:                 FIXEDWEIGHT/dout_shake_reg_reg[0]/C
                            (rising edge-triggered cell FDRE clocked by clk  {rise@0.000ns fall@2.500ns period=5.000ns})
  Destination:            FIXEDWEIGHT/shake_ctx/mem_reg/DIBDI[8]
                            (rising edge-triggered cell RAMB18E1 clocked by clk  {rise@0.000ns fall@2.500ns period=5.000ns})
  Path Group:             clk
  Path Type:              Setup (Max at Slow Process Corner)
  Requirement:            5.000ns  (clk rise@5.000ns - clk rise@0.000ns)
  Data Path Delay:        4.766ns  (logic 1.123ns (23.564%)  route 3.643ns (76.436%))
  Logic Levels:           4  (LUT5=2 LUT6=2)
  Clock Path Skew:        -0.049ns (DCD - SCD + CPR)
    Destination Clock Delay (DCD):    0.924ns = ( 5.924 - 5.000 ) 
    Source Clock Delay      (SCD):    0.973ns
    Clock Pessimism Removal (CPR):    0.000ns
  Clock Uncertainty:      0.035ns  ((TSJ^2 + TIJ^2)^1/2 + DJ) / 2 + PE
    Total System Jitter     (TSJ):    0.071ns
    Total Input Jitter      (TIJ):    0.000ns
    Discrete Jitter          (DJ):    0.000ns
    Phase Error              (PE):    0.000ns

    Location             Delay type                Incr(ns)  Path(ns)    Netlist Resource(s)
  -------------------------------------------------------------------    -------------------
                         (clock clk rise edge)        0.000     0.000 r  
                                                      0.000     0.000 r  clk (IN)
                         net (fo=734, unset)          0.973     0.973    FIXEDWEIGHT/clk
                         FDRE                                         r  FIXEDWEIGHT/dout_shake_reg_reg[0]/C
  -------------------------------------------------------------------    -------------------
                         FDRE (Prop_fdre_C_Q)         0.456     1.429 f  FIXEDWEIGHT/dout_shake_reg_reg[0]/Q
                         net (fo=5, unplaced)         0.834     2.263    FIXEDWEIGHT/shake_ctx/mem_reg_20[0]
                         LUT6 (Prop_lut6_I1_O)        0.295     2.558 r  FIXEDWEIGHT/shake_ctx/mem_reg_i_44/O
                         net (fo=1, unplaced)         1.111     3.669    FIXEDWEIGHT/shake_ctx/mem_reg_i_44_n_0
                         LUT6 (Prop_lut6_I1_O)        0.124     3.793 r  FIXEDWEIGHT/shake_ctx/mem_reg_i_38/O
                         net (fo=1, unplaced)         0.449     4.242    FIXEDWEIGHT/shake_ctx/mem_reg_i_38_n_0
                         LUT5 (Prop_lut5_I4_O)        0.124     4.366 r  FIXEDWEIGHT/shake_ctx/mem_reg_i_31/O
                         net (fo=1, unplaced)         0.449     4.815    FIXEDWEIGHT/shake_ctx/mem_reg_i_31_n_0
                         LUT5 (Prop_lut5_I4_O)        0.124     4.939 r  FIXEDWEIGHT/shake_ctx/mem_reg_i_17/O
                         net (fo=1, unplaced)         0.800     5.739    FIXEDWEIGHT/shake_ctx/dout_shake_pass
                         RAMB18E1                                     r  FIXEDWEIGHT/shake_ctx/mem_reg/DIBDI[8]
  -------------------------------------------------------------------    -------------------

                         (clock clk rise edge)        5.000     5.000 r  
                                                      0.000     5.000 r  clk (IN)
                         net (fo=734, unset)          0.924     5.924    FIXEDWEIGHT/shake_ctx/clk
                         RAMB18E1                                     r  FIXEDWEIGHT/shake_ctx/mem_reg/CLKBWRCLK
                         clock pessimism              0.000     5.924    
                         clock uncertainty           -0.035     5.889    
                         RAMB18E1 (Setup_ramb18e1_CLKBWRCLK_DIBDI[8])
                                                     -0.241     5.648    FIXEDWEIGHT/shake_ctx/mem_reg
  -------------------------------------------------------------------
                         required time                          5.648    
                         arrival time                          -5.739    
  -------------------------------------------------------------------
                         slack                                 -0.091    

Slack (VIOLATED) :        -0.026ns  (required time - arrival time)
  Source:                 FIXEDWEIGHT/wr_addr_ctx_reg[6]/C
                            (rising edge-triggered cell FDRE clocked by clk  {rise@0.000ns fall@2.500ns period=5.000ns})
  Destination:            FIXEDWEIGHT/wr_addr_ctx_reg[0]/CE
                            (rising edge-triggered cell FDRE clocked by clk  {rise@0.000ns fall@2.500ns period=5.000ns})
  Path Group:             clk
  Path Type:              Setup (Max at Slow Process Corner)
  Requirement:            5.000ns  (clk rise@5.000ns - clk rise@0.000ns)
  Data Path Delay:        4.740ns  (logic 1.123ns (23.692%)  route 3.617ns (76.308%))
  Logic Levels:           4  (LUT3=1 LUT6=3)
  Clock Path Skew:        -0.049ns (DCD - SCD + CPR)
    Destination Clock Delay (DCD):    0.924ns = ( 5.924 - 5.000 ) 
    Source Clock Delay      (SCD):    0.973ns
    Clock Pessimism Removal (CPR):    0.000ns
  Clock Uncertainty:      0.035ns  ((TSJ^2 + TIJ^2)^1/2 + DJ) / 2 + PE
    Total System Jitter     (TSJ):    0.071ns
    Total Input Jitter      (TIJ):    0.000ns
    Discrete Jitter          (DJ):    0.000ns
    Phase Error              (PE):    0.000ns

    Location             Delay type                Incr(ns)  Path(ns)    Netlist Resource(s)
  -------------------------------------------------------------------    -------------------
                         (clock clk rise edge)        0.000     0.000 r  
                                                      0.000     0.000 r  clk (IN)
                         net (fo=734, unset)          0.973     0.973    FIXEDWEIGHT/clk
                         FDRE                                         r  FIXEDWEIGHT/wr_addr_ctx_reg[6]/C
  -------------------------------------------------------------------    -------------------
                         FDRE (Prop_fdre_C_Q)         0.456     1.429 f  FIXEDWEIGHT/wr_addr_ctx_reg[6]/Q
                         net (fo=13, unplaced)        0.791     2.220    FIXEDWEIGHT/wr_addr_ctx_reg_n_0_[6]
                         LUT3 (Prop_lut3_I0_O)        0.295     2.515 r  FIXEDWEIGHT/ctx_state[2]_i_8/O
                         net (fo=2, unplaced)         0.460     2.975    FIXEDWEIGHT/ctx_state[2]_i_8_n_0
                         LUT6 (Prop_lut6_I5_O)        0.124     3.099 f  FIXEDWEIGHT/ctx_state[2]_i_7/O
                         net (fo=4, unplaced)         0.926     4.025    FIXEDWEIGHT/ctx_state[2]_i_7_n_0
                         LUT6 (Prop_lut6_I0_O)        0.124     4.149 f  FIXEDWEIGHT/wr_addr_ctx[8]_i_3/O
                         net (fo=4, unplaced)         0.926     5.075    FIXEDWEIGHT/wr_addr_ctx[8]_i_3_n_0
                         LUT6 (Prop_lut6_I0_O)        0.124     5.199 r  FIXEDWEIGHT/wr_addr_ctx[8]_i_1/O
                         net (fo=9, unplaced)         0.514     5.713    FIXEDWEIGHT/wr_addr_ctx[8]_i_1_n_0
                         FDRE                                         r  FIXEDWEIGHT/wr_addr_ctx_reg[0]/CE
  -------------------------------------------------------------------    -------------------

                         (clock clk rise edge)        5.000     5.000 r  
                                                      0.000     5.000 r  clk (IN)
                         net (fo=734, unset)          0.924     5.924    FIXEDWEIGHT/clk
                         FDRE                                         r  FIXEDWEIGHT/wr_addr_ctx_reg[0]/C
                         clock pessimism              0.000     5.924    
                         clock uncertainty           -0.035     5.889    
                         FDRE (Setup_fdre_C_CE)      -0.202     5.687    FIXEDWEIGHT/wr_addr_ctx_reg[0]
  -------------------------------------------------------------------
                         required time                          5.687    
                         arrival time                          -5.713    
  -------------------------------------------------------------------
                         slack                                 -0.026    

Slack (VIOLATED) :        -0.026ns  (required time - arrival time)
  Source:                 FIXEDWEIGHT/wr_addr_ctx_reg[6]/C
                            (rising edge-triggered cell FDRE clocked by clk  {rise@0.000ns fall@2.500ns period=5.000ns})
  Destination:            FIXEDWEIGHT/wr_addr_ctx_reg[1]/CE
                            (rising edge-triggered cell FDRE clocked by clk  {rise@0.000ns fall@2.500ns period=5.000ns})
  Path Group:             clk
  Path Type:              Setup (Max at Slow Process Corner)
  Requirement:            5.000ns  (clk rise@5.000ns - clk rise@0.000ns)
  Data Path Delay:        4.740ns  (logic 1.123ns (23.692%)  route 3.617ns (76.308%))
  Logic Levels:           4  (LUT3=1 LUT6=3)
  Clock Path Skew:        -0.049ns (DCD - SCD + CPR)
    Destination Clock Delay (DCD):    0.924ns = ( 5.924 - 5.000 ) 
    Source Clock Delay      (SCD):    0.973ns
    Clock Pessimism Removal (CPR):    0.000ns
  Clock Uncertainty:      0.035ns  ((TSJ^2 + TIJ^2)^1/2 + DJ) / 2 + PE
    Total System Jitter     (TSJ):    0.071ns
    Total Input Jitter      (TIJ):    0.000ns
    Discrete Jitter          (DJ):    0.000ns
    Phase Error              (PE):    0.000ns

    Location             Delay type                Incr(ns)  Path(ns)    Netlist Resource(s)
  -------------------------------------------------------------------    -------------------
                         (clock clk rise edge)        0.000     0.000 r  
                                                      0.000     0.000 r  clk (IN)
                         net (fo=734, unset)          0.973     0.973    FIXEDWEIGHT/clk
                         FDRE                                         r  FIXEDWEIGHT/wr_addr_ctx_reg[6]/C
  -------------------------------------------------------------------    -------------------
                         FDRE (Prop_fdre_C_Q)         0.456     1.429 f  FIXEDWEIGHT/wr_addr_ctx_reg[6]/Q
                         net (fo=13, unplaced)        0.791     2.220    FIXEDWEIGHT/wr_addr_ctx_reg_n_0_[6]
                         LUT3 (Prop_lut3_I0_O)        0.295     2.515 r  FIXEDWEIGHT/ctx_state[2]_i_8/O
                         net (fo=2, unplaced)         0.460     2.975    FIXEDWEIGHT/ctx_state[2]_i_8_n_0
                         LUT6 (Prop_lut6_I5_O)        0.124     3.099 f  FIXEDWEIGHT/ctx_state[2]_i_7/O
                         net (fo=4, unplaced)         0.926     4.025    FIXEDWEIGHT/ctx_state[2]_i_7_n_0
                         LUT6 (Prop_lut6_I0_O)        0.124     4.149 f  FIXEDWEIGHT/wr_addr_ctx[8]_i_3/O
                         net (fo=4, unplaced)         0.926     5.075    FIXEDWEIGHT/wr_addr_ctx[8]_i_3_n_0
                         LUT6 (Prop_lut6_I0_O)        0.124     5.199 r  FIXEDWEIGHT/wr_addr_ctx[8]_i_1/O
                         net (fo=9, unplaced)         0.514     5.713    FIXEDWEIGHT/wr_addr_ctx[8]_i_1_n_0
                         FDRE                                         r  FIXEDWEIGHT/wr_addr_ctx_reg[1]/CE
  -------------------------------------------------------------------    -------------------

                         (clock clk rise edge)        5.000     5.000 r  
                                                      0.000     5.000 r  clk (IN)
                         net (fo=734, unset)          0.924     5.924    FIXEDWEIGHT/clk
                         FDRE                                         r  FIXEDWEIGHT/wr_addr_ctx_reg[1]/C
                         clock pessimism              0.000     5.924    
                         clock uncertainty           -0.035     5.889    
                         FDRE (Setup_fdre_C_CE)      -0.202     5.687    FIXEDWEIGHT/wr_addr_ctx_reg[1]
  -------------------------------------------------------------------
                         required time                          5.687    
                         arrival time                          -5.713    
  -------------------------------------------------------------------
                         slack                                 -0.026    

Slack (VIOLATED) :        -0.026ns  (required time - arrival time)
  Source:                 FIXEDWEIGHT/wr_addr_ctx_reg[6]/C
                            (rising edge-triggered cell FDRE clocked by clk  {rise@0.000ns fall@2.500ns period=5.000ns})
  Destination:            FIXEDWEIGHT/wr_addr_ctx_reg[2]/CE
                            (rising edge-triggered cell FDRE clocked by clk  {rise@0.000ns fall@2.500ns period=5.000ns})
  Path Group:             clk
  Path Type:              Setup (Max at Slow Process Corner)
  Requirement:            5.000ns  (clk rise@5.000ns - clk rise@0.000ns)
  Data Path Delay:        4.740ns  (logic 1.123ns (23.692%)  route 3.617ns (76.308%))
  Logic Levels:           4  (LUT3=1 LUT6=3)
  Clock Path Skew:        -0.049ns (DCD - SCD + CPR)
    Destination Clock Delay (DCD):    0.924ns = ( 5.924 - 5.000 ) 
    Source Clock Delay      (SCD):    0.973ns
    Clock Pessimism Removal (CPR):    0.000ns
  Clock Uncertainty:      0.035ns  ((TSJ^2 + TIJ^2)^1/2 + DJ) / 2 + PE
    Total System Jitter     (TSJ):    0.071ns
    Total Input Jitter      (TIJ):    0.000ns
    Discrete Jitter          (DJ):    0.000ns
    Phase Error              (PE):    0.000ns

    Location             Delay type                Incr(ns)  Path(ns)    Netlist Resource(s)
  -------------------------------------------------------------------    -------------------
                         (clock clk rise edge)        0.000     0.000 r  
                                                      0.000     0.000 r  clk (IN)
                         net (fo=734, unset)          0.973     0.973    FIXEDWEIGHT/clk
                         FDRE                                         r  FIXEDWEIGHT/wr_addr_ctx_reg[6]/C
  -------------------------------------------------------------------    -------------------
                         FDRE (Prop_fdre_C_Q)         0.456     1.429 f  FIXEDWEIGHT/wr_addr_ctx_reg[6]/Q
                         net (fo=13, unplaced)        0.791     2.220    FIXEDWEIGHT/wr_addr_ctx_reg_n_0_[6]
                         LUT3 (Prop_lut3_I0_O)        0.295     2.515 r  FIXEDWEIGHT/ctx_state[2]_i_8/O
                         net (fo=2, unplaced)         0.460     2.975    FIXEDWEIGHT/ctx_state[2]_i_8_n_0
                         LUT6 (Prop_lut6_I5_O)        0.124     3.099 f  FIXEDWEIGHT/ctx_state[2]_i_7/O
                         net (fo=4, unplaced)         0.926     4.025    FIXEDWEIGHT/ctx_state[2]_i_7_n_0
                         LUT6 (Prop_lut6_I0_O)        0.124     4.149 f  FIXEDWEIGHT/wr_addr_ctx[8]_i_3/O
                         net (fo=4, unplaced)         0.926     5.075    FIXEDWEIGHT/wr_addr_ctx[8]_i_3_n_0
                         LUT6 (Prop_lut6_I0_O)        0.124     5.199 r  FIXEDWEIGHT/wr_addr_ctx[8]_i_1/O
                         net (fo=9, unplaced)         0.514     5.713    FIXEDWEIGHT/wr_addr_ctx[8]_i_1_n_0
                         FDRE                                         r  FIXEDWEIGHT/wr_addr_ctx_reg[2]/CE
  -------------------------------------------------------------------    -------------------

                         (clock clk rise edge)        5.000     5.000 r  
                                                      0.000     5.000 r  clk (IN)
                         net (fo=734, unset)          0.924     5.924    FIXEDWEIGHT/clk
                         FDRE                                         r  FIXEDWEIGHT/wr_addr_ctx_reg[2]/C
                         clock pessimism              0.000     5.924    
                         clock uncertainty           -0.035     5.889    
                         FDRE (Setup_fdre_C_CE)      -0.202     5.687    FIXEDWEIGHT/wr_addr_ctx_reg[2]
  -------------------------------------------------------------------
                         required time                          5.687    
                         arrival time                          -5.713    
  -------------------------------------------------------------------
                         slack                                 -0.026    

Slack (VIOLATED) :        -0.026ns  (required time - arrival time)
  Source:                 FIXEDWEIGHT/wr_addr_ctx_reg[6]/C
                            (rising edge-triggered cell FDRE clocked by clk  {rise@0.000ns fall@2.500ns period=5.000ns})
  Destination:            FIXEDWEIGHT/wr_addr_ctx_reg[3]/CE
                            (rising edge-triggered cell FDRE clocked by clk  {rise@0.000ns fall@2.500ns period=5.000ns})
  Path Group:             clk
  Path Type:              Setup (Max at Slow Process Corner)
  Requirement:            5.000ns  (clk rise@5.000ns - clk rise@0.000ns)
  Data Path Delay:        4.740ns  (logic 1.123ns (23.692%)  route 3.617ns (76.308%))
  Logic Levels:           4  (LUT3=1 LUT6=3)
  Clock Path Skew:        -0.049ns (DCD - SCD + CPR)
    Destination Clock Delay (DCD):    0.924ns = ( 5.924 - 5.000 ) 
    Source Clock Delay      (SCD):    0.973ns
    Clock Pessimism Removal (CPR):    0.000ns
  Clock Uncertainty:      0.035ns  ((TSJ^2 + TIJ^2)^1/2 + DJ) / 2 + PE
    Total System Jitter     (TSJ):    0.071ns
    Total Input Jitter      (TIJ):    0.000ns
    Discrete Jitter          (DJ):    0.000ns
    Phase Error              (PE):    0.000ns

    Location             Delay type                Incr(ns)  Path(ns)    Netlist Resource(s)
  -------------------------------------------------------------------    -------------------
                         (clock clk rise edge)        0.000     0.000 r  
                                                      0.000     0.000 r  clk (IN)
                         net (fo=734, unset)          0.973     0.973    FIXEDWEIGHT/clk
                         FDRE                                         r  FIXEDWEIGHT/wr_addr_ctx_reg[6]/C
  -------------------------------------------------------------------    -------------------
                         FDRE (Prop_fdre_C_Q)         0.456     1.429 f  FIXEDWEIGHT/wr_addr_ctx_reg[6]/Q
                         net (fo=13, unplaced)        0.791     2.220    FIXEDWEIGHT/wr_addr_ctx_reg_n_0_[6]
                         LUT3 (Prop_lut3_I0_O)        0.295     2.515 r  FIXEDWEIGHT/ctx_state[2]_i_8/O
                         net (fo=2, unplaced)         0.460     2.975    FIXEDWEIGHT/ctx_state[2]_i_8_n_0
                         LUT6 (Prop_lut6_I5_O)        0.124     3.099 f  FIXEDWEIGHT/ctx_state[2]_i_7/O
                         net (fo=4, unplaced)         0.926     4.025    FIXEDWEIGHT/ctx_state[2]_i_7_n_0
                         LUT6 (Prop_lut6_I0_O)        0.124     4.149 f  FIXEDWEIGHT/wr_addr_ctx[8]_i_3/O
                         net (fo=4, unplaced)         0.926     5.075    FIXEDWEIGHT/wr_addr_ctx[8]_i_3_n_0
                         LUT6 (Prop_lut6_I0_O)        0.124     5.199 r  FIXEDWEIGHT/wr_addr_ctx[8]_i_1/O
                         net (fo=9, unplaced)         0.514     5.713    FIXEDWEIGHT/wr_addr_ctx[8]_i_1_n_0
                         FDRE                                         r  FIXEDWEIGHT/wr_addr_ctx_reg[3]/CE
  -------------------------------------------------------------------    -------------------

                         (clock clk rise edge)        5.000     5.000 r  
                                                      0.000     5.000 r  clk (IN)
                         net (fo=734, unset)          0.924     5.924    FIXEDWEIGHT/clk
                         FDRE                                         r  FIXEDWEIGHT/wr_addr_ctx_reg[3]/C
                         clock pessimism              0.000     5.924    
                         clock uncertainty           -0.035     5.889    
                         FDRE (Setup_fdre_C_CE)      -0.202     5.687    FIXEDWEIGHT/wr_addr_ctx_reg[3]
  -------------------------------------------------------------------
                         required time                          5.687    
                         arrival time                          -5.713    
  -------------------------------------------------------------------
                         slack                                 -0.026    

Slack (VIOLATED) :        -0.026ns  (required time - arrival time)
  Source:                 FIXEDWEIGHT/wr_addr_ctx_reg[6]/C
                            (rising edge-triggered cell FDRE clocked by clk  {rise@0.000ns fall@2.500ns period=5.000ns})
  Destination:            FIXEDWEIGHT/wr_addr_ctx_reg[4]/CE
                            (rising edge-triggered cell FDRE clocked by clk  {rise@0.000ns fall@2.500ns period=5.000ns})
  Path Group:             clk
  Path Type:              Setup (Max at Slow Process Corner)
  Requirement:            5.000ns  (clk rise@5.000ns - clk rise@0.000ns)
  Data Path Delay:        4.740ns  (logic 1.123ns (23.692%)  route 3.617ns (76.308%))
  Logic Levels:           4  (LUT3=1 LUT6=3)
  Clock Path Skew:        -0.049ns (DCD - SCD + CPR)
    Destination Clock Delay (DCD):    0.924ns = ( 5.924 - 5.000 ) 
    Source Clock Delay      (SCD):    0.973ns
    Clock Pessimism Removal (CPR):    0.000ns
  Clock Uncertainty:      0.035ns  ((TSJ^2 + TIJ^2)^1/2 + DJ) / 2 + PE
    Total System Jitter     (TSJ):    0.071ns
    Total Input Jitter      (TIJ):    0.000ns
    Discrete Jitter          (DJ):    0.000ns
    Phase Error              (PE):    0.000ns

    Location             Delay type                Incr(ns)  Path(ns)    Netlist Resource(s)
  -------------------------------------------------------------------    -------------------
                         (clock clk rise edge)        0.000     0.000 r  
                                                      0.000     0.000 r  clk (IN)
                         net (fo=734, unset)          0.973     0.973    FIXEDWEIGHT/clk
                         FDRE                                         r  FIXEDWEIGHT/wr_addr_ctx_reg[6]/C
  -------------------------------------------------------------------    -------------------
                         FDRE (Prop_fdre_C_Q)         0.456     1.429 f  FIXEDWEIGHT/wr_addr_ctx_reg[6]/Q
                         net (fo=13, unplaced)        0.791     2.220    FIXEDWEIGHT/wr_addr_ctx_reg_n_0_[6]
                         LUT3 (Prop_lut3_I0_O)        0.295     2.515 r  FIXEDWEIGHT/ctx_state[2]_i_8/O
                         net (fo=2, unplaced)         0.460     2.975    FIXEDWEIGHT/ctx_state[2]_i_8_n_0
                         LUT6 (Prop_lut6_I5_O)        0.124     3.099 f  FIXEDWEIGHT/ctx_state[2]_i_7/O
                         net (fo=4, unplaced)         0.926     4.025    FIXEDWEIGHT/ctx_state[2]_i_7_n_0
                         LUT6 (Prop_lut6_I0_O)        0.124     4.149 f  FIXEDWEIGHT/wr_addr_ctx[8]_i_3/O
                         net (fo=4, unplaced)         0.926     5.075    FIXEDWEIGHT/wr_addr_ctx[8]_i_3_n_0
                         LUT6 (Prop_lut6_I0_O)        0.124     5.199 r  FIXEDWEIGHT/wr_addr_ctx[8]_i_1/O
                         net (fo=9, unplaced)         0.514     5.713    FIXEDWEIGHT/wr_addr_ctx[8]_i_1_n_0
                         FDRE                                         r  FIXEDWEIGHT/wr_addr_ctx_reg[4]/CE
  -------------------------------------------------------------------    -------------------

                         (clock clk rise edge)        5.000     5.000 r  
                                                      0.000     5.000 r  clk (IN)
                         net (fo=734, unset)          0.924     5.924    FIXEDWEIGHT/clk
                         FDRE                                         r  FIXEDWEIGHT/wr_addr_ctx_reg[4]/C
                         clock pessimism              0.000     5.924    
                         clock uncertainty           -0.035     5.889    
                         FDRE (Setup_fdre_C_CE)      -0.202     5.687    FIXEDWEIGHT/wr_addr_ctx_reg[4]
  -------------------------------------------------------------------
                         required time                          5.687    
                         arrival time                          -5.713    
  -------------------------------------------------------------------
                         slack                                 -0.026    

Slack (VIOLATED) :        -0.026ns  (required time - arrival time)
  Source:                 FIXEDWEIGHT/wr_addr_ctx_reg[6]/C
                            (rising edge-triggered cell FDRE clocked by clk  {rise@0.000ns fall@2.500ns period=5.000ns})
  Destination:            FIXEDWEIGHT/wr_addr_ctx_reg[5]/CE
                            (rising edge-triggered cell FDRE clocked by clk  {rise@0.000ns fall@2.500ns period=5.000ns})
  Path Group:             clk
  Path Type:              Setup (Max at Slow Process Corner)
  Requirement:            5.000ns  (clk rise@5.000ns - clk rise@0.000ns)
  Data Path Delay:        4.740ns  (logic 1.123ns (23.692%)  route 3.617ns (76.308%))
  Logic Levels:           4  (LUT3=1 LUT6=3)
  Clock Path Skew:        -0.049ns (DCD - SCD + CPR)
    Destination Clock Delay (DCD):    0.924ns = ( 5.924 - 5.000 ) 
    Source Clock Delay      (SCD):    0.973ns
    Clock Pessimism Removal (CPR):    0.000ns
  Clock Uncertainty:      0.035ns  ((TSJ^2 + TIJ^2)^1/2 + DJ) / 2 + PE
    Total System Jitter     (TSJ):    0.071ns
    Total Input Jitter      (TIJ):    0.000ns
    Discrete Jitter          (DJ):    0.000ns
    Phase Error              (PE):    0.000ns

    Location             Delay type                Incr(ns)  Path(ns)    Netlist Resource(s)
  -------------------------------------------------------------------    -------------------
                         (clock clk rise edge)        0.000     0.000 r  
                                                      0.000     0.000 r  clk (IN)
                         net (fo=734, unset)          0.973     0.973    FIXEDWEIGHT/clk
                         FDRE                                         r  FIXEDWEIGHT/wr_addr_ctx_reg[6]/C
  -------------------------------------------------------------------    -------------------
                         FDRE (Prop_fdre_C_Q)         0.456     1.429 f  FIXEDWEIGHT/wr_addr_ctx_reg[6]/Q
                         net (fo=13, unplaced)        0.791     2.220    FIXEDWEIGHT/wr_addr_ctx_reg_n_0_[6]
                         LUT3 (Prop_lut3_I0_O)        0.295     2.515 r  FIXEDWEIGHT/ctx_state[2]_i_8/O
                         net (fo=2, unplaced)         0.460     2.975    FIXEDWEIGHT/ctx_state[2]_i_8_n_0
                         LUT6 (Prop_lut6_I5_O)        0.124     3.099 f  FIXEDWEIGHT/ctx_state[2]_i_7/O
                         net (fo=4, unplaced)         0.926     4.025    FIXEDWEIGHT/ctx_state[2]_i_7_n_0
                         LUT6 (Prop_lut6_I0_O)        0.124     4.149 f  FIXEDWEIGHT/wr_addr_ctx[8]_i_3/O
                         net (fo=4, unplaced)         0.926     5.075    FIXEDWEIGHT/wr_addr_ctx[8]_i_3_n_0
                         LUT6 (Prop_lut6_I0_O)        0.124     5.199 r  FIXEDWEIGHT/wr_addr_ctx[8]_i_1/O
                         net (fo=9, unplaced)         0.514     5.713    FIXEDWEIGHT/wr_addr_ctx[8]_i_1_n_0
                         FDRE                                         r  FIXEDWEIGHT/wr_addr_ctx_reg[5]/CE
  -------------------------------------------------------------------    -------------------

                         (clock clk rise edge)        5.000     5.000 r  
                                                      0.000     5.000 r  clk (IN)
                         net (fo=734, unset)          0.924     5.924    FIXEDWEIGHT/clk
                         FDRE                                         r  FIXEDWEIGHT/wr_addr_ctx_reg[5]/C
                         clock pessimism              0.000     5.924    
                         clock uncertainty           -0.035     5.889    
                         FDRE (Setup_fdre_C_CE)      -0.202     5.687    FIXEDWEIGHT/wr_addr_ctx_reg[5]
  -------------------------------------------------------------------
                         required time                          5.687    
                         arrival time                          -5.713    
  -------------------------------------------------------------------
                         slack                                 -0.026    




