Copyright 1986-2022 Xilinx, Inc. All Rights Reserved. Copyright 2022-2025 Advanced Micro Devices, Inc. All Rights Reserved.
---------------------------------------------------------------------------------------------------------------------------------------------
| Tool Version : Vivado v.2025.2 (lin64) Build 6299465 Fri Nov 14 12:34:56 MST 2025
| Date         : Fri Jun 12 20:09:11 2026
| Host         : MSI running 64-bit Ubuntu 26.04 LTS
| Command      : report_timing -max_paths 20 -sort_by slack -file ./synth_out/paths/keygen_hqc256_top20.rpt
| Design       : keygen
| Device       : 7a200t-fbg676
| Speed File   : -1  PRODUCTION 1.23 2018-06-13
| Design State : Synthesized
---------------------------------------------------------------------------------------------------------------------------------------------

Timing Report

Slack (VIOLATED) :        -0.299ns  (required time - arrival time)
  Source:                 FIXEDWEIGHT/wr_addr_ctx_reg[3]/C
                            (rising edge-triggered cell FDRE clocked by clk  {rise@0.000ns fall@2.500ns period=5.000ns})
  Destination:            FIXEDWEIGHT/wr_addr_ctx_reg[10]/R
                            (rising edge-triggered cell FDRE clocked by clk  {rise@0.000ns fall@2.500ns period=5.000ns})
  Path Group:             clk
  Path Type:              Setup (Max at Slow Process Corner)
  Requirement:            5.000ns  (clk rise@5.000ns - clk rise@0.000ns)
  Data Path Delay:        4.782ns  (logic 1.247ns (26.077%)  route 3.535ns (73.923%))
  Logic Levels:           5  (LUT5=2 LUT6=3)
  Clock Path Skew:        -0.049ns (DCD - SCD + CPR)
    Destination Clock Delay (DCD):    0.924ns = ( 5.924 - 5.000 ) 
    Source Clock Delay      (SCD):    0.973ns
    Clock Pessimism Removal (CPR):    0.000ns
  Clock Uncertainty:      0.035ns  ((TSJ^2 + TIJ^2)^1/2 + DJ) / 2 + PE
    Total System Jitter     (TSJ):    0.071ns
    Total Input Jitter      (TIJ):    0.000ns
    Discrete Jitter          (DJ):    0.000ns
    Phase Error              (PE):    0.000ns

    Location             Delay type                Incr(ns)  Path(ns)    Netlist Resource(s)
  -------------------------------------------------------------------    -------------------
                         (clock clk rise edge)        0.000     0.000 r  
                                                      0.000     0.000 r  clk (IN)
                         net (fo=759, unset)          0.973     0.973    FIXEDWEIGHT/clk
                         FDRE                                         r  FIXEDWEIGHT/wr_addr_ctx_reg[3]/C
  -------------------------------------------------------------------    -------------------
                         FDRE (Prop_fdre_C_Q)         0.456     1.429 r  FIXEDWEIGHT/wr_addr_ctx_reg[3]/Q
                         net (fo=13, unplaced)        0.856     2.285    FIXEDWEIGHT/wr_addr_ctx_reg_n_0_[3]
                         LUT5 (Prop_lut5_I0_O)        0.295     2.580 f  FIXEDWEIGHT/shake_dout_ready_INST_0_i_4/O
                         net (fo=1, unplaced)         0.419     2.999    FIXEDWEIGHT/shake_dout_ready_INST_0_i_4_n_0
                         LUT6 (Prop_lut6_I0_O)        0.124     3.123 f  FIXEDWEIGHT/shake_dout_ready_INST_0_i_3/O
                         net (fo=4, unplaced)         0.473     3.596    FIXEDWEIGHT/shake_dout_ready_INST_0_i_3_n_0
                         LUT6 (Prop_lut6_I0_O)        0.124     3.720 r  FIXEDWEIGHT/shake_dout_ready_INST_0_i_2/O
                         net (fo=4, unplaced)         0.473     4.193    FIXEDWEIGHT/shake_dout_ready_INST_0_i_2_n_0
                         LUT6 (Prop_lut6_I4_O)        0.124     4.317 r  FIXEDWEIGHT/wr_addr_ctx[10]_i_2/O
                         net (fo=14, unplaced)        0.500     4.817    FIXEDWEIGHT/wr_addr_ctx[10]_i_2_n_0
                         LUT5 (Prop_lut5_I0_O)        0.124     4.941 r  FIXEDWEIGHT/wr_addr_ctx[10]_i_1/O
                         net (fo=8, unplaced)         0.814     5.755    FIXEDWEIGHT/wr_addr_ctx[10]_i_1_n_0
                         FDRE                                         r  FIXEDWEIGHT/wr_addr_ctx_reg[10]/R
  -------------------------------------------------------------------    -------------------

                         (clock clk rise edge)        5.000     5.000 r  
                                                      0.000     5.000 r  clk (IN)
                         net (fo=759, unset)          0.924     5.924    FIXEDWEIGHT/clk
                         FDRE                                         r  FIXEDWEIGHT/wr_addr_ctx_reg[10]/C
                         clock pessimism              0.000     5.924    
                         clock uncertainty           -0.035     5.889    
                         FDRE (Setup_fdre_C_R)       -0.433     5.456    FIXEDWEIGHT/wr_addr_ctx_reg[10]
  -------------------------------------------------------------------
                         required time                          5.456    
                         arrival time                          -5.755    
  -------------------------------------------------------------------
                         slack                                 -0.299    

Slack (VIOLATED) :        -0.299ns  (required time - arrival time)
  Source:                 FIXEDWEIGHT/wr_addr_ctx_reg[3]/C
                            (rising edge-triggered cell FDRE clocked by clk  {rise@0.000ns fall@2.500ns period=5.000ns})
  Destination:            FIXEDWEIGHT/wr_addr_ctx_reg[2]/R
                            (rising edge-triggered cell FDRE clocked by clk  {rise@0.000ns fall@2.500ns period=5.000ns})
  Path Group:             clk
  Path Type:              Setup (Max at Slow Process Corner)
  Requirement:            5.000ns  (clk rise@5.000ns - clk rise@0.000ns)
  Data Path Delay:        4.782ns  (logic 1.247ns (26.077%)  route 3.535ns (73.923%))
  Logic Levels:           5  (LUT5=2 LUT6=3)
  Clock Path Skew:        -0.049ns (DCD - SCD + CPR)
    Destination Clock Delay (DCD):    0.924ns = ( 5.924 - 5.000 ) 
    Source Clock Delay      (SCD):    0.973ns
    Clock Pessimism Removal (CPR):    0.000ns
  Clock Uncertainty:      0.035ns  ((TSJ^2 + TIJ^2)^1/2 + DJ) / 2 + PE
    Total System Jitter     (TSJ):    0.071ns
    Total Input Jitter      (TIJ):    0.000ns
    Discrete Jitter          (DJ):    0.000ns
    Phase Error              (PE):    0.000ns

    Location             Delay type                Incr(ns)  Path(ns)    Netlist Resource(s)
  -------------------------------------------------------------------    -------------------
                         (clock clk rise edge)        0.000     0.000 r  
                                                      0.000     0.000 r  clk (IN)
                         net (fo=759, unset)          0.973     0.973    FIXEDWEIGHT/clk
                         FDRE                                         r  FIXEDWEIGHT/wr_addr_ctx_reg[3]/C
  -------------------------------------------------------------------    -------------------
                         FDRE (Prop_fdre_C_Q)         0.456     1.429 r  FIXEDWEIGHT/wr_addr_ctx_reg[3]/Q
                         net (fo=13, unplaced)        0.856     2.285    FIXEDWEIGHT/wr_addr_ctx_reg_n_0_[3]
                         LUT5 (Prop_lut5_I0_O)        0.295     2.580 f  FIXEDWEIGHT/shake_dout_ready_INST_0_i_4/O
                         net (fo=1, unplaced)         0.419     2.999    FIXEDWEIGHT/shake_dout_ready_INST_0_i_4_n_0
                         LUT6 (Prop_lut6_I0_O)        0.124     3.123 f  FIXEDWEIGHT/shake_dout_ready_INST_0_i_3/O
                         net (fo=4, unplaced)         0.473     3.596    FIXEDWEIGHT/shake_dout_ready_INST_0_i_3_n_0
                         LUT6 (Prop_lut6_I0_O)        0.124     3.720 r  FIXEDWEIGHT/shake_dout_ready_INST_0_i_2/O
                         net (fo=4, unplaced)         0.473     4.193    FIXEDWEIGHT/shake_dout_ready_INST_0_i_2_n_0
                         LUT6 (Prop_lut6_I4_O)        0.124     4.317 r  FIXEDWEIGHT/wr_addr_ctx[10]_i_2/O
                         net (fo=14, unplaced)        0.500     4.817    FIXEDWEIGHT/wr_addr_ctx[10]_i_2_n_0
                         LUT5 (Prop_lut5_I0_O)        0.124     4.941 r  FIXEDWEIGHT/wr_addr_ctx[10]_i_1/O
                         net (fo=8, unplaced)         0.814     5.755    FIXEDWEIGHT/wr_addr_ctx[10]_i_1_n_0
                         FDRE                                         r  FIXEDWEIGHT/wr_addr_ctx_reg[2]/R
  -------------------------------------------------------------------    -------------------

                         (clock clk rise edge)        5.000     5.000 r  
                                                      0.000     5.000 r  clk (IN)
                         net (fo=759, unset)          0.924     5.924    FIXEDWEIGHT/clk
                         FDRE                                         r  FIXEDWEIGHT/wr_addr_ctx_reg[2]/C
                         clock pessimism              0.000     5.924    
                         clock uncertainty           -0.035     5.889    
                         FDRE (Setup_fdre_C_R)       -0.433     5.456    FIXEDWEIGHT/wr_addr_ctx_reg[2]
  -------------------------------------------------------------------
                         required time                          5.456    
                         arrival time                          -5.755    
  -------------------------------------------------------------------
                         slack                                 -0.299    

Slack (VIOLATED) :        -0.299ns  (required time - arrival time)
  Source:                 FIXEDWEIGHT/wr_addr_ctx_reg[3]/C
                            (rising edge-triggered cell FDRE clocked by clk  {rise@0.000ns fall@2.500ns period=5.000ns})
  Destination:            FIXEDWEIGHT/wr_addr_ctx_reg[3]/R
                            (rising edge-triggered cell FDRE clocked by clk  {rise@0.000ns fall@2.500ns period=5.000ns})
  Path Group:             clk
  Path Type:              Setup (Max at Slow Process Corner)
  Requirement:            5.000ns  (clk rise@5.000ns - clk rise@0.000ns)
  Data Path Delay:        4.782ns  (logic 1.247ns (26.077%)  route 3.535ns (73.923%))
  Logic Levels:           5  (LUT5=2 LUT6=3)
  Clock Path Skew:        -0.049ns (DCD - SCD + CPR)
    Destination Clock Delay (DCD):    0.924ns = ( 5.924 - 5.000 ) 
    Source Clock Delay      (SCD):    0.973ns
    Clock Pessimism Removal (CPR):    0.000ns
  Clock Uncertainty:      0.035ns  ((TSJ^2 + TIJ^2)^1/2 + DJ) / 2 + PE
    Total System Jitter     (TSJ):    0.071ns
    Total Input Jitter      (TIJ):    0.000ns
    Discrete Jitter          (DJ):    0.000ns
    Phase Error              (PE):    0.000ns

    Location             Delay type                Incr(ns)  Path(ns)    Netlist Resource(s)
  -------------------------------------------------------------------    -------------------
                         (clock clk rise edge)        0.000     0.000 r  
                                                      0.000     0.000 r  clk (IN)
                         net (fo=759, unset)          0.973     0.973    FIXEDWEIGHT/clk
                         FDRE                                         r  FIXEDWEIGHT/wr_addr_ctx_reg[3]/C
  -------------------------------------------------------------------    -------------------
                         FDRE (Prop_fdre_C_Q)         0.456     1.429 r  FIXEDWEIGHT/wr_addr_ctx_reg[3]/Q
                         net (fo=13, unplaced)        0.856     2.285    FIXEDWEIGHT/wr_addr_ctx_reg_n_0_[3]
                         LUT5 (Prop_lut5_I0_O)        0.295     2.580 f  FIXEDWEIGHT/shake_dout_ready_INST_0_i_4/O
                         net (fo=1, unplaced)         0.419     2.999    FIXEDWEIGHT/shake_dout_ready_INST_0_i_4_n_0
                         LUT6 (Prop_lut6_I0_O)        0.124     3.123 f  FIXEDWEIGHT/shake_dout_ready_INST_0_i_3/O
                         net (fo=4, unplaced)         0.473     3.596    FIXEDWEIGHT/shake_dout_ready_INST_0_i_3_n_0
                         LUT6 (Prop_lut6_I0_O)        0.124     3.720 r  FIXEDWEIGHT/shake_dout_ready_INST_0_i_2/O
                         net (fo=4, unplaced)         0.473     4.193    FIXEDWEIGHT/shake_dout_ready_INST_0_i_2_n_0
                         LUT6 (Prop_lut6_I4_O)        0.124     4.317 r  FIXEDWEIGHT/wr_addr_ctx[10]_i_2/O
                         net (fo=14, unplaced)        0.500     4.817    FIXEDWEIGHT/wr_addr_ctx[10]_i_2_n_0
                         LUT5 (Prop_lut5_I0_O)        0.124     4.941 r  FIXEDWEIGHT/wr_addr_ctx[10]_i_1/O
                         net (fo=8, unplaced)         0.814     5.755    FIXEDWEIGHT/wr_addr_ctx[10]_i_1_n_0
                         FDRE                                         r  FIXEDWEIGHT/wr_addr_ctx_reg[3]/R
  -------------------------------------------------------------------    -------------------

                         (clock clk rise edge)        5.000     5.000 r  
                                                      0.000     5.000 r  clk (IN)
                         net (fo=759, unset)          0.924     5.924    FIXEDWEIGHT/clk
                         FDRE                                         r  FIXEDWEIGHT/wr_addr_ctx_reg[3]/C
                         clock pessimism              0.000     5.924    
                         clock uncertainty           -0.035     5.889    
                         FDRE (Setup_fdre_C_R)       -0.433     5.456    FIXEDWEIGHT/wr_addr_ctx_reg[3]
  -------------------------------------------------------------------
                         required time                          5.456    
                         arrival time                          -5.755    
  -------------------------------------------------------------------
                         slack                                 -0.299    

Slack (VIOLATED) :        -0.299ns  (required time - arrival time)
  Source:                 FIXEDWEIGHT/wr_addr_ctx_reg[3]/C
                            (rising edge-triggered cell FDRE clocked by clk  {rise@0.000ns fall@2.500ns period=5.000ns})
  Destination:            FIXEDWEIGHT/wr_addr_ctx_reg[4]/R
                            (rising edge-triggered cell FDRE clocked by clk  {rise@0.000ns fall@2.500ns period=5.000ns})
  Path Group:             clk
  Path Type:              Setup (Max at Slow Process Corner)
  Requirement:            5.000ns  (clk rise@5.000ns - clk rise@0.000ns)
  Data Path Delay:        4.782ns  (logic 1.247ns (26.077%)  route 3.535ns (73.923%))
  Logic Levels:           5  (LUT5=2 LUT6=3)
  Clock Path Skew:        -0.049ns (DCD - SCD + CPR)
    Destination Clock Delay (DCD):    0.924ns = ( 5.924 - 5.000 ) 
    Source Clock Delay      (SCD):    0.973ns
    Clock Pessimism Removal (CPR):    0.000ns
  Clock Uncertainty:      0.035ns  ((TSJ^2 + TIJ^2)^1/2 + DJ) / 2 + PE
    Total System Jitter     (TSJ):    0.071ns
    Total Input Jitter      (TIJ):    0.000ns
    Discrete Jitter          (DJ):    0.000ns
    Phase Error              (PE):    0.000ns

    Location             Delay type                Incr(ns)  Path(ns)    Netlist Resource(s)
  -------------------------------------------------------------------    -------------------
                         (clock clk rise edge)        0.000     0.000 r  
                                                      0.000     0.000 r  clk (IN)
                         net (fo=759, unset)          0.973     0.973    FIXEDWEIGHT/clk
                         FDRE                                         r  FIXEDWEIGHT/wr_addr_ctx_reg[3]/C
  -------------------------------------------------------------------    -------------------
                         FDRE (Prop_fdre_C_Q)         0.456     1.429 r  FIXEDWEIGHT/wr_addr_ctx_reg[3]/Q
                         net (fo=13, unplaced)        0.856     2.285    FIXEDWEIGHT/wr_addr_ctx_reg_n_0_[3]
                         LUT5 (Prop_lut5_I0_O)        0.295     2.580 f  FIXEDWEIGHT/shake_dout_ready_INST_0_i_4/O
                         net (fo=1, unplaced)         0.419     2.999    FIXEDWEIGHT/shake_dout_ready_INST_0_i_4_n_0
                         LUT6 (Prop_lut6_I0_O)        0.124     3.123 f  FIXEDWEIGHT/shake_dout_ready_INST_0_i_3/O
                         net (fo=4, unplaced)         0.473     3.596    FIXEDWEIGHT/shake_dout_ready_INST_0_i_3_n_0
                         LUT6 (Prop_lut6_I0_O)        0.124     3.720 r  FIXEDWEIGHT/shake_dout_ready_INST_0_i_2/O
                         net (fo=4, unplaced)         0.473     4.193    FIXEDWEIGHT/shake_dout_ready_INST_0_i_2_n_0
                         LUT6 (Prop_lut6_I4_O)        0.124     4.317 r  FIXEDWEIGHT/wr_addr_ctx[10]_i_2/O
                         net (fo=14, unplaced)        0.500     4.817    FIXEDWEIGHT/wr_addr_ctx[10]_i_2_n_0
                         LUT5 (Prop_lut5_I0_O)        0.124     4.941 r  FIXEDWEIGHT/wr_addr_ctx[10]_i_1/O
                         net (fo=8, unplaced)         0.814     5.755    FIXEDWEIGHT/wr_addr_ctx[10]_i_1_n_0
                         FDRE                                         r  FIXEDWEIGHT/wr_addr_ctx_reg[4]/R
  -------------------------------------------------------------------    -------------------

                         (clock clk rise edge)        5.000     5.000 r  
                                                      0.000     5.000 r  clk (IN)
                         net (fo=759, unset)          0.924     5.924    FIXEDWEIGHT/clk
                         FDRE                                         r  FIXEDWEIGHT/wr_addr_ctx_reg[4]/C
                         clock pessimism              0.000     5.924    
                         clock uncertainty           -0.035     5.889    
                         FDRE (Setup_fdre_C_R)       -0.433     5.456    FIXEDWEIGHT/wr_addr_ctx_reg[4]
  -------------------------------------------------------------------
                         required time                          5.456    
                         arrival time                          -5.755    
  -------------------------------------------------------------------
                         slack                                 -0.299    

Slack (VIOLATED) :        -0.299ns  (required time - arrival time)
  Source:                 FIXEDWEIGHT/wr_addr_ctx_reg[3]/C
                            (rising edge-triggered cell FDRE clocked by clk  {rise@0.000ns fall@2.500ns period=5.000ns})
  Destination:            FIXEDWEIGHT/wr_addr_ctx_reg[5]/R
                            (rising edge-triggered cell FDRE clocked by clk  {rise@0.000ns fall@2.500ns period=5.000ns})
  Path Group:             clk
  Path Type:              Setup (Max at Slow Process Corner)
  Requirement:            5.000ns  (clk rise@5.000ns - clk rise@0.000ns)
  Data Path Delay:        4.782ns  (logic 1.247ns (26.077%)  route 3.535ns (73.923%))
  Logic Levels:           5  (LUT5=2 LUT6=3)
  Clock Path Skew:        -0.049ns (DCD - SCD + CPR)
    Destination Clock Delay (DCD):    0.924ns = ( 5.924 - 5.000 ) 
    Source Clock Delay      (SCD):    0.973ns
    Clock Pessimism Removal (CPR):    0.000ns
  Clock Uncertainty:      0.035ns  ((TSJ^2 + TIJ^2)^1/2 + DJ) / 2 + PE
    Total System Jitter     (TSJ):    0.071ns
    Total Input Jitter      (TIJ):    0.000ns
    Discrete Jitter          (DJ):    0.000ns
    Phase Error              (PE):    0.000ns

    Location             Delay type                Incr(ns)  Path(ns)    Netlist Resource(s)
  -------------------------------------------------------------------    -------------------
                         (clock clk rise edge)        0.000     0.000 r  
                                                      0.000     0.000 r  clk (IN)
                         net (fo=759, unset)          0.973     0.973    FIXEDWEIGHT/clk
                         FDRE                                         r  FIXEDWEIGHT/wr_addr_ctx_reg[3]/C
  -------------------------------------------------------------------    -------------------
                         FDRE (Prop_fdre_C_Q)         0.456     1.429 r  FIXEDWEIGHT/wr_addr_ctx_reg[3]/Q
                         net (fo=13, unplaced)        0.856     2.285    FIXEDWEIGHT/wr_addr_ctx_reg_n_0_[3]
                         LUT5 (Prop_lut5_I0_O)        0.295     2.580 f  FIXEDWEIGHT/shake_dout_ready_INST_0_i_4/O
                         net (fo=1, unplaced)         0.419     2.999    FIXEDWEIGHT/shake_dout_ready_INST_0_i_4_n_0
                         LUT6 (Prop_lut6_I0_O)        0.124     3.123 f  FIXEDWEIGHT/shake_dout_ready_INST_0_i_3/O
                         net (fo=4, unplaced)         0.473     3.596    FIXEDWEIGHT/shake_dout_ready_INST_0_i_3_n_0
                         LUT6 (Prop_lut6_I0_O)        0.124     3.720 r  FIXEDWEIGHT/shake_dout_ready_INST_0_i_2/O
                         net (fo=4, unplaced)         0.473     4.193    FIXEDWEIGHT/shake_dout_ready_INST_0_i_2_n_0
                         LUT6 (Prop_lut6_I4_O)        0.124     4.317 r  FIXEDWEIGHT/wr_addr_ctx[10]_i_2/O
                         net (fo=14, unplaced)        0.500     4.817    FIXEDWEIGHT/wr_addr_ctx[10]_i_2_n_0
                         LUT5 (Prop_lut5_I0_O)        0.124     4.941 r  FIXEDWEIGHT/wr_addr_ctx[10]_i_1/O
                         net (fo=8, unplaced)         0.814     5.755    FIXEDWEIGHT/wr_addr_ctx[10]_i_1_n_0
                         FDRE                                         r  FIXEDWEIGHT/wr_addr_ctx_reg[5]/R
  -------------------------------------------------------------------    -------------------

                         (clock clk rise edge)        5.000     5.000 r  
                                                      0.000     5.000 r  clk (IN)
                         net (fo=759, unset)          0.924     5.924    FIXEDWEIGHT/clk
                         FDRE                                         r  FIXEDWEIGHT/wr_addr_ctx_reg[5]/C
                         clock pessimism              0.000     5.924    
                         clock uncertainty           -0.035     5.889    
                         FDRE (Setup_fdre_C_R)       -0.433     5.456    FIXEDWEIGHT/wr_addr_ctx_reg[5]
  -------------------------------------------------------------------
                         required time                          5.456    
                         arrival time                          -5.755    
  -------------------------------------------------------------------
                         slack                                 -0.299    

Slack (VIOLATED) :        -0.299ns  (required time - arrival time)
  Source:                 FIXEDWEIGHT/wr_addr_ctx_reg[3]/C
                            (rising edge-triggered cell FDRE clocked by clk  {rise@0.000ns fall@2.500ns period=5.000ns})
  Destination:            FIXEDWEIGHT/wr_addr_ctx_reg[6]/R
                            (rising edge-triggered cell FDRE clocked by clk  {rise@0.000ns fall@2.500ns period=5.000ns})
  Path Group:             clk
  Path Type:              Setup (Max at Slow Process Corner)
  Requirement:            5.000ns  (clk rise@5.000ns - clk rise@0.000ns)
  Data Path Delay:        4.782ns  (logic 1.247ns (26.077%)  route 3.535ns (73.923%))
  Logic Levels:           5  (LUT5=2 LUT6=3)
  Clock Path Skew:        -0.049ns (DCD - SCD + CPR)
    Destination Clock Delay (DCD):    0.924ns = ( 5.924 - 5.000 ) 
    Source Clock Delay      (SCD):    0.973ns
    Clock Pessimism Removal (CPR):    0.000ns
  Clock Uncertainty:      0.035ns  ((TSJ^2 + TIJ^2)^1/2 + DJ) / 2 + PE
    Total System Jitter     (TSJ):    0.071ns
    Total Input Jitter      (TIJ):    0.000ns
    Discrete Jitter          (DJ):    0.000ns
    Phase Error              (PE):    0.000ns

    Location             Delay type                Incr(ns)  Path(ns)    Netlist Resource(s)
  -------------------------------------------------------------------    -------------------
                         (clock clk rise edge)        0.000     0.000 r  
                                                      0.000     0.000 r  clk (IN)
                         net (fo=759, unset)          0.973     0.973    FIXEDWEIGHT/clk
                         FDRE                                         r  FIXEDWEIGHT/wr_addr_ctx_reg[3]/C
  -------------------------------------------------------------------    -------------------
                         FDRE (Prop_fdre_C_Q)         0.456     1.429 r  FIXEDWEIGHT/wr_addr_ctx_reg[3]/Q
                         net (fo=13, unplaced)        0.856     2.285    FIXEDWEIGHT/wr_addr_ctx_reg_n_0_[3]
                         LUT5 (Prop_lut5_I0_O)        0.295     2.580 f  FIXEDWEIGHT/shake_dout_ready_INST_0_i_4/O
                         net (fo=1, unplaced)         0.419     2.999    FIXEDWEIGHT/shake_dout_ready_INST_0_i_4_n_0
                         LUT6 (Prop_lut6_I0_O)        0.124     3.123 f  FIXEDWEIGHT/shake_dout_ready_INST_0_i_3/O
                         net (fo=4, unplaced)         0.473     3.596    FIXEDWEIGHT/shake_dout_ready_INST_0_i_3_n_0
                         LUT6 (Prop_lut6_I0_O)        0.124     3.720 r  FIXEDWEIGHT/shake_dout_ready_INST_0_i_2/O
                         net (fo=4, unplaced)         0.473     4.193    FIXEDWEIGHT/shake_dout_ready_INST_0_i_2_n_0
                         LUT6 (Prop_lut6_I4_O)        0.124     4.317 r  FIXEDWEIGHT/wr_addr_ctx[10]_i_2/O
                         net (fo=14, unplaced)        0.500     4.817    FIXEDWEIGHT/wr_addr_ctx[10]_i_2_n_0
                         LUT5 (Prop_lut5_I0_O)        0.124     4.941 r  FIXEDWEIGHT/wr_addr_ctx[10]_i_1/O
                         net (fo=8, unplaced)         0.814     5.755    FIXEDWEIGHT/wr_addr_ctx[10]_i_1_n_0
                         FDRE                                         r  FIXEDWEIGHT/wr_addr_ctx_reg[6]/R
  -------------------------------------------------------------------    -------------------

                         (clock clk rise edge)        5.000     5.000 r  
                                                      0.000     5.000 r  clk (IN)
                         net (fo=759, unset)          0.924     5.924    FIXEDWEIGHT/clk
                         FDRE                                         r  FIXEDWEIGHT/wr_addr_ctx_reg[6]/C
                         clock pessimism              0.000     5.924    
                         clock uncertainty           -0.035     5.889    
                         FDRE (Setup_fdre_C_R)       -0.433     5.456    FIXEDWEIGHT/wr_addr_ctx_reg[6]
  -------------------------------------------------------------------
                         required time                          5.456    
                         arrival time                          -5.755    
  -------------------------------------------------------------------
                         slack                                 -0.299    

Slack (VIOLATED) :        -0.299ns  (required time - arrival time)
  Source:                 FIXEDWEIGHT/wr_addr_ctx_reg[3]/C
                            (rising edge-triggered cell FDRE clocked by clk  {rise@0.000ns fall@2.500ns period=5.000ns})
  Destination:            FIXEDWEIGHT/wr_addr_ctx_reg[8]/R
                            (rising edge-triggered cell FDRE clocked by clk  {rise@0.000ns fall@2.500ns period=5.000ns})
  Path Group:             clk
  Path Type:              Setup (Max at Slow Process Corner)
  Requirement:            5.000ns  (clk rise@5.000ns - clk rise@0.000ns)
  Data Path Delay:        4.782ns  (logic 1.247ns (26.077%)  route 3.535ns (73.923%))
  Logic Levels:           5  (LUT5=2 LUT6=3)
  Clock Path Skew:        -0.049ns (DCD - SCD + CPR)
    Destination Clock Delay (DCD):    0.924ns = ( 5.924 - 5.000 ) 
    Source Clock Delay      (SCD):    0.973ns
    Clock Pessimism Removal (CPR):    0.000ns
  Clock Uncertainty:      0.035ns  ((TSJ^2 + TIJ^2)^1/2 + DJ) / 2 + PE
    Total System Jitter     (TSJ):    0.071ns
    Total Input Jitter      (TIJ):    0.000ns
    Discrete Jitter          (DJ):    0.000ns
    Phase Error              (PE):    0.000ns

    Location             Delay type                Incr(ns)  Path(ns)    Netlist Resource(s)
  -------------------------------------------------------------------    -------------------
                         (clock clk rise edge)        0.000     0.000 r  
                                                      0.000     0.000 r  clk (IN)
                         net (fo=759, unset)          0.973     0.973    FIXEDWEIGHT/clk
                         FDRE                                         r  FIXEDWEIGHT/wr_addr_ctx_reg[3]/C
  -------------------------------------------------------------------    -------------------
                         FDRE (Prop_fdre_C_Q)         0.456     1.429 r  FIXEDWEIGHT/wr_addr_ctx_reg[3]/Q
                         net (fo=13, unplaced)        0.856     2.285    FIXEDWEIGHT/wr_addr_ctx_reg_n_0_[3]
                         LUT5 (Prop_lut5_I0_O)        0.295     2.580 f  FIXEDWEIGHT/shake_dout_ready_INST_0_i_4/O
                         net (fo=1, unplaced)         0.419     2.999    FIXEDWEIGHT/shake_dout_ready_INST_0_i_4_n_0
                         LUT6 (Prop_lut6_I0_O)        0.124     3.123 f  FIXEDWEIGHT/shake_dout_ready_INST_0_i_3/O
                         net (fo=4, unplaced)         0.473     3.596    FIXEDWEIGHT/shake_dout_ready_INST_0_i_3_n_0
                         LUT6 (Prop_lut6_I0_O)        0.124     3.720 r  FIXEDWEIGHT/shake_dout_ready_INST_0_i_2/O
                         net (fo=4, unplaced)         0.473     4.193    FIXEDWEIGHT/shake_dout_ready_INST_0_i_2_n_0
                         LUT6 (Prop_lut6_I4_O)        0.124     4.317 r  FIXEDWEIGHT/wr_addr_ctx[10]_i_2/O
                         net (fo=14, unplaced)        0.500     4.817    FIXEDWEIGHT/wr_addr_ctx[10]_i_2_n_0
                         LUT5 (Prop_lut5_I0_O)        0.124     4.941 r  FIXEDWEIGHT/wr_addr_ctx[10]_i_1/O
                         net (fo=8, unplaced)         0.814     5.755    FIXEDWEIGHT/wr_addr_ctx[10]_i_1_n_0
                         FDRE                                         r  FIXEDWEIGHT/wr_addr_ctx_reg[8]/R
  -------------------------------------------------------------------    -------------------

                         (clock clk rise edge)        5.000     5.000 r  
                                                      0.000     5.000 r  clk (IN)
                         net (fo=759, unset)          0.924     5.924    FIXEDWEIGHT/clk
                         FDRE                                         r  FIXEDWEIGHT/wr_addr_ctx_reg[8]/C
                         clock pessimism              0.000     5.924    
                         clock uncertainty           -0.035     5.889    
                         FDRE (Setup_fdre_C_R)       -0.433     5.456    FIXEDWEIGHT/wr_addr_ctx_reg[8]
  -------------------------------------------------------------------
                         required time                          5.456    
                         arrival time                          -5.755    
  -------------------------------------------------------------------
                         slack                                 -0.299    

Slack (VIOLATED) :        -0.299ns  (required time - arrival time)
  Source:                 FIXEDWEIGHT/wr_addr_ctx_reg[3]/C
                            (rising edge-triggered cell FDRE clocked by clk  {rise@0.000ns fall@2.500ns period=5.000ns})
  Destination:            FIXEDWEIGHT/wr_addr_ctx_reg[9]/R
                            (rising edge-triggered cell FDRE clocked by clk  {rise@0.000ns fall@2.500ns period=5.000ns})
  Path Group:             clk
  Path Type:              Setup (Max at Slow Process Corner)
  Requirement:            5.000ns  (clk rise@5.000ns - clk rise@0.000ns)
  Data Path Delay:        4.782ns  (logic 1.247ns (26.077%)  route 3.535ns (73.923%))
  Logic Levels:           5  (LUT5=2 LUT6=3)
  Clock Path Skew:        -0.049ns (DCD - SCD + CPR)
    Destination Clock Delay (DCD):    0.924ns = ( 5.924 - 5.000 ) 
    Source Clock Delay      (SCD):    0.973ns
    Clock Pessimism Removal (CPR):    0.000ns
  Clock Uncertainty:      0.035ns  ((TSJ^2 + TIJ^2)^1/2 + DJ) / 2 + PE
    Total System Jitter     (TSJ):    0.071ns
    Total Input Jitter      (TIJ):    0.000ns
    Discrete Jitter          (DJ):    0.000ns
    Phase Error              (PE):    0.000ns

    Location             Delay type                Incr(ns)  Path(ns)    Netlist Resource(s)
  -------------------------------------------------------------------    -------------------
                         (clock clk rise edge)        0.000     0.000 r  
                                                      0.000     0.000 r  clk (IN)
                         net (fo=759, unset)          0.973     0.973    FIXEDWEIGHT/clk
                         FDRE                                         r  FIXEDWEIGHT/wr_addr_ctx_reg[3]/C
  -------------------------------------------------------------------    -------------------
                         FDRE (Prop_fdre_C_Q)         0.456     1.429 r  FIXEDWEIGHT/wr_addr_ctx_reg[3]/Q
                         net (fo=13, unplaced)        0.856     2.285    FIXEDWEIGHT/wr_addr_ctx_reg_n_0_[3]
                         LUT5 (Prop_lut5_I0_O)        0.295     2.580 f  FIXEDWEIGHT/shake_dout_ready_INST_0_i_4/O
                         net (fo=1, unplaced)         0.419     2.999    FIXEDWEIGHT/shake_dout_ready_INST_0_i_4_n_0
                         LUT6 (Prop_lut6_I0_O)        0.124     3.123 f  FIXEDWEIGHT/shake_dout_ready_INST_0_i_3/O
                         net (fo=4, unplaced)         0.473     3.596    FIXEDWEIGHT/shake_dout_ready_INST_0_i_3_n_0
                         LUT6 (Prop_lut6_I0_O)        0.124     3.720 r  FIXEDWEIGHT/shake_dout_ready_INST_0_i_2/O
                         net (fo=4, unplaced)         0.473     4.193    FIXEDWEIGHT/shake_dout_ready_INST_0_i_2_n_0
                         LUT6 (Prop_lut6_I4_O)        0.124     4.317 r  FIXEDWEIGHT/wr_addr_ctx[10]_i_2/O
                         net (fo=14, unplaced)        0.500     4.817    FIXEDWEIGHT/wr_addr_ctx[10]_i_2_n_0
                         LUT5 (Prop_lut5_I0_O)        0.124     4.941 r  FIXEDWEIGHT/wr_addr_ctx[10]_i_1/O
                         net (fo=8, unplaced)         0.814     5.755    FIXEDWEIGHT/wr_addr_ctx[10]_i_1_n_0
                         FDRE                                         r  FIXEDWEIGHT/wr_addr_ctx_reg[9]/R
  -------------------------------------------------------------------    -------------------

                         (clock clk rise edge)        5.000     5.000 r  
                                                      0.000     5.000 r  clk (IN)
                         net (fo=759, unset)          0.924     5.924    FIXEDWEIGHT/clk
                         FDRE                                         r  FIXEDWEIGHT/wr_addr_ctx_reg[9]/C
                         clock pessimism              0.000     5.924    
                         clock uncertainty           -0.035     5.889    
                         FDRE (Setup_fdre_C_R)       -0.433     5.456    FIXEDWEIGHT/wr_addr_ctx_reg[9]
  -------------------------------------------------------------------
                         required time                          5.456    
                         arrival time                          -5.755    
  -------------------------------------------------------------------
                         slack                                 -0.299    

Slack (VIOLATED) :        -0.201ns  (required time - arrival time)
  Source:                 FIXEDWEIGHT/weight_count_reg[2]/C
                            (rising edge-triggered cell FDRE clocked by clk  {rise@0.000ns fall@2.500ns period=5.000ns})
  Destination:            FIXEDWEIGHT/red_state_reg[0]/CE
                            (rising edge-triggered cell FDRE clocked by clk  {rise@0.000ns fall@2.500ns period=5.000ns})
  Path Group:             clk
  Path Type:              Setup (Max at Slow Process Corner)
  Requirement:            5.000ns  (clk rise@5.000ns - clk rise@0.000ns)
  Data Path Delay:        4.915ns  (logic 1.309ns (26.633%)  route 3.606ns (73.367%))
  Logic Levels:           5  (LUT5=2 LUT6=3)
  Clock Path Skew:        -0.049ns (DCD - SCD + CPR)
    Destination Clock Delay (DCD):    0.924ns = ( 5.924 - 5.000 ) 
    Source Clock Delay      (SCD):    0.973ns
    Clock Pessimism Removal (CPR):    0.000ns
  Clock Uncertainty:      0.035ns  ((TSJ^2 + TIJ^2)^1/2 + DJ) / 2 + PE
    Total System Jitter     (TSJ):    0.071ns
    Total Input Jitter      (TIJ):    0.000ns
    Discrete Jitter          (DJ):    0.000ns
    Phase Error              (PE):    0.000ns

    Location             Delay type                Incr(ns)  Path(ns)    Netlist Resource(s)
  -------------------------------------------------------------------    -------------------
                         (clock clk rise edge)        0.000     0.000 r  
                                                      0.000     0.000 r  clk (IN)
                         net (fo=759, unset)          0.973     0.973    FIXEDWEIGHT/clk
                         FDRE                                         r  FIXEDWEIGHT/weight_count_reg[2]/C
  -------------------------------------------------------------------    -------------------
                         FDRE (Prop_fdre_C_Q)         0.518     1.491 f  FIXEDWEIGHT/weight_count_reg[2]/Q
                         net (fo=6, unplaced)         0.838     2.329    FIXEDWEIGHT/weight_count_reg[2]
                         LUT5 (Prop_lut5_I0_O)        0.295     2.624 r  FIXEDWEIGHT/red_state[0]_i_7/O
                         net (fo=1, unplaced)         0.449     3.073    FIXEDWEIGHT/red_state[0]_i_7_n_0
                         LUT5 (Prop_lut5_I0_O)        0.124     3.197 r  FIXEDWEIGHT/red_state[0]_i_5/O
                         net (fo=2, unplaced)         0.460     3.657    FIXEDWEIGHT/onegen_instance/red_state_reg[0]_1
                         LUT6 (Prop_lut6_I0_O)        0.124     3.781 f  FIXEDWEIGHT/onegen_instance/red_state[3]_i_9/O
                         net (fo=2, unplaced)         0.913     4.694    FIXEDWEIGHT/onegen_instance/red_state[3]_i_9_n_0
                         LUT6 (Prop_lut6_I0_O)        0.124     4.818 f  FIXEDWEIGHT/onegen_instance/red_state[3]_i_6/O
                         net (fo=1, unplaced)         0.449     5.267    FIXEDWEIGHT/onegen_instance/red_state[3]_i_6_n_0
                         LUT6 (Prop_lut6_I4_O)        0.124     5.391 r  FIXEDWEIGHT/onegen_instance/red_state[3]_i_1/O
                         net (fo=4, unplaced)         0.497     5.888    FIXEDWEIGHT/onegen_instance_n_19
                         FDRE                                         r  FIXEDWEIGHT/red_state_reg[0]/CE
  -------------------------------------------------------------------    -------------------

                         (clock clk rise edge)        5.000     5.000 r  
                                                      0.000     5.000 r  clk (IN)
                         net (fo=759, unset)          0.924     5.924    FIXEDWEIGHT/clk
                         FDRE                                         r  FIXEDWEIGHT/red_state_reg[0]/C
                         clock pessimism              0.000     5.924    
                         clock uncertainty           -0.035     5.889    
                         FDRE (Setup_fdre_C_CE)      -0.202     5.687    FIXEDWEIGHT/red_state_reg[0]
  -------------------------------------------------------------------
                         required time                          5.687    
                         arrival time                          -5.888    
  -------------------------------------------------------------------
                         slack                                 -0.201    

Slack (VIOLATED) :        -0.201ns  (required time - arrival time)
  Source:                 FIXEDWEIGHT/weight_count_reg[2]/C
                            (rising edge-triggered cell FDRE clocked by clk  {rise@0.000ns fall@2.500ns period=5.000ns})
  Destination:            FIXEDWEIGHT/red_state_reg[1]/CE
                            (rising edge-triggered cell FDRE clocked by clk  {rise@0.000ns fall@2.500ns period=5.000ns})
  Path Group:             clk
  Path Type:              Setup (Max at Slow Process Corner)
  Requirement:            5.000ns  (clk rise@5.000ns - clk rise@0.000ns)
  Data Path Delay:        4.915ns  (logic 1.309ns (26.633%)  route 3.606ns (73.367%))
  Logic Levels:           5  (LUT5=2 LUT6=3)
  Clock Path Skew:        -0.049ns (DCD - SCD + CPR)
    Destination Clock Delay (DCD):    0.924ns = ( 5.924 - 5.000 ) 
    Source Clock Delay      (SCD):    0.973ns
    Clock Pessimism Removal (CPR):    0.000ns
  Clock Uncertainty:      0.035ns  ((TSJ^2 + TIJ^2)^1/2 + DJ) / 2 + PE
    Total System Jitter     (TSJ):    0.071ns
    Total Input Jitter      (TIJ):    0.000ns
    Discrete Jitter          (DJ):    0.000ns
    Phase Error              (PE):    0.000ns

    Location             Delay type                Incr(ns)  Path(ns)    Netlist Resource(s)
  -------------------------------------------------------------------    -------------------
                         (clock clk rise edge)        0.000     0.000 r  
                                                      0.000     0.000 r  clk (IN)
                         net (fo=759, unset)          0.973     0.973    FIXEDWEIGHT/clk
                         FDRE                                         r  FIXEDWEIGHT/weight_count_reg[2]/C
  -------------------------------------------------------------------    -------------------
                         FDRE (Prop_fdre_C_Q)         0.518     1.491 f  FIXEDWEIGHT/weight_count_reg[2]/Q
                         net (fo=6, unplaced)         0.838     2.329    FIXEDWEIGHT/weight_count_reg[2]
                         LUT5 (Prop_lut5_I0_O)        0.295     2.624 r  FIXEDWEIGHT/red_state[0]_i_7/O
                         net (fo=1, unplaced)         0.449     3.073    FIXEDWEIGHT/red_state[0]_i_7_n_0
                         LUT5 (Prop_lut5_I0_O)        0.124     3.197 r  FIXEDWEIGHT/red_state[0]_i_5/O
                         net (fo=2, unplaced)         0.460     3.657    FIXEDWEIGHT/onegen_instance/red_state_reg[0]_1
                         LUT6 (Prop_lut6_I0_O)        0.124     3.781 f  FIXEDWEIGHT/onegen_instance/red_state[3]_i_9/O
                         net (fo=2, unplaced)         0.913     4.694    FIXEDWEIGHT/onegen_instance/red_state[3]_i_9_n_0
                         LUT6 (Prop_lut6_I0_O)        0.124     4.818 f  FIXEDWEIGHT/onegen_instance/red_state[3]_i_6/O
                         net (fo=1, unplaced)         0.449     5.267    FIXEDWEIGHT/onegen_instance/red_state[3]_i_6_n_0
                         LUT6 (Prop_lut6_I4_O)        0.124     5.391 r  FIXEDWEIGHT/onegen_instance/red_state[3]_i_1/O
                         net (fo=4, unplaced)         0.497     5.888    FIXEDWEIGHT/onegen_instance_n_19
                         FDRE                                         r  FIXEDWEIGHT/red_state_reg[1]/CE
  -------------------------------------------------------------------    -------------------

                         (clock clk rise edge)        5.000     5.000 r  
                                                      0.000     5.000 r  clk (IN)
                         net (fo=759, unset)          0.924     5.924    FIXEDWEIGHT/clk
                         FDRE                                         r  FIXEDWEIGHT/red_state_reg[1]/C
                         clock pessimism              0.000     5.924    
                         clock uncertainty           -0.035     5.889    
                         FDRE (Setup_fdre_C_CE)      -0.202     5.687    FIXEDWEIGHT/red_state_reg[1]
  -------------------------------------------------------------------
                         required time                          5.687    
                         arrival time                          -5.888    
  -------------------------------------------------------------------
                         slack                                 -0.201    

Slack (VIOLATED) :        -0.201ns  (required time - arrival time)
  Source:                 FIXEDWEIGHT/weight_count_reg[2]/C
                            (rising edge-triggered cell FDRE clocked by clk  {rise@0.000ns fall@2.500ns period=5.000ns})
  Destination:            FIXEDWEIGHT/red_state_reg[2]/CE
                            (rising edge-triggered cell FDRE clocked by clk  {rise@0.000ns fall@2.500ns period=5.000ns})
  Path Group:             clk
  Path Type:              Setup (Max at Slow Process Corner)
  Requirement:            5.000ns  (clk rise@5.000ns - clk rise@0.000ns)
  Data Path Delay:        4.915ns  (logic 1.309ns (26.633%)  route 3.606ns (73.367%))
  Logic Levels:           5  (LUT5=2 LUT6=3)
  Clock Path Skew:        -0.049ns (DCD - SCD + CPR)
    Destination Clock Delay (DCD):    0.924ns = ( 5.924 - 5.000 ) 
    Source Clock Delay      (SCD):    0.973ns
    Clock Pessimism Removal (CPR):    0.000ns
  Clock Uncertainty:      0.035ns  ((TSJ^2 + TIJ^2)^1/2 + DJ) / 2 + PE
    Total System Jitter     (TSJ):    0.071ns
    Total Input Jitter      (TIJ):    0.000ns
    Discrete Jitter          (DJ):    0.000ns
    Phase Error              (PE):    0.000ns

    Location             Delay type                Incr(ns)  Path(ns)    Netlist Resource(s)
  -------------------------------------------------------------------    -------------------
                         (clock clk rise edge)        0.000     0.000 r  
                                                      0.000     0.000 r  clk (IN)
                         net (fo=759, unset)          0.973     0.973    FIXEDWEIGHT/clk
                         FDRE                                         r  FIXEDWEIGHT/weight_count_reg[2]/C
  -------------------------------------------------------------------    -------------------
                         FDRE (Prop_fdre_C_Q)         0.518     1.491 f  FIXEDWEIGHT/weight_count_reg[2]/Q
                         net (fo=6, unplaced)         0.838     2.329    FIXEDWEIGHT/weight_count_reg[2]
                         LUT5 (Prop_lut5_I0_O)        0.295     2.624 r  FIXEDWEIGHT/red_state[0]_i_7/O
                         net (fo=1, unplaced)         0.449     3.073    FIXEDWEIGHT/red_state[0]_i_7_n_0
                         LUT5 (Prop_lut5_I0_O)        0.124     3.197 r  FIXEDWEIGHT/red_state[0]_i_5/O
                         net (fo=2, unplaced)         0.460     3.657    FIXEDWEIGHT/onegen_instance/red_state_reg[0]_1
                         LUT6 (Prop_lut6_I0_O)        0.124     3.781 f  FIXEDWEIGHT/onegen_instance/red_state[3]_i_9/O
                         net (fo=2, unplaced)         0.913     4.694    FIXEDWEIGHT/onegen_instance/red_state[3]_i_9_n_0
                         LUT6 (Prop_lut6_I0_O)        0.124     4.818 f  FIXEDWEIGHT/onegen_instance/red_state[3]_i_6/O
                         net (fo=1, unplaced)         0.449     5.267    FIXEDWEIGHT/onegen_instance/red_state[3]_i_6_n_0
                         LUT6 (Prop_lut6_I4_O)        0.124     5.391 r  FIXEDWEIGHT/onegen_instance/red_state[3]_i_1/O
                         net (fo=4, unplaced)         0.497     5.888    FIXEDWEIGHT/onegen_instance_n_19
                         FDRE                                         r  FIXEDWEIGHT/red_state_reg[2]/CE
  -------------------------------------------------------------------    -------------------

                         (clock clk rise edge)        5.000     5.000 r  
                                                      0.000     5.000 r  clk (IN)
                         net (fo=759, unset)          0.924     5.924    FIXEDWEIGHT/clk
                         FDRE                                         r  FIXEDWEIGHT/red_state_reg[2]/C
                         clock pessimism              0.000     5.924    
                         clock uncertainty           -0.035     5.889    
                         FDRE (Setup_fdre_C_CE)      -0.202     5.687    FIXEDWEIGHT/red_state_reg[2]
  -------------------------------------------------------------------
                         required time                          5.687    
                         arrival time                          -5.888    
  -------------------------------------------------------------------
                         slack                                 -0.201    

Slack (VIOLATED) :        -0.201ns  (required time - arrival time)
  Source:                 FIXEDWEIGHT/weight_count_reg[2]/C
                            (rising edge-triggered cell FDRE clocked by clk  {rise@0.000ns fall@2.500ns period=5.000ns})
  Destination:            FIXEDWEIGHT/red_state_reg[3]/CE
                            (rising edge-triggered cell FDRE clocked by clk  {rise@0.000ns fall@2.500ns period=5.000ns})
  Path Group:             clk
  Path Type:              Setup (Max at Slow Process Corner)
  Requirement:            5.000ns  (clk rise@5.000ns - clk rise@0.000ns)
  Data Path Delay:        4.915ns  (logic 1.309ns (26.633%)  route 3.606ns (73.367%))
  Logic Levels:           5  (LUT5=2 LUT6=3)
  Clock Path Skew:        -0.049ns (DCD - SCD + CPR)
    Destination Clock Delay (DCD):    0.924ns = ( 5.924 - 5.000 ) 
    Source Clock Delay      (SCD):    0.973ns
    Clock Pessimism Removal (CPR):    0.000ns
  Clock Uncertainty:      0.035ns  ((TSJ^2 + TIJ^2)^1/2 + DJ) / 2 + PE
    Total System Jitter     (TSJ):    0.071ns
    Total Input Jitter      (TIJ):    0.000ns
    Discrete Jitter          (DJ):    0.000ns
    Phase Error              (PE):    0.000ns

    Location             Delay type                Incr(ns)  Path(ns)    Netlist Resource(s)
  -------------------------------------------------------------------    -------------------
                         (clock clk rise edge)        0.000     0.000 r  
                                                      0.000     0.000 r  clk (IN)
                         net (fo=759, unset)          0.973     0.973    FIXEDWEIGHT/clk
                         FDRE                                         r  FIXEDWEIGHT/weight_count_reg[2]/C
  -------------------------------------------------------------------    -------------------
                         FDRE (Prop_fdre_C_Q)         0.518     1.491 f  FIXEDWEIGHT/weight_count_reg[2]/Q
                         net (fo=6, unplaced)         0.838     2.329    FIXEDWEIGHT/weight_count_reg[2]
                         LUT5 (Prop_lut5_I0_O)        0.295     2.624 r  FIXEDWEIGHT/red_state[0]_i_7/O
                         net (fo=1, unplaced)         0.449     3.073    FIXEDWEIGHT/red_state[0]_i_7_n_0
                         LUT5 (Prop_lut5_I0_O)        0.124     3.197 r  FIXEDWEIGHT/red_state[0]_i_5/O
                         net (fo=2, unplaced)         0.460     3.657    FIXEDWEIGHT/onegen_instance/red_state_reg[0]_1
                         LUT6 (Prop_lut6_I0_O)        0.124     3.781 f  FIXEDWEIGHT/onegen_instance/red_state[3]_i_9/O
                         net (fo=2, unplaced)         0.913     4.694    FIXEDWEIGHT/onegen_instance/red_state[3]_i_9_n_0
                         LUT6 (Prop_lut6_I0_O)        0.124     4.818 f  FIXEDWEIGHT/onegen_instance/red_state[3]_i_6/O
                         net (fo=1, unplaced)         0.449     5.267    FIXEDWEIGHT/onegen_instance/red_state[3]_i_6_n_0
                         LUT6 (Prop_lut6_I4_O)        0.124     5.391 r  FIXEDWEIGHT/onegen_instance/red_state[3]_i_1/O
                         net (fo=4, unplaced)         0.497     5.888    FIXEDWEIGHT/onegen_instance_n_19
                         FDRE                                         r  FIXEDWEIGHT/red_state_reg[3]/CE
  -------------------------------------------------------------------    -------------------

                         (clock clk rise edge)        5.000     5.000 r  
                                                      0.000     5.000 r  clk (IN)
                         net (fo=759, unset)          0.924     5.924    FIXEDWEIGHT/clk
                         FDRE                                         r  FIXEDWEIGHT/red_state_reg[3]/C
                         clock pessimism              0.000     5.924    
                         clock uncertainty           -0.035     5.889    
                         FDRE (Setup_fdre_C_CE)      -0.202     5.687    FIXEDWEIGHT/red_state_reg[3]
  -------------------------------------------------------------------
                         required time                          5.687    
                         arrival time                          -5.888    
  -------------------------------------------------------------------
                         slack                                 -0.201    

Slack (VIOLATED) :        -0.135ns  (required time - arrival time)
  Source:                 FIXEDWEIGHT/weight_count_reg[7]/C
                            (rising edge-triggered cell FDRE clocked by clk  {rise@0.000ns fall@2.500ns period=5.000ns})
  Destination:            FIXEDWEIGHT/onegen_instance/count_sim_cycles_reg[0]/R
                            (rising edge-triggered cell FDRE clocked by clk  {rise@0.000ns fall@2.500ns period=5.000ns})
  Path Group:             clk
  Path Type:              Setup (Max at Slow Process Corner)
  Requirement:            5.000ns  (clk rise@5.000ns - clk rise@0.000ns)
  Data Path Delay:        4.618ns  (logic 1.185ns (25.660%)  route 3.433ns (74.340%))
  Logic Levels:           4  (LUT3=2 LUT4=1 LUT6=1)
  Clock Path Skew:        -0.049ns (DCD - SCD + CPR)
    Destination Clock Delay (DCD):    0.924ns = ( 5.924 - 5.000 ) 
    Source Clock Delay      (SCD):    0.973ns
    Clock Pessimism Removal (CPR):    0.000ns
  Clock Uncertainty:      0.035ns  ((TSJ^2 + TIJ^2)^1/2 + DJ) / 2 + PE
    Total System Jitter     (TSJ):    0.071ns
    Total Input Jitter      (TIJ):    0.000ns
    Discrete Jitter          (DJ):    0.000ns
    Phase Error              (PE):    0.000ns

    Location             Delay type                Incr(ns)  Path(ns)    Netlist Resource(s)
  -------------------------------------------------------------------    -------------------
                         (clock clk rise edge)        0.000     0.000 r  
                                                      0.000     0.000 r  clk (IN)
                         net (fo=759, unset)          0.973     0.973    FIXEDWEIGHT/clk
                         FDRE                                         r  FIXEDWEIGHT/weight_count_reg[7]/C
  -------------------------------------------------------------------    -------------------
                         FDRE (Prop_fdre_C_Q)         0.518     1.491 r  FIXEDWEIGHT/weight_count_reg[7]/Q
                         net (fo=5, unplaced)         0.769     2.260    FIXEDWEIGHT/onegen_instance/red_state[0]_i_3_0[7]
                         LUT3 (Prop_lut3_I0_O)        0.295     2.555 f  FIXEDWEIGHT/onegen_instance/state[3]_i_10/O
                         net (fo=3, unplaced)         0.920     3.475    FIXEDWEIGHT/onegen_instance/state[3]_i_10_n_0
                         LUT6 (Prop_lut6_I1_O)        0.124     3.599 f  FIXEDWEIGHT/onegen_instance/state[3]_i_4/O
                         net (fo=5, unplaced)         0.477     4.076    FIXEDWEIGHT/onegen_instance/state[3]_i_4_n_0
                         LUT3 (Prop_lut3_I0_O)        0.124     4.200 r  FIXEDWEIGHT/onegen_instance/state[1]_i_6/O
                         net (fo=3, unplaced)         0.467     4.667    FIXEDWEIGHT/onegen_instance/state[1]_i_6_n_0
                         LUT4 (Prop_lut4_I2_O)        0.124     4.791 r  FIXEDWEIGHT/onegen_instance/count_sim_cycles[3]_i_1/O
                         net (fo=4, unplaced)         0.800     5.591    FIXEDWEIGHT/onegen_instance/count_sim_cycles[3]_i_1_n_0
                         FDRE                                         r  FIXEDWEIGHT/onegen_instance/count_sim_cycles_reg[0]/R
  -------------------------------------------------------------------    -------------------

                         (clock clk rise edge)        5.000     5.000 r  
                                                      0.000     5.000 r  clk (IN)
                         net (fo=759, unset)          0.924     5.924    FIXEDWEIGHT/onegen_instance/clk
                         FDRE                                         r  FIXEDWEIGHT/onegen_instance/count_sim_cycles_reg[0]/C
                         clock pessimism              0.000     5.924    
                         clock uncertainty           -0.035     5.889    
                         FDRE (Setup_fdre_C_R)       -0.433     5.456    FIXEDWEIGHT/onegen_instance/count_sim_cycles_reg[0]
  -------------------------------------------------------------------
                         required time                          5.456    
                         arrival time                          -5.591    
  -------------------------------------------------------------------
                         slack                                 -0.135    

Slack (VIOLATED) :        -0.135ns  (required time - arrival time)
  Source:                 FIXEDWEIGHT/weight_count_reg[7]/C
                            (rising edge-triggered cell FDRE clocked by clk  {rise@0.000ns fall@2.500ns period=5.000ns})
  Destination:            FIXEDWEIGHT/onegen_instance/count_sim_cycles_reg[1]/R
                            (rising edge-triggered cell FDRE clocked by clk  {rise@0.000ns fall@2.500ns period=5.000ns})
  Path Group:             clk
  Path Type:              Setup (Max at Slow Process Corner)
  Requirement:            5.000ns  (clk rise@5.000ns - clk rise@0.000ns)
  Data Path Delay:        4.618ns  (logic 1.185ns (25.660%)  route 3.433ns (74.340%))
  Logic Levels:           4  (LUT3=2 LUT4=1 LUT6=1)
  Clock Path Skew:        -0.049ns (DCD - SCD + CPR)
    Destination Clock Delay (DCD):    0.924ns = ( 5.924 - 5.000 ) 
    Source Clock Delay      (SCD):    0.973ns
    Clock Pessimism Removal (CPR):    0.000ns
  Clock Uncertainty:      0.035ns  ((TSJ^2 + TIJ^2)^1/2 + DJ) / 2 + PE
    Total System Jitter     (TSJ):    0.071ns
    Total Input Jitter      (TIJ):    0.000ns
    Discrete Jitter          (DJ):    0.000ns
    Phase Error              (PE):    0.000ns

    Location             Delay type                Incr(ns)  Path(ns)    Netlist Resource(s)
  -------------------------------------------------------------------    -------------------
                         (clock clk rise edge)        0.000     0.000 r  
                                                      0.000     0.000 r  clk (IN)
                         net (fo=759, unset)          0.973     0.973    FIXEDWEIGHT/clk
                         FDRE                                         r  FIXEDWEIGHT/weight_count_reg[7]/C
  -------------------------------------------------------------------    -------------------
                         FDRE (Prop_fdre_C_Q)         0.518     1.491 r  FIXEDWEIGHT/weight_count_reg[7]/Q
                         net (fo=5, unplaced)         0.769     2.260    FIXEDWEIGHT/onegen_instance/red_state[0]_i_3_0[7]
                         LUT3 (Prop_lut3_I0_O)        0.295     2.555 f  FIXEDWEIGHT/onegen_instance/state[3]_i_10/O
                         net (fo=3, unplaced)         0.920     3.475    FIXEDWEIGHT/onegen_instance/state[3]_i_10_n_0
                         LUT6 (Prop_lut6_I1_O)        0.124     3.599 f  FIXEDWEIGHT/onegen_instance/state[3]_i_4/O
                         net (fo=5, unplaced)         0.477     4.076    FIXEDWEIGHT/onegen_instance/state[3]_i_4_n_0
                         LUT3 (Prop_lut3_I0_O)        0.124     4.200 r  FIXEDWEIGHT/onegen_instance/state[1]_i_6/O
                         net (fo=3, unplaced)         0.467     4.667    FIXEDWEIGHT/onegen_instance/state[1]_i_6_n_0
                         LUT4 (Prop_lut4_I2_O)        0.124     4.791 r  FIXEDWEIGHT/onegen_instance/count_sim_cycles[3]_i_1/O
                         net (fo=4, unplaced)         0.800     5.591    FIXEDWEIGHT/onegen_instance/count_sim_cycles[3]_i_1_n_0
                         FDRE                                         r  FIXEDWEIGHT/onegen_instance/count_sim_cycles_reg[1]/R
  -------------------------------------------------------------------    -------------------

                         (clock clk rise edge)        5.000     5.000 r  
                                                      0.000     5.000 r  clk (IN)
                         net (fo=759, unset)          0.924     5.924    FIXEDWEIGHT/onegen_instance/clk
                         FDRE                                         r  FIXEDWEIGHT/onegen_instance/count_sim_cycles_reg[1]/C
                         clock pessimism              0.000     5.924    
                         clock uncertainty           -0.035     5.889    
                         FDRE (Setup_fdre_C_R)       -0.433     5.456    FIXEDWEIGHT/onegen_instance/count_sim_cycles_reg[1]
  -------------------------------------------------------------------
                         required time                          5.456    
                         arrival time                          -5.591    
  -------------------------------------------------------------------
                         slack                                 -0.135    

Slack (VIOLATED) :        -0.135ns  (required time - arrival time)
  Source:                 FIXEDWEIGHT/weight_count_reg[7]/C
                            (rising edge-triggered cell FDRE clocked by clk  {rise@0.000ns fall@2.500ns period=5.000ns})
  Destination:            FIXEDWEIGHT/onegen_instance/count_sim_cycles_reg[2]/R
                            (rising edge-triggered cell FDRE clocked by clk  {rise@0.000ns fall@2.500ns period=5.000ns})
  Path Group:             clk
  Path Type:              Setup (Max at Slow Process Corner)
  Requirement:            5.000ns  (clk rise@5.000ns - clk rise@0.000ns)
  Data Path Delay:        4.618ns  (logic 1.185ns (25.660%)  route 3.433ns (74.340%))
  Logic Levels:           4  (LUT3=2 LUT4=1 LUT6=1)
  Clock Path Skew:        -0.049ns (DCD - SCD + CPR)
    Destination Clock Delay (DCD):    0.924ns = ( 5.924 - 5.000 ) 
    Source Clock Delay      (SCD):    0.973ns
    Clock Pessimism Removal (CPR):    0.000ns
  Clock Uncertainty:      0.035ns  ((TSJ^2 + TIJ^2)^1/2 + DJ) / 2 + PE
    Total System Jitter     (TSJ):    0.071ns
    Total Input Jitter      (TIJ):    0.000ns
    Discrete Jitter          (DJ):    0.000ns
    Phase Error              (PE):    0.000ns

    Location             Delay type                Incr(ns)  Path(ns)    Netlist Resource(s)
  -------------------------------------------------------------------    -------------------
                         (clock clk rise edge)        0.000     0.000 r  
                                                      0.000     0.000 r  clk (IN)
                         net (fo=759, unset)          0.973     0.973    FIXEDWEIGHT/clk
                         FDRE                                         r  FIXEDWEIGHT/weight_count_reg[7]/C
  -------------------------------------------------------------------    -------------------
                         FDRE (Prop_fdre_C_Q)         0.518     1.491 r  FIXEDWEIGHT/weight_count_reg[7]/Q
                         net (fo=5, unplaced)         0.769     2.260    FIXEDWEIGHT/onegen_instance/red_state[0]_i_3_0[7]
                         LUT3 (Prop_lut3_I0_O)        0.295     2.555 f  FIXEDWEIGHT/onegen_instance/state[3]_i_10/O
                         net (fo=3, unplaced)         0.920     3.475    FIXEDWEIGHT/onegen_instance/state[3]_i_10_n_0
                         LUT6 (Prop_lut6_I1_O)        0.124     3.599 f  FIXEDWEIGHT/onegen_instance/state[3]_i_4/O
                         net (fo=5, unplaced)         0.477     4.076    FIXEDWEIGHT/onegen_instance/state[3]_i_4_n_0
                         LUT3 (Prop_lut3_I0_O)        0.124     4.200 r  FIXEDWEIGHT/onegen_instance/state[1]_i_6/O
                         net (fo=3, unplaced)         0.467     4.667    FIXEDWEIGHT/onegen_instance/state[1]_i_6_n_0
                         LUT4 (Prop_lut4_I2_O)        0.124     4.791 r  FIXEDWEIGHT/onegen_instance/count_sim_cycles[3]_i_1/O
                         net (fo=4, unplaced)         0.800     5.591    FIXEDWEIGHT/onegen_instance/count_sim_cycles[3]_i_1_n_0
                         FDRE                                         r  FIXEDWEIGHT/onegen_instance/count_sim_cycles_reg[2]/R
  -------------------------------------------------------------------    -------------------

                         (clock clk rise edge)        5.000     5.000 r  
                                                      0.000     5.000 r  clk (IN)
                         net (fo=759, unset)          0.924     5.924    FIXEDWEIGHT/onegen_instance/clk
                         FDRE                                         r  FIXEDWEIGHT/onegen_instance/count_sim_cycles_reg[2]/C
                         clock pessimism              0.000     5.924    
                         clock uncertainty           -0.035     5.889    
                         FDRE (Setup_fdre_C_R)       -0.433     5.456    FIXEDWEIGHT/onegen_instance/count_sim_cycles_reg[2]
  -------------------------------------------------------------------
                         required time                          5.456    
                         arrival time                          -5.591    
  -------------------------------------------------------------------
                         slack                                 -0.135    

Slack (VIOLATED) :        -0.135ns  (required time - arrival time)
  Source:                 FIXEDWEIGHT/weight_count_reg[7]/C
                            (rising edge-triggered cell FDRE clocked by clk  {rise@0.000ns fall@2.500ns period=5.000ns})
  Destination:            FIXEDWEIGHT/onegen_instance/count_sim_cycles_reg[3]/R
                            (rising edge-triggered cell FDRE clocked by clk  {rise@0.000ns fall@2.500ns period=5.000ns})
  Path Group:             clk
  Path Type:              Setup (Max at Slow Process Corner)
  Requirement:            5.000ns  (clk rise@5.000ns - clk rise@0.000ns)
  Data Path Delay:        4.618ns  (logic 1.185ns (25.660%)  route 3.433ns (74.340%))
  Logic Levels:           4  (LUT3=2 LUT4=1 LUT6=1)
  Clock Path Skew:        -0.049ns (DCD - SCD + CPR)
    Destination Clock Delay (DCD):    0.924ns = ( 5.924 - 5.000 ) 
    Source Clock Delay      (SCD):    0.973ns
    Clock Pessimism Removal (CPR):    0.000ns
  Clock Uncertainty:      0.035ns  ((TSJ^2 + TIJ^2)^1/2 + DJ) / 2 + PE
    Total System Jitter     (TSJ):    0.071ns
    Total Input Jitter      (TIJ):    0.000ns
    Discrete Jitter          (DJ):    0.000ns
    Phase Error              (PE):    0.000ns

    Location             Delay type                Incr(ns)  Path(ns)    Netlist Resource(s)
  -------------------------------------------------------------------    -------------------
                         (clock clk rise edge)        0.000     0.000 r  
                                                      0.000     0.000 r  clk (IN)
                         net (fo=759, unset)          0.973     0.973    FIXEDWEIGHT/clk
                         FDRE                                         r  FIXEDWEIGHT/weight_count_reg[7]/C
  -------------------------------------------------------------------    -------------------
                         FDRE (Prop_fdre_C_Q)         0.518     1.491 r  FIXEDWEIGHT/weight_count_reg[7]/Q
                         net (fo=5, unplaced)         0.769     2.260    FIXEDWEIGHT/onegen_instance/red_state[0]_i_3_0[7]
                         LUT3 (Prop_lut3_I0_O)        0.295     2.555 f  FIXEDWEIGHT/onegen_instance/state[3]_i_10/O
                         net (fo=3, unplaced)         0.920     3.475    FIXEDWEIGHT/onegen_instance/state[3]_i_10_n_0
                         LUT6 (Prop_lut6_I1_O)        0.124     3.599 f  FIXEDWEIGHT/onegen_instance/state[3]_i_4/O
                         net (fo=5, unplaced)         0.477     4.076    FIXEDWEIGHT/onegen_instance/state[3]_i_4_n_0
                         LUT3 (Prop_lut3_I0_O)        0.124     4.200 r  FIXEDWEIGHT/onegen_instance/state[1]_i_6/O
                         net (fo=3, unplaced)         0.467     4.667    FIXEDWEIGHT/onegen_instance/state[1]_i_6_n_0
                         LUT4 (Prop_lut4_I2_O)        0.124     4.791 r  FIXEDWEIGHT/onegen_instance/count_sim_cycles[3]_i_1/O
                         net (fo=4, unplaced)         0.800     5.591    FIXEDWEIGHT/onegen_instance/count_sim_cycles[3]_i_1_n_0
                         FDRE                                         r  FIXEDWEIGHT/onegen_instance/count_sim_cycles_reg[3]/R
  -------------------------------------------------------------------    -------------------

                         (clock clk rise edge)        5.000     5.000 r  
                                                      0.000     5.000 r  clk (IN)
                         net (fo=759, unset)          0.924     5.924    FIXEDWEIGHT/onegen_instance/clk
                         FDRE                                         r  FIXEDWEIGHT/onegen_instance/count_sim_cycles_reg[3]/C
                         clock pessimism              0.000     5.924    
                         clock uncertainty           -0.035     5.889    
                         FDRE (Setup_fdre_C_R)       -0.433     5.456    FIXEDWEIGHT/onegen_instance/count_sim_cycles_reg[3]
  -------------------------------------------------------------------
                         required time                          5.456    
                         arrival time                          -5.591    
  -------------------------------------------------------------------
                         slack                                 -0.135    

Slack (VIOLATED) :        -0.084ns  (required time - arrival time)
  Source:                 POLY_MULT/addr_0_intermediate_reg[1]/C
                            (rising edge-triggered cell FDRE clocked by clk  {rise@0.000ns fall@2.500ns period=5.000ns})
  Destination:            POLY_MULT/INTERLEAVED_RED_MEM/mem_reg_0/DIBDI[0]
                            (rising edge-triggered cell RAMB36E1 clocked by clk  {rise@0.000ns fall@2.500ns period=5.000ns})
  Path Group:             clk
  Path Type:              Setup (Max at Slow Process Corner)
  Requirement:            5.000ns  (clk rise@5.000ns - clk rise@0.000ns)
  Data Path Delay:        4.263ns  (logic 1.123ns (26.345%)  route 3.140ns (73.655%))
  Logic Levels:           4  (LUT4=1 LUT5=1 LUT6=2)
  Clock Path Skew:        -0.049ns (DCD - SCD + CPR)
    Destination Clock Delay (DCD):    0.924ns = ( 5.924 - 5.000 ) 
    Source Clock Delay      (SCD):    0.973ns
    Clock Pessimism Removal (CPR):    0.000ns
  Clock Uncertainty:      0.035ns  ((TSJ^2 + TIJ^2)^1/2 + DJ) / 2 + PE
    Total System Jitter     (TSJ):    0.071ns
    Total Input Jitter      (TIJ):    0.000ns
    Discrete Jitter          (DJ):    0.000ns
    Phase Error              (PE):    0.000ns

    Location             Delay type                Incr(ns)  Path(ns)    Netlist Resource(s)
  -------------------------------------------------------------------    -------------------
                         (clock clk rise edge)        0.000     0.000 r  
                                                      0.000     0.000 r  clk (IN)
                         net (fo=759, unset)          0.973     0.973    POLY_MULT/clk
                         FDRE                                         r  POLY_MULT/addr_0_intermediate_reg[1]/C
  -------------------------------------------------------------------    -------------------
                         FDRE (Prop_fdre_C_Q)         0.456     1.429 r  POLY_MULT/addr_0_intermediate_reg[1]/Q
                         net (fo=8, unplaced)         0.779     2.208    POLY_MULT/INTERLEAVED_RED_MEM/mem_reg_3_0[0]
                         LUT4 (Prop_lut4_I1_O)        0.295     2.503 r  POLY_MULT/INTERLEAVED_RED_MEM/mem_reg_1_i_74/O
                         net (fo=2, unplaced)         0.460     2.963    POLY_MULT/INTERLEAVED_RED_MEM/addr_0_intermediate_reg[2]
                         LUT6 (Prop_lut6_I0_O)        0.124     3.087 f  POLY_MULT/INTERLEAVED_RED_MEM/mem_reg_1_i_73/O
                         net (fo=92, unplaced)        0.546     3.633    POLY_MULT/INTERLEAVED_RED_MEM/mem_reg_1_i_73_n_0
                         LUT6 (Prop_lut6_I5_O)        0.124     3.757 r  POLY_MULT/INTERLEAVED_RED_MEM/mem_reg_0_i_92/O
                         net (fo=128, unplaced)       0.555     4.312    POLY_MULT/INTERLEAVED_RED_MEM/mem_reg_0_i_92_n_0
                         LUT5 (Prop_lut5_I1_O)        0.124     4.436 r  POLY_MULT/INTERLEAVED_RED_MEM/mem_reg_0_i_82/O
                         net (fo=1, unplaced)         0.800     5.236    POLY_MULT/INTERLEAVED_RED_MEM/din_0[0]
                         RAMB36E1                                     r  POLY_MULT/INTERLEAVED_RED_MEM/mem_reg_0/DIBDI[0]
  -------------------------------------------------------------------    -------------------

                         (clock clk rise edge)        5.000     5.000 r  
                                                      0.000     5.000 r  clk (IN)
                         net (fo=759, unset)          0.924     5.924    POLY_MULT/INTERLEAVED_RED_MEM/clk
                         RAMB36E1                                     r  POLY_MULT/INTERLEAVED_RED_MEM/mem_reg_0/CLKBWRCLK
                         clock pessimism              0.000     5.924    
                         clock uncertainty           -0.035     5.889    
                         RAMB36E1 (Setup_ramb36e1_CLKBWRCLK_DIBDI[0])
                                                     -0.737     5.152    POLY_MULT/INTERLEAVED_RED_MEM/mem_reg_0
  -------------------------------------------------------------------
                         required time                          5.152    
                         arrival time                          -5.236    
  -------------------------------------------------------------------
                         slack                                 -0.084    

Slack (VIOLATED) :        -0.084ns  (required time - arrival time)
  Source:                 POLY_MULT/addr_0_intermediate_reg[1]/C
                            (rising edge-triggered cell FDRE clocked by clk  {rise@0.000ns fall@2.500ns period=5.000ns})
  Destination:            POLY_MULT/INTERLEAVED_RED_MEM/mem_reg_0/DIBDI[10]
                            (rising edge-triggered cell RAMB36E1 clocked by clk  {rise@0.000ns fall@2.500ns period=5.000ns})
  Path Group:             clk
  Path Type:              Setup (Max at Slow Process Corner)
  Requirement:            5.000ns  (clk rise@5.000ns - clk rise@0.000ns)
  Data Path Delay:        4.263ns  (logic 1.123ns (26.345%)  route 3.140ns (73.655%))
  Logic Levels:           4  (LUT4=1 LUT5=1 LUT6=2)
  Clock Path Skew:        -0.049ns (DCD - SCD + CPR)
    Destination Clock Delay (DCD):    0.924ns = ( 5.924 - 5.000 ) 
    Source Clock Delay      (SCD):    0.973ns
    Clock Pessimism Removal (CPR):    0.000ns
  Clock Uncertainty:      0.035ns  ((TSJ^2 + TIJ^2)^1/2 + DJ) / 2 + PE
    Total System Jitter     (TSJ):    0.071ns
    Total Input Jitter      (TIJ):    0.000ns
    Discrete Jitter          (DJ):    0.000ns
    Phase Error              (PE):    0.000ns

    Location             Delay type                Incr(ns)  Path(ns)    Netlist Resource(s)
  -------------------------------------------------------------------    -------------------
                         (clock clk rise edge)        0.000     0.000 r  
                                                      0.000     0.000 r  clk (IN)
                         net (fo=759, unset)          0.973     0.973    POLY_MULT/clk
                         FDRE                                         r  POLY_MULT/addr_0_intermediate_reg[1]/C
  -------------------------------------------------------------------    -------------------
                         FDRE (Prop_fdre_C_Q)         0.456     1.429 r  POLY_MULT/addr_0_intermediate_reg[1]/Q
                         net (fo=8, unplaced)         0.779     2.208    POLY_MULT/INTERLEAVED_RED_MEM/mem_reg_3_0[0]
                         LUT4 (Prop_lut4_I1_O)        0.295     2.503 r  POLY_MULT/INTERLEAVED_RED_MEM/mem_reg_1_i_74/O
                         net (fo=2, unplaced)         0.460     2.963    POLY_MULT/INTERLEAVED_RED_MEM/addr_0_intermediate_reg[2]
                         LUT6 (Prop_lut6_I0_O)        0.124     3.087 f  POLY_MULT/INTERLEAVED_RED_MEM/mem_reg_1_i_73/O
                         net (fo=92, unplaced)        0.546     3.633    POLY_MULT/INTERLEAVED_RED_MEM/mem_reg_1_i_73_n_0
                         LUT6 (Prop_lut6_I5_O)        0.124     3.757 r  POLY_MULT/INTERLEAVED_RED_MEM/mem_reg_0_i_92/O
                         net (fo=128, unplaced)       0.555     4.312    POLY_MULT/INTERLEAVED_RED_MEM/mem_reg_0_i_92_n_0
                         LUT5 (Prop_lut5_I1_O)        0.124     4.436 r  POLY_MULT/INTERLEAVED_RED_MEM/mem_reg_0_i_72/O
                         net (fo=1, unplaced)         0.800     5.236    POLY_MULT/INTERLEAVED_RED_MEM/din_0[10]
                         RAMB36E1                                     r  POLY_MULT/INTERLEAVED_RED_MEM/mem_reg_0/DIBDI[10]
  -------------------------------------------------------------------    -------------------

                         (clock clk rise edge)        5.000     5.000 r  
                                                      0.000     5.000 r  clk (IN)
                         net (fo=759, unset)          0.924     5.924    POLY_MULT/INTERLEAVED_RED_MEM/clk
                         RAMB36E1                                     r  POLY_MULT/INTERLEAVED_RED_MEM/mem_reg_0/CLKBWRCLK
                         clock pessimism              0.000     5.924    
                         clock uncertainty           -0.035     5.889    
                         RAMB36E1 (Setup_ramb36e1_CLKBWRCLK_DIBDI[10])
                                                     -0.737     5.152    POLY_MULT/INTERLEAVED_RED_MEM/mem_reg_0
  -------------------------------------------------------------------
                         required time                          5.152    
                         arrival time                          -5.236    
  -------------------------------------------------------------------
                         slack                                 -0.084    

Slack (VIOLATED) :        -0.084ns  (required time - arrival time)
  Source:                 POLY_MULT/addr_0_intermediate_reg[1]/C
                            (rising edge-triggered cell FDRE clocked by clk  {rise@0.000ns fall@2.500ns period=5.000ns})
  Destination:            POLY_MULT/INTERLEAVED_RED_MEM/mem_reg_0/DIBDI[11]
                            (rising edge-triggered cell RAMB36E1 clocked by clk  {rise@0.000ns fall@2.500ns period=5.000ns})
  Path Group:             clk
  Path Type:              Setup (Max at Slow Process Corner)
  Requirement:            5.000ns  (clk rise@5.000ns - clk rise@0.000ns)
  Data Path Delay:        4.263ns  (logic 1.123ns (26.345%)  route 3.140ns (73.655%))
  Logic Levels:           4  (LUT4=1 LUT5=1 LUT6=2)
  Clock Path Skew:        -0.049ns (DCD - SCD + CPR)
    Destination Clock Delay (DCD):    0.924ns = ( 5.924 - 5.000 ) 
    Source Clock Delay      (SCD):    0.973ns
    Clock Pessimism Removal (CPR):    0.000ns
  Clock Uncertainty:      0.035ns  ((TSJ^2 + TIJ^2)^1/2 + DJ) / 2 + PE
    Total System Jitter     (TSJ):    0.071ns
    Total Input Jitter      (TIJ):    0.000ns
    Discrete Jitter          (DJ):    0.000ns
    Phase Error              (PE):    0.000ns

    Location             Delay type                Incr(ns)  Path(ns)    Netlist Resource(s)
  -------------------------------------------------------------------    -------------------
                         (clock clk rise edge)        0.000     0.000 r  
                                                      0.000     0.000 r  clk (IN)
                         net (fo=759, unset)          0.973     0.973    POLY_MULT/clk
                         FDRE                                         r  POLY_MULT/addr_0_intermediate_reg[1]/C
  -------------------------------------------------------------------    -------------------
                         FDRE (Prop_fdre_C_Q)         0.456     1.429 r  POLY_MULT/addr_0_intermediate_reg[1]/Q
                         net (fo=8, unplaced)         0.779     2.208    POLY_MULT/INTERLEAVED_RED_MEM/mem_reg_3_0[0]
                         LUT4 (Prop_lut4_I1_O)        0.295     2.503 r  POLY_MULT/INTERLEAVED_RED_MEM/mem_reg_1_i_74/O
                         net (fo=2, unplaced)         0.460     2.963    POLY_MULT/INTERLEAVED_RED_MEM/addr_0_intermediate_reg[2]
                         LUT6 (Prop_lut6_I0_O)        0.124     3.087 f  POLY_MULT/INTERLEAVED_RED_MEM/mem_reg_1_i_73/O
                         net (fo=92, unplaced)        0.546     3.633    POLY_MULT/INTERLEAVED_RED_MEM/mem_reg_1_i_73_n_0
                         LUT6 (Prop_lut6_I5_O)        0.124     3.757 r  POLY_MULT/INTERLEAVED_RED_MEM/mem_reg_0_i_92/O
                         net (fo=128, unplaced)       0.555     4.312    POLY_MULT/INTERLEAVED_RED_MEM/mem_reg_0_i_92_n_0
                         LUT5 (Prop_lut5_I1_O)        0.124     4.436 r  POLY_MULT/INTERLEAVED_RED_MEM/mem_reg_0_i_71/O
                         net (fo=1, unplaced)         0.800     5.236    POLY_MULT/INTERLEAVED_RED_MEM/din_0[11]
                         RAMB36E1                                     r  POLY_MULT/INTERLEAVED_RED_MEM/mem_reg_0/DIBDI[11]
  -------------------------------------------------------------------    -------------------

                         (clock clk rise edge)        5.000     5.000 r  
                                                      0.000     5.000 r  clk (IN)
                         net (fo=759, unset)          0.924     5.924    POLY_MULT/INTERLEAVED_RED_MEM/clk
                         RAMB36E1                                     r  POLY_MULT/INTERLEAVED_RED_MEM/mem_reg_0/CLKBWRCLK
                         clock pessimism              0.000     5.924    
                         clock uncertainty           -0.035     5.889    
                         RAMB36E1 (Setup_ramb36e1_CLKBWRCLK_DIBDI[11])
                                                     -0.737     5.152    POLY_MULT/INTERLEAVED_RED_MEM/mem_reg_0
  -------------------------------------------------------------------
                         required time                          5.152    
                         arrival time                          -5.236    
  -------------------------------------------------------------------
                         slack                                 -0.084    

Slack (VIOLATED) :        -0.084ns  (required time - arrival time)
  Source:                 POLY_MULT/addr_0_intermediate_reg[1]/C
                            (rising edge-triggered cell FDRE clocked by clk  {rise@0.000ns fall@2.500ns period=5.000ns})
  Destination:            POLY_MULT/INTERLEAVED_RED_MEM/mem_reg_0/DIBDI[12]
                            (rising edge-triggered cell RAMB36E1 clocked by clk  {rise@0.000ns fall@2.500ns period=5.000ns})
  Path Group:             clk
  Path Type:              Setup (Max at Slow Process Corner)
  Requirement:            5.000ns  (clk rise@5.000ns - clk rise@0.000ns)
  Data Path Delay:        4.263ns  (logic 1.123ns (26.345%)  route 3.140ns (73.655%))
  Logic Levels:           4  (LUT4=1 LUT5=1 LUT6=2)
  Clock Path Skew:        -0.049ns (DCD - SCD + CPR)
    Destination Clock Delay (DCD):    0.924ns = ( 5.924 - 5.000 ) 
    Source Clock Delay      (SCD):    0.973ns
    Clock Pessimism Removal (CPR):    0.000ns
  Clock Uncertainty:      0.035ns  ((TSJ^2 + TIJ^2)^1/2 + DJ) / 2 + PE
    Total System Jitter     (TSJ):    0.071ns
    Total Input Jitter      (TIJ):    0.000ns
    Discrete Jitter          (DJ):    0.000ns
    Phase Error              (PE):    0.000ns

    Location             Delay type                Incr(ns)  Path(ns)    Netlist Resource(s)
  -------------------------------------------------------------------    -------------------
                         (clock clk rise edge)        0.000     0.000 r  
                                                      0.000     0.000 r  clk (IN)
                         net (fo=759, unset)          0.973     0.973    POLY_MULT/clk
                         FDRE                                         r  POLY_MULT/addr_0_intermediate_reg[1]/C
  -------------------------------------------------------------------    -------------------
                         FDRE (Prop_fdre_C_Q)         0.456     1.429 r  POLY_MULT/addr_0_intermediate_reg[1]/Q
                         net (fo=8, unplaced)         0.779     2.208    POLY_MULT/INTERLEAVED_RED_MEM/mem_reg_3_0[0]
                         LUT4 (Prop_lut4_I1_O)        0.295     2.503 r  POLY_MULT/INTERLEAVED_RED_MEM/mem_reg_1_i_74/O
                         net (fo=2, unplaced)         0.460     2.963    POLY_MULT/INTERLEAVED_RED_MEM/addr_0_intermediate_reg[2]
                         LUT6 (Prop_lut6_I0_O)        0.124     3.087 f  POLY_MULT/INTERLEAVED_RED_MEM/mem_reg_1_i_73/O
                         net (fo=92, unplaced)        0.546     3.633    POLY_MULT/INTERLEAVED_RED_MEM/mem_reg_1_i_73_n_0
                         LUT6 (Prop_lut6_I5_O)        0.124     3.757 r  POLY_MULT/INTERLEAVED_RED_MEM/mem_reg_0_i_92/O
                         net (fo=128, unplaced)       0.555     4.312    POLY_MULT/INTERLEAVED_RED_MEM/mem_reg_0_i_92_n_0
                         LUT5 (Prop_lut5_I1_O)        0.124     4.436 r  POLY_MULT/INTERLEAVED_RED_MEM/mem_reg_0_i_70/O
                         net (fo=1, unplaced)         0.800     5.236    POLY_MULT/INTERLEAVED_RED_MEM/din_0[12]
                         RAMB36E1                                     r  POLY_MULT/INTERLEAVED_RED_MEM/mem_reg_0/DIBDI[12]
  -------------------------------------------------------------------    -------------------

                         (clock clk rise edge)        5.000     5.000 r  
                                                      0.000     5.000 r  clk (IN)
                         net (fo=759, unset)          0.924     5.924    POLY_MULT/INTERLEAVED_RED_MEM/clk
                         RAMB36E1                                     r  POLY_MULT/INTERLEAVED_RED_MEM/mem_reg_0/CLKBWRCLK
                         clock pessimism              0.000     5.924    
                         clock uncertainty           -0.035     5.889    
                         RAMB36E1 (Setup_ramb36e1_CLKBWRCLK_DIBDI[12])
                                                     -0.737     5.152    POLY_MULT/INTERLEAVED_RED_MEM/mem_reg_0
  -------------------------------------------------------------------
                         required time                          5.152    
                         arrival time                          -5.236    
  -------------------------------------------------------------------
                         slack                                 -0.084    




