Copyright 1986-2022 Xilinx, Inc. All Rights Reserved. Copyright 2022-2025 Advanced Micro Devices, Inc. All Rights Reserved.
---------------------------------------------------------------------------------------------------------------------------------------------
| Tool Version : Vivado v.2025.2 (lin64) Build 6299465 Fri Nov 14 12:34:56 MST 2025
| Date         : Tue Jun 23 00:56:35 2026
| Host         : MSI running 64-bit Ubuntu 26.04 LTS
| Command      : report_timing -max_paths 20 -sort_by slack -file ./synth_out/paths/makehint_default_top20.rpt
| Design       : makehint
| Device       : 7a200t-fbg676
| Speed File   : -1  PRODUCTION 1.23 2018-06-13
| Design State : Synthesized
---------------------------------------------------------------------------------------------------------------------------------------------

Timing Report

Slack (VIOLATED) :        -3.511ns  (required time - arrival time)
  Source:                 poly1_i_reg[55]/C
                            (rising edge-triggered cell FDRE clocked by clk  {rise@0.000ns fall@2.500ns period=5.000ns})
  Destination:            hint_addr_reg[60][0]/CE
                            (rising edge-triggered cell FDRE clocked by clk  {rise@0.000ns fall@2.500ns period=5.000ns})
  Path Group:             clk
  Path Type:              Setup (Max at Slow Process Corner)
  Requirement:            5.000ns  (clk rise@5.000ns - clk rise@0.000ns)
  Data Path Delay:        8.225ns  (logic 1.511ns (18.371%)  route 6.714ns (81.629%))
  Logic Levels:           7  (LUT3=1 LUT4=2 LUT5=1 LUT6=3)
  Clock Path Skew:        -0.049ns (DCD - SCD + CPR)
    Destination Clock Delay (DCD):    0.924ns = ( 5.924 - 5.000 ) 
    Source Clock Delay      (SCD):    0.973ns
    Clock Pessimism Removal (CPR):    0.000ns
  Clock Uncertainty:      0.035ns  ((TSJ^2 + TIJ^2)^1/2 + DJ) / 2 + PE
    Total System Jitter     (TSJ):    0.071ns
    Total Input Jitter      (TIJ):    0.000ns
    Discrete Jitter          (DJ):    0.000ns
    Phase Error              (PE):    0.000ns

    Location             Delay type                Incr(ns)  Path(ns)    Netlist Resource(s)
  -------------------------------------------------------------------    -------------------
                         (clock clk rise edge)        0.000     0.000 r  
                                                      0.000     0.000 r  clk (IN)
                         net (fo=931, unset)          0.973     0.973    clk
                         FDRE                                         r  poly1_i_reg[55]/C
  -------------------------------------------------------------------    -------------------
                         FDRE (Prop_fdre_C_Q)         0.456     1.429 f  poly1_i_reg[55]/Q
                         net (fo=1, unplaced)         0.741     2.170    poly1_i[55]
                         LUT4 (Prop_lut4_I1_O)        0.295     2.465 f  num_hints[2]_i_28/O
                         net (fo=2, unplaced)         0.460     2.925    num_hints[2]_i_28_n_0
                         LUT5 (Prop_lut5_I4_O)        0.116     3.041 f  num_hints[2]_i_7/O
                         net (fo=1, unplaced)         1.111     4.152    num_hints[2]_i_7_n_0
                         LUT6 (Prop_lut6_I3_O)        0.124     4.276 r  num_hints[2]_i_2/O
                         net (fo=88, unplaced)        0.998     5.274    num_hints[2]_i_2_n_0
                         LUT4 (Prop_lut4_I1_O)        0.124     5.398 f  num_hints[0]_i_2/O
                         net (fo=45, unplaced)        0.982     6.380    num_hints[0]_i_2_n_0
                         LUT3 (Prop_lut3_I0_O)        0.148     6.528 f  hint_addr[76][6]_i_3/O
                         net (fo=26, unplaced)        0.968     7.496    hint_addr[76][6]_i_3_n_0
                         LUT6 (Prop_lut6_I3_O)        0.124     7.620 r  hint_addr[60][7]_i_3/O
                         net (fo=9, unplaced)         0.943     8.563    hint_addr[60][7]_i_3_n_0
                         LUT6 (Prop_lut6_I1_O)        0.124     8.687 r  hint_addr[60][7]_i_1/O
                         net (fo=8, unplaced)         0.511     9.198    hint_addr[60][7]_i_1_n_0
                         FDRE                                         r  hint_addr_reg[60][0]/CE
  -------------------------------------------------------------------    -------------------

                         (clock clk rise edge)        5.000     5.000 r  
                                                      0.000     5.000 r  clk (IN)
                         net (fo=931, unset)          0.924     5.924    clk
                         FDRE                                         r  hint_addr_reg[60][0]/C
                         clock pessimism              0.000     5.924    
                         clock uncertainty           -0.035     5.889    
                         FDRE (Setup_fdre_C_CE)      -0.202     5.687    hint_addr_reg[60][0]
  -------------------------------------------------------------------
                         required time                          5.687    
                         arrival time                          -9.198    
  -------------------------------------------------------------------
                         slack                                 -3.511    

Slack (VIOLATED) :        -3.511ns  (required time - arrival time)
  Source:                 poly1_i_reg[55]/C
                            (rising edge-triggered cell FDRE clocked by clk  {rise@0.000ns fall@2.500ns period=5.000ns})
  Destination:            hint_addr_reg[60][1]/CE
                            (rising edge-triggered cell FDRE clocked by clk  {rise@0.000ns fall@2.500ns period=5.000ns})
  Path Group:             clk
  Path Type:              Setup (Max at Slow Process Corner)
  Requirement:            5.000ns  (clk rise@5.000ns - clk rise@0.000ns)
  Data Path Delay:        8.225ns  (logic 1.511ns (18.371%)  route 6.714ns (81.629%))
  Logic Levels:           7  (LUT3=1 LUT4=2 LUT5=1 LUT6=3)
  Clock Path Skew:        -0.049ns (DCD - SCD + CPR)
    Destination Clock Delay (DCD):    0.924ns = ( 5.924 - 5.000 ) 
    Source Clock Delay      (SCD):    0.973ns
    Clock Pessimism Removal (CPR):    0.000ns
  Clock Uncertainty:      0.035ns  ((TSJ^2 + TIJ^2)^1/2 + DJ) / 2 + PE
    Total System Jitter     (TSJ):    0.071ns
    Total Input Jitter      (TIJ):    0.000ns
    Discrete Jitter          (DJ):    0.000ns
    Phase Error              (PE):    0.000ns

    Location             Delay type                Incr(ns)  Path(ns)    Netlist Resource(s)
  -------------------------------------------------------------------    -------------------
                         (clock clk rise edge)        0.000     0.000 r  
                                                      0.000     0.000 r  clk (IN)
                         net (fo=931, unset)          0.973     0.973    clk
                         FDRE                                         r  poly1_i_reg[55]/C
  -------------------------------------------------------------------    -------------------
                         FDRE (Prop_fdre_C_Q)         0.456     1.429 f  poly1_i_reg[55]/Q
                         net (fo=1, unplaced)         0.741     2.170    poly1_i[55]
                         LUT4 (Prop_lut4_I1_O)        0.295     2.465 f  num_hints[2]_i_28/O
                         net (fo=2, unplaced)         0.460     2.925    num_hints[2]_i_28_n_0
                         LUT5 (Prop_lut5_I4_O)        0.116     3.041 f  num_hints[2]_i_7/O
                         net (fo=1, unplaced)         1.111     4.152    num_hints[2]_i_7_n_0
                         LUT6 (Prop_lut6_I3_O)        0.124     4.276 r  num_hints[2]_i_2/O
                         net (fo=88, unplaced)        0.998     5.274    num_hints[2]_i_2_n_0
                         LUT4 (Prop_lut4_I1_O)        0.124     5.398 f  num_hints[0]_i_2/O
                         net (fo=45, unplaced)        0.982     6.380    num_hints[0]_i_2_n_0
                         LUT3 (Prop_lut3_I0_O)        0.148     6.528 f  hint_addr[76][6]_i_3/O
                         net (fo=26, unplaced)        0.968     7.496    hint_addr[76][6]_i_3_n_0
                         LUT6 (Prop_lut6_I3_O)        0.124     7.620 r  hint_addr[60][7]_i_3/O
                         net (fo=9, unplaced)         0.943     8.563    hint_addr[60][7]_i_3_n_0
                         LUT6 (Prop_lut6_I1_O)        0.124     8.687 r  hint_addr[60][7]_i_1/O
                         net (fo=8, unplaced)         0.511     9.198    hint_addr[60][7]_i_1_n_0
                         FDRE                                         r  hint_addr_reg[60][1]/CE
  -------------------------------------------------------------------    -------------------

                         (clock clk rise edge)        5.000     5.000 r  
                                                      0.000     5.000 r  clk (IN)
                         net (fo=931, unset)          0.924     5.924    clk
                         FDRE                                         r  hint_addr_reg[60][1]/C
                         clock pessimism              0.000     5.924    
                         clock uncertainty           -0.035     5.889    
                         FDRE (Setup_fdre_C_CE)      -0.202     5.687    hint_addr_reg[60][1]
  -------------------------------------------------------------------
                         required time                          5.687    
                         arrival time                          -9.198    
  -------------------------------------------------------------------
                         slack                                 -3.511    

Slack (VIOLATED) :        -3.511ns  (required time - arrival time)
  Source:                 poly1_i_reg[55]/C
                            (rising edge-triggered cell FDRE clocked by clk  {rise@0.000ns fall@2.500ns period=5.000ns})
  Destination:            hint_addr_reg[60][2]/CE
                            (rising edge-triggered cell FDRE clocked by clk  {rise@0.000ns fall@2.500ns period=5.000ns})
  Path Group:             clk
  Path Type:              Setup (Max at Slow Process Corner)
  Requirement:            5.000ns  (clk rise@5.000ns - clk rise@0.000ns)
  Data Path Delay:        8.225ns  (logic 1.511ns (18.371%)  route 6.714ns (81.629%))
  Logic Levels:           7  (LUT3=1 LUT4=2 LUT5=1 LUT6=3)
  Clock Path Skew:        -0.049ns (DCD - SCD + CPR)
    Destination Clock Delay (DCD):    0.924ns = ( 5.924 - 5.000 ) 
    Source Clock Delay      (SCD):    0.973ns
    Clock Pessimism Removal (CPR):    0.000ns
  Clock Uncertainty:      0.035ns  ((TSJ^2 + TIJ^2)^1/2 + DJ) / 2 + PE
    Total System Jitter     (TSJ):    0.071ns
    Total Input Jitter      (TIJ):    0.000ns
    Discrete Jitter          (DJ):    0.000ns
    Phase Error              (PE):    0.000ns

    Location             Delay type                Incr(ns)  Path(ns)    Netlist Resource(s)
  -------------------------------------------------------------------    -------------------
                         (clock clk rise edge)        0.000     0.000 r  
                                                      0.000     0.000 r  clk (IN)
                         net (fo=931, unset)          0.973     0.973    clk
                         FDRE                                         r  poly1_i_reg[55]/C
  -------------------------------------------------------------------    -------------------
                         FDRE (Prop_fdre_C_Q)         0.456     1.429 f  poly1_i_reg[55]/Q
                         net (fo=1, unplaced)         0.741     2.170    poly1_i[55]
                         LUT4 (Prop_lut4_I1_O)        0.295     2.465 f  num_hints[2]_i_28/O
                         net (fo=2, unplaced)         0.460     2.925    num_hints[2]_i_28_n_0
                         LUT5 (Prop_lut5_I4_O)        0.116     3.041 f  num_hints[2]_i_7/O
                         net (fo=1, unplaced)         1.111     4.152    num_hints[2]_i_7_n_0
                         LUT6 (Prop_lut6_I3_O)        0.124     4.276 r  num_hints[2]_i_2/O
                         net (fo=88, unplaced)        0.998     5.274    num_hints[2]_i_2_n_0
                         LUT4 (Prop_lut4_I1_O)        0.124     5.398 f  num_hints[0]_i_2/O
                         net (fo=45, unplaced)        0.982     6.380    num_hints[0]_i_2_n_0
                         LUT3 (Prop_lut3_I0_O)        0.148     6.528 f  hint_addr[76][6]_i_3/O
                         net (fo=26, unplaced)        0.968     7.496    hint_addr[76][6]_i_3_n_0
                         LUT6 (Prop_lut6_I3_O)        0.124     7.620 r  hint_addr[60][7]_i_3/O
                         net (fo=9, unplaced)         0.943     8.563    hint_addr[60][7]_i_3_n_0
                         LUT6 (Prop_lut6_I1_O)        0.124     8.687 r  hint_addr[60][7]_i_1/O
                         net (fo=8, unplaced)         0.511     9.198    hint_addr[60][7]_i_1_n_0
                         FDRE                                         r  hint_addr_reg[60][2]/CE
  -------------------------------------------------------------------    -------------------

                         (clock clk rise edge)        5.000     5.000 r  
                                                      0.000     5.000 r  clk (IN)
                         net (fo=931, unset)          0.924     5.924    clk
                         FDRE                                         r  hint_addr_reg[60][2]/C
                         clock pessimism              0.000     5.924    
                         clock uncertainty           -0.035     5.889    
                         FDRE (Setup_fdre_C_CE)      -0.202     5.687    hint_addr_reg[60][2]
  -------------------------------------------------------------------
                         required time                          5.687    
                         arrival time                          -9.198    
  -------------------------------------------------------------------
                         slack                                 -3.511    

Slack (VIOLATED) :        -3.511ns  (required time - arrival time)
  Source:                 poly1_i_reg[55]/C
                            (rising edge-triggered cell FDRE clocked by clk  {rise@0.000ns fall@2.500ns period=5.000ns})
  Destination:            hint_addr_reg[60][3]/CE
                            (rising edge-triggered cell FDRE clocked by clk  {rise@0.000ns fall@2.500ns period=5.000ns})
  Path Group:             clk
  Path Type:              Setup (Max at Slow Process Corner)
  Requirement:            5.000ns  (clk rise@5.000ns - clk rise@0.000ns)
  Data Path Delay:        8.225ns  (logic 1.511ns (18.371%)  route 6.714ns (81.629%))
  Logic Levels:           7  (LUT3=1 LUT4=2 LUT5=1 LUT6=3)
  Clock Path Skew:        -0.049ns (DCD - SCD + CPR)
    Destination Clock Delay (DCD):    0.924ns = ( 5.924 - 5.000 ) 
    Source Clock Delay      (SCD):    0.973ns
    Clock Pessimism Removal (CPR):    0.000ns
  Clock Uncertainty:      0.035ns  ((TSJ^2 + TIJ^2)^1/2 + DJ) / 2 + PE
    Total System Jitter     (TSJ):    0.071ns
    Total Input Jitter      (TIJ):    0.000ns
    Discrete Jitter          (DJ):    0.000ns
    Phase Error              (PE):    0.000ns

    Location             Delay type                Incr(ns)  Path(ns)    Netlist Resource(s)
  -------------------------------------------------------------------    -------------------
                         (clock clk rise edge)        0.000     0.000 r  
                                                      0.000     0.000 r  clk (IN)
                         net (fo=931, unset)          0.973     0.973    clk
                         FDRE                                         r  poly1_i_reg[55]/C
  -------------------------------------------------------------------    -------------------
                         FDRE (Prop_fdre_C_Q)         0.456     1.429 f  poly1_i_reg[55]/Q
                         net (fo=1, unplaced)         0.741     2.170    poly1_i[55]
                         LUT4 (Prop_lut4_I1_O)        0.295     2.465 f  num_hints[2]_i_28/O
                         net (fo=2, unplaced)         0.460     2.925    num_hints[2]_i_28_n_0
                         LUT5 (Prop_lut5_I4_O)        0.116     3.041 f  num_hints[2]_i_7/O
                         net (fo=1, unplaced)         1.111     4.152    num_hints[2]_i_7_n_0
                         LUT6 (Prop_lut6_I3_O)        0.124     4.276 r  num_hints[2]_i_2/O
                         net (fo=88, unplaced)        0.998     5.274    num_hints[2]_i_2_n_0
                         LUT4 (Prop_lut4_I1_O)        0.124     5.398 f  num_hints[0]_i_2/O
                         net (fo=45, unplaced)        0.982     6.380    num_hints[0]_i_2_n_0
                         LUT3 (Prop_lut3_I0_O)        0.148     6.528 f  hint_addr[76][6]_i_3/O
                         net (fo=26, unplaced)        0.968     7.496    hint_addr[76][6]_i_3_n_0
                         LUT6 (Prop_lut6_I3_O)        0.124     7.620 r  hint_addr[60][7]_i_3/O
                         net (fo=9, unplaced)         0.943     8.563    hint_addr[60][7]_i_3_n_0
                         LUT6 (Prop_lut6_I1_O)        0.124     8.687 r  hint_addr[60][7]_i_1/O
                         net (fo=8, unplaced)         0.511     9.198    hint_addr[60][7]_i_1_n_0
                         FDRE                                         r  hint_addr_reg[60][3]/CE
  -------------------------------------------------------------------    -------------------

                         (clock clk rise edge)        5.000     5.000 r  
                                                      0.000     5.000 r  clk (IN)
                         net (fo=931, unset)          0.924     5.924    clk
                         FDRE                                         r  hint_addr_reg[60][3]/C
                         clock pessimism              0.000     5.924    
                         clock uncertainty           -0.035     5.889    
                         FDRE (Setup_fdre_C_CE)      -0.202     5.687    hint_addr_reg[60][3]
  -------------------------------------------------------------------
                         required time                          5.687    
                         arrival time                          -9.198    
  -------------------------------------------------------------------
                         slack                                 -3.511    

Slack (VIOLATED) :        -3.511ns  (required time - arrival time)
  Source:                 poly1_i_reg[55]/C
                            (rising edge-triggered cell FDRE clocked by clk  {rise@0.000ns fall@2.500ns period=5.000ns})
  Destination:            hint_addr_reg[60][4]/CE
                            (rising edge-triggered cell FDRE clocked by clk  {rise@0.000ns fall@2.500ns period=5.000ns})
  Path Group:             clk
  Path Type:              Setup (Max at Slow Process Corner)
  Requirement:            5.000ns  (clk rise@5.000ns - clk rise@0.000ns)
  Data Path Delay:        8.225ns  (logic 1.511ns (18.371%)  route 6.714ns (81.629%))
  Logic Levels:           7  (LUT3=1 LUT4=2 LUT5=1 LUT6=3)
  Clock Path Skew:        -0.049ns (DCD - SCD + CPR)
    Destination Clock Delay (DCD):    0.924ns = ( 5.924 - 5.000 ) 
    Source Clock Delay      (SCD):    0.973ns
    Clock Pessimism Removal (CPR):    0.000ns
  Clock Uncertainty:      0.035ns  ((TSJ^2 + TIJ^2)^1/2 + DJ) / 2 + PE
    Total System Jitter     (TSJ):    0.071ns
    Total Input Jitter      (TIJ):    0.000ns
    Discrete Jitter          (DJ):    0.000ns
    Phase Error              (PE):    0.000ns

    Location             Delay type                Incr(ns)  Path(ns)    Netlist Resource(s)
  -------------------------------------------------------------------    -------------------
                         (clock clk rise edge)        0.000     0.000 r  
                                                      0.000     0.000 r  clk (IN)
                         net (fo=931, unset)          0.973     0.973    clk
                         FDRE                                         r  poly1_i_reg[55]/C
  -------------------------------------------------------------------    -------------------
                         FDRE (Prop_fdre_C_Q)         0.456     1.429 f  poly1_i_reg[55]/Q
                         net (fo=1, unplaced)         0.741     2.170    poly1_i[55]
                         LUT4 (Prop_lut4_I1_O)        0.295     2.465 f  num_hints[2]_i_28/O
                         net (fo=2, unplaced)         0.460     2.925    num_hints[2]_i_28_n_0
                         LUT5 (Prop_lut5_I4_O)        0.116     3.041 f  num_hints[2]_i_7/O
                         net (fo=1, unplaced)         1.111     4.152    num_hints[2]_i_7_n_0
                         LUT6 (Prop_lut6_I3_O)        0.124     4.276 r  num_hints[2]_i_2/O
                         net (fo=88, unplaced)        0.998     5.274    num_hints[2]_i_2_n_0
                         LUT4 (Prop_lut4_I1_O)        0.124     5.398 f  num_hints[0]_i_2/O
                         net (fo=45, unplaced)        0.982     6.380    num_hints[0]_i_2_n_0
                         LUT3 (Prop_lut3_I0_O)        0.148     6.528 f  hint_addr[76][6]_i_3/O
                         net (fo=26, unplaced)        0.968     7.496    hint_addr[76][6]_i_3_n_0
                         LUT6 (Prop_lut6_I3_O)        0.124     7.620 r  hint_addr[60][7]_i_3/O
                         net (fo=9, unplaced)         0.943     8.563    hint_addr[60][7]_i_3_n_0
                         LUT6 (Prop_lut6_I1_O)        0.124     8.687 r  hint_addr[60][7]_i_1/O
                         net (fo=8, unplaced)         0.511     9.198    hint_addr[60][7]_i_1_n_0
                         FDRE                                         r  hint_addr_reg[60][4]/CE
  -------------------------------------------------------------------    -------------------

                         (clock clk rise edge)        5.000     5.000 r  
                                                      0.000     5.000 r  clk (IN)
                         net (fo=931, unset)          0.924     5.924    clk
                         FDRE                                         r  hint_addr_reg[60][4]/C
                         clock pessimism              0.000     5.924    
                         clock uncertainty           -0.035     5.889    
                         FDRE (Setup_fdre_C_CE)      -0.202     5.687    hint_addr_reg[60][4]
  -------------------------------------------------------------------
                         required time                          5.687    
                         arrival time                          -9.198    
  -------------------------------------------------------------------
                         slack                                 -3.511    

Slack (VIOLATED) :        -3.511ns  (required time - arrival time)
  Source:                 poly1_i_reg[55]/C
                            (rising edge-triggered cell FDRE clocked by clk  {rise@0.000ns fall@2.500ns period=5.000ns})
  Destination:            hint_addr_reg[60][5]/CE
                            (rising edge-triggered cell FDRE clocked by clk  {rise@0.000ns fall@2.500ns period=5.000ns})
  Path Group:             clk
  Path Type:              Setup (Max at Slow Process Corner)
  Requirement:            5.000ns  (clk rise@5.000ns - clk rise@0.000ns)
  Data Path Delay:        8.225ns  (logic 1.511ns (18.371%)  route 6.714ns (81.629%))
  Logic Levels:           7  (LUT3=1 LUT4=2 LUT5=1 LUT6=3)
  Clock Path Skew:        -0.049ns (DCD - SCD + CPR)
    Destination Clock Delay (DCD):    0.924ns = ( 5.924 - 5.000 ) 
    Source Clock Delay      (SCD):    0.973ns
    Clock Pessimism Removal (CPR):    0.000ns
  Clock Uncertainty:      0.035ns  ((TSJ^2 + TIJ^2)^1/2 + DJ) / 2 + PE
    Total System Jitter     (TSJ):    0.071ns
    Total Input Jitter      (TIJ):    0.000ns
    Discrete Jitter          (DJ):    0.000ns
    Phase Error              (PE):    0.000ns

    Location             Delay type                Incr(ns)  Path(ns)    Netlist Resource(s)
  -------------------------------------------------------------------    -------------------
                         (clock clk rise edge)        0.000     0.000 r  
                                                      0.000     0.000 r  clk (IN)
                         net (fo=931, unset)          0.973     0.973    clk
                         FDRE                                         r  poly1_i_reg[55]/C
  -------------------------------------------------------------------    -------------------
                         FDRE (Prop_fdre_C_Q)         0.456     1.429 f  poly1_i_reg[55]/Q
                         net (fo=1, unplaced)         0.741     2.170    poly1_i[55]
                         LUT4 (Prop_lut4_I1_O)        0.295     2.465 f  num_hints[2]_i_28/O
                         net (fo=2, unplaced)         0.460     2.925    num_hints[2]_i_28_n_0
                         LUT5 (Prop_lut5_I4_O)        0.116     3.041 f  num_hints[2]_i_7/O
                         net (fo=1, unplaced)         1.111     4.152    num_hints[2]_i_7_n_0
                         LUT6 (Prop_lut6_I3_O)        0.124     4.276 r  num_hints[2]_i_2/O
                         net (fo=88, unplaced)        0.998     5.274    num_hints[2]_i_2_n_0
                         LUT4 (Prop_lut4_I1_O)        0.124     5.398 f  num_hints[0]_i_2/O
                         net (fo=45, unplaced)        0.982     6.380    num_hints[0]_i_2_n_0
                         LUT3 (Prop_lut3_I0_O)        0.148     6.528 f  hint_addr[76][6]_i_3/O
                         net (fo=26, unplaced)        0.968     7.496    hint_addr[76][6]_i_3_n_0
                         LUT6 (Prop_lut6_I3_O)        0.124     7.620 r  hint_addr[60][7]_i_3/O
                         net (fo=9, unplaced)         0.943     8.563    hint_addr[60][7]_i_3_n_0
                         LUT6 (Prop_lut6_I1_O)        0.124     8.687 r  hint_addr[60][7]_i_1/O
                         net (fo=8, unplaced)         0.511     9.198    hint_addr[60][7]_i_1_n_0
                         FDRE                                         r  hint_addr_reg[60][5]/CE
  -------------------------------------------------------------------    -------------------

                         (clock clk rise edge)        5.000     5.000 r  
                                                      0.000     5.000 r  clk (IN)
                         net (fo=931, unset)          0.924     5.924    clk
                         FDRE                                         r  hint_addr_reg[60][5]/C
                         clock pessimism              0.000     5.924    
                         clock uncertainty           -0.035     5.889    
                         FDRE (Setup_fdre_C_CE)      -0.202     5.687    hint_addr_reg[60][5]
  -------------------------------------------------------------------
                         required time                          5.687    
                         arrival time                          -9.198    
  -------------------------------------------------------------------
                         slack                                 -3.511    

Slack (VIOLATED) :        -3.511ns  (required time - arrival time)
  Source:                 poly1_i_reg[55]/C
                            (rising edge-triggered cell FDRE clocked by clk  {rise@0.000ns fall@2.500ns period=5.000ns})
  Destination:            hint_addr_reg[60][6]/CE
                            (rising edge-triggered cell FDRE clocked by clk  {rise@0.000ns fall@2.500ns period=5.000ns})
  Path Group:             clk
  Path Type:              Setup (Max at Slow Process Corner)
  Requirement:            5.000ns  (clk rise@5.000ns - clk rise@0.000ns)
  Data Path Delay:        8.225ns  (logic 1.511ns (18.371%)  route 6.714ns (81.629%))
  Logic Levels:           7  (LUT3=1 LUT4=2 LUT5=1 LUT6=3)
  Clock Path Skew:        -0.049ns (DCD - SCD + CPR)
    Destination Clock Delay (DCD):    0.924ns = ( 5.924 - 5.000 ) 
    Source Clock Delay      (SCD):    0.973ns
    Clock Pessimism Removal (CPR):    0.000ns
  Clock Uncertainty:      0.035ns  ((TSJ^2 + TIJ^2)^1/2 + DJ) / 2 + PE
    Total System Jitter     (TSJ):    0.071ns
    Total Input Jitter      (TIJ):    0.000ns
    Discrete Jitter          (DJ):    0.000ns
    Phase Error              (PE):    0.000ns

    Location             Delay type                Incr(ns)  Path(ns)    Netlist Resource(s)
  -------------------------------------------------------------------    -------------------
                         (clock clk rise edge)        0.000     0.000 r  
                                                      0.000     0.000 r  clk (IN)
                         net (fo=931, unset)          0.973     0.973    clk
                         FDRE                                         r  poly1_i_reg[55]/C
  -------------------------------------------------------------------    -------------------
                         FDRE (Prop_fdre_C_Q)         0.456     1.429 f  poly1_i_reg[55]/Q
                         net (fo=1, unplaced)         0.741     2.170    poly1_i[55]
                         LUT4 (Prop_lut4_I1_O)        0.295     2.465 f  num_hints[2]_i_28/O
                         net (fo=2, unplaced)         0.460     2.925    num_hints[2]_i_28_n_0
                         LUT5 (Prop_lut5_I4_O)        0.116     3.041 f  num_hints[2]_i_7/O
                         net (fo=1, unplaced)         1.111     4.152    num_hints[2]_i_7_n_0
                         LUT6 (Prop_lut6_I3_O)        0.124     4.276 r  num_hints[2]_i_2/O
                         net (fo=88, unplaced)        0.998     5.274    num_hints[2]_i_2_n_0
                         LUT4 (Prop_lut4_I1_O)        0.124     5.398 f  num_hints[0]_i_2/O
                         net (fo=45, unplaced)        0.982     6.380    num_hints[0]_i_2_n_0
                         LUT3 (Prop_lut3_I0_O)        0.148     6.528 f  hint_addr[76][6]_i_3/O
                         net (fo=26, unplaced)        0.968     7.496    hint_addr[76][6]_i_3_n_0
                         LUT6 (Prop_lut6_I3_O)        0.124     7.620 r  hint_addr[60][7]_i_3/O
                         net (fo=9, unplaced)         0.943     8.563    hint_addr[60][7]_i_3_n_0
                         LUT6 (Prop_lut6_I1_O)        0.124     8.687 r  hint_addr[60][7]_i_1/O
                         net (fo=8, unplaced)         0.511     9.198    hint_addr[60][7]_i_1_n_0
                         FDRE                                         r  hint_addr_reg[60][6]/CE
  -------------------------------------------------------------------    -------------------

                         (clock clk rise edge)        5.000     5.000 r  
                                                      0.000     5.000 r  clk (IN)
                         net (fo=931, unset)          0.924     5.924    clk
                         FDRE                                         r  hint_addr_reg[60][6]/C
                         clock pessimism              0.000     5.924    
                         clock uncertainty           -0.035     5.889    
                         FDRE (Setup_fdre_C_CE)      -0.202     5.687    hint_addr_reg[60][6]
  -------------------------------------------------------------------
                         required time                          5.687    
                         arrival time                          -9.198    
  -------------------------------------------------------------------
                         slack                                 -3.511    

Slack (VIOLATED) :        -3.511ns  (required time - arrival time)
  Source:                 poly1_i_reg[55]/C
                            (rising edge-triggered cell FDRE clocked by clk  {rise@0.000ns fall@2.500ns period=5.000ns})
  Destination:            hint_addr_reg[60][7]/CE
                            (rising edge-triggered cell FDRE clocked by clk  {rise@0.000ns fall@2.500ns period=5.000ns})
  Path Group:             clk
  Path Type:              Setup (Max at Slow Process Corner)
  Requirement:            5.000ns  (clk rise@5.000ns - clk rise@0.000ns)
  Data Path Delay:        8.225ns  (logic 1.511ns (18.371%)  route 6.714ns (81.629%))
  Logic Levels:           7  (LUT3=1 LUT4=2 LUT5=1 LUT6=3)
  Clock Path Skew:        -0.049ns (DCD - SCD + CPR)
    Destination Clock Delay (DCD):    0.924ns = ( 5.924 - 5.000 ) 
    Source Clock Delay      (SCD):    0.973ns
    Clock Pessimism Removal (CPR):    0.000ns
  Clock Uncertainty:      0.035ns  ((TSJ^2 + TIJ^2)^1/2 + DJ) / 2 + PE
    Total System Jitter     (TSJ):    0.071ns
    Total Input Jitter      (TIJ):    0.000ns
    Discrete Jitter          (DJ):    0.000ns
    Phase Error              (PE):    0.000ns

    Location             Delay type                Incr(ns)  Path(ns)    Netlist Resource(s)
  -------------------------------------------------------------------    -------------------
                         (clock clk rise edge)        0.000     0.000 r  
                                                      0.000     0.000 r  clk (IN)
                         net (fo=931, unset)          0.973     0.973    clk
                         FDRE                                         r  poly1_i_reg[55]/C
  -------------------------------------------------------------------    -------------------
                         FDRE (Prop_fdre_C_Q)         0.456     1.429 f  poly1_i_reg[55]/Q
                         net (fo=1, unplaced)         0.741     2.170    poly1_i[55]
                         LUT4 (Prop_lut4_I1_O)        0.295     2.465 f  num_hints[2]_i_28/O
                         net (fo=2, unplaced)         0.460     2.925    num_hints[2]_i_28_n_0
                         LUT5 (Prop_lut5_I4_O)        0.116     3.041 f  num_hints[2]_i_7/O
                         net (fo=1, unplaced)         1.111     4.152    num_hints[2]_i_7_n_0
                         LUT6 (Prop_lut6_I3_O)        0.124     4.276 r  num_hints[2]_i_2/O
                         net (fo=88, unplaced)        0.998     5.274    num_hints[2]_i_2_n_0
                         LUT4 (Prop_lut4_I1_O)        0.124     5.398 f  num_hints[0]_i_2/O
                         net (fo=45, unplaced)        0.982     6.380    num_hints[0]_i_2_n_0
                         LUT3 (Prop_lut3_I0_O)        0.148     6.528 f  hint_addr[76][6]_i_3/O
                         net (fo=26, unplaced)        0.968     7.496    hint_addr[76][6]_i_3_n_0
                         LUT6 (Prop_lut6_I3_O)        0.124     7.620 r  hint_addr[60][7]_i_3/O
                         net (fo=9, unplaced)         0.943     8.563    hint_addr[60][7]_i_3_n_0
                         LUT6 (Prop_lut6_I1_O)        0.124     8.687 r  hint_addr[60][7]_i_1/O
                         net (fo=8, unplaced)         0.511     9.198    hint_addr[60][7]_i_1_n_0
                         FDRE                                         r  hint_addr_reg[60][7]/CE
  -------------------------------------------------------------------    -------------------

                         (clock clk rise edge)        5.000     5.000 r  
                                                      0.000     5.000 r  clk (IN)
                         net (fo=931, unset)          0.924     5.924    clk
                         FDRE                                         r  hint_addr_reg[60][7]/C
                         clock pessimism              0.000     5.924    
                         clock uncertainty           -0.035     5.889    
                         FDRE (Setup_fdre_C_CE)      -0.202     5.687    hint_addr_reg[60][7]
  -------------------------------------------------------------------
                         required time                          5.687    
                         arrival time                          -9.198    
  -------------------------------------------------------------------
                         slack                                 -3.511    

Slack (VIOLATED) :        -3.491ns  (required time - arrival time)
  Source:                 poly1_i_reg[55]/C
                            (rising edge-triggered cell FDRE clocked by clk  {rise@0.000ns fall@2.500ns period=5.000ns})
  Destination:            hint_addr_reg[33][0]/CE
                            (rising edge-triggered cell FDRE clocked by clk  {rise@0.000ns fall@2.500ns period=5.000ns})
  Path Group:             clk
  Path Type:              Setup (Max at Slow Process Corner)
  Requirement:            5.000ns  (clk rise@5.000ns - clk rise@0.000ns)
  Data Path Delay:        8.205ns  (logic 1.487ns (18.123%)  route 6.718ns (81.877%))
  Logic Levels:           7  (LUT3=1 LUT4=2 LUT5=2 LUT6=2)
  Clock Path Skew:        -0.049ns (DCD - SCD + CPR)
    Destination Clock Delay (DCD):    0.924ns = ( 5.924 - 5.000 ) 
    Source Clock Delay      (SCD):    0.973ns
    Clock Pessimism Removal (CPR):    0.000ns
  Clock Uncertainty:      0.035ns  ((TSJ^2 + TIJ^2)^1/2 + DJ) / 2 + PE
    Total System Jitter     (TSJ):    0.071ns
    Total Input Jitter      (TIJ):    0.000ns
    Discrete Jitter          (DJ):    0.000ns
    Phase Error              (PE):    0.000ns

    Location             Delay type                Incr(ns)  Path(ns)    Netlist Resource(s)
  -------------------------------------------------------------------    -------------------
                         (clock clk rise edge)        0.000     0.000 r  
                                                      0.000     0.000 r  clk (IN)
                         net (fo=931, unset)          0.973     0.973    clk
                         FDRE                                         r  poly1_i_reg[55]/C
  -------------------------------------------------------------------    -------------------
                         FDRE (Prop_fdre_C_Q)         0.456     1.429 f  poly1_i_reg[55]/Q
                         net (fo=1, unplaced)         0.741     2.170    poly1_i[55]
                         LUT4 (Prop_lut4_I1_O)        0.295     2.465 f  num_hints[2]_i_28/O
                         net (fo=2, unplaced)         0.460     2.925    num_hints[2]_i_28_n_0
                         LUT5 (Prop_lut5_I4_O)        0.116     3.041 f  num_hints[2]_i_7/O
                         net (fo=1, unplaced)         1.111     4.152    num_hints[2]_i_7_n_0
                         LUT6 (Prop_lut6_I3_O)        0.124     4.276 r  num_hints[2]_i_2/O
                         net (fo=88, unplaced)        0.998     5.274    num_hints[2]_i_2_n_0
                         LUT4 (Prop_lut4_I1_O)        0.124     5.398 r  num_hints[0]_i_2/O
                         net (fo=45, unplaced)        0.982     6.380    num_hints[0]_i_2_n_0
                         LUT3 (Prop_lut3_I0_O)        0.124     6.504 r  hint_addr[73][7]_i_10/O
                         net (fo=31, unplaced)        0.972     7.476    hint_addr[73][7]_i_10_n_0
                         LUT5 (Prop_lut5_I2_O)        0.124     7.600 r  hint_addr[33][7]_i_3/O
                         net (fo=9, unplaced)         0.943     8.543    hint_addr[33][7]_i_3_n_0
                         LUT6 (Prop_lut6_I3_O)        0.124     8.667 r  hint_addr[33][7]_i_1/O
                         net (fo=8, unplaced)         0.511     9.178    hint_addr[33][7]_i_1_n_0
                         FDRE                                         r  hint_addr_reg[33][0]/CE
  -------------------------------------------------------------------    -------------------

                         (clock clk rise edge)        5.000     5.000 r  
                                                      0.000     5.000 r  clk (IN)
                         net (fo=931, unset)          0.924     5.924    clk
                         FDRE                                         r  hint_addr_reg[33][0]/C
                         clock pessimism              0.000     5.924    
                         clock uncertainty           -0.035     5.889    
                         FDRE (Setup_fdre_C_CE)      -0.202     5.687    hint_addr_reg[33][0]
  -------------------------------------------------------------------
                         required time                          5.687    
                         arrival time                          -9.178    
  -------------------------------------------------------------------
                         slack                                 -3.491    

Slack (VIOLATED) :        -3.491ns  (required time - arrival time)
  Source:                 poly1_i_reg[55]/C
                            (rising edge-triggered cell FDRE clocked by clk  {rise@0.000ns fall@2.500ns period=5.000ns})
  Destination:            hint_addr_reg[33][1]/CE
                            (rising edge-triggered cell FDRE clocked by clk  {rise@0.000ns fall@2.500ns period=5.000ns})
  Path Group:             clk
  Path Type:              Setup (Max at Slow Process Corner)
  Requirement:            5.000ns  (clk rise@5.000ns - clk rise@0.000ns)
  Data Path Delay:        8.205ns  (logic 1.487ns (18.123%)  route 6.718ns (81.877%))
  Logic Levels:           7  (LUT3=1 LUT4=2 LUT5=2 LUT6=2)
  Clock Path Skew:        -0.049ns (DCD - SCD + CPR)
    Destination Clock Delay (DCD):    0.924ns = ( 5.924 - 5.000 ) 
    Source Clock Delay      (SCD):    0.973ns
    Clock Pessimism Removal (CPR):    0.000ns
  Clock Uncertainty:      0.035ns  ((TSJ^2 + TIJ^2)^1/2 + DJ) / 2 + PE
    Total System Jitter     (TSJ):    0.071ns
    Total Input Jitter      (TIJ):    0.000ns
    Discrete Jitter          (DJ):    0.000ns
    Phase Error              (PE):    0.000ns

    Location             Delay type                Incr(ns)  Path(ns)    Netlist Resource(s)
  -------------------------------------------------------------------    -------------------
                         (clock clk rise edge)        0.000     0.000 r  
                                                      0.000     0.000 r  clk (IN)
                         net (fo=931, unset)          0.973     0.973    clk
                         FDRE                                         r  poly1_i_reg[55]/C
  -------------------------------------------------------------------    -------------------
                         FDRE (Prop_fdre_C_Q)         0.456     1.429 f  poly1_i_reg[55]/Q
                         net (fo=1, unplaced)         0.741     2.170    poly1_i[55]
                         LUT4 (Prop_lut4_I1_O)        0.295     2.465 f  num_hints[2]_i_28/O
                         net (fo=2, unplaced)         0.460     2.925    num_hints[2]_i_28_n_0
                         LUT5 (Prop_lut5_I4_O)        0.116     3.041 f  num_hints[2]_i_7/O
                         net (fo=1, unplaced)         1.111     4.152    num_hints[2]_i_7_n_0
                         LUT6 (Prop_lut6_I3_O)        0.124     4.276 r  num_hints[2]_i_2/O
                         net (fo=88, unplaced)        0.998     5.274    num_hints[2]_i_2_n_0
                         LUT4 (Prop_lut4_I1_O)        0.124     5.398 r  num_hints[0]_i_2/O
                         net (fo=45, unplaced)        0.982     6.380    num_hints[0]_i_2_n_0
                         LUT3 (Prop_lut3_I0_O)        0.124     6.504 r  hint_addr[73][7]_i_10/O
                         net (fo=31, unplaced)        0.972     7.476    hint_addr[73][7]_i_10_n_0
                         LUT5 (Prop_lut5_I2_O)        0.124     7.600 r  hint_addr[33][7]_i_3/O
                         net (fo=9, unplaced)         0.943     8.543    hint_addr[33][7]_i_3_n_0
                         LUT6 (Prop_lut6_I3_O)        0.124     8.667 r  hint_addr[33][7]_i_1/O
                         net (fo=8, unplaced)         0.511     9.178    hint_addr[33][7]_i_1_n_0
                         FDRE                                         r  hint_addr_reg[33][1]/CE
  -------------------------------------------------------------------    -------------------

                         (clock clk rise edge)        5.000     5.000 r  
                                                      0.000     5.000 r  clk (IN)
                         net (fo=931, unset)          0.924     5.924    clk
                         FDRE                                         r  hint_addr_reg[33][1]/C
                         clock pessimism              0.000     5.924    
                         clock uncertainty           -0.035     5.889    
                         FDRE (Setup_fdre_C_CE)      -0.202     5.687    hint_addr_reg[33][1]
  -------------------------------------------------------------------
                         required time                          5.687    
                         arrival time                          -9.178    
  -------------------------------------------------------------------
                         slack                                 -3.491    

Slack (VIOLATED) :        -3.491ns  (required time - arrival time)
  Source:                 poly1_i_reg[55]/C
                            (rising edge-triggered cell FDRE clocked by clk  {rise@0.000ns fall@2.500ns period=5.000ns})
  Destination:            hint_addr_reg[33][2]/CE
                            (rising edge-triggered cell FDRE clocked by clk  {rise@0.000ns fall@2.500ns period=5.000ns})
  Path Group:             clk
  Path Type:              Setup (Max at Slow Process Corner)
  Requirement:            5.000ns  (clk rise@5.000ns - clk rise@0.000ns)
  Data Path Delay:        8.205ns  (logic 1.487ns (18.123%)  route 6.718ns (81.877%))
  Logic Levels:           7  (LUT3=1 LUT4=2 LUT5=2 LUT6=2)
  Clock Path Skew:        -0.049ns (DCD - SCD + CPR)
    Destination Clock Delay (DCD):    0.924ns = ( 5.924 - 5.000 ) 
    Source Clock Delay      (SCD):    0.973ns
    Clock Pessimism Removal (CPR):    0.000ns
  Clock Uncertainty:      0.035ns  ((TSJ^2 + TIJ^2)^1/2 + DJ) / 2 + PE
    Total System Jitter     (TSJ):    0.071ns
    Total Input Jitter      (TIJ):    0.000ns
    Discrete Jitter          (DJ):    0.000ns
    Phase Error              (PE):    0.000ns

    Location             Delay type                Incr(ns)  Path(ns)    Netlist Resource(s)
  -------------------------------------------------------------------    -------------------
                         (clock clk rise edge)        0.000     0.000 r  
                                                      0.000     0.000 r  clk (IN)
                         net (fo=931, unset)          0.973     0.973    clk
                         FDRE                                         r  poly1_i_reg[55]/C
  -------------------------------------------------------------------    -------------------
                         FDRE (Prop_fdre_C_Q)         0.456     1.429 f  poly1_i_reg[55]/Q
                         net (fo=1, unplaced)         0.741     2.170    poly1_i[55]
                         LUT4 (Prop_lut4_I1_O)        0.295     2.465 f  num_hints[2]_i_28/O
                         net (fo=2, unplaced)         0.460     2.925    num_hints[2]_i_28_n_0
                         LUT5 (Prop_lut5_I4_O)        0.116     3.041 f  num_hints[2]_i_7/O
                         net (fo=1, unplaced)         1.111     4.152    num_hints[2]_i_7_n_0
                         LUT6 (Prop_lut6_I3_O)        0.124     4.276 r  num_hints[2]_i_2/O
                         net (fo=88, unplaced)        0.998     5.274    num_hints[2]_i_2_n_0
                         LUT4 (Prop_lut4_I1_O)        0.124     5.398 r  num_hints[0]_i_2/O
                         net (fo=45, unplaced)        0.982     6.380    num_hints[0]_i_2_n_0
                         LUT3 (Prop_lut3_I0_O)        0.124     6.504 r  hint_addr[73][7]_i_10/O
                         net (fo=31, unplaced)        0.972     7.476    hint_addr[73][7]_i_10_n_0
                         LUT5 (Prop_lut5_I2_O)        0.124     7.600 r  hint_addr[33][7]_i_3/O
                         net (fo=9, unplaced)         0.943     8.543    hint_addr[33][7]_i_3_n_0
                         LUT6 (Prop_lut6_I3_O)        0.124     8.667 r  hint_addr[33][7]_i_1/O
                         net (fo=8, unplaced)         0.511     9.178    hint_addr[33][7]_i_1_n_0
                         FDRE                                         r  hint_addr_reg[33][2]/CE
  -------------------------------------------------------------------    -------------------

                         (clock clk rise edge)        5.000     5.000 r  
                                                      0.000     5.000 r  clk (IN)
                         net (fo=931, unset)          0.924     5.924    clk
                         FDRE                                         r  hint_addr_reg[33][2]/C
                         clock pessimism              0.000     5.924    
                         clock uncertainty           -0.035     5.889    
                         FDRE (Setup_fdre_C_CE)      -0.202     5.687    hint_addr_reg[33][2]
  -------------------------------------------------------------------
                         required time                          5.687    
                         arrival time                          -9.178    
  -------------------------------------------------------------------
                         slack                                 -3.491    

Slack (VIOLATED) :        -3.491ns  (required time - arrival time)
  Source:                 poly1_i_reg[55]/C
                            (rising edge-triggered cell FDRE clocked by clk  {rise@0.000ns fall@2.500ns period=5.000ns})
  Destination:            hint_addr_reg[33][3]/CE
                            (rising edge-triggered cell FDRE clocked by clk  {rise@0.000ns fall@2.500ns period=5.000ns})
  Path Group:             clk
  Path Type:              Setup (Max at Slow Process Corner)
  Requirement:            5.000ns  (clk rise@5.000ns - clk rise@0.000ns)
  Data Path Delay:        8.205ns  (logic 1.487ns (18.123%)  route 6.718ns (81.877%))
  Logic Levels:           7  (LUT3=1 LUT4=2 LUT5=2 LUT6=2)
  Clock Path Skew:        -0.049ns (DCD - SCD + CPR)
    Destination Clock Delay (DCD):    0.924ns = ( 5.924 - 5.000 ) 
    Source Clock Delay      (SCD):    0.973ns
    Clock Pessimism Removal (CPR):    0.000ns
  Clock Uncertainty:      0.035ns  ((TSJ^2 + TIJ^2)^1/2 + DJ) / 2 + PE
    Total System Jitter     (TSJ):    0.071ns
    Total Input Jitter      (TIJ):    0.000ns
    Discrete Jitter          (DJ):    0.000ns
    Phase Error              (PE):    0.000ns

    Location             Delay type                Incr(ns)  Path(ns)    Netlist Resource(s)
  -------------------------------------------------------------------    -------------------
                         (clock clk rise edge)        0.000     0.000 r  
                                                      0.000     0.000 r  clk (IN)
                         net (fo=931, unset)          0.973     0.973    clk
                         FDRE                                         r  poly1_i_reg[55]/C
  -------------------------------------------------------------------    -------------------
                         FDRE (Prop_fdre_C_Q)         0.456     1.429 f  poly1_i_reg[55]/Q
                         net (fo=1, unplaced)         0.741     2.170    poly1_i[55]
                         LUT4 (Prop_lut4_I1_O)        0.295     2.465 f  num_hints[2]_i_28/O
                         net (fo=2, unplaced)         0.460     2.925    num_hints[2]_i_28_n_0
                         LUT5 (Prop_lut5_I4_O)        0.116     3.041 f  num_hints[2]_i_7/O
                         net (fo=1, unplaced)         1.111     4.152    num_hints[2]_i_7_n_0
                         LUT6 (Prop_lut6_I3_O)        0.124     4.276 r  num_hints[2]_i_2/O
                         net (fo=88, unplaced)        0.998     5.274    num_hints[2]_i_2_n_0
                         LUT4 (Prop_lut4_I1_O)        0.124     5.398 r  num_hints[0]_i_2/O
                         net (fo=45, unplaced)        0.982     6.380    num_hints[0]_i_2_n_0
                         LUT3 (Prop_lut3_I0_O)        0.124     6.504 r  hint_addr[73][7]_i_10/O
                         net (fo=31, unplaced)        0.972     7.476    hint_addr[73][7]_i_10_n_0
                         LUT5 (Prop_lut5_I2_O)        0.124     7.600 r  hint_addr[33][7]_i_3/O
                         net (fo=9, unplaced)         0.943     8.543    hint_addr[33][7]_i_3_n_0
                         LUT6 (Prop_lut6_I3_O)        0.124     8.667 r  hint_addr[33][7]_i_1/O
                         net (fo=8, unplaced)         0.511     9.178    hint_addr[33][7]_i_1_n_0
                         FDRE                                         r  hint_addr_reg[33][3]/CE
  -------------------------------------------------------------------    -------------------

                         (clock clk rise edge)        5.000     5.000 r  
                                                      0.000     5.000 r  clk (IN)
                         net (fo=931, unset)          0.924     5.924    clk
                         FDRE                                         r  hint_addr_reg[33][3]/C
                         clock pessimism              0.000     5.924    
                         clock uncertainty           -0.035     5.889    
                         FDRE (Setup_fdre_C_CE)      -0.202     5.687    hint_addr_reg[33][3]
  -------------------------------------------------------------------
                         required time                          5.687    
                         arrival time                          -9.178    
  -------------------------------------------------------------------
                         slack                                 -3.491    

Slack (VIOLATED) :        -3.491ns  (required time - arrival time)
  Source:                 poly1_i_reg[55]/C
                            (rising edge-triggered cell FDRE clocked by clk  {rise@0.000ns fall@2.500ns period=5.000ns})
  Destination:            hint_addr_reg[33][4]/CE
                            (rising edge-triggered cell FDRE clocked by clk  {rise@0.000ns fall@2.500ns period=5.000ns})
  Path Group:             clk
  Path Type:              Setup (Max at Slow Process Corner)
  Requirement:            5.000ns  (clk rise@5.000ns - clk rise@0.000ns)
  Data Path Delay:        8.205ns  (logic 1.487ns (18.123%)  route 6.718ns (81.877%))
  Logic Levels:           7  (LUT3=1 LUT4=2 LUT5=2 LUT6=2)
  Clock Path Skew:        -0.049ns (DCD - SCD + CPR)
    Destination Clock Delay (DCD):    0.924ns = ( 5.924 - 5.000 ) 
    Source Clock Delay      (SCD):    0.973ns
    Clock Pessimism Removal (CPR):    0.000ns
  Clock Uncertainty:      0.035ns  ((TSJ^2 + TIJ^2)^1/2 + DJ) / 2 + PE
    Total System Jitter     (TSJ):    0.071ns
    Total Input Jitter      (TIJ):    0.000ns
    Discrete Jitter          (DJ):    0.000ns
    Phase Error              (PE):    0.000ns

    Location             Delay type                Incr(ns)  Path(ns)    Netlist Resource(s)
  -------------------------------------------------------------------    -------------------
                         (clock clk rise edge)        0.000     0.000 r  
                                                      0.000     0.000 r  clk (IN)
                         net (fo=931, unset)          0.973     0.973    clk
                         FDRE                                         r  poly1_i_reg[55]/C
  -------------------------------------------------------------------    -------------------
                         FDRE (Prop_fdre_C_Q)         0.456     1.429 f  poly1_i_reg[55]/Q
                         net (fo=1, unplaced)         0.741     2.170    poly1_i[55]
                         LUT4 (Prop_lut4_I1_O)        0.295     2.465 f  num_hints[2]_i_28/O
                         net (fo=2, unplaced)         0.460     2.925    num_hints[2]_i_28_n_0
                         LUT5 (Prop_lut5_I4_O)        0.116     3.041 f  num_hints[2]_i_7/O
                         net (fo=1, unplaced)         1.111     4.152    num_hints[2]_i_7_n_0
                         LUT6 (Prop_lut6_I3_O)        0.124     4.276 r  num_hints[2]_i_2/O
                         net (fo=88, unplaced)        0.998     5.274    num_hints[2]_i_2_n_0
                         LUT4 (Prop_lut4_I1_O)        0.124     5.398 r  num_hints[0]_i_2/O
                         net (fo=45, unplaced)        0.982     6.380    num_hints[0]_i_2_n_0
                         LUT3 (Prop_lut3_I0_O)        0.124     6.504 r  hint_addr[73][7]_i_10/O
                         net (fo=31, unplaced)        0.972     7.476    hint_addr[73][7]_i_10_n_0
                         LUT5 (Prop_lut5_I2_O)        0.124     7.600 r  hint_addr[33][7]_i_3/O
                         net (fo=9, unplaced)         0.943     8.543    hint_addr[33][7]_i_3_n_0
                         LUT6 (Prop_lut6_I3_O)        0.124     8.667 r  hint_addr[33][7]_i_1/O
                         net (fo=8, unplaced)         0.511     9.178    hint_addr[33][7]_i_1_n_0
                         FDRE                                         r  hint_addr_reg[33][4]/CE
  -------------------------------------------------------------------    -------------------

                         (clock clk rise edge)        5.000     5.000 r  
                                                      0.000     5.000 r  clk (IN)
                         net (fo=931, unset)          0.924     5.924    clk
                         FDRE                                         r  hint_addr_reg[33][4]/C
                         clock pessimism              0.000     5.924    
                         clock uncertainty           -0.035     5.889    
                         FDRE (Setup_fdre_C_CE)      -0.202     5.687    hint_addr_reg[33][4]
  -------------------------------------------------------------------
                         required time                          5.687    
                         arrival time                          -9.178    
  -------------------------------------------------------------------
                         slack                                 -3.491    

Slack (VIOLATED) :        -3.491ns  (required time - arrival time)
  Source:                 poly1_i_reg[55]/C
                            (rising edge-triggered cell FDRE clocked by clk  {rise@0.000ns fall@2.500ns period=5.000ns})
  Destination:            hint_addr_reg[33][5]/CE
                            (rising edge-triggered cell FDRE clocked by clk  {rise@0.000ns fall@2.500ns period=5.000ns})
  Path Group:             clk
  Path Type:              Setup (Max at Slow Process Corner)
  Requirement:            5.000ns  (clk rise@5.000ns - clk rise@0.000ns)
  Data Path Delay:        8.205ns  (logic 1.487ns (18.123%)  route 6.718ns (81.877%))
  Logic Levels:           7  (LUT3=1 LUT4=2 LUT5=2 LUT6=2)
  Clock Path Skew:        -0.049ns (DCD - SCD + CPR)
    Destination Clock Delay (DCD):    0.924ns = ( 5.924 - 5.000 ) 
    Source Clock Delay      (SCD):    0.973ns
    Clock Pessimism Removal (CPR):    0.000ns
  Clock Uncertainty:      0.035ns  ((TSJ^2 + TIJ^2)^1/2 + DJ) / 2 + PE
    Total System Jitter     (TSJ):    0.071ns
    Total Input Jitter      (TIJ):    0.000ns
    Discrete Jitter          (DJ):    0.000ns
    Phase Error              (PE):    0.000ns

    Location             Delay type                Incr(ns)  Path(ns)    Netlist Resource(s)
  -------------------------------------------------------------------    -------------------
                         (clock clk rise edge)        0.000     0.000 r  
                                                      0.000     0.000 r  clk (IN)
                         net (fo=931, unset)          0.973     0.973    clk
                         FDRE                                         r  poly1_i_reg[55]/C
  -------------------------------------------------------------------    -------------------
                         FDRE (Prop_fdre_C_Q)         0.456     1.429 f  poly1_i_reg[55]/Q
                         net (fo=1, unplaced)         0.741     2.170    poly1_i[55]
                         LUT4 (Prop_lut4_I1_O)        0.295     2.465 f  num_hints[2]_i_28/O
                         net (fo=2, unplaced)         0.460     2.925    num_hints[2]_i_28_n_0
                         LUT5 (Prop_lut5_I4_O)        0.116     3.041 f  num_hints[2]_i_7/O
                         net (fo=1, unplaced)         1.111     4.152    num_hints[2]_i_7_n_0
                         LUT6 (Prop_lut6_I3_O)        0.124     4.276 r  num_hints[2]_i_2/O
                         net (fo=88, unplaced)        0.998     5.274    num_hints[2]_i_2_n_0
                         LUT4 (Prop_lut4_I1_O)        0.124     5.398 r  num_hints[0]_i_2/O
                         net (fo=45, unplaced)        0.982     6.380    num_hints[0]_i_2_n_0
                         LUT3 (Prop_lut3_I0_O)        0.124     6.504 r  hint_addr[73][7]_i_10/O
                         net (fo=31, unplaced)        0.972     7.476    hint_addr[73][7]_i_10_n_0
                         LUT5 (Prop_lut5_I2_O)        0.124     7.600 r  hint_addr[33][7]_i_3/O
                         net (fo=9, unplaced)         0.943     8.543    hint_addr[33][7]_i_3_n_0
                         LUT6 (Prop_lut6_I3_O)        0.124     8.667 r  hint_addr[33][7]_i_1/O
                         net (fo=8, unplaced)         0.511     9.178    hint_addr[33][7]_i_1_n_0
                         FDRE                                         r  hint_addr_reg[33][5]/CE
  -------------------------------------------------------------------    -------------------

                         (clock clk rise edge)        5.000     5.000 r  
                                                      0.000     5.000 r  clk (IN)
                         net (fo=931, unset)          0.924     5.924    clk
                         FDRE                                         r  hint_addr_reg[33][5]/C
                         clock pessimism              0.000     5.924    
                         clock uncertainty           -0.035     5.889    
                         FDRE (Setup_fdre_C_CE)      -0.202     5.687    hint_addr_reg[33][5]
  -------------------------------------------------------------------
                         required time                          5.687    
                         arrival time                          -9.178    
  -------------------------------------------------------------------
                         slack                                 -3.491    

Slack (VIOLATED) :        -3.491ns  (required time - arrival time)
  Source:                 poly1_i_reg[55]/C
                            (rising edge-triggered cell FDRE clocked by clk  {rise@0.000ns fall@2.500ns period=5.000ns})
  Destination:            hint_addr_reg[33][6]/CE
                            (rising edge-triggered cell FDRE clocked by clk  {rise@0.000ns fall@2.500ns period=5.000ns})
  Path Group:             clk
  Path Type:              Setup (Max at Slow Process Corner)
  Requirement:            5.000ns  (clk rise@5.000ns - clk rise@0.000ns)
  Data Path Delay:        8.205ns  (logic 1.487ns (18.123%)  route 6.718ns (81.877%))
  Logic Levels:           7  (LUT3=1 LUT4=2 LUT5=2 LUT6=2)
  Clock Path Skew:        -0.049ns (DCD - SCD + CPR)
    Destination Clock Delay (DCD):    0.924ns = ( 5.924 - 5.000 ) 
    Source Clock Delay      (SCD):    0.973ns
    Clock Pessimism Removal (CPR):    0.000ns
  Clock Uncertainty:      0.035ns  ((TSJ^2 + TIJ^2)^1/2 + DJ) / 2 + PE
    Total System Jitter     (TSJ):    0.071ns
    Total Input Jitter      (TIJ):    0.000ns
    Discrete Jitter          (DJ):    0.000ns
    Phase Error              (PE):    0.000ns

    Location             Delay type                Incr(ns)  Path(ns)    Netlist Resource(s)
  -------------------------------------------------------------------    -------------------
                         (clock clk rise edge)        0.000     0.000 r  
                                                      0.000     0.000 r  clk (IN)
                         net (fo=931, unset)          0.973     0.973    clk
                         FDRE                                         r  poly1_i_reg[55]/C
  -------------------------------------------------------------------    -------------------
                         FDRE (Prop_fdre_C_Q)         0.456     1.429 f  poly1_i_reg[55]/Q
                         net (fo=1, unplaced)         0.741     2.170    poly1_i[55]
                         LUT4 (Prop_lut4_I1_O)        0.295     2.465 f  num_hints[2]_i_28/O
                         net (fo=2, unplaced)         0.460     2.925    num_hints[2]_i_28_n_0
                         LUT5 (Prop_lut5_I4_O)        0.116     3.041 f  num_hints[2]_i_7/O
                         net (fo=1, unplaced)         1.111     4.152    num_hints[2]_i_7_n_0
                         LUT6 (Prop_lut6_I3_O)        0.124     4.276 r  num_hints[2]_i_2/O
                         net (fo=88, unplaced)        0.998     5.274    num_hints[2]_i_2_n_0
                         LUT4 (Prop_lut4_I1_O)        0.124     5.398 r  num_hints[0]_i_2/O
                         net (fo=45, unplaced)        0.982     6.380    num_hints[0]_i_2_n_0
                         LUT3 (Prop_lut3_I0_O)        0.124     6.504 r  hint_addr[73][7]_i_10/O
                         net (fo=31, unplaced)        0.972     7.476    hint_addr[73][7]_i_10_n_0
                         LUT5 (Prop_lut5_I2_O)        0.124     7.600 r  hint_addr[33][7]_i_3/O
                         net (fo=9, unplaced)         0.943     8.543    hint_addr[33][7]_i_3_n_0
                         LUT6 (Prop_lut6_I3_O)        0.124     8.667 r  hint_addr[33][7]_i_1/O
                         net (fo=8, unplaced)         0.511     9.178    hint_addr[33][7]_i_1_n_0
                         FDRE                                         r  hint_addr_reg[33][6]/CE
  -------------------------------------------------------------------    -------------------

                         (clock clk rise edge)        5.000     5.000 r  
                                                      0.000     5.000 r  clk (IN)
                         net (fo=931, unset)          0.924     5.924    clk
                         FDRE                                         r  hint_addr_reg[33][6]/C
                         clock pessimism              0.000     5.924    
                         clock uncertainty           -0.035     5.889    
                         FDRE (Setup_fdre_C_CE)      -0.202     5.687    hint_addr_reg[33][6]
  -------------------------------------------------------------------
                         required time                          5.687    
                         arrival time                          -9.178    
  -------------------------------------------------------------------
                         slack                                 -3.491    

Slack (VIOLATED) :        -3.491ns  (required time - arrival time)
  Source:                 poly1_i_reg[55]/C
                            (rising edge-triggered cell FDRE clocked by clk  {rise@0.000ns fall@2.500ns period=5.000ns})
  Destination:            hint_addr_reg[33][7]/CE
                            (rising edge-triggered cell FDRE clocked by clk  {rise@0.000ns fall@2.500ns period=5.000ns})
  Path Group:             clk
  Path Type:              Setup (Max at Slow Process Corner)
  Requirement:            5.000ns  (clk rise@5.000ns - clk rise@0.000ns)
  Data Path Delay:        8.205ns  (logic 1.487ns (18.123%)  route 6.718ns (81.877%))
  Logic Levels:           7  (LUT3=1 LUT4=2 LUT5=2 LUT6=2)
  Clock Path Skew:        -0.049ns (DCD - SCD + CPR)
    Destination Clock Delay (DCD):    0.924ns = ( 5.924 - 5.000 ) 
    Source Clock Delay      (SCD):    0.973ns
    Clock Pessimism Removal (CPR):    0.000ns
  Clock Uncertainty:      0.035ns  ((TSJ^2 + TIJ^2)^1/2 + DJ) / 2 + PE
    Total System Jitter     (TSJ):    0.071ns
    Total Input Jitter      (TIJ):    0.000ns
    Discrete Jitter          (DJ):    0.000ns
    Phase Error              (PE):    0.000ns

    Location             Delay type                Incr(ns)  Path(ns)    Netlist Resource(s)
  -------------------------------------------------------------------    -------------------
                         (clock clk rise edge)        0.000     0.000 r  
                                                      0.000     0.000 r  clk (IN)
                         net (fo=931, unset)          0.973     0.973    clk
                         FDRE                                         r  poly1_i_reg[55]/C
  -------------------------------------------------------------------    -------------------
                         FDRE (Prop_fdre_C_Q)         0.456     1.429 f  poly1_i_reg[55]/Q
                         net (fo=1, unplaced)         0.741     2.170    poly1_i[55]
                         LUT4 (Prop_lut4_I1_O)        0.295     2.465 f  num_hints[2]_i_28/O
                         net (fo=2, unplaced)         0.460     2.925    num_hints[2]_i_28_n_0
                         LUT5 (Prop_lut5_I4_O)        0.116     3.041 f  num_hints[2]_i_7/O
                         net (fo=1, unplaced)         1.111     4.152    num_hints[2]_i_7_n_0
                         LUT6 (Prop_lut6_I3_O)        0.124     4.276 r  num_hints[2]_i_2/O
                         net (fo=88, unplaced)        0.998     5.274    num_hints[2]_i_2_n_0
                         LUT4 (Prop_lut4_I1_O)        0.124     5.398 r  num_hints[0]_i_2/O
                         net (fo=45, unplaced)        0.982     6.380    num_hints[0]_i_2_n_0
                         LUT3 (Prop_lut3_I0_O)        0.124     6.504 r  hint_addr[73][7]_i_10/O
                         net (fo=31, unplaced)        0.972     7.476    hint_addr[73][7]_i_10_n_0
                         LUT5 (Prop_lut5_I2_O)        0.124     7.600 r  hint_addr[33][7]_i_3/O
                         net (fo=9, unplaced)         0.943     8.543    hint_addr[33][7]_i_3_n_0
                         LUT6 (Prop_lut6_I3_O)        0.124     8.667 r  hint_addr[33][7]_i_1/O
                         net (fo=8, unplaced)         0.511     9.178    hint_addr[33][7]_i_1_n_0
                         FDRE                                         r  hint_addr_reg[33][7]/CE
  -------------------------------------------------------------------    -------------------

                         (clock clk rise edge)        5.000     5.000 r  
                                                      0.000     5.000 r  clk (IN)
                         net (fo=931, unset)          0.924     5.924    clk
                         FDRE                                         r  hint_addr_reg[33][7]/C
                         clock pessimism              0.000     5.924    
                         clock uncertainty           -0.035     5.889    
                         FDRE (Setup_fdre_C_CE)      -0.202     5.687    hint_addr_reg[33][7]
  -------------------------------------------------------------------
                         required time                          5.687    
                         arrival time                          -9.178    
  -------------------------------------------------------------------
                         slack                                 -3.491    

Slack (VIOLATED) :        -3.463ns  (required time - arrival time)
  Source:                 poly1_i_reg[55]/C
                            (rising edge-triggered cell FDRE clocked by clk  {rise@0.000ns fall@2.500ns period=5.000ns})
  Destination:            hint_addr_reg[55][0]/CE
                            (rising edge-triggered cell FDRE clocked by clk  {rise@0.000ns fall@2.500ns period=5.000ns})
  Path Group:             clk
  Path Type:              Setup (Max at Slow Process Corner)
  Requirement:            5.000ns  (clk rise@5.000ns - clk rise@0.000ns)
  Data Path Delay:        8.177ns  (logic 1.511ns (18.479%)  route 6.666ns (81.521%))
  Logic Levels:           7  (LUT3=1 LUT4=1 LUT5=2 LUT6=3)
  Clock Path Skew:        -0.049ns (DCD - SCD + CPR)
    Destination Clock Delay (DCD):    0.924ns = ( 5.924 - 5.000 ) 
    Source Clock Delay      (SCD):    0.973ns
    Clock Pessimism Removal (CPR):    0.000ns
  Clock Uncertainty:      0.035ns  ((TSJ^2 + TIJ^2)^1/2 + DJ) / 2 + PE
    Total System Jitter     (TSJ):    0.071ns
    Total Input Jitter      (TIJ):    0.000ns
    Discrete Jitter          (DJ):    0.000ns
    Phase Error              (PE):    0.000ns

    Location             Delay type                Incr(ns)  Path(ns)    Netlist Resource(s)
  -------------------------------------------------------------------    -------------------
                         (clock clk rise edge)        0.000     0.000 r  
                                                      0.000     0.000 r  clk (IN)
                         net (fo=931, unset)          0.973     0.973    clk
                         FDRE                                         r  poly1_i_reg[55]/C
  -------------------------------------------------------------------    -------------------
                         FDRE (Prop_fdre_C_Q)         0.456     1.429 f  poly1_i_reg[55]/Q
                         net (fo=1, unplaced)         0.741     2.170    poly1_i[55]
                         LUT4 (Prop_lut4_I1_O)        0.295     2.465 f  num_hints[2]_i_28/O
                         net (fo=2, unplaced)         0.460     2.925    num_hints[2]_i_28_n_0
                         LUT5 (Prop_lut5_I4_O)        0.116     3.041 f  num_hints[2]_i_7/O
                         net (fo=1, unplaced)         1.111     4.152    num_hints[2]_i_7_n_0
                         LUT6 (Prop_lut6_I3_O)        0.124     4.276 r  num_hints[2]_i_2/O
                         net (fo=88, unplaced)        0.998     5.274    num_hints[2]_i_2_n_0
                         LUT6 (Prop_lut6_I2_O)        0.124     5.398 f  hint_addr[61][7]_i_3/O
                         net (fo=15, unplaced)        0.955     6.353    hint_addr[61][7]_i_3_n_0
                         LUT3 (Prop_lut3_I0_O)        0.124     6.477 f  hint_addr[39][6]_i_3/O
                         net (fo=14, unplaced)        0.953     7.430    hint_addr[39][6]_i_3_n_0
                         LUT5 (Prop_lut5_I1_O)        0.148     7.578 r  hint_addr[55][7]_i_3/O
                         net (fo=7, unplaced)         0.937     8.515    hint_addr[55][7]_i_3_n_0
                         LUT6 (Prop_lut6_I3_O)        0.124     8.639 r  hint_addr[55][7]_i_1/O
                         net (fo=8, unplaced)         0.511     9.150    hint_addr[55][7]_i_1_n_0
                         FDRE                                         r  hint_addr_reg[55][0]/CE
  -------------------------------------------------------------------    -------------------

                         (clock clk rise edge)        5.000     5.000 r  
                                                      0.000     5.000 r  clk (IN)
                         net (fo=931, unset)          0.924     5.924    clk
                         FDRE                                         r  hint_addr_reg[55][0]/C
                         clock pessimism              0.000     5.924    
                         clock uncertainty           -0.035     5.889    
                         FDRE (Setup_fdre_C_CE)      -0.202     5.687    hint_addr_reg[55][0]
  -------------------------------------------------------------------
                         required time                          5.687    
                         arrival time                          -9.150    
  -------------------------------------------------------------------
                         slack                                 -3.463    

Slack (VIOLATED) :        -3.463ns  (required time - arrival time)
  Source:                 poly1_i_reg[55]/C
                            (rising edge-triggered cell FDRE clocked by clk  {rise@0.000ns fall@2.500ns period=5.000ns})
  Destination:            hint_addr_reg[55][1]/CE
                            (rising edge-triggered cell FDRE clocked by clk  {rise@0.000ns fall@2.500ns period=5.000ns})
  Path Group:             clk
  Path Type:              Setup (Max at Slow Process Corner)
  Requirement:            5.000ns  (clk rise@5.000ns - clk rise@0.000ns)
  Data Path Delay:        8.177ns  (logic 1.511ns (18.479%)  route 6.666ns (81.521%))
  Logic Levels:           7  (LUT3=1 LUT4=1 LUT5=2 LUT6=3)
  Clock Path Skew:        -0.049ns (DCD - SCD + CPR)
    Destination Clock Delay (DCD):    0.924ns = ( 5.924 - 5.000 ) 
    Source Clock Delay      (SCD):    0.973ns
    Clock Pessimism Removal (CPR):    0.000ns
  Clock Uncertainty:      0.035ns  ((TSJ^2 + TIJ^2)^1/2 + DJ) / 2 + PE
    Total System Jitter     (TSJ):    0.071ns
    Total Input Jitter      (TIJ):    0.000ns
    Discrete Jitter          (DJ):    0.000ns
    Phase Error              (PE):    0.000ns

    Location             Delay type                Incr(ns)  Path(ns)    Netlist Resource(s)
  -------------------------------------------------------------------    -------------------
                         (clock clk rise edge)        0.000     0.000 r  
                                                      0.000     0.000 r  clk (IN)
                         net (fo=931, unset)          0.973     0.973    clk
                         FDRE                                         r  poly1_i_reg[55]/C
  -------------------------------------------------------------------    -------------------
                         FDRE (Prop_fdre_C_Q)         0.456     1.429 f  poly1_i_reg[55]/Q
                         net (fo=1, unplaced)         0.741     2.170    poly1_i[55]
                         LUT4 (Prop_lut4_I1_O)        0.295     2.465 f  num_hints[2]_i_28/O
                         net (fo=2, unplaced)         0.460     2.925    num_hints[2]_i_28_n_0
                         LUT5 (Prop_lut5_I4_O)        0.116     3.041 f  num_hints[2]_i_7/O
                         net (fo=1, unplaced)         1.111     4.152    num_hints[2]_i_7_n_0
                         LUT6 (Prop_lut6_I3_O)        0.124     4.276 r  num_hints[2]_i_2/O
                         net (fo=88, unplaced)        0.998     5.274    num_hints[2]_i_2_n_0
                         LUT6 (Prop_lut6_I2_O)        0.124     5.398 f  hint_addr[61][7]_i_3/O
                         net (fo=15, unplaced)        0.955     6.353    hint_addr[61][7]_i_3_n_0
                         LUT3 (Prop_lut3_I0_O)        0.124     6.477 f  hint_addr[39][6]_i_3/O
                         net (fo=14, unplaced)        0.953     7.430    hint_addr[39][6]_i_3_n_0
                         LUT5 (Prop_lut5_I1_O)        0.148     7.578 r  hint_addr[55][7]_i_3/O
                         net (fo=7, unplaced)         0.937     8.515    hint_addr[55][7]_i_3_n_0
                         LUT6 (Prop_lut6_I3_O)        0.124     8.639 r  hint_addr[55][7]_i_1/O
                         net (fo=8, unplaced)         0.511     9.150    hint_addr[55][7]_i_1_n_0
                         FDRE                                         r  hint_addr_reg[55][1]/CE
  -------------------------------------------------------------------    -------------------

                         (clock clk rise edge)        5.000     5.000 r  
                                                      0.000     5.000 r  clk (IN)
                         net (fo=931, unset)          0.924     5.924    clk
                         FDRE                                         r  hint_addr_reg[55][1]/C
                         clock pessimism              0.000     5.924    
                         clock uncertainty           -0.035     5.889    
                         FDRE (Setup_fdre_C_CE)      -0.202     5.687    hint_addr_reg[55][1]
  -------------------------------------------------------------------
                         required time                          5.687    
                         arrival time                          -9.150    
  -------------------------------------------------------------------
                         slack                                 -3.463    

Slack (VIOLATED) :        -3.463ns  (required time - arrival time)
  Source:                 poly1_i_reg[55]/C
                            (rising edge-triggered cell FDRE clocked by clk  {rise@0.000ns fall@2.500ns period=5.000ns})
  Destination:            hint_addr_reg[55][2]/CE
                            (rising edge-triggered cell FDRE clocked by clk  {rise@0.000ns fall@2.500ns period=5.000ns})
  Path Group:             clk
  Path Type:              Setup (Max at Slow Process Corner)
  Requirement:            5.000ns  (clk rise@5.000ns - clk rise@0.000ns)
  Data Path Delay:        8.177ns  (logic 1.511ns (18.479%)  route 6.666ns (81.521%))
  Logic Levels:           7  (LUT3=1 LUT4=1 LUT5=2 LUT6=3)
  Clock Path Skew:        -0.049ns (DCD - SCD + CPR)
    Destination Clock Delay (DCD):    0.924ns = ( 5.924 - 5.000 ) 
    Source Clock Delay      (SCD):    0.973ns
    Clock Pessimism Removal (CPR):    0.000ns
  Clock Uncertainty:      0.035ns  ((TSJ^2 + TIJ^2)^1/2 + DJ) / 2 + PE
    Total System Jitter     (TSJ):    0.071ns
    Total Input Jitter      (TIJ):    0.000ns
    Discrete Jitter          (DJ):    0.000ns
    Phase Error              (PE):    0.000ns

    Location             Delay type                Incr(ns)  Path(ns)    Netlist Resource(s)
  -------------------------------------------------------------------    -------------------
                         (clock clk rise edge)        0.000     0.000 r  
                                                      0.000     0.000 r  clk (IN)
                         net (fo=931, unset)          0.973     0.973    clk
                         FDRE                                         r  poly1_i_reg[55]/C
  -------------------------------------------------------------------    -------------------
                         FDRE (Prop_fdre_C_Q)         0.456     1.429 f  poly1_i_reg[55]/Q
                         net (fo=1, unplaced)         0.741     2.170    poly1_i[55]
                         LUT4 (Prop_lut4_I1_O)        0.295     2.465 f  num_hints[2]_i_28/O
                         net (fo=2, unplaced)         0.460     2.925    num_hints[2]_i_28_n_0
                         LUT5 (Prop_lut5_I4_O)        0.116     3.041 f  num_hints[2]_i_7/O
                         net (fo=1, unplaced)         1.111     4.152    num_hints[2]_i_7_n_0
                         LUT6 (Prop_lut6_I3_O)        0.124     4.276 r  num_hints[2]_i_2/O
                         net (fo=88, unplaced)        0.998     5.274    num_hints[2]_i_2_n_0
                         LUT6 (Prop_lut6_I2_O)        0.124     5.398 f  hint_addr[61][7]_i_3/O
                         net (fo=15, unplaced)        0.955     6.353    hint_addr[61][7]_i_3_n_0
                         LUT3 (Prop_lut3_I0_O)        0.124     6.477 f  hint_addr[39][6]_i_3/O
                         net (fo=14, unplaced)        0.953     7.430    hint_addr[39][6]_i_3_n_0
                         LUT5 (Prop_lut5_I1_O)        0.148     7.578 r  hint_addr[55][7]_i_3/O
                         net (fo=7, unplaced)         0.937     8.515    hint_addr[55][7]_i_3_n_0
                         LUT6 (Prop_lut6_I3_O)        0.124     8.639 r  hint_addr[55][7]_i_1/O
                         net (fo=8, unplaced)         0.511     9.150    hint_addr[55][7]_i_1_n_0
                         FDRE                                         r  hint_addr_reg[55][2]/CE
  -------------------------------------------------------------------    -------------------

                         (clock clk rise edge)        5.000     5.000 r  
                                                      0.000     5.000 r  clk (IN)
                         net (fo=931, unset)          0.924     5.924    clk
                         FDRE                                         r  hint_addr_reg[55][2]/C
                         clock pessimism              0.000     5.924    
                         clock uncertainty           -0.035     5.889    
                         FDRE (Setup_fdre_C_CE)      -0.202     5.687    hint_addr_reg[55][2]
  -------------------------------------------------------------------
                         required time                          5.687    
                         arrival time                          -9.150    
  -------------------------------------------------------------------
                         slack                                 -3.463    

Slack (VIOLATED) :        -3.463ns  (required time - arrival time)
  Source:                 poly1_i_reg[55]/C
                            (rising edge-triggered cell FDRE clocked by clk  {rise@0.000ns fall@2.500ns period=5.000ns})
  Destination:            hint_addr_reg[55][3]/CE
                            (rising edge-triggered cell FDRE clocked by clk  {rise@0.000ns fall@2.500ns period=5.000ns})
  Path Group:             clk
  Path Type:              Setup (Max at Slow Process Corner)
  Requirement:            5.000ns  (clk rise@5.000ns - clk rise@0.000ns)
  Data Path Delay:        8.177ns  (logic 1.511ns (18.479%)  route 6.666ns (81.521%))
  Logic Levels:           7  (LUT3=1 LUT4=1 LUT5=2 LUT6=3)
  Clock Path Skew:        -0.049ns (DCD - SCD + CPR)
    Destination Clock Delay (DCD):    0.924ns = ( 5.924 - 5.000 ) 
    Source Clock Delay      (SCD):    0.973ns
    Clock Pessimism Removal (CPR):    0.000ns
  Clock Uncertainty:      0.035ns  ((TSJ^2 + TIJ^2)^1/2 + DJ) / 2 + PE
    Total System Jitter     (TSJ):    0.071ns
    Total Input Jitter      (TIJ):    0.000ns
    Discrete Jitter          (DJ):    0.000ns
    Phase Error              (PE):    0.000ns

    Location             Delay type                Incr(ns)  Path(ns)    Netlist Resource(s)
  -------------------------------------------------------------------    -------------------
                         (clock clk rise edge)        0.000     0.000 r  
                                                      0.000     0.000 r  clk (IN)
                         net (fo=931, unset)          0.973     0.973    clk
                         FDRE                                         r  poly1_i_reg[55]/C
  -------------------------------------------------------------------    -------------------
                         FDRE (Prop_fdre_C_Q)         0.456     1.429 f  poly1_i_reg[55]/Q
                         net (fo=1, unplaced)         0.741     2.170    poly1_i[55]
                         LUT4 (Prop_lut4_I1_O)        0.295     2.465 f  num_hints[2]_i_28/O
                         net (fo=2, unplaced)         0.460     2.925    num_hints[2]_i_28_n_0
                         LUT5 (Prop_lut5_I4_O)        0.116     3.041 f  num_hints[2]_i_7/O
                         net (fo=1, unplaced)         1.111     4.152    num_hints[2]_i_7_n_0
                         LUT6 (Prop_lut6_I3_O)        0.124     4.276 r  num_hints[2]_i_2/O
                         net (fo=88, unplaced)        0.998     5.274    num_hints[2]_i_2_n_0
                         LUT6 (Prop_lut6_I2_O)        0.124     5.398 f  hint_addr[61][7]_i_3/O
                         net (fo=15, unplaced)        0.955     6.353    hint_addr[61][7]_i_3_n_0
                         LUT3 (Prop_lut3_I0_O)        0.124     6.477 f  hint_addr[39][6]_i_3/O
                         net (fo=14, unplaced)        0.953     7.430    hint_addr[39][6]_i_3_n_0
                         LUT5 (Prop_lut5_I1_O)        0.148     7.578 r  hint_addr[55][7]_i_3/O
                         net (fo=7, unplaced)         0.937     8.515    hint_addr[55][7]_i_3_n_0
                         LUT6 (Prop_lut6_I3_O)        0.124     8.639 r  hint_addr[55][7]_i_1/O
                         net (fo=8, unplaced)         0.511     9.150    hint_addr[55][7]_i_1_n_0
                         FDRE                                         r  hint_addr_reg[55][3]/CE
  -------------------------------------------------------------------    -------------------

                         (clock clk rise edge)        5.000     5.000 r  
                                                      0.000     5.000 r  clk (IN)
                         net (fo=931, unset)          0.924     5.924    clk
                         FDRE                                         r  hint_addr_reg[55][3]/C
                         clock pessimism              0.000     5.924    
                         clock uncertainty           -0.035     5.889    
                         FDRE (Setup_fdre_C_CE)      -0.202     5.687    hint_addr_reg[55][3]
  -------------------------------------------------------------------
                         required time                          5.687    
                         arrival time                          -9.150    
  -------------------------------------------------------------------
                         slack                                 -3.463    




