Copyright 1986-2022 Xilinx, Inc. All Rights Reserved. Copyright 2022-2025 Advanced Micro Devices, Inc. All Rights Reserved.
---------------------------------------------------------------------------------------------------------------------------------------------
| Tool Version : Vivado v.2025.2 (lin64) Build 6299465 Fri Nov 14 12:34:56 MST 2025
| Date         : Sat Aug 29 13:36:20 2026
| Host         : MSI running 64-bit Ubuntu 26.04 LTS
| Command      : report_timing_summary -file /tmp/fsrch_slh_128s_baseline_11.0.rpt
| Design       : top
| Device       : 7a200t-fbg676
| Speed File   : -1  PRODUCTION 1.23 2018-06-13
| Design State : Routed
---------------------------------------------------------------------------------------------------------------------------------------------

Timing Summary Report

------------------------------------------------------------------------------------------------
| Timer Settings
| --------------
------------------------------------------------------------------------------------------------

  Enable Multi Corner Analysis               :  Yes
  Enable Pessimism Removal                   :  Yes
  Pessimism Removal Resolution               :  Nearest Common Node
  Enable Input Delay Default Clock           :  No
  Enable Preset / Clear Arcs                 :  No
  Disable Flight Delays                      :  No
  Ignore I/O Paths                           :  No
  Timing Early Launch at Borrowing Latches   :  No
  Borrow Time for Max Delay Exceptions       :  Yes
  Merge Timing Exceptions                    :  Yes
  Inter-SLR Compensation                     :  Conservative

  Corner  Analyze    Analyze    
  Name    Max Paths  Min Paths  
  ------  ---------  ---------  
  Slow    Yes        Yes        
  Fast    Yes        Yes        


------------------------------------------------------------------------------------------------
| Report Methodology
| ------------------
------------------------------------------------------------------------------------------------

No report available as report_methodology has not been run prior. Run report_methodology on the current design for the summary of methodology violations.



check_timing report

Table of Contents
-----------------
1. checking no_clock (4)
2. checking constant_clock (0)
3. checking pulse_width_clock (0)
4. checking unconstrained_internal_endpoints (1)
5. checking no_input_delay (170)
6. checking no_output_delay (80)
7. checking multiple_clock (0)
8. checking generated_clocks (0)
9. checking loops (0)
10. checking partial_input_delay (0)
11. checking partial_output_delay (0)
12. checking latch_loops (0)

1. checking no_clock (4)
------------------------
 There is 1 register/latch pin with no clock driven by root clock pin: wots_xmss_fsm_md0/md0/XMSS_start_reg/Q (HIGH)

 There is 1 register/latch pin with no clock driven by root clock pin: wots_xmss_fsm_md0/md0/cnt_reg[1]/Q (HIGH)

 There is 1 register/latch pin with no clock driven by root clock pin: wots_xmss_fsm_md0/md0/cnt_reg[2]/Q (HIGH)

 There is 1 register/latch pin with no clock driven by root clock pin: wots_xmss_fsm_md0/md0/cnt_reg[3]/Q (HIGH)


2. checking constant_clock (0)
------------------------------
 There are 0 register/latch pins with constant_clock.


3. checking pulse_width_clock (0)
---------------------------------
 There are 0 register/latch pins which need pulse_width check


4. checking unconstrained_internal_endpoints (1)
------------------------------------------------
 There is 1 pin that is not constrained for maximum delay. (HIGH)

 There are 0 pins that are not constrained for maximum delay due to constant clock.


5. checking no_input_delay (170)
--------------------------------
 There are 156 input ports with no input delay specified. (HIGH)

 There are 14 input ports with no input delay but user has a false path constraint. (MEDIUM)


6. checking no_output_delay (80)
--------------------------------
 There are 80 ports with no output delay specified. (HIGH)

 There are 0 ports with no output delay but user has a false path constraint

 There are 0 ports with no output delay but with a timing clock defined on it or propagating through it


7. checking multiple_clock (0)
------------------------------
 There are 0 register/latch pins with multiple clocks.


8. checking generated_clocks (0)
--------------------------------
 There are 0 generated clocks that are not connected to a clock source.


9. checking loops (0)
---------------------
 There are 0 combinational loops in the design.


10. checking partial_input_delay (0)
------------------------------------
 There are 0 input ports with partial input delay specified.


11. checking partial_output_delay (0)
-------------------------------------
 There are 0 ports with partial output delay specified.


12. checking latch_loops (0)
----------------------------
 There are 0 combinational latch loops in the design through latch input



------------------------------------------------------------------------------------------------
| Design Timing Summary
| ---------------------
------------------------------------------------------------------------------------------------

    WNS(ns)      TNS(ns)  TNS Failing Endpoints  TNS Total Endpoints      WHS(ns)      THS(ns)  THS Failing Endpoints  THS Total Endpoints     WPWS(ns)     TPWS(ns)  TPWS Failing Endpoints  TPWS Total Endpoints  
    -------      -------  ---------------------  -------------------      -------      -------  ---------------------  -------------------     --------     --------  ----------------------  --------------------  
     -0.564       -7.514                     26                15436        0.054        0.000                      0                15436        4.250        0.000                       0                  7014  


Timing constraints are not met.


------------------------------------------------------------------------------------------------
| Clock Summary
| -------------
------------------------------------------------------------------------------------------------

Clock  Waveform(ns)       Period(ns)      Frequency(MHz)
-----  ------------       ----------      --------------
clk    {0.000 5.500}      11.000          90.909          


------------------------------------------------------------------------------------------------
| Intra Clock Table
| -----------------
------------------------------------------------------------------------------------------------

Clock             WNS(ns)      TNS(ns)  TNS Failing Endpoints  TNS Total Endpoints      WHS(ns)      THS(ns)  THS Failing Endpoints  THS Total Endpoints     WPWS(ns)     TPWS(ns)  TPWS Failing Endpoints  TPWS Total Endpoints  
-----             -------      -------  ---------------------  -------------------      -------      -------  ---------------------  -------------------     --------     --------  ----------------------  --------------------  
clk                -0.564       -7.514                     26                15436        0.054        0.000                      0                15436        4.250        0.000                       0                  7014  


------------------------------------------------------------------------------------------------
| Inter Clock Table
| -----------------
------------------------------------------------------------------------------------------------

From Clock    To Clock          WNS(ns)      TNS(ns)  TNS Failing Endpoints  TNS Total Endpoints      WHS(ns)      THS(ns)  THS Failing Endpoints  THS Total Endpoints  
----------    --------          -------      -------  ---------------------  -------------------      -------      -------  ---------------------  -------------------  


------------------------------------------------------------------------------------------------
| Other Path Groups Table
| -----------------------
------------------------------------------------------------------------------------------------

Path Group    From Clock    To Clock          WNS(ns)      TNS(ns)  TNS Failing Endpoints  TNS Total Endpoints      WHS(ns)      THS(ns)  THS Failing Endpoints  THS Total Endpoints  
----------    ----------    --------          -------      -------  ---------------------  -------------------      -------      -------  ---------------------  -------------------  


------------------------------------------------------------------------------------------------
| Timing Details
| --------------
------------------------------------------------------------------------------------------------


---------------------------------------------------------------------------------------------------
From Clock:  clk
  To Clock:  clk

Setup :           26  Failing Endpoints,  Worst Slack       -0.564ns,  Total Violation       -7.514ns
Hold  :            0  Failing Endpoints,  Worst Slack        0.054ns,  Total Violation        0.000ns
PW    :            0  Failing Endpoints,  Worst Slack        4.250ns,  Total Violation        0.000ns
---------------------------------------------------------------------------------------------------


Max Delay Paths
--------------------------------------------------------------------------------------
Slack (VIOLATED) :        -0.564ns  (required time - arrival time)
  Source:                 hash_tile_md0/HASH_SM/SHA256/w_mem_inst/w_mem_reg[1][6]/C
                            (rising edge-triggered cell FDCE clocked by clk  {rise@0.000ns fall@5.500ns period=11.000ns})
  Destination:            hash_tile_md0/HASH_SM/SHA256/a_reg_reg[31]/D
                            (rising edge-triggered cell FDCE clocked by clk  {rise@0.000ns fall@5.500ns period=11.000ns})
  Path Group:             clk
  Path Type:              Setup (Max at Slow Process Corner)
  Requirement:            11.000ns  (clk rise@11.000ns - clk rise@0.000ns)
  Data Path Delay:        11.511ns  (logic 5.734ns (49.812%)  route 5.777ns (50.188%))
  Logic Levels:           19  (CARRY4=9 LUT3=1 LUT4=1 LUT5=4 LUT6=4)
  Clock Path Skew:        -0.049ns (DCD - SCD + CPR)
    Destination Clock Delay (DCD):    0.924ns = ( 11.924 - 11.000 ) 
    Source Clock Delay      (SCD):    0.973ns
    Clock Pessimism Removal (CPR):    0.000ns
  Clock Uncertainty:      0.035ns  ((TSJ^2 + TIJ^2)^1/2 + DJ) / 2 + PE
    Total System Jitter     (TSJ):    0.071ns
    Total Input Jitter      (TIJ):    0.000ns
    Discrete Jitter          (DJ):    0.000ns
    Phase Error              (PE):    0.000ns

    Location             Delay type                Incr(ns)  Path(ns)    Netlist Resource(s)
  -------------------------------------------------------------------    -------------------
                         (clock clk rise edge)        0.000     0.000 r  
                                                      0.000     0.000 r  clk (IN)
                         net (fo=7013, unset)         0.973     0.973    hash_tile_md0/HASH_SM/SHA256/w_mem_inst/clk
    SLICE_X68Y144        FDCE                                         r  hash_tile_md0/HASH_SM/SHA256/w_mem_inst/w_mem_reg[1][6]/C
  -------------------------------------------------------------------    -------------------
    SLICE_X68Y144        FDCE (Prop_fdce_C_Q)         0.518     1.491 r  hash_tile_md0/HASH_SM/SHA256/w_mem_inst/w_mem_reg[1][6]/Q
                         net (fo=7, routed)           0.703     2.194    hash_tile_md0/HASH_SM/SHA256/w_mem_inst/p_2_in[31]
    SLICE_X69Y143        LUT5 (Prop_lut5_I4_O)        0.124     2.318 r  hash_tile_md0/HASH_SM/SHA256/w_mem_inst/w_mem[15][7]_i_17/O
                         net (fo=2, routed)           0.438     2.755    hash_tile_md0/HASH_SM/SHA256/w_mem_inst/w_mem[15][7]_i_17_n_0
    SLICE_X71Y144        LUT5 (Prop_lut5_I3_O)        0.124     2.879 r  hash_tile_md0/HASH_SM/SHA256/w_mem_inst/w_mem[15][7]_i_6/O
                         net (fo=2, routed)           0.810     3.690    hash_tile_md0/HASH_SM/SHA256/w_mem_inst/w_mem[15][7]_i_6_n_0
    SLICE_X70Y145        LUT6 (Prop_lut6_I0_O)        0.124     3.814 r  hash_tile_md0/HASH_SM/SHA256/w_mem_inst/w_mem[15][7]_i_10/O
                         net (fo=1, routed)           0.000     3.814    hash_tile_md0/HASH_SM/SHA256/w_mem_inst/w_mem[15][7]_i_10_n_0
    SLICE_X70Y145        CARRY4 (Prop_carry4_S[0]_CO[3])
                                                      0.513     4.327 r  hash_tile_md0/HASH_SM/SHA256/w_mem_inst/w_mem_reg[15][7]_i_2/CO[3]
                         net (fo=1, routed)           0.000     4.327    hash_tile_md0/HASH_SM/SHA256/w_mem_inst/w_mem_reg[15][7]_i_2_n_0
    SLICE_X70Y146        CARRY4 (Prop_carry4_CI_CO[3])
                                                      0.117     4.444 r  hash_tile_md0/HASH_SM/SHA256/w_mem_inst/w_mem_reg[15][11]_i_2/CO[3]
                         net (fo=1, routed)           0.000     4.444    hash_tile_md0/HASH_SM/SHA256/w_mem_inst/w_mem_reg[15][11]_i_2_n_0
    SLICE_X70Y147        CARRY4 (Prop_carry4_CI_O[1])
                                                      0.323     4.767 r  hash_tile_md0/HASH_SM/SHA256/w_mem_inst/w_mem_reg[15][15]_i_2/O[1]
                         net (fo=2, routed)           0.680     5.447    hash_tile_md0/HASH_SM/SHA256/w_mem_inst/w_new[13]
    SLICE_X69Y143        LUT6 (Prop_lut6_I3_O)        0.306     5.753 r  hash_tile_md0/HASH_SM/SHA256/w_mem_inst/i___37_i_24/O
                         net (fo=2, routed)           0.306     6.059    hash_tile_md0/HASH_SM/SHA256/w_mem_inst/w_data[13]
    SLICE_X66Y143        LUT3 (Prop_lut3_I0_O)        0.124     6.183 r  hash_tile_md0/HASH_SM/SHA256/w_mem_inst/i___37_i_16/O
                         net (fo=2, routed)           0.452     6.635    hash_tile_md0/HASH_SM/SHA256/w_mem_inst/i___37_i_16_n_0
    SLICE_X67Y143        LUT4 (Prop_lut4_I3_O)        0.124     6.759 r  hash_tile_md0/HASH_SM/SHA256/w_mem_inst/i___37_i_20/O
                         net (fo=1, routed)           0.000     6.759    hash_tile_md0/HASH_SM/SHA256/w_mem_inst/i___37_i_20_n_0
    SLICE_X67Y143        CARRY4 (Prop_carry4_S[2]_CO[3])
                                                      0.398     7.157 r  hash_tile_md0/HASH_SM/SHA256/w_mem_inst/i___37_i_13/CO[3]
                         net (fo=1, routed)           0.000     7.157    hash_tile_md0/HASH_SM/SHA256/w_mem_inst/i___37_i_13_n_0
    SLICE_X67Y144        CARRY4 (Prop_carry4_CI_O[3])
                                                      0.313     7.470 r  hash_tile_md0/HASH_SM/SHA256/w_mem_inst/i___33_i_13/O[3]
                         net (fo=2, routed)           0.492     7.962    hash_tile_md0/HASH_SM/SHA256/w_mem_inst/i___33_i_13_n_4
    SLICE_X65Y146        LUT5 (Prop_lut5_I0_O)        0.306     8.268 r  hash_tile_md0/HASH_SM/SHA256/w_mem_inst/i___33_i_5/O
                         net (fo=2, routed)           0.627     8.895    hash_tile_md0/HASH_SM/SHA256/w_mem_inst/i___33_i_5_n_0
    SLICE_X64Y147        CARRY4 (Prop_carry4_DI[0]_CO[3])
                                                      0.550     9.445 r  hash_tile_md0/HASH_SM/SHA256/w_mem_inst/i___33_i_1/CO[3]
                         net (fo=1, routed)           0.000     9.445    hash_tile_md0/HASH_SM/SHA256/w_mem_inst/i___33_i_1_n_0
    SLICE_X64Y148        CARRY4 (Prop_carry4_CI_O[1])
                                                      0.323     9.768 r  hash_tile_md0/HASH_SM/SHA256/w_mem_inst/i___29_i_1/O[1]
                         net (fo=4, routed)           0.337    10.105    hash_tile_md0/HASH_SM/SHA256/w_mem_inst/e_reg_reg[26][1]
    SLICE_X63Y148        LUT5 (Prop_lut5_I4_O)        0.306    10.411 r  hash_tile_md0/HASH_SM/SHA256/w_mem_inst/a_reg[27]_i_4/O
                         net (fo=2, routed)           0.637    11.048    hash_tile_md0/HASH_SM/SHA256/w_mem_inst/a_reg[27]_i_4_n_0
    SLICE_X61Y147        LUT6 (Prop_lut6_I0_O)        0.124    11.172 r  hash_tile_md0/HASH_SM/SHA256/w_mem_inst/a_reg[27]_i_8/O
                         net (fo=1, routed)           0.000    11.172    hash_tile_md0/HASH_SM/SHA256/w_mem_inst/a_reg[27]_i_8_n_0
    SLICE_X61Y147        CARRY4 (Prop_carry4_S[2]_CO[3])
                                                      0.398    11.570 r  hash_tile_md0/HASH_SM/SHA256/w_mem_inst/a_reg_reg[27]_i_2/CO[3]
                         net (fo=1, routed)           0.000    11.570    hash_tile_md0/HASH_SM/SHA256/w_mem_inst/a_reg_reg[27]_i_2_n_0
    SLICE_X61Y148        CARRY4 (Prop_carry4_CI_O[3])
                                                      0.313    11.883 r  hash_tile_md0/HASH_SM/SHA256/w_mem_inst/a_reg_reg[31]_i_2/O[3]
                         net (fo=1, routed)           0.295    12.178    hash_tile_md0/HASH_SM/SHA256/w_mem_inst/a_new0[31]
    SLICE_X58Y148        LUT6 (Prop_lut6_I0_O)        0.306    12.484 r  hash_tile_md0/HASH_SM/SHA256/w_mem_inst/a_reg[31]_i_1/O
                         net (fo=1, routed)           0.000    12.484    hash_tile_md0/HASH_SM/SHA256/w_mem_inst_n_5
    SLICE_X58Y148        FDCE                                         r  hash_tile_md0/HASH_SM/SHA256/a_reg_reg[31]/D
  -------------------------------------------------------------------    -------------------

                         (clock clk rise edge)       11.000    11.000 r  
                                                      0.000    11.000 r  clk (IN)
                         net (fo=7013, unset)         0.924    11.924    hash_tile_md0/HASH_SM/SHA256/clk
    SLICE_X58Y148        FDCE                                         r  hash_tile_md0/HASH_SM/SHA256/a_reg_reg[31]/C
                         clock pessimism              0.000    11.924    
                         clock uncertainty           -0.035    11.889    
    SLICE_X58Y148        FDCE (Setup_fdce_C_D)        0.031    11.920    hash_tile_md0/HASH_SM/SHA256/a_reg_reg[31]
  -------------------------------------------------------------------
                         required time                         11.920    
                         arrival time                         -12.484    
  -------------------------------------------------------------------
                         slack                                 -0.564    





Min Delay Paths
--------------------------------------------------------------------------------------
Slack (MET) :             0.054ns  (arrival time - required time)
  Source:                 wots_xmss_fsm_md0/o_WOTS_s_in_0_reg[17]/C
                            (rising edge-triggered cell FDCE clocked by clk  {rise@0.000ns fall@5.500ns period=11.000ns})
  Destination:            MEM_64BIT_1/mem_reg_0/DIBDI[17]
                            (rising edge-triggered cell RAMB36E1 clocked by clk  {rise@0.000ns fall@5.500ns period=11.000ns})
  Path Group:             clk
  Path Type:              Hold (Min at Fast Process Corner)
  Requirement:            0.000ns  (clk rise@0.000ns - clk rise@0.000ns)
  Data Path Delay:        0.372ns  (logic 0.164ns (44.118%)  route 0.208ns (55.882%))
  Logic Levels:           0  
  Clock Path Skew:        0.022ns (DCD - SCD - CPR)
    Destination Clock Delay (DCD):    0.432ns
    Source Clock Delay      (SCD):    0.410ns
    Clock Pessimism Removal (CPR):    -0.000ns

    Location             Delay type                Incr(ns)  Path(ns)    Netlist Resource(s)
  -------------------------------------------------------------------    -------------------
                         (clock clk rise edge)        0.000     0.000 r  
                                                      0.000     0.000 r  clk (IN)
                         net (fo=7013, unset)         0.410     0.410    wots_xmss_fsm_md0/clk
    SLICE_X48Y82         FDCE                                         r  wots_xmss_fsm_md0/o_WOTS_s_in_0_reg[17]/C
  -------------------------------------------------------------------    -------------------
    SLICE_X48Y82         FDCE (Prop_fdce_C_Q)         0.164     0.574 r  wots_xmss_fsm_md0/o_WOTS_s_in_0_reg[17]/Q
                         net (fo=3, routed)           0.208     0.782    MEM_64BIT_1/mem_reg_1_2[17]
    RAMB36_X2Y16         RAMB36E1                                     r  MEM_64BIT_1/mem_reg_0/DIBDI[17]
  -------------------------------------------------------------------    -------------------

                         (clock clk rise edge)        0.000     0.000 r  
                                                      0.000     0.000 r  clk (IN)
                         net (fo=7013, unset)         0.432     0.432    MEM_64BIT_1/clk
    RAMB36_X2Y16         RAMB36E1                                     r  MEM_64BIT_1/mem_reg_0/CLKBWRCLK
                         clock pessimism              0.000     0.432    
    RAMB36_X2Y16         RAMB36E1 (Hold_ramb36e1_CLKBWRCLK_DIBDI[17])
                                                      0.296     0.728    MEM_64BIT_1/mem_reg_0
  -------------------------------------------------------------------
                         required time                         -0.728    
                         arrival time                           0.782    
  -------------------------------------------------------------------
                         slack                                  0.054    





Pulse Width Checks
--------------------------------------------------------------------------------------
Clock Name:         clk
Waveform(ns):       { 0.000 5.500 }
Period(ns):         11.000
Sources:            { clk }

Check Type        Corner  Lib Pin             Reference Pin  Required(ns)  Actual(ns)  Slack(ns)  Location      Pin
Min Period        n/a     RAMB36E1/CLKARDCLK  n/a            2.944         11.000      8.056      RAMB36_X2Y19  hash_tile_md0/BIG_MEM/mem_reg/CLKARDCLK
Low Pulse Width   Slow    RAMD32/CLK          n/a            1.250         5.500       4.250      SLICE_X36Y93  hash_tile_md0/B_FIFO_INSTANCE/fifo_mem_reg_0_7_0_5/RAMA/CLK
High Pulse Width  Slow    RAMD32/CLK          n/a            1.250         5.500       4.250      SLICE_X36Y93  hash_tile_md0/B_FIFO_INSTANCE/fifo_mem_reg_0_7_0_5/RAMA/CLK



