Copyright 1986-2022 Xilinx, Inc. All Rights Reserved. Copyright 2022-2025 Advanced Micro Devices, Inc. All Rights Reserved.
---------------------------------------------------------------------------------------------------------------------------------------------
| Tool Version : Vivado v.2025.2 (lin64) Build 6299465 Fri Nov 14 12:34:56 MST 2025
| Date         : Sat Aug 29 16:49:48 2026
| Host         : MSI running 64-bit Ubuntu 26.04 LTS
| Command      : report_timing_summary -file /tmp/fsrch_slh_192f_optimized_12.25.rpt
| Design       : top
| Device       : 7a200t-fbg676
| Speed File   : -1  PRODUCTION 1.23 2018-06-13
| Design State : Routed
---------------------------------------------------------------------------------------------------------------------------------------------

Timing Summary Report

------------------------------------------------------------------------------------------------
| Timer Settings
| --------------
------------------------------------------------------------------------------------------------

  Enable Multi Corner Analysis               :  Yes
  Enable Pessimism Removal                   :  Yes
  Pessimism Removal Resolution               :  Nearest Common Node
  Enable Input Delay Default Clock           :  No
  Enable Preset / Clear Arcs                 :  No
  Disable Flight Delays                      :  No
  Ignore I/O Paths                           :  No
  Timing Early Launch at Borrowing Latches   :  No
  Borrow Time for Max Delay Exceptions       :  Yes
  Merge Timing Exceptions                    :  Yes
  Inter-SLR Compensation                     :  Conservative

  Corner  Analyze    Analyze    
  Name    Max Paths  Min Paths  
  ------  ---------  ---------  
  Slow    Yes        Yes        
  Fast    Yes        Yes        


------------------------------------------------------------------------------------------------
| Report Methodology
| ------------------
------------------------------------------------------------------------------------------------

No report available as report_methodology has not been run prior. Run report_methodology on the current design for the summary of methodology violations.



check_timing report

Table of Contents
-----------------
1. checking no_clock (4)
2. checking constant_clock (0)
3. checking pulse_width_clock (0)
4. checking unconstrained_internal_endpoints (1)
5. checking no_input_delay (170)
6. checking no_output_delay (80)
7. checking multiple_clock (0)
8. checking generated_clocks (0)
9. checking loops (0)
10. checking partial_input_delay (0)
11. checking partial_output_delay (0)
12. checking latch_loops (0)

1. checking no_clock (4)
------------------------
 There is 1 register/latch pin with no clock driven by root clock pin: wots_xmss_fsm_md0/md0/XMSS_start_reg/Q (HIGH)

 There is 1 register/latch pin with no clock driven by root clock pin: wots_xmss_fsm_md0/md0/cnt_reg[1]/Q (HIGH)

 There is 1 register/latch pin with no clock driven by root clock pin: wots_xmss_fsm_md0/md0/cnt_reg[2]/Q (HIGH)

 There is 1 register/latch pin with no clock driven by root clock pin: wots_xmss_fsm_md0/md0/cnt_reg[3]/Q (HIGH)


2. checking constant_clock (0)
------------------------------
 There are 0 register/latch pins with constant_clock.


3. checking pulse_width_clock (0)
---------------------------------
 There are 0 register/latch pins which need pulse_width check


4. checking unconstrained_internal_endpoints (1)
------------------------------------------------
 There is 1 pin that is not constrained for maximum delay. (HIGH)

 There are 0 pins that are not constrained for maximum delay due to constant clock.


5. checking no_input_delay (170)
--------------------------------
 There are 156 input ports with no input delay specified. (HIGH)

 There are 14 input ports with no input delay but user has a false path constraint. (MEDIUM)


6. checking no_output_delay (80)
--------------------------------
 There are 80 ports with no output delay specified. (HIGH)

 There are 0 ports with no output delay but user has a false path constraint

 There are 0 ports with no output delay but with a timing clock defined on it or propagating through it


7. checking multiple_clock (0)
------------------------------
 There are 0 register/latch pins with multiple clocks.


8. checking generated_clocks (0)
--------------------------------
 There are 0 generated clocks that are not connected to a clock source.


9. checking loops (0)
---------------------
 There are 0 combinational loops in the design.


10. checking partial_input_delay (0)
------------------------------------
 There are 0 input ports with partial input delay specified.


11. checking partial_output_delay (0)
-------------------------------------
 There are 0 ports with partial output delay specified.


12. checking latch_loops (0)
----------------------------
 There are 0 combinational latch loops in the design through latch input



------------------------------------------------------------------------------------------------
| Design Timing Summary
| ---------------------
------------------------------------------------------------------------------------------------

    WNS(ns)      TNS(ns)  TNS Failing Endpoints  TNS Total Endpoints      WHS(ns)      THS(ns)  THS Failing Endpoints  THS Total Endpoints     WPWS(ns)     TPWS(ns)  TPWS Failing Endpoints  TPWS Total Endpoints  
    -------      -------  ---------------------  -------------------      -------      -------  ---------------------  -------------------     --------     --------  ----------------------  --------------------  
     -1.069      -41.435                     90                36774        0.056        0.000                      0                36774        4.875        0.000                       0                 16305  


Timing constraints are not met.


------------------------------------------------------------------------------------------------
| Clock Summary
| -------------
------------------------------------------------------------------------------------------------

Clock  Waveform(ns)       Period(ns)      Frequency(MHz)
-----  ------------       ----------      --------------
clk    {0.000 6.125}      12.250          81.633          


------------------------------------------------------------------------------------------------
| Intra Clock Table
| -----------------
------------------------------------------------------------------------------------------------

Clock             WNS(ns)      TNS(ns)  TNS Failing Endpoints  TNS Total Endpoints      WHS(ns)      THS(ns)  THS Failing Endpoints  THS Total Endpoints     WPWS(ns)     TPWS(ns)  TPWS Failing Endpoints  TPWS Total Endpoints  
-----             -------      -------  ---------------------  -------------------      -------      -------  ---------------------  -------------------     --------     --------  ----------------------  --------------------  
clk                -1.069      -41.435                     90                36774        0.056        0.000                      0                36774        4.875        0.000                       0                 16305  


------------------------------------------------------------------------------------------------
| Inter Clock Table
| -----------------
------------------------------------------------------------------------------------------------

From Clock    To Clock          WNS(ns)      TNS(ns)  TNS Failing Endpoints  TNS Total Endpoints      WHS(ns)      THS(ns)  THS Failing Endpoints  THS Total Endpoints  
----------    --------          -------      -------  ---------------------  -------------------      -------      -------  ---------------------  -------------------  


------------------------------------------------------------------------------------------------
| Other Path Groups Table
| -----------------------
------------------------------------------------------------------------------------------------

Path Group    From Clock    To Clock          WNS(ns)      TNS(ns)  TNS Failing Endpoints  TNS Total Endpoints      WHS(ns)      THS(ns)  THS Failing Endpoints  THS Total Endpoints  
----------    ----------    --------          -------      -------  ---------------------  -------------------      -------      -------  ---------------------  -------------------  


------------------------------------------------------------------------------------------------
| Timing Details
| --------------
------------------------------------------------------------------------------------------------


---------------------------------------------------------------------------------------------------
From Clock:  clk
  To Clock:  clk

Setup :           90  Failing Endpoints,  Worst Slack       -1.069ns,  Total Violation      -41.435ns
Hold  :            0  Failing Endpoints,  Worst Slack        0.056ns,  Total Violation        0.000ns
PW    :            0  Failing Endpoints,  Worst Slack        4.875ns,  Total Violation        0.000ns
---------------------------------------------------------------------------------------------------


Max Delay Paths
--------------------------------------------------------------------------------------
Slack (VIOLATED) :        -1.069ns  (required time - arrival time)
  Source:                 hash_tile_md0/DUT_SHA512/HASH_BM/SHA512/w_mem_inst/w_mem_reg[14][31]/C
                            (rising edge-triggered cell FDCE clocked by clk  {rise@0.000ns fall@6.125ns period=12.250ns})
  Destination:            hash_tile_md0/DUT_SHA512/HASH_BM/SHA512/a_reg_reg[63]/D
                            (rising edge-triggered cell FDCE clocked by clk  {rise@0.000ns fall@6.125ns period=12.250ns})
  Path Group:             clk
  Path Type:              Setup (Max at Slow Process Corner)
  Requirement:            12.250ns  (clk rise@12.250ns - clk rise@0.000ns)
  Data Path Delay:        13.267ns  (logic 6.301ns (47.493%)  route 6.966ns (52.507%))
  Logic Levels:           27  (CARRY4=16 LUT2=1 LUT3=1 LUT5=5 LUT6=4)
  Clock Path Skew:        -0.049ns (DCD - SCD + CPR)
    Destination Clock Delay (DCD):    0.924ns = ( 13.174 - 12.250 ) 
    Source Clock Delay      (SCD):    0.973ns
    Clock Pessimism Removal (CPR):    0.000ns
  Clock Uncertainty:      0.035ns  ((TSJ^2 + TIJ^2)^1/2 + DJ) / 2 + PE
    Total System Jitter     (TSJ):    0.071ns
    Total Input Jitter      (TIJ):    0.000ns
    Discrete Jitter          (DJ):    0.000ns
    Phase Error              (PE):    0.000ns

    Location             Delay type                Incr(ns)  Path(ns)    Netlist Resource(s)
  -------------------------------------------------------------------    -------------------
                         (clock clk rise edge)        0.000     0.000 r  
                                                      0.000     0.000 r  clk (IN)
                         net (fo=16304, unset)        0.973     0.973    hash_tile_md0/DUT_SHA512/HASH_BM/SHA512/w_mem_inst/clk
    SLICE_X89Y162        FDCE                                         r  hash_tile_md0/DUT_SHA512/HASH_BM/SHA512/w_mem_inst/w_mem_reg[14][31]/C
  -------------------------------------------------------------------    -------------------
    SLICE_X89Y162        FDCE (Prop_fdce_C_Q)         0.456     1.429 r  hash_tile_md0/DUT_SHA512/HASH_BM/SHA512/w_mem_inst/w_mem_reg[14][31]/Q
                         net (fo=8, routed)           0.505     1.934    hash_tile_md0/DUT_SHA512/HASH_BM/SHA512/w_mem_inst/p_2_in[12]
    SLICE_X88Y162        LUT2 (Prop_lut2_I0_O)        0.124     2.058 r  hash_tile_md0/DUT_SHA512/HASH_BM/SHA512/w_mem_inst/w_mem[15][15]_i_22__0_rewire/O
                         net (fo=1, routed)           0.803     2.861    hash_tile_md0/DUT_SHA512/HASH_BM/SHA512/w_mem_inst/w_mem_update_logic.d1__0[12]
    SLICE_X91Y162        LUT6 (Prop_lut6_I5_O)        0.124     2.985 r  hash_tile_md0/DUT_SHA512/HASH_BM/SHA512/w_mem_inst/w_mem[15][15]_i_14__2_rewire/O
                         net (fo=2, routed)           0.762     3.746    hash_tile_md0/DUT_SHA512/HASH_BM/SHA512/w_mem_inst/w_mem[15][15]_i_14__2_n_0
    SLICE_X88Y166        LUT3 (Prop_lut3_I2_O)        0.124     3.870 r  hash_tile_md0/DUT_SHA512/HASH_BM/SHA512/w_mem_inst/w_mem[15][15]_i_4__2/O
                         net (fo=2, routed)           0.509     4.379    hash_tile_md0/DUT_SHA512/HASH_BM/SHA512/w_mem_inst/w_mem[15][15]_i_4__2_n_0
    SLICE_X87Y166        LUT5 (Prop_lut5_I4_O)        0.124     4.503 r  hash_tile_md0/DUT_SHA512/HASH_BM/SHA512/w_mem_inst/w_mem[15][15]_i_8__2_rewire/O
                         net (fo=1, routed)           0.000     4.503    hash_tile_md0/DUT_SHA512/HASH_BM/SHA512/w_mem_inst/w_mem[15][15]_i_8__2_n_0
    SLICE_X87Y166        CARRY4 (Prop_carry4_S[2]_CO[3])
                                                      0.398     4.901 r  hash_tile_md0/DUT_SHA512/HASH_BM/SHA512/w_mem_inst/w_mem_reg[15][15]_i_2__2/CO[3]
                         net (fo=1, routed)           0.000     4.901    hash_tile_md0/DUT_SHA512/HASH_BM/SHA512/w_mem_inst/w_mem_reg[15][15]_i_2__2_n_0
    SLICE_X87Y167        CARRY4 (Prop_carry4_CI_O[1])
                                                      0.334     5.235 r  hash_tile_md0/DUT_SHA512/HASH_BM/SHA512/w_mem_inst/w_mem_reg[15][19]_i_2__2/O[1]
                         net (fo=2, routed)           0.597     5.832    hash_tile_md0/DUT_SHA512/HASH_BM/SHA512/w_mem_inst/w_new[17]
    SLICE_X82Y166        LUT5 (Prop_lut5_I3_O)        0.303     6.135 r  hash_tile_md0/DUT_SHA512/HASH_BM/SHA512/w_mem_inst/i___68_i_24__0/O
                         net (fo=2, routed)           0.174     6.309    hash_tile_md0/DUT_SHA512/HASH_BM/SHA512/w_mem_inst/w_data[17]
    SLICE_X82Y166        LUT5 (Prop_lut5_I3_O)        0.124     6.433 r  hash_tile_md0/DUT_SHA512/HASH_BM/SHA512/w_mem_inst/i___68_i_16__0/O
                         net (fo=2, routed)           0.818     7.251    hash_tile_md0/DUT_SHA512/HASH_BM/SHA512/w_mem_inst/i___68_i_16__0_n_0
    SLICE_X79Y166        CARRY4 (Prop_carry4_DI[2]_CO[3])
                                                      0.398     7.649 r  hash_tile_md0/DUT_SHA512/HASH_BM/SHA512/w_mem_inst/i___68_i_13__0/CO[3]
                         net (fo=1, routed)           0.000     7.649    hash_tile_md0/DUT_SHA512/HASH_BM/SHA512/w_mem_inst/i___68_i_13__0_n_0
    SLICE_X79Y167        CARRY4 (Prop_carry4_CI_O[2])
                                                      0.239     7.888 r  hash_tile_md0/DUT_SHA512/HASH_BM/SHA512/w_mem_inst/i___64_i_13__0/O[2]
                         net (fo=2, routed)           0.715     8.603    hash_tile_md0/DUT_SHA512/HASH_BM/SHA512/w_mem_inst/i___64_i_13__0_n_5
    SLICE_X79Y161        LUT5 (Prop_lut5_I0_O)        0.302     8.905 r  hash_tile_md0/DUT_SHA512/HASH_BM/SHA512/w_mem_inst/i___68_i_2__0/O
                         net (fo=2, routed)           0.644     9.549    hash_tile_md0/DUT_SHA512/HASH_BM/SHA512/w_mem_inst/i___68_i_2__0_n_0
    SLICE_X78Y161        LUT6 (Prop_lut6_I0_O)        0.124     9.673 r  hash_tile_md0/DUT_SHA512/HASH_BM/SHA512/w_mem_inst/i___68_i_6__0/O
                         net (fo=1, routed)           0.000     9.673    hash_tile_md0/DUT_SHA512/HASH_BM/SHA512/w_mem_inst/i___68_i_6__0_n_0
    SLICE_X78Y161        CARRY4 (Prop_carry4_S[3]_CO[3])
                                                      0.401    10.074 r  hash_tile_md0/DUT_SHA512/HASH_BM/SHA512/w_mem_inst/i___68_i_1__0/CO[3]
                         net (fo=1, routed)           0.000    10.074    hash_tile_md0/DUT_SHA512/HASH_BM/SHA512/w_mem_inst/i___68_i_1__0_n_0
    SLICE_X78Y162        CARRY4 (Prop_carry4_CI_O[0])
                                                      0.222    10.296 r  hash_tile_md0/DUT_SHA512/HASH_BM/SHA512/w_mem_inst/i___64_i_1__0/O[0]
                         net (fo=4, routed)           0.535    10.831    hash_tile_md0/DUT_SHA512/HASH_BM/SHA512/w_mem_inst/e_reg_reg[26][0]
    SLICE_X77Y162        LUT5 (Prop_lut5_I4_O)        0.299    11.130 r  hash_tile_md0/DUT_SHA512/HASH_BM/SHA512/w_mem_inst/a_reg[27]_i_5__2/O
                         net (fo=2, routed)           0.606    11.736    hash_tile_md0/DUT_SHA512/HASH_BM/SHA512/w_mem_inst/a_reg[27]_i_5__2_n_0
    SLICE_X75Y159        LUT6 (Prop_lut6_I0_O)        0.124    11.860 r  hash_tile_md0/DUT_SHA512/HASH_BM/SHA512/w_mem_inst/a_reg[27]_i_9__2/O
                         net (fo=1, routed)           0.000    11.860    hash_tile_md0/DUT_SHA512/HASH_BM/SHA512/w_mem_inst/a_reg[27]_i_9__2_n_0
    SLICE_X75Y159        CARRY4 (Prop_carry4_S[1]_CO[3])
                                                      0.550    12.410 r  hash_tile_md0/DUT_SHA512/HASH_BM/SHA512/w_mem_inst/a_reg_reg[27]_i_2__2/CO[3]
                         net (fo=1, routed)           0.000    12.410    hash_tile_md0/DUT_SHA512/HASH_BM/SHA512/w_mem_inst/a_reg_reg[27]_i_2__2_n_0
    SLICE_X75Y160        CARRY4 (Prop_carry4_CI_CO[3])
                                                      0.114    12.524 r  hash_tile_md0/DUT_SHA512/HASH_BM/SHA512/w_mem_inst/a_reg_reg[31]_i_2__2/CO[3]
                         net (fo=1, routed)           0.000    12.524    hash_tile_md0/DUT_SHA512/HASH_BM/SHA512/w_mem_inst/a_reg_reg[31]_i_2__2_n_0
    SLICE_X75Y161        CARRY4 (Prop_carry4_CI_CO[3])
                                                      0.114    12.638 r  hash_tile_md0/DUT_SHA512/HASH_BM/SHA512/w_mem_inst/a_reg_reg[35]_i_2__0/CO[3]
                         net (fo=1, routed)           0.000    12.638    hash_tile_md0/DUT_SHA512/HASH_BM/SHA512/w_mem_inst/a_reg_reg[35]_i_2__0_n_0
    SLICE_X75Y162        CARRY4 (Prop_carry4_CI_CO[3])
                                                      0.114    12.752 r  hash_tile_md0/DUT_SHA512/HASH_BM/SHA512/w_mem_inst/a_reg_reg[39]_i_2__0/CO[3]
                         net (fo=1, routed)           0.000    12.752    hash_tile_md0/DUT_SHA512/HASH_BM/SHA512/w_mem_inst/a_reg_reg[39]_i_2__0_n_0
    SLICE_X75Y163        CARRY4 (Prop_carry4_CI_CO[3])
                                                      0.114    12.866 r  hash_tile_md0/DUT_SHA512/HASH_BM/SHA512/w_mem_inst/a_reg_reg[43]_i_2__0/CO[3]
                         net (fo=1, routed)           0.000    12.866    hash_tile_md0/DUT_SHA512/HASH_BM/SHA512/w_mem_inst/a_reg_reg[43]_i_2__0_n_0
    SLICE_X75Y164        CARRY4 (Prop_carry4_CI_CO[3])
                                                      0.114    12.980 r  hash_tile_md0/DUT_SHA512/HASH_BM/SHA512/w_mem_inst/a_reg_reg[47]_i_2__0/CO[3]
                         net (fo=1, routed)           0.000    12.980    hash_tile_md0/DUT_SHA512/HASH_BM/SHA512/w_mem_inst/a_reg_reg[47]_i_2__0_n_0
    SLICE_X75Y165        CARRY4 (Prop_carry4_CI_CO[3])
                                                      0.114    13.094 r  hash_tile_md0/DUT_SHA512/HASH_BM/SHA512/w_mem_inst/a_reg_reg[51]_i_2__0/CO[3]
                         net (fo=1, routed)           0.000    13.094    hash_tile_md0/DUT_SHA512/HASH_BM/SHA512/w_mem_inst/a_reg_reg[51]_i_2__0_n_0
    SLICE_X75Y166        CARRY4 (Prop_carry4_CI_CO[3])
                                                      0.114    13.208 r  hash_tile_md0/DUT_SHA512/HASH_BM/SHA512/w_mem_inst/a_reg_reg[55]_i_2__0/CO[3]
                         net (fo=1, routed)           0.000    13.208    hash_tile_md0/DUT_SHA512/HASH_BM/SHA512/w_mem_inst/a_reg_reg[55]_i_2__0_n_0
    SLICE_X75Y167        CARRY4 (Prop_carry4_CI_CO[3])
                                                      0.114    13.322 r  hash_tile_md0/DUT_SHA512/HASH_BM/SHA512/w_mem_inst/a_reg_reg[59]_i_2__0/CO[3]
                         net (fo=1, routed)           0.000    13.322    hash_tile_md0/DUT_SHA512/HASH_BM/SHA512/w_mem_inst/a_reg_reg[59]_i_2__0_n_0
    SLICE_X75Y168        CARRY4 (Prop_carry4_CI_O[3])
                                                      0.313    13.635 r  hash_tile_md0/DUT_SHA512/HASH_BM/SHA512/w_mem_inst/a_reg_reg[63]_i_2__0/O[3]
                         net (fo=1, routed)           0.300    13.934    hash_tile_md0/DUT_SHA512/HASH_BM/SHA512/w_mem_inst/a_new0[63]
    SLICE_X75Y169        LUT6 (Prop_lut6_I0_O)        0.306    14.240 r  hash_tile_md0/DUT_SHA512/HASH_BM/SHA512/w_mem_inst/a_reg[63]_i_1__0/O
                         net (fo=1, routed)           0.000    14.240    hash_tile_md0/DUT_SHA512/HASH_BM/SHA512/a_new[63]
    SLICE_X75Y169        FDCE                                         r  hash_tile_md0/DUT_SHA512/HASH_BM/SHA512/a_reg_reg[63]/D
  -------------------------------------------------------------------    -------------------

                         (clock clk rise edge)       12.250    12.250 r  
                                                      0.000    12.250 r  clk (IN)
                         net (fo=16304, unset)        0.924    13.174    hash_tile_md0/DUT_SHA512/HASH_BM/SHA512/clk
    SLICE_X75Y169        FDCE                                         r  hash_tile_md0/DUT_SHA512/HASH_BM/SHA512/a_reg_reg[63]/C
                         clock pessimism              0.000    13.174    
                         clock uncertainty           -0.035    13.139    
    SLICE_X75Y169        FDCE (Setup_fdce_C_D)        0.032    13.171    hash_tile_md0/DUT_SHA512/HASH_BM/SHA512/a_reg_reg[63]
  -------------------------------------------------------------------
                         required time                         13.171    
                         arrival time                         -14.240    
  -------------------------------------------------------------------
                         slack                                 -1.069    





Min Delay Paths
--------------------------------------------------------------------------------------
Slack (MET) :             0.056ns  (arrival time - required time)
  Source:                 wots_xmss_fsm_md0/o_WOTS_s_in_0_reg[19]/C
                            (rising edge-triggered cell FDCE clocked by clk  {rise@0.000ns fall@6.125ns period=12.250ns})
  Destination:            MEM_64BIT_1/mem_reg_0/DIBDI[19]
                            (rising edge-triggered cell RAMB36E1 clocked by clk  {rise@0.000ns fall@6.125ns period=12.250ns})
  Path Group:             clk
  Path Type:              Hold (Min at Fast Process Corner)
  Requirement:            0.000ns  (clk rise@0.000ns - clk rise@0.000ns)
  Data Path Delay:        0.373ns  (logic 0.141ns (37.782%)  route 0.232ns (62.218%))
  Logic Levels:           0  
  Clock Path Skew:        0.022ns (DCD - SCD - CPR)
    Destination Clock Delay (DCD):    0.432ns
    Source Clock Delay      (SCD):    0.410ns
    Clock Pessimism Removal (CPR):    -0.000ns

    Location             Delay type                Incr(ns)  Path(ns)    Netlist Resource(s)
  -------------------------------------------------------------------    -------------------
                         (clock clk rise edge)        0.000     0.000 r  
                                                      0.000     0.000 r  clk (IN)
                         net (fo=16304, unset)        0.410     0.410    wots_xmss_fsm_md0/clk
    SLICE_X103Y97        FDCE                                         r  wots_xmss_fsm_md0/o_WOTS_s_in_0_reg[19]/C
  -------------------------------------------------------------------    -------------------
    SLICE_X103Y97        FDCE (Prop_fdce_C_Q)         0.141     0.551 r  wots_xmss_fsm_md0/o_WOTS_s_in_0_reg[19]/Q
                         net (fo=3, routed)           0.232     0.783    MEM_64BIT_1/Q[19]
    RAMB36_X6Y18         RAMB36E1                                     r  MEM_64BIT_1/mem_reg_0/DIBDI[19]
  -------------------------------------------------------------------    -------------------

                         (clock clk rise edge)        0.000     0.000 r  
                                                      0.000     0.000 r  clk (IN)
                         net (fo=16304, unset)        0.432     0.432    MEM_64BIT_1/clk
    RAMB36_X6Y18         RAMB36E1                                     r  MEM_64BIT_1/mem_reg_0/CLKBWRCLK
                         clock pessimism              0.000     0.432    
    RAMB36_X6Y18         RAMB36E1 (Hold_ramb36e1_CLKBWRCLK_DIBDI[19])
                                                      0.296     0.728    MEM_64BIT_1/mem_reg_0
  -------------------------------------------------------------------
                         required time                         -0.728    
                         arrival time                           0.783    
  -------------------------------------------------------------------
                         slack                                  0.056    





Pulse Width Checks
--------------------------------------------------------------------------------------
Clock Name:         clk
Waveform(ns):       { 0.000 6.125 }
Period(ns):         12.250
Sources:            { clk }

Check Type        Corner  Lib Pin             Reference Pin  Required(ns)  Actual(ns)  Slack(ns)  Location       Pin
Min Period        n/a     RAMB36E1/CLKARDCLK  n/a            2.944         12.250      9.306      RAMB36_X5Y23   hash_tile_md0/DUT_SHA256/BIG_MEM/mem_reg/CLKARDCLK
Low Pulse Width   Slow    RAMD32/CLK          n/a            1.250         6.125       4.875      SLICE_X80Y117  hash_tile_md0/DUT_SHA256/B_FIFO_INSTANCE/fifo_mem_reg_0_7_0_5/RAMA/CLK
High Pulse Width  Slow    RAMD32/CLK          n/a            1.250         6.125       4.875      SLICE_X80Y117  hash_tile_md0/DUT_SHA256/B_FIFO_INSTANCE/fifo_mem_reg_0_7_0_5/RAMA/CLK



