Copyright 1986-2022 Xilinx, Inc. All Rights Reserved. Copyright 2022-2025 Advanced Micro Devices, Inc. All Rights Reserved.
---------------------------------------------------------------------------------------------------------------------------------------------
| Tool Version : Vivado v.2025.2 (lin64) Build 6299465 Fri Nov 14 12:34:56 MST 2025
| Date         : Sat Aug 29 16:59:08 2026
| Host         : MSI running 64-bit Ubuntu 26.04 LTS
| Command      : report_timing_summary -file /tmp/fsrch_slh_192f_optimized_12.81.rpt
| Design       : top
| Device       : 7a200t-fbg676
| Speed File   : -1  PRODUCTION 1.23 2018-06-13
| Design State : Routed
---------------------------------------------------------------------------------------------------------------------------------------------

Timing Summary Report

------------------------------------------------------------------------------------------------
| Timer Settings
| --------------
------------------------------------------------------------------------------------------------

  Enable Multi Corner Analysis               :  Yes
  Enable Pessimism Removal                   :  Yes
  Pessimism Removal Resolution               :  Nearest Common Node
  Enable Input Delay Default Clock           :  No
  Enable Preset / Clear Arcs                 :  No
  Disable Flight Delays                      :  No
  Ignore I/O Paths                           :  No
  Timing Early Launch at Borrowing Latches   :  No
  Borrow Time for Max Delay Exceptions       :  Yes
  Merge Timing Exceptions                    :  Yes
  Inter-SLR Compensation                     :  Conservative

  Corner  Analyze    Analyze    
  Name    Max Paths  Min Paths  
  ------  ---------  ---------  
  Slow    Yes        Yes        
  Fast    Yes        Yes        


------------------------------------------------------------------------------------------------
| Report Methodology
| ------------------
------------------------------------------------------------------------------------------------

No report available as report_methodology has not been run prior. Run report_methodology on the current design for the summary of methodology violations.



check_timing report

Table of Contents
-----------------
1. checking no_clock (4)
2. checking constant_clock (0)
3. checking pulse_width_clock (0)
4. checking unconstrained_internal_endpoints (1)
5. checking no_input_delay (170)
6. checking no_output_delay (80)
7. checking multiple_clock (0)
8. checking generated_clocks (0)
9. checking loops (0)
10. checking partial_input_delay (0)
11. checking partial_output_delay (0)
12. checking latch_loops (0)

1. checking no_clock (4)
------------------------
 There is 1 register/latch pin with no clock driven by root clock pin: wots_xmss_fsm_md0/md0/XMSS_start_reg/Q (HIGH)

 There is 1 register/latch pin with no clock driven by root clock pin: wots_xmss_fsm_md0/md0/cnt_reg[1]/Q (HIGH)

 There is 1 register/latch pin with no clock driven by root clock pin: wots_xmss_fsm_md0/md0/cnt_reg[2]/Q (HIGH)

 There is 1 register/latch pin with no clock driven by root clock pin: wots_xmss_fsm_md0/md0/cnt_reg[3]/Q (HIGH)


2. checking constant_clock (0)
------------------------------
 There are 0 register/latch pins with constant_clock.


3. checking pulse_width_clock (0)
---------------------------------
 There are 0 register/latch pins which need pulse_width check


4. checking unconstrained_internal_endpoints (1)
------------------------------------------------
 There is 1 pin that is not constrained for maximum delay. (HIGH)

 There are 0 pins that are not constrained for maximum delay due to constant clock.


5. checking no_input_delay (170)
--------------------------------
 There are 156 input ports with no input delay specified. (HIGH)

 There are 14 input ports with no input delay but user has a false path constraint. (MEDIUM)


6. checking no_output_delay (80)
--------------------------------
 There are 80 ports with no output delay specified. (HIGH)

 There are 0 ports with no output delay but user has a false path constraint

 There are 0 ports with no output delay but with a timing clock defined on it or propagating through it


7. checking multiple_clock (0)
------------------------------
 There are 0 register/latch pins with multiple clocks.


8. checking generated_clocks (0)
--------------------------------
 There are 0 generated clocks that are not connected to a clock source.


9. checking loops (0)
---------------------
 There are 0 combinational loops in the design.


10. checking partial_input_delay (0)
------------------------------------
 There are 0 input ports with partial input delay specified.


11. checking partial_output_delay (0)
-------------------------------------
 There are 0 ports with partial output delay specified.


12. checking latch_loops (0)
----------------------------
 There are 0 combinational latch loops in the design through latch input



------------------------------------------------------------------------------------------------
| Design Timing Summary
| ---------------------
------------------------------------------------------------------------------------------------

    WNS(ns)      TNS(ns)  TNS Failing Endpoints  TNS Total Endpoints      WHS(ns)      THS(ns)  THS Failing Endpoints  THS Total Endpoints     WPWS(ns)     TPWS(ns)  TPWS Failing Endpoints  TPWS Total Endpoints  
    -------      -------  ---------------------  -------------------      -------      -------  ---------------------  -------------------     --------     --------  ----------------------  --------------------  
     -1.032      -27.073                     63                36764        0.059        0.000                      0                36764        5.155        0.000                       0                 16300  


Timing constraints are not met.


------------------------------------------------------------------------------------------------
| Clock Summary
| -------------
------------------------------------------------------------------------------------------------

Clock  Waveform(ns)       Period(ns)      Frequency(MHz)
-----  ------------       ----------      --------------
clk    {0.000 6.405}      12.810          78.064          


------------------------------------------------------------------------------------------------
| Intra Clock Table
| -----------------
------------------------------------------------------------------------------------------------

Clock             WNS(ns)      TNS(ns)  TNS Failing Endpoints  TNS Total Endpoints      WHS(ns)      THS(ns)  THS Failing Endpoints  THS Total Endpoints     WPWS(ns)     TPWS(ns)  TPWS Failing Endpoints  TPWS Total Endpoints  
-----             -------      -------  ---------------------  -------------------      -------      -------  ---------------------  -------------------     --------     --------  ----------------------  --------------------  
clk                -1.032      -27.073                     63                36764        0.059        0.000                      0                36764        5.155        0.000                       0                 16300  


------------------------------------------------------------------------------------------------
| Inter Clock Table
| -----------------
------------------------------------------------------------------------------------------------

From Clock    To Clock          WNS(ns)      TNS(ns)  TNS Failing Endpoints  TNS Total Endpoints      WHS(ns)      THS(ns)  THS Failing Endpoints  THS Total Endpoints  
----------    --------          -------      -------  ---------------------  -------------------      -------      -------  ---------------------  -------------------  


------------------------------------------------------------------------------------------------
| Other Path Groups Table
| -----------------------
------------------------------------------------------------------------------------------------

Path Group    From Clock    To Clock          WNS(ns)      TNS(ns)  TNS Failing Endpoints  TNS Total Endpoints      WHS(ns)      THS(ns)  THS Failing Endpoints  THS Total Endpoints  
----------    ----------    --------          -------      -------  ---------------------  -------------------      -------      -------  ---------------------  -------------------  


------------------------------------------------------------------------------------------------
| Timing Details
| --------------
------------------------------------------------------------------------------------------------


---------------------------------------------------------------------------------------------------
From Clock:  clk
  To Clock:  clk

Setup :           63  Failing Endpoints,  Worst Slack       -1.032ns,  Total Violation      -27.073ns
Hold  :            0  Failing Endpoints,  Worst Slack        0.059ns,  Total Violation        0.000ns
PW    :            0  Failing Endpoints,  Worst Slack        5.155ns,  Total Violation        0.000ns
---------------------------------------------------------------------------------------------------


Max Delay Paths
--------------------------------------------------------------------------------------
Slack (VIOLATED) :        -1.032ns  (required time - arrival time)
  Source:                 hash_tile_md0/DUT_SHA512/HASH_BM/SHA512/w_mem_inst/w_mem_reg[1][8]/C
                            (rising edge-triggered cell FDCE clocked by clk  {rise@0.000ns fall@6.405ns period=12.810ns})
  Destination:            hash_tile_md0/DUT_SHA512/HASH_BM/SHA512/a_reg_reg[62]/D
                            (rising edge-triggered cell FDCE clocked by clk  {rise@0.000ns fall@6.405ns period=12.810ns})
  Path Group:             clk
  Path Type:              Setup (Max at Slow Process Corner)
  Requirement:            12.810ns  (clk rise@12.810ns - clk rise@0.000ns)
  Data Path Delay:        13.789ns  (logic 6.177ns (44.798%)  route 7.612ns (55.202%))
  Logic Levels:           23  (CARRY4=14 LUT4=2 LUT5=5 LUT6=2)
  Clock Path Skew:        -0.049ns (DCD - SCD + CPR)
    Destination Clock Delay (DCD):    0.924ns = ( 13.734 - 12.810 ) 
    Source Clock Delay      (SCD):    0.973ns
    Clock Pessimism Removal (CPR):    0.000ns
  Clock Uncertainty:      0.035ns  ((TSJ^2 + TIJ^2)^1/2 + DJ) / 2 + PE
    Total System Jitter     (TSJ):    0.071ns
    Total Input Jitter      (TIJ):    0.000ns
    Discrete Jitter          (DJ):    0.000ns
    Phase Error              (PE):    0.000ns

    Location             Delay type                Incr(ns)  Path(ns)    Netlist Resource(s)
  -------------------------------------------------------------------    -------------------
                         (clock clk rise edge)        0.000     0.000 r  
                                                      0.000     0.000 r  clk (IN)
                         net (fo=16299, unset)        0.973     0.973    hash_tile_md0/DUT_SHA512/HASH_BM/SHA512/w_mem_inst/clk
    SLICE_X75Y129        FDCE                                         r  hash_tile_md0/DUT_SHA512/HASH_BM/SHA512/w_mem_inst/w_mem_reg[1][8]/C
  -------------------------------------------------------------------    -------------------
    SLICE_X75Y129        FDCE (Prop_fdce_C_Q)         0.456     1.429 r  hash_tile_md0/DUT_SHA512/HASH_BM/SHA512/w_mem_inst/w_mem_reg[1][8]/Q
                         net (fo=8, routed)           1.113     2.542    hash_tile_md0/DUT_SHA512/HASH_BM/SHA512/w_mem_inst/p_5_in[7]
    SLICE_X78Y130        LUT5 (Prop_lut5_I0_O)        0.124     2.666 r  hash_tile_md0/DUT_SHA512/HASH_BM/SHA512/w_mem_inst/w_mem[15][11]_i_17__2_rewire_rewire/O
                         net (fo=2, routed)           0.982     3.648    hash_tile_md0/DUT_SHA512/HASH_BM/SHA512/w_mem_inst/w_mem[15][11]_i_17__2_n_0
    SLICE_X76Y133        LUT4 (Prop_lut4_I2_O)        0.124     3.772 r  hash_tile_md0/DUT_SHA512/HASH_BM/SHA512/w_mem_inst/w_mem[15][11]_i_6__2_rewire/O
                         net (fo=2, routed)           0.623     4.394    hash_tile_md0/DUT_SHA512/HASH_BM/SHA512/w_mem_inst/w_mem[15][11]_i_6__2_n_0
    SLICE_X77Y133        LUT4 (Prop_lut4_I3_O)        0.124     4.518 r  hash_tile_md0/DUT_SHA512/HASH_BM/SHA512/w_mem_inst/w_mem[15][11]_i_10__2/O
                         net (fo=1, routed)           0.000     4.518    hash_tile_md0/DUT_SHA512/HASH_BM/SHA512/w_mem_inst/w_mem[15][11]_i_10__2_n_0
    SLICE_X77Y133        CARRY4 (Prop_carry4_S[0]_O[3])
                                                      0.606     5.124 r  hash_tile_md0/DUT_SHA512/HASH_BM/SHA512/w_mem_inst/w_mem_reg[15][11]_i_2__2/O[3]
                         net (fo=2, routed)           0.628     5.753    hash_tile_md0/DUT_SHA512/HASH_BM/SHA512/w_mem_inst/w_new[11]
    SLICE_X74Y130        LUT5 (Prop_lut5_I3_O)        0.306     6.059 r  hash_tile_md0/DUT_SHA512/HASH_BM/SHA512/w_mem_inst/i___72_i_26__0/O
                         net (fo=2, routed)           0.350     6.409    hash_tile_md0/DUT_SHA512/HASH_BM/SHA512/w_mem_inst/w_data[11]
    SLICE_X75Y130        LUT5 (Prop_lut5_I3_O)        0.124     6.533 r  hash_tile_md0/DUT_SHA512/HASH_BM/SHA512/w_mem_inst/i___72_i_18__0/O
                         net (fo=2, routed)           0.846     7.379    hash_tile_md0/DUT_SHA512/HASH_BM/SHA512/w_mem_inst/i___72_i_18__0_n_0
    SLICE_X71Y127        CARRY4 (Prop_carry4_DI[0]_CO[3])
                                                      0.526     7.905 r  hash_tile_md0/DUT_SHA512/HASH_BM/SHA512/w_mem_inst/i___72_i_13__0/CO[3]
                         net (fo=1, routed)           0.000     7.905    hash_tile_md0/DUT_SHA512/HASH_BM/SHA512/w_mem_inst/i___72_i_13__0_n_0
    SLICE_X71Y128        CARRY4 (Prop_carry4_CI_O[3])
                                                      0.313     8.218 r  hash_tile_md0/DUT_SHA512/HASH_BM/SHA512/w_mem_inst/i___68_i_13__0/O[3]
                         net (fo=2, routed)           0.581     8.799    hash_tile_md0/DUT_SHA512/HASH_BM/SHA512/w_mem_inst/i___68_i_13__0_n_4
    SLICE_X73Y123        LUT5 (Prop_lut5_I0_O)        0.306     9.105 r  hash_tile_md0/DUT_SHA512/HASH_BM/SHA512/w_mem_inst/i___68_i_5__0/O
                         net (fo=2, routed)           0.959    10.064    hash_tile_md0/DUT_SHA512/HASH_BM/SHA512/w_mem_inst/i___68_i_5__0_n_0
    SLICE_X72Y117        LUT6 (Prop_lut6_I0_O)        0.124    10.188 r  hash_tile_md0/DUT_SHA512/HASH_BM/SHA512/w_mem_inst/i___68_i_9__0/O
                         net (fo=1, routed)           0.000    10.188    hash_tile_md0/DUT_SHA512/HASH_BM/SHA512/w_mem_inst/i___68_i_9__0_n_0
    SLICE_X72Y117        CARRY4 (Prop_carry4_S[0]_CO[3])
                                                      0.513    10.701 r  hash_tile_md0/DUT_SHA512/HASH_BM/SHA512/w_mem_inst/i___68_i_1__0/CO[3]
                         net (fo=1, routed)           0.000    10.701    hash_tile_md0/DUT_SHA512/HASH_BM/SHA512/w_mem_inst/i___68_i_1__0_n_0
    SLICE_X72Y118        CARRY4 (Prop_carry4_CI_CO[3])
                                                      0.117    10.818 r  hash_tile_md0/DUT_SHA512/HASH_BM/SHA512/w_mem_inst/i___64_i_1__0/CO[3]
                         net (fo=1, routed)           0.000    10.818    hash_tile_md0/DUT_SHA512/HASH_BM/SHA512/w_mem_inst/i___64_i_1__0_n_0
    SLICE_X72Y119        CARRY4 (Prop_carry4_CI_CO[3])
                                                      0.117    10.935 r  hash_tile_md0/DUT_SHA512/HASH_BM/SHA512/w_mem_inst/i___60_i_1__0/CO[3]
                         net (fo=1, routed)           0.000    10.935    hash_tile_md0/DUT_SHA512/HASH_BM/SHA512/w_mem_inst/i___60_i_1__0_n_0
    SLICE_X72Y120        CARRY4 (Prop_carry4_CI_CO[3])
                                                      0.117    11.052 r  hash_tile_md0/DUT_SHA512/HASH_BM/SHA512/w_mem_inst/i___56_i_1__0/CO[3]
                         net (fo=1, routed)           0.000    11.052    hash_tile_md0/DUT_SHA512/HASH_BM/SHA512/w_mem_inst/i___56_i_1__0_n_0
    SLICE_X72Y121        CARRY4 (Prop_carry4_CI_CO[3])
                                                      0.117    11.169 r  hash_tile_md0/DUT_SHA512/HASH_BM/SHA512/w_mem_inst/i___52_i_1__0/CO[3]
                         net (fo=1, routed)           0.000    11.169    hash_tile_md0/DUT_SHA512/HASH_BM/SHA512/w_mem_inst/i___52_i_1__0_n_0
    SLICE_X72Y122        CARRY4 (Prop_carry4_CI_CO[3])
                                                      0.117    11.286 r  hash_tile_md0/DUT_SHA512/HASH_BM/SHA512/w_mem_inst/i___48_i_1__0/CO[3]
                         net (fo=1, routed)           0.000    11.286    hash_tile_md0/DUT_SHA512/HASH_BM/SHA512/w_mem_inst/i___48_i_1__0_n_0
    SLICE_X72Y123        CARRY4 (Prop_carry4_CI_CO[3])
                                                      0.117    11.403 r  hash_tile_md0/DUT_SHA512/HASH_BM/SHA512/w_mem_inst/i___44_i_1__0/CO[3]
                         net (fo=1, routed)           0.000    11.403    hash_tile_md0/DUT_SHA512/HASH_BM/SHA512/w_mem_inst/i___44_i_1__0_n_0
    SLICE_X72Y124        CARRY4 (Prop_carry4_CI_CO[3])
                                                      0.117    11.520 r  hash_tile_md0/DUT_SHA512/HASH_BM/SHA512/w_mem_inst/i___40_i_1__0/CO[3]
                         net (fo=1, routed)           0.009    11.529    hash_tile_md0/DUT_SHA512/HASH_BM/SHA512/w_mem_inst/i___40_i_1__0_n_0
    SLICE_X72Y125        CARRY4 (Prop_carry4_CI_O[3])
                                                      0.315    11.844 r  hash_tile_md0/DUT_SHA512/HASH_BM/SHA512/w_mem_inst/i___36_i_1__0/O[3]
                         net (fo=4, routed)           0.479    12.323    hash_tile_md0/DUT_SHA512/HASH_BM/SHA512/w_mem_inst/e_reg_reg[54][3]
    SLICE_X73Y124        LUT5 (Prop_lut5_I4_O)        0.307    12.630 r  hash_tile_md0/DUT_SHA512/HASH_BM/SHA512/w_mem_inst/a_reg[59]_i_6__0/O
                         net (fo=2, routed)           0.613    13.243    hash_tile_md0/DUT_SHA512/HASH_BM/SHA512/w_mem_inst/a_reg[59]_i_6__0_n_0
    SLICE_X70Y125        CARRY4 (Prop_carry4_DI[0]_CO[3])
                                                      0.550    13.793 r  hash_tile_md0/DUT_SHA512/HASH_BM/SHA512/w_mem_inst/a_reg_reg[59]_i_2__0/CO[3]
                         net (fo=1, routed)           0.000    13.793    hash_tile_md0/DUT_SHA512/HASH_BM/SHA512/w_mem_inst/a_reg_reg[59]_i_2__0_n_0
    SLICE_X70Y126        CARRY4 (Prop_carry4_CI_O[2])
                                                      0.239    14.032 r  hash_tile_md0/DUT_SHA512/HASH_BM/SHA512/w_mem_inst/a_reg_reg[63]_i_2__0/O[2]
                         net (fo=1, routed)           0.428    14.461    hash_tile_md0/DUT_SHA512/HASH_BM/SHA512/w_mem_inst/a_new0[62]
    SLICE_X73Y127        LUT6 (Prop_lut6_I0_O)        0.301    14.762 r  hash_tile_md0/DUT_SHA512/HASH_BM/SHA512/w_mem_inst/a_reg[62]_i_1__0/O
                         net (fo=1, routed)           0.000    14.762    hash_tile_md0/DUT_SHA512/HASH_BM/SHA512/a_new[62]
    SLICE_X73Y127        FDCE                                         r  hash_tile_md0/DUT_SHA512/HASH_BM/SHA512/a_reg_reg[62]/D
  -------------------------------------------------------------------    -------------------

                         (clock clk rise edge)       12.810    12.810 r  
                                                      0.000    12.810 r  clk (IN)
                         net (fo=16299, unset)        0.924    13.734    hash_tile_md0/DUT_SHA512/HASH_BM/SHA512/clk
    SLICE_X73Y127        FDCE                                         r  hash_tile_md0/DUT_SHA512/HASH_BM/SHA512/a_reg_reg[62]/C
                         clock pessimism              0.000    13.734    
                         clock uncertainty           -0.035    13.699    
    SLICE_X73Y127        FDCE (Setup_fdce_C_D)        0.031    13.730    hash_tile_md0/DUT_SHA512/HASH_BM/SHA512/a_reg_reg[62]
  -------------------------------------------------------------------
                         required time                         13.730    
                         arrival time                         -14.762    
  -------------------------------------------------------------------
                         slack                                 -1.032    





Min Delay Paths
--------------------------------------------------------------------------------------
Slack (MET) :             0.059ns  (arrival time - required time)
  Source:                 mti_md0/indices_in0_reg[6]/C
                            (rising edge-triggered cell FDCE clocked by clk  {rise@0.000ns fall@6.405ns period=12.810ns})
  Destination:            INDICES_MEM/mem_reg/DIADI[6]
                            (rising edge-triggered cell RAMB18E1 clocked by clk  {rise@0.000ns fall@6.405ns period=12.810ns})
  Path Group:             clk
  Path Type:              Hold (Min at Fast Process Corner)
  Requirement:            0.000ns  (clk rise@0.000ns - clk rise@0.000ns)
  Data Path Delay:        0.376ns  (logic 0.164ns (43.571%)  route 0.212ns (56.429%))
  Logic Levels:           0  
  Clock Path Skew:        0.022ns (DCD - SCD - CPR)
    Destination Clock Delay (DCD):    0.432ns
    Source Clock Delay      (SCD):    0.410ns
    Clock Pessimism Removal (CPR):    -0.000ns

    Location             Delay type                Incr(ns)  Path(ns)    Netlist Resource(s)
  -------------------------------------------------------------------    -------------------
                         (clock clk rise edge)        0.000     0.000 r  
                                                      0.000     0.000 r  clk (IN)
                         net (fo=16299, unset)        0.410     0.410    mti_md0/clk
    SLICE_X70Y51         FDCE                                         r  mti_md0/indices_in0_reg[6]/C
  -------------------------------------------------------------------    -------------------
    SLICE_X70Y51         FDCE (Prop_fdce_C_Q)         0.164     0.574 r  mti_md0/indices_in0_reg[6]/Q
                         net (fo=1, routed)           0.212     0.787    INDICES_MEM/DIADI[6]
    RAMB18_X3Y20         RAMB18E1                                     r  INDICES_MEM/mem_reg/DIADI[6]
  -------------------------------------------------------------------    -------------------

                         (clock clk rise edge)        0.000     0.000 r  
                                                      0.000     0.000 r  clk (IN)
                         net (fo=16299, unset)        0.432     0.432    INDICES_MEM/clk
    RAMB18_X3Y20         RAMB18E1                                     r  INDICES_MEM/mem_reg/CLKARDCLK
                         clock pessimism              0.000     0.432    
    RAMB18_X3Y20         RAMB18E1 (Hold_ramb18e1_CLKARDCLK_DIADI[6])
                                                      0.296     0.728    INDICES_MEM/mem_reg
  -------------------------------------------------------------------
                         required time                         -0.728    
                         arrival time                           0.787    
  -------------------------------------------------------------------
                         slack                                  0.059    





Pulse Width Checks
--------------------------------------------------------------------------------------
Clock Name:         clk
Waveform(ns):       { 0.000 6.405 }
Period(ns):         12.810
Sources:            { clk }

Check Type        Corner  Lib Pin             Reference Pin  Required(ns)  Actual(ns)  Slack(ns)  Location      Pin
Min Period        n/a     RAMB36E1/CLKARDCLK  n/a            2.944         12.810      9.866      RAMB36_X6Y16  hash_tile_md0/DUT_SHA256/BIG_MEM/mem_reg/CLKARDCLK
Low Pulse Width   Slow    RAMD32/CLK          n/a            1.250         6.405       5.155      SLICE_X94Y83  hash_tile_md0/DUT_SHA256/B_FIFO_INSTANCE/fifo_mem_reg_0_7_0_5/RAMA/CLK
High Pulse Width  Slow    RAMD32/CLK          n/a            1.250         6.405       5.155      SLICE_X94Y83  hash_tile_md0/DUT_SHA256/B_FIFO_INSTANCE/fifo_mem_reg_0_7_0_5/RAMA/CLK



