Copyright 1986-2022 Xilinx, Inc. All Rights Reserved. Copyright 2022-2025 Advanced Micro Devices, Inc. All Rights Reserved.
---------------------------------------------------------------------------------------------------------------------------------------------
| Tool Version : Vivado v.2025.2 (lin64) Build 6299465 Fri Nov 14 12:34:56 MST 2025
| Date         : Sat Aug 29 13:39:59 2026
| Host         : MSI running 64-bit Ubuntu 26.04 LTS
| Command      : report_timing_summary -file /tmp/fsrch_slh_128s_baseline_11.75.rpt
| Design       : top
| Device       : 7a200t-fbg676
| Speed File   : -1  PRODUCTION 1.23 2018-06-13
| Design State : Routed
---------------------------------------------------------------------------------------------------------------------------------------------

Timing Summary Report

------------------------------------------------------------------------------------------------
| Timer Settings
| --------------
------------------------------------------------------------------------------------------------

  Enable Multi Corner Analysis               :  Yes
  Enable Pessimism Removal                   :  Yes
  Pessimism Removal Resolution               :  Nearest Common Node
  Enable Input Delay Default Clock           :  No
  Enable Preset / Clear Arcs                 :  No
  Disable Flight Delays                      :  No
  Ignore I/O Paths                           :  No
  Timing Early Launch at Borrowing Latches   :  No
  Borrow Time for Max Delay Exceptions       :  Yes
  Merge Timing Exceptions                    :  Yes
  Inter-SLR Compensation                     :  Conservative

  Corner  Analyze    Analyze    
  Name    Max Paths  Min Paths  
  ------  ---------  ---------  
  Slow    Yes        Yes        
  Fast    Yes        Yes        


------------------------------------------------------------------------------------------------
| Report Methodology
| ------------------
------------------------------------------------------------------------------------------------

No report available as report_methodology has not been run prior. Run report_methodology on the current design for the summary of methodology violations.



check_timing report

Table of Contents
-----------------
1. checking no_clock (4)
2. checking constant_clock (0)
3. checking pulse_width_clock (0)
4. checking unconstrained_internal_endpoints (1)
5. checking no_input_delay (170)
6. checking no_output_delay (80)
7. checking multiple_clock (0)
8. checking generated_clocks (0)
9. checking loops (0)
10. checking partial_input_delay (0)
11. checking partial_output_delay (0)
12. checking latch_loops (0)

1. checking no_clock (4)
------------------------
 There is 1 register/latch pin with no clock driven by root clock pin: wots_xmss_fsm_md0/md0/XMSS_start_reg/Q (HIGH)

 There is 1 register/latch pin with no clock driven by root clock pin: wots_xmss_fsm_md0/md0/cnt_reg[1]/Q (HIGH)

 There is 1 register/latch pin with no clock driven by root clock pin: wots_xmss_fsm_md0/md0/cnt_reg[2]/Q (HIGH)

 There is 1 register/latch pin with no clock driven by root clock pin: wots_xmss_fsm_md0/md0/cnt_reg[3]/Q (HIGH)


2. checking constant_clock (0)
------------------------------
 There are 0 register/latch pins with constant_clock.


3. checking pulse_width_clock (0)
---------------------------------
 There are 0 register/latch pins which need pulse_width check


4. checking unconstrained_internal_endpoints (1)
------------------------------------------------
 There is 1 pin that is not constrained for maximum delay. (HIGH)

 There are 0 pins that are not constrained for maximum delay due to constant clock.


5. checking no_input_delay (170)
--------------------------------
 There are 156 input ports with no input delay specified. (HIGH)

 There are 14 input ports with no input delay but user has a false path constraint. (MEDIUM)


6. checking no_output_delay (80)
--------------------------------
 There are 80 ports with no output delay specified. (HIGH)

 There are 0 ports with no output delay but user has a false path constraint

 There are 0 ports with no output delay but with a timing clock defined on it or propagating through it


7. checking multiple_clock (0)
------------------------------
 There are 0 register/latch pins with multiple clocks.


8. checking generated_clocks (0)
--------------------------------
 There are 0 generated clocks that are not connected to a clock source.


9. checking loops (0)
---------------------
 There are 0 combinational loops in the design.


10. checking partial_input_delay (0)
------------------------------------
 There are 0 input ports with partial input delay specified.


11. checking partial_output_delay (0)
-------------------------------------
 There are 0 ports with partial output delay specified.


12. checking latch_loops (0)
----------------------------
 There are 0 combinational latch loops in the design through latch input



------------------------------------------------------------------------------------------------
| Design Timing Summary
| ---------------------
------------------------------------------------------------------------------------------------

    WNS(ns)      TNS(ns)  TNS Failing Endpoints  TNS Total Endpoints      WHS(ns)      THS(ns)  THS Failing Endpoints  THS Total Endpoints     WPWS(ns)     TPWS(ns)  TPWS Failing Endpoints  TPWS Total Endpoints  
    -------      -------  ---------------------  -------------------      -------      -------  ---------------------  -------------------     --------     --------  ----------------------  --------------------  
      0.054        0.000                      0                15436        0.027        0.000                      0                15436        4.625        0.000                       0                  7014  


All user specified timing constraints are met.


------------------------------------------------------------------------------------------------
| Clock Summary
| -------------
------------------------------------------------------------------------------------------------

Clock  Waveform(ns)       Period(ns)      Frequency(MHz)
-----  ------------       ----------      --------------
clk    {0.000 5.875}      11.750          85.106          


------------------------------------------------------------------------------------------------
| Intra Clock Table
| -----------------
------------------------------------------------------------------------------------------------

Clock             WNS(ns)      TNS(ns)  TNS Failing Endpoints  TNS Total Endpoints      WHS(ns)      THS(ns)  THS Failing Endpoints  THS Total Endpoints     WPWS(ns)     TPWS(ns)  TPWS Failing Endpoints  TPWS Total Endpoints  
-----             -------      -------  ---------------------  -------------------      -------      -------  ---------------------  -------------------     --------     --------  ----------------------  --------------------  
clk                 0.054        0.000                      0                15436        0.027        0.000                      0                15436        4.625        0.000                       0                  7014  


------------------------------------------------------------------------------------------------
| Inter Clock Table
| -----------------
------------------------------------------------------------------------------------------------

From Clock    To Clock          WNS(ns)      TNS(ns)  TNS Failing Endpoints  TNS Total Endpoints      WHS(ns)      THS(ns)  THS Failing Endpoints  THS Total Endpoints  
----------    --------          -------      -------  ---------------------  -------------------      -------      -------  ---------------------  -------------------  


------------------------------------------------------------------------------------------------
| Other Path Groups Table
| -----------------------
------------------------------------------------------------------------------------------------

Path Group    From Clock    To Clock          WNS(ns)      TNS(ns)  TNS Failing Endpoints  TNS Total Endpoints      WHS(ns)      THS(ns)  THS Failing Endpoints  THS Total Endpoints  
----------    ----------    --------          -------      -------  ---------------------  -------------------      -------      -------  ---------------------  -------------------  


------------------------------------------------------------------------------------------------
| Timing Details
| --------------
------------------------------------------------------------------------------------------------


---------------------------------------------------------------------------------------------------
From Clock:  clk
  To Clock:  clk

Setup :            0  Failing Endpoints,  Worst Slack        0.054ns,  Total Violation        0.000ns
Hold  :            0  Failing Endpoints,  Worst Slack        0.027ns,  Total Violation        0.000ns
PW    :            0  Failing Endpoints,  Worst Slack        4.625ns,  Total Violation        0.000ns
---------------------------------------------------------------------------------------------------


Max Delay Paths
--------------------------------------------------------------------------------------
Slack (MET) :             0.054ns  (required time - arrival time)
  Source:                 hash_tile_md0/HASH_SM/SHA256/w_mem_inst/w_mem_reg[0][2]/C
                            (rising edge-triggered cell FDCE clocked by clk  {rise@0.000ns fall@5.875ns period=11.750ns})
  Destination:            hash_tile_md0/HASH_SM/SHA256/a_reg_reg[25]/D
                            (rising edge-triggered cell FDCE clocked by clk  {rise@0.000ns fall@5.875ns period=11.750ns})
  Path Group:             clk
  Path Type:              Setup (Max at Slow Process Corner)
  Requirement:            11.750ns  (clk rise@11.750ns - clk rise@0.000ns)
  Data Path Delay:        11.643ns  (logic 5.682ns (48.800%)  route 5.961ns (51.200%))
  Logic Levels:           21  (CARRY4=10 LUT3=1 LUT4=1 LUT5=5 LUT6=4)
  Clock Path Skew:        -0.049ns (DCD - SCD + CPR)
    Destination Clock Delay (DCD):    0.924ns = ( 12.674 - 11.750 ) 
    Source Clock Delay      (SCD):    0.973ns
    Clock Pessimism Removal (CPR):    0.000ns
  Clock Uncertainty:      0.035ns  ((TSJ^2 + TIJ^2)^1/2 + DJ) / 2 + PE
    Total System Jitter     (TSJ):    0.071ns
    Total Input Jitter      (TIJ):    0.000ns
    Discrete Jitter          (DJ):    0.000ns
    Phase Error              (PE):    0.000ns

    Location             Delay type                Incr(ns)  Path(ns)    Netlist Resource(s)
  -------------------------------------------------------------------    -------------------
                         (clock clk rise edge)        0.000     0.000 r  
                                                      0.000     0.000 r  clk (IN)
                         net (fo=7013, unset)         0.973     0.973    hash_tile_md0/HASH_SM/SHA256/w_mem_inst/clk
    SLICE_X72Y178        FDCE                                         r  hash_tile_md0/HASH_SM/SHA256/w_mem_inst/w_mem_reg[0][2]/C
  -------------------------------------------------------------------    -------------------
    SLICE_X72Y178        FDCE (Prop_fdce_C_Q)         0.518     1.491 r  hash_tile_md0/HASH_SM/SHA256/w_mem_inst/w_mem_reg[0][2]/Q
                         net (fo=3, routed)           0.814     2.305    hash_tile_md0/HASH_SM/SHA256/w_mem_inst/w_mem_reg[0]_13[2]
    SLICE_X71Y178        LUT5 (Prop_lut5_I0_O)        0.124     2.429 r  hash_tile_md0/HASH_SM/SHA256/w_mem_inst/w_mem[15][3]_i_11/O
                         net (fo=2, routed)           0.512     2.940    hash_tile_md0/HASH_SM/SHA256/w_mem_inst/w_mem[15][3]_i_11_n_0
    SLICE_X70Y180        LUT5 (Prop_lut5_I4_O)        0.124     3.064 r  hash_tile_md0/HASH_SM/SHA256/w_mem_inst/w_mem[15][3]_i_4/O
                         net (fo=2, routed)           0.650     3.714    hash_tile_md0/HASH_SM/SHA256/w_mem_inst/w_mem[15][3]_i_4_n_0
    SLICE_X72Y182        LUT5 (Prop_lut5_I0_O)        0.124     3.838 r  hash_tile_md0/HASH_SM/SHA256/w_mem_inst/w_mem[15][3]_i_8/O
                         net (fo=1, routed)           0.000     3.838    hash_tile_md0/HASH_SM/SHA256/w_mem_inst/w_mem[15][3]_i_8_n_0
    SLICE_X72Y182        CARRY4 (Prop_carry4_S[2]_CO[3])
                                                      0.380     4.218 r  hash_tile_md0/HASH_SM/SHA256/w_mem_inst/w_mem_reg[15][3]_i_2/CO[3]
                         net (fo=1, routed)           0.000     4.218    hash_tile_md0/HASH_SM/SHA256/w_mem_inst/w_mem_reg[15][3]_i_2_n_0
    SLICE_X72Y183        CARRY4 (Prop_carry4_CI_O[1])
                                                      0.323     4.541 r  hash_tile_md0/HASH_SM/SHA256/w_mem_inst/w_mem_reg[15][7]_i_2/O[1]
                         net (fo=2, routed)           0.514     5.055    hash_tile_md0/HASH_SM/SHA256/w_mem_inst/w_new[5]
    SLICE_X71Y177        LUT6 (Prop_lut6_I3_O)        0.306     5.361 r  hash_tile_md0/HASH_SM/SHA256/w_mem_inst/i___45_i_24/O
                         net (fo=2, routed)           0.456     5.816    hash_tile_md0/HASH_SM/SHA256/w_mem_inst/w_data[5]
    SLICE_X68Y177        LUT3 (Prop_lut3_I0_O)        0.124     5.940 r  hash_tile_md0/HASH_SM/SHA256/w_mem_inst/i___45_i_16/O
                         net (fo=2, routed)           0.461     6.401    hash_tile_md0/HASH_SM/SHA256/w_mem_inst/i___45_i_16_n_0
    SLICE_X66Y177        LUT4 (Prop_lut4_I3_O)        0.124     6.525 r  hash_tile_md0/HASH_SM/SHA256/w_mem_inst/i___45_i_20/O
                         net (fo=1, routed)           0.000     6.525    hash_tile_md0/HASH_SM/SHA256/w_mem_inst/i___45_i_20_n_0
    SLICE_X66Y177        CARRY4 (Prop_carry4_S[2]_CO[3])
                                                      0.380     6.905 r  hash_tile_md0/HASH_SM/SHA256/w_mem_inst/i___45_i_13/CO[3]
                         net (fo=1, routed)           0.000     6.905    hash_tile_md0/HASH_SM/SHA256/w_mem_inst/i___45_i_13_n_0
    SLICE_X66Y178        CARRY4 (Prop_carry4_CI_CO[3])
                                                      0.117     7.022 r  hash_tile_md0/HASH_SM/SHA256/w_mem_inst/i___41_i_13/CO[3]
                         net (fo=1, routed)           0.000     7.022    hash_tile_md0/HASH_SM/SHA256/w_mem_inst/i___41_i_13_n_0
    SLICE_X66Y179        CARRY4 (Prop_carry4_CI_CO[3])
                                                      0.117     7.139 r  hash_tile_md0/HASH_SM/SHA256/w_mem_inst/i___37_i_13/CO[3]
                         net (fo=1, routed)           0.000     7.139    hash_tile_md0/HASH_SM/SHA256/w_mem_inst/i___37_i_13_n_0
    SLICE_X66Y180        CARRY4 (Prop_carry4_CI_O[1])
                                                      0.323     7.462 r  hash_tile_md0/HASH_SM/SHA256/w_mem_inst/i___33_i_13/O[1]
                         net (fo=2, routed)           0.427     7.890    hash_tile_md0/HASH_SM/SHA256/w_mem_inst/i___33_i_13_n_6
    SLICE_X67Y180        LUT5 (Prop_lut5_I0_O)        0.306     8.196 r  hash_tile_md0/HASH_SM/SHA256/w_mem_inst/i___37_i_3/O
                         net (fo=2, routed)           0.581     8.776    hash_tile_md0/HASH_SM/SHA256/w_mem_inst/i___37_i_3_n_0
    SLICE_X65Y180        LUT6 (Prop_lut6_I0_O)        0.124     8.900 r  hash_tile_md0/HASH_SM/SHA256/w_mem_inst/i___37_i_7/O
                         net (fo=1, routed)           0.000     8.900    hash_tile_md0/HASH_SM/SHA256/w_mem_inst/i___37_i_7_n_0
    SLICE_X65Y180        CARRY4 (Prop_carry4_S[2]_CO[3])
                                                      0.398     9.298 r  hash_tile_md0/HASH_SM/SHA256/w_mem_inst/i___37_i_1/CO[3]
                         net (fo=1, routed)           0.000     9.298    hash_tile_md0/HASH_SM/SHA256/w_mem_inst/i___37_i_1_n_0
    SLICE_X65Y181        CARRY4 (Prop_carry4_CI_O[1])
                                                      0.334     9.632 r  hash_tile_md0/HASH_SM/SHA256/w_mem_inst/i___33_i_1/O[1]
                         net (fo=4, routed)           0.552    10.185    hash_tile_md0/HASH_SM/SHA256/w_mem_inst/e_reg_reg[22][1]
    SLICE_X64Y181        LUT5 (Prop_lut5_I4_O)        0.303    10.488 r  hash_tile_md0/HASH_SM/SHA256/w_mem_inst/a_reg[23]_i_4/O
                         net (fo=2, routed)           0.477    10.965    hash_tile_md0/HASH_SM/SHA256/w_mem_inst/a_reg[23]_i_4_n_0
    SLICE_X62Y181        LUT6 (Prop_lut6_I0_O)        0.124    11.089 r  hash_tile_md0/HASH_SM/SHA256/w_mem_inst/a_reg[23]_i_8/O
                         net (fo=1, routed)           0.000    11.089    hash_tile_md0/HASH_SM/SHA256/w_mem_inst/a_reg[23]_i_8_n_0
    SLICE_X62Y181        CARRY4 (Prop_carry4_S[2]_CO[3])
                                                      0.380    11.469 r  hash_tile_md0/HASH_SM/SHA256/w_mem_inst/a_reg_reg[23]_i_2/CO[3]
                         net (fo=1, routed)           0.000    11.469    hash_tile_md0/HASH_SM/SHA256/w_mem_inst/a_reg_reg[23]_i_2_n_0
    SLICE_X62Y182        CARRY4 (Prop_carry4_CI_O[1])
                                                      0.323    11.792 r  hash_tile_md0/HASH_SM/SHA256/w_mem_inst/a_reg_reg[27]_i_2/O[1]
                         net (fo=1, routed)           0.519    12.310    hash_tile_md0/HASH_SM/SHA256/w_mem_inst/a_new0[25]
    SLICE_X61Y182        LUT6 (Prop_lut6_I0_O)        0.306    12.616 r  hash_tile_md0/HASH_SM/SHA256/w_mem_inst/a_reg[25]_i_1/O
                         net (fo=1, routed)           0.000    12.616    hash_tile_md0/HASH_SM/SHA256/w_mem_inst_n_11
    SLICE_X61Y182        FDCE                                         r  hash_tile_md0/HASH_SM/SHA256/a_reg_reg[25]/D
  -------------------------------------------------------------------    -------------------

                         (clock clk rise edge)       11.750    11.750 r  
                                                      0.000    11.750 r  clk (IN)
                         net (fo=7013, unset)         0.924    12.674    hash_tile_md0/HASH_SM/SHA256/clk
    SLICE_X61Y182        FDCE                                         r  hash_tile_md0/HASH_SM/SHA256/a_reg_reg[25]/C
                         clock pessimism              0.000    12.674    
                         clock uncertainty           -0.035    12.639    
    SLICE_X61Y182        FDCE (Setup_fdce_C_D)        0.031    12.670    hash_tile_md0/HASH_SM/SHA256/a_reg_reg[25]
  -------------------------------------------------------------------
                         required time                         12.670    
                         arrival time                         -12.616    
  -------------------------------------------------------------------
                         slack                                  0.054    





Min Delay Paths
--------------------------------------------------------------------------------------
Slack (MET) :             0.027ns  (arrival time - required time)
  Source:                 wots_xmss_fsm_md0/o_WOTS_s_in_0_reg[56]/C
                            (rising edge-triggered cell FDCE clocked by clk  {rise@0.000ns fall@5.875ns period=11.750ns})
  Destination:            MEM_64BIT_1/mem_reg_1/DIBDI[20]
                            (rising edge-triggered cell RAMB36E1 clocked by clk  {rise@0.000ns fall@5.875ns period=11.750ns})
  Path Group:             clk
  Path Type:              Hold (Min at Fast Process Corner)
  Requirement:            0.000ns  (clk rise@0.000ns - clk rise@0.000ns)
  Data Path Delay:        0.344ns  (logic 0.164ns (47.638%)  route 0.180ns (52.362%))
  Logic Levels:           0  
  Clock Path Skew:        0.022ns (DCD - SCD - CPR)
    Destination Clock Delay (DCD):    0.432ns
    Source Clock Delay      (SCD):    0.410ns
    Clock Pessimism Removal (CPR):    -0.000ns

    Location             Delay type                Incr(ns)  Path(ns)    Netlist Resource(s)
  -------------------------------------------------------------------    -------------------
                         (clock clk rise edge)        0.000     0.000 r  
                                                      0.000     0.000 r  clk (IN)
                         net (fo=7013, unset)         0.410     0.410    wots_xmss_fsm_md0/clk
    SLICE_X62Y120        FDCE                                         r  wots_xmss_fsm_md0/o_WOTS_s_in_0_reg[56]/C
  -------------------------------------------------------------------    -------------------
    SLICE_X62Y120        FDCE (Prop_fdce_C_Q)         0.164     0.574 r  wots_xmss_fsm_md0/o_WOTS_s_in_0_reg[56]/Q
                         net (fo=3, routed)           0.180     0.754    MEM_64BIT_1/mem_reg_1_2[56]
    RAMB36_X3Y24         RAMB36E1                                     r  MEM_64BIT_1/mem_reg_1/DIBDI[20]
  -------------------------------------------------------------------    -------------------

                         (clock clk rise edge)        0.000     0.000 r  
                                                      0.000     0.000 r  clk (IN)
                         net (fo=7013, unset)         0.432     0.432    MEM_64BIT_1/clk
    RAMB36_X3Y24         RAMB36E1                                     r  MEM_64BIT_1/mem_reg_1/CLKBWRCLK
                         clock pessimism              0.000     0.432    
    RAMB36_X3Y24         RAMB36E1 (Hold_ramb36e1_CLKBWRCLK_DIBDI[20])
                                                      0.296     0.728    MEM_64BIT_1/mem_reg_1
  -------------------------------------------------------------------
                         required time                         -0.728    
                         arrival time                           0.754    
  -------------------------------------------------------------------
                         slack                                  0.027    





Pulse Width Checks
--------------------------------------------------------------------------------------
Clock Name:         clk
Waveform(ns):       { 0.000 5.875 }
Period(ns):         11.750
Sources:            { clk }

Check Type        Corner  Lib Pin             Reference Pin  Required(ns)  Actual(ns)  Slack(ns)  Location       Pin
Min Period        n/a     RAMB36E1/CLKARDCLK  n/a            2.944         11.750      8.806      RAMB36_X2Y26   hash_tile_md0/BIG_MEM/mem_reg/CLKARDCLK
Low Pulse Width   Slow    RAMD32/CLK          n/a            1.250         5.875       4.625      SLICE_X48Y134  hash_tile_md0/B_FIFO_INSTANCE/fifo_mem_reg_0_7_0_5/RAMA/CLK
High Pulse Width  Slow    RAMD32/CLK          n/a            1.250         5.875       4.625      SLICE_X48Y134  hash_tile_md0/B_FIFO_INSTANCE/fifo_mem_reg_0_7_0_5/RAMA/CLK



