Copyright 1986-2022 Xilinx, Inc. All Rights Reserved. Copyright 2022-2025 Advanced Micro Devices, Inc. All Rights Reserved.
---------------------------------------------------------------------------------------------------------------------------------------------
| Tool Version : Vivado v.2025.2 (lin64) Build 6299465 Fri Nov 14 12:34:56 MST 2025
| Date         : Sat Aug 29 23:51:54 2026
| Host         : MSI running 64-bit Ubuntu 26.04 LTS
| Command      : report_timing_summary -file /tmp/fsrch_slh_256f_optimized_12.0.rpt
| Design       : top
| Device       : 7a200t-fbg676
| Speed File   : -1  PRODUCTION 1.23 2018-06-13
| Design State : Routed
---------------------------------------------------------------------------------------------------------------------------------------------

Timing Summary Report

------------------------------------------------------------------------------------------------
| Timer Settings
| --------------
------------------------------------------------------------------------------------------------

  Enable Multi Corner Analysis               :  Yes
  Enable Pessimism Removal                   :  Yes
  Pessimism Removal Resolution               :  Nearest Common Node
  Enable Input Delay Default Clock           :  No
  Enable Preset / Clear Arcs                 :  No
  Disable Flight Delays                      :  No
  Ignore I/O Paths                           :  No
  Timing Early Launch at Borrowing Latches   :  No
  Borrow Time for Max Delay Exceptions       :  Yes
  Merge Timing Exceptions                    :  Yes
  Inter-SLR Compensation                     :  Conservative

  Corner  Analyze    Analyze    
  Name    Max Paths  Min Paths  
  ------  ---------  ---------  
  Slow    Yes        Yes        
  Fast    Yes        Yes        


------------------------------------------------------------------------------------------------
| Report Methodology
| ------------------
------------------------------------------------------------------------------------------------

No report available as report_methodology has not been run prior. Run report_methodology on the current design for the summary of methodology violations.



check_timing report

Table of Contents
-----------------
1. checking no_clock (4)
2. checking constant_clock (0)
3. checking pulse_width_clock (0)
4. checking unconstrained_internal_endpoints (1)
5. checking no_input_delay (170)
6. checking no_output_delay (80)
7. checking multiple_clock (0)
8. checking generated_clocks (0)
9. checking loops (0)
10. checking partial_input_delay (0)
11. checking partial_output_delay (0)
12. checking latch_loops (0)

1. checking no_clock (4)
------------------------
 There is 1 register/latch pin with no clock driven by root clock pin: wots_xmss_fsm_md0/md0/XMSS_start_reg/Q (HIGH)

 There is 1 register/latch pin with no clock driven by root clock pin: wots_xmss_fsm_md0/md0/cnt_reg[1]/Q (HIGH)

 There is 1 register/latch pin with no clock driven by root clock pin: wots_xmss_fsm_md0/md0/cnt_reg[2]/Q (HIGH)

 There is 1 register/latch pin with no clock driven by root clock pin: wots_xmss_fsm_md0/md0/cnt_reg[3]/Q (HIGH)


2. checking constant_clock (0)
------------------------------
 There are 0 register/latch pins with constant_clock.


3. checking pulse_width_clock (0)
---------------------------------
 There are 0 register/latch pins which need pulse_width check


4. checking unconstrained_internal_endpoints (1)
------------------------------------------------
 There is 1 pin that is not constrained for maximum delay. (HIGH)

 There are 0 pins that are not constrained for maximum delay due to constant clock.


5. checking no_input_delay (170)
--------------------------------
 There are 156 input ports with no input delay specified. (HIGH)

 There are 14 input ports with no input delay but user has a false path constraint. (MEDIUM)


6. checking no_output_delay (80)
--------------------------------
 There are 80 ports with no output delay specified. (HIGH)

 There are 0 ports with no output delay but user has a false path constraint

 There are 0 ports with no output delay but with a timing clock defined on it or propagating through it


7. checking multiple_clock (0)
------------------------------
 There are 0 register/latch pins with multiple clocks.


8. checking generated_clocks (0)
--------------------------------
 There are 0 generated clocks that are not connected to a clock source.


9. checking loops (0)
---------------------
 There are 0 combinational loops in the design.


10. checking partial_input_delay (0)
------------------------------------
 There are 0 input ports with partial input delay specified.


11. checking partial_output_delay (0)
-------------------------------------
 There are 0 ports with partial output delay specified.


12. checking latch_loops (0)
----------------------------
 There are 0 combinational latch loops in the design through latch input



------------------------------------------------------------------------------------------------
| Design Timing Summary
| ---------------------
------------------------------------------------------------------------------------------------

    WNS(ns)      TNS(ns)  TNS Failing Endpoints  TNS Total Endpoints      WHS(ns)      THS(ns)  THS Failing Endpoints  THS Total Endpoints     WPWS(ns)     TPWS(ns)  TPWS Failing Endpoints  TPWS Total Endpoints  
    -------      -------  ---------------------  -------------------      -------      -------  ---------------------  -------------------     --------     --------  ----------------------  --------------------  
      0.117        0.000                      0                37300        0.039        0.000                      0                37300        4.750        0.000                       0                 16676  


All user specified timing constraints are met.


------------------------------------------------------------------------------------------------
| Clock Summary
| -------------
------------------------------------------------------------------------------------------------

Clock  Waveform(ns)       Period(ns)      Frequency(MHz)
-----  ------------       ----------      --------------
clk    {0.000 6.000}      12.000          83.333          


------------------------------------------------------------------------------------------------
| Intra Clock Table
| -----------------
------------------------------------------------------------------------------------------------

Clock             WNS(ns)      TNS(ns)  TNS Failing Endpoints  TNS Total Endpoints      WHS(ns)      THS(ns)  THS Failing Endpoints  THS Total Endpoints     WPWS(ns)     TPWS(ns)  TPWS Failing Endpoints  TPWS Total Endpoints  
-----             -------      -------  ---------------------  -------------------      -------      -------  ---------------------  -------------------     --------     --------  ----------------------  --------------------  
clk                 0.117        0.000                      0                37300        0.039        0.000                      0                37300        4.750        0.000                       0                 16676  


------------------------------------------------------------------------------------------------
| Inter Clock Table
| -----------------
------------------------------------------------------------------------------------------------

From Clock    To Clock          WNS(ns)      TNS(ns)  TNS Failing Endpoints  TNS Total Endpoints      WHS(ns)      THS(ns)  THS Failing Endpoints  THS Total Endpoints  
----------    --------          -------      -------  ---------------------  -------------------      -------      -------  ---------------------  -------------------  


------------------------------------------------------------------------------------------------
| Other Path Groups Table
| -----------------------
------------------------------------------------------------------------------------------------

Path Group    From Clock    To Clock          WNS(ns)      TNS(ns)  TNS Failing Endpoints  TNS Total Endpoints      WHS(ns)      THS(ns)  THS Failing Endpoints  THS Total Endpoints  
----------    ----------    --------          -------      -------  ---------------------  -------------------      -------      -------  ---------------------  -------------------  


------------------------------------------------------------------------------------------------
| Timing Details
| --------------
------------------------------------------------------------------------------------------------


---------------------------------------------------------------------------------------------------
From Clock:  clk
  To Clock:  clk

Setup :            0  Failing Endpoints,  Worst Slack        0.117ns,  Total Violation        0.000ns
Hold  :            0  Failing Endpoints,  Worst Slack        0.039ns,  Total Violation        0.000ns
PW    :            0  Failing Endpoints,  Worst Slack        4.750ns,  Total Violation        0.000ns
---------------------------------------------------------------------------------------------------


Max Delay Paths
--------------------------------------------------------------------------------------
Slack (MET) :             0.117ns  (required time - arrival time)
  Source:                 hash_tile_md0/DUT_SHA256/HASH_BM/SHA256/w_mem_inst/w_mem_reg[1][4]/C
                            (rising edge-triggered cell FDCE clocked by clk  {rise@0.000ns fall@6.000ns period=12.000ns})
  Destination:            hash_tile_md0/DUT_SHA256/HASH_BM/SHA256/a_reg_reg[27]/D
                            (rising edge-triggered cell FDCE clocked by clk  {rise@0.000ns fall@6.000ns period=12.000ns})
  Path Group:             clk
  Path Type:              Setup (Max at Slow Process Corner)
  Requirement:            12.000ns  (clk rise@12.000ns - clk rise@0.000ns)
  Data Path Delay:        11.828ns  (logic 5.182ns (43.812%)  route 6.646ns (56.188%))
  Logic Levels:           17  (CARRY4=8 LUT3=2 LUT5=4 LUT6=3)
  Clock Path Skew:        -0.049ns (DCD - SCD + CPR)
    Destination Clock Delay (DCD):    0.924ns = ( 12.924 - 12.000 ) 
    Source Clock Delay      (SCD):    0.973ns
    Clock Pessimism Removal (CPR):    0.000ns
  Clock Uncertainty:      0.035ns  ((TSJ^2 + TIJ^2)^1/2 + DJ) / 2 + PE
    Total System Jitter     (TSJ):    0.071ns
    Total Input Jitter      (TIJ):    0.000ns
    Discrete Jitter          (DJ):    0.000ns
    Phase Error              (PE):    0.000ns

    Location             Delay type                Incr(ns)  Path(ns)    Netlist Resource(s)
  -------------------------------------------------------------------    -------------------
                         (clock clk rise edge)        0.000     0.000 r  
                                                      0.000     0.000 r  clk (IN)
                         net (fo=16675, unset)        0.973     0.973    hash_tile_md0/DUT_SHA256/HASH_BM/SHA256/w_mem_inst/clk
    SLICE_X146Y76        FDCE                                         r  hash_tile_md0/DUT_SHA256/HASH_BM/SHA256/w_mem_inst/w_mem_reg[1][4]/C
  -------------------------------------------------------------------    -------------------
    SLICE_X146Y76        FDCE (Prop_fdce_C_Q)         0.518     1.491 r  hash_tile_md0/DUT_SHA256/HASH_BM/SHA256/w_mem_inst/w_mem_reg[1][4]/Q
                         net (fo=9, routed)           1.163     2.654    hash_tile_md0/DUT_SHA256/HASH_BM/SHA256/w_mem_inst/p_2_in[29]
    SLICE_X143Y78        LUT5 (Prop_lut5_I1_O)        0.124     2.778 r  hash_tile_md0/DUT_SHA256/HASH_BM/SHA256/w_mem_inst/w_mem[15][3]_i_12__0/O
                         net (fo=2, routed)           0.569     3.348    hash_tile_md0/DUT_SHA256/HASH_BM/SHA256/w_mem_inst/w_mem[15][3]_i_12__0_n_0
    SLICE_X141Y78        LUT5 (Prop_lut5_I0_O)        0.119     3.467 r  hash_tile_md0/DUT_SHA256/HASH_BM/SHA256/w_mem_inst/w_mem[15][3]_i_4__0/O
                         net (fo=2, routed)           0.678     4.145    hash_tile_md0/DUT_SHA256/HASH_BM/SHA256/w_mem_inst/w_mem[15][3]_i_4__0_n_0
    SLICE_X140Y77        LUT5 (Prop_lut5_I0_O)        0.332     4.477 r  hash_tile_md0/DUT_SHA256/HASH_BM/SHA256/w_mem_inst/w_mem[15][3]_i_8__0/O
                         net (fo=1, routed)           0.000     4.477    hash_tile_md0/DUT_SHA256/HASH_BM/SHA256/w_mem_inst/w_mem[15][3]_i_8__0_n_0
    SLICE_X140Y77        CARRY4 (Prop_carry4_S[2]_CO[3])
                                                      0.380     4.857 r  hash_tile_md0/DUT_SHA256/HASH_BM/SHA256/w_mem_inst/w_mem_reg[15][3]_i_2__0/CO[3]
                         net (fo=1, routed)           0.000     4.857    hash_tile_md0/DUT_SHA256/HASH_BM/SHA256/w_mem_inst/w_mem_reg[15][3]_i_2__0_n_0
    SLICE_X140Y78        CARRY4 (Prop_carry4_CI_O[1])
                                                      0.323     5.180 r  hash_tile_md0/DUT_SHA256/HASH_BM/SHA256/w_mem_inst/w_mem_reg[15][7]_i_2__0/O[1]
                         net (fo=2, routed)           0.665     5.845    hash_tile_md0/DUT_SHA256/HASH_BM/SHA256/w_mem_inst/w_new[5]
    SLICE_X136Y78        LUT6 (Prop_lut6_I3_O)        0.306     6.151 r  hash_tile_md0/DUT_SHA256/HASH_BM/SHA256/w_mem_inst/i___31_i_20__0/O
                         net (fo=2, routed)           0.739     6.890    hash_tile_md0/DUT_SHA256/HASH_BM/SHA256/w_mem_inst/w_data[5]
    SLICE_X125Y79        LUT3 (Prop_lut3_I2_O)        0.119     7.009 r  hash_tile_md0/DUT_SHA256/HASH_BM/SHA256/w_mem_inst/i___31_i_13__0/O
                         net (fo=3, routed)           0.602     7.611    hash_tile_md0/DUT_SHA256/HASH_BM/SHA256/w_mem_inst/t1_logic.csa2_s__0[5]
    SLICE_X122Y79        LUT3 (Prop_lut3_I1_O)        0.332     7.943 r  hash_tile_md0/DUT_SHA256/HASH_BM/SHA256/w_mem_inst/i___31_i_4__0/O
                         net (fo=1, routed)           0.473     8.416    hash_tile_md0/DUT_SHA256/HASH_BM/SHA256/w_mem_inst/t1_logic.csa3_s[5]
    SLICE_X123Y80        CARRY4 (Prop_carry4_DI[1]_CO[3])
                                                      0.507     8.923 r  hash_tile_md0/DUT_SHA256/HASH_BM/SHA256/w_mem_inst/i___31_i_1__0/CO[3]
                         net (fo=1, routed)           0.000     8.923    hash_tile_md0/DUT_SHA256/HASH_BM/SHA256/w_mem_inst/i___31_i_1__0_n_0
    SLICE_X123Y81        CARRY4 (Prop_carry4_CI_O[3])
                                                      0.313     9.236 r  hash_tile_md0/DUT_SHA256/HASH_BM/SHA256/w_mem_inst/i___27_i_1__0/O[3]
                         net (fo=4, routed)           0.624     9.860    hash_tile_md0/DUT_SHA256/HASH_BM/SHA256/w_mem_inst/i___27_i_9__0_0[3]
    SLICE_X119Y79        LUT5 (Prop_lut5_I0_O)        0.306    10.166 r  hash_tile_md0/DUT_SHA256/HASH_BM/SHA256/w_mem_inst/a_reg[15]_i_6__0/O
                         net (fo=2, routed)           0.568    10.734    hash_tile_md0/DUT_SHA256/HASH_BM/SHA256/w_mem_inst/a_reg[15]_i_6__0_n_0
    SLICE_X118Y82        LUT6 (Prop_lut6_I0_O)        0.124    10.858 r  hash_tile_md0/DUT_SHA256/HASH_BM/SHA256/w_mem_inst/a_reg[15]_i_10__0/O
                         net (fo=1, routed)           0.000    10.858    hash_tile_md0/DUT_SHA256/HASH_BM/SHA256/w_mem_inst/a_reg[15]_i_10__0_n_0
    SLICE_X118Y82        CARRY4 (Prop_carry4_S[0]_CO[3])
                                                      0.532    11.390 r  hash_tile_md0/DUT_SHA256/HASH_BM/SHA256/w_mem_inst/a_reg_reg[15]_i_2__0/CO[3]
                         net (fo=1, routed)           0.000    11.390    hash_tile_md0/DUT_SHA256/HASH_BM/SHA256/w_mem_inst/a_reg_reg[15]_i_2__0_n_0
    SLICE_X118Y83        CARRY4 (Prop_carry4_CI_CO[3])
                                                      0.114    11.504 r  hash_tile_md0/DUT_SHA256/HASH_BM/SHA256/w_mem_inst/a_reg_reg[19]_i_2__0/CO[3]
                         net (fo=1, routed)           0.000    11.504    hash_tile_md0/DUT_SHA256/HASH_BM/SHA256/w_mem_inst/a_reg_reg[19]_i_2__0_n_0
    SLICE_X118Y84        CARRY4 (Prop_carry4_CI_CO[3])
                                                      0.114    11.618 r  hash_tile_md0/DUT_SHA256/HASH_BM/SHA256/w_mem_inst/a_reg_reg[23]_i_2__0/CO[3]
                         net (fo=1, routed)           0.000    11.618    hash_tile_md0/DUT_SHA256/HASH_BM/SHA256/w_mem_inst/a_reg_reg[23]_i_2__0_n_0
    SLICE_X118Y85        CARRY4 (Prop_carry4_CI_O[3])
                                                      0.313    11.931 r  hash_tile_md0/DUT_SHA256/HASH_BM/SHA256/w_mem_inst/a_reg_reg[27]_i_2__0/O[3]
                         net (fo=1, routed)           0.564    12.495    hash_tile_md0/DUT_SHA256/HASH_BM/SHA256/w_mem_inst/a_new0[27]
    SLICE_X118Y87        LUT6 (Prop_lut6_I5_O)        0.306    12.801 r  hash_tile_md0/DUT_SHA256/HASH_BM/SHA256/w_mem_inst/a_reg[27]_i_1__0/O
                         net (fo=1, routed)           0.000    12.801    hash_tile_md0/DUT_SHA256/HASH_BM/SHA256/w_mem_inst_n_10
    SLICE_X118Y87        FDCE                                         r  hash_tile_md0/DUT_SHA256/HASH_BM/SHA256/a_reg_reg[27]/D
  -------------------------------------------------------------------    -------------------

                         (clock clk rise edge)       12.000    12.000 r  
                                                      0.000    12.000 r  clk (IN)
                         net (fo=16675, unset)        0.924    12.924    hash_tile_md0/DUT_SHA256/HASH_BM/SHA256/clk
    SLICE_X118Y87        FDCE                                         r  hash_tile_md0/DUT_SHA256/HASH_BM/SHA256/a_reg_reg[27]/C
                         clock pessimism              0.000    12.924    
                         clock uncertainty           -0.035    12.889    
    SLICE_X118Y87        FDCE (Setup_fdce_C_D)        0.029    12.918    hash_tile_md0/DUT_SHA256/HASH_BM/SHA256/a_reg_reg[27]
  -------------------------------------------------------------------
                         required time                         12.918    
                         arrival time                         -12.801    
  -------------------------------------------------------------------
                         slack                                  0.117    





Min Delay Paths
--------------------------------------------------------------------------------------
Slack (MET) :             0.039ns  (arrival time - required time)
  Source:                 hash_tile_md0/DUT_SHA256/B_FIFO_INSTANCE/wr_addr_reg[0]/C
                            (rising edge-triggered cell FDRE clocked by clk  {rise@0.000ns fall@6.000ns period=12.000ns})
  Destination:            hash_tile_md0/DUT_SHA256/B_FIFO_INSTANCE/fifo_mem_reg_0_7_18_23/RAMA/WADR0
                            (rising edge-triggered cell RAMD32 clocked by clk  {rise@0.000ns fall@6.000ns period=12.000ns})
  Path Group:             clk
  Path Type:              Hold (Min at Fast Process Corner)
  Requirement:            0.000ns  (clk rise@0.000ns - clk rise@0.000ns)
  Data Path Delay:        0.371ns  (logic 0.141ns (38.052%)  route 0.230ns (61.947%))
  Logic Levels:           0  
  Clock Path Skew:        0.022ns (DCD - SCD - CPR)
    Destination Clock Delay (DCD):    0.432ns
    Source Clock Delay      (SCD):    0.410ns
    Clock Pessimism Removal (CPR):    -0.000ns

    Location             Delay type                Incr(ns)  Path(ns)    Netlist Resource(s)
  -------------------------------------------------------------------    -------------------
                         (clock clk rise edge)        0.000     0.000 r  
                                                      0.000     0.000 r  clk (IN)
                         net (fo=16675, unset)        0.410     0.410    hash_tile_md0/DUT_SHA256/B_FIFO_INSTANCE/clk
    SLICE_X97Y76         FDRE                                         r  hash_tile_md0/DUT_SHA256/B_FIFO_INSTANCE/wr_addr_reg[0]/C
  -------------------------------------------------------------------    -------------------
    SLICE_X97Y76         FDRE (Prop_fdre_C_Q)         0.141     0.551 r  hash_tile_md0/DUT_SHA256/B_FIFO_INSTANCE/wr_addr_reg[0]/Q
                         net (fo=94, routed)          0.230     0.781    hash_tile_md0/DUT_SHA256/B_FIFO_INSTANCE/fifo_mem_reg_0_7_18_23/ADDRD0
    SLICE_X96Y76         RAMD32                                       r  hash_tile_md0/DUT_SHA256/B_FIFO_INSTANCE/fifo_mem_reg_0_7_18_23/RAMA/WADR0
  -------------------------------------------------------------------    -------------------

                         (clock clk rise edge)        0.000     0.000 r  
                                                      0.000     0.000 r  clk (IN)
                         net (fo=16675, unset)        0.432     0.432    hash_tile_md0/DUT_SHA256/B_FIFO_INSTANCE/fifo_mem_reg_0_7_18_23/WCLK
    SLICE_X96Y76         RAMD32                                       r  hash_tile_md0/DUT_SHA256/B_FIFO_INSTANCE/fifo_mem_reg_0_7_18_23/RAMA/CLK
                         clock pessimism              0.000     0.432    
    SLICE_X96Y76         RAMD32 (Hold_ramd32_CLK_WADR0)
                                                      0.310     0.742    hash_tile_md0/DUT_SHA256/B_FIFO_INSTANCE/fifo_mem_reg_0_7_18_23/RAMA
  -------------------------------------------------------------------
                         required time                         -0.742    
                         arrival time                           0.781    
  -------------------------------------------------------------------
                         slack                                  0.039    





Pulse Width Checks
--------------------------------------------------------------------------------------
Clock Name:         clk
Waveform(ns):       { 0.000 6.000 }
Period(ns):         12.000
Sources:            { clk }

Check Type        Corner  Lib Pin             Reference Pin  Required(ns)  Actual(ns)  Slack(ns)  Location      Pin
Min Period        n/a     RAMB36E1/CLKARDCLK  n/a            2.944         12.000      9.056      RAMB36_X6Y15  hash_tile_md0/DUT_SHA256/BIG_MEM/mem_reg/CLKARDCLK
Low Pulse Width   Slow    RAMD32/CLK          n/a            1.250         6.000       4.750      SLICE_X98Y75  hash_tile_md0/DUT_SHA256/B_FIFO_INSTANCE/fifo_mem_reg_0_7_0_5/RAMA/CLK
High Pulse Width  Slow    RAMD32/CLK          n/a            1.250         6.000       4.750      SLICE_X98Y75  hash_tile_md0/DUT_SHA256/B_FIFO_INSTANCE/fifo_mem_reg_0_7_0_5/RAMA/CLK



