Copyright 1986-2022 Xilinx, Inc. All Rights Reserved. Copyright 2022-2025 Advanced Micro Devices, Inc. All Rights Reserved.
---------------------------------------------------------------------------------------------------------------------------------------------
| Tool Version : Vivado v.2025.2 (lin64) Build 6299465 Fri Nov 14 12:34:56 MST 2025
| Date         : Sat Aug 29 15:41:59 2026
| Host         : MSI running 64-bit Ubuntu 26.04 LTS
| Command      : report_timing_summary -file /tmp/fsrch_slh_192s_optimized_14.5.rpt
| Design       : top
| Device       : 7a200t-fbg676
| Speed File   : -1  PRODUCTION 1.23 2018-06-13
| Design State : Routed
---------------------------------------------------------------------------------------------------------------------------------------------

Timing Summary Report

------------------------------------------------------------------------------------------------
| Timer Settings
| --------------
------------------------------------------------------------------------------------------------

  Enable Multi Corner Analysis               :  Yes
  Enable Pessimism Removal                   :  Yes
  Pessimism Removal Resolution               :  Nearest Common Node
  Enable Input Delay Default Clock           :  No
  Enable Preset / Clear Arcs                 :  No
  Disable Flight Delays                      :  No
  Ignore I/O Paths                           :  No
  Timing Early Launch at Borrowing Latches   :  No
  Borrow Time for Max Delay Exceptions       :  Yes
  Merge Timing Exceptions                    :  Yes
  Inter-SLR Compensation                     :  Conservative

  Corner  Analyze    Analyze    
  Name    Max Paths  Min Paths  
  ------  ---------  ---------  
  Slow    Yes        Yes        
  Fast    Yes        Yes        


------------------------------------------------------------------------------------------------
| Report Methodology
| ------------------
------------------------------------------------------------------------------------------------

No report available as report_methodology has not been run prior. Run report_methodology on the current design for the summary of methodology violations.



check_timing report

Table of Contents
-----------------
1. checking no_clock (4)
2. checking constant_clock (0)
3. checking pulse_width_clock (0)
4. checking unconstrained_internal_endpoints (1)
5. checking no_input_delay (170)
6. checking no_output_delay (80)
7. checking multiple_clock (0)
8. checking generated_clocks (0)
9. checking loops (0)
10. checking partial_input_delay (0)
11. checking partial_output_delay (0)
12. checking latch_loops (0)

1. checking no_clock (4)
------------------------
 There is 1 register/latch pin with no clock driven by root clock pin: wots_xmss_fsm_md0/md0/XMSS_start_reg/Q (HIGH)

 There is 1 register/latch pin with no clock driven by root clock pin: wots_xmss_fsm_md0/md0/cnt_reg[1]/Q (HIGH)

 There is 1 register/latch pin with no clock driven by root clock pin: wots_xmss_fsm_md0/md0/cnt_reg[2]/Q (HIGH)

 There is 1 register/latch pin with no clock driven by root clock pin: wots_xmss_fsm_md0/md0/cnt_reg[3]/Q (HIGH)


2. checking constant_clock (0)
------------------------------
 There are 0 register/latch pins with constant_clock.


3. checking pulse_width_clock (0)
---------------------------------
 There are 0 register/latch pins which need pulse_width check


4. checking unconstrained_internal_endpoints (1)
------------------------------------------------
 There is 1 pin that is not constrained for maximum delay. (HIGH)

 There are 0 pins that are not constrained for maximum delay due to constant clock.


5. checking no_input_delay (170)
--------------------------------
 There are 156 input ports with no input delay specified. (HIGH)

 There are 14 input ports with no input delay but user has a false path constraint. (MEDIUM)


6. checking no_output_delay (80)
--------------------------------
 There are 80 ports with no output delay specified. (HIGH)

 There are 0 ports with no output delay but user has a false path constraint

 There are 0 ports with no output delay but with a timing clock defined on it or propagating through it


7. checking multiple_clock (0)
------------------------------
 There are 0 register/latch pins with multiple clocks.


8. checking generated_clocks (0)
--------------------------------
 There are 0 generated clocks that are not connected to a clock source.


9. checking loops (0)
---------------------
 There are 0 combinational loops in the design.


10. checking partial_input_delay (0)
------------------------------------
 There are 0 input ports with partial input delay specified.


11. checking partial_output_delay (0)
-------------------------------------
 There are 0 ports with partial output delay specified.


12. checking latch_loops (0)
----------------------------
 There are 0 combinational latch loops in the design through latch input



------------------------------------------------------------------------------------------------
| Design Timing Summary
| ---------------------
------------------------------------------------------------------------------------------------

    WNS(ns)      TNS(ns)  TNS Failing Endpoints  TNS Total Endpoints      WHS(ns)      THS(ns)  THS Failing Endpoints  THS Total Endpoints     WPWS(ns)     TPWS(ns)  TPWS Failing Endpoints  TPWS Total Endpoints  
    -------      -------  ---------------------  -------------------      -------      -------  ---------------------  -------------------     --------     --------  ----------------------  --------------------  
      0.131        0.000                      0                36835        0.051        0.000                      0                36835        6.000        0.000                       0                 16330  


All user specified timing constraints are met.


------------------------------------------------------------------------------------------------
| Clock Summary
| -------------
------------------------------------------------------------------------------------------------

Clock  Waveform(ns)       Period(ns)      Frequency(MHz)
-----  ------------       ----------      --------------
clk    {0.000 7.250}      14.500          68.966          


------------------------------------------------------------------------------------------------
| Intra Clock Table
| -----------------
------------------------------------------------------------------------------------------------

Clock             WNS(ns)      TNS(ns)  TNS Failing Endpoints  TNS Total Endpoints      WHS(ns)      THS(ns)  THS Failing Endpoints  THS Total Endpoints     WPWS(ns)     TPWS(ns)  TPWS Failing Endpoints  TPWS Total Endpoints  
-----             -------      -------  ---------------------  -------------------      -------      -------  ---------------------  -------------------     --------     --------  ----------------------  --------------------  
clk                 0.131        0.000                      0                36835        0.051        0.000                      0                36835        6.000        0.000                       0                 16330  


------------------------------------------------------------------------------------------------
| Inter Clock Table
| -----------------
------------------------------------------------------------------------------------------------

From Clock    To Clock          WNS(ns)      TNS(ns)  TNS Failing Endpoints  TNS Total Endpoints      WHS(ns)      THS(ns)  THS Failing Endpoints  THS Total Endpoints  
----------    --------          -------      -------  ---------------------  -------------------      -------      -------  ---------------------  -------------------  


------------------------------------------------------------------------------------------------
| Other Path Groups Table
| -----------------------
------------------------------------------------------------------------------------------------

Path Group    From Clock    To Clock          WNS(ns)      TNS(ns)  TNS Failing Endpoints  TNS Total Endpoints      WHS(ns)      THS(ns)  THS Failing Endpoints  THS Total Endpoints  
----------    ----------    --------          -------      -------  ---------------------  -------------------      -------      -------  ---------------------  -------------------  


------------------------------------------------------------------------------------------------
| Timing Details
| --------------
------------------------------------------------------------------------------------------------


---------------------------------------------------------------------------------------------------
From Clock:  clk
  To Clock:  clk

Setup :            0  Failing Endpoints,  Worst Slack        0.131ns,  Total Violation        0.000ns
Hold  :            0  Failing Endpoints,  Worst Slack        0.051ns,  Total Violation        0.000ns
PW    :            0  Failing Endpoints,  Worst Slack        6.000ns,  Total Violation        0.000ns
---------------------------------------------------------------------------------------------------


Max Delay Paths
--------------------------------------------------------------------------------------
Slack (MET) :             0.131ns  (required time - arrival time)
  Source:                 hash_tile_md0/DUT_SHA512/HASH_BM/SHA512/w_mem_inst/w_mem_reg[1][20]/C
                            (rising edge-triggered cell FDCE clocked by clk  {rise@0.000ns fall@7.250ns period=14.500ns})
  Destination:            hash_tile_md0/DUT_SHA512/HASH_BM/SHA512/a_reg_reg[63]/D
                            (rising edge-triggered cell FDCE clocked by clk  {rise@0.000ns fall@7.250ns period=14.500ns})
  Path Group:             clk
  Path Type:              Setup (Max at Slow Process Corner)
  Requirement:            14.500ns  (clk rise@14.500ns - clk rise@0.000ns)
  Data Path Delay:        14.316ns  (logic 6.794ns (47.456%)  route 7.522ns (52.544%))
  Logic Levels:           26  (CARRY4=15 LUT3=2 LUT4=1 LUT5=5 LUT6=3)
  Clock Path Skew:        -0.049ns (DCD - SCD + CPR)
    Destination Clock Delay (DCD):    0.924ns = ( 15.424 - 14.500 ) 
    Source Clock Delay      (SCD):    0.973ns
    Clock Pessimism Removal (CPR):    0.000ns
  Clock Uncertainty:      0.035ns  ((TSJ^2 + TIJ^2)^1/2 + DJ) / 2 + PE
    Total System Jitter     (TSJ):    0.071ns
    Total Input Jitter      (TIJ):    0.000ns
    Discrete Jitter          (DJ):    0.000ns
    Phase Error              (PE):    0.000ns

    Location             Delay type                Incr(ns)  Path(ns)    Netlist Resource(s)
  -------------------------------------------------------------------    -------------------
                         (clock clk rise edge)        0.000     0.000 r  
                                                      0.000     0.000 r  clk (IN)
                         net (fo=16329, unset)        0.973     0.973    hash_tile_md0/DUT_SHA512/HASH_BM/SHA512/w_mem_inst/clk
    SLICE_X135Y82        FDCE                                         r  hash_tile_md0/DUT_SHA512/HASH_BM/SHA512/w_mem_inst/w_mem_reg[1][20]/C
  -------------------------------------------------------------------    -------------------
    SLICE_X135Y82        FDCE (Prop_fdce_C_Q)         0.456     1.429 r  hash_tile_md0/DUT_SHA512/HASH_BM/SHA512/w_mem_inst/w_mem_reg[1][20]/Q
                         net (fo=8, routed)           0.814     2.243    hash_tile_md0/DUT_SHA512/HASH_BM/SHA512/w_mem_inst/p_5_in[19]
    SLICE_X134Y83        LUT3 (Prop_lut3_I0_O)        0.124     2.367 r  hash_tile_md0/DUT_SHA512/HASH_BM/SHA512/w_mem_inst/w_mem[15][15]_i_23__0/O
                         net (fo=1, routed)           0.799     3.166    hash_tile_md0/DUT_SHA512/HASH_BM/SHA512/w_mem_inst/w_mem_update_logic.d0[12]
    SLICE_X135Y84        LUT5 (Prop_lut5_I3_O)        0.124     3.290 r  hash_tile_md0/DUT_SHA512/HASH_BM/SHA512/w_mem_inst/w_mem[15][15]_i_15__2/O
                         net (fo=2, routed)           0.579     3.869    hash_tile_md0/DUT_SHA512/HASH_BM/SHA512/w_mem_inst/w_mem[15][15]_i_15__2_n_0
    SLICE_X133Y84        LUT3 (Prop_lut3_I1_O)        0.124     3.993 r  hash_tile_md0/DUT_SHA512/HASH_BM/SHA512/w_mem_inst/w_mem[15][15]_i_5__2/O
                         net (fo=2, routed)           0.862     4.855    hash_tile_md0/DUT_SHA512/HASH_BM/SHA512/w_mem_inst/w_mem[15][15]_i_5__2_n_0
    SLICE_X130Y84        LUT4 (Prop_lut4_I3_O)        0.124     4.979 r  hash_tile_md0/DUT_SHA512/HASH_BM/SHA512/w_mem_inst/w_mem[15][15]_i_9__2/O
                         net (fo=1, routed)           0.000     4.979    hash_tile_md0/DUT_SHA512/HASH_BM/SHA512/w_mem_inst/w_mem[15][15]_i_9__2_n_0
    SLICE_X130Y84        CARRY4 (Prop_carry4_S[1]_CO[3])
                                                      0.550     5.529 r  hash_tile_md0/DUT_SHA512/HASH_BM/SHA512/w_mem_inst/w_mem_reg[15][15]_i_2__2/CO[3]
                         net (fo=1, routed)           0.000     5.529    hash_tile_md0/DUT_SHA512/HASH_BM/SHA512/w_mem_inst/w_mem_reg[15][15]_i_2__2_n_0
    SLICE_X130Y85        CARRY4 (Prop_carry4_CI_O[1])
                                                      0.334     5.863 r  hash_tile_md0/DUT_SHA512/HASH_BM/SHA512/w_mem_inst/w_mem_reg[15][19]_i_2__2/O[1]
                         net (fo=2, routed)           0.519     6.382    hash_tile_md0/DUT_SHA512/HASH_BM/SHA512/w_mem_inst/w_new[17]
    SLICE_X131Y85        LUT5 (Prop_lut5_I3_O)        0.303     6.685 r  hash_tile_md0/DUT_SHA512/HASH_BM/SHA512/w_mem_inst/i___68_i_24__0/O
                         net (fo=2, routed)           0.446     7.131    hash_tile_md0/DUT_SHA512/HASH_BM/SHA512/w_mem_inst/w_data[17]
    SLICE_X126Y85        LUT5 (Prop_lut5_I3_O)        0.124     7.255 r  hash_tile_md0/DUT_SHA512/HASH_BM/SHA512/w_mem_inst/i___68_i_16__0/O
                         net (fo=2, routed)           0.639     7.894    hash_tile_md0/DUT_SHA512/HASH_BM/SHA512/w_mem_inst/i___68_i_16__0_n_0
    SLICE_X122Y80        LUT6 (Prop_lut6_I0_O)        0.124     8.018 r  hash_tile_md0/DUT_SHA512/HASH_BM/SHA512/w_mem_inst/i___68_i_20__0/O
                         net (fo=1, routed)           0.000     8.018    hash_tile_md0/DUT_SHA512/HASH_BM/SHA512/w_mem_inst/i___68_i_20__0_n_0
    SLICE_X122Y80        CARRY4 (Prop_carry4_S[2]_CO[3])
                                                      0.398     8.416 r  hash_tile_md0/DUT_SHA512/HASH_BM/SHA512/w_mem_inst/i___68_i_13__0/CO[3]
                         net (fo=1, routed)           0.000     8.416    hash_tile_md0/DUT_SHA512/HASH_BM/SHA512/w_mem_inst/i___68_i_13__0_n_0
    SLICE_X122Y81        CARRY4 (Prop_carry4_CI_CO[3])
                                                      0.114     8.530 r  hash_tile_md0/DUT_SHA512/HASH_BM/SHA512/w_mem_inst/i___64_i_13__0/CO[3]
                         net (fo=1, routed)           0.000     8.530    hash_tile_md0/DUT_SHA512/HASH_BM/SHA512/w_mem_inst/i___64_i_13__0_n_0
    SLICE_X122Y82        CARRY4 (Prop_carry4_CI_CO[3])
                                                      0.114     8.644 r  hash_tile_md0/DUT_SHA512/HASH_BM/SHA512/w_mem_inst/i___60_i_13__0/CO[3]
                         net (fo=1, routed)           0.000     8.644    hash_tile_md0/DUT_SHA512/HASH_BM/SHA512/w_mem_inst/i___60_i_13__0_n_0
    SLICE_X122Y83        CARRY4 (Prop_carry4_CI_CO[3])
                                                      0.114     8.758 r  hash_tile_md0/DUT_SHA512/HASH_BM/SHA512/w_mem_inst/i___56_i_13__0/CO[3]
                         net (fo=1, routed)           0.000     8.758    hash_tile_md0/DUT_SHA512/HASH_BM/SHA512/w_mem_inst/i___56_i_13__0_n_0
    SLICE_X122Y84        CARRY4 (Prop_carry4_CI_CO[3])
                                                      0.114     8.872 r  hash_tile_md0/DUT_SHA512/HASH_BM/SHA512/w_mem_inst/i___52_i_13__0/CO[3]
                         net (fo=1, routed)           0.000     8.872    hash_tile_md0/DUT_SHA512/HASH_BM/SHA512/w_mem_inst/i___52_i_13__0_n_0
    SLICE_X122Y85        CARRY4 (Prop_carry4_CI_O[3])
                                                      0.313     9.185 r  hash_tile_md0/DUT_SHA512/HASH_BM/SHA512/w_mem_inst/i___48_i_13__0/O[3]
                         net (fo=2, routed)           0.566     9.751    hash_tile_md0/DUT_SHA512/HASH_BM/SHA512/w_mem_inst/i___48_i_13__0_n_4
    SLICE_X119Y85        LUT5 (Prop_lut5_I0_O)        0.306    10.057 r  hash_tile_md0/DUT_SHA512/HASH_BM/SHA512/w_mem_inst/i___48_i_5__0/O
                         net (fo=2, routed)           0.657    10.714    hash_tile_md0/DUT_SHA512/HASH_BM/SHA512/w_mem_inst/i___48_i_5__0_n_0
    SLICE_X116Y85        CARRY4 (Prop_carry4_DI[0]_CO[3])
                                                      0.550    11.264 r  hash_tile_md0/DUT_SHA512/HASH_BM/SHA512/w_mem_inst/i___48_i_1__0/CO[3]
                         net (fo=1, routed)           0.000    11.264    hash_tile_md0/DUT_SHA512/HASH_BM/SHA512/w_mem_inst/i___48_i_1__0_n_0
    SLICE_X116Y86        CARRY4 (Prop_carry4_CI_CO[3])
                                                      0.117    11.381 r  hash_tile_md0/DUT_SHA512/HASH_BM/SHA512/w_mem_inst/i___44_i_1__0/CO[3]
                         net (fo=1, routed)           0.000    11.381    hash_tile_md0/DUT_SHA512/HASH_BM/SHA512/w_mem_inst/i___44_i_1__0_n_0
    SLICE_X116Y87        CARRY4 (Prop_carry4_CI_CO[3])
                                                      0.117    11.498 r  hash_tile_md0/DUT_SHA512/HASH_BM/SHA512/w_mem_inst/i___40_i_1__0/CO[3]
                         net (fo=1, routed)           0.000    11.498    hash_tile_md0/DUT_SHA512/HASH_BM/SHA512/w_mem_inst/i___40_i_1__0_n_0
    SLICE_X116Y88        CARRY4 (Prop_carry4_CI_CO[3])
                                                      0.117    11.615 r  hash_tile_md0/DUT_SHA512/HASH_BM/SHA512/w_mem_inst/i___36_i_1__0/CO[3]
                         net (fo=1, routed)           0.000    11.615    hash_tile_md0/DUT_SHA512/HASH_BM/SHA512/w_mem_inst/i___36_i_1__0_n_0
    SLICE_X116Y89        CARRY4 (Prop_carry4_CI_O[0])
                                                      0.219    11.834 r  hash_tile_md0/DUT_SHA512/HASH_BM/SHA512/w_mem_inst/i___32_i_1__0/O[0]
                         net (fo=4, routed)           0.653    12.487    hash_tile_md0/DUT_SHA512/HASH_BM/SHA512/w_mem_inst/e_reg_reg[58][0]
    SLICE_X112Y89        LUT5 (Prop_lut5_I4_O)        0.290    12.777 r  hash_tile_md0/DUT_SHA512/HASH_BM/SHA512/w_mem_inst/a_reg[59]_i_5__0/O
                         net (fo=2, routed)           0.673    13.450    hash_tile_md0/DUT_SHA512/HASH_BM/SHA512/w_mem_inst/a_reg[59]_i_5__0_n_0
    SLICE_X113Y89        LUT6 (Prop_lut6_I0_O)        0.355    13.805 r  hash_tile_md0/DUT_SHA512/HASH_BM/SHA512/w_mem_inst/a_reg[59]_i_9__0/O
                         net (fo=1, routed)           0.000    13.805    hash_tile_md0/DUT_SHA512/HASH_BM/SHA512/w_mem_inst/a_reg[59]_i_9__0_n_0
    SLICE_X113Y89        CARRY4 (Prop_carry4_S[1]_CO[3])
                                                      0.550    14.355 r  hash_tile_md0/DUT_SHA512/HASH_BM/SHA512/w_mem_inst/a_reg_reg[59]_i_2__0/CO[3]
                         net (fo=1, routed)           0.000    14.355    hash_tile_md0/DUT_SHA512/HASH_BM/SHA512/w_mem_inst/a_reg_reg[59]_i_2__0_n_0
    SLICE_X113Y90        CARRY4 (Prop_carry4_CI_O[3])
                                                      0.313    14.668 r  hash_tile_md0/DUT_SHA512/HASH_BM/SHA512/w_mem_inst/a_reg_reg[63]_i_2__0/O[3]
                         net (fo=1, routed)           0.316    14.983    hash_tile_md0/DUT_SHA512/HASH_BM/SHA512/w_mem_inst/a_new0[63]
    SLICE_X111Y91        LUT6 (Prop_lut6_I0_O)        0.306    15.289 r  hash_tile_md0/DUT_SHA512/HASH_BM/SHA512/w_mem_inst/a_reg[63]_i_1__0/O
                         net (fo=1, routed)           0.000    15.289    hash_tile_md0/DUT_SHA512/HASH_BM/SHA512/a_new[63]
    SLICE_X111Y91        FDCE                                         r  hash_tile_md0/DUT_SHA512/HASH_BM/SHA512/a_reg_reg[63]/D
  -------------------------------------------------------------------    -------------------

                         (clock clk rise edge)       14.500    14.500 r  
                                                      0.000    14.500 r  clk (IN)
                         net (fo=16329, unset)        0.924    15.424    hash_tile_md0/DUT_SHA512/HASH_BM/SHA512/clk
    SLICE_X111Y91        FDCE                                         r  hash_tile_md0/DUT_SHA512/HASH_BM/SHA512/a_reg_reg[63]/C
                         clock pessimism              0.000    15.424    
                         clock uncertainty           -0.035    15.389    
    SLICE_X111Y91        FDCE (Setup_fdce_C_D)        0.031    15.420    hash_tile_md0/DUT_SHA512/HASH_BM/SHA512/a_reg_reg[63]
  -------------------------------------------------------------------
                         required time                         15.420    
                         arrival time                         -15.289    
  -------------------------------------------------------------------
                         slack                                  0.131    





Min Delay Paths
--------------------------------------------------------------------------------------
Slack (MET) :             0.051ns  (arrival time - required time)
  Source:                 hash_tile_md0/DUT_SHA256/B_FIFO_INSTANCE/wr_addr_reg[0]/C
                            (rising edge-triggered cell FDRE clocked by clk  {rise@0.000ns fall@7.250ns period=14.500ns})
  Destination:            hash_tile_md0/DUT_SHA256/B_FIFO_INSTANCE/fifo_mem_reg_0_7_36_41/RAMA/WADR0
                            (rising edge-triggered cell RAMD32 clocked by clk  {rise@0.000ns fall@7.250ns period=14.500ns})
  Path Group:             clk
  Path Type:              Hold (Min at Fast Process Corner)
  Requirement:            0.000ns  (clk rise@0.000ns - clk rise@0.000ns)
  Data Path Delay:        0.383ns  (logic 0.141ns (36.846%)  route 0.242ns (63.154%))
  Logic Levels:           0  
  Clock Path Skew:        0.022ns (DCD - SCD - CPR)
    Destination Clock Delay (DCD):    0.432ns
    Source Clock Delay      (SCD):    0.410ns
    Clock Pessimism Removal (CPR):    -0.000ns

    Location             Delay type                Incr(ns)  Path(ns)    Netlist Resource(s)
  -------------------------------------------------------------------    -------------------
                         (clock clk rise edge)        0.000     0.000 r  
                                                      0.000     0.000 r  clk (IN)
                         net (fo=16329, unset)        0.410     0.410    hash_tile_md0/DUT_SHA256/B_FIFO_INSTANCE/clk
    SLICE_X69Y87         FDRE                                         r  hash_tile_md0/DUT_SHA256/B_FIFO_INSTANCE/wr_addr_reg[0]/C
  -------------------------------------------------------------------    -------------------
    SLICE_X69Y87         FDRE (Prop_fdre_C_Q)         0.141     0.551 r  hash_tile_md0/DUT_SHA256/B_FIFO_INSTANCE/wr_addr_reg[0]/Q
                         net (fo=93, routed)          0.242     0.793    hash_tile_md0/DUT_SHA256/B_FIFO_INSTANCE/fifo_mem_reg_0_7_36_41/ADDRD0
    SLICE_X68Y87         RAMD32                                       r  hash_tile_md0/DUT_SHA256/B_FIFO_INSTANCE/fifo_mem_reg_0_7_36_41/RAMA/WADR0
  -------------------------------------------------------------------    -------------------

                         (clock clk rise edge)        0.000     0.000 r  
                                                      0.000     0.000 r  clk (IN)
                         net (fo=16329, unset)        0.432     0.432    hash_tile_md0/DUT_SHA256/B_FIFO_INSTANCE/fifo_mem_reg_0_7_36_41/WCLK
    SLICE_X68Y87         RAMD32                                       r  hash_tile_md0/DUT_SHA256/B_FIFO_INSTANCE/fifo_mem_reg_0_7_36_41/RAMA/CLK
                         clock pessimism              0.000     0.432    
    SLICE_X68Y87         RAMD32 (Hold_ramd32_CLK_WADR0)
                                                      0.310     0.742    hash_tile_md0/DUT_SHA256/B_FIFO_INSTANCE/fifo_mem_reg_0_7_36_41/RAMA
  -------------------------------------------------------------------
                         required time                         -0.742    
                         arrival time                           0.793    
  -------------------------------------------------------------------
                         slack                                  0.051    





Pulse Width Checks
--------------------------------------------------------------------------------------
Clock Name:         clk
Waveform(ns):       { 0.000 7.250 }
Period(ns):         14.500
Sources:            { clk }

Check Type        Corner  Lib Pin             Reference Pin  Required(ns)  Actual(ns)  Slack(ns)  Location      Pin
Min Period        n/a     RAMB36E1/CLKARDCLK  n/a            2.944         14.500      11.556     RAMB36_X3Y16  hash_tile_md0/DUT_SHA256/BIG_MEM/mem_reg/CLKARDCLK
Low Pulse Width   Slow    RAMD32/CLK          n/a            1.250         7.250       6.000      SLICE_X68Y82  hash_tile_md0/DUT_SHA256/B_FIFO_INSTANCE/fifo_mem_reg_0_7_0_5/RAMA/CLK
High Pulse Width  Slow    RAMD32/CLK          n/a            1.250         7.250       6.000      SLICE_X68Y82  hash_tile_md0/DUT_SHA256/B_FIFO_INSTANCE/fifo_mem_reg_0_7_0_5/RAMA/CLK



