Copyright 1986-2022 Xilinx, Inc. All Rights Reserved. Copyright 2022-2025 Advanced Micro Devices, Inc. All Rights Reserved.
---------------------------------------------------------------------------------------------------------------------------------------------
| Tool Version : Vivado v.2025.2 (lin64) Build 6299465 Fri Nov 14 12:34:56 MST 2025
| Date         : Sat Aug 29 20:10:20 2026
| Host         : MSI running 64-bit Ubuntu 26.04 LTS
| Command      : report_timing_summary -file /tmp/fsrch_slh_192s_baseline_12.62.rpt
| Design       : top
| Device       : 7a200t-fbg676
| Speed File   : -1  PRODUCTION 1.23 2018-06-13
| Design State : Routed
---------------------------------------------------------------------------------------------------------------------------------------------

Timing Summary Report

------------------------------------------------------------------------------------------------
| Timer Settings
| --------------
------------------------------------------------------------------------------------------------

  Enable Multi Corner Analysis               :  Yes
  Enable Pessimism Removal                   :  Yes
  Pessimism Removal Resolution               :  Nearest Common Node
  Enable Input Delay Default Clock           :  No
  Enable Preset / Clear Arcs                 :  No
  Disable Flight Delays                      :  No
  Ignore I/O Paths                           :  No
  Timing Early Launch at Borrowing Latches   :  No
  Borrow Time for Max Delay Exceptions       :  Yes
  Merge Timing Exceptions                    :  Yes
  Inter-SLR Compensation                     :  Conservative

  Corner  Analyze    Analyze    
  Name    Max Paths  Min Paths  
  ------  ---------  ---------  
  Slow    Yes        Yes        
  Fast    Yes        Yes        


------------------------------------------------------------------------------------------------
| Report Methodology
| ------------------
------------------------------------------------------------------------------------------------

No report available as report_methodology has not been run prior. Run report_methodology on the current design for the summary of methodology violations.



check_timing report

Table of Contents
-----------------
1. checking no_clock (4)
2. checking constant_clock (0)
3. checking pulse_width_clock (0)
4. checking unconstrained_internal_endpoints (1)
5. checking no_input_delay (170)
6. checking no_output_delay (80)
7. checking multiple_clock (0)
8. checking generated_clocks (0)
9. checking loops (0)
10. checking partial_input_delay (0)
11. checking partial_output_delay (0)
12. checking latch_loops (0)

1. checking no_clock (4)
------------------------
 There is 1 register/latch pin with no clock driven by root clock pin: wots_xmss_fsm_md0/md0/XMSS_start_reg/Q (HIGH)

 There is 1 register/latch pin with no clock driven by root clock pin: wots_xmss_fsm_md0/md0/cnt_reg[1]/Q (HIGH)

 There is 1 register/latch pin with no clock driven by root clock pin: wots_xmss_fsm_md0/md0/cnt_reg[2]/Q (HIGH)

 There is 1 register/latch pin with no clock driven by root clock pin: wots_xmss_fsm_md0/md0/cnt_reg[3]/Q (HIGH)


2. checking constant_clock (0)
------------------------------
 There are 0 register/latch pins with constant_clock.


3. checking pulse_width_clock (0)
---------------------------------
 There are 0 register/latch pins which need pulse_width check


4. checking unconstrained_internal_endpoints (1)
------------------------------------------------
 There is 1 pin that is not constrained for maximum delay. (HIGH)

 There are 0 pins that are not constrained for maximum delay due to constant clock.


5. checking no_input_delay (170)
--------------------------------
 There are 156 input ports with no input delay specified. (HIGH)

 There are 14 input ports with no input delay but user has a false path constraint. (MEDIUM)


6. checking no_output_delay (80)
--------------------------------
 There are 80 ports with no output delay specified. (HIGH)

 There are 0 ports with no output delay but user has a false path constraint

 There are 0 ports with no output delay but with a timing clock defined on it or propagating through it


7. checking multiple_clock (0)
------------------------------
 There are 0 register/latch pins with multiple clocks.


8. checking generated_clocks (0)
--------------------------------
 There are 0 generated clocks that are not connected to a clock source.


9. checking loops (0)
---------------------
 There are 0 combinational loops in the design.


10. checking partial_input_delay (0)
------------------------------------
 There are 0 input ports with partial input delay specified.


11. checking partial_output_delay (0)
-------------------------------------
 There are 0 ports with partial output delay specified.


12. checking latch_loops (0)
----------------------------
 There are 0 combinational latch loops in the design through latch input



------------------------------------------------------------------------------------------------
| Design Timing Summary
| ---------------------
------------------------------------------------------------------------------------------------

    WNS(ns)      TNS(ns)  TNS Failing Endpoints  TNS Total Endpoints      WHS(ns)      THS(ns)  THS Failing Endpoints  THS Total Endpoints     WPWS(ns)     TPWS(ns)  TPWS Failing Endpoints  TPWS Total Endpoints  
    -------      -------  ---------------------  -------------------      -------      -------  ---------------------  -------------------     --------     --------  ----------------------  --------------------  
     -0.818      -15.084                     49                36837        0.073        0.000                      0                36837        5.060        0.000                       0                 16332  


Timing constraints are not met.


------------------------------------------------------------------------------------------------
| Clock Summary
| -------------
------------------------------------------------------------------------------------------------

Clock  Waveform(ns)       Period(ns)      Frequency(MHz)
-----  ------------       ----------      --------------
clk    {0.000 6.310}      12.620          79.239          


------------------------------------------------------------------------------------------------
| Intra Clock Table
| -----------------
------------------------------------------------------------------------------------------------

Clock             WNS(ns)      TNS(ns)  TNS Failing Endpoints  TNS Total Endpoints      WHS(ns)      THS(ns)  THS Failing Endpoints  THS Total Endpoints     WPWS(ns)     TPWS(ns)  TPWS Failing Endpoints  TPWS Total Endpoints  
-----             -------      -------  ---------------------  -------------------      -------      -------  ---------------------  -------------------     --------     --------  ----------------------  --------------------  
clk                -0.818      -15.084                     49                36837        0.073        0.000                      0                36837        5.060        0.000                       0                 16332  


------------------------------------------------------------------------------------------------
| Inter Clock Table
| -----------------
------------------------------------------------------------------------------------------------

From Clock    To Clock          WNS(ns)      TNS(ns)  TNS Failing Endpoints  TNS Total Endpoints      WHS(ns)      THS(ns)  THS Failing Endpoints  THS Total Endpoints  
----------    --------          -------      -------  ---------------------  -------------------      -------      -------  ---------------------  -------------------  


------------------------------------------------------------------------------------------------
| Other Path Groups Table
| -----------------------
------------------------------------------------------------------------------------------------

Path Group    From Clock    To Clock          WNS(ns)      TNS(ns)  TNS Failing Endpoints  TNS Total Endpoints      WHS(ns)      THS(ns)  THS Failing Endpoints  THS Total Endpoints  
----------    ----------    --------          -------      -------  ---------------------  -------------------      -------      -------  ---------------------  -------------------  


------------------------------------------------------------------------------------------------
| Timing Details
| --------------
------------------------------------------------------------------------------------------------


---------------------------------------------------------------------------------------------------
From Clock:  clk
  To Clock:  clk

Setup :           49  Failing Endpoints,  Worst Slack       -0.818ns,  Total Violation      -15.084ns
Hold  :            0  Failing Endpoints,  Worst Slack        0.073ns,  Total Violation        0.000ns
PW    :            0  Failing Endpoints,  Worst Slack        5.060ns,  Total Violation        0.000ns
---------------------------------------------------------------------------------------------------


Max Delay Paths
--------------------------------------------------------------------------------------
Slack (VIOLATED) :        -0.818ns  (required time - arrival time)
  Source:                 hash_tile_md0/DUT_SHA512/HASH_SM/SHA512/w_mem_inst/w_mem_reg[1][8]/C
                            (rising edge-triggered cell FDCE clocked by clk  {rise@0.000ns fall@6.310ns period=12.620ns})
  Destination:            hash_tile_md0/DUT_SHA512/HASH_SM/SHA512/a_reg_reg[61]/D
                            (rising edge-triggered cell FDCE clocked by clk  {rise@0.000ns fall@6.310ns period=12.620ns})
  Path Group:             clk
  Path Type:              Setup (Max at Slow Process Corner)
  Requirement:            12.620ns  (clk rise@12.620ns - clk rise@0.000ns)
  Data Path Delay:        13.385ns  (logic 6.647ns (49.661%)  route 6.738ns (50.339%))
  Logic Levels:           27  (CARRY4=16 LUT3=2 LUT4=1 LUT5=5 LUT6=3)
  Clock Path Skew:        -0.049ns (DCD - SCD + CPR)
    Destination Clock Delay (DCD):    0.924ns = ( 13.544 - 12.620 ) 
    Source Clock Delay      (SCD):    0.973ns
    Clock Pessimism Removal (CPR):    0.000ns
  Clock Uncertainty:      0.035ns  ((TSJ^2 + TIJ^2)^1/2 + DJ) / 2 + PE
    Total System Jitter     (TSJ):    0.071ns
    Total Input Jitter      (TIJ):    0.000ns
    Discrete Jitter          (DJ):    0.000ns
    Phase Error              (PE):    0.000ns

    Location             Delay type                Incr(ns)  Path(ns)    Netlist Resource(s)
  -------------------------------------------------------------------    -------------------
                         (clock clk rise edge)        0.000     0.000 r  
                                                      0.000     0.000 r  clk (IN)
                         net (fo=16331, unset)        0.973     0.973    hash_tile_md0/DUT_SHA512/HASH_SM/SHA512/w_mem_inst/clk
    SLICE_X53Y148        FDCE                                         r  hash_tile_md0/DUT_SHA512/HASH_SM/SHA512/w_mem_inst/w_mem_reg[1][8]/C
  -------------------------------------------------------------------    -------------------
    SLICE_X53Y148        FDCE (Prop_fdce_C_Q)         0.456     1.429 r  hash_tile_md0/DUT_SHA512/HASH_SM/SHA512/w_mem_inst/w_mem_reg[1][8]/Q
                         net (fo=8, routed)           0.615     2.044    hash_tile_md0/DUT_SHA512/HASH_SM/SHA512/w_mem_inst/p_5_in[7]
    SLICE_X51Y148        LUT3 (Prop_lut3_I1_O)        0.124     2.168 r  hash_tile_md0/DUT_SHA512/HASH_SM/SHA512/w_mem_inst/w_mem[15][11]_i_25/O
                         net (fo=1, routed)           0.451     2.619    hash_tile_md0/DUT_SHA512/HASH_SM/SHA512/w_mem_inst/w_mem_update_logic.d0[7]
    SLICE_X51Y149        LUT5 (Prop_lut5_I3_O)        0.124     2.743 r  hash_tile_md0/DUT_SHA512/HASH_SM/SHA512/w_mem_inst/w_mem[15][11]_i_17__1/O
                         net (fo=2, routed)           0.688     3.431    hash_tile_md0/DUT_SHA512/HASH_SM/SHA512/w_mem_inst/w_mem[15][11]_i_17__1_n_0
    SLICE_X48Y148        LUT3 (Prop_lut3_I1_O)        0.124     3.555 r  hash_tile_md0/DUT_SHA512/HASH_SM/SHA512/w_mem_inst/w_mem[15][11]_i_6__1/O
                         net (fo=2, routed)           0.404     3.959    hash_tile_md0/DUT_SHA512/HASH_SM/SHA512/w_mem_inst/w_mem[15][11]_i_6__1_n_0
    SLICE_X47Y149        LUT4 (Prop_lut4_I3_O)        0.124     4.083 r  hash_tile_md0/DUT_SHA512/HASH_SM/SHA512/w_mem_inst/w_mem[15][11]_i_10__1/O
                         net (fo=1, routed)           0.000     4.083    hash_tile_md0/DUT_SHA512/HASH_SM/SHA512/w_mem_inst/w_mem[15][11]_i_10__1_n_0
    SLICE_X47Y149        CARRY4 (Prop_carry4_S[0]_CO[3])
                                                      0.532     4.615 r  hash_tile_md0/DUT_SHA512/HASH_SM/SHA512/w_mem_inst/w_mem_reg[15][11]_i_2__1/CO[3]
                         net (fo=1, routed)           0.001     4.615    hash_tile_md0/DUT_SHA512/HASH_SM/SHA512/w_mem_inst/w_mem_reg[15][11]_i_2__1_n_0
    SLICE_X47Y150        CARRY4 (Prop_carry4_CI_O[0])
                                                      0.222     4.837 r  hash_tile_md0/DUT_SHA512/HASH_SM/SHA512/w_mem_inst/w_mem_reg[15][15]_i_2__1/O[0]
                         net (fo=2, routed)           0.587     5.425    hash_tile_md0/DUT_SHA512/HASH_SM/SHA512/w_mem_inst/w_new[12]
    SLICE_X49Y150        LUT5 (Prop_lut5_I3_O)        0.299     5.724 r  hash_tile_md0/DUT_SHA512/HASH_SM/SHA512/w_mem_inst/i___72_i_25/O
                         net (fo=2, routed)           0.332     6.056    hash_tile_md0/DUT_SHA512/HASH_SM/SHA512/w_mem_inst/w_data[12]
    SLICE_X52Y150        LUT5 (Prop_lut5_I3_O)        0.124     6.180 r  hash_tile_md0/DUT_SHA512/HASH_SM/SHA512/w_mem_inst/i___72_i_17/O
                         net (fo=2, routed)           0.626     6.807    hash_tile_md0/DUT_SHA512/HASH_SM/SHA512/w_mem_inst/i___72_i_17_n_0
    SLICE_X58Y150        LUT6 (Prop_lut6_I0_O)        0.124     6.931 r  hash_tile_md0/DUT_SHA512/HASH_SM/SHA512/w_mem_inst/i___72_i_21/O
                         net (fo=1, routed)           0.000     6.931    hash_tile_md0/DUT_SHA512/HASH_SM/SHA512/w_mem_inst/i___72_i_21_n_0
    SLICE_X58Y150        CARRY4 (Prop_carry4_S[1]_CO[3])
                                                      0.550     7.481 r  hash_tile_md0/DUT_SHA512/HASH_SM/SHA512/w_mem_inst/i___72_i_13/CO[3]
                         net (fo=1, routed)           0.000     7.481    hash_tile_md0/DUT_SHA512/HASH_SM/SHA512/w_mem_inst/i___72_i_13_n_0
    SLICE_X58Y151        CARRY4 (Prop_carry4_CI_CO[3])
                                                      0.114     7.595 r  hash_tile_md0/DUT_SHA512/HASH_SM/SHA512/w_mem_inst/i___68_i_13/CO[3]
                         net (fo=1, routed)           0.000     7.595    hash_tile_md0/DUT_SHA512/HASH_SM/SHA512/w_mem_inst/i___68_i_13_n_0
    SLICE_X58Y152        CARRY4 (Prop_carry4_CI_CO[3])
                                                      0.114     7.709 r  hash_tile_md0/DUT_SHA512/HASH_SM/SHA512/w_mem_inst/i___64_i_13/CO[3]
                         net (fo=1, routed)           0.000     7.709    hash_tile_md0/DUT_SHA512/HASH_SM/SHA512/w_mem_inst/i___64_i_13_n_0
    SLICE_X58Y153        CARRY4 (Prop_carry4_CI_O[3])
                                                      0.313     8.022 r  hash_tile_md0/DUT_SHA512/HASH_SM/SHA512/w_mem_inst/i___60_i_13/O[3]
                         net (fo=2, routed)           0.610     8.632    hash_tile_md0/DUT_SHA512/HASH_SM/SHA512/w_mem_inst/i___60_i_13_n_4
    SLICE_X55Y150        LUT5 (Prop_lut5_I0_O)        0.306     8.938 r  hash_tile_md0/DUT_SHA512/HASH_SM/SHA512/w_mem_inst/i___60_i_5/O
                         net (fo=2, routed)           0.701     9.639    hash_tile_md0/DUT_SHA512/HASH_SM/SHA512/w_mem_inst/i___60_i_5_n_0
    SLICE_X56Y148        LUT6 (Prop_lut6_I0_O)        0.124     9.763 r  hash_tile_md0/DUT_SHA512/HASH_SM/SHA512/w_mem_inst/i___60_i_9/O
                         net (fo=1, routed)           0.000     9.763    hash_tile_md0/DUT_SHA512/HASH_SM/SHA512/w_mem_inst/i___60_i_9_n_0
    SLICE_X56Y148        CARRY4 (Prop_carry4_S[0]_CO[3])
                                                      0.513    10.276 r  hash_tile_md0/DUT_SHA512/HASH_SM/SHA512/w_mem_inst/i___60_i_1/CO[3]
                         net (fo=1, routed)           0.000    10.276    hash_tile_md0/DUT_SHA512/HASH_SM/SHA512/w_mem_inst/i___60_i_1_n_0
    SLICE_X56Y149        CARRY4 (Prop_carry4_CI_CO[3])
                                                      0.117    10.393 r  hash_tile_md0/DUT_SHA512/HASH_SM/SHA512/w_mem_inst/i___56_i_1/CO[3]
                         net (fo=1, routed)           0.001    10.394    hash_tile_md0/DUT_SHA512/HASH_SM/SHA512/w_mem_inst/i___56_i_1_n_0
    SLICE_X56Y150        CARRY4 (Prop_carry4_CI_CO[3])
                                                      0.117    10.511 r  hash_tile_md0/DUT_SHA512/HASH_SM/SHA512/w_mem_inst/i___52_i_1/CO[3]
                         net (fo=1, routed)           0.000    10.511    hash_tile_md0/DUT_SHA512/HASH_SM/SHA512/w_mem_inst/i___52_i_1_n_0
    SLICE_X56Y151        CARRY4 (Prop_carry4_CI_CO[3])
                                                      0.117    10.628 r  hash_tile_md0/DUT_SHA512/HASH_SM/SHA512/w_mem_inst/i___48_i_1/CO[3]
                         net (fo=1, routed)           0.000    10.628    hash_tile_md0/DUT_SHA512/HASH_SM/SHA512/w_mem_inst/i___48_i_1_n_0
    SLICE_X56Y152        CARRY4 (Prop_carry4_CI_CO[3])
                                                      0.117    10.745 r  hash_tile_md0/DUT_SHA512/HASH_SM/SHA512/w_mem_inst/i___44_i_1/CO[3]
                         net (fo=1, routed)           0.000    10.745    hash_tile_md0/DUT_SHA512/HASH_SM/SHA512/w_mem_inst/i___44_i_1_n_0
    SLICE_X56Y153        CARRY4 (Prop_carry4_CI_O[1])
                                                      0.323    11.068 r  hash_tile_md0/DUT_SHA512/HASH_SM/SHA512/w_mem_inst/i___40_i_1/O[1]
                         net (fo=4, routed)           0.338    11.406    hash_tile_md0/DUT_SHA512/HASH_SM/SHA512/w_mem_inst/e_reg_reg[50][1]
    SLICE_X55Y154        LUT5 (Prop_lut5_I4_O)        0.306    11.712 r  hash_tile_md0/DUT_SHA512/HASH_SM/SHA512/w_mem_inst/a_reg[51]_i_4/O
                         net (fo=2, routed)           0.939    12.651    hash_tile_md0/DUT_SHA512/HASH_SM/SHA512/w_mem_inst/a_reg[51]_i_4_n_0
    SLICE_X57Y149        CARRY4 (Prop_carry4_DI[2]_CO[3])
                                                      0.398    13.049 r  hash_tile_md0/DUT_SHA512/HASH_SM/SHA512/w_mem_inst/a_reg_reg[51]_i_2/CO[3]
                         net (fo=1, routed)           0.001    13.050    hash_tile_md0/DUT_SHA512/HASH_SM/SHA512/w_mem_inst/a_reg_reg[51]_i_2_n_0
    SLICE_X57Y150        CARRY4 (Prop_carry4_CI_CO[3])
                                                      0.114    13.164 r  hash_tile_md0/DUT_SHA512/HASH_SM/SHA512/w_mem_inst/a_reg_reg[55]_i_2/CO[3]
                         net (fo=1, routed)           0.000    13.164    hash_tile_md0/DUT_SHA512/HASH_SM/SHA512/w_mem_inst/a_reg_reg[55]_i_2_n_0
    SLICE_X57Y151        CARRY4 (Prop_carry4_CI_CO[3])
                                                      0.114    13.278 r  hash_tile_md0/DUT_SHA512/HASH_SM/SHA512/w_mem_inst/a_reg_reg[59]_i_2/CO[3]
                         net (fo=1, routed)           0.000    13.278    hash_tile_md0/DUT_SHA512/HASH_SM/SHA512/w_mem_inst/a_reg_reg[59]_i_2_n_0
    SLICE_X57Y152        CARRY4 (Prop_carry4_CI_O[1])
                                                      0.334    13.612 r  hash_tile_md0/DUT_SHA512/HASH_SM/SHA512/w_mem_inst/a_reg_reg[63]_i_2/O[1]
                         net (fo=1, routed)           0.443    14.055    hash_tile_md0/DUT_SHA512/HASH_SM/SHA512/w_mem_inst/a_new0[61]
    SLICE_X55Y152        LUT6 (Prop_lut6_I0_O)        0.303    14.358 r  hash_tile_md0/DUT_SHA512/HASH_SM/SHA512/w_mem_inst/a_reg[61]_i_1/O
                         net (fo=1, routed)           0.000    14.358    hash_tile_md0/DUT_SHA512/HASH_SM/SHA512/a_new[61]
    SLICE_X55Y152        FDCE                                         r  hash_tile_md0/DUT_SHA512/HASH_SM/SHA512/a_reg_reg[61]/D
  -------------------------------------------------------------------    -------------------

                         (clock clk rise edge)       12.620    12.620 r  
                                                      0.000    12.620 r  clk (IN)
                         net (fo=16331, unset)        0.924    13.544    hash_tile_md0/DUT_SHA512/HASH_SM/SHA512/clk
    SLICE_X55Y152        FDCE                                         r  hash_tile_md0/DUT_SHA512/HASH_SM/SHA512/a_reg_reg[61]/C
                         clock pessimism              0.000    13.544    
                         clock uncertainty           -0.035    13.509    
    SLICE_X55Y152        FDCE (Setup_fdce_C_D)        0.031    13.540    hash_tile_md0/DUT_SHA512/HASH_SM/SHA512/a_reg_reg[61]
  -------------------------------------------------------------------
                         required time                         13.540    
                         arrival time                         -14.358    
  -------------------------------------------------------------------
                         slack                                 -0.818    





Min Delay Paths
--------------------------------------------------------------------------------------
Slack (MET) :             0.073ns  (arrival time - required time)
  Source:                 hash_tile_md0/DUT_SHA512/S_FIFO_INSTANCE/wr_addr_reg[0]/C
                            (rising edge-triggered cell FDRE clocked by clk  {rise@0.000ns fall@6.310ns period=12.620ns})
  Destination:            hash_tile_md0/DUT_SHA512/S_FIFO_INSTANCE/fifo_mem_reg_0_7_60_63/RAMA/WADR0
                            (rising edge-triggered cell RAMD32 clocked by clk  {rise@0.000ns fall@6.310ns period=12.620ns})
  Path Group:             clk
  Path Type:              Hold (Min at Fast Process Corner)
  Requirement:            0.000ns  (clk rise@0.000ns - clk rise@0.000ns)
  Data Path Delay:        0.405ns  (logic 0.141ns (34.843%)  route 0.264ns (65.157%))
  Logic Levels:           0  
  Clock Path Skew:        0.022ns (DCD - SCD - CPR)
    Destination Clock Delay (DCD):    0.432ns
    Source Clock Delay      (SCD):    0.410ns
    Clock Pessimism Removal (CPR):    -0.000ns

    Location             Delay type                Incr(ns)  Path(ns)    Netlist Resource(s)
  -------------------------------------------------------------------    -------------------
                         (clock clk rise edge)        0.000     0.000 r  
                                                      0.000     0.000 r  clk (IN)
                         net (fo=16331, unset)        0.410     0.410    hash_tile_md0/DUT_SHA512/S_FIFO_INSTANCE/clk
    SLICE_X85Y113        FDRE                                         r  hash_tile_md0/DUT_SHA512/S_FIFO_INSTANCE/wr_addr_reg[0]/C
  -------------------------------------------------------------------    -------------------
    SLICE_X85Y113        FDRE (Prop_fdre_C_Q)         0.141     0.551 r  hash_tile_md0/DUT_SHA512/S_FIFO_INSTANCE/wr_addr_reg[0]/Q
                         net (fo=94, routed)          0.264     0.815    hash_tile_md0/DUT_SHA512/S_FIFO_INSTANCE/fifo_mem_reg_0_7_60_63/ADDRD0
    SLICE_X84Y113        RAMD32                                       r  hash_tile_md0/DUT_SHA512/S_FIFO_INSTANCE/fifo_mem_reg_0_7_60_63/RAMA/WADR0
  -------------------------------------------------------------------    -------------------

                         (clock clk rise edge)        0.000     0.000 r  
                                                      0.000     0.000 r  clk (IN)
                         net (fo=16331, unset)        0.432     0.432    hash_tile_md0/DUT_SHA512/S_FIFO_INSTANCE/fifo_mem_reg_0_7_60_63/WCLK
    SLICE_X84Y113        RAMD32                                       r  hash_tile_md0/DUT_SHA512/S_FIFO_INSTANCE/fifo_mem_reg_0_7_60_63/RAMA/CLK
                         clock pessimism              0.000     0.432    
    SLICE_X84Y113        RAMD32 (Hold_ramd32_CLK_WADR0)
                                                      0.310     0.742    hash_tile_md0/DUT_SHA512/S_FIFO_INSTANCE/fifo_mem_reg_0_7_60_63/RAMA
  -------------------------------------------------------------------
                         required time                         -0.742    
                         arrival time                           0.815    
  -------------------------------------------------------------------
                         slack                                  0.073    





Pulse Width Checks
--------------------------------------------------------------------------------------
Clock Name:         clk
Waveform(ns):       { 0.000 6.310 }
Period(ns):         12.620
Sources:            { clk }

Check Type        Corner  Lib Pin             Reference Pin  Required(ns)  Actual(ns)  Slack(ns)  Location       Pin
Min Period        n/a     RAMB36E1/CLKARDCLK  n/a            2.944         12.620      9.676      RAMB36_X6Y19   hash_tile_md0/DUT_SHA256/BIG_MEM/mem_reg/CLKARDCLK
Low Pulse Width   Slow    RAMD32/CLK          n/a            1.250         6.310       5.060      SLICE_X104Y99  hash_tile_md0/DUT_SHA256/B_FIFO_INSTANCE/fifo_mem_reg_0_7_0_5/RAMA/CLK
High Pulse Width  Slow    RAMD32/CLK          n/a            1.250         6.310       5.060      SLICE_X104Y99  hash_tile_md0/DUT_SHA256/B_FIFO_INSTANCE/fifo_mem_reg_0_7_0_5/RAMA/CLK



