Copyright 1986-2022 Xilinx, Inc. All Rights Reserved. Copyright 2022-2025 Advanced Micro Devices, Inc. All Rights Reserved.
---------------------------------------------------------------------------------------------------------------------------------------------
| Tool Version : Vivado v.2025.2 (lin64) Build 6299465 Fri Nov 14 12:34:56 MST 2025
| Date         : Sat Aug 29 23:06:51 2026
| Host         : MSI running 64-bit Ubuntu 26.04 LTS
| Command      : report_timing_summary -file /tmp/fsrch_slh_256s_optimized_11.25.rpt
| Design       : top
| Device       : 7a200t-fbg676
| Speed File   : -1  PRODUCTION 1.23 2018-06-13
| Design State : Routed
---------------------------------------------------------------------------------------------------------------------------------------------

Timing Summary Report

------------------------------------------------------------------------------------------------
| Timer Settings
| --------------
------------------------------------------------------------------------------------------------

  Enable Multi Corner Analysis               :  Yes
  Enable Pessimism Removal                   :  Yes
  Pessimism Removal Resolution               :  Nearest Common Node
  Enable Input Delay Default Clock           :  No
  Enable Preset / Clear Arcs                 :  No
  Disable Flight Delays                      :  No
  Ignore I/O Paths                           :  No
  Timing Early Launch at Borrowing Latches   :  No
  Borrow Time for Max Delay Exceptions       :  Yes
  Merge Timing Exceptions                    :  Yes
  Inter-SLR Compensation                     :  Conservative

  Corner  Analyze    Analyze    
  Name    Max Paths  Min Paths  
  ------  ---------  ---------  
  Slow    Yes        Yes        
  Fast    Yes        Yes        


------------------------------------------------------------------------------------------------
| Report Methodology
| ------------------
------------------------------------------------------------------------------------------------

No report available as report_methodology has not been run prior. Run report_methodology on the current design for the summary of methodology violations.



check_timing report

Table of Contents
-----------------
1. checking no_clock (4)
2. checking constant_clock (0)
3. checking pulse_width_clock (0)
4. checking unconstrained_internal_endpoints (1)
5. checking no_input_delay (170)
6. checking no_output_delay (80)
7. checking multiple_clock (0)
8. checking generated_clocks (0)
9. checking loops (0)
10. checking partial_input_delay (0)
11. checking partial_output_delay (0)
12. checking latch_loops (0)

1. checking no_clock (4)
------------------------
 There is 1 register/latch pin with no clock driven by root clock pin: wots_xmss_fsm_md0/md0/XMSS_start_reg/Q (HIGH)

 There is 1 register/latch pin with no clock driven by root clock pin: wots_xmss_fsm_md0/md0/cnt_reg[1]/Q (HIGH)

 There is 1 register/latch pin with no clock driven by root clock pin: wots_xmss_fsm_md0/md0/cnt_reg[2]/Q (HIGH)

 There is 1 register/latch pin with no clock driven by root clock pin: wots_xmss_fsm_md0/md0/cnt_reg[3]/Q (HIGH)


2. checking constant_clock (0)
------------------------------
 There are 0 register/latch pins with constant_clock.


3. checking pulse_width_clock (0)
---------------------------------
 There are 0 register/latch pins which need pulse_width check


4. checking unconstrained_internal_endpoints (1)
------------------------------------------------
 There is 1 pin that is not constrained for maximum delay. (HIGH)

 There are 0 pins that are not constrained for maximum delay due to constant clock.


5. checking no_input_delay (170)
--------------------------------
 There are 156 input ports with no input delay specified. (HIGH)

 There are 14 input ports with no input delay but user has a false path constraint. (MEDIUM)


6. checking no_output_delay (80)
--------------------------------
 There are 80 ports with no output delay specified. (HIGH)

 There are 0 ports with no output delay but user has a false path constraint

 There are 0 ports with no output delay but with a timing clock defined on it or propagating through it


7. checking multiple_clock (0)
------------------------------
 There are 0 register/latch pins with multiple clocks.


8. checking generated_clocks (0)
--------------------------------
 There are 0 generated clocks that are not connected to a clock source.


9. checking loops (0)
---------------------
 There are 0 combinational loops in the design.


10. checking partial_input_delay (0)
------------------------------------
 There are 0 input ports with partial input delay specified.


11. checking partial_output_delay (0)
-------------------------------------
 There are 0 ports with partial output delay specified.


12. checking latch_loops (0)
----------------------------
 There are 0 combinational latch loops in the design through latch input



------------------------------------------------------------------------------------------------
| Design Timing Summary
| ---------------------
------------------------------------------------------------------------------------------------

    WNS(ns)      TNS(ns)  TNS Failing Endpoints  TNS Total Endpoints      WHS(ns)      THS(ns)  THS Failing Endpoints  THS Total Endpoints     WPWS(ns)     TPWS(ns)  TPWS Failing Endpoints  TPWS Total Endpoints  
    -------      -------  ---------------------  -------------------      -------      -------  ---------------------  -------------------     --------     --------  ----------------------  --------------------  
     -0.026       -0.026                      1                37334        0.021        0.000                      0                37334        4.375        0.000                       0                 16690  


Timing constraints are not met.


------------------------------------------------------------------------------------------------
| Clock Summary
| -------------
------------------------------------------------------------------------------------------------

Clock  Waveform(ns)       Period(ns)      Frequency(MHz)
-----  ------------       ----------      --------------
clk    {0.000 5.625}      11.250          88.889          


------------------------------------------------------------------------------------------------
| Intra Clock Table
| -----------------
------------------------------------------------------------------------------------------------

Clock             WNS(ns)      TNS(ns)  TNS Failing Endpoints  TNS Total Endpoints      WHS(ns)      THS(ns)  THS Failing Endpoints  THS Total Endpoints     WPWS(ns)     TPWS(ns)  TPWS Failing Endpoints  TPWS Total Endpoints  
-----             -------      -------  ---------------------  -------------------      -------      -------  ---------------------  -------------------     --------     --------  ----------------------  --------------------  
clk                -0.026       -0.026                      1                37334        0.021        0.000                      0                37334        4.375        0.000                       0                 16690  


------------------------------------------------------------------------------------------------
| Inter Clock Table
| -----------------
------------------------------------------------------------------------------------------------

From Clock    To Clock          WNS(ns)      TNS(ns)  TNS Failing Endpoints  TNS Total Endpoints      WHS(ns)      THS(ns)  THS Failing Endpoints  THS Total Endpoints  
----------    --------          -------      -------  ---------------------  -------------------      -------      -------  ---------------------  -------------------  


------------------------------------------------------------------------------------------------
| Other Path Groups Table
| -----------------------
------------------------------------------------------------------------------------------------

Path Group    From Clock    To Clock          WNS(ns)      TNS(ns)  TNS Failing Endpoints  TNS Total Endpoints      WHS(ns)      THS(ns)  THS Failing Endpoints  THS Total Endpoints  
----------    ----------    --------          -------      -------  ---------------------  -------------------      -------      -------  ---------------------  -------------------  


------------------------------------------------------------------------------------------------
| Timing Details
| --------------
------------------------------------------------------------------------------------------------


---------------------------------------------------------------------------------------------------
From Clock:  clk
  To Clock:  clk

Setup :            1  Failing Endpoint ,  Worst Slack       -0.026ns,  Total Violation       -0.026ns
Hold  :            0  Failing Endpoints,  Worst Slack        0.021ns,  Total Violation        0.000ns
PW    :            0  Failing Endpoints,  Worst Slack        4.375ns,  Total Violation        0.000ns
---------------------------------------------------------------------------------------------------


Max Delay Paths
--------------------------------------------------------------------------------------
Slack (VIOLATED) :        -0.026ns  (required time - arrival time)
  Source:                 hash_tile_md0/DUT_SHA512/HASH_BM/SHA512/w_mem_inst/w_mem_reg[1][60]/C
                            (rising edge-triggered cell FDCE clocked by clk  {rise@0.000ns fall@5.625ns period=11.250ns})
  Destination:            hash_tile_md0/DUT_SHA512/HASH_BM/SHA512/a_reg_reg[61]/D
                            (rising edge-triggered cell FDCE clocked by clk  {rise@0.000ns fall@5.625ns period=11.250ns})
  Path Group:             clk
  Path Type:              Setup (Max at Slow Process Corner)
  Requirement:            11.250ns  (clk rise@11.250ns - clk rise@0.000ns)
  Data Path Delay:        11.223ns  (logic 4.541ns (40.461%)  route 6.682ns (59.539%))
  Logic Levels:           13  (CARRY4=5 LUT3=3 LUT4=1 LUT5=3 LUT6=1)
  Clock Path Skew:        -0.049ns (DCD - SCD + CPR)
    Destination Clock Delay (DCD):    0.924ns = ( 12.174 - 11.250 ) 
    Source Clock Delay      (SCD):    0.973ns
    Clock Pessimism Removal (CPR):    0.000ns
  Clock Uncertainty:      0.035ns  ((TSJ^2 + TIJ^2)^1/2 + DJ) / 2 + PE
    Total System Jitter     (TSJ):    0.071ns
    Total Input Jitter      (TIJ):    0.000ns
    Discrete Jitter          (DJ):    0.000ns
    Phase Error              (PE):    0.000ns

    Location             Delay type                Incr(ns)  Path(ns)    Netlist Resource(s)
  -------------------------------------------------------------------    -------------------
                         (clock clk rise edge)        0.000     0.000 r  
                                                      0.000     0.000 r  clk (IN)
                         net (fo=16689, unset)        0.973     0.973    hash_tile_md0/DUT_SHA512/HASH_BM/SHA512/w_mem_inst/clk
    SLICE_X106Y92        FDCE                                         r  hash_tile_md0/DUT_SHA512/HASH_BM/SHA512/w_mem_inst/w_mem_reg[1][60]/C
  -------------------------------------------------------------------    -------------------
    SLICE_X106Y92        FDCE (Prop_fdce_C_Q)         0.456     1.429 r  hash_tile_md0/DUT_SHA512/HASH_BM/SHA512/w_mem_inst/w_mem_reg[1][60]/Q
                         net (fo=8, routed)           1.202     2.631    hash_tile_md0/DUT_SHA512/HASH_BM/SHA512/w_mem_inst/p_5_in[59]
    SLICE_X109Y83        LUT3 (Prop_lut3_I0_O)        0.152     2.783 r  hash_tile_md0/DUT_SHA512/HASH_BM/SHA512/w_mem_inst/w_mem[15][55]_i_23__0/O
                         net (fo=1, routed)           0.810     3.593    hash_tile_md0/DUT_SHA512/HASH_BM/SHA512/w_mem_inst/w_mem_update_logic.d0[52]
    SLICE_X109Y81        LUT5 (Prop_lut5_I3_O)        0.326     3.919 r  hash_tile_md0/DUT_SHA512/HASH_BM/SHA512/w_mem_inst/w_mem[15][55]_i_15__0/O
                         net (fo=2, routed)           1.006     4.925    hash_tile_md0/DUT_SHA512/HASH_BM/SHA512/w_mem_inst/w_mem[15][55]_i_15__0_n_0
    SLICE_X108Y75        LUT3 (Prop_lut3_I1_O)        0.148     5.073 r  hash_tile_md0/DUT_SHA512/HASH_BM/SHA512/w_mem_inst/w_mem[15][55]_i_5__0/O
                         net (fo=2, routed)           0.490     5.563    hash_tile_md0/DUT_SHA512/HASH_BM/SHA512/w_mem_inst/w_mem[15][55]_i_5__0_n_0
    SLICE_X108Y75        LUT4 (Prop_lut4_I3_O)        0.328     5.891 r  hash_tile_md0/DUT_SHA512/HASH_BM/SHA512/w_mem_inst/w_mem[15][55]_i_9__0/O
                         net (fo=1, routed)           0.000     5.891    hash_tile_md0/DUT_SHA512/HASH_BM/SHA512/w_mem_inst/w_mem[15][55]_i_9__0_n_0
    SLICE_X108Y75        CARRY4 (Prop_carry4_S[1]_O[3])
                                                      0.643     6.534 r  hash_tile_md0/DUT_SHA512/HASH_BM/SHA512/w_mem_inst/w_mem_reg[15][55]_i_2__0/O[3]
                         net (fo=2, routed)           0.792     7.326    hash_tile_md0/DUT_SHA512/HASH_BM/SHA512/w_mem_inst/w_new[55]
    SLICE_X109Y81        LUT5 (Prop_lut5_I3_O)        0.307     7.633 r  hash_tile_md0/DUT_SHA512/HASH_BM/SHA512/w_mem_inst/i___55_i_12__0/O
                         net (fo=3, routed)           0.164     7.797    hash_tile_md0/DUT_SHA512/HASH_BM/SHA512/w_mem_inst/w_data[55]
    SLICE_X109Y81        LUT3 (Prop_lut3_I2_O)        0.124     7.921 r  hash_tile_md0/DUT_SHA512/HASH_BM/SHA512/w_mem_inst/i___55_i_2__0/O
                         net (fo=1, routed)           0.633     8.554    hash_tile_md0/DUT_SHA512/HASH_BM/SHA512/w_mem_inst/t1_logic.csa3_s[55]
    SLICE_X106Y79        CARRY4 (Prop_carry4_DI[3]_CO[3])
                                                      0.385     8.939 r  hash_tile_md0/DUT_SHA512/HASH_BM/SHA512/w_mem_inst/i___55_i_1__0/CO[3]
                         net (fo=1, routed)           0.000     8.939    hash_tile_md0/DUT_SHA512/HASH_BM/SHA512/w_mem_inst/i___55_i_1__0_n_0
    SLICE_X106Y80        CARRY4 (Prop_carry4_CI_O[1])
                                                      0.334     9.273 r  hash_tile_md0/DUT_SHA512/HASH_BM/SHA512/w_mem_inst/i___59_i_1__0/O[1]
                         net (fo=4, routed)           0.600     9.873    hash_tile_md0/DUT_SHA512/HASH_BM/SHA512/w_mem_inst/i___59_i_9__0_0[1]
    SLICE_X108Y80        LUT5 (Prop_lut5_I4_O)        0.303    10.176 r  hash_tile_md0/DUT_SHA512/HASH_BM/SHA512/w_mem_inst/a_reg[59]_i_5__0/O
                         net (fo=2, routed)           0.539    10.716    hash_tile_md0/DUT_SHA512/HASH_BM/SHA512/w_mem_inst/a_reg[59]_i_5__0_n_0
    SLICE_X107Y80        CARRY4 (Prop_carry4_DI[2]_CO[3])
                                                      0.398    11.114 r  hash_tile_md0/DUT_SHA512/HASH_BM/SHA512/w_mem_inst/a_reg_reg[59]_i_2__0/CO[3]
                         net (fo=1, routed)           0.000    11.114    hash_tile_md0/DUT_SHA512/HASH_BM/SHA512/w_mem_inst/a_reg_reg[59]_i_2__0_n_0
    SLICE_X107Y81        CARRY4 (Prop_carry4_CI_O[1])
                                                      0.334    11.448 r  hash_tile_md0/DUT_SHA512/HASH_BM/SHA512/w_mem_inst/a_reg_reg[63]_i_2__0/O[1]
                         net (fo=1, routed)           0.445    11.893    hash_tile_md0/DUT_SHA512/HASH_BM/SHA512/w_mem_inst/a_new0[61]
    SLICE_X106Y82        LUT6 (Prop_lut6_I5_O)        0.303    12.196 r  hash_tile_md0/DUT_SHA512/HASH_BM/SHA512/w_mem_inst/a_reg[61]_i_1__0/O
                         net (fo=1, routed)           0.000    12.196    hash_tile_md0/DUT_SHA512/HASH_BM/SHA512/a_new[61]
    SLICE_X106Y82        FDCE                                         r  hash_tile_md0/DUT_SHA512/HASH_BM/SHA512/a_reg_reg[61]/D
  -------------------------------------------------------------------    -------------------

                         (clock clk rise edge)       11.250    11.250 r  
                                                      0.000    11.250 r  clk (IN)
                         net (fo=16689, unset)        0.924    12.174    hash_tile_md0/DUT_SHA512/HASH_BM/SHA512/clk
    SLICE_X106Y82        FDCE                                         r  hash_tile_md0/DUT_SHA512/HASH_BM/SHA512/a_reg_reg[61]/C
                         clock pessimism              0.000    12.174    
                         clock uncertainty           -0.035    12.139    
    SLICE_X106Y82        FDCE (Setup_fdce_C_D)        0.031    12.170    hash_tile_md0/DUT_SHA512/HASH_BM/SHA512/a_reg_reg[61]
  -------------------------------------------------------------------
                         required time                         12.170    
                         arrival time                         -12.196    
  -------------------------------------------------------------------
                         slack                                 -0.026    





Min Delay Paths
--------------------------------------------------------------------------------------
Slack (MET) :             0.021ns  (arrival time - required time)
  Source:                 wots_xmss_fsm_md0/o_WOTS_s_in_0_reg[22]/C
                            (rising edge-triggered cell FDCE clocked by clk  {rise@0.000ns fall@5.625ns period=11.250ns})
  Destination:            MEM_64BIT_1/mem_reg_0/DIBDI[22]
                            (rising edge-triggered cell RAMB36E1 clocked by clk  {rise@0.000ns fall@5.625ns period=11.250ns})
  Path Group:             clk
  Path Type:              Hold (Min at Fast Process Corner)
  Requirement:            0.000ns  (clk rise@0.000ns - clk rise@0.000ns)
  Data Path Delay:        0.338ns  (logic 0.164ns (48.451%)  route 0.174ns (51.549%))
  Logic Levels:           0  
  Clock Path Skew:        0.022ns (DCD - SCD - CPR)
    Destination Clock Delay (DCD):    0.432ns
    Source Clock Delay      (SCD):    0.410ns
    Clock Pessimism Removal (CPR):    -0.000ns

    Location             Delay type                Incr(ns)  Path(ns)    Netlist Resource(s)
  -------------------------------------------------------------------    -------------------
                         (clock clk rise edge)        0.000     0.000 r  
                                                      0.000     0.000 r  clk (IN)
                         net (fo=16689, unset)        0.410     0.410    wots_xmss_fsm_md0/clk
    SLICE_X76Y115        FDCE                                         r  wots_xmss_fsm_md0/o_WOTS_s_in_0_reg[22]/C
  -------------------------------------------------------------------    -------------------
    SLICE_X76Y115        FDCE (Prop_fdce_C_Q)         0.164     0.574 r  wots_xmss_fsm_md0/o_WOTS_s_in_0_reg[22]/Q
                         net (fo=3, routed)           0.174     0.749    MEM_64BIT_1/mem_reg_1_2[22]
    RAMB36_X4Y23         RAMB36E1                                     r  MEM_64BIT_1/mem_reg_0/DIBDI[22]
  -------------------------------------------------------------------    -------------------

                         (clock clk rise edge)        0.000     0.000 r  
                                                      0.000     0.000 r  clk (IN)
                         net (fo=16689, unset)        0.432     0.432    MEM_64BIT_1/clk
    RAMB36_X4Y23         RAMB36E1                                     r  MEM_64BIT_1/mem_reg_0/CLKBWRCLK
                         clock pessimism              0.000     0.432    
    RAMB36_X4Y23         RAMB36E1 (Hold_ramb36e1_CLKBWRCLK_DIBDI[22])
                                                      0.296     0.728    MEM_64BIT_1/mem_reg_0
  -------------------------------------------------------------------
                         required time                         -0.728    
                         arrival time                           0.749    
  -------------------------------------------------------------------
                         slack                                  0.021    





Pulse Width Checks
--------------------------------------------------------------------------------------
Clock Name:         clk
Waveform(ns):       { 0.000 5.625 }
Period(ns):         11.250
Sources:            { clk }

Check Type        Corner  Lib Pin             Reference Pin  Required(ns)  Actual(ns)  Slack(ns)  Location       Pin
Min Period        n/a     RAMB36E1/CLKARDCLK  n/a            2.944         11.250      8.306      RAMB36_X5Y26   hash_tile_md0/DUT_SHA256/BIG_MEM/mem_reg/CLKARDCLK
Low Pulse Width   Slow    RAMD32/CLK          n/a            1.250         5.625       4.375      SLICE_X84Y130  hash_tile_md0/DUT_SHA256/B_FIFO_INSTANCE/fifo_mem_reg_0_7_0_5/RAMA/CLK
High Pulse Width  Slow    RAMD32/CLK          n/a            1.250         5.625       4.375      SLICE_X84Y130  hash_tile_md0/DUT_SHA256/B_FIFO_INSTANCE/fifo_mem_reg_0_7_0_5/RAMA/CLK



