Copyright 1986-2022 Xilinx, Inc. All Rights Reserved. Copyright 2022-2025 Advanced Micro Devices, Inc. All Rights Reserved.
---------------------------------------------------------------------------------------------------------------------------------------------
| Tool Version : Vivado v.2025.2 (lin64) Build 6299465 Fri Nov 14 12:34:56 MST 2025
| Date         : Sat Aug 29 23:00:15 2026
| Host         : MSI running 64-bit Ubuntu 26.04 LTS
| Command      : report_timing_summary -file /tmp/fsrch_slh_256s_optimized_11.0.rpt
| Design       : top
| Device       : 7a200t-fbg676
| Speed File   : -1  PRODUCTION 1.23 2018-06-13
| Design State : Routed
---------------------------------------------------------------------------------------------------------------------------------------------

Timing Summary Report

------------------------------------------------------------------------------------------------
| Timer Settings
| --------------
------------------------------------------------------------------------------------------------

  Enable Multi Corner Analysis               :  Yes
  Enable Pessimism Removal                   :  Yes
  Pessimism Removal Resolution               :  Nearest Common Node
  Enable Input Delay Default Clock           :  No
  Enable Preset / Clear Arcs                 :  No
  Disable Flight Delays                      :  No
  Ignore I/O Paths                           :  No
  Timing Early Launch at Borrowing Latches   :  No
  Borrow Time for Max Delay Exceptions       :  Yes
  Merge Timing Exceptions                    :  Yes
  Inter-SLR Compensation                     :  Conservative

  Corner  Analyze    Analyze    
  Name    Max Paths  Min Paths  
  ------  ---------  ---------  
  Slow    Yes        Yes        
  Fast    Yes        Yes        


------------------------------------------------------------------------------------------------
| Report Methodology
| ------------------
------------------------------------------------------------------------------------------------

No report available as report_methodology has not been run prior. Run report_methodology on the current design for the summary of methodology violations.



check_timing report

Table of Contents
-----------------
1. checking no_clock (4)
2. checking constant_clock (0)
3. checking pulse_width_clock (0)
4. checking unconstrained_internal_endpoints (1)
5. checking no_input_delay (170)
6. checking no_output_delay (80)
7. checking multiple_clock (0)
8. checking generated_clocks (0)
9. checking loops (0)
10. checking partial_input_delay (0)
11. checking partial_output_delay (0)
12. checking latch_loops (0)

1. checking no_clock (4)
------------------------
 There is 1 register/latch pin with no clock driven by root clock pin: wots_xmss_fsm_md0/md0/XMSS_start_reg/Q (HIGH)

 There is 1 register/latch pin with no clock driven by root clock pin: wots_xmss_fsm_md0/md0/cnt_reg[1]/Q (HIGH)

 There is 1 register/latch pin with no clock driven by root clock pin: wots_xmss_fsm_md0/md0/cnt_reg[2]/Q (HIGH)

 There is 1 register/latch pin with no clock driven by root clock pin: wots_xmss_fsm_md0/md0/cnt_reg[3]/Q (HIGH)


2. checking constant_clock (0)
------------------------------
 There are 0 register/latch pins with constant_clock.


3. checking pulse_width_clock (0)
---------------------------------
 There are 0 register/latch pins which need pulse_width check


4. checking unconstrained_internal_endpoints (1)
------------------------------------------------
 There is 1 pin that is not constrained for maximum delay. (HIGH)

 There are 0 pins that are not constrained for maximum delay due to constant clock.


5. checking no_input_delay (170)
--------------------------------
 There are 156 input ports with no input delay specified. (HIGH)

 There are 14 input ports with no input delay but user has a false path constraint. (MEDIUM)


6. checking no_output_delay (80)
--------------------------------
 There are 80 ports with no output delay specified. (HIGH)

 There are 0 ports with no output delay but user has a false path constraint

 There are 0 ports with no output delay but with a timing clock defined on it or propagating through it


7. checking multiple_clock (0)
------------------------------
 There are 0 register/latch pins with multiple clocks.


8. checking generated_clocks (0)
--------------------------------
 There are 0 generated clocks that are not connected to a clock source.


9. checking loops (0)
---------------------
 There are 0 combinational loops in the design.


10. checking partial_input_delay (0)
------------------------------------
 There are 0 input ports with partial input delay specified.


11. checking partial_output_delay (0)
-------------------------------------
 There are 0 ports with partial output delay specified.


12. checking latch_loops (0)
----------------------------
 There are 0 combinational latch loops in the design through latch input



------------------------------------------------------------------------------------------------
| Design Timing Summary
| ---------------------
------------------------------------------------------------------------------------------------

    WNS(ns)      TNS(ns)  TNS Failing Endpoints  TNS Total Endpoints      WHS(ns)      THS(ns)  THS Failing Endpoints  THS Total Endpoints     WPWS(ns)     TPWS(ns)  TPWS Failing Endpoints  TPWS Total Endpoints  
    -------      -------  ---------------------  -------------------      -------      -------  ---------------------  -------------------     --------     --------  ----------------------  --------------------  
     -0.172       -1.242                     15                37334        0.060        0.000                      0                37334        4.250        0.000                       0                 16690  


Timing constraints are not met.


------------------------------------------------------------------------------------------------
| Clock Summary
| -------------
------------------------------------------------------------------------------------------------

Clock  Waveform(ns)       Period(ns)      Frequency(MHz)
-----  ------------       ----------      --------------
clk    {0.000 5.500}      11.000          90.909          


------------------------------------------------------------------------------------------------
| Intra Clock Table
| -----------------
------------------------------------------------------------------------------------------------

Clock             WNS(ns)      TNS(ns)  TNS Failing Endpoints  TNS Total Endpoints      WHS(ns)      THS(ns)  THS Failing Endpoints  THS Total Endpoints     WPWS(ns)     TPWS(ns)  TPWS Failing Endpoints  TPWS Total Endpoints  
-----             -------      -------  ---------------------  -------------------      -------      -------  ---------------------  -------------------     --------     --------  ----------------------  --------------------  
clk                -0.172       -1.242                     15                37334        0.060        0.000                      0                37334        4.250        0.000                       0                 16690  


------------------------------------------------------------------------------------------------
| Inter Clock Table
| -----------------
------------------------------------------------------------------------------------------------

From Clock    To Clock          WNS(ns)      TNS(ns)  TNS Failing Endpoints  TNS Total Endpoints      WHS(ns)      THS(ns)  THS Failing Endpoints  THS Total Endpoints  
----------    --------          -------      -------  ---------------------  -------------------      -------      -------  ---------------------  -------------------  


------------------------------------------------------------------------------------------------
| Other Path Groups Table
| -----------------------
------------------------------------------------------------------------------------------------

Path Group    From Clock    To Clock          WNS(ns)      TNS(ns)  TNS Failing Endpoints  TNS Total Endpoints      WHS(ns)      THS(ns)  THS Failing Endpoints  THS Total Endpoints  
----------    ----------    --------          -------      -------  ---------------------  -------------------      -------      -------  ---------------------  -------------------  


------------------------------------------------------------------------------------------------
| Timing Details
| --------------
------------------------------------------------------------------------------------------------


---------------------------------------------------------------------------------------------------
From Clock:  clk
  To Clock:  clk

Setup :           15  Failing Endpoints,  Worst Slack       -0.172ns,  Total Violation       -1.242ns
Hold  :            0  Failing Endpoints,  Worst Slack        0.060ns,  Total Violation        0.000ns
PW    :            0  Failing Endpoints,  Worst Slack        4.250ns,  Total Violation        0.000ns
---------------------------------------------------------------------------------------------------


Max Delay Paths
--------------------------------------------------------------------------------------
Slack (VIOLATED) :        -0.172ns  (required time - arrival time)
  Source:                 hash_tile_md0/DUT_SHA512/HASH_BM/SHA512/w_mem_inst/w_mem_reg[14][63]/C
                            (rising edge-triggered cell FDCE clocked by clk  {rise@0.000ns fall@5.500ns period=11.000ns})
  Destination:            hash_tile_md0/DUT_SHA512/HASH_BM/SHA512/a_reg_reg[61]/D
                            (rising edge-triggered cell FDCE clocked by clk  {rise@0.000ns fall@5.500ns period=11.000ns})
  Path Group:             clk
  Path Type:              Setup (Max at Slow Process Corner)
  Requirement:            11.000ns  (clk rise@11.000ns - clk rise@0.000ns)
  Data Path Delay:        11.119ns  (logic 5.704ns (51.301%)  route 5.415ns (48.699%))
  Logic Levels:           25  (CARRY4=16 LUT3=3 LUT4=1 LUT5=3 LUT6=2)
  Clock Path Skew:        -0.049ns (DCD - SCD + CPR)
    Destination Clock Delay (DCD):    0.924ns = ( 11.924 - 11.000 ) 
    Source Clock Delay      (SCD):    0.973ns
    Clock Pessimism Removal (CPR):    0.000ns
  Clock Uncertainty:      0.035ns  ((TSJ^2 + TIJ^2)^1/2 + DJ) / 2 + PE
    Total System Jitter     (TSJ):    0.071ns
    Total Input Jitter      (TIJ):    0.000ns
    Discrete Jitter          (DJ):    0.000ns
    Phase Error              (PE):    0.000ns

    Location             Delay type                Incr(ns)  Path(ns)    Netlist Resource(s)
  -------------------------------------------------------------------    -------------------
                         (clock clk rise edge)        0.000     0.000 r  
                                                      0.000     0.000 r  clk (IN)
                         net (fo=16689, unset)        0.973     0.973    hash_tile_md0/DUT_SHA512/HASH_BM/SHA512/w_mem_inst/clk
    SLICE_X45Y54         FDCE                                         r  hash_tile_md0/DUT_SHA512/HASH_BM/SHA512/w_mem_inst/w_mem_reg[14][63]/C
  -------------------------------------------------------------------    -------------------
    SLICE_X45Y54         FDCE (Prop_fdce_C_Q)         0.456     1.429 r  hash_tile_md0/DUT_SHA512/HASH_BM/SHA512/w_mem_inst/w_mem_reg[14][63]/Q
                         net (fo=8, routed)           0.995     2.424    hash_tile_md0/DUT_SHA512/HASH_BM/SHA512/w_mem_inst/p_2_in[44]
    SLICE_X40Y53         LUT3 (Prop_lut3_I0_O)        0.124     2.548 r  hash_tile_md0/DUT_SHA512/HASH_BM/SHA512/w_mem_inst/w_mem[15][7]_i_26__0/O
                         net (fo=1, routed)           0.641     3.189    hash_tile_md0/DUT_SHA512/HASH_BM/SHA512/w_mem_inst/w_mem_update_logic.d1__0[2]
    SLICE_X39Y54         LUT5 (Prop_lut5_I4_O)        0.124     3.313 r  hash_tile_md0/DUT_SHA512/HASH_BM/SHA512/w_mem_inst/w_mem[15][7]_i_18__2/O
                         net (fo=2, routed)           0.417     3.730    hash_tile_md0/DUT_SHA512/HASH_BM/SHA512/w_mem_inst/w_mem[15][7]_i_18__2_n_0
    SLICE_X39Y53         LUT3 (Prop_lut3_I2_O)        0.124     3.854 r  hash_tile_md0/DUT_SHA512/HASH_BM/SHA512/w_mem_inst/w_mem[15][7]_i_6__2/O
                         net (fo=2, routed)           0.404     4.258    hash_tile_md0/DUT_SHA512/HASH_BM/SHA512/w_mem_inst/w_mem[15][7]_i_6__2_n_0
    SLICE_X41Y53         LUT4 (Prop_lut4_I3_O)        0.124     4.382 r  hash_tile_md0/DUT_SHA512/HASH_BM/SHA512/w_mem_inst/w_mem[15][7]_i_10__2/O
                         net (fo=1, routed)           0.000     4.382    hash_tile_md0/DUT_SHA512/HASH_BM/SHA512/w_mem_inst/w_mem[15][7]_i_10__2_n_0
    SLICE_X41Y53         CARRY4 (Prop_carry4_S[0]_CO[3])
                                                      0.532     4.914 r  hash_tile_md0/DUT_SHA512/HASH_BM/SHA512/w_mem_inst/w_mem_reg[15][7]_i_2__2/CO[3]
                         net (fo=1, routed)           0.000     4.914    hash_tile_md0/DUT_SHA512/HASH_BM/SHA512/w_mem_inst/w_mem_reg[15][7]_i_2__2_n_0
    SLICE_X41Y54         CARRY4 (Prop_carry4_CI_CO[3])
                                                      0.114     5.028 r  hash_tile_md0/DUT_SHA512/HASH_BM/SHA512/w_mem_inst/w_mem_reg[15][11]_i_2__2/CO[3]
                         net (fo=1, routed)           0.000     5.028    hash_tile_md0/DUT_SHA512/HASH_BM/SHA512/w_mem_inst/w_mem_reg[15][11]_i_2__2_n_0
    SLICE_X41Y55         CARRY4 (Prop_carry4_CI_CO[3])
                                                      0.114     5.142 r  hash_tile_md0/DUT_SHA512/HASH_BM/SHA512/w_mem_inst/w_mem_reg[15][15]_i_2__2/CO[3]
                         net (fo=1, routed)           0.000     5.142    hash_tile_md0/DUT_SHA512/HASH_BM/SHA512/w_mem_inst/w_mem_reg[15][15]_i_2__2_n_0
    SLICE_X41Y56         CARRY4 (Prop_carry4_CI_O[0])
                                                      0.222     5.364 r  hash_tile_md0/DUT_SHA512/HASH_BM/SHA512/w_mem_inst/w_mem_reg[15][19]_i_2__2/O[0]
                         net (fo=2, routed)           0.333     5.697    hash_tile_md0/DUT_SHA512/HASH_BM/SHA512/w_mem_inst/w_new[16]
    SLICE_X38Y57         LUT5 (Prop_lut5_I3_O)        0.299     5.996 r  hash_tile_md0/DUT_SHA512/HASH_BM/SHA512/w_mem_inst/i___19_i_22__2/O
                         net (fo=3, routed)           0.631     6.627    hash_tile_md0/DUT_SHA512/HASH_BM/SHA512/w_mem_inst/w_data[16]
    SLICE_X35Y60         LUT3 (Prop_lut3_I2_O)        0.124     6.751 r  hash_tile_md0/DUT_SHA512/HASH_BM/SHA512/w_mem_inst/i___19_i_6__2/O
                         net (fo=1, routed)           0.479     7.229    hash_tile_md0/DUT_SHA512/HASH_BM/SHA512/w_mem_inst/t1_logic.csa3_s[16]
    SLICE_X34Y59         CARRY4 (Prop_carry4_DI[0]_CO[3])
                                                      0.526     7.755 r  hash_tile_md0/DUT_SHA512/HASH_BM/SHA512/w_mem_inst/i___19_i_1__2/CO[3]
                         net (fo=1, routed)           0.000     7.755    hash_tile_md0/DUT_SHA512/HASH_BM/SHA512/w_mem_inst/i___19_i_1__2_n_0
    SLICE_X34Y60         CARRY4 (Prop_carry4_CI_O[3])
                                                      0.313     8.068 r  hash_tile_md0/DUT_SHA512/HASH_BM/SHA512/w_mem_inst/i___23_i_1__2/O[3]
                         net (fo=4, routed)           0.513     8.582    hash_tile_md0/DUT_SHA512/HASH_BM/SHA512/w_mem_inst/i___23_i_9__2_0[3]
    SLICE_X35Y62         LUT5 (Prop_lut5_I4_O)        0.306     8.888 r  hash_tile_md0/DUT_SHA512/HASH_BM/SHA512/w_mem_inst/a_reg[27]_i_7__2/O
                         net (fo=2, routed)           0.707     9.595    hash_tile_md0/DUT_SHA512/HASH_BM/SHA512/w_mem_inst/a_reg[27]_i_7__2_n_0
    SLICE_X36Y64         LUT6 (Prop_lut6_I0_O)        0.124     9.719 r  hash_tile_md0/DUT_SHA512/HASH_BM/SHA512/w_mem_inst/a_reg[27]_i_11__2/O
                         net (fo=1, routed)           0.000     9.719    hash_tile_md0/DUT_SHA512/HASH_BM/SHA512/w_mem_inst/a_reg[27]_i_11__2_n_0
    SLICE_X36Y64         CARRY4 (Prop_carry4_S[0]_CO[3])
                                                      0.513    10.232 r  hash_tile_md0/DUT_SHA512/HASH_BM/SHA512/w_mem_inst/a_reg_reg[27]_i_2__2/CO[3]
                         net (fo=1, routed)           0.000    10.232    hash_tile_md0/DUT_SHA512/HASH_BM/SHA512/w_mem_inst/a_reg_reg[27]_i_2__2_n_0
    SLICE_X36Y65         CARRY4 (Prop_carry4_CI_CO[3])
                                                      0.117    10.349 r  hash_tile_md0/DUT_SHA512/HASH_BM/SHA512/w_mem_inst/a_reg_reg[31]_i_2__2/CO[3]
                         net (fo=1, routed)           0.000    10.349    hash_tile_md0/DUT_SHA512/HASH_BM/SHA512/w_mem_inst/a_reg_reg[31]_i_2__2_n_0
    SLICE_X36Y66         CARRY4 (Prop_carry4_CI_CO[3])
                                                      0.117    10.466 r  hash_tile_md0/DUT_SHA512/HASH_BM/SHA512/w_mem_inst/a_reg_reg[35]_i_2__0/CO[3]
                         net (fo=1, routed)           0.000    10.466    hash_tile_md0/DUT_SHA512/HASH_BM/SHA512/w_mem_inst/a_reg_reg[35]_i_2__0_n_0
    SLICE_X36Y67         CARRY4 (Prop_carry4_CI_CO[3])
                                                      0.117    10.583 r  hash_tile_md0/DUT_SHA512/HASH_BM/SHA512/w_mem_inst/a_reg_reg[39]_i_2__0/CO[3]
                         net (fo=1, routed)           0.000    10.583    hash_tile_md0/DUT_SHA512/HASH_BM/SHA512/w_mem_inst/a_reg_reg[39]_i_2__0_n_0
    SLICE_X36Y68         CARRY4 (Prop_carry4_CI_CO[3])
                                                      0.117    10.700 r  hash_tile_md0/DUT_SHA512/HASH_BM/SHA512/w_mem_inst/a_reg_reg[43]_i_2__0/CO[3]
                         net (fo=1, routed)           0.000    10.700    hash_tile_md0/DUT_SHA512/HASH_BM/SHA512/w_mem_inst/a_reg_reg[43]_i_2__0_n_0
    SLICE_X36Y69         CARRY4 (Prop_carry4_CI_CO[3])
                                                      0.117    10.817 r  hash_tile_md0/DUT_SHA512/HASH_BM/SHA512/w_mem_inst/a_reg_reg[47]_i_2__0/CO[3]
                         net (fo=1, routed)           0.000    10.817    hash_tile_md0/DUT_SHA512/HASH_BM/SHA512/w_mem_inst/a_reg_reg[47]_i_2__0_n_0
    SLICE_X36Y70         CARRY4 (Prop_carry4_CI_CO[3])
                                                      0.117    10.934 r  hash_tile_md0/DUT_SHA512/HASH_BM/SHA512/w_mem_inst/a_reg_reg[51]_i_2__0/CO[3]
                         net (fo=1, routed)           0.000    10.934    hash_tile_md0/DUT_SHA512/HASH_BM/SHA512/w_mem_inst/a_reg_reg[51]_i_2__0_n_0
    SLICE_X36Y71         CARRY4 (Prop_carry4_CI_CO[3])
                                                      0.117    11.051 r  hash_tile_md0/DUT_SHA512/HASH_BM/SHA512/w_mem_inst/a_reg_reg[55]_i_2__0/CO[3]
                         net (fo=1, routed)           0.000    11.051    hash_tile_md0/DUT_SHA512/HASH_BM/SHA512/w_mem_inst/a_reg_reg[55]_i_2__0_n_0
    SLICE_X36Y72         CARRY4 (Prop_carry4_CI_CO[3])
                                                      0.117    11.168 r  hash_tile_md0/DUT_SHA512/HASH_BM/SHA512/w_mem_inst/a_reg_reg[59]_i_2__0/CO[3]
                         net (fo=1, routed)           0.000    11.168    hash_tile_md0/DUT_SHA512/HASH_BM/SHA512/w_mem_inst/a_reg_reg[59]_i_2__0_n_0
    SLICE_X36Y73         CARRY4 (Prop_carry4_CI_O[1])
                                                      0.323    11.491 r  hash_tile_md0/DUT_SHA512/HASH_BM/SHA512/w_mem_inst/a_reg_reg[63]_i_2__0/O[1]
                         net (fo=1, routed)           0.295    11.786    hash_tile_md0/DUT_SHA512/HASH_BM/SHA512/w_mem_inst/a_new0[61]
    SLICE_X37Y73         LUT6 (Prop_lut6_I5_O)        0.306    12.092 r  hash_tile_md0/DUT_SHA512/HASH_BM/SHA512/w_mem_inst/a_reg[61]_i_1__0/O
                         net (fo=1, routed)           0.000    12.092    hash_tile_md0/DUT_SHA512/HASH_BM/SHA512/a_new[61]
    SLICE_X37Y73         FDCE                                         r  hash_tile_md0/DUT_SHA512/HASH_BM/SHA512/a_reg_reg[61]/D
  -------------------------------------------------------------------    -------------------

                         (clock clk rise edge)       11.000    11.000 r  
                                                      0.000    11.000 r  clk (IN)
                         net (fo=16689, unset)        0.924    11.924    hash_tile_md0/DUT_SHA512/HASH_BM/SHA512/clk
    SLICE_X37Y73         FDCE                                         r  hash_tile_md0/DUT_SHA512/HASH_BM/SHA512/a_reg_reg[61]/C
                         clock pessimism              0.000    11.924    
                         clock uncertainty           -0.035    11.889    
    SLICE_X37Y73         FDCE (Setup_fdce_C_D)        0.031    11.920    hash_tile_md0/DUT_SHA512/HASH_BM/SHA512/a_reg_reg[61]
  -------------------------------------------------------------------
                         required time                         11.920    
                         arrival time                         -12.092    
  -------------------------------------------------------------------
                         slack                                 -0.172    





Min Delay Paths
--------------------------------------------------------------------------------------
Slack (MET) :             0.060ns  (arrival time - required time)
  Source:                 wots_xmss_fsm_md0/o_WOTS_s_in_0_reg[3]/C
                            (rising edge-triggered cell FDCE clocked by clk  {rise@0.000ns fall@5.500ns period=11.000ns})
  Destination:            MEM_64BIT_1/mem_reg_0/DIBDI[3]
                            (rising edge-triggered cell RAMB36E1 clocked by clk  {rise@0.000ns fall@5.500ns period=11.000ns})
  Path Group:             clk
  Path Type:              Hold (Min at Fast Process Corner)
  Requirement:            0.000ns  (clk rise@0.000ns - clk rise@0.000ns)
  Data Path Delay:        0.378ns  (logic 0.141ns (37.341%)  route 0.237ns (62.659%))
  Logic Levels:           0  
  Clock Path Skew:        0.022ns (DCD - SCD - CPR)
    Destination Clock Delay (DCD):    0.432ns
    Source Clock Delay      (SCD):    0.410ns
    Clock Pessimism Removal (CPR):    -0.000ns

    Location             Delay type                Incr(ns)  Path(ns)    Netlist Resource(s)
  -------------------------------------------------------------------    -------------------
                         (clock clk rise edge)        0.000     0.000 r  
                                                      0.000     0.000 r  clk (IN)
                         net (fo=16689, unset)        0.410     0.410    wots_xmss_fsm_md0/clk
    SLICE_X101Y64        FDCE                                         r  wots_xmss_fsm_md0/o_WOTS_s_in_0_reg[3]/C
  -------------------------------------------------------------------    -------------------
    SLICE_X101Y64        FDCE (Prop_fdce_C_Q)         0.141     0.551 r  wots_xmss_fsm_md0/o_WOTS_s_in_0_reg[3]/Q
                         net (fo=3, routed)           0.237     0.788    MEM_64BIT_1/mem_reg_1_2[3]
    RAMB36_X6Y13         RAMB36E1                                     r  MEM_64BIT_1/mem_reg_0/DIBDI[3]
  -------------------------------------------------------------------    -------------------

                         (clock clk rise edge)        0.000     0.000 r  
                                                      0.000     0.000 r  clk (IN)
                         net (fo=16689, unset)        0.432     0.432    MEM_64BIT_1/clk
    RAMB36_X6Y13         RAMB36E1                                     r  MEM_64BIT_1/mem_reg_0/CLKBWRCLK
                         clock pessimism              0.000     0.432    
    RAMB36_X6Y13         RAMB36E1 (Hold_ramb36e1_CLKBWRCLK_DIBDI[3])
                                                      0.296     0.728    MEM_64BIT_1/mem_reg_0
  -------------------------------------------------------------------
                         required time                         -0.728    
                         arrival time                           0.788    
  -------------------------------------------------------------------
                         slack                                  0.060    





Pulse Width Checks
--------------------------------------------------------------------------------------
Clock Name:         clk
Waveform(ns):       { 0.000 5.500 }
Period(ns):         11.000
Sources:            { clk }

Check Type        Corner  Lib Pin             Reference Pin  Required(ns)  Actual(ns)  Slack(ns)  Location      Pin
Min Period        n/a     RAMB36E1/CLKARDCLK  n/a            2.944         11.000      8.056      RAMB36_X6Y16  hash_tile_md0/DUT_SHA256/BIG_MEM/mem_reg/CLKARDCLK
Low Pulse Width   Slow    RAMD32/CLK          n/a            1.250         5.500       4.250      SLICE_X98Y82  hash_tile_md0/DUT_SHA256/B_FIFO_INSTANCE/fifo_mem_reg_0_7_0_5/RAMA/CLK
High Pulse Width  Slow    RAMD32/CLK          n/a            1.250         5.500       4.250      SLICE_X98Y82  hash_tile_md0/DUT_SHA256/B_FIFO_INSTANCE/fifo_mem_reg_0_7_0_5/RAMA/CLK



