Copyright 1986-2022 Xilinx, Inc. All Rights Reserved. Copyright 2022-2025 Advanced Micro Devices, Inc. All Rights Reserved.
---------------------------------------------------------------------------------------------------------------------------------------------
| Tool Version : Vivado v.2025.2 (lin64) Build 6299465 Fri Nov 14 12:34:56 MST 2025
| Date         : Sat Aug 29 19:49:24 2026
| Host         : MSI running 64-bit Ubuntu 26.04 LTS
| Command      : report_timing_summary -file /tmp/fsrch_slh_192s_baseline_13.0.rpt
| Design       : top
| Device       : 7a200t-fbg676
| Speed File   : -1  PRODUCTION 1.23 2018-06-13
| Design State : Routed
---------------------------------------------------------------------------------------------------------------------------------------------

Timing Summary Report

------------------------------------------------------------------------------------------------
| Timer Settings
| --------------
------------------------------------------------------------------------------------------------

  Enable Multi Corner Analysis               :  Yes
  Enable Pessimism Removal                   :  Yes
  Pessimism Removal Resolution               :  Nearest Common Node
  Enable Input Delay Default Clock           :  No
  Enable Preset / Clear Arcs                 :  No
  Disable Flight Delays                      :  No
  Ignore I/O Paths                           :  No
  Timing Early Launch at Borrowing Latches   :  No
  Borrow Time for Max Delay Exceptions       :  Yes
  Merge Timing Exceptions                    :  Yes
  Inter-SLR Compensation                     :  Conservative

  Corner  Analyze    Analyze    
  Name    Max Paths  Min Paths  
  ------  ---------  ---------  
  Slow    Yes        Yes        
  Fast    Yes        Yes        


------------------------------------------------------------------------------------------------
| Report Methodology
| ------------------
------------------------------------------------------------------------------------------------

No report available as report_methodology has not been run prior. Run report_methodology on the current design for the summary of methodology violations.



check_timing report

Table of Contents
-----------------
1. checking no_clock (4)
2. checking constant_clock (0)
3. checking pulse_width_clock (0)
4. checking unconstrained_internal_endpoints (1)
5. checking no_input_delay (170)
6. checking no_output_delay (80)
7. checking multiple_clock (0)
8. checking generated_clocks (0)
9. checking loops (0)
10. checking partial_input_delay (0)
11. checking partial_output_delay (0)
12. checking latch_loops (0)

1. checking no_clock (4)
------------------------
 There is 1 register/latch pin with no clock driven by root clock pin: wots_xmss_fsm_md0/md0/XMSS_start_reg/Q (HIGH)

 There is 1 register/latch pin with no clock driven by root clock pin: wots_xmss_fsm_md0/md0/cnt_reg[1]/Q (HIGH)

 There is 1 register/latch pin with no clock driven by root clock pin: wots_xmss_fsm_md0/md0/cnt_reg[2]/Q (HIGH)

 There is 1 register/latch pin with no clock driven by root clock pin: wots_xmss_fsm_md0/md0/cnt_reg[3]/Q (HIGH)


2. checking constant_clock (0)
------------------------------
 There are 0 register/latch pins with constant_clock.


3. checking pulse_width_clock (0)
---------------------------------
 There are 0 register/latch pins which need pulse_width check


4. checking unconstrained_internal_endpoints (1)
------------------------------------------------
 There is 1 pin that is not constrained for maximum delay. (HIGH)

 There are 0 pins that are not constrained for maximum delay due to constant clock.


5. checking no_input_delay (170)
--------------------------------
 There are 156 input ports with no input delay specified. (HIGH)

 There are 14 input ports with no input delay but user has a false path constraint. (MEDIUM)


6. checking no_output_delay (80)
--------------------------------
 There are 80 ports with no output delay specified. (HIGH)

 There are 0 ports with no output delay but user has a false path constraint

 There are 0 ports with no output delay but with a timing clock defined on it or propagating through it


7. checking multiple_clock (0)
------------------------------
 There are 0 register/latch pins with multiple clocks.


8. checking generated_clocks (0)
--------------------------------
 There are 0 generated clocks that are not connected to a clock source.


9. checking loops (0)
---------------------
 There are 0 combinational loops in the design.


10. checking partial_input_delay (0)
------------------------------------
 There are 0 input ports with partial input delay specified.


11. checking partial_output_delay (0)
-------------------------------------
 There are 0 ports with partial output delay specified.


12. checking latch_loops (0)
----------------------------
 There are 0 combinational latch loops in the design through latch input



------------------------------------------------------------------------------------------------
| Design Timing Summary
| ---------------------
------------------------------------------------------------------------------------------------

    WNS(ns)      TNS(ns)  TNS Failing Endpoints  TNS Total Endpoints      WHS(ns)      THS(ns)  THS Failing Endpoints  THS Total Endpoints     WPWS(ns)     TPWS(ns)  TPWS Failing Endpoints  TPWS Total Endpoints  
    -------      -------  ---------------------  -------------------      -------      -------  ---------------------  -------------------     --------     --------  ----------------------  --------------------  
      0.265        0.000                      0                36837        0.048        0.000                      0                36837        5.250        0.000                       0                 16332  


All user specified timing constraints are met.


------------------------------------------------------------------------------------------------
| Clock Summary
| -------------
------------------------------------------------------------------------------------------------

Clock  Waveform(ns)       Period(ns)      Frequency(MHz)
-----  ------------       ----------      --------------
clk    {0.000 6.500}      13.000          76.923          


------------------------------------------------------------------------------------------------
| Intra Clock Table
| -----------------
------------------------------------------------------------------------------------------------

Clock             WNS(ns)      TNS(ns)  TNS Failing Endpoints  TNS Total Endpoints      WHS(ns)      THS(ns)  THS Failing Endpoints  THS Total Endpoints     WPWS(ns)     TPWS(ns)  TPWS Failing Endpoints  TPWS Total Endpoints  
-----             -------      -------  ---------------------  -------------------      -------      -------  ---------------------  -------------------     --------     --------  ----------------------  --------------------  
clk                 0.265        0.000                      0                36837        0.048        0.000                      0                36837        5.250        0.000                       0                 16332  


------------------------------------------------------------------------------------------------
| Inter Clock Table
| -----------------
------------------------------------------------------------------------------------------------

From Clock    To Clock          WNS(ns)      TNS(ns)  TNS Failing Endpoints  TNS Total Endpoints      WHS(ns)      THS(ns)  THS Failing Endpoints  THS Total Endpoints  
----------    --------          -------      -------  ---------------------  -------------------      -------      -------  ---------------------  -------------------  


------------------------------------------------------------------------------------------------
| Other Path Groups Table
| -----------------------
------------------------------------------------------------------------------------------------

Path Group    From Clock    To Clock          WNS(ns)      TNS(ns)  TNS Failing Endpoints  TNS Total Endpoints      WHS(ns)      THS(ns)  THS Failing Endpoints  THS Total Endpoints  
----------    ----------    --------          -------      -------  ---------------------  -------------------      -------      -------  ---------------------  -------------------  


------------------------------------------------------------------------------------------------
| Timing Details
| --------------
------------------------------------------------------------------------------------------------


---------------------------------------------------------------------------------------------------
From Clock:  clk
  To Clock:  clk

Setup :            0  Failing Endpoints,  Worst Slack        0.265ns,  Total Violation        0.000ns
Hold  :            0  Failing Endpoints,  Worst Slack        0.048ns,  Total Violation        0.000ns
PW    :            0  Failing Endpoints,  Worst Slack        5.250ns,  Total Violation        0.000ns
---------------------------------------------------------------------------------------------------


Max Delay Paths
--------------------------------------------------------------------------------------
Slack (MET) :             0.265ns  (required time - arrival time)
  Source:                 hash_tile_md0/DUT_SHA512/HASH_BM/SHA512/w_mem_inst/w_mem_reg[1][19]/C
                            (rising edge-triggered cell FDCE clocked by clk  {rise@0.000ns fall@6.500ns period=13.000ns})
  Destination:            hash_tile_md0/DUT_SHA512/HASH_BM/SHA512/a_reg_reg[61]/D
                            (rising edge-triggered cell FDCE clocked by clk  {rise@0.000ns fall@6.500ns period=13.000ns})
  Path Group:             clk
  Path Type:              Setup (Max at Slow Process Corner)
  Requirement:            13.000ns  (clk rise@13.000ns - clk rise@0.000ns)
  Data Path Delay:        12.680ns  (logic 6.084ns (47.983%)  route 6.596ns (52.017%))
  Logic Levels:           26  (CARRY4=15 LUT3=2 LUT5=5 LUT6=4)
  Clock Path Skew:        -0.049ns (DCD - SCD + CPR)
    Destination Clock Delay (DCD):    0.924ns = ( 13.924 - 13.000 ) 
    Source Clock Delay      (SCD):    0.973ns
    Clock Pessimism Removal (CPR):    0.000ns
  Clock Uncertainty:      0.035ns  ((TSJ^2 + TIJ^2)^1/2 + DJ) / 2 + PE
    Total System Jitter     (TSJ):    0.071ns
    Total Input Jitter      (TIJ):    0.000ns
    Discrete Jitter          (DJ):    0.000ns
    Phase Error              (PE):    0.000ns

    Location             Delay type                Incr(ns)  Path(ns)    Netlist Resource(s)
  -------------------------------------------------------------------    -------------------
                         (clock clk rise edge)        0.000     0.000 r  
                                                      0.000     0.000 r  clk (IN)
                         net (fo=16331, unset)        0.973     0.973    hash_tile_md0/DUT_SHA512/HASH_BM/SHA512/w_mem_inst/clk
    SLICE_X138Y55        FDCE                                         r  hash_tile_md0/DUT_SHA512/HASH_BM/SHA512/w_mem_inst/w_mem_reg[1][19]/C
  -------------------------------------------------------------------    -------------------
    SLICE_X138Y55        FDCE (Prop_fdce_C_Q)         0.456     1.429 r  hash_tile_md0/DUT_SHA512/HASH_BM/SHA512/w_mem_inst/w_mem_reg[1][19]/Q
                         net (fo=8, routed)           0.844     2.273    hash_tile_md0/DUT_SHA512/HASH_BM/SHA512/w_mem_inst/p_5_in[18]
    SLICE_X138Y58        LUT3 (Prop_lut3_I1_O)        0.124     2.397 r  hash_tile_md0/DUT_SHA512/HASH_BM/SHA512/w_mem_inst/w_mem[15][19]_i_19__0/O
                         net (fo=1, routed)           0.842     3.239    hash_tile_md0/DUT_SHA512/HASH_BM/SHA512/w_mem_inst/w_mem_update_logic.d0[18]
    SLICE_X136Y58        LUT5 (Prop_lut5_I3_O)        0.124     3.363 r  hash_tile_md0/DUT_SHA512/HASH_BM/SHA512/w_mem_inst/w_mem[15][19]_i_11__2/O
                         net (fo=2, routed)           0.597     3.960    hash_tile_md0/DUT_SHA512/HASH_BM/SHA512/w_mem_inst/w_mem[15][19]_i_11__2_n_0
    SLICE_X134Y58        LUT3 (Prop_lut3_I1_O)        0.124     4.084 r  hash_tile_md0/DUT_SHA512/HASH_BM/SHA512/w_mem_inst/w_mem[15][19]_i_3__2/O
                         net (fo=2, routed)           0.664     4.747    hash_tile_md0/DUT_SHA512/HASH_BM/SHA512/w_mem_inst/w_mem[15][19]_i_3__2_n_0
    SLICE_X135Y60        CARRY4 (Prop_carry4_DI[3]_CO[3])
                                                      0.385     5.132 r  hash_tile_md0/DUT_SHA512/HASH_BM/SHA512/w_mem_inst/w_mem_reg[15][19]_i_2__2/CO[3]
                         net (fo=1, routed)           0.000     5.132    hash_tile_md0/DUT_SHA512/HASH_BM/SHA512/w_mem_inst/w_mem_reg[15][19]_i_2__2_n_0
    SLICE_X135Y61        CARRY4 (Prop_carry4_CI_CO[3])
                                                      0.114     5.246 r  hash_tile_md0/DUT_SHA512/HASH_BM/SHA512/w_mem_inst/w_mem_reg[15][23]_i_2__2/CO[3]
                         net (fo=1, routed)           0.000     5.246    hash_tile_md0/DUT_SHA512/HASH_BM/SHA512/w_mem_inst/w_mem_reg[15][23]_i_2__2_n_0
    SLICE_X135Y62        CARRY4 (Prop_carry4_CI_CO[3])
                                                      0.114     5.360 r  hash_tile_md0/DUT_SHA512/HASH_BM/SHA512/w_mem_inst/w_mem_reg[15][27]_i_2__2/CO[3]
                         net (fo=1, routed)           0.000     5.360    hash_tile_md0/DUT_SHA512/HASH_BM/SHA512/w_mem_inst/w_mem_reg[15][27]_i_2__2_n_0
    SLICE_X135Y63        CARRY4 (Prop_carry4_CI_O[0])
                                                      0.222     5.582 r  hash_tile_md0/DUT_SHA512/HASH_BM/SHA512/w_mem_inst/w_mem_reg[15][31]_i_2__2/O[0]
                         net (fo=2, routed)           0.455     6.037    hash_tile_md0/DUT_SHA512/HASH_BM/SHA512/w_mem_inst/w_new[28]
    SLICE_X131Y63        LUT5 (Prop_lut5_I3_O)        0.299     6.336 r  hash_tile_md0/DUT_SHA512/HASH_BM/SHA512/w_mem_inst/i___56_i_25__0/O
                         net (fo=2, routed)           0.311     6.648    hash_tile_md0/DUT_SHA512/HASH_BM/SHA512/w_mem_inst/w_data[28]
    SLICE_X130Y64        LUT5 (Prop_lut5_I3_O)        0.124     6.772 r  hash_tile_md0/DUT_SHA512/HASH_BM/SHA512/w_mem_inst/i___56_i_17__0/O
                         net (fo=2, routed)           0.496     7.268    hash_tile_md0/DUT_SHA512/HASH_BM/SHA512/w_mem_inst/i___56_i_17__0_n_0
    SLICE_X128Y64        LUT6 (Prop_lut6_I0_O)        0.124     7.392 r  hash_tile_md0/DUT_SHA512/HASH_BM/SHA512/w_mem_inst/i___56_i_21__0/O
                         net (fo=1, routed)           0.000     7.392    hash_tile_md0/DUT_SHA512/HASH_BM/SHA512/w_mem_inst/i___56_i_21__0_n_0
    SLICE_X128Y64        CARRY4 (Prop_carry4_S[1]_CO[3])
                                                      0.533     7.925 r  hash_tile_md0/DUT_SHA512/HASH_BM/SHA512/w_mem_inst/i___56_i_13__0/CO[3]
                         net (fo=1, routed)           0.000     7.925    hash_tile_md0/DUT_SHA512/HASH_BM/SHA512/w_mem_inst/i___56_i_13__0_n_0
    SLICE_X128Y65        CARRY4 (Prop_carry4_CI_CO[3])
                                                      0.117     8.042 r  hash_tile_md0/DUT_SHA512/HASH_BM/SHA512/w_mem_inst/i___52_i_13__0/CO[3]
                         net (fo=1, routed)           0.000     8.042    hash_tile_md0/DUT_SHA512/HASH_BM/SHA512/w_mem_inst/i___52_i_13__0_n_0
    SLICE_X128Y66        CARRY4 (Prop_carry4_CI_O[2])
                                                      0.239     8.281 r  hash_tile_md0/DUT_SHA512/HASH_BM/SHA512/w_mem_inst/i___48_i_13__0/O[2]
                         net (fo=2, routed)           0.467     8.747    hash_tile_md0/DUT_SHA512/HASH_BM/SHA512/w_mem_inst/i___48_i_13__0_n_5
    SLICE_X127Y67        LUT5 (Prop_lut5_I0_O)        0.301     9.048 r  hash_tile_md0/DUT_SHA512/HASH_BM/SHA512/w_mem_inst/i___52_i_2__0/O
                         net (fo=2, routed)           0.579     9.627    hash_tile_md0/DUT_SHA512/HASH_BM/SHA512/w_mem_inst/i___52_i_2__0_n_0
    SLICE_X125Y67        LUT6 (Prop_lut6_I0_O)        0.124     9.751 r  hash_tile_md0/DUT_SHA512/HASH_BM/SHA512/w_mem_inst/i___52_i_6__0/O
                         net (fo=1, routed)           0.000     9.751    hash_tile_md0/DUT_SHA512/HASH_BM/SHA512/w_mem_inst/i___52_i_6__0_n_0
    SLICE_X125Y67        CARRY4 (Prop_carry4_S[3]_CO[3])
                                                      0.401    10.152 r  hash_tile_md0/DUT_SHA512/HASH_BM/SHA512/w_mem_inst/i___52_i_1__0/CO[3]
                         net (fo=1, routed)           0.000    10.152    hash_tile_md0/DUT_SHA512/HASH_BM/SHA512/w_mem_inst/i___52_i_1__0_n_0
    SLICE_X125Y68        CARRY4 (Prop_carry4_CI_CO[3])
                                                      0.114    10.266 r  hash_tile_md0/DUT_SHA512/HASH_BM/SHA512/w_mem_inst/i___48_i_1__0/CO[3]
                         net (fo=1, routed)           0.000    10.266    hash_tile_md0/DUT_SHA512/HASH_BM/SHA512/w_mem_inst/i___48_i_1__0_n_0
    SLICE_X125Y69        CARRY4 (Prop_carry4_CI_O[2])
                                                      0.239    10.505 r  hash_tile_md0/DUT_SHA512/HASH_BM/SHA512/w_mem_inst/i___44_i_1__0/O[2]
                         net (fo=4, routed)           0.620    11.125    hash_tile_md0/DUT_SHA512/HASH_BM/SHA512/w_mem_inst/e_reg_reg[46][2]
    SLICE_X123Y67        LUT5 (Prop_lut5_I4_O)        0.302    11.427 r  hash_tile_md0/DUT_SHA512/HASH_BM/SHA512/w_mem_inst/a_reg[47]_i_3__0/O
                         net (fo=2, routed)           0.425    11.852    hash_tile_md0/DUT_SHA512/HASH_BM/SHA512/w_mem_inst/a_reg[47]_i_3__0_n_0
    SLICE_X122Y68        LUT6 (Prop_lut6_I0_O)        0.124    11.976 r  hash_tile_md0/DUT_SHA512/HASH_BM/SHA512/w_mem_inst/a_reg[47]_i_7__0/O
                         net (fo=1, routed)           0.000    11.976    hash_tile_md0/DUT_SHA512/HASH_BM/SHA512/w_mem_inst/a_reg[47]_i_7__0_n_0
    SLICE_X122Y68        CARRY4 (Prop_carry4_S[3]_CO[3])
                                                      0.401    12.377 r  hash_tile_md0/DUT_SHA512/HASH_BM/SHA512/w_mem_inst/a_reg_reg[47]_i_2__0/CO[3]
                         net (fo=1, routed)           0.000    12.377    hash_tile_md0/DUT_SHA512/HASH_BM/SHA512/w_mem_inst/a_reg_reg[47]_i_2__0_n_0
    SLICE_X122Y69        CARRY4 (Prop_carry4_CI_CO[3])
                                                      0.114    12.491 r  hash_tile_md0/DUT_SHA512/HASH_BM/SHA512/w_mem_inst/a_reg_reg[51]_i_2__0/CO[3]
                         net (fo=1, routed)           0.000    12.491    hash_tile_md0/DUT_SHA512/HASH_BM/SHA512/w_mem_inst/a_reg_reg[51]_i_2__0_n_0
    SLICE_X122Y70        CARRY4 (Prop_carry4_CI_CO[3])
                                                      0.114    12.605 r  hash_tile_md0/DUT_SHA512/HASH_BM/SHA512/w_mem_inst/a_reg_reg[55]_i_2__0/CO[3]
                         net (fo=1, routed)           0.000    12.605    hash_tile_md0/DUT_SHA512/HASH_BM/SHA512/w_mem_inst/a_reg_reg[55]_i_2__0_n_0
    SLICE_X122Y71        CARRY4 (Prop_carry4_CI_CO[3])
                                                      0.114    12.719 r  hash_tile_md0/DUT_SHA512/HASH_BM/SHA512/w_mem_inst/a_reg_reg[59]_i_2__0/CO[3]
                         net (fo=1, routed)           0.000    12.719    hash_tile_md0/DUT_SHA512/HASH_BM/SHA512/w_mem_inst/a_reg_reg[59]_i_2__0_n_0
    SLICE_X122Y72        CARRY4 (Prop_carry4_CI_O[1])
                                                      0.334    13.053 r  hash_tile_md0/DUT_SHA512/HASH_BM/SHA512/w_mem_inst/a_reg_reg[63]_i_2__0/O[1]
                         net (fo=1, routed)           0.296    13.350    hash_tile_md0/DUT_SHA512/HASH_BM/SHA512/w_mem_inst/a_new0[61]
    SLICE_X121Y72        LUT6 (Prop_lut6_I0_O)        0.303    13.653 r  hash_tile_md0/DUT_SHA512/HASH_BM/SHA512/w_mem_inst/a_reg[61]_i_1__0/O
                         net (fo=1, routed)           0.000    13.653    hash_tile_md0/DUT_SHA512/HASH_BM/SHA512/a_new[61]
    SLICE_X121Y72        FDCE                                         r  hash_tile_md0/DUT_SHA512/HASH_BM/SHA512/a_reg_reg[61]/D
  -------------------------------------------------------------------    -------------------

                         (clock clk rise edge)       13.000    13.000 r  
                                                      0.000    13.000 r  clk (IN)
                         net (fo=16331, unset)        0.924    13.924    hash_tile_md0/DUT_SHA512/HASH_BM/SHA512/clk
    SLICE_X121Y72        FDCE                                         r  hash_tile_md0/DUT_SHA512/HASH_BM/SHA512/a_reg_reg[61]/C
                         clock pessimism              0.000    13.924    
                         clock uncertainty           -0.035    13.889    
    SLICE_X121Y72        FDCE (Setup_fdce_C_D)        0.029    13.918    hash_tile_md0/DUT_SHA512/HASH_BM/SHA512/a_reg_reg[61]
  -------------------------------------------------------------------
                         required time                         13.918    
                         arrival time                         -13.653    
  -------------------------------------------------------------------
                         slack                                  0.265    





Min Delay Paths
--------------------------------------------------------------------------------------
Slack (MET) :             0.048ns  (arrival time - required time)
  Source:                 mti_md0/indices_in0_reg[7]/C
                            (rising edge-triggered cell FDCE clocked by clk  {rise@0.000ns fall@6.500ns period=13.000ns})
  Destination:            INDICES_MEM/mem_reg/DIADI[7]
                            (rising edge-triggered cell RAMB18E1 clocked by clk  {rise@0.000ns fall@6.500ns period=13.000ns})
  Path Group:             clk
  Path Type:              Hold (Min at Fast Process Corner)
  Requirement:            0.000ns  (clk rise@0.000ns - clk rise@0.000ns)
  Data Path Delay:        0.312ns  (logic 0.148ns (47.382%)  route 0.164ns (52.618%))
  Logic Levels:           0  
  Clock Path Skew:        0.022ns (DCD - SCD - CPR)
    Destination Clock Delay (DCD):    0.432ns
    Source Clock Delay      (SCD):    0.410ns
    Clock Pessimism Removal (CPR):    -0.000ns

    Location             Delay type                Incr(ns)  Path(ns)    Netlist Resource(s)
  -------------------------------------------------------------------    -------------------
                         (clock clk rise edge)        0.000     0.000 r  
                                                      0.000     0.000 r  clk (IN)
                         net (fo=16331, unset)        0.410     0.410    mti_md0/clk
    SLICE_X42Y56         FDCE                                         r  mti_md0/indices_in0_reg[7]/C
  -------------------------------------------------------------------    -------------------
    SLICE_X42Y56         FDCE (Prop_fdce_C_Q)         0.148     0.558 r  mti_md0/indices_in0_reg[7]/Q
                         net (fo=1, routed)           0.164     0.722    INDICES_MEM/mem_reg_0[7]
    RAMB18_X2Y22         RAMB18E1                                     r  INDICES_MEM/mem_reg/DIADI[7]
  -------------------------------------------------------------------    -------------------

                         (clock clk rise edge)        0.000     0.000 r  
                                                      0.000     0.000 r  clk (IN)
                         net (fo=16331, unset)        0.432     0.432    INDICES_MEM/clk
    RAMB18_X2Y22         RAMB18E1                                     r  INDICES_MEM/mem_reg/CLKARDCLK
                         clock pessimism              0.000     0.432    
    RAMB18_X2Y22         RAMB18E1 (Hold_ramb18e1_CLKARDCLK_DIADI[7])
                                                      0.243     0.675    INDICES_MEM/mem_reg
  -------------------------------------------------------------------
                         required time                         -0.675    
                         arrival time                           0.722    
  -------------------------------------------------------------------
                         slack                                  0.048    





Pulse Width Checks
--------------------------------------------------------------------------------------
Clock Name:         clk
Waveform(ns):       { 0.000 6.500 }
Period(ns):         13.000
Sources:            { clk }

Check Type        Corner  Lib Pin             Reference Pin  Required(ns)  Actual(ns)  Slack(ns)  Location      Pin
Min Period        n/a     RAMB36E1/CLKARDCLK  n/a            2.944         13.000      10.056     RAMB36_X3Y17  hash_tile_md0/DUT_SHA256/BIG_MEM/mem_reg/CLKARDCLK
Low Pulse Width   Slow    RAMD32/CLK          n/a            1.250         6.500       5.250      SLICE_X70Y88  hash_tile_md0/DUT_SHA256/B_FIFO_INSTANCE/fifo_mem_reg_0_7_0_5/RAMA/CLK
High Pulse Width  Slow    RAMD32/CLK          n/a            1.250         6.500       5.250      SLICE_X70Y88  hash_tile_md0/DUT_SHA256/B_FIFO_INSTANCE/fifo_mem_reg_0_7_0_5/RAMA/CLK



