Copyright 1986-2022 Xilinx, Inc. All Rights Reserved. Copyright 2022-2025 Advanced Micro Devices, Inc. All Rights Reserved.
---------------------------------------------------------------------------------------------------------------------------------------------
| Tool Version : Vivado v.2025.2 (lin64) Build 6299465 Fri Nov 14 12:34:56 MST 2025
| Date         : Sat Aug 29 14:26:12 2026
| Host         : MSI running 64-bit Ubuntu 26.04 LTS
| Command      : report_timing_summary -file /tmp/fsrch_slh_128f_optimized_9.5.rpt
| Design       : top
| Device       : 7a200t-fbg676
| Speed File   : -1  PRODUCTION 1.23 2018-06-13
| Design State : Routed
---------------------------------------------------------------------------------------------------------------------------------------------

Timing Summary Report

------------------------------------------------------------------------------------------------
| Timer Settings
| --------------
------------------------------------------------------------------------------------------------

  Enable Multi Corner Analysis               :  Yes
  Enable Pessimism Removal                   :  Yes
  Pessimism Removal Resolution               :  Nearest Common Node
  Enable Input Delay Default Clock           :  No
  Enable Preset / Clear Arcs                 :  No
  Disable Flight Delays                      :  No
  Ignore I/O Paths                           :  No
  Timing Early Launch at Borrowing Latches   :  No
  Borrow Time for Max Delay Exceptions       :  Yes
  Merge Timing Exceptions                    :  Yes
  Inter-SLR Compensation                     :  Conservative

  Corner  Analyze    Analyze    
  Name    Max Paths  Min Paths  
  ------  ---------  ---------  
  Slow    Yes        Yes        
  Fast    Yes        Yes        


------------------------------------------------------------------------------------------------
| Report Methodology
| ------------------
------------------------------------------------------------------------------------------------

No report available as report_methodology has not been run prior. Run report_methodology on the current design for the summary of methodology violations.



check_timing report

Table of Contents
-----------------
1. checking no_clock (4)
2. checking constant_clock (0)
3. checking pulse_width_clock (0)
4. checking unconstrained_internal_endpoints (1)
5. checking no_input_delay (170)
6. checking no_output_delay (80)
7. checking multiple_clock (0)
8. checking generated_clocks (0)
9. checking loops (0)
10. checking partial_input_delay (0)
11. checking partial_output_delay (0)
12. checking latch_loops (0)

1. checking no_clock (4)
------------------------
 There is 1 register/latch pin with no clock driven by root clock pin: wots_xmss_fsm_md0/md0/XMSS_start_reg/Q (HIGH)

 There is 1 register/latch pin with no clock driven by root clock pin: wots_xmss_fsm_md0/md0/cnt_reg[1]/Q (HIGH)

 There is 1 register/latch pin with no clock driven by root clock pin: wots_xmss_fsm_md0/md0/cnt_reg[2]/Q (HIGH)

 There is 1 register/latch pin with no clock driven by root clock pin: wots_xmss_fsm_md0/md0/cnt_reg[3]/Q (HIGH)


2. checking constant_clock (0)
------------------------------
 There are 0 register/latch pins with constant_clock.


3. checking pulse_width_clock (0)
---------------------------------
 There are 0 register/latch pins which need pulse_width check


4. checking unconstrained_internal_endpoints (1)
------------------------------------------------
 There is 1 pin that is not constrained for maximum delay. (HIGH)

 There are 0 pins that are not constrained for maximum delay due to constant clock.


5. checking no_input_delay (170)
--------------------------------
 There are 156 input ports with no input delay specified. (HIGH)

 There are 14 input ports with no input delay but user has a false path constraint. (MEDIUM)


6. checking no_output_delay (80)
--------------------------------
 There are 80 ports with no output delay specified. (HIGH)

 There are 0 ports with no output delay but user has a false path constraint

 There are 0 ports with no output delay but with a timing clock defined on it or propagating through it


7. checking multiple_clock (0)
------------------------------
 There are 0 register/latch pins with multiple clocks.


8. checking generated_clocks (0)
--------------------------------
 There are 0 generated clocks that are not connected to a clock source.


9. checking loops (0)
---------------------
 There are 0 combinational loops in the design.


10. checking partial_input_delay (0)
------------------------------------
 There are 0 input ports with partial input delay specified.


11. checking partial_output_delay (0)
-------------------------------------
 There are 0 ports with partial output delay specified.


12. checking latch_loops (0)
----------------------------
 There are 0 combinational latch loops in the design through latch input



------------------------------------------------------------------------------------------------
| Design Timing Summary
| ---------------------
------------------------------------------------------------------------------------------------

    WNS(ns)      TNS(ns)  TNS Failing Endpoints  TNS Total Endpoints      WHS(ns)      THS(ns)  THS Failing Endpoints  THS Total Endpoints     WPWS(ns)     TPWS(ns)  TPWS Failing Endpoints  TPWS Total Endpoints  
    -------      -------  ---------------------  -------------------      -------      -------  ---------------------  -------------------     --------     --------  ----------------------  --------------------  
     -0.736      -12.531                     37                15365        0.057        0.000                      0                15365        3.500        0.000                       0                  6979  


Timing constraints are not met.


------------------------------------------------------------------------------------------------
| Clock Summary
| -------------
------------------------------------------------------------------------------------------------

Clock  Waveform(ns)         Period(ns)      Frequency(MHz)
-----  ------------         ----------      --------------
clk    {0.000 4.750}        9.500           105.263         


------------------------------------------------------------------------------------------------
| Intra Clock Table
| -----------------
------------------------------------------------------------------------------------------------

Clock             WNS(ns)      TNS(ns)  TNS Failing Endpoints  TNS Total Endpoints      WHS(ns)      THS(ns)  THS Failing Endpoints  THS Total Endpoints     WPWS(ns)     TPWS(ns)  TPWS Failing Endpoints  TPWS Total Endpoints  
-----             -------      -------  ---------------------  -------------------      -------      -------  ---------------------  -------------------     --------     --------  ----------------------  --------------------  
clk                -0.736      -12.531                     37                15365        0.057        0.000                      0                15365        3.500        0.000                       0                  6979  


------------------------------------------------------------------------------------------------
| Inter Clock Table
| -----------------
------------------------------------------------------------------------------------------------

From Clock    To Clock          WNS(ns)      TNS(ns)  TNS Failing Endpoints  TNS Total Endpoints      WHS(ns)      THS(ns)  THS Failing Endpoints  THS Total Endpoints  
----------    --------          -------      -------  ---------------------  -------------------      -------      -------  ---------------------  -------------------  


------------------------------------------------------------------------------------------------
| Other Path Groups Table
| -----------------------
------------------------------------------------------------------------------------------------

Path Group    From Clock    To Clock          WNS(ns)      TNS(ns)  TNS Failing Endpoints  TNS Total Endpoints      WHS(ns)      THS(ns)  THS Failing Endpoints  THS Total Endpoints  
----------    ----------    --------          -------      -------  ---------------------  -------------------      -------      -------  ---------------------  -------------------  


------------------------------------------------------------------------------------------------
| Timing Details
| --------------
------------------------------------------------------------------------------------------------


---------------------------------------------------------------------------------------------------
From Clock:  clk
  To Clock:  clk

Setup :           37  Failing Endpoints,  Worst Slack       -0.736ns,  Total Violation      -12.531ns
Hold  :            0  Failing Endpoints,  Worst Slack        0.057ns,  Total Violation        0.000ns
PW    :            0  Failing Endpoints,  Worst Slack        3.500ns,  Total Violation        0.000ns
---------------------------------------------------------------------------------------------------


Max Delay Paths
--------------------------------------------------------------------------------------
Slack (VIOLATED) :        -0.736ns  (required time - arrival time)
  Source:                 hash_tile_md0/HASH_SM/SHA256/w_mem_inst/w_mem_reg[1][5]/C
                            (rising edge-triggered cell FDCE clocked by clk  {rise@0.000ns fall@4.750ns period=9.500ns})
  Destination:            hash_tile_md0/HASH_SM/SHA256/a_reg_reg[29]/D
                            (rising edge-triggered cell FDCE clocked by clk  {rise@0.000ns fall@4.750ns period=9.500ns})
  Path Group:             clk
  Path Type:              Setup (Max at Slow Process Corner)
  Requirement:            9.500ns  (clk rise@9.500ns - clk rise@0.000ns)
  Data Path Delay:        10.183ns  (logic 4.793ns (47.071%)  route 5.390ns (52.929%))
  Logic Levels:           19  (CARRY4=10 LUT3=2 LUT5=3 LUT6=4)
  Clock Path Skew:        -0.049ns (DCD - SCD + CPR)
    Destination Clock Delay (DCD):    0.924ns = ( 10.424 - 9.500 ) 
    Source Clock Delay      (SCD):    0.973ns
    Clock Pessimism Removal (CPR):    0.000ns
  Clock Uncertainty:      0.035ns  ((TSJ^2 + TIJ^2)^1/2 + DJ) / 2 + PE
    Total System Jitter     (TSJ):    0.071ns
    Total Input Jitter      (TIJ):    0.000ns
    Discrete Jitter          (DJ):    0.000ns
    Phase Error              (PE):    0.000ns

    Location             Delay type                Incr(ns)  Path(ns)    Netlist Resource(s)
  -------------------------------------------------------------------    -------------------
                         (clock clk rise edge)        0.000     0.000 r  
                                                      0.000     0.000 r  clk (IN)
                         net (fo=6978, unset)         0.973     0.973    hash_tile_md0/HASH_SM/SHA256/w_mem_inst/clk
    SLICE_X60Y169        FDCE                                         r  hash_tile_md0/HASH_SM/SHA256/w_mem_inst/w_mem_reg[1][5]/C
  -------------------------------------------------------------------    -------------------
    SLICE_X60Y169        FDCE (Prop_fdce_C_Q)         0.518     1.491 r  hash_tile_md0/HASH_SM/SHA256/w_mem_inst/w_mem_reg[1][5]/Q
                         net (fo=8, routed)           0.878     2.369    hash_tile_md0/HASH_SM/SHA256/w_mem_inst/p_2_in[30]
    SLICE_X62Y167        LUT5 (Prop_lut5_I4_O)        0.124     2.493 r  hash_tile_md0/HASH_SM/SHA256/w_mem_inst/w_mem[15][3]_i_11/O
                         net (fo=2, routed)           0.580     3.073    hash_tile_md0/HASH_SM/SHA256/w_mem_inst/w_mem[15][3]_i_11_n_0
    SLICE_X62Y169        LUT5 (Prop_lut5_I3_O)        0.124     3.197 r  hash_tile_md0/HASH_SM/SHA256/w_mem_inst/w_mem[15][3]_i_3/O
                         net (fo=2, routed)           0.616     3.813    hash_tile_md0/HASH_SM/SHA256/w_mem_inst/w_mem[15][3]_i_3_n_0
    SLICE_X62Y170        LUT6 (Prop_lut6_I0_O)        0.124     3.937 r  hash_tile_md0/HASH_SM/SHA256/w_mem_inst/w_mem[15][3]_i_7/O
                         net (fo=1, routed)           0.000     3.937    hash_tile_md0/HASH_SM/SHA256/w_mem_inst/w_mem[15][3]_i_7_n_0
    SLICE_X62Y170        CARRY4 (Prop_carry4_S[3]_CO[3])
                                                      0.376     4.313 r  hash_tile_md0/HASH_SM/SHA256/w_mem_inst/w_mem_reg[15][3]_i_2/CO[3]
                         net (fo=1, routed)           0.000     4.313    hash_tile_md0/HASH_SM/SHA256/w_mem_inst/w_mem_reg[15][3]_i_2_n_0
    SLICE_X62Y171        CARRY4 (Prop_carry4_CI_CO[3])
                                                      0.117     4.430 r  hash_tile_md0/HASH_SM/SHA256/w_mem_inst/w_mem_reg[15][7]_i_2/CO[3]
                         net (fo=1, routed)           0.000     4.430    hash_tile_md0/HASH_SM/SHA256/w_mem_inst/w_mem_reg[15][7]_i_2_n_0
    SLICE_X62Y172        CARRY4 (Prop_carry4_CI_CO[3])
                                                      0.117     4.547 r  hash_tile_md0/HASH_SM/SHA256/w_mem_inst/w_mem_reg[15][11]_i_2/CO[3]
                         net (fo=1, routed)           0.000     4.547    hash_tile_md0/HASH_SM/SHA256/w_mem_inst/w_mem_reg[15][11]_i_2_n_0
    SLICE_X62Y173        CARRY4 (Prop_carry4_CI_O[0])
                                                      0.219     4.766 r  hash_tile_md0/HASH_SM/SHA256/w_mem_inst/w_mem_reg[15][15]_i_2/O[0]
                         net (fo=2, routed)           0.597     5.363    hash_tile_md0/HASH_SM/SHA256/w_mem_inst/w_new[12]
    SLICE_X64Y174        LUT6 (Prop_lut6_I3_O)        0.295     5.658 r  hash_tile_md0/HASH_SM/SHA256/w_mem_inst/i___42_i_23/O
                         net (fo=2, routed)           0.504     6.161    hash_tile_md0/HASH_SM/SHA256/w_mem_inst/w_data[12]
    SLICE_X66Y174        LUT3 (Prop_lut3_I2_O)        0.124     6.285 r  hash_tile_md0/HASH_SM/SHA256/w_mem_inst/i___42_i_12/O
                         net (fo=3, routed)           0.575     6.860    hash_tile_md0/HASH_SM/SHA256/w_mem_inst/t1_logic.csa2_c[13]
    SLICE_X69Y174        LUT3 (Prop_lut3_I0_O)        0.124     6.984 r  hash_tile_md0/HASH_SM/SHA256/w_mem_inst/i___42_i_4/O
                         net (fo=1, routed)           0.323     7.308    hash_tile_md0/HASH_SM/SHA256/w_mem_inst/t1_logic.csa3_s[13]
    SLICE_X67Y174        CARRY4 (Prop_carry4_DI[1]_CO[3])
                                                      0.507     7.815 r  hash_tile_md0/HASH_SM/SHA256/w_mem_inst/i___42_i_1/CO[3]
                         net (fo=1, routed)           0.009     7.824    hash_tile_md0/HASH_SM/SHA256/w_mem_inst/i___42_i_1_n_0
    SLICE_X67Y175        CARRY4 (Prop_carry4_CI_O[1])
                                                      0.334     8.158 r  hash_tile_md0/HASH_SM/SHA256/w_mem_inst/i___38_i_1/O[1]
                         net (fo=4, routed)           0.515     8.672    hash_tile_md0/HASH_SM/SHA256/w_mem_inst/i___38_i_9_0[1]
    SLICE_X70Y174        LUT5 (Prop_lut5_I0_O)        0.303     8.975 r  hash_tile_md0/HASH_SM/SHA256/w_mem_inst/a_reg[19]_i_4/O
                         net (fo=2, routed)           0.496     9.472    hash_tile_md0/HASH_SM/SHA256/w_mem_inst/a_reg[19]_i_4_n_0
    SLICE_X71Y174        LUT6 (Prop_lut6_I0_O)        0.124     9.596 r  hash_tile_md0/HASH_SM/SHA256/w_mem_inst/a_reg[19]_i_8/O
                         net (fo=1, routed)           0.000     9.596    hash_tile_md0/HASH_SM/SHA256/w_mem_inst/a_reg[19]_i_8_n_0
    SLICE_X71Y174        CARRY4 (Prop_carry4_S[2]_CO[3])
                                                      0.398     9.994 r  hash_tile_md0/HASH_SM/SHA256/w_mem_inst/a_reg_reg[19]_i_2/CO[3]
                         net (fo=1, routed)           0.009    10.003    hash_tile_md0/HASH_SM/SHA256/w_mem_inst/a_reg_reg[19]_i_2_n_0
    SLICE_X71Y175        CARRY4 (Prop_carry4_CI_CO[3])
                                                      0.114    10.117 r  hash_tile_md0/HASH_SM/SHA256/w_mem_inst/a_reg_reg[23]_i_2/CO[3]
                         net (fo=1, routed)           0.000    10.117    hash_tile_md0/HASH_SM/SHA256/w_mem_inst/a_reg_reg[23]_i_2_n_0
    SLICE_X71Y176        CARRY4 (Prop_carry4_CI_CO[3])
                                                      0.114    10.231 r  hash_tile_md0/HASH_SM/SHA256/w_mem_inst/a_reg_reg[27]_i_2/CO[3]
                         net (fo=1, routed)           0.000    10.231    hash_tile_md0/HASH_SM/SHA256/w_mem_inst/a_reg_reg[27]_i_2_n_0
    SLICE_X71Y177        CARRY4 (Prop_carry4_CI_O[1])
                                                      0.334    10.565 r  hash_tile_md0/HASH_SM/SHA256/w_mem_inst/a_reg_reg[31]_i_2/O[1]
                         net (fo=1, routed)           0.288    10.853    hash_tile_md0/HASH_SM/SHA256/w_mem_inst/a_new0[29]
    SLICE_X73Y177        LUT6 (Prop_lut6_I5_O)        0.303    11.156 r  hash_tile_md0/HASH_SM/SHA256/w_mem_inst/a_reg[29]_i_1/O
                         net (fo=1, routed)           0.000    11.156    hash_tile_md0/HASH_SM/SHA256/w_mem_inst_n_9
    SLICE_X73Y177        FDCE                                         r  hash_tile_md0/HASH_SM/SHA256/a_reg_reg[29]/D
  -------------------------------------------------------------------    -------------------

                         (clock clk rise edge)        9.500     9.500 r  
                                                      0.000     9.500 r  clk (IN)
                         net (fo=6978, unset)         0.924    10.424    hash_tile_md0/HASH_SM/SHA256/clk
    SLICE_X73Y177        FDCE                                         r  hash_tile_md0/HASH_SM/SHA256/a_reg_reg[29]/C
                         clock pessimism              0.000    10.424    
                         clock uncertainty           -0.035    10.389    
    SLICE_X73Y177        FDCE (Setup_fdce_C_D)        0.031    10.420    hash_tile_md0/HASH_SM/SHA256/a_reg_reg[29]
  -------------------------------------------------------------------
                         required time                         10.420    
                         arrival time                         -11.156    
  -------------------------------------------------------------------
                         slack                                 -0.736    





Min Delay Paths
--------------------------------------------------------------------------------------
Slack (MET) :             0.057ns  (arrival time - required time)
  Source:                 wots_xmss_fsm_md0/o_WOTS_s_in_0_reg[13]/C
                            (rising edge-triggered cell FDCE clocked by clk  {rise@0.000ns fall@4.750ns period=9.500ns})
  Destination:            MEM_64BIT_1/mem_reg_0/DIBDI[13]
                            (rising edge-triggered cell RAMB36E1 clocked by clk  {rise@0.000ns fall@4.750ns period=9.500ns})
  Path Group:             clk
  Path Type:              Hold (Min at Fast Process Corner)
  Requirement:            0.000ns  (clk rise@0.000ns - clk rise@0.000ns)
  Data Path Delay:        0.374ns  (logic 0.141ns (37.680%)  route 0.233ns (62.320%))
  Logic Levels:           0  
  Clock Path Skew:        0.022ns (DCD - SCD - CPR)
    Destination Clock Delay (DCD):    0.432ns
    Source Clock Delay      (SCD):    0.410ns
    Clock Pessimism Removal (CPR):    -0.000ns

    Location             Delay type                Incr(ns)  Path(ns)    Netlist Resource(s)
  -------------------------------------------------------------------    -------------------
                         (clock clk rise edge)        0.000     0.000 r  
                                                      0.000     0.000 r  clk (IN)
                         net (fo=6978, unset)         0.410     0.410    wots_xmss_fsm_md0/clk
    SLICE_X63Y99         FDCE                                         r  wots_xmss_fsm_md0/o_WOTS_s_in_0_reg[13]/C
  -------------------------------------------------------------------    -------------------
    SLICE_X63Y99         FDCE (Prop_fdce_C_Q)         0.141     0.551 r  wots_xmss_fsm_md0/o_WOTS_s_in_0_reg[13]/Q
                         net (fo=3, routed)           0.233     0.784    MEM_64BIT_1/mem_reg_1_0[13]
    RAMB36_X3Y19         RAMB36E1                                     r  MEM_64BIT_1/mem_reg_0/DIBDI[13]
  -------------------------------------------------------------------    -------------------

                         (clock clk rise edge)        0.000     0.000 r  
                                                      0.000     0.000 r  clk (IN)
                         net (fo=6978, unset)         0.432     0.432    MEM_64BIT_1/clk
    RAMB36_X3Y19         RAMB36E1                                     r  MEM_64BIT_1/mem_reg_0/CLKBWRCLK
                         clock pessimism              0.000     0.432    
    RAMB36_X3Y19         RAMB36E1 (Hold_ramb36e1_CLKBWRCLK_DIBDI[13])
                                                      0.296     0.728    MEM_64BIT_1/mem_reg_0
  -------------------------------------------------------------------
                         required time                         -0.728    
                         arrival time                           0.784    
  -------------------------------------------------------------------
                         slack                                  0.057    





Pulse Width Checks
--------------------------------------------------------------------------------------
Clock Name:         clk
Waveform(ns):       { 0.000 4.750 }
Period(ns):         9.500
Sources:            { clk }

Check Type        Corner  Lib Pin             Reference Pin  Required(ns)  Actual(ns)  Slack(ns)  Location       Pin
Min Period        n/a     RAMB36E1/CLKARDCLK  n/a            2.944         9.500       6.556      RAMB36_X2Y22   hash_tile_md0/BIG_MEM/mem_reg/CLKARDCLK
Low Pulse Width   Slow    RAMD32/CLK          n/a            1.250         4.750       3.500      SLICE_X40Y114  hash_tile_md0/B_FIFO_INSTANCE/fifo_mem_reg_0_7_0_5/RAMA/CLK
High Pulse Width  Slow    RAMD32/CLK          n/a            1.250         4.750       3.500      SLICE_X40Y114  hash_tile_md0/B_FIFO_INSTANCE/fifo_mem_reg_0_7_0_5/RAMA/CLK



