Copyright 1986-2022 Xilinx, Inc. All Rights Reserved. Copyright 2022-2025 Advanced Micro Devices, Inc. All Rights Reserved.
---------------------------------------------------------------------------------------------------------------------------------------------
| Tool Version : Vivado v.2025.2 (lin64) Build 6299465 Fri Nov 14 12:34:56 MST 2025
| Date         : Sat Aug 29 18:16:19 2026
| Host         : MSI running 64-bit Ubuntu 26.04 LTS
| Command      : report_timing_summary -file /tmp/fsrch_slh_256s_optimized_12.75.rpt
| Design       : top
| Device       : 7a200t-fbg676
| Speed File   : -1  PRODUCTION 1.23 2018-06-13
| Design State : Routed
---------------------------------------------------------------------------------------------------------------------------------------------

Timing Summary Report

------------------------------------------------------------------------------------------------
| Timer Settings
| --------------
------------------------------------------------------------------------------------------------

  Enable Multi Corner Analysis               :  Yes
  Enable Pessimism Removal                   :  Yes
  Pessimism Removal Resolution               :  Nearest Common Node
  Enable Input Delay Default Clock           :  No
  Enable Preset / Clear Arcs                 :  No
  Disable Flight Delays                      :  No
  Ignore I/O Paths                           :  No
  Timing Early Launch at Borrowing Latches   :  No
  Borrow Time for Max Delay Exceptions       :  Yes
  Merge Timing Exceptions                    :  Yes
  Inter-SLR Compensation                     :  Conservative

  Corner  Analyze    Analyze    
  Name    Max Paths  Min Paths  
  ------  ---------  ---------  
  Slow    Yes        Yes        
  Fast    Yes        Yes        


------------------------------------------------------------------------------------------------
| Report Methodology
| ------------------
------------------------------------------------------------------------------------------------

No report available as report_methodology has not been run prior. Run report_methodology on the current design for the summary of methodology violations.



check_timing report

Table of Contents
-----------------
1. checking no_clock (4)
2. checking constant_clock (0)
3. checking pulse_width_clock (0)
4. checking unconstrained_internal_endpoints (1)
5. checking no_input_delay (170)
6. checking no_output_delay (80)
7. checking multiple_clock (0)
8. checking generated_clocks (0)
9. checking loops (0)
10. checking partial_input_delay (0)
11. checking partial_output_delay (0)
12. checking latch_loops (0)

1. checking no_clock (4)
------------------------
 There is 1 register/latch pin with no clock driven by root clock pin: wots_xmss_fsm_md0/md0/XMSS_start_reg/Q (HIGH)

 There is 1 register/latch pin with no clock driven by root clock pin: wots_xmss_fsm_md0/md0/cnt_reg[1]/Q (HIGH)

 There is 1 register/latch pin with no clock driven by root clock pin: wots_xmss_fsm_md0/md0/cnt_reg[2]/Q (HIGH)

 There is 1 register/latch pin with no clock driven by root clock pin: wots_xmss_fsm_md0/md0/cnt_reg[3]/Q (HIGH)


2. checking constant_clock (0)
------------------------------
 There are 0 register/latch pins with constant_clock.


3. checking pulse_width_clock (0)
---------------------------------
 There are 0 register/latch pins which need pulse_width check


4. checking unconstrained_internal_endpoints (1)
------------------------------------------------
 There is 1 pin that is not constrained for maximum delay. (HIGH)

 There are 0 pins that are not constrained for maximum delay due to constant clock.


5. checking no_input_delay (170)
--------------------------------
 There are 156 input ports with no input delay specified. (HIGH)

 There are 14 input ports with no input delay but user has a false path constraint. (MEDIUM)


6. checking no_output_delay (80)
--------------------------------
 There are 80 ports with no output delay specified. (HIGH)

 There are 0 ports with no output delay but user has a false path constraint

 There are 0 ports with no output delay but with a timing clock defined on it or propagating through it


7. checking multiple_clock (0)
------------------------------
 There are 0 register/latch pins with multiple clocks.


8. checking generated_clocks (0)
--------------------------------
 There are 0 generated clocks that are not connected to a clock source.


9. checking loops (0)
---------------------
 There are 0 combinational loops in the design.


10. checking partial_input_delay (0)
------------------------------------
 There are 0 input ports with partial input delay specified.


11. checking partial_output_delay (0)
-------------------------------------
 There are 0 ports with partial output delay specified.


12. checking latch_loops (0)
----------------------------
 There are 0 combinational latch loops in the design through latch input



------------------------------------------------------------------------------------------------
| Design Timing Summary
| ---------------------
------------------------------------------------------------------------------------------------

    WNS(ns)      TNS(ns)  TNS Failing Endpoints  TNS Total Endpoints      WHS(ns)      THS(ns)  THS Failing Endpoints  THS Total Endpoints     WPWS(ns)     TPWS(ns)  TPWS Failing Endpoints  TPWS Total Endpoints  
    -------      -------  ---------------------  -------------------      -------      -------  ---------------------  -------------------     --------     --------  ----------------------  --------------------  
     -0.584      -12.050                     44                37334        0.040        0.000                      0                37334        5.125        0.000                       0                 16690  


Timing constraints are not met.


------------------------------------------------------------------------------------------------
| Clock Summary
| -------------
------------------------------------------------------------------------------------------------

Clock  Waveform(ns)       Period(ns)      Frequency(MHz)
-----  ------------       ----------      --------------
clk    {0.000 6.375}      12.750          78.431          


------------------------------------------------------------------------------------------------
| Intra Clock Table
| -----------------
------------------------------------------------------------------------------------------------

Clock             WNS(ns)      TNS(ns)  TNS Failing Endpoints  TNS Total Endpoints      WHS(ns)      THS(ns)  THS Failing Endpoints  THS Total Endpoints     WPWS(ns)     TPWS(ns)  TPWS Failing Endpoints  TPWS Total Endpoints  
-----             -------      -------  ---------------------  -------------------      -------      -------  ---------------------  -------------------     --------     --------  ----------------------  --------------------  
clk                -0.584      -12.050                     44                37334        0.040        0.000                      0                37334        5.125        0.000                       0                 16690  


------------------------------------------------------------------------------------------------
| Inter Clock Table
| -----------------
------------------------------------------------------------------------------------------------

From Clock    To Clock          WNS(ns)      TNS(ns)  TNS Failing Endpoints  TNS Total Endpoints      WHS(ns)      THS(ns)  THS Failing Endpoints  THS Total Endpoints  
----------    --------          -------      -------  ---------------------  -------------------      -------      -------  ---------------------  -------------------  


------------------------------------------------------------------------------------------------
| Other Path Groups Table
| -----------------------
------------------------------------------------------------------------------------------------

Path Group    From Clock    To Clock          WNS(ns)      TNS(ns)  TNS Failing Endpoints  TNS Total Endpoints      WHS(ns)      THS(ns)  THS Failing Endpoints  THS Total Endpoints  
----------    ----------    --------          -------      -------  ---------------------  -------------------      -------      -------  ---------------------  -------------------  


------------------------------------------------------------------------------------------------
| Timing Details
| --------------
------------------------------------------------------------------------------------------------


---------------------------------------------------------------------------------------------------
From Clock:  clk
  To Clock:  clk

Setup :           44  Failing Endpoints,  Worst Slack       -0.584ns,  Total Violation      -12.050ns
Hold  :            0  Failing Endpoints,  Worst Slack        0.040ns,  Total Violation        0.000ns
PW    :            0  Failing Endpoints,  Worst Slack        5.125ns,  Total Violation        0.000ns
---------------------------------------------------------------------------------------------------


Max Delay Paths
--------------------------------------------------------------------------------------
Slack (VIOLATED) :        -0.584ns  (required time - arrival time)
  Source:                 hash_tile_md0/DUT_SHA512/HASH_BM/SHA512/w_mem_inst/w_mem_reg[14][4]/C
                            (rising edge-triggered cell FDCE clocked by clk  {rise@0.000ns fall@6.375ns period=12.750ns})
  Destination:            hash_tile_md0/DUT_SHA512/HASH_BM/SHA512/a_reg_reg[60]/D
                            (rising edge-triggered cell FDCE clocked by clk  {rise@0.000ns fall@6.375ns period=12.750ns})
  Path Group:             clk
  Path Type:              Setup (Max at Slow Process Corner)
  Requirement:            12.750ns  (clk rise@12.750ns - clk rise@0.000ns)
  Data Path Delay:        13.282ns  (logic 6.450ns (48.562%)  route 6.832ns (51.438%))
  Logic Levels:           28  (CARRY4=17 LUT2=1 LUT3=1 LUT4=1 LUT5=4 LUT6=4)
  Clock Path Skew:        -0.049ns (DCD - SCD + CPR)
    Destination Clock Delay (DCD):    0.924ns = ( 13.674 - 12.750 ) 
    Source Clock Delay      (SCD):    0.973ns
    Clock Pessimism Removal (CPR):    0.000ns
  Clock Uncertainty:      0.035ns  ((TSJ^2 + TIJ^2)^1/2 + DJ) / 2 + PE
    Total System Jitter     (TSJ):    0.071ns
    Total Input Jitter      (TIJ):    0.000ns
    Discrete Jitter          (DJ):    0.000ns
    Phase Error              (PE):    0.000ns

    Location             Delay type                Incr(ns)  Path(ns)    Netlist Resource(s)
  -------------------------------------------------------------------    -------------------
                         (clock clk rise edge)        0.000     0.000 r  
                                                      0.000     0.000 r  clk (IN)
                         net (fo=16689, unset)        0.973     0.973    hash_tile_md0/DUT_SHA512/HASH_BM/SHA512/w_mem_inst/clk
    SLICE_X147Y113       FDCE                                         r  hash_tile_md0/DUT_SHA512/HASH_BM/SHA512/w_mem_inst/w_mem_reg[14][4]/C
  -------------------------------------------------------------------    -------------------
    SLICE_X147Y113       FDCE (Prop_fdce_C_Q)         0.456     1.429 r  hash_tile_md0/DUT_SHA512/HASH_BM/SHA512/w_mem_inst/w_mem_reg[14][4]/Q
                         net (fo=6, routed)           0.774     2.203    hash_tile_md0/DUT_SHA512/HASH_BM/SHA512/w_mem_inst/p_2_in[49]
    SLICE_X147Y115       LUT2 (Prop_lut2_I0_O)        0.124     2.327 r  hash_tile_md0/DUT_SHA512/HASH_BM/SHA512/w_mem_inst/w_mem[15][11]_i_24__0_rewire/O
                         net (fo=1, routed)           0.670     2.997    hash_tile_md0/DUT_SHA512/HASH_BM/SHA512/w_mem_inst/w_mem_update_logic.d1__0[7]
    SLICE_X148Y116       LUT6 (Prop_lut6_I5_O)        0.124     3.121 r  hash_tile_md0/DUT_SHA512/HASH_BM/SHA512/w_mem_inst/w_mem[15][11]_i_16__2_rewire/O
                         net (fo=2, routed)           0.437     3.558    hash_tile_md0/DUT_SHA512/HASH_BM/SHA512/w_mem_inst/w_mem[15][11]_i_16__2_n_0
    SLICE_X147Y115       LUT3 (Prop_lut3_I2_O)        0.124     3.682 r  hash_tile_md0/DUT_SHA512/HASH_BM/SHA512/w_mem_inst/w_mem[15][11]_i_5__2/O
                         net (fo=2, routed)           0.672     4.354    hash_tile_md0/DUT_SHA512/HASH_BM/SHA512/w_mem_inst/w_mem[15][11]_i_5__2_n_0
    SLICE_X146Y117       LUT4 (Prop_lut4_I3_O)        0.124     4.478 r  hash_tile_md0/DUT_SHA512/HASH_BM/SHA512/w_mem_inst/w_mem[15][11]_i_9__2/O
                         net (fo=1, routed)           0.000     4.478    hash_tile_md0/DUT_SHA512/HASH_BM/SHA512/w_mem_inst/w_mem[15][11]_i_9__2_n_0
    SLICE_X146Y117       CARRY4 (Prop_carry4_S[1]_CO[3])
                                                      0.533     5.011 r  hash_tile_md0/DUT_SHA512/HASH_BM/SHA512/w_mem_inst/w_mem_reg[15][11]_i_2__2/CO[3]
                         net (fo=1, routed)           0.000     5.011    hash_tile_md0/DUT_SHA512/HASH_BM/SHA512/w_mem_inst/w_mem_reg[15][11]_i_2__2_n_0
    SLICE_X146Y118       CARRY4 (Prop_carry4_CI_O[0])
                                                      0.219     5.230 r  hash_tile_md0/DUT_SHA512/HASH_BM/SHA512/w_mem_inst/w_mem_reg[15][15]_i_2__2/O[0]
                         net (fo=2, routed)           0.740     5.970    hash_tile_md0/DUT_SHA512/HASH_BM/SHA512/w_mem_inst/w_new[12]
    SLICE_X142Y115       LUT5 (Prop_lut5_I3_O)        0.295     6.265 r  hash_tile_md0/DUT_SHA512/HASH_BM/SHA512/w_mem_inst/i___65_i_25__0/O
                         net (fo=2, routed)           0.175     6.440    hash_tile_md0/DUT_SHA512/HASH_BM/SHA512/w_mem_inst/w_data[12]
    SLICE_X142Y115       LUT5 (Prop_lut5_I3_O)        0.124     6.564 r  hash_tile_md0/DUT_SHA512/HASH_BM/SHA512/w_mem_inst/i___65_i_17__0/O
                         net (fo=2, routed)           0.593     7.157    hash_tile_md0/DUT_SHA512/HASH_BM/SHA512/w_mem_inst/i___65_i_17__0_n_0
    SLICE_X138Y111       LUT6 (Prop_lut6_I0_O)        0.124     7.281 r  hash_tile_md0/DUT_SHA512/HASH_BM/SHA512/w_mem_inst/i___65_i_21__0/O
                         net (fo=1, routed)           0.000     7.281    hash_tile_md0/DUT_SHA512/HASH_BM/SHA512/w_mem_inst/i___65_i_21__0_n_0
    SLICE_X138Y111       CARRY4 (Prop_carry4_S[1]_CO[3])
                                                      0.550     7.831 r  hash_tile_md0/DUT_SHA512/HASH_BM/SHA512/w_mem_inst/i___65_i_13__0/CO[3]
                         net (fo=1, routed)           0.000     7.831    hash_tile_md0/DUT_SHA512/HASH_BM/SHA512/w_mem_inst/i___65_i_13__0_n_0
    SLICE_X138Y112       CARRY4 (Prop_carry4_CI_CO[3])
                                                      0.114     7.945 r  hash_tile_md0/DUT_SHA512/HASH_BM/SHA512/w_mem_inst/i___61_i_13__0/CO[3]
                         net (fo=1, routed)           0.000     7.945    hash_tile_md0/DUT_SHA512/HASH_BM/SHA512/w_mem_inst/i___61_i_13__0_n_0
    SLICE_X138Y113       CARRY4 (Prop_carry4_CI_CO[3])
                                                      0.114     8.059 r  hash_tile_md0/DUT_SHA512/HASH_BM/SHA512/w_mem_inst/i___57_i_13__0/CO[3]
                         net (fo=1, routed)           0.000     8.059    hash_tile_md0/DUT_SHA512/HASH_BM/SHA512/w_mem_inst/i___57_i_13__0_n_0
    SLICE_X138Y114       CARRY4 (Prop_carry4_CI_O[1])
                                                      0.334     8.393 r  hash_tile_md0/DUT_SHA512/HASH_BM/SHA512/w_mem_inst/i___53_i_13__0/O[1]
                         net (fo=2, routed)           0.367     8.760    hash_tile_md0/DUT_SHA512/HASH_BM/SHA512/w_mem_inst/i___53_i_13__0_n_6
    SLICE_X139Y114       LUT5 (Prop_lut5_I0_O)        0.303     9.063 r  hash_tile_md0/DUT_SHA512/HASH_BM/SHA512/w_mem_inst/i___57_i_3__0/O
                         net (fo=2, routed)           0.837     9.900    hash_tile_md0/DUT_SHA512/HASH_BM/SHA512/w_mem_inst/i___57_i_3__0_n_0
    SLICE_X132Y109       CARRY4 (Prop_carry4_DI[2]_CO[3])
                                                      0.404    10.304 r  hash_tile_md0/DUT_SHA512/HASH_BM/SHA512/w_mem_inst/i___57_i_1__0/CO[3]
                         net (fo=1, routed)           0.000    10.304    hash_tile_md0/DUT_SHA512/HASH_BM/SHA512/w_mem_inst/i___57_i_1__0_n_0
    SLICE_X132Y110       CARRY4 (Prop_carry4_CI_O[2])
                                                      0.239    10.543 r  hash_tile_md0/DUT_SHA512/HASH_BM/SHA512/w_mem_inst/i___53_i_1__0/O[2]
                         net (fo=4, routed)           0.471    11.015    hash_tile_md0/DUT_SHA512/HASH_BM/SHA512/w_mem_inst/e_reg_reg[30][2]
    SLICE_X133Y109       LUT5 (Prop_lut5_I4_O)        0.301    11.316 r  hash_tile_md0/DUT_SHA512/HASH_BM/SHA512/w_mem_inst/a_reg[31]_i_3__2/O
                         net (fo=2, routed)           0.654    11.969    hash_tile_md0/DUT_SHA512/HASH_BM/SHA512/w_mem_inst/a_reg[31]_i_3__2_n_0
    SLICE_X130Y109       LUT6 (Prop_lut6_I0_O)        0.124    12.093 r  hash_tile_md0/DUT_SHA512/HASH_BM/SHA512/w_mem_inst/a_reg[31]_i_7__2/O
                         net (fo=1, routed)           0.000    12.093    hash_tile_md0/DUT_SHA512/HASH_BM/SHA512/w_mem_inst/a_reg[31]_i_7__2_n_0
    SLICE_X130Y109       CARRY4 (Prop_carry4_S[3]_CO[3])
                                                      0.401    12.494 r  hash_tile_md0/DUT_SHA512/HASH_BM/SHA512/w_mem_inst/a_reg_reg[31]_i_2__2/CO[3]
                         net (fo=1, routed)           0.000    12.494    hash_tile_md0/DUT_SHA512/HASH_BM/SHA512/w_mem_inst/a_reg_reg[31]_i_2__2_n_0
    SLICE_X130Y110       CARRY4 (Prop_carry4_CI_CO[3])
                                                      0.114    12.608 r  hash_tile_md0/DUT_SHA512/HASH_BM/SHA512/w_mem_inst/a_reg_reg[35]_i_2__0/CO[3]
                         net (fo=1, routed)           0.000    12.608    hash_tile_md0/DUT_SHA512/HASH_BM/SHA512/w_mem_inst/a_reg_reg[35]_i_2__0_n_0
    SLICE_X130Y111       CARRY4 (Prop_carry4_CI_CO[3])
                                                      0.114    12.722 r  hash_tile_md0/DUT_SHA512/HASH_BM/SHA512/w_mem_inst/a_reg_reg[39]_i_2__0/CO[3]
                         net (fo=1, routed)           0.000    12.722    hash_tile_md0/DUT_SHA512/HASH_BM/SHA512/w_mem_inst/a_reg_reg[39]_i_2__0_n_0
    SLICE_X130Y112       CARRY4 (Prop_carry4_CI_CO[3])
                                                      0.114    12.836 r  hash_tile_md0/DUT_SHA512/HASH_BM/SHA512/w_mem_inst/a_reg_reg[43]_i_2__0/CO[3]
                         net (fo=1, routed)           0.000    12.836    hash_tile_md0/DUT_SHA512/HASH_BM/SHA512/w_mem_inst/a_reg_reg[43]_i_2__0_n_0
    SLICE_X130Y113       CARRY4 (Prop_carry4_CI_CO[3])
                                                      0.114    12.950 r  hash_tile_md0/DUT_SHA512/HASH_BM/SHA512/w_mem_inst/a_reg_reg[47]_i_2__0/CO[3]
                         net (fo=1, routed)           0.000    12.950    hash_tile_md0/DUT_SHA512/HASH_BM/SHA512/w_mem_inst/a_reg_reg[47]_i_2__0_n_0
    SLICE_X130Y114       CARRY4 (Prop_carry4_CI_CO[3])
                                                      0.114    13.064 r  hash_tile_md0/DUT_SHA512/HASH_BM/SHA512/w_mem_inst/a_reg_reg[51]_i_2__0/CO[3]
                         net (fo=1, routed)           0.000    13.064    hash_tile_md0/DUT_SHA512/HASH_BM/SHA512/w_mem_inst/a_reg_reg[51]_i_2__0_n_0
    SLICE_X130Y115       CARRY4 (Prop_carry4_CI_CO[3])
                                                      0.114    13.178 r  hash_tile_md0/DUT_SHA512/HASH_BM/SHA512/w_mem_inst/a_reg_reg[55]_i_2__0/CO[3]
                         net (fo=1, routed)           0.000    13.178    hash_tile_md0/DUT_SHA512/HASH_BM/SHA512/w_mem_inst/a_reg_reg[55]_i_2__0_n_0
    SLICE_X130Y116       CARRY4 (Prop_carry4_CI_CO[3])
                                                      0.114    13.292 r  hash_tile_md0/DUT_SHA512/HASH_BM/SHA512/w_mem_inst/a_reg_reg[59]_i_2__0/CO[3]
                         net (fo=1, routed)           0.000    13.292    hash_tile_md0/DUT_SHA512/HASH_BM/SHA512/w_mem_inst/a_reg_reg[59]_i_2__0_n_0
    SLICE_X130Y117       CARRY4 (Prop_carry4_CI_O[0])
                                                      0.222    13.514 r  hash_tile_md0/DUT_SHA512/HASH_BM/SHA512/w_mem_inst/a_reg_reg[63]_i_2__0/O[0]
                         net (fo=1, routed)           0.442    13.956    hash_tile_md0/DUT_SHA512/HASH_BM/SHA512/w_mem_inst/a_new0[60]
    SLICE_X131Y118       LUT6 (Prop_lut6_I0_O)        0.299    14.255 r  hash_tile_md0/DUT_SHA512/HASH_BM/SHA512/w_mem_inst/a_reg[60]_i_1__0/O
                         net (fo=1, routed)           0.000    14.255    hash_tile_md0/DUT_SHA512/HASH_BM/SHA512/a_new[60]
    SLICE_X131Y118       FDCE                                         r  hash_tile_md0/DUT_SHA512/HASH_BM/SHA512/a_reg_reg[60]/D
  -------------------------------------------------------------------    -------------------

                         (clock clk rise edge)       12.750    12.750 r  
                                                      0.000    12.750 r  clk (IN)
                         net (fo=16689, unset)        0.924    13.674    hash_tile_md0/DUT_SHA512/HASH_BM/SHA512/clk
    SLICE_X131Y118       FDCE                                         r  hash_tile_md0/DUT_SHA512/HASH_BM/SHA512/a_reg_reg[60]/C
                         clock pessimism              0.000    13.674    
                         clock uncertainty           -0.035    13.639    
    SLICE_X131Y118       FDCE (Setup_fdce_C_D)        0.032    13.671    hash_tile_md0/DUT_SHA512/HASH_BM/SHA512/a_reg_reg[60]
  -------------------------------------------------------------------
                         required time                         13.671    
                         arrival time                         -14.255    
  -------------------------------------------------------------------
                         slack                                 -0.584    





Min Delay Paths
--------------------------------------------------------------------------------------
Slack (MET) :             0.040ns  (arrival time - required time)
  Source:                 hash_tile_md0/DUT_SHA512/B_FIFO_INSTANCE/wr_addr_reg[0]/C
                            (rising edge-triggered cell FDRE clocked by clk  {rise@0.000ns fall@6.375ns period=12.750ns})
  Destination:            hash_tile_md0/DUT_SHA512/B_FIFO_INSTANCE/fifo_mem_reg_0_7_48_53/RAMA/WADR0
                            (rising edge-triggered cell RAMD32 clocked by clk  {rise@0.000ns fall@6.375ns period=12.750ns})
  Path Group:             clk
  Path Type:              Hold (Min at Fast Process Corner)
  Requirement:            0.000ns  (clk rise@0.000ns - clk rise@0.000ns)
  Data Path Delay:        0.372ns  (logic 0.141ns (37.947%)  route 0.231ns (62.053%))
  Logic Levels:           0  
  Clock Path Skew:        0.022ns (DCD - SCD - CPR)
    Destination Clock Delay (DCD):    0.432ns
    Source Clock Delay      (SCD):    0.410ns
    Clock Pessimism Removal (CPR):    -0.000ns

    Location             Delay type                Incr(ns)  Path(ns)    Netlist Resource(s)
  -------------------------------------------------------------------    -------------------
                         (clock clk rise edge)        0.000     0.000 r  
                                                      0.000     0.000 r  clk (IN)
                         net (fo=16689, unset)        0.410     0.410    hash_tile_md0/DUT_SHA512/B_FIFO_INSTANCE/clk
    SLICE_X117Y84        FDRE                                         r  hash_tile_md0/DUT_SHA512/B_FIFO_INSTANCE/wr_addr_reg[0]/C
  -------------------------------------------------------------------    -------------------
    SLICE_X117Y84        FDRE (Prop_fdre_C_Q)         0.141     0.551 r  hash_tile_md0/DUT_SHA512/B_FIFO_INSTANCE/wr_addr_reg[0]/Q
                         net (fo=94, routed)          0.231     0.782    hash_tile_md0/DUT_SHA512/B_FIFO_INSTANCE/fifo_mem_reg_0_7_48_53/ADDRD0
    SLICE_X116Y84        RAMD32                                       r  hash_tile_md0/DUT_SHA512/B_FIFO_INSTANCE/fifo_mem_reg_0_7_48_53/RAMA/WADR0
  -------------------------------------------------------------------    -------------------

                         (clock clk rise edge)        0.000     0.000 r  
                                                      0.000     0.000 r  clk (IN)
                         net (fo=16689, unset)        0.432     0.432    hash_tile_md0/DUT_SHA512/B_FIFO_INSTANCE/fifo_mem_reg_0_7_48_53/WCLK
    SLICE_X116Y84        RAMD32                                       r  hash_tile_md0/DUT_SHA512/B_FIFO_INSTANCE/fifo_mem_reg_0_7_48_53/RAMA/CLK
                         clock pessimism              0.000     0.432    
    SLICE_X116Y84        RAMD32 (Hold_ramd32_CLK_WADR0)
                                                      0.310     0.742    hash_tile_md0/DUT_SHA512/B_FIFO_INSTANCE/fifo_mem_reg_0_7_48_53/RAMA
  -------------------------------------------------------------------
                         required time                         -0.742    
                         arrival time                           0.782    
  -------------------------------------------------------------------
                         slack                                  0.040    





Pulse Width Checks
--------------------------------------------------------------------------------------
Clock Name:         clk
Waveform(ns):       { 0.000 6.375 }
Period(ns):         12.750
Sources:            { clk }

Check Type        Corner  Lib Pin             Reference Pin  Required(ns)  Actual(ns)  Slack(ns)  Location       Pin
Min Period        n/a     RAMB36E1/CLKARDCLK  n/a            2.944         12.750      9.806      RAMB36_X6Y15   hash_tile_md0/DUT_SHA256/BIG_MEM/mem_reg/CLKARDCLK
Low Pulse Width   Slow    RAMD32/CLK          n/a            1.250         6.375       5.125      SLICE_X104Y76  hash_tile_md0/DUT_SHA256/B_FIFO_INSTANCE/fifo_mem_reg_0_7_0_5/RAMA/CLK
High Pulse Width  Slow    RAMD32/CLK          n/a            1.250         6.375       5.125      SLICE_X104Y76  hash_tile_md0/DUT_SHA256/B_FIFO_INSTANCE/fifo_mem_reg_0_7_0_5/RAMA/CLK



