Copyright 1986-2022 Xilinx, Inc. All Rights Reserved. Copyright 2022-2025 Advanced Micro Devices, Inc. All Rights Reserved.
---------------------------------------------------------------------------------------------------------------------------------------------
| Tool Version : Vivado v.2025.2 (lin64) Build 6299465 Fri Nov 14 12:34:56 MST 2025
| Date         : Sat Aug 29 13:53:34 2026
| Host         : MSI running 64-bit Ubuntu 26.04 LTS
| Command      : report_timing_summary -file /tmp/fsrch_slh_128s_optimized_11.0.rpt
| Design       : top
| Device       : 7a200t-fbg676
| Speed File   : -1  PRODUCTION 1.23 2018-06-13
| Design State : Routed
---------------------------------------------------------------------------------------------------------------------------------------------

Timing Summary Report

------------------------------------------------------------------------------------------------
| Timer Settings
| --------------
------------------------------------------------------------------------------------------------

  Enable Multi Corner Analysis               :  Yes
  Enable Pessimism Removal                   :  Yes
  Pessimism Removal Resolution               :  Nearest Common Node
  Enable Input Delay Default Clock           :  No
  Enable Preset / Clear Arcs                 :  No
  Disable Flight Delays                      :  No
  Ignore I/O Paths                           :  No
  Timing Early Launch at Borrowing Latches   :  No
  Borrow Time for Max Delay Exceptions       :  Yes
  Merge Timing Exceptions                    :  Yes
  Inter-SLR Compensation                     :  Conservative

  Corner  Analyze    Analyze    
  Name    Max Paths  Min Paths  
  ------  ---------  ---------  
  Slow    Yes        Yes        
  Fast    Yes        Yes        


------------------------------------------------------------------------------------------------
| Report Methodology
| ------------------
------------------------------------------------------------------------------------------------

No report available as report_methodology has not been run prior. Run report_methodology on the current design for the summary of methodology violations.



check_timing report

Table of Contents
-----------------
1. checking no_clock (4)
2. checking constant_clock (0)
3. checking pulse_width_clock (0)
4. checking unconstrained_internal_endpoints (1)
5. checking no_input_delay (170)
6. checking no_output_delay (80)
7. checking multiple_clock (0)
8. checking generated_clocks (0)
9. checking loops (0)
10. checking partial_input_delay (0)
11. checking partial_output_delay (0)
12. checking latch_loops (0)

1. checking no_clock (4)
------------------------
 There is 1 register/latch pin with no clock driven by root clock pin: wots_xmss_fsm_md0/md0/XMSS_start_reg/Q (HIGH)

 There is 1 register/latch pin with no clock driven by root clock pin: wots_xmss_fsm_md0/md0/cnt_reg[1]/Q (HIGH)

 There is 1 register/latch pin with no clock driven by root clock pin: wots_xmss_fsm_md0/md0/cnt_reg[2]/Q (HIGH)

 There is 1 register/latch pin with no clock driven by root clock pin: wots_xmss_fsm_md0/md0/cnt_reg[3]/Q (HIGH)


2. checking constant_clock (0)
------------------------------
 There are 0 register/latch pins with constant_clock.


3. checking pulse_width_clock (0)
---------------------------------
 There are 0 register/latch pins which need pulse_width check


4. checking unconstrained_internal_endpoints (1)
------------------------------------------------
 There is 1 pin that is not constrained for maximum delay. (HIGH)

 There are 0 pins that are not constrained for maximum delay due to constant clock.


5. checking no_input_delay (170)
--------------------------------
 There are 156 input ports with no input delay specified. (HIGH)

 There are 14 input ports with no input delay but user has a false path constraint. (MEDIUM)


6. checking no_output_delay (80)
--------------------------------
 There are 80 ports with no output delay specified. (HIGH)

 There are 0 ports with no output delay but user has a false path constraint

 There are 0 ports with no output delay but with a timing clock defined on it or propagating through it


7. checking multiple_clock (0)
------------------------------
 There are 0 register/latch pins with multiple clocks.


8. checking generated_clocks (0)
--------------------------------
 There are 0 generated clocks that are not connected to a clock source.


9. checking loops (0)
---------------------
 There are 0 combinational loops in the design.


10. checking partial_input_delay (0)
------------------------------------
 There are 0 input ports with partial input delay specified.


11. checking partial_output_delay (0)
-------------------------------------
 There are 0 ports with partial output delay specified.


12. checking latch_loops (0)
----------------------------
 There are 0 combinational latch loops in the design through latch input



------------------------------------------------------------------------------------------------
| Design Timing Summary
| ---------------------
------------------------------------------------------------------------------------------------

    WNS(ns)      TNS(ns)  TNS Failing Endpoints  TNS Total Endpoints      WHS(ns)      THS(ns)  THS Failing Endpoints  THS Total Endpoints     WPWS(ns)     TPWS(ns)  TPWS Failing Endpoints  TPWS Total Endpoints  
    -------      -------  ---------------------  -------------------      -------      -------  ---------------------  -------------------     --------     --------  ----------------------  --------------------  
     -0.026       -0.026                      1                15434        0.061        0.000                      0                15434        4.250        0.000                       0                  7012  


Timing constraints are not met.


------------------------------------------------------------------------------------------------
| Clock Summary
| -------------
------------------------------------------------------------------------------------------------

Clock  Waveform(ns)       Period(ns)      Frequency(MHz)
-----  ------------       ----------      --------------
clk    {0.000 5.500}      11.000          90.909          


------------------------------------------------------------------------------------------------
| Intra Clock Table
| -----------------
------------------------------------------------------------------------------------------------

Clock             WNS(ns)      TNS(ns)  TNS Failing Endpoints  TNS Total Endpoints      WHS(ns)      THS(ns)  THS Failing Endpoints  THS Total Endpoints     WPWS(ns)     TPWS(ns)  TPWS Failing Endpoints  TPWS Total Endpoints  
-----             -------      -------  ---------------------  -------------------      -------      -------  ---------------------  -------------------     --------     --------  ----------------------  --------------------  
clk                -0.026       -0.026                      1                15434        0.061        0.000                      0                15434        4.250        0.000                       0                  7012  


------------------------------------------------------------------------------------------------
| Inter Clock Table
| -----------------
------------------------------------------------------------------------------------------------

From Clock    To Clock          WNS(ns)      TNS(ns)  TNS Failing Endpoints  TNS Total Endpoints      WHS(ns)      THS(ns)  THS Failing Endpoints  THS Total Endpoints  
----------    --------          -------      -------  ---------------------  -------------------      -------      -------  ---------------------  -------------------  


------------------------------------------------------------------------------------------------
| Other Path Groups Table
| -----------------------
------------------------------------------------------------------------------------------------

Path Group    From Clock    To Clock          WNS(ns)      TNS(ns)  TNS Failing Endpoints  TNS Total Endpoints      WHS(ns)      THS(ns)  THS Failing Endpoints  THS Total Endpoints  
----------    ----------    --------          -------      -------  ---------------------  -------------------      -------      -------  ---------------------  -------------------  


------------------------------------------------------------------------------------------------
| Timing Details
| --------------
------------------------------------------------------------------------------------------------


---------------------------------------------------------------------------------------------------
From Clock:  clk
  To Clock:  clk

Setup :            1  Failing Endpoint ,  Worst Slack       -0.026ns,  Total Violation       -0.026ns
Hold  :            0  Failing Endpoints,  Worst Slack        0.061ns,  Total Violation        0.000ns
PW    :            0  Failing Endpoints,  Worst Slack        4.250ns,  Total Violation        0.000ns
---------------------------------------------------------------------------------------------------


Max Delay Paths
--------------------------------------------------------------------------------------
Slack (VIOLATED) :        -0.026ns  (required time - arrival time)
  Source:                 hash_tile_md0/HASH_SM/SHA256/w_mem_inst/w_mem_reg[1][4]/C
                            (rising edge-triggered cell FDCE clocked by clk  {rise@0.000ns fall@5.500ns period=11.000ns})
  Destination:            hash_tile_md0/HASH_SM/SHA256/a_reg_reg[31]/D
                            (rising edge-triggered cell FDCE clocked by clk  {rise@0.000ns fall@5.500ns period=11.000ns})
  Path Group:             clk
  Path Type:              Setup (Max at Slow Process Corner)
  Requirement:            11.000ns  (clk rise@11.000ns - clk rise@0.000ns)
  Data Path Delay:        10.973ns  (logic 4.627ns (42.168%)  route 6.346ns (57.832%))
  Logic Levels:           13  (CARRY4=5 LUT3=2 LUT5=3 LUT6=3)
  Clock Path Skew:        -0.049ns (DCD - SCD + CPR)
    Destination Clock Delay (DCD):    0.924ns = ( 11.924 - 11.000 ) 
    Source Clock Delay      (SCD):    0.973ns
    Clock Pessimism Removal (CPR):    0.000ns
  Clock Uncertainty:      0.035ns  ((TSJ^2 + TIJ^2)^1/2 + DJ) / 2 + PE
    Total System Jitter     (TSJ):    0.071ns
    Total Input Jitter      (TIJ):    0.000ns
    Discrete Jitter          (DJ):    0.000ns
    Phase Error              (PE):    0.000ns

    Location             Delay type                Incr(ns)  Path(ns)    Netlist Resource(s)
  -------------------------------------------------------------------    -------------------
                         (clock clk rise edge)        0.000     0.000 r  
                                                      0.000     0.000 r  clk (IN)
                         net (fo=7011, unset)         0.973     0.973    hash_tile_md0/HASH_SM/SHA256/w_mem_inst/clk
    SLICE_X71Y114        FDCE                                         r  hash_tile_md0/HASH_SM/SHA256/w_mem_inst/w_mem_reg[1][4]/C
  -------------------------------------------------------------------    -------------------
    SLICE_X71Y114        FDCE (Prop_fdce_C_Q)         0.456     1.429 r  hash_tile_md0/HASH_SM/SHA256/w_mem_inst/w_mem_reg[1][4]/Q
                         net (fo=9, routed)           1.212     2.641    hash_tile_md0/HASH_SM/SHA256/w_mem_inst/p_2_in[29]
    SLICE_X72Y119        LUT5 (Prop_lut5_I3_O)        0.157     2.798 r  hash_tile_md0/HASH_SM/SHA256/w_mem_inst/w_mem[15][23]_i_18/O
                         net (fo=2, routed)           0.589     3.387    hash_tile_md0/HASH_SM/SHA256/w_mem_inst/w_mem[15][23]_i_18_n_0
    SLICE_X70Y120        LUT5 (Prop_lut5_I4_O)        0.355     3.742 r  hash_tile_md0/HASH_SM/SHA256/w_mem_inst/w_mem[15][23]_i_6/O
                         net (fo=2, routed)           0.770     4.511    hash_tile_md0/HASH_SM/SHA256/w_mem_inst/w_mem[15][23]_i_6_n_0
    SLICE_X68Y120        CARRY4 (Prop_carry4_DI[0]_CO[3])
                                                      0.550     5.061 r  hash_tile_md0/HASH_SM/SHA256/w_mem_inst/w_mem_reg[15][23]_i_2/CO[3]
                         net (fo=1, routed)           0.000     5.061    hash_tile_md0/HASH_SM/SHA256/w_mem_inst/w_mem_reg[15][23]_i_2_n_0
    SLICE_X68Y121        CARRY4 (Prop_carry4_CI_O[0])
                                                      0.219     5.280 r  hash_tile_md0/HASH_SM/SHA256/w_mem_inst/w_mem_reg[15][27]_i_2/O[0]
                         net (fo=2, routed)           0.496     5.776    hash_tile_md0/HASH_SM/SHA256/w_mem_inst/w_new[24]
    SLICE_X68Y125        LUT6 (Prop_lut6_I3_O)        0.295     6.071 r  hash_tile_md0/HASH_SM/SHA256/w_mem_inst/i___30_i_23/O
                         net (fo=2, routed)           0.754     6.825    hash_tile_md0/HASH_SM/SHA256/w_mem_inst/w_data[24]
    SLICE_X64Y125        LUT3 (Prop_lut3_I2_O)        0.150     6.975 r  hash_tile_md0/HASH_SM/SHA256/w_mem_inst/i___30_i_15/O
                         net (fo=3, routed)           0.485     7.460    hash_tile_md0/HASH_SM/SHA256/w_mem_inst/t1_logic.csa2_s__0[24]
    SLICE_X64Y125        LUT3 (Prop_lut3_I1_O)        0.328     7.788 r  hash_tile_md0/HASH_SM/SHA256/w_mem_inst/i___30_i_5/O
                         net (fo=1, routed)           0.595     8.383    hash_tile_md0/HASH_SM/SHA256/w_mem_inst/t1_logic.csa3_s[24]
    SLICE_X65Y125        CARRY4 (Prop_carry4_DI[0]_CO[3])
                                                      0.526     8.909 r  hash_tile_md0/HASH_SM/SHA256/w_mem_inst/i___30_i_1/CO[3]
                         net (fo=1, routed)           0.000     8.909    hash_tile_md0/HASH_SM/SHA256/w_mem_inst/i___30_i_1_n_0
    SLICE_X65Y126        CARRY4 (Prop_carry4_CI_O[0])
                                                      0.222     9.131 r  hash_tile_md0/HASH_SM/SHA256/w_mem_inst/i___27_i_1/O[0]
                         net (fo=4, routed)           0.476     9.607    hash_tile_md0/HASH_SM/SHA256/w_mem_inst/i___27_i_8_0[0]
    SLICE_X62Y125        LUT5 (Prop_lut5_I0_O)        0.299     9.906 r  hash_tile_md0/HASH_SM/SHA256/w_mem_inst/a_reg[31]_i_4/O
                         net (fo=2, routed)           0.682    10.588    hash_tile_md0/HASH_SM/SHA256/w_mem_inst/a_reg[31]_i_4_n_0
    SLICE_X61Y124        LUT6 (Prop_lut6_I0_O)        0.124    10.712 r  hash_tile_md0/HASH_SM/SHA256/w_mem_inst/a_reg[31]_i_8/O
                         net (fo=1, routed)           0.000    10.712    hash_tile_md0/HASH_SM/SHA256/w_mem_inst/a_reg[31]_i_8_n_0
    SLICE_X61Y124        CARRY4 (Prop_carry4_S[1]_O[3])
                                                      0.640    11.352 r  hash_tile_md0/HASH_SM/SHA256/w_mem_inst/a_reg_reg[31]_i_2/O[3]
                         net (fo=1, routed)           0.288    11.640    hash_tile_md0/HASH_SM/SHA256/w_mem_inst/a_new0[31]
    SLICE_X59Y124        LUT6 (Prop_lut6_I2_O)        0.306    11.946 r  hash_tile_md0/HASH_SM/SHA256/w_mem_inst/a_reg[31]_i_1/O
                         net (fo=1, routed)           0.000    11.946    hash_tile_md0/HASH_SM/SHA256/w_mem_inst_n_7
    SLICE_X59Y124        FDCE                                         r  hash_tile_md0/HASH_SM/SHA256/a_reg_reg[31]/D
  -------------------------------------------------------------------    -------------------

                         (clock clk rise edge)       11.000    11.000 r  
                                                      0.000    11.000 r  clk (IN)
                         net (fo=7011, unset)         0.924    11.924    hash_tile_md0/HASH_SM/SHA256/clk
    SLICE_X59Y124        FDCE                                         r  hash_tile_md0/HASH_SM/SHA256/a_reg_reg[31]/C
                         clock pessimism              0.000    11.924    
                         clock uncertainty           -0.035    11.889    
    SLICE_X59Y124        FDCE (Setup_fdce_C_D)        0.031    11.920    hash_tile_md0/HASH_SM/SHA256/a_reg_reg[31]
  -------------------------------------------------------------------
                         required time                         11.920    
                         arrival time                         -11.946    
  -------------------------------------------------------------------
                         slack                                 -0.026    





Min Delay Paths
--------------------------------------------------------------------------------------
Slack (MET) :             0.061ns  (arrival time - required time)
  Source:                 cl_md0/w_mem_in1_reg[2]/C
                            (rising edge-triggered cell FDCE clocked by clk  {rise@0.000ns fall@5.500ns period=11.000ns})
  Destination:            W_MEM/mem_reg/DIADI[2]
                            (rising edge-triggered cell RAMB18E1 clocked by clk  {rise@0.000ns fall@5.500ns period=11.000ns})
  Path Group:             clk
  Path Type:              Hold (Min at Fast Process Corner)
  Requirement:            0.000ns  (clk rise@0.000ns - clk rise@0.000ns)
  Data Path Delay:        0.379ns  (logic 0.141ns (37.228%)  route 0.238ns (62.772%))
  Logic Levels:           0  
  Clock Path Skew:        0.022ns (DCD - SCD - CPR)
    Destination Clock Delay (DCD):    0.432ns
    Source Clock Delay      (SCD):    0.410ns
    Clock Pessimism Removal (CPR):    -0.000ns

    Location             Delay type                Incr(ns)  Path(ns)    Netlist Resource(s)
  -------------------------------------------------------------------    -------------------
                         (clock clk rise edge)        0.000     0.000 r  
                                                      0.000     0.000 r  clk (IN)
                         net (fo=7011, unset)         0.410     0.410    cl_md0/clk
    SLICE_X73Y61         FDCE                                         r  cl_md0/w_mem_in1_reg[2]/C
  -------------------------------------------------------------------    -------------------
    SLICE_X73Y61         FDCE (Prop_fdce_C_Q)         0.141     0.551 r  cl_md0/w_mem_in1_reg[2]/Q
                         net (fo=1, routed)           0.238     0.789    W_MEM/Q[2]
    RAMB18_X4Y24         RAMB18E1                                     r  W_MEM/mem_reg/DIADI[2]
  -------------------------------------------------------------------    -------------------

                         (clock clk rise edge)        0.000     0.000 r  
                                                      0.000     0.000 r  clk (IN)
                         net (fo=7011, unset)         0.432     0.432    W_MEM/clk
    RAMB18_X4Y24         RAMB18E1                                     r  W_MEM/mem_reg/CLKARDCLK
                         clock pessimism              0.000     0.432    
    RAMB18_X4Y24         RAMB18E1 (Hold_ramb18e1_CLKARDCLK_DIADI[2])
                                                      0.296     0.728    W_MEM/mem_reg
  -------------------------------------------------------------------
                         required time                         -0.728    
                         arrival time                           0.789    
  -------------------------------------------------------------------
                         slack                                  0.061    





Pulse Width Checks
--------------------------------------------------------------------------------------
Clock Name:         clk
Waveform(ns):       { 0.000 5.500 }
Period(ns):         11.000
Sources:            { clk }

Check Type        Corner  Lib Pin             Reference Pin  Required(ns)  Actual(ns)  Slack(ns)  Location      Pin
Min Period        n/a     RAMB36E1/CLKARDCLK  n/a            2.944         11.000      8.056      RAMB36_X1Y17  hash_tile_md0/BIG_MEM/mem_reg/CLKARDCLK
Low Pulse Width   Slow    RAMD32/CLK          n/a            1.250         5.500       4.250      SLICE_X18Y87  hash_tile_md0/B_FIFO_INSTANCE/fifo_mem_reg_0_7_0_5/RAMA/CLK
High Pulse Width  Slow    RAMD32/CLK          n/a            1.250         5.500       4.250      SLICE_X18Y87  hash_tile_md0/B_FIFO_INSTANCE/fifo_mem_reg_0_7_0_5/RAMA/CLK



