Copyright 1986-2022 Xilinx, Inc. All Rights Reserved. Copyright 2022-2025 Advanced Micro Devices, Inc. All Rights Reserved.
---------------------------------------------------------------------------------------------------------------------------------------------
| Tool Version : Vivado v.2025.2 (lin64) Build 6299465 Fri Nov 14 12:34:56 MST 2025
| Date         : Sat Aug 29 21:25:01 2026
| Host         : MSI running 64-bit Ubuntu 26.04 LTS
| Command      : report_timing_summary -file /tmp/fsrch_slh_192f_baseline_12.81.rpt
| Design       : top
| Device       : 7a200t-fbg676
| Speed File   : -1  PRODUCTION 1.23 2018-06-13
| Design State : Routed
---------------------------------------------------------------------------------------------------------------------------------------------

Timing Summary Report

------------------------------------------------------------------------------------------------
| Timer Settings
| --------------
------------------------------------------------------------------------------------------------

  Enable Multi Corner Analysis               :  Yes
  Enable Pessimism Removal                   :  Yes
  Pessimism Removal Resolution               :  Nearest Common Node
  Enable Input Delay Default Clock           :  No
  Enable Preset / Clear Arcs                 :  No
  Disable Flight Delays                      :  No
  Ignore I/O Paths                           :  No
  Timing Early Launch at Borrowing Latches   :  No
  Borrow Time for Max Delay Exceptions       :  Yes
  Merge Timing Exceptions                    :  Yes
  Inter-SLR Compensation                     :  Conservative

  Corner  Analyze    Analyze    
  Name    Max Paths  Min Paths  
  ------  ---------  ---------  
  Slow    Yes        Yes        
  Fast    Yes        Yes        


------------------------------------------------------------------------------------------------
| Report Methodology
| ------------------
------------------------------------------------------------------------------------------------

No report available as report_methodology has not been run prior. Run report_methodology on the current design for the summary of methodology violations.



check_timing report

Table of Contents
-----------------
1. checking no_clock (4)
2. checking constant_clock (0)
3. checking pulse_width_clock (0)
4. checking unconstrained_internal_endpoints (1)
5. checking no_input_delay (170)
6. checking no_output_delay (80)
7. checking multiple_clock (0)
8. checking generated_clocks (0)
9. checking loops (0)
10. checking partial_input_delay (0)
11. checking partial_output_delay (0)
12. checking latch_loops (0)

1. checking no_clock (4)
------------------------
 There is 1 register/latch pin with no clock driven by root clock pin: wots_xmss_fsm_md0/md0/XMSS_start_reg/Q (HIGH)

 There is 1 register/latch pin with no clock driven by root clock pin: wots_xmss_fsm_md0/md0/cnt_reg[1]/Q (HIGH)

 There is 1 register/latch pin with no clock driven by root clock pin: wots_xmss_fsm_md0/md0/cnt_reg[2]/Q (HIGH)

 There is 1 register/latch pin with no clock driven by root clock pin: wots_xmss_fsm_md0/md0/cnt_reg[3]/Q (HIGH)


2. checking constant_clock (0)
------------------------------
 There are 0 register/latch pins with constant_clock.


3. checking pulse_width_clock (0)
---------------------------------
 There are 0 register/latch pins which need pulse_width check


4. checking unconstrained_internal_endpoints (1)
------------------------------------------------
 There is 1 pin that is not constrained for maximum delay. (HIGH)

 There are 0 pins that are not constrained for maximum delay due to constant clock.


5. checking no_input_delay (170)
--------------------------------
 There are 156 input ports with no input delay specified. (HIGH)

 There are 14 input ports with no input delay but user has a false path constraint. (MEDIUM)


6. checking no_output_delay (80)
--------------------------------
 There are 80 ports with no output delay specified. (HIGH)

 There are 0 ports with no output delay but user has a false path constraint

 There are 0 ports with no output delay but with a timing clock defined on it or propagating through it


7. checking multiple_clock (0)
------------------------------
 There are 0 register/latch pins with multiple clocks.


8. checking generated_clocks (0)
--------------------------------
 There are 0 generated clocks that are not connected to a clock source.


9. checking loops (0)
---------------------
 There are 0 combinational loops in the design.


10. checking partial_input_delay (0)
------------------------------------
 There are 0 input ports with partial input delay specified.


11. checking partial_output_delay (0)
-------------------------------------
 There are 0 ports with partial output delay specified.


12. checking latch_loops (0)
----------------------------
 There are 0 combinational latch loops in the design through latch input



------------------------------------------------------------------------------------------------
| Design Timing Summary
| ---------------------
------------------------------------------------------------------------------------------------

    WNS(ns)      TNS(ns)  TNS Failing Endpoints  TNS Total Endpoints      WHS(ns)      THS(ns)  THS Failing Endpoints  THS Total Endpoints     WPWS(ns)     TPWS(ns)  TPWS Failing Endpoints  TPWS Total Endpoints  
    -------      -------  ---------------------  -------------------      -------      -------  ---------------------  -------------------     --------     --------  ----------------------  --------------------  
     -0.330       -3.841                     23                36756        0.075        0.000                      0                36756        5.155        0.000                       0                 16294  


Timing constraints are not met.


------------------------------------------------------------------------------------------------
| Clock Summary
| -------------
------------------------------------------------------------------------------------------------

Clock  Waveform(ns)       Period(ns)      Frequency(MHz)
-----  ------------       ----------      --------------
clk    {0.000 6.405}      12.810          78.064          


------------------------------------------------------------------------------------------------
| Intra Clock Table
| -----------------
------------------------------------------------------------------------------------------------

Clock             WNS(ns)      TNS(ns)  TNS Failing Endpoints  TNS Total Endpoints      WHS(ns)      THS(ns)  THS Failing Endpoints  THS Total Endpoints     WPWS(ns)     TPWS(ns)  TPWS Failing Endpoints  TPWS Total Endpoints  
-----             -------      -------  ---------------------  -------------------      -------      -------  ---------------------  -------------------     --------     --------  ----------------------  --------------------  
clk                -0.330       -3.841                     23                36756        0.075        0.000                      0                36756        5.155        0.000                       0                 16294  


------------------------------------------------------------------------------------------------
| Inter Clock Table
| -----------------
------------------------------------------------------------------------------------------------

From Clock    To Clock          WNS(ns)      TNS(ns)  TNS Failing Endpoints  TNS Total Endpoints      WHS(ns)      THS(ns)  THS Failing Endpoints  THS Total Endpoints  
----------    --------          -------      -------  ---------------------  -------------------      -------      -------  ---------------------  -------------------  


------------------------------------------------------------------------------------------------
| Other Path Groups Table
| -----------------------
------------------------------------------------------------------------------------------------

Path Group    From Clock    To Clock          WNS(ns)      TNS(ns)  TNS Failing Endpoints  TNS Total Endpoints      WHS(ns)      THS(ns)  THS Failing Endpoints  THS Total Endpoints  
----------    ----------    --------          -------      -------  ---------------------  -------------------      -------      -------  ---------------------  -------------------  


------------------------------------------------------------------------------------------------
| Timing Details
| --------------
------------------------------------------------------------------------------------------------


---------------------------------------------------------------------------------------------------
From Clock:  clk
  To Clock:  clk

Setup :           23  Failing Endpoints,  Worst Slack       -0.330ns,  Total Violation       -3.841ns
Hold  :            0  Failing Endpoints,  Worst Slack        0.075ns,  Total Violation        0.000ns
PW    :            0  Failing Endpoints,  Worst Slack        5.155ns,  Total Violation        0.000ns
---------------------------------------------------------------------------------------------------


Max Delay Paths
--------------------------------------------------------------------------------------
Slack (VIOLATED) :        -0.330ns  (required time - arrival time)
  Source:                 hash_tile_md0/DUT_SHA512/HASH_BM/SHA512/w_mem_inst/w_mem_reg[1][11]/C
                            (rising edge-triggered cell FDCE clocked by clk  {rise@0.000ns fall@6.405ns period=12.810ns})
  Destination:            hash_tile_md0/DUT_SHA512/HASH_BM/SHA512/a_reg_reg[61]/D
                            (rising edge-triggered cell FDCE clocked by clk  {rise@0.000ns fall@6.405ns period=12.810ns})
  Path Group:             clk
  Path Type:              Setup (Max at Slow Process Corner)
  Requirement:            12.810ns  (clk rise@12.810ns - clk rise@0.000ns)
  Data Path Delay:        13.087ns  (logic 6.284ns (48.017%)  route 6.803ns (51.983%))
  Logic Levels:           27  (CARRY4=17 LUT3=2 LUT5=5 LUT6=3)
  Clock Path Skew:        -0.049ns (DCD - SCD + CPR)
    Destination Clock Delay (DCD):    0.924ns = ( 13.734 - 12.810 ) 
    Source Clock Delay      (SCD):    0.973ns
    Clock Pessimism Removal (CPR):    0.000ns
  Clock Uncertainty:      0.035ns  ((TSJ^2 + TIJ^2)^1/2 + DJ) / 2 + PE
    Total System Jitter     (TSJ):    0.071ns
    Total Input Jitter      (TIJ):    0.000ns
    Discrete Jitter          (DJ):    0.000ns
    Phase Error              (PE):    0.000ns

    Location             Delay type                Incr(ns)  Path(ns)    Netlist Resource(s)
  -------------------------------------------------------------------    -------------------
                         (clock clk rise edge)        0.000     0.000 r  
                                                      0.000     0.000 r  clk (IN)
                         net (fo=16293, unset)        0.973     0.973    hash_tile_md0/DUT_SHA512/HASH_BM/SHA512/w_mem_inst/clk
    SLICE_X138Y95        FDCE                                         r  hash_tile_md0/DUT_SHA512/HASH_BM/SHA512/w_mem_inst/w_mem_reg[1][11]/C
  -------------------------------------------------------------------    -------------------
    SLICE_X138Y95        FDCE (Prop_fdce_C_Q)         0.456     1.429 r  hash_tile_md0/DUT_SHA512/HASH_BM/SHA512/w_mem_inst/w_mem_reg[1][11]/Q
                         net (fo=8, routed)           1.039     2.468    hash_tile_md0/DUT_SHA512/HASH_BM/SHA512/w_mem_inst/p_5_in[10]
    SLICE_X140Y99        LUT3 (Prop_lut3_I1_O)        0.124     2.592 r  hash_tile_md0/DUT_SHA512/HASH_BM/SHA512/w_mem_inst/w_mem[15][11]_i_19__2/O
                         net (fo=1, routed)           0.282     2.874    hash_tile_md0/DUT_SHA512/HASH_BM/SHA512/w_mem_inst/w_mem_update_logic.d0[10]
    SLICE_X140Y99        LUT5 (Prop_lut5_I3_O)        0.124     2.998 r  hash_tile_md0/DUT_SHA512/HASH_BM/SHA512/w_mem_inst/w_mem[15][11]_i_11__2/O
                         net (fo=2, routed)           0.665     3.663    hash_tile_md0/DUT_SHA512/HASH_BM/SHA512/w_mem_inst/w_mem[15][11]_i_11__2_n_0
    SLICE_X136Y99        LUT3 (Prop_lut3_I1_O)        0.124     3.787 r  hash_tile_md0/DUT_SHA512/HASH_BM/SHA512/w_mem_inst/w_mem[15][11]_i_3__0/O
                         net (fo=2, routed)           0.803     4.590    hash_tile_md0/DUT_SHA512/HASH_BM/SHA512/w_mem_inst/w_mem[15][11]_i_3__0_n_0
    SLICE_X137Y99        CARRY4 (Prop_carry4_DI[3]_CO[3])
                                                      0.385     4.975 r  hash_tile_md0/DUT_SHA512/HASH_BM/SHA512/w_mem_inst/w_mem_reg[15][11]_i_2__2/CO[3]
                         net (fo=1, routed)           0.001     4.976    hash_tile_md0/DUT_SHA512/HASH_BM/SHA512/w_mem_inst/w_mem_reg[15][11]_i_2__2_n_0
    SLICE_X137Y100       CARRY4 (Prop_carry4_CI_O[1])
                                                      0.334     5.310 r  hash_tile_md0/DUT_SHA512/HASH_BM/SHA512/w_mem_inst/w_mem_reg[15][15]_i_2__2/O[1]
                         net (fo=2, routed)           0.607     5.917    hash_tile_md0/DUT_SHA512/HASH_BM/SHA512/w_mem_inst/w_new[13]
    SLICE_X133Y99        LUT5 (Prop_lut5_I3_O)        0.303     6.220 r  hash_tile_md0/DUT_SHA512/HASH_BM/SHA512/w_mem_inst/i___72_i_24__0/O
                         net (fo=2, routed)           0.309     6.530    hash_tile_md0/DUT_SHA512/HASH_BM/SHA512/w_mem_inst/w_data[13]
    SLICE_X131Y99        LUT5 (Prop_lut5_I3_O)        0.124     6.654 r  hash_tile_md0/DUT_SHA512/HASH_BM/SHA512/w_mem_inst/i___72_i_16__0/O
                         net (fo=2, routed)           0.575     7.229    hash_tile_md0/DUT_SHA512/HASH_BM/SHA512/w_mem_inst/i___72_i_16__0_n_0
    SLICE_X130Y99        LUT6 (Prop_lut6_I0_O)        0.124     7.353 r  hash_tile_md0/DUT_SHA512/HASH_BM/SHA512/w_mem_inst/i___72_i_20__0/O
                         net (fo=1, routed)           0.000     7.353    hash_tile_md0/DUT_SHA512/HASH_BM/SHA512/w_mem_inst/i___72_i_20__0_n_0
    SLICE_X130Y99        CARRY4 (Prop_carry4_S[2]_CO[3])
                                                      0.398     7.751 r  hash_tile_md0/DUT_SHA512/HASH_BM/SHA512/w_mem_inst/i___72_i_13__0/CO[3]
                         net (fo=1, routed)           0.001     7.751    hash_tile_md0/DUT_SHA512/HASH_BM/SHA512/w_mem_inst/i___72_i_13__0_n_0
    SLICE_X130Y100       CARRY4 (Prop_carry4_CI_CO[3])
                                                      0.114     7.865 r  hash_tile_md0/DUT_SHA512/HASH_BM/SHA512/w_mem_inst/i___68_i_13__0/CO[3]
                         net (fo=1, routed)           0.000     7.865    hash_tile_md0/DUT_SHA512/HASH_BM/SHA512/w_mem_inst/i___68_i_13__0_n_0
    SLICE_X130Y101       CARRY4 (Prop_carry4_CI_CO[3])
                                                      0.114     7.979 r  hash_tile_md0/DUT_SHA512/HASH_BM/SHA512/w_mem_inst/i___64_i_13__0/CO[3]
                         net (fo=1, routed)           0.000     7.979    hash_tile_md0/DUT_SHA512/HASH_BM/SHA512/w_mem_inst/i___64_i_13__0_n_0
    SLICE_X130Y102       CARRY4 (Prop_carry4_CI_CO[3])
                                                      0.114     8.093 r  hash_tile_md0/DUT_SHA512/HASH_BM/SHA512/w_mem_inst/i___60_i_13__0/CO[3]
                         net (fo=1, routed)           0.000     8.093    hash_tile_md0/DUT_SHA512/HASH_BM/SHA512/w_mem_inst/i___60_i_13__0_n_0
    SLICE_X130Y103       CARRY4 (Prop_carry4_CI_CO[3])
                                                      0.114     8.207 r  hash_tile_md0/DUT_SHA512/HASH_BM/SHA512/w_mem_inst/i___56_i_13__0/CO[3]
                         net (fo=1, routed)           0.000     8.207    hash_tile_md0/DUT_SHA512/HASH_BM/SHA512/w_mem_inst/i___56_i_13__0_n_0
    SLICE_X130Y104       CARRY4 (Prop_carry4_CI_O[2])
                                                      0.239     8.446 r  hash_tile_md0/DUT_SHA512/HASH_BM/SHA512/w_mem_inst/i___52_i_13__0/O[2]
                         net (fo=2, routed)           0.781     9.227    hash_tile_md0/DUT_SHA512/HASH_BM/SHA512/w_mem_inst/i___52_i_13__0_n_5
    SLICE_X129Y105       LUT5 (Prop_lut5_I0_O)        0.302     9.529 r  hash_tile_md0/DUT_SHA512/HASH_BM/SHA512/w_mem_inst/i___56_i_2__0/O
                         net (fo=2, routed)           0.523    10.052    hash_tile_md0/DUT_SHA512/HASH_BM/SHA512/w_mem_inst/i___56_i_2__0_n_0
    SLICE_X128Y106       CARRY4 (Prop_carry4_DI[3]_CO[3])
                                                      0.396    10.448 r  hash_tile_md0/DUT_SHA512/HASH_BM/SHA512/w_mem_inst/i___56_i_1__0/CO[3]
                         net (fo=1, routed)           0.000    10.448    hash_tile_md0/DUT_SHA512/HASH_BM/SHA512/w_mem_inst/i___56_i_1__0_n_0
    SLICE_X128Y107       CARRY4 (Prop_carry4_CI_O[0])
                                                      0.219    10.667 r  hash_tile_md0/DUT_SHA512/HASH_BM/SHA512/w_mem_inst/i___52_i_1__0/O[0]
                         net (fo=4, routed)           0.327    10.994    hash_tile_md0/DUT_SHA512/HASH_BM/SHA512/w_mem_inst/e_reg_reg[38][0]
    SLICE_X129Y106       LUT5 (Prop_lut5_I4_O)        0.295    11.289 r  hash_tile_md0/DUT_SHA512/HASH_BM/SHA512/w_mem_inst/a_reg[39]_i_5__0/O
                         net (fo=2, routed)           0.582    11.871    hash_tile_md0/DUT_SHA512/HASH_BM/SHA512/w_mem_inst/a_reg[39]_i_5__0_n_0
    SLICE_X126Y107       LUT6 (Prop_lut6_I0_O)        0.124    11.995 r  hash_tile_md0/DUT_SHA512/HASH_BM/SHA512/w_mem_inst/a_reg[39]_i_9__0/O
                         net (fo=1, routed)           0.000    11.995    hash_tile_md0/DUT_SHA512/HASH_BM/SHA512/w_mem_inst/a_reg[39]_i_9__0_n_0
    SLICE_X126Y107       CARRY4 (Prop_carry4_S[1]_CO[3])
                                                      0.550    12.545 r  hash_tile_md0/DUT_SHA512/HASH_BM/SHA512/w_mem_inst/a_reg_reg[39]_i_2__0/CO[3]
                         net (fo=1, routed)           0.000    12.545    hash_tile_md0/DUT_SHA512/HASH_BM/SHA512/w_mem_inst/a_reg_reg[39]_i_2__0_n_0
    SLICE_X126Y108       CARRY4 (Prop_carry4_CI_CO[3])
                                                      0.114    12.659 r  hash_tile_md0/DUT_SHA512/HASH_BM/SHA512/w_mem_inst/a_reg_reg[43]_i_2__0/CO[3]
                         net (fo=1, routed)           0.000    12.659    hash_tile_md0/DUT_SHA512/HASH_BM/SHA512/w_mem_inst/a_reg_reg[43]_i_2__0_n_0
    SLICE_X126Y109       CARRY4 (Prop_carry4_CI_CO[3])
                                                      0.114    12.773 r  hash_tile_md0/DUT_SHA512/HASH_BM/SHA512/w_mem_inst/a_reg_reg[47]_i_2__0/CO[3]
                         net (fo=1, routed)           0.000    12.773    hash_tile_md0/DUT_SHA512/HASH_BM/SHA512/w_mem_inst/a_reg_reg[47]_i_2__0_n_0
    SLICE_X126Y110       CARRY4 (Prop_carry4_CI_CO[3])
                                                      0.114    12.887 r  hash_tile_md0/DUT_SHA512/HASH_BM/SHA512/w_mem_inst/a_reg_reg[51]_i_2__0/CO[3]
                         net (fo=1, routed)           0.000    12.887    hash_tile_md0/DUT_SHA512/HASH_BM/SHA512/w_mem_inst/a_reg_reg[51]_i_2__0_n_0
    SLICE_X126Y111       CARRY4 (Prop_carry4_CI_CO[3])
                                                      0.114    13.001 r  hash_tile_md0/DUT_SHA512/HASH_BM/SHA512/w_mem_inst/a_reg_reg[55]_i_2__0/CO[3]
                         net (fo=1, routed)           0.000    13.001    hash_tile_md0/DUT_SHA512/HASH_BM/SHA512/w_mem_inst/a_reg_reg[55]_i_2__0_n_0
    SLICE_X126Y112       CARRY4 (Prop_carry4_CI_CO[3])
                                                      0.114    13.115 r  hash_tile_md0/DUT_SHA512/HASH_BM/SHA512/w_mem_inst/a_reg_reg[59]_i_2__0/CO[3]
                         net (fo=1, routed)           0.000    13.115    hash_tile_md0/DUT_SHA512/HASH_BM/SHA512/w_mem_inst/a_reg_reg[59]_i_2__0_n_0
    SLICE_X126Y113       CARRY4 (Prop_carry4_CI_O[1])
                                                      0.334    13.449 r  hash_tile_md0/DUT_SHA512/HASH_BM/SHA512/w_mem_inst/a_reg_reg[63]_i_2__0/O[1]
                         net (fo=1, routed)           0.308    13.757    hash_tile_md0/DUT_SHA512/HASH_BM/SHA512/w_mem_inst/a_new0[61]
    SLICE_X126Y114       LUT6 (Prop_lut6_I0_O)        0.303    14.060 r  hash_tile_md0/DUT_SHA512/HASH_BM/SHA512/w_mem_inst/a_reg[61]_i_1__0/O
                         net (fo=1, routed)           0.000    14.060    hash_tile_md0/DUT_SHA512/HASH_BM/SHA512/a_new[61]
    SLICE_X126Y114       FDCE                                         r  hash_tile_md0/DUT_SHA512/HASH_BM/SHA512/a_reg_reg[61]/D
  -------------------------------------------------------------------    -------------------

                         (clock clk rise edge)       12.810    12.810 r  
                                                      0.000    12.810 r  clk (IN)
                         net (fo=16293, unset)        0.924    13.734    hash_tile_md0/DUT_SHA512/HASH_BM/SHA512/clk
    SLICE_X126Y114       FDCE                                         r  hash_tile_md0/DUT_SHA512/HASH_BM/SHA512/a_reg_reg[61]/C
                         clock pessimism              0.000    13.734    
                         clock uncertainty           -0.035    13.699    
    SLICE_X126Y114       FDCE (Setup_fdce_C_D)        0.031    13.730    hash_tile_md0/DUT_SHA512/HASH_BM/SHA512/a_reg_reg[61]
  -------------------------------------------------------------------
                         required time                         13.730    
                         arrival time                         -14.060    
  -------------------------------------------------------------------
                         slack                                 -0.330    





Min Delay Paths
--------------------------------------------------------------------------------------
Slack (MET) :             0.075ns  (arrival time - required time)
  Source:                 mti_md0/indices_addr0_reg[5]/C
                            (rising edge-triggered cell FDCE clocked by clk  {rise@0.000ns fall@6.405ns period=12.810ns})
  Destination:            INDICES_MEM/mem_reg/DIADI[13]
                            (rising edge-triggered cell RAMB18E1 clocked by clk  {rise@0.000ns fall@6.405ns period=12.810ns})
  Path Group:             clk
  Path Type:              Hold (Min at Fast Process Corner)
  Requirement:            0.000ns  (clk rise@0.000ns - clk rise@0.000ns)
  Data Path Delay:        0.340ns  (logic 0.148ns (43.573%)  route 0.192ns (56.427%))
  Logic Levels:           0  
  Clock Path Skew:        0.022ns (DCD - SCD - CPR)
    Destination Clock Delay (DCD):    0.432ns
    Source Clock Delay      (SCD):    0.410ns
    Clock Pessimism Removal (CPR):    -0.000ns

    Location             Delay type                Incr(ns)  Path(ns)    Netlist Resource(s)
  -------------------------------------------------------------------    -------------------
                         (clock clk rise edge)        0.000     0.000 r  
                                                      0.000     0.000 r  clk (IN)
                         net (fo=16293, unset)        0.410     0.410    mti_md0/clk
    SLICE_X62Y56         FDCE                                         r  mti_md0/indices_addr0_reg[5]/C
  -------------------------------------------------------------------    -------------------
    SLICE_X62Y56         FDCE (Prop_fdce_C_Q)         0.148     0.558 r  mti_md0/indices_addr0_reg[5]/Q
                         net (fo=3, routed)           0.192     0.750    INDICES_MEM/DIADI[13]
    RAMB18_X3Y22         RAMB18E1                                     r  INDICES_MEM/mem_reg/DIADI[13]
  -------------------------------------------------------------------    -------------------

                         (clock clk rise edge)        0.000     0.000 r  
                                                      0.000     0.000 r  clk (IN)
                         net (fo=16293, unset)        0.432     0.432    INDICES_MEM/clk
    RAMB18_X3Y22         RAMB18E1                                     r  INDICES_MEM/mem_reg/CLKARDCLK
                         clock pessimism              0.000     0.432    
    RAMB18_X3Y22         RAMB18E1 (Hold_ramb18e1_CLKARDCLK_DIADI[13])
                                                      0.243     0.675    INDICES_MEM/mem_reg
  -------------------------------------------------------------------
                         required time                         -0.675    
                         arrival time                           0.750    
  -------------------------------------------------------------------
                         slack                                  0.075    





Pulse Width Checks
--------------------------------------------------------------------------------------
Clock Name:         clk
Waveform(ns):       { 0.000 6.405 }
Period(ns):         12.810
Sources:            { clk }

Check Type        Corner  Lib Pin             Reference Pin  Required(ns)  Actual(ns)  Slack(ns)  Location      Pin
Min Period        n/a     RAMB36E1/CLKARDCLK  n/a            2.944         12.810      9.866      RAMB36_X5Y15  hash_tile_md0/DUT_SHA256/BIG_MEM/mem_reg/CLKARDCLK
Low Pulse Width   Slow    RAMD32/CLK          n/a            1.250         6.405       5.155      SLICE_X96Y73  hash_tile_md0/DUT_SHA256/B_FIFO_INSTANCE/fifo_mem_reg_0_7_0_5/RAMA/CLK
High Pulse Width  Slow    RAMD32/CLK          n/a            1.250         6.405       5.155      SLICE_X96Y73  hash_tile_md0/DUT_SHA256/B_FIFO_INSTANCE/fifo_mem_reg_0_7_0_5/RAMA/CLK



