Copyright 1986-2022 Xilinx, Inc. All Rights Reserved. Copyright 2022-2025 Advanced Micro Devices, Inc. All Rights Reserved.
---------------------------------------------------------------------------------------------------------------------------------------------
| Tool Version : Vivado v.2025.2 (lin64) Build 6299465 Fri Nov 14 12:34:56 MST 2025
| Date         : Sat Aug 29 18:07:45 2026
| Host         : MSI running 64-bit Ubuntu 26.04 LTS
| Command      : report_timing_summary -file /tmp/fsrch_slh_256s_optimized_13.0.rpt
| Design       : top
| Device       : 7a200t-fbg676
| Speed File   : -1  PRODUCTION 1.23 2018-06-13
| Design State : Routed
---------------------------------------------------------------------------------------------------------------------------------------------

Timing Summary Report

------------------------------------------------------------------------------------------------
| Timer Settings
| --------------
------------------------------------------------------------------------------------------------

  Enable Multi Corner Analysis               :  Yes
  Enable Pessimism Removal                   :  Yes
  Pessimism Removal Resolution               :  Nearest Common Node
  Enable Input Delay Default Clock           :  No
  Enable Preset / Clear Arcs                 :  No
  Disable Flight Delays                      :  No
  Ignore I/O Paths                           :  No
  Timing Early Launch at Borrowing Latches   :  No
  Borrow Time for Max Delay Exceptions       :  Yes
  Merge Timing Exceptions                    :  Yes
  Inter-SLR Compensation                     :  Conservative

  Corner  Analyze    Analyze    
  Name    Max Paths  Min Paths  
  ------  ---------  ---------  
  Slow    Yes        Yes        
  Fast    Yes        Yes        


------------------------------------------------------------------------------------------------
| Report Methodology
| ------------------
------------------------------------------------------------------------------------------------

No report available as report_methodology has not been run prior. Run report_methodology on the current design for the summary of methodology violations.



check_timing report

Table of Contents
-----------------
1. checking no_clock (4)
2. checking constant_clock (0)
3. checking pulse_width_clock (0)
4. checking unconstrained_internal_endpoints (1)
5. checking no_input_delay (170)
6. checking no_output_delay (80)
7. checking multiple_clock (0)
8. checking generated_clocks (0)
9. checking loops (0)
10. checking partial_input_delay (0)
11. checking partial_output_delay (0)
12. checking latch_loops (0)

1. checking no_clock (4)
------------------------
 There is 1 register/latch pin with no clock driven by root clock pin: wots_xmss_fsm_md0/md0/XMSS_start_reg/Q (HIGH)

 There is 1 register/latch pin with no clock driven by root clock pin: wots_xmss_fsm_md0/md0/cnt_reg[1]/Q (HIGH)

 There is 1 register/latch pin with no clock driven by root clock pin: wots_xmss_fsm_md0/md0/cnt_reg[2]/Q (HIGH)

 There is 1 register/latch pin with no clock driven by root clock pin: wots_xmss_fsm_md0/md0/cnt_reg[3]/Q (HIGH)


2. checking constant_clock (0)
------------------------------
 There are 0 register/latch pins with constant_clock.


3. checking pulse_width_clock (0)
---------------------------------
 There are 0 register/latch pins which need pulse_width check


4. checking unconstrained_internal_endpoints (1)
------------------------------------------------
 There is 1 pin that is not constrained for maximum delay. (HIGH)

 There are 0 pins that are not constrained for maximum delay due to constant clock.


5. checking no_input_delay (170)
--------------------------------
 There are 156 input ports with no input delay specified. (HIGH)

 There are 14 input ports with no input delay but user has a false path constraint. (MEDIUM)


6. checking no_output_delay (80)
--------------------------------
 There are 80 ports with no output delay specified. (HIGH)

 There are 0 ports with no output delay but user has a false path constraint

 There are 0 ports with no output delay but with a timing clock defined on it or propagating through it


7. checking multiple_clock (0)
------------------------------
 There are 0 register/latch pins with multiple clocks.


8. checking generated_clocks (0)
--------------------------------
 There are 0 generated clocks that are not connected to a clock source.


9. checking loops (0)
---------------------
 There are 0 combinational loops in the design.


10. checking partial_input_delay (0)
------------------------------------
 There are 0 input ports with partial input delay specified.


11. checking partial_output_delay (0)
-------------------------------------
 There are 0 ports with partial output delay specified.


12. checking latch_loops (0)
----------------------------
 There are 0 combinational latch loops in the design through latch input



------------------------------------------------------------------------------------------------
| Design Timing Summary
| ---------------------
------------------------------------------------------------------------------------------------

    WNS(ns)      TNS(ns)  TNS Failing Endpoints  TNS Total Endpoints      WHS(ns)      THS(ns)  THS Failing Endpoints  THS Total Endpoints     WPWS(ns)     TPWS(ns)  TPWS Failing Endpoints  TPWS Total Endpoints  
    -------      -------  ---------------------  -------------------      -------      -------  ---------------------  -------------------     --------     --------  ----------------------  --------------------  
      0.050        0.000                      0                37330        0.028        0.000                      0                37330        5.250        0.000                       0                 16688  


All user specified timing constraints are met.


------------------------------------------------------------------------------------------------
| Clock Summary
| -------------
------------------------------------------------------------------------------------------------

Clock  Waveform(ns)       Period(ns)      Frequency(MHz)
-----  ------------       ----------      --------------
clk    {0.000 6.500}      13.000          76.923          


------------------------------------------------------------------------------------------------
| Intra Clock Table
| -----------------
------------------------------------------------------------------------------------------------

Clock             WNS(ns)      TNS(ns)  TNS Failing Endpoints  TNS Total Endpoints      WHS(ns)      THS(ns)  THS Failing Endpoints  THS Total Endpoints     WPWS(ns)     TPWS(ns)  TPWS Failing Endpoints  TPWS Total Endpoints  
-----             -------      -------  ---------------------  -------------------      -------      -------  ---------------------  -------------------     --------     --------  ----------------------  --------------------  
clk                 0.050        0.000                      0                37330        0.028        0.000                      0                37330        5.250        0.000                       0                 16688  


------------------------------------------------------------------------------------------------
| Inter Clock Table
| -----------------
------------------------------------------------------------------------------------------------

From Clock    To Clock          WNS(ns)      TNS(ns)  TNS Failing Endpoints  TNS Total Endpoints      WHS(ns)      THS(ns)  THS Failing Endpoints  THS Total Endpoints  
----------    --------          -------      -------  ---------------------  -------------------      -------      -------  ---------------------  -------------------  


------------------------------------------------------------------------------------------------
| Other Path Groups Table
| -----------------------
------------------------------------------------------------------------------------------------

Path Group    From Clock    To Clock          WNS(ns)      TNS(ns)  TNS Failing Endpoints  TNS Total Endpoints      WHS(ns)      THS(ns)  THS Failing Endpoints  THS Total Endpoints  
----------    ----------    --------          -------      -------  ---------------------  -------------------      -------      -------  ---------------------  -------------------  


------------------------------------------------------------------------------------------------
| Timing Details
| --------------
------------------------------------------------------------------------------------------------


---------------------------------------------------------------------------------------------------
From Clock:  clk
  To Clock:  clk

Setup :            0  Failing Endpoints,  Worst Slack        0.050ns,  Total Violation        0.000ns
Hold  :            0  Failing Endpoints,  Worst Slack        0.028ns,  Total Violation        0.000ns
PW    :            0  Failing Endpoints,  Worst Slack        5.250ns,  Total Violation        0.000ns
---------------------------------------------------------------------------------------------------


Max Delay Paths
--------------------------------------------------------------------------------------
Slack (MET) :             0.050ns  (required time - arrival time)
  Source:                 hash_tile_md0/DUT_SHA512/HASH_SM/SHA512/w_mem_inst/w_mem_reg[14][11]/C
                            (rising edge-triggered cell FDCE clocked by clk  {rise@0.000ns fall@6.500ns period=13.000ns})
  Destination:            hash_tile_md0/DUT_SHA512/HASH_SM/SHA512/a_reg_reg[63]/D
                            (rising edge-triggered cell FDCE clocked by clk  {rise@0.000ns fall@6.500ns period=13.000ns})
  Path Group:             clk
  Path Type:              Setup (Max at Slow Process Corner)
  Requirement:            13.000ns  (clk rise@13.000ns - clk rise@0.000ns)
  Data Path Delay:        12.898ns  (logic 6.506ns (50.444%)  route 6.392ns (49.556%))
  Logic Levels:           25  (CARRY4=13 LUT3=2 LUT4=1 LUT5=5 LUT6=4)
  Clock Path Skew:        -0.049ns (DCD - SCD + CPR)
    Destination Clock Delay (DCD):    0.924ns = ( 13.924 - 13.000 ) 
    Source Clock Delay      (SCD):    0.973ns
    Clock Pessimism Removal (CPR):    0.000ns
  Clock Uncertainty:      0.035ns  ((TSJ^2 + TIJ^2)^1/2 + DJ) / 2 + PE
    Total System Jitter     (TSJ):    0.071ns
    Total Input Jitter      (TIJ):    0.000ns
    Discrete Jitter          (DJ):    0.000ns
    Phase Error              (PE):    0.000ns

    Location             Delay type                Incr(ns)  Path(ns)    Netlist Resource(s)
  -------------------------------------------------------------------    -------------------
                         (clock clk rise edge)        0.000     0.000 r  
                                                      0.000     0.000 r  clk (IN)
                         net (fo=16687, unset)        0.973     0.973    hash_tile_md0/DUT_SHA512/HASH_SM/SHA512/w_mem_inst/clk
    SLICE_X130Y109       FDCE                                         r  hash_tile_md0/DUT_SHA512/HASH_SM/SHA512/w_mem_inst/w_mem_reg[14][11]/C
  -------------------------------------------------------------------    -------------------
    SLICE_X130Y109       FDCE (Prop_fdce_C_Q)         0.456     1.429 r  hash_tile_md0/DUT_SHA512/HASH_SM/SHA512/w_mem_inst/w_mem_reg[14][11]/Q
                         net (fo=8, routed)           0.642     2.071    hash_tile_md0/DUT_SHA512/HASH_SM/SHA512/w_mem_inst/p_2_in[56]
    SLICE_X130Y110       LUT3 (Prop_lut3_I0_O)        0.124     2.195 r  hash_tile_md0/DUT_SHA512/HASH_SM/SHA512/w_mem_inst/w_mem[15][19]_i_26/O
                         net (fo=1, routed)           0.567     2.762    hash_tile_md0/DUT_SHA512/HASH_SM/SHA512/w_mem_inst/w_mem_update_logic.d1__0[14]
    SLICE_X129Y110       LUT5 (Prop_lut5_I4_O)        0.124     2.886 r  hash_tile_md0/DUT_SHA512/HASH_SM/SHA512/w_mem_inst/w_mem[15][19]_i_18__1/O
                         net (fo=2, routed)           0.596     3.483    hash_tile_md0/DUT_SHA512/HASH_SM/SHA512/w_mem_inst/w_mem[15][19]_i_18__1_n_0
    SLICE_X124Y111       LUT3 (Prop_lut3_I2_O)        0.124     3.607 r  hash_tile_md0/DUT_SHA512/HASH_SM/SHA512/w_mem_inst/w_mem[15][19]_i_6__1/O
                         net (fo=2, routed)           0.652     4.258    hash_tile_md0/DUT_SHA512/HASH_SM/SHA512/w_mem_inst/w_mem[15][19]_i_6__1_n_0
    SLICE_X125Y111       LUT4 (Prop_lut4_I3_O)        0.124     4.382 r  hash_tile_md0/DUT_SHA512/HASH_SM/SHA512/w_mem_inst/w_mem[15][19]_i_10__1/O
                         net (fo=1, routed)           0.000     4.382    hash_tile_md0/DUT_SHA512/HASH_SM/SHA512/w_mem_inst/w_mem[15][19]_i_10__1_n_0
    SLICE_X125Y111       CARRY4 (Prop_carry4_S[0]_CO[3])
                                                      0.532     4.914 r  hash_tile_md0/DUT_SHA512/HASH_SM/SHA512/w_mem_inst/w_mem_reg[15][19]_i_2__1/CO[3]
                         net (fo=1, routed)           0.000     4.914    hash_tile_md0/DUT_SHA512/HASH_SM/SHA512/w_mem_inst/w_mem_reg[15][19]_i_2__1_n_0
    SLICE_X125Y112       CARRY4 (Prop_carry4_CI_CO[3])
                                                      0.114     5.028 r  hash_tile_md0/DUT_SHA512/HASH_SM/SHA512/w_mem_inst/w_mem_reg[15][23]_i_2__1/CO[3]
                         net (fo=1, routed)           0.000     5.028    hash_tile_md0/DUT_SHA512/HASH_SM/SHA512/w_mem_inst/w_mem_reg[15][23]_i_2__1_n_0
    SLICE_X125Y113       CARRY4 (Prop_carry4_CI_CO[3])
                                                      0.114     5.142 r  hash_tile_md0/DUT_SHA512/HASH_SM/SHA512/w_mem_inst/w_mem_reg[15][27]_i_2__1/CO[3]
                         net (fo=1, routed)           0.000     5.142    hash_tile_md0/DUT_SHA512/HASH_SM/SHA512/w_mem_inst/w_mem_reg[15][27]_i_2__1_n_0
    SLICE_X125Y114       CARRY4 (Prop_carry4_CI_CO[3])
                                                      0.114     5.256 r  hash_tile_md0/DUT_SHA512/HASH_SM/SHA512/w_mem_inst/w_mem_reg[15][31]_i_2__1/CO[3]
                         net (fo=1, routed)           0.000     5.256    hash_tile_md0/DUT_SHA512/HASH_SM/SHA512/w_mem_inst/w_mem_reg[15][31]_i_2__1_n_0
    SLICE_X125Y115       CARRY4 (Prop_carry4_CI_CO[3])
                                                      0.114     5.370 r  hash_tile_md0/DUT_SHA512/HASH_SM/SHA512/w_mem_inst/w_mem_reg[15][35]_i_2/CO[3]
                         net (fo=1, routed)           0.000     5.370    hash_tile_md0/DUT_SHA512/HASH_SM/SHA512/w_mem_inst/w_mem_reg[15][35]_i_2_n_0
    SLICE_X125Y116       CARRY4 (Prop_carry4_CI_O[3])
                                                      0.313     5.683 r  hash_tile_md0/DUT_SHA512/HASH_SM/SHA512/w_mem_inst/w_mem_reg[15][39]_i_2/O[3]
                         net (fo=2, routed)           0.459     6.143    hash_tile_md0/DUT_SHA512/HASH_SM/SHA512/w_mem_inst/w_new[39]
    SLICE_X123Y118       LUT5 (Prop_lut5_I3_O)        0.306     6.449 r  hash_tile_md0/DUT_SHA512/HASH_SM/SHA512/w_mem_inst/i___37_i_26/O
                         net (fo=2, routed)           0.415     6.864    hash_tile_md0/DUT_SHA512/HASH_SM/SHA512/w_mem_inst/w_data[39]
    SLICE_X123Y119       LUT5 (Prop_lut5_I3_O)        0.124     6.988 r  hash_tile_md0/DUT_SHA512/HASH_SM/SHA512/w_mem_inst/i___37_i_18/O
                         net (fo=2, routed)           0.571     7.559    hash_tile_md0/DUT_SHA512/HASH_SM/SHA512/w_mem_inst/i___37_i_18_n_0
    SLICE_X118Y120       LUT6 (Prop_lut6_I0_O)        0.124     7.683 r  hash_tile_md0/DUT_SHA512/HASH_SM/SHA512/w_mem_inst/i___37_i_22/O
                         net (fo=1, routed)           0.000     7.683    hash_tile_md0/DUT_SHA512/HASH_SM/SHA512/w_mem_inst/i___37_i_22_n_0
    SLICE_X118Y120       CARRY4 (Prop_carry4_S[0]_CO[3])
                                                      0.532     8.215 r  hash_tile_md0/DUT_SHA512/HASH_SM/SHA512/w_mem_inst/i___37_i_13/CO[3]
                         net (fo=1, routed)           0.000     8.215    hash_tile_md0/DUT_SHA512/HASH_SM/SHA512/w_mem_inst/i___37_i_13_n_0
    SLICE_X118Y121       CARRY4 (Prop_carry4_CI_CO[3])
                                                      0.114     8.329 r  hash_tile_md0/DUT_SHA512/HASH_SM/SHA512/w_mem_inst/i___33_i_13/CO[3]
                         net (fo=1, routed)           0.000     8.329    hash_tile_md0/DUT_SHA512/HASH_SM/SHA512/w_mem_inst/i___33_i_13_n_0
    SLICE_X118Y122       CARRY4 (Prop_carry4_CI_O[3])
                                                      0.313     8.642 r  hash_tile_md0/DUT_SHA512/HASH_SM/SHA512/w_mem_inst/i___29_i_13/O[3]
                         net (fo=2, routed)           0.475     9.117    hash_tile_md0/DUT_SHA512/HASH_SM/SHA512/w_mem_inst/i___29_i_13_n_4
    SLICE_X120Y122       LUT5 (Prop_lut5_I0_O)        0.306     9.423 r  hash_tile_md0/DUT_SHA512/HASH_SM/SHA512/w_mem_inst/i___29_i_5/O
                         net (fo=2, routed)           0.601    10.024    hash_tile_md0/DUT_SHA512/HASH_SM/SHA512/w_mem_inst/i___29_i_5_n_0
    SLICE_X114Y123       LUT6 (Prop_lut6_I0_O)        0.124    10.148 r  hash_tile_md0/DUT_SHA512/HASH_SM/SHA512/w_mem_inst/i___29_i_9/O
                         net (fo=1, routed)           0.000    10.148    hash_tile_md0/DUT_SHA512/HASH_SM/SHA512/w_mem_inst/i___29_i_9_n_0
    SLICE_X114Y123       CARRY4 (Prop_carry4_S[0]_CO[3])
                                                      0.532    10.680 r  hash_tile_md0/DUT_SHA512/HASH_SM/SHA512/w_mem_inst/i___29_i_1/CO[3]
                         net (fo=1, routed)           0.000    10.680    hash_tile_md0/DUT_SHA512/HASH_SM/SHA512/w_mem_inst/i___29_i_1_n_0
    SLICE_X114Y124       CARRY4 (Prop_carry4_CI_O[1])
                                                      0.334    11.014 r  hash_tile_md0/DUT_SHA512/HASH_SM/SHA512/w_mem_inst/i___25_i_1/O[1]
                         net (fo=4, routed)           0.530    11.544    hash_tile_md0/DUT_SHA512/HASH_SM/SHA512/w_mem_inst/e_reg_reg[58][1]
    SLICE_X110Y125       LUT5 (Prop_lut5_I4_O)        0.303    11.847 r  hash_tile_md0/DUT_SHA512/HASH_SM/SHA512/w_mem_inst/a_reg[59]_i_4/O
                         net (fo=2, routed)           0.441    12.288    hash_tile_md0/DUT_SHA512/HASH_SM/SHA512/w_mem_inst/a_reg[59]_i_4_n_0
    SLICE_X111Y124       LUT6 (Prop_lut6_I0_O)        0.124    12.412 r  hash_tile_md0/DUT_SHA512/HASH_SM/SHA512/w_mem_inst/a_reg[59]_i_8/O
                         net (fo=1, routed)           0.000    12.412    hash_tile_md0/DUT_SHA512/HASH_SM/SHA512/w_mem_inst/a_reg[59]_i_8_n_0
    SLICE_X111Y124       CARRY4 (Prop_carry4_S[2]_CO[3])
                                                      0.398    12.810 r  hash_tile_md0/DUT_SHA512/HASH_SM/SHA512/w_mem_inst/a_reg_reg[59]_i_2/CO[3]
                         net (fo=1, routed)           0.009    12.819    hash_tile_md0/DUT_SHA512/HASH_SM/SHA512/w_mem_inst/a_reg_reg[59]_i_2_n_0
    SLICE_X111Y125       CARRY4 (Prop_carry4_CI_O[3])
                                                      0.313    13.132 r  hash_tile_md0/DUT_SHA512/HASH_SM/SHA512/w_mem_inst/a_reg_reg[63]_i_2/O[3]
                         net (fo=1, routed)           0.433    13.565    hash_tile_md0/DUT_SHA512/HASH_SM/SHA512/w_mem_inst/a_new0[63]
    SLICE_X109Y127       LUT6 (Prop_lut6_I0_O)        0.306    13.871 r  hash_tile_md0/DUT_SHA512/HASH_SM/SHA512/w_mem_inst/a_reg[63]_i_1/O
                         net (fo=1, routed)           0.000    13.871    hash_tile_md0/DUT_SHA512/HASH_SM/SHA512/a_new[63]
    SLICE_X109Y127       FDCE                                         r  hash_tile_md0/DUT_SHA512/HASH_SM/SHA512/a_reg_reg[63]/D
  -------------------------------------------------------------------    -------------------

                         (clock clk rise edge)       13.000    13.000 r  
                                                      0.000    13.000 r  clk (IN)
                         net (fo=16687, unset)        0.924    13.924    hash_tile_md0/DUT_SHA512/HASH_SM/SHA512/clk
    SLICE_X109Y127       FDCE                                         r  hash_tile_md0/DUT_SHA512/HASH_SM/SHA512/a_reg_reg[63]/C
                         clock pessimism              0.000    13.924    
                         clock uncertainty           -0.035    13.889    
    SLICE_X109Y127       FDCE (Setup_fdce_C_D)        0.032    13.921    hash_tile_md0/DUT_SHA512/HASH_SM/SHA512/a_reg_reg[63]
  -------------------------------------------------------------------
                         required time                         13.921    
                         arrival time                         -13.871    
  -------------------------------------------------------------------
                         slack                                  0.050    





Min Delay Paths
--------------------------------------------------------------------------------------
Slack (MET) :             0.028ns  (arrival time - required time)
  Source:                 hash_tile_md0/DUT_SHA256/S_FIFO_INSTANCE/wr_addr_reg[0]/C
                            (rising edge-triggered cell FDRE clocked by clk  {rise@0.000ns fall@6.500ns period=13.000ns})
  Destination:            hash_tile_md0/DUT_SHA256/S_FIFO_INSTANCE/fifo_mem_reg_0_7_54_59/RAMA/WADR0
                            (rising edge-triggered cell RAMD32 clocked by clk  {rise@0.000ns fall@6.500ns period=13.000ns})
  Path Group:             clk
  Path Type:              Hold (Min at Fast Process Corner)
  Requirement:            0.000ns  (clk rise@0.000ns - clk rise@0.000ns)
  Data Path Delay:        0.359ns  (logic 0.141ns (39.235%)  route 0.218ns (60.765%))
  Logic Levels:           0  
  Clock Path Skew:        0.022ns (DCD - SCD - CPR)
    Destination Clock Delay (DCD):    0.432ns
    Source Clock Delay      (SCD):    0.410ns
    Clock Pessimism Removal (CPR):    -0.000ns

    Location             Delay type                Incr(ns)  Path(ns)    Netlist Resource(s)
  -------------------------------------------------------------------    -------------------
                         (clock clk rise edge)        0.000     0.000 r  
                                                      0.000     0.000 r  clk (IN)
                         net (fo=16687, unset)        0.410     0.410    hash_tile_md0/DUT_SHA256/S_FIFO_INSTANCE/clk
    SLICE_X67Y114        FDRE                                         r  hash_tile_md0/DUT_SHA256/S_FIFO_INSTANCE/wr_addr_reg[0]/C
  -------------------------------------------------------------------    -------------------
    SLICE_X67Y114        FDRE (Prop_fdre_C_Q)         0.141     0.551 r  hash_tile_md0/DUT_SHA256/S_FIFO_INSTANCE/wr_addr_reg[0]/Q
                         net (fo=94, routed)          0.218     0.770    hash_tile_md0/DUT_SHA256/S_FIFO_INSTANCE/fifo_mem_reg_0_7_54_59/ADDRD0
    SLICE_X66Y114        RAMD32                                       r  hash_tile_md0/DUT_SHA256/S_FIFO_INSTANCE/fifo_mem_reg_0_7_54_59/RAMA/WADR0
  -------------------------------------------------------------------    -------------------

                         (clock clk rise edge)        0.000     0.000 r  
                                                      0.000     0.000 r  clk (IN)
                         net (fo=16687, unset)        0.432     0.432    hash_tile_md0/DUT_SHA256/S_FIFO_INSTANCE/fifo_mem_reg_0_7_54_59/WCLK
    SLICE_X66Y114        RAMD32                                       r  hash_tile_md0/DUT_SHA256/S_FIFO_INSTANCE/fifo_mem_reg_0_7_54_59/RAMA/CLK
                         clock pessimism              0.000     0.432    
    SLICE_X66Y114        RAMD32 (Hold_ramd32_CLK_WADR0)
                                                      0.310     0.742    hash_tile_md0/DUT_SHA256/S_FIFO_INSTANCE/fifo_mem_reg_0_7_54_59/RAMA
  -------------------------------------------------------------------
                         required time                         -0.742    
                         arrival time                           0.770    
  -------------------------------------------------------------------
                         slack                                  0.028    





Pulse Width Checks
--------------------------------------------------------------------------------------
Clock Name:         clk
Waveform(ns):       { 0.000 6.500 }
Period(ns):         13.000
Sources:            { clk }

Check Type        Corner  Lib Pin             Reference Pin  Required(ns)  Actual(ns)  Slack(ns)  Location      Pin
Min Period        n/a     RAMB36E1/CLKARDCLK  n/a            2.944         13.000      10.056     RAMB36_X2Y20  hash_tile_md0/DUT_SHA256/BIG_MEM/mem_reg/CLKARDCLK
Low Pulse Width   Slow    RAMD32/CLK          n/a            1.250         6.500       5.250      SLICE_X46Y99  hash_tile_md0/DUT_SHA256/B_FIFO_INSTANCE/fifo_mem_reg_0_7_0_5/RAMA/CLK
High Pulse Width  Slow    RAMD32/CLK          n/a            1.250         6.500       5.250      SLICE_X46Y99  hash_tile_md0/DUT_SHA256/B_FIFO_INSTANCE/fifo_mem_reg_0_7_0_5/RAMA/CLK



