Copyright 1986-2022 Xilinx, Inc. All Rights Reserved. Copyright 2022-2025 Advanced Micro Devices, Inc. All Rights Reserved.
---------------------------------------------------------------------------------------------------------------------------------------------
| Tool Version : Vivado v.2025.2 (lin64) Build 6299465 Fri Nov 14 12:34:56 MST 2025
| Date         : Sat Aug 29 21:21:11 2026
| Host         : MSI running 64-bit Ubuntu 26.04 LTS
| Command      : report_timing_summary -file /tmp/fsrch_slh_192f_baseline_12.62.rpt
| Design       : top
| Device       : 7a200t-fbg676
| Speed File   : -1  PRODUCTION 1.23 2018-06-13
| Design State : Routed
---------------------------------------------------------------------------------------------------------------------------------------------

Timing Summary Report

------------------------------------------------------------------------------------------------
| Timer Settings
| --------------
------------------------------------------------------------------------------------------------

  Enable Multi Corner Analysis               :  Yes
  Enable Pessimism Removal                   :  Yes
  Pessimism Removal Resolution               :  Nearest Common Node
  Enable Input Delay Default Clock           :  No
  Enable Preset / Clear Arcs                 :  No
  Disable Flight Delays                      :  No
  Ignore I/O Paths                           :  No
  Timing Early Launch at Borrowing Latches   :  No
  Borrow Time for Max Delay Exceptions       :  Yes
  Merge Timing Exceptions                    :  Yes
  Inter-SLR Compensation                     :  Conservative

  Corner  Analyze    Analyze    
  Name    Max Paths  Min Paths  
  ------  ---------  ---------  
  Slow    Yes        Yes        
  Fast    Yes        Yes        


------------------------------------------------------------------------------------------------
| Report Methodology
| ------------------
------------------------------------------------------------------------------------------------

No report available as report_methodology has not been run prior. Run report_methodology on the current design for the summary of methodology violations.



check_timing report

Table of Contents
-----------------
1. checking no_clock (4)
2. checking constant_clock (0)
3. checking pulse_width_clock (0)
4. checking unconstrained_internal_endpoints (1)
5. checking no_input_delay (170)
6. checking no_output_delay (80)
7. checking multiple_clock (0)
8. checking generated_clocks (0)
9. checking loops (0)
10. checking partial_input_delay (0)
11. checking partial_output_delay (0)
12. checking latch_loops (0)

1. checking no_clock (4)
------------------------
 There is 1 register/latch pin with no clock driven by root clock pin: wots_xmss_fsm_md0/md0/XMSS_start_reg/Q (HIGH)

 There is 1 register/latch pin with no clock driven by root clock pin: wots_xmss_fsm_md0/md0/cnt_reg[1]/Q (HIGH)

 There is 1 register/latch pin with no clock driven by root clock pin: wots_xmss_fsm_md0/md0/cnt_reg[2]/Q (HIGH)

 There is 1 register/latch pin with no clock driven by root clock pin: wots_xmss_fsm_md0/md0/cnt_reg[3]/Q (HIGH)


2. checking constant_clock (0)
------------------------------
 There are 0 register/latch pins with constant_clock.


3. checking pulse_width_clock (0)
---------------------------------
 There are 0 register/latch pins which need pulse_width check


4. checking unconstrained_internal_endpoints (1)
------------------------------------------------
 There is 1 pin that is not constrained for maximum delay. (HIGH)

 There are 0 pins that are not constrained for maximum delay due to constant clock.


5. checking no_input_delay (170)
--------------------------------
 There are 156 input ports with no input delay specified. (HIGH)

 There are 14 input ports with no input delay but user has a false path constraint. (MEDIUM)


6. checking no_output_delay (80)
--------------------------------
 There are 80 ports with no output delay specified. (HIGH)

 There are 0 ports with no output delay but user has a false path constraint

 There are 0 ports with no output delay but with a timing clock defined on it or propagating through it


7. checking multiple_clock (0)
------------------------------
 There are 0 register/latch pins with multiple clocks.


8. checking generated_clocks (0)
--------------------------------
 There are 0 generated clocks that are not connected to a clock source.


9. checking loops (0)
---------------------
 There are 0 combinational loops in the design.


10. checking partial_input_delay (0)
------------------------------------
 There are 0 input ports with partial input delay specified.


11. checking partial_output_delay (0)
-------------------------------------
 There are 0 ports with partial output delay specified.


12. checking latch_loops (0)
----------------------------
 There are 0 combinational latch loops in the design through latch input



------------------------------------------------------------------------------------------------
| Design Timing Summary
| ---------------------
------------------------------------------------------------------------------------------------

    WNS(ns)      TNS(ns)  TNS Failing Endpoints  TNS Total Endpoints      WHS(ns)      THS(ns)  THS Failing Endpoints  THS Total Endpoints     WPWS(ns)     TPWS(ns)  TPWS Failing Endpoints  TPWS Total Endpoints  
    -------      -------  ---------------------  -------------------      -------      -------  ---------------------  -------------------     --------     --------  ----------------------  --------------------  
     -0.254       -2.658                     21                36756        0.038        0.000                      0                36756        5.060        0.000                       0                 16294  


Timing constraints are not met.


------------------------------------------------------------------------------------------------
| Clock Summary
| -------------
------------------------------------------------------------------------------------------------

Clock  Waveform(ns)       Period(ns)      Frequency(MHz)
-----  ------------       ----------      --------------
clk    {0.000 6.310}      12.620          79.239          


------------------------------------------------------------------------------------------------
| Intra Clock Table
| -----------------
------------------------------------------------------------------------------------------------

Clock             WNS(ns)      TNS(ns)  TNS Failing Endpoints  TNS Total Endpoints      WHS(ns)      THS(ns)  THS Failing Endpoints  THS Total Endpoints     WPWS(ns)     TPWS(ns)  TPWS Failing Endpoints  TPWS Total Endpoints  
-----             -------      -------  ---------------------  -------------------      -------      -------  ---------------------  -------------------     --------     --------  ----------------------  --------------------  
clk                -0.254       -2.658                     21                36756        0.038        0.000                      0                36756        5.060        0.000                       0                 16294  


------------------------------------------------------------------------------------------------
| Inter Clock Table
| -----------------
------------------------------------------------------------------------------------------------

From Clock    To Clock          WNS(ns)      TNS(ns)  TNS Failing Endpoints  TNS Total Endpoints      WHS(ns)      THS(ns)  THS Failing Endpoints  THS Total Endpoints  
----------    --------          -------      -------  ---------------------  -------------------      -------      -------  ---------------------  -------------------  


------------------------------------------------------------------------------------------------
| Other Path Groups Table
| -----------------------
------------------------------------------------------------------------------------------------

Path Group    From Clock    To Clock          WNS(ns)      TNS(ns)  TNS Failing Endpoints  TNS Total Endpoints      WHS(ns)      THS(ns)  THS Failing Endpoints  THS Total Endpoints  
----------    ----------    --------          -------      -------  ---------------------  -------------------      -------      -------  ---------------------  -------------------  


------------------------------------------------------------------------------------------------
| Timing Details
| --------------
------------------------------------------------------------------------------------------------


---------------------------------------------------------------------------------------------------
From Clock:  clk
  To Clock:  clk

Setup :           21  Failing Endpoints,  Worst Slack       -0.254ns,  Total Violation       -2.658ns
Hold  :            0  Failing Endpoints,  Worst Slack        0.038ns,  Total Violation        0.000ns
PW    :            0  Failing Endpoints,  Worst Slack        5.060ns,  Total Violation        0.000ns
---------------------------------------------------------------------------------------------------


Max Delay Paths
--------------------------------------------------------------------------------------
Slack (VIOLATED) :        -0.254ns  (required time - arrival time)
  Source:                 hash_tile_md0/DUT_SHA512/HASH_BM/SHA512/w_mem_inst/w_mem_reg[14][27]/C
                            (rising edge-triggered cell FDCE clocked by clk  {rise@0.000ns fall@6.310ns period=12.620ns})
  Destination:            hash_tile_md0/DUT_SHA512/HASH_BM/SHA512/a_reg_reg[61]/D
                            (rising edge-triggered cell FDCE clocked by clk  {rise@0.000ns fall@6.310ns period=12.620ns})
  Path Group:             clk
  Path Type:              Setup (Max at Slow Process Corner)
  Requirement:            12.620ns  (clk rise@12.620ns - clk rise@0.000ns)
  Data Path Delay:        12.821ns  (logic 6.440ns (50.232%)  route 6.381ns (49.768%))
  Logic Levels:           26  (CARRY4=16 LUT3=2 LUT4=1 LUT5=5 LUT6=2)
  Clock Path Skew:        -0.049ns (DCD - SCD + CPR)
    Destination Clock Delay (DCD):    0.924ns = ( 13.544 - 12.620 ) 
    Source Clock Delay      (SCD):    0.973ns
    Clock Pessimism Removal (CPR):    0.000ns
  Clock Uncertainty:      0.035ns  ((TSJ^2 + TIJ^2)^1/2 + DJ) / 2 + PE
    Total System Jitter     (TSJ):    0.071ns
    Total Input Jitter      (TIJ):    0.000ns
    Discrete Jitter          (DJ):    0.000ns
    Phase Error              (PE):    0.000ns

    Location             Delay type                Incr(ns)  Path(ns)    Netlist Resource(s)
  -------------------------------------------------------------------    -------------------
                         (clock clk rise edge)        0.000     0.000 r  
                                                      0.000     0.000 r  clk (IN)
                         net (fo=16293, unset)        0.973     0.973    hash_tile_md0/DUT_SHA512/HASH_BM/SHA512/w_mem_inst/clk
    SLICE_X140Y94        FDCE                                         r  hash_tile_md0/DUT_SHA512/HASH_BM/SHA512/w_mem_inst/w_mem_reg[14][27]/C
  -------------------------------------------------------------------    -------------------
    SLICE_X140Y94        FDCE (Prop_fdce_C_Q)         0.518     1.491 r  hash_tile_md0/DUT_SHA512/HASH_BM/SHA512/w_mem_inst/w_mem_reg[14][27]/Q
                         net (fo=8, routed)           0.641     2.132    hash_tile_md0/DUT_SHA512/HASH_BM/SHA512/w_mem_inst/p_2_in[8]
    SLICE_X140Y93        LUT3 (Prop_lut3_I1_O)        0.124     2.256 r  hash_tile_md0/DUT_SHA512/HASH_BM/SHA512/w_mem_inst/w_mem[15][11]_i_22__0/O
                         net (fo=1, routed)           0.799     3.055    hash_tile_md0/DUT_SHA512/HASH_BM/SHA512/w_mem_inst/w_mem_update_logic.d1__0[8]
    SLICE_X140Y88        LUT5 (Prop_lut5_I4_O)        0.124     3.179 r  hash_tile_md0/DUT_SHA512/HASH_BM/SHA512/w_mem_inst/w_mem[15][11]_i_14__2/O
                         net (fo=2, routed)           0.548     3.726    hash_tile_md0/DUT_SHA512/HASH_BM/SHA512/w_mem_inst/w_mem[15][11]_i_14__2_n_0
    SLICE_X139Y90        LUT3 (Prop_lut3_I2_O)        0.124     3.850 r  hash_tile_md0/DUT_SHA512/HASH_BM/SHA512/w_mem_inst/w_mem[15][11]_i_4__2/O
                         net (fo=2, routed)           0.591     4.441    hash_tile_md0/DUT_SHA512/HASH_BM/SHA512/w_mem_inst/w_mem[15][11]_i_4__2_n_0
    SLICE_X138Y93        LUT4 (Prop_lut4_I3_O)        0.124     4.565 r  hash_tile_md0/DUT_SHA512/HASH_BM/SHA512/w_mem_inst/w_mem[15][11]_i_8__2/O
                         net (fo=1, routed)           0.000     4.565    hash_tile_md0/DUT_SHA512/HASH_BM/SHA512/w_mem_inst/w_mem[15][11]_i_8__2_n_0
    SLICE_X138Y93        CARRY4 (Prop_carry4_S[2]_CO[3])
                                                      0.398     4.963 r  hash_tile_md0/DUT_SHA512/HASH_BM/SHA512/w_mem_inst/w_mem_reg[15][11]_i_2__2/CO[3]
                         net (fo=1, routed)           0.000     4.963    hash_tile_md0/DUT_SHA512/HASH_BM/SHA512/w_mem_inst/w_mem_reg[15][11]_i_2__2_n_0
    SLICE_X138Y94        CARRY4 (Prop_carry4_CI_CO[3])
                                                      0.114     5.077 r  hash_tile_md0/DUT_SHA512/HASH_BM/SHA512/w_mem_inst/w_mem_reg[15][15]_i_2__2/CO[3]
                         net (fo=1, routed)           0.000     5.077    hash_tile_md0/DUT_SHA512/HASH_BM/SHA512/w_mem_inst/w_mem_reg[15][15]_i_2__2_n_0
    SLICE_X138Y95        CARRY4 (Prop_carry4_CI_O[1])
                                                      0.334     5.411 r  hash_tile_md0/DUT_SHA512/HASH_BM/SHA512/w_mem_inst/w_mem_reg[15][19]_i_2__2/O[1]
                         net (fo=2, routed)           0.449     5.860    hash_tile_md0/DUT_SHA512/HASH_BM/SHA512/w_mem_inst/w_new[17]
    SLICE_X135Y95        LUT5 (Prop_lut5_I3_O)        0.303     6.163 r  hash_tile_md0/DUT_SHA512/HASH_BM/SHA512/w_mem_inst/i___68_i_24__0/O
                         net (fo=2, routed)           0.500     6.663    hash_tile_md0/DUT_SHA512/HASH_BM/SHA512/w_mem_inst/w_data[17]
    SLICE_X134Y96        LUT5 (Prop_lut5_I3_O)        0.124     6.787 r  hash_tile_md0/DUT_SHA512/HASH_BM/SHA512/w_mem_inst/i___68_i_16__0/O
                         net (fo=2, routed)           0.536     7.323    hash_tile_md0/DUT_SHA512/HASH_BM/SHA512/w_mem_inst/i___68_i_16__0_n_0
    SLICE_X133Y97        CARRY4 (Prop_carry4_DI[2]_CO[3])
                                                      0.398     7.721 r  hash_tile_md0/DUT_SHA512/HASH_BM/SHA512/w_mem_inst/i___68_i_13__0/CO[3]
                         net (fo=1, routed)           0.000     7.721    hash_tile_md0/DUT_SHA512/HASH_BM/SHA512/w_mem_inst/i___68_i_13__0_n_0
    SLICE_X133Y98        CARRY4 (Prop_carry4_CI_CO[3])
                                                      0.114     7.835 r  hash_tile_md0/DUT_SHA512/HASH_BM/SHA512/w_mem_inst/i___64_i_13__0/CO[3]
                         net (fo=1, routed)           0.000     7.835    hash_tile_md0/DUT_SHA512/HASH_BM/SHA512/w_mem_inst/i___64_i_13__0_n_0
    SLICE_X133Y99        CARRY4 (Prop_carry4_CI_CO[3])
                                                      0.114     7.949 r  hash_tile_md0/DUT_SHA512/HASH_BM/SHA512/w_mem_inst/i___60_i_13__0/CO[3]
                         net (fo=1, routed)           0.001     7.950    hash_tile_md0/DUT_SHA512/HASH_BM/SHA512/w_mem_inst/i___60_i_13__0_n_0
    SLICE_X133Y100       CARRY4 (Prop_carry4_CI_O[1])
                                                      0.334     8.284 r  hash_tile_md0/DUT_SHA512/HASH_BM/SHA512/w_mem_inst/i___56_i_13__0/O[1]
                         net (fo=2, routed)           0.320     8.604    hash_tile_md0/DUT_SHA512/HASH_BM/SHA512/w_mem_inst/i___56_i_13__0_n_6
    SLICE_X131Y100       LUT5 (Prop_lut5_I0_O)        0.303     8.907 r  hash_tile_md0/DUT_SHA512/HASH_BM/SHA512/w_mem_inst/i___60_i_3__0/O
                         net (fo=2, routed)           0.572     9.479    hash_tile_md0/DUT_SHA512/HASH_BM/SHA512/w_mem_inst/i___60_i_3__0_n_0
    SLICE_X129Y100       LUT6 (Prop_lut6_I0_O)        0.124     9.603 r  hash_tile_md0/DUT_SHA512/HASH_BM/SHA512/w_mem_inst/i___60_i_7__0/O
                         net (fo=1, routed)           0.000     9.603    hash_tile_md0/DUT_SHA512/HASH_BM/SHA512/w_mem_inst/i___60_i_7__0_n_0
    SLICE_X129Y100       CARRY4 (Prop_carry4_S[2]_CO[3])
                                                      0.398    10.001 r  hash_tile_md0/DUT_SHA512/HASH_BM/SHA512/w_mem_inst/i___60_i_1__0/CO[3]
                         net (fo=1, routed)           0.000    10.001    hash_tile_md0/DUT_SHA512/HASH_BM/SHA512/w_mem_inst/i___60_i_1__0_n_0
    SLICE_X129Y101       CARRY4 (Prop_carry4_CI_CO[3])
                                                      0.114    10.115 r  hash_tile_md0/DUT_SHA512/HASH_BM/SHA512/w_mem_inst/i___56_i_1__0/CO[3]
                         net (fo=1, routed)           0.000    10.115    hash_tile_md0/DUT_SHA512/HASH_BM/SHA512/w_mem_inst/i___56_i_1__0_n_0
    SLICE_X129Y102       CARRY4 (Prop_carry4_CI_CO[3])
                                                      0.114    10.229 r  hash_tile_md0/DUT_SHA512/HASH_BM/SHA512/w_mem_inst/i___52_i_1__0/CO[3]
                         net (fo=1, routed)           0.000    10.229    hash_tile_md0/DUT_SHA512/HASH_BM/SHA512/w_mem_inst/i___52_i_1__0_n_0
    SLICE_X129Y103       CARRY4 (Prop_carry4_CI_CO[3])
                                                      0.114    10.343 r  hash_tile_md0/DUT_SHA512/HASH_BM/SHA512/w_mem_inst/i___48_i_1__0/CO[3]
                         net (fo=1, routed)           0.000    10.343    hash_tile_md0/DUT_SHA512/HASH_BM/SHA512/w_mem_inst/i___48_i_1__0_n_0
    SLICE_X129Y104       CARRY4 (Prop_carry4_CI_CO[3])
                                                      0.114    10.457 r  hash_tile_md0/DUT_SHA512/HASH_BM/SHA512/w_mem_inst/i___44_i_1__0/CO[3]
                         net (fo=1, routed)           0.000    10.457    hash_tile_md0/DUT_SHA512/HASH_BM/SHA512/w_mem_inst/i___44_i_1__0_n_0
    SLICE_X129Y105       CARRY4 (Prop_carry4_CI_CO[3])
                                                      0.114    10.571 r  hash_tile_md0/DUT_SHA512/HASH_BM/SHA512/w_mem_inst/i___40_i_1__0/CO[3]
                         net (fo=1, routed)           0.000    10.571    hash_tile_md0/DUT_SHA512/HASH_BM/SHA512/w_mem_inst/i___40_i_1__0_n_0
    SLICE_X129Y106       CARRY4 (Prop_carry4_CI_O[3])
                                                      0.313    10.884 r  hash_tile_md0/DUT_SHA512/HASH_BM/SHA512/w_mem_inst/i___36_i_1__0/O[3]
                         net (fo=4, routed)           0.346    11.230    hash_tile_md0/DUT_SHA512/HASH_BM/SHA512/w_mem_inst/e_reg_reg[54][3]
    SLICE_X127Y105       LUT5 (Prop_lut5_I4_O)        0.306    11.536 r  hash_tile_md0/DUT_SHA512/HASH_BM/SHA512/w_mem_inst/a_reg[59]_i_6__0/O
                         net (fo=2, routed)           0.784    12.319    hash_tile_md0/DUT_SHA512/HASH_BM/SHA512/w_mem_inst/a_reg[59]_i_6__0_n_0
    SLICE_X124Y106       CARRY4 (Prop_carry4_DI[0]_CO[3])
                                                      0.550    12.869 r  hash_tile_md0/DUT_SHA512/HASH_BM/SHA512/w_mem_inst/a_reg_reg[59]_i_2__0/CO[3]
                         net (fo=1, routed)           0.000    12.869    hash_tile_md0/DUT_SHA512/HASH_BM/SHA512/w_mem_inst/a_reg_reg[59]_i_2__0_n_0
    SLICE_X124Y107       CARRY4 (Prop_carry4_CI_O[1])
                                                      0.323    13.192 r  hash_tile_md0/DUT_SHA512/HASH_BM/SHA512/w_mem_inst/a_reg_reg[63]_i_2__0/O[1]
                         net (fo=1, routed)           0.295    13.488    hash_tile_md0/DUT_SHA512/HASH_BM/SHA512/w_mem_inst/a_new0[61]
    SLICE_X126Y107       LUT6 (Prop_lut6_I0_O)        0.306    13.794 r  hash_tile_md0/DUT_SHA512/HASH_BM/SHA512/w_mem_inst/a_reg[61]_i_1__0/O
                         net (fo=1, routed)           0.000    13.794    hash_tile_md0/DUT_SHA512/HASH_BM/SHA512/a_new[61]
    SLICE_X126Y107       FDCE                                         r  hash_tile_md0/DUT_SHA512/HASH_BM/SHA512/a_reg_reg[61]/D
  -------------------------------------------------------------------    -------------------

                         (clock clk rise edge)       12.620    12.620 r  
                                                      0.000    12.620 r  clk (IN)
                         net (fo=16293, unset)        0.924    13.544    hash_tile_md0/DUT_SHA512/HASH_BM/SHA512/clk
    SLICE_X126Y107       FDCE                                         r  hash_tile_md0/DUT_SHA512/HASH_BM/SHA512/a_reg_reg[61]/C
                         clock pessimism              0.000    13.544    
                         clock uncertainty           -0.035    13.509    
    SLICE_X126Y107       FDCE (Setup_fdce_C_D)        0.031    13.540    hash_tile_md0/DUT_SHA512/HASH_BM/SHA512/a_reg_reg[61]
  -------------------------------------------------------------------
                         required time                         13.540    
                         arrival time                         -13.794    
  -------------------------------------------------------------------
                         slack                                 -0.254    





Min Delay Paths
--------------------------------------------------------------------------------------
Slack (MET) :             0.038ns  (arrival time - required time)
  Source:                 hash_tile_md0/DUT_SHA512/S_FIFO_INSTANCE/wr_addr_reg[0]/C
                            (rising edge-triggered cell FDRE clocked by clk  {rise@0.000ns fall@6.310ns period=12.620ns})
  Destination:            hash_tile_md0/DUT_SHA512/S_FIFO_INSTANCE/fifo_mem_reg_0_7_54_59/RAMA/WADR0
                            (rising edge-triggered cell RAMD32 clocked by clk  {rise@0.000ns fall@6.310ns period=12.620ns})
  Path Group:             clk
  Path Type:              Hold (Min at Fast Process Corner)
  Requirement:            0.000ns  (clk rise@0.000ns - clk rise@0.000ns)
  Data Path Delay:        0.369ns  (logic 0.141ns (38.165%)  route 0.228ns (61.835%))
  Logic Levels:           0  
  Clock Path Skew:        0.022ns (DCD - SCD - CPR)
    Destination Clock Delay (DCD):    0.432ns
    Source Clock Delay      (SCD):    0.410ns
    Clock Pessimism Removal (CPR):    -0.000ns

    Location             Delay type                Incr(ns)  Path(ns)    Netlist Resource(s)
  -------------------------------------------------------------------    -------------------
                         (clock clk rise edge)        0.000     0.000 r  
                                                      0.000     0.000 r  clk (IN)
                         net (fo=16293, unset)        0.410     0.410    hash_tile_md0/DUT_SHA512/S_FIFO_INSTANCE/clk
    SLICE_X65Y73         FDRE                                         r  hash_tile_md0/DUT_SHA512/S_FIFO_INSTANCE/wr_addr_reg[0]/C
  -------------------------------------------------------------------    -------------------
    SLICE_X65Y73         FDRE (Prop_fdre_C_Q)         0.141     0.551 r  hash_tile_md0/DUT_SHA512/S_FIFO_INSTANCE/wr_addr_reg[0]/Q
                         net (fo=93, routed)          0.228     0.780    hash_tile_md0/DUT_SHA512/S_FIFO_INSTANCE/fifo_mem_reg_0_7_54_59/ADDRD0
    SLICE_X64Y73         RAMD32                                       r  hash_tile_md0/DUT_SHA512/S_FIFO_INSTANCE/fifo_mem_reg_0_7_54_59/RAMA/WADR0
  -------------------------------------------------------------------    -------------------

                         (clock clk rise edge)        0.000     0.000 r  
                                                      0.000     0.000 r  clk (IN)
                         net (fo=16293, unset)        0.432     0.432    hash_tile_md0/DUT_SHA512/S_FIFO_INSTANCE/fifo_mem_reg_0_7_54_59/WCLK
    SLICE_X64Y73         RAMD32                                       r  hash_tile_md0/DUT_SHA512/S_FIFO_INSTANCE/fifo_mem_reg_0_7_54_59/RAMA/CLK
                         clock pessimism              0.000     0.432    
    SLICE_X64Y73         RAMD32 (Hold_ramd32_CLK_WADR0)
                                                      0.310     0.742    hash_tile_md0/DUT_SHA512/S_FIFO_INSTANCE/fifo_mem_reg_0_7_54_59/RAMA
  -------------------------------------------------------------------
                         required time                         -0.742    
                         arrival time                           0.780    
  -------------------------------------------------------------------
                         slack                                  0.038    





Pulse Width Checks
--------------------------------------------------------------------------------------
Clock Name:         clk
Waveform(ns):       { 0.000 6.310 }
Period(ns):         12.620
Sources:            { clk }

Check Type        Corner  Lib Pin             Reference Pin  Required(ns)  Actual(ns)  Slack(ns)  Location       Pin
Min Period        n/a     RAMB36E1/CLKARDCLK  n/a            2.944         12.620      9.676      RAMB36_X6Y13   hash_tile_md0/DUT_SHA256/BIG_MEM/mem_reg/CLKARDCLK
Low Pulse Width   Slow    RAMD32/CLK          n/a            1.250         6.310       5.060      SLICE_X108Y70  hash_tile_md0/DUT_SHA256/B_FIFO_INSTANCE/fifo_mem_reg_0_7_0_5/RAMA/CLK
High Pulse Width  Slow    RAMD32/CLK          n/a            1.250         6.310       5.060      SLICE_X108Y70  hash_tile_md0/DUT_SHA256/B_FIFO_INSTANCE/fifo_mem_reg_0_7_0_5/RAMA/CLK



