Copyright 1986-2022 Xilinx, Inc. All Rights Reserved. Copyright 2022-2025 Advanced Micro Devices, Inc. All Rights Reserved.
---------------------------------------------------------------------------------------------------------------------------------------------
| Tool Version : Vivado v.2025.2 (lin64) Build 6299465 Fri Nov 14 12:34:56 MST 2025
| Date         : Sat Aug 29 20:45:46 2026
| Host         : MSI running 64-bit Ubuntu 26.04 LTS
| Command      : report_timing_summary -file /tmp/fsrch_slh_192s_optimized_11.12.rpt
| Design       : top
| Device       : 7a200t-fbg676
| Speed File   : -1  PRODUCTION 1.23 2018-06-13
| Design State : Routed
---------------------------------------------------------------------------------------------------------------------------------------------

Timing Summary Report

------------------------------------------------------------------------------------------------
| Timer Settings
| --------------
------------------------------------------------------------------------------------------------

  Enable Multi Corner Analysis               :  Yes
  Enable Pessimism Removal                   :  Yes
  Pessimism Removal Resolution               :  Nearest Common Node
  Enable Input Delay Default Clock           :  No
  Enable Preset / Clear Arcs                 :  No
  Disable Flight Delays                      :  No
  Ignore I/O Paths                           :  No
  Timing Early Launch at Borrowing Latches   :  No
  Borrow Time for Max Delay Exceptions       :  Yes
  Merge Timing Exceptions                    :  Yes
  Inter-SLR Compensation                     :  Conservative

  Corner  Analyze    Analyze    
  Name    Max Paths  Min Paths  
  ------  ---------  ---------  
  Slow    Yes        Yes        
  Fast    Yes        Yes        


------------------------------------------------------------------------------------------------
| Report Methodology
| ------------------
------------------------------------------------------------------------------------------------

No report available as report_methodology has not been run prior. Run report_methodology on the current design for the summary of methodology violations.



check_timing report

Table of Contents
-----------------
1. checking no_clock (4)
2. checking constant_clock (0)
3. checking pulse_width_clock (0)
4. checking unconstrained_internal_endpoints (1)
5. checking no_input_delay (170)
6. checking no_output_delay (80)
7. checking multiple_clock (0)
8. checking generated_clocks (0)
9. checking loops (0)
10. checking partial_input_delay (0)
11. checking partial_output_delay (0)
12. checking latch_loops (0)

1. checking no_clock (4)
------------------------
 There is 1 register/latch pin with no clock driven by root clock pin: wots_xmss_fsm_md0/md0/XMSS_start_reg/Q (HIGH)

 There is 1 register/latch pin with no clock driven by root clock pin: wots_xmss_fsm_md0/md0/cnt_reg[1]/Q (HIGH)

 There is 1 register/latch pin with no clock driven by root clock pin: wots_xmss_fsm_md0/md0/cnt_reg[2]/Q (HIGH)

 There is 1 register/latch pin with no clock driven by root clock pin: wots_xmss_fsm_md0/md0/cnt_reg[3]/Q (HIGH)


2. checking constant_clock (0)
------------------------------
 There are 0 register/latch pins with constant_clock.


3. checking pulse_width_clock (0)
---------------------------------
 There are 0 register/latch pins which need pulse_width check


4. checking unconstrained_internal_endpoints (1)
------------------------------------------------
 There is 1 pin that is not constrained for maximum delay. (HIGH)

 There are 0 pins that are not constrained for maximum delay due to constant clock.


5. checking no_input_delay (170)
--------------------------------
 There are 156 input ports with no input delay specified. (HIGH)

 There are 14 input ports with no input delay but user has a false path constraint. (MEDIUM)


6. checking no_output_delay (80)
--------------------------------
 There are 80 ports with no output delay specified. (HIGH)

 There are 0 ports with no output delay but user has a false path constraint

 There are 0 ports with no output delay but with a timing clock defined on it or propagating through it


7. checking multiple_clock (0)
------------------------------
 There are 0 register/latch pins with multiple clocks.


8. checking generated_clocks (0)
--------------------------------
 There are 0 generated clocks that are not connected to a clock source.


9. checking loops (0)
---------------------
 There are 0 combinational loops in the design.


10. checking partial_input_delay (0)
------------------------------------
 There are 0 input ports with partial input delay specified.


11. checking partial_output_delay (0)
-------------------------------------
 There are 0 ports with partial output delay specified.


12. checking latch_loops (0)
----------------------------
 There are 0 combinational latch loops in the design through latch input



------------------------------------------------------------------------------------------------
| Design Timing Summary
| ---------------------
------------------------------------------------------------------------------------------------

    WNS(ns)      TNS(ns)  TNS Failing Endpoints  TNS Total Endpoints      WHS(ns)      THS(ns)  THS Failing Endpoints  THS Total Endpoints     WPWS(ns)     TPWS(ns)  TPWS Failing Endpoints  TPWS Total Endpoints  
    -------      -------  ---------------------  -------------------      -------      -------  ---------------------  -------------------     --------     --------  ----------------------  --------------------  
      0.218        0.000                      0                36837        0.056        0.000                      0                36837        4.310        0.000                       0                 16331  


All user specified timing constraints are met.


------------------------------------------------------------------------------------------------
| Clock Summary
| -------------
------------------------------------------------------------------------------------------------

Clock  Waveform(ns)       Period(ns)      Frequency(MHz)
-----  ------------       ----------      --------------
clk    {0.000 5.560}      11.120          89.928          


------------------------------------------------------------------------------------------------
| Intra Clock Table
| -----------------
------------------------------------------------------------------------------------------------

Clock             WNS(ns)      TNS(ns)  TNS Failing Endpoints  TNS Total Endpoints      WHS(ns)      THS(ns)  THS Failing Endpoints  THS Total Endpoints     WPWS(ns)     TPWS(ns)  TPWS Failing Endpoints  TPWS Total Endpoints  
-----             -------      -------  ---------------------  -------------------      -------      -------  ---------------------  -------------------     --------     --------  ----------------------  --------------------  
clk                 0.218        0.000                      0                36837        0.056        0.000                      0                36837        4.310        0.000                       0                 16331  


------------------------------------------------------------------------------------------------
| Inter Clock Table
| -----------------
------------------------------------------------------------------------------------------------

From Clock    To Clock          WNS(ns)      TNS(ns)  TNS Failing Endpoints  TNS Total Endpoints      WHS(ns)      THS(ns)  THS Failing Endpoints  THS Total Endpoints  
----------    --------          -------      -------  ---------------------  -------------------      -------      -------  ---------------------  -------------------  


------------------------------------------------------------------------------------------------
| Other Path Groups Table
| -----------------------
------------------------------------------------------------------------------------------------

Path Group    From Clock    To Clock          WNS(ns)      TNS(ns)  TNS Failing Endpoints  TNS Total Endpoints      WHS(ns)      THS(ns)  THS Failing Endpoints  THS Total Endpoints  
----------    ----------    --------          -------      -------  ---------------------  -------------------      -------      -------  ---------------------  -------------------  


------------------------------------------------------------------------------------------------
| Timing Details
| --------------
------------------------------------------------------------------------------------------------


---------------------------------------------------------------------------------------------------
From Clock:  clk
  To Clock:  clk

Setup :            0  Failing Endpoints,  Worst Slack        0.218ns,  Total Violation        0.000ns
Hold  :            0  Failing Endpoints,  Worst Slack        0.056ns,  Total Violation        0.000ns
PW    :            0  Failing Endpoints,  Worst Slack        4.310ns,  Total Violation        0.000ns
---------------------------------------------------------------------------------------------------


Max Delay Paths
--------------------------------------------------------------------------------------
Slack (MET) :             0.218ns  (required time - arrival time)
  Source:                 hash_tile_md0/DUT_SHA512/HASH_BM/SHA512/w_mem_inst/w_mem_reg[14][23]/C
                            (rising edge-triggered cell FDCE clocked by clk  {rise@0.000ns fall@5.560ns period=11.120ns})
  Destination:            hash_tile_md0/DUT_SHA512/HASH_BM/SHA512/a_reg_reg[60]/D
                            (rising edge-triggered cell FDCE clocked by clk  {rise@0.000ns fall@5.560ns period=11.120ns})
  Path Group:             clk
  Path Type:              Setup (Max at Slow Process Corner)
  Requirement:            11.120ns  (clk rise@11.120ns - clk rise@0.000ns)
  Data Path Delay:        10.899ns  (logic 5.503ns (50.489%)  route 5.396ns (49.511%))
  Logic Levels:           26  (CARRY4=17 LUT3=2 LUT4=1 LUT5=3 LUT6=3)
  Clock Path Skew:        -0.049ns (DCD - SCD + CPR)
    Destination Clock Delay (DCD):    0.924ns = ( 12.044 - 11.120 ) 
    Source Clock Delay      (SCD):    0.973ns
    Clock Pessimism Removal (CPR):    0.000ns
  Clock Uncertainty:      0.035ns  ((TSJ^2 + TIJ^2)^1/2 + DJ) / 2 + PE
    Total System Jitter     (TSJ):    0.071ns
    Total Input Jitter      (TIJ):    0.000ns
    Discrete Jitter          (DJ):    0.000ns
    Phase Error              (PE):    0.000ns

    Location             Delay type                Incr(ns)  Path(ns)    Netlist Resource(s)
  -------------------------------------------------------------------    -------------------
                         (clock clk rise edge)        0.000     0.000 r  
                                                      0.000     0.000 r  clk (IN)
                         net (fo=16330, unset)        0.973     0.973    hash_tile_md0/DUT_SHA512/HASH_BM/SHA512/w_mem_inst/clk
    SLICE_X83Y102        FDCE                                         r  hash_tile_md0/DUT_SHA512/HASH_BM/SHA512/w_mem_inst/w_mem_reg[14][23]/C
  -------------------------------------------------------------------    -------------------
    SLICE_X83Y102        FDCE (Prop_fdce_C_Q)         0.456     1.429 r  hash_tile_md0/DUT_SHA512/HASH_BM/SHA512/w_mem_inst/w_mem_reg[14][23]/Q
                         net (fo=8, routed)           0.727     2.156    hash_tile_md0/DUT_SHA512/HASH_BM/SHA512/w_mem_inst/p_2_in[4]
    SLICE_X83Y99         LUT3 (Prop_lut3_I1_O)        0.124     2.280 r  hash_tile_md0/DUT_SHA512/HASH_BM/SHA512/w_mem_inst/w_mem[15][7]_i_22__0/O
                         net (fo=1, routed)           0.461     2.741    hash_tile_md0/DUT_SHA512/HASH_BM/SHA512/w_mem_inst/w_mem_update_logic.d1__0[4]
    SLICE_X81Y102        LUT5 (Prop_lut5_I4_O)        0.124     2.865 r  hash_tile_md0/DUT_SHA512/HASH_BM/SHA512/w_mem_inst/w_mem[15][7]_i_14__2/O
                         net (fo=2, routed)           0.615     3.480    hash_tile_md0/DUT_SHA512/HASH_BM/SHA512/w_mem_inst/w_mem[15][7]_i_14__2_n_0
    SLICE_X82Y103        LUT3 (Prop_lut3_I2_O)        0.124     3.604 r  hash_tile_md0/DUT_SHA512/HASH_BM/SHA512/w_mem_inst/w_mem[15][7]_i_4__2/O
                         net (fo=2, routed)           0.709     4.313    hash_tile_md0/DUT_SHA512/HASH_BM/SHA512/w_mem_inst/w_mem[15][7]_i_4__2_n_0
    SLICE_X83Y105        LUT4 (Prop_lut4_I3_O)        0.124     4.437 r  hash_tile_md0/DUT_SHA512/HASH_BM/SHA512/w_mem_inst/w_mem[15][7]_i_8__2/O
                         net (fo=1, routed)           0.000     4.437    hash_tile_md0/DUT_SHA512/HASH_BM/SHA512/w_mem_inst/w_mem[15][7]_i_8__2_n_0
    SLICE_X83Y105        CARRY4 (Prop_carry4_S[2]_CO[3])
                                                      0.398     4.835 r  hash_tile_md0/DUT_SHA512/HASH_BM/SHA512/w_mem_inst/w_mem_reg[15][7]_i_2__2/CO[3]
                         net (fo=1, routed)           0.000     4.835    hash_tile_md0/DUT_SHA512/HASH_BM/SHA512/w_mem_inst/w_mem_reg[15][7]_i_2__2_n_0
    SLICE_X83Y106        CARRY4 (Prop_carry4_CI_CO[3])
                                                      0.114     4.949 r  hash_tile_md0/DUT_SHA512/HASH_BM/SHA512/w_mem_inst/w_mem_reg[15][11]_i_2__2/CO[3]
                         net (fo=1, routed)           0.000     4.949    hash_tile_md0/DUT_SHA512/HASH_BM/SHA512/w_mem_inst/w_mem_reg[15][11]_i_2__2_n_0
    SLICE_X83Y107        CARRY4 (Prop_carry4_CI_CO[3])
                                                      0.114     5.063 r  hash_tile_md0/DUT_SHA512/HASH_BM/SHA512/w_mem_inst/w_mem_reg[15][15]_i_2__2/CO[3]
                         net (fo=1, routed)           0.000     5.063    hash_tile_md0/DUT_SHA512/HASH_BM/SHA512/w_mem_inst/w_mem_reg[15][15]_i_2__2_n_0
    SLICE_X83Y108        CARRY4 (Prop_carry4_CI_CO[3])
                                                      0.114     5.177 r  hash_tile_md0/DUT_SHA512/HASH_BM/SHA512/w_mem_inst/w_mem_reg[15][19]_i_2__2/CO[3]
                         net (fo=1, routed)           0.000     5.177    hash_tile_md0/DUT_SHA512/HASH_BM/SHA512/w_mem_inst/w_mem_reg[15][19]_i_2__2_n_0
    SLICE_X83Y109        CARRY4 (Prop_carry4_CI_CO[3])
                                                      0.114     5.291 r  hash_tile_md0/DUT_SHA512/HASH_BM/SHA512/w_mem_inst/w_mem_reg[15][23]_i_2__2/CO[3]
                         net (fo=1, routed)           0.000     5.291    hash_tile_md0/DUT_SHA512/HASH_BM/SHA512/w_mem_inst/w_mem_reg[15][23]_i_2__2_n_0
    SLICE_X83Y110        CARRY4 (Prop_carry4_CI_CO[3])
                                                      0.114     5.405 r  hash_tile_md0/DUT_SHA512/HASH_BM/SHA512/w_mem_inst/w_mem_reg[15][27]_i_2__2/CO[3]
                         net (fo=1, routed)           0.000     5.405    hash_tile_md0/DUT_SHA512/HASH_BM/SHA512/w_mem_inst/w_mem_reg[15][27]_i_2__2_n_0
    SLICE_X83Y111        CARRY4 (Prop_carry4_CI_CO[3])
                                                      0.114     5.519 r  hash_tile_md0/DUT_SHA512/HASH_BM/SHA512/w_mem_inst/w_mem_reg[15][31]_i_2__2/CO[3]
                         net (fo=1, routed)           0.000     5.519    hash_tile_md0/DUT_SHA512/HASH_BM/SHA512/w_mem_inst/w_mem_reg[15][31]_i_2__2_n_0
    SLICE_X83Y112        CARRY4 (Prop_carry4_CI_O[0])
                                                      0.222     5.741 r  hash_tile_md0/DUT_SHA512/HASH_BM/SHA512/w_mem_inst/w_mem_reg[15][35]_i_2__0/O[0]
                         net (fo=3, routed)           0.525     6.265    hash_tile_md0/DUT_SHA512/HASH_BM/SHA512/w_mem_inst/w_new[32]
    SLICE_X82Y110        LUT5 (Prop_lut5_I3_O)        0.299     6.564 r  hash_tile_md0/DUT_SHA512/HASH_BM/SHA512/w_mem_inst/i___35_i_30__0/O
                         net (fo=1, routed)           1.003     7.568    hash_tile_md0/DUT_SHA512/HASH_BM/SHA512/w_mem_inst/w_data[32]
    SLICE_X70Y110        LUT6 (Prop_lut6_I2_O)        0.124     7.692 r  hash_tile_md0/DUT_SHA512/HASH_BM/SHA512/w_mem_inst/i___35_i_8__0/O
                         net (fo=1, routed)           0.000     7.692    hash_tile_md0/DUT_SHA512/HASH_BM/SHA512/w_mem_inst/i___35_i_8__0_n_0
    SLICE_X70Y110        CARRY4 (Prop_carry4_S[1]_CO[3])
                                                      0.533     8.225 r  hash_tile_md0/DUT_SHA512/HASH_BM/SHA512/w_mem_inst/i___35_i_1__0/CO[3]
                         net (fo=1, routed)           0.000     8.225    hash_tile_md0/DUT_SHA512/HASH_BM/SHA512/w_mem_inst/i___35_i_1__0_n_0
    SLICE_X70Y111        CARRY4 (Prop_carry4_CI_CO[3])
                                                      0.117     8.342 r  hash_tile_md0/DUT_SHA512/HASH_BM/SHA512/w_mem_inst/i___39_i_1__0/CO[3]
                         net (fo=1, routed)           0.000     8.342    hash_tile_md0/DUT_SHA512/HASH_BM/SHA512/w_mem_inst/i___39_i_1__0_n_0
    SLICE_X70Y112        CARRY4 (Prop_carry4_CI_CO[3])
                                                      0.117     8.459 r  hash_tile_md0/DUT_SHA512/HASH_BM/SHA512/w_mem_inst/i___43_i_1__0/CO[3]
                         net (fo=1, routed)           0.000     8.459    hash_tile_md0/DUT_SHA512/HASH_BM/SHA512/w_mem_inst/i___43_i_1__0_n_0
    SLICE_X70Y113        CARRY4 (Prop_carry4_CI_CO[3])
                                                      0.117     8.576 r  hash_tile_md0/DUT_SHA512/HASH_BM/SHA512/w_mem_inst/i___47_i_1__0/CO[3]
                         net (fo=1, routed)           0.000     8.576    hash_tile_md0/DUT_SHA512/HASH_BM/SHA512/w_mem_inst/i___47_i_1__0_n_0
    SLICE_X70Y114        CARRY4 (Prop_carry4_CI_CO[3])
                                                      0.117     8.693 r  hash_tile_md0/DUT_SHA512/HASH_BM/SHA512/w_mem_inst/i___51_i_1__0/CO[3]
                         net (fo=1, routed)           0.000     8.693    hash_tile_md0/DUT_SHA512/HASH_BM/SHA512/w_mem_inst/i___51_i_1__0_n_0
    SLICE_X70Y115        CARRY4 (Prop_carry4_CI_O[0])
                                                      0.219     8.912 r  hash_tile_md0/DUT_SHA512/HASH_BM/SHA512/w_mem_inst/i___55_i_1__0/O[0]
                         net (fo=4, routed)           0.487     9.399    hash_tile_md0/DUT_SHA512/HASH_BM/SHA512/w_mem_inst/i___55_i_9__0_0[0]
    SLICE_X68Y113        LUT5 (Prop_lut5_I4_O)        0.295     9.694 r  hash_tile_md0/DUT_SHA512/HASH_BM/SHA512/w_mem_inst/a_reg[55]_i_6__0/O
                         net (fo=2, routed)           0.422    10.116    hash_tile_md0/DUT_SHA512/HASH_BM/SHA512/w_mem_inst/a_reg[55]_i_6__0_n_0
    SLICE_X69Y111        LUT6 (Prop_lut6_I0_O)        0.124    10.240 r  hash_tile_md0/DUT_SHA512/HASH_BM/SHA512/w_mem_inst/a_reg[55]_i_10__0/O
                         net (fo=1, routed)           0.000    10.240    hash_tile_md0/DUT_SHA512/HASH_BM/SHA512/w_mem_inst/a_reg[55]_i_10__0_n_0
    SLICE_X69Y111        CARRY4 (Prop_carry4_S[1]_CO[3])
                                                      0.550    10.790 r  hash_tile_md0/DUT_SHA512/HASH_BM/SHA512/w_mem_inst/a_reg_reg[55]_i_2__0/CO[3]
                         net (fo=1, routed)           0.000    10.790    hash_tile_md0/DUT_SHA512/HASH_BM/SHA512/w_mem_inst/a_reg_reg[55]_i_2__0_n_0
    SLICE_X69Y112        CARRY4 (Prop_carry4_CI_CO[3])
                                                      0.114    10.904 r  hash_tile_md0/DUT_SHA512/HASH_BM/SHA512/w_mem_inst/a_reg_reg[59]_i_2__0/CO[3]
                         net (fo=1, routed)           0.000    10.904    hash_tile_md0/DUT_SHA512/HASH_BM/SHA512/w_mem_inst/a_reg_reg[59]_i_2__0_n_0
    SLICE_X69Y113        CARRY4 (Prop_carry4_CI_O[0])
                                                      0.222    11.126 r  hash_tile_md0/DUT_SHA512/HASH_BM/SHA512/w_mem_inst/a_reg_reg[63]_i_2__0/O[0]
                         net (fo=1, routed)           0.448    11.573    hash_tile_md0/DUT_SHA512/HASH_BM/SHA512/w_mem_inst/a_new0[60]
    SLICE_X68Y115        LUT6 (Prop_lut6_I5_O)        0.299    11.872 r  hash_tile_md0/DUT_SHA512/HASH_BM/SHA512/w_mem_inst/a_reg[60]_i_1__0/O
                         net (fo=1, routed)           0.000    11.872    hash_tile_md0/DUT_SHA512/HASH_BM/SHA512/a_new[60]
    SLICE_X68Y115        FDCE                                         r  hash_tile_md0/DUT_SHA512/HASH_BM/SHA512/a_reg_reg[60]/D
  -------------------------------------------------------------------    -------------------

                         (clock clk rise edge)       11.120    11.120 r  
                                                      0.000    11.120 r  clk (IN)
                         net (fo=16330, unset)        0.924    12.044    hash_tile_md0/DUT_SHA512/HASH_BM/SHA512/clk
    SLICE_X68Y115        FDCE                                         r  hash_tile_md0/DUT_SHA512/HASH_BM/SHA512/a_reg_reg[60]/C
                         clock pessimism              0.000    12.044    
                         clock uncertainty           -0.035    12.009    
    SLICE_X68Y115        FDCE (Setup_fdce_C_D)        0.081    12.090    hash_tile_md0/DUT_SHA512/HASH_BM/SHA512/a_reg_reg[60]
  -------------------------------------------------------------------
                         required time                         12.090    
                         arrival time                         -11.872    
  -------------------------------------------------------------------
                         slack                                  0.218    





Min Delay Paths
--------------------------------------------------------------------------------------
Slack (MET) :             0.056ns  (arrival time - required time)
  Source:                 cl_md0/w_mem_in1_reg[2]/C
                            (rising edge-triggered cell FDCE clocked by clk  {rise@0.000ns fall@5.560ns period=11.120ns})
  Destination:            W_MEM/mem_reg/DIADI[2]
                            (rising edge-triggered cell RAMB18E1 clocked by clk  {rise@0.000ns fall@5.560ns period=11.120ns})
  Path Group:             clk
  Path Type:              Hold (Min at Fast Process Corner)
  Requirement:            0.000ns  (clk rise@0.000ns - clk rise@0.000ns)
  Data Path Delay:        0.321ns  (logic 0.148ns (46.094%)  route 0.173ns (53.906%))
  Logic Levels:           0  
  Clock Path Skew:        0.022ns (DCD - SCD - CPR)
    Destination Clock Delay (DCD):    0.432ns
    Source Clock Delay      (SCD):    0.410ns
    Clock Pessimism Removal (CPR):    -0.000ns

    Location             Delay type                Incr(ns)  Path(ns)    Netlist Resource(s)
  -------------------------------------------------------------------    -------------------
                         (clock clk rise edge)        0.000     0.000 r  
                                                      0.000     0.000 r  clk (IN)
                         net (fo=16330, unset)        0.410     0.410    cl_md0/clk
    SLICE_X44Y39         FDCE                                         r  cl_md0/w_mem_in1_reg[2]/C
  -------------------------------------------------------------------    -------------------
    SLICE_X44Y39         FDCE (Prop_fdce_C_Q)         0.148     0.558 r  cl_md0/w_mem_in1_reg[2]/Q
                         net (fo=1, routed)           0.173     0.731    W_MEM/Q[2]
    RAMB18_X2Y16         RAMB18E1                                     r  W_MEM/mem_reg/DIADI[2]
  -------------------------------------------------------------------    -------------------

                         (clock clk rise edge)        0.000     0.000 r  
                                                      0.000     0.000 r  clk (IN)
                         net (fo=16330, unset)        0.432     0.432    W_MEM/clk
    RAMB18_X2Y16         RAMB18E1                                     r  W_MEM/mem_reg/CLKARDCLK
                         clock pessimism              0.000     0.432    
    RAMB18_X2Y16         RAMB18E1 (Hold_ramb18e1_CLKARDCLK_DIADI[2])
                                                      0.243     0.675    W_MEM/mem_reg
  -------------------------------------------------------------------
                         required time                         -0.675    
                         arrival time                           0.731    
  -------------------------------------------------------------------
                         slack                                  0.056    





Pulse Width Checks
--------------------------------------------------------------------------------------
Clock Name:         clk
Waveform(ns):       { 0.000 5.560 }
Period(ns):         11.120
Sources:            { clk }

Check Type        Corner  Lib Pin             Reference Pin  Required(ns)  Actual(ns)  Slack(ns)  Location      Pin
Min Period        n/a     RAMB36E1/CLKARDCLK  n/a            2.944         11.120      8.176      RAMB36_X4Y15  hash_tile_md0/DUT_SHA256/BIG_MEM/mem_reg/CLKARDCLK
Low Pulse Width   Slow    RAMD32/CLK          n/a            1.250         5.560       4.310      SLICE_X80Y75  hash_tile_md0/DUT_SHA256/B_FIFO_INSTANCE/fifo_mem_reg_0_7_0_5/RAMA/CLK
High Pulse Width  Slow    RAMD32/CLK          n/a            1.250         5.560       4.310      SLICE_X80Y75  hash_tile_md0/DUT_SHA256/B_FIFO_INSTANCE/fifo_mem_reg_0_7_0_5/RAMA/CLK



