Copyright 1986-2022 Xilinx, Inc. All Rights Reserved. Copyright 2022-2025 Advanced Micro Devices, Inc. All Rights Reserved.
---------------------------------------------------------------------------------------------------------------------------------------------
| Tool Version : Vivado v.2025.2 (lin64) Build 6299465 Fri Nov 14 12:34:56 MST 2025
| Date         : Sat Aug 29 13:38:34 2026
| Host         : MSI running 64-bit Ubuntu 26.04 LTS
| Command      : report_timing_summary -file /tmp/fsrch_slh_128s_baseline_11.5.rpt
| Design       : top
| Device       : 7a200t-fbg676
| Speed File   : -1  PRODUCTION 1.23 2018-06-13
| Design State : Routed
---------------------------------------------------------------------------------------------------------------------------------------------

Timing Summary Report

------------------------------------------------------------------------------------------------
| Timer Settings
| --------------
------------------------------------------------------------------------------------------------

  Enable Multi Corner Analysis               :  Yes
  Enable Pessimism Removal                   :  Yes
  Pessimism Removal Resolution               :  Nearest Common Node
  Enable Input Delay Default Clock           :  No
  Enable Preset / Clear Arcs                 :  No
  Disable Flight Delays                      :  No
  Ignore I/O Paths                           :  No
  Timing Early Launch at Borrowing Latches   :  No
  Borrow Time for Max Delay Exceptions       :  Yes
  Merge Timing Exceptions                    :  Yes
  Inter-SLR Compensation                     :  Conservative

  Corner  Analyze    Analyze    
  Name    Max Paths  Min Paths  
  ------  ---------  ---------  
  Slow    Yes        Yes        
  Fast    Yes        Yes        


------------------------------------------------------------------------------------------------
| Report Methodology
| ------------------
------------------------------------------------------------------------------------------------

No report available as report_methodology has not been run prior. Run report_methodology on the current design for the summary of methodology violations.



check_timing report

Table of Contents
-----------------
1. checking no_clock (4)
2. checking constant_clock (0)
3. checking pulse_width_clock (0)
4. checking unconstrained_internal_endpoints (1)
5. checking no_input_delay (170)
6. checking no_output_delay (80)
7. checking multiple_clock (0)
8. checking generated_clocks (0)
9. checking loops (0)
10. checking partial_input_delay (0)
11. checking partial_output_delay (0)
12. checking latch_loops (0)

1. checking no_clock (4)
------------------------
 There is 1 register/latch pin with no clock driven by root clock pin: wots_xmss_fsm_md0/md0/XMSS_start_reg/Q (HIGH)

 There is 1 register/latch pin with no clock driven by root clock pin: wots_xmss_fsm_md0/md0/cnt_reg[1]/Q (HIGH)

 There is 1 register/latch pin with no clock driven by root clock pin: wots_xmss_fsm_md0/md0/cnt_reg[2]/Q (HIGH)

 There is 1 register/latch pin with no clock driven by root clock pin: wots_xmss_fsm_md0/md0/cnt_reg[3]/Q (HIGH)


2. checking constant_clock (0)
------------------------------
 There are 0 register/latch pins with constant_clock.


3. checking pulse_width_clock (0)
---------------------------------
 There are 0 register/latch pins which need pulse_width check


4. checking unconstrained_internal_endpoints (1)
------------------------------------------------
 There is 1 pin that is not constrained for maximum delay. (HIGH)

 There are 0 pins that are not constrained for maximum delay due to constant clock.


5. checking no_input_delay (170)
--------------------------------
 There are 156 input ports with no input delay specified. (HIGH)

 There are 14 input ports with no input delay but user has a false path constraint. (MEDIUM)


6. checking no_output_delay (80)
--------------------------------
 There are 80 ports with no output delay specified. (HIGH)

 There are 0 ports with no output delay but user has a false path constraint

 There are 0 ports with no output delay but with a timing clock defined on it or propagating through it


7. checking multiple_clock (0)
------------------------------
 There are 0 register/latch pins with multiple clocks.


8. checking generated_clocks (0)
--------------------------------
 There are 0 generated clocks that are not connected to a clock source.


9. checking loops (0)
---------------------
 There are 0 combinational loops in the design.


10. checking partial_input_delay (0)
------------------------------------
 There are 0 input ports with partial input delay specified.


11. checking partial_output_delay (0)
-------------------------------------
 There are 0 ports with partial output delay specified.


12. checking latch_loops (0)
----------------------------
 There are 0 combinational latch loops in the design through latch input



------------------------------------------------------------------------------------------------
| Design Timing Summary
| ---------------------
------------------------------------------------------------------------------------------------

    WNS(ns)      TNS(ns)  TNS Failing Endpoints  TNS Total Endpoints      WHS(ns)      THS(ns)  THS Failing Endpoints  THS Total Endpoints     WPWS(ns)     TPWS(ns)  TPWS Failing Endpoints  TPWS Total Endpoints  
    -------      -------  ---------------------  -------------------      -------      -------  ---------------------  -------------------     --------     --------  ----------------------  --------------------  
     -0.044       -0.087                      3                15436        0.032        0.000                      0                15436        4.500        0.000                       0                  7014  


Timing constraints are not met.


------------------------------------------------------------------------------------------------
| Clock Summary
| -------------
------------------------------------------------------------------------------------------------

Clock  Waveform(ns)       Period(ns)      Frequency(MHz)
-----  ------------       ----------      --------------
clk    {0.000 5.750}      11.500          86.957          


------------------------------------------------------------------------------------------------
| Intra Clock Table
| -----------------
------------------------------------------------------------------------------------------------

Clock             WNS(ns)      TNS(ns)  TNS Failing Endpoints  TNS Total Endpoints      WHS(ns)      THS(ns)  THS Failing Endpoints  THS Total Endpoints     WPWS(ns)     TPWS(ns)  TPWS Failing Endpoints  TPWS Total Endpoints  
-----             -------      -------  ---------------------  -------------------      -------      -------  ---------------------  -------------------     --------     --------  ----------------------  --------------------  
clk                -0.044       -0.087                      3                15436        0.032        0.000                      0                15436        4.500        0.000                       0                  7014  


------------------------------------------------------------------------------------------------
| Inter Clock Table
| -----------------
------------------------------------------------------------------------------------------------

From Clock    To Clock          WNS(ns)      TNS(ns)  TNS Failing Endpoints  TNS Total Endpoints      WHS(ns)      THS(ns)  THS Failing Endpoints  THS Total Endpoints  
----------    --------          -------      -------  ---------------------  -------------------      -------      -------  ---------------------  -------------------  


------------------------------------------------------------------------------------------------
| Other Path Groups Table
| -----------------------
------------------------------------------------------------------------------------------------

Path Group    From Clock    To Clock          WNS(ns)      TNS(ns)  TNS Failing Endpoints  TNS Total Endpoints      WHS(ns)      THS(ns)  THS Failing Endpoints  THS Total Endpoints  
----------    ----------    --------          -------      -------  ---------------------  -------------------      -------      -------  ---------------------  -------------------  


------------------------------------------------------------------------------------------------
| Timing Details
| --------------
------------------------------------------------------------------------------------------------


---------------------------------------------------------------------------------------------------
From Clock:  clk
  To Clock:  clk

Setup :            3  Failing Endpoints,  Worst Slack       -0.044ns,  Total Violation       -0.087ns
Hold  :            0  Failing Endpoints,  Worst Slack        0.032ns,  Total Violation        0.000ns
PW    :            0  Failing Endpoints,  Worst Slack        4.500ns,  Total Violation        0.000ns
---------------------------------------------------------------------------------------------------


Max Delay Paths
--------------------------------------------------------------------------------------
Slack (VIOLATED) :        -0.044ns  (required time - arrival time)
  Source:                 hash_tile_md0/HASH_BM/SHA256/w_mem_inst/w_mem_reg[9][2]/C
                            (rising edge-triggered cell FDCE clocked by clk  {rise@0.000ns fall@5.750ns period=11.500ns})
  Destination:            hash_tile_md0/HASH_BM/SHA256/a_reg_reg[29]/D
                            (rising edge-triggered cell FDCE clocked by clk  {rise@0.000ns fall@5.750ns period=11.500ns})
  Path Group:             clk
  Path Type:              Setup (Max at Slow Process Corner)
  Requirement:            11.500ns  (clk rise@11.500ns - clk rise@0.000ns)
  Data Path Delay:        11.491ns  (logic 5.483ns (47.715%)  route 6.008ns (52.285%))
  Logic Levels:           21  (CARRY4=11 LUT3=1 LUT5=4 LUT6=5)
  Clock Path Skew:        -0.049ns (DCD - SCD + CPR)
    Destination Clock Delay (DCD):    0.924ns = ( 12.424 - 11.500 ) 
    Source Clock Delay      (SCD):    0.973ns
    Clock Pessimism Removal (CPR):    0.000ns
  Clock Uncertainty:      0.035ns  ((TSJ^2 + TIJ^2)^1/2 + DJ) / 2 + PE
    Total System Jitter     (TSJ):    0.071ns
    Total Input Jitter      (TIJ):    0.000ns
    Discrete Jitter          (DJ):    0.000ns
    Phase Error              (PE):    0.000ns

    Location             Delay type                Incr(ns)  Path(ns)    Netlist Resource(s)
  -------------------------------------------------------------------    -------------------
                         (clock clk rise edge)        0.000     0.000 r  
                                                      0.000     0.000 r  clk (IN)
                         net (fo=7013, unset)         0.973     0.973    hash_tile_md0/HASH_BM/SHA256/w_mem_inst/clk
    SLICE_X47Y142        FDCE                                         r  hash_tile_md0/HASH_BM/SHA256/w_mem_inst/w_mem_reg[9][2]/C
  -------------------------------------------------------------------    -------------------
    SLICE_X47Y142        FDCE (Prop_fdce_C_Q)         0.456     1.429 r  hash_tile_md0/HASH_BM/SHA256/w_mem_inst/w_mem_reg[9][2]/Q
                         net (fo=4, routed)           0.883     2.312    hash_tile_md0/HASH_BM/SHA256/w_mem_inst/w_mem_reg[9]_19[2]
    SLICE_X46Y142        LUT5 (Prop_lut5_I1_O)        0.124     2.436 r  hash_tile_md0/HASH_BM/SHA256/w_mem_inst/w_mem[15][3]_i_11__0/O
                         net (fo=2, routed)           0.589     3.025    hash_tile_md0/HASH_BM/SHA256/w_mem_inst/w_mem[15][3]_i_11__0_n_0
    SLICE_X44Y143        LUT5 (Prop_lut5_I3_O)        0.124     3.149 r  hash_tile_md0/HASH_BM/SHA256/w_mem_inst/w_mem[15][3]_i_3__0/O
                         net (fo=2, routed)           0.493     3.642    hash_tile_md0/HASH_BM/SHA256/w_mem_inst/w_mem[15][3]_i_3__0_n_0
    SLICE_X45Y145        LUT6 (Prop_lut6_I0_O)        0.124     3.766 r  hash_tile_md0/HASH_BM/SHA256/w_mem_inst/w_mem[15][3]_i_7__0/O
                         net (fo=1, routed)           0.000     3.766    hash_tile_md0/HASH_BM/SHA256/w_mem_inst/w_mem[15][3]_i_7__0_n_0
    SLICE_X45Y145        CARRY4 (Prop_carry4_S[3]_CO[3])
                                                      0.401     4.167 r  hash_tile_md0/HASH_BM/SHA256/w_mem_inst/w_mem_reg[15][3]_i_2__0/CO[3]
                         net (fo=1, routed)           0.000     4.167    hash_tile_md0/HASH_BM/SHA256/w_mem_inst/w_mem_reg[15][3]_i_2__0_n_0
    SLICE_X45Y146        CARRY4 (Prop_carry4_CI_O[2])
                                                      0.239     4.406 r  hash_tile_md0/HASH_BM/SHA256/w_mem_inst/w_mem_reg[15][7]_i_2__0/O[2]
                         net (fo=2, routed)           0.515     4.921    hash_tile_md0/HASH_BM/SHA256/w_mem_inst/w_new[6]
    SLICE_X44Y145        LUT6 (Prop_lut6_I3_O)        0.302     5.223 r  hash_tile_md0/HASH_BM/SHA256/w_mem_inst/i___45_i_23__0/O
                         net (fo=2, routed)           0.609     5.832    hash_tile_md0/HASH_BM/SHA256/w_mem_inst/w_data[6]
    SLICE_X48Y145        LUT3 (Prop_lut3_I0_O)        0.124     5.956 r  hash_tile_md0/HASH_BM/SHA256/w_mem_inst/i___45_i_15__0/O
                         net (fo=2, routed)           0.632     6.588    hash_tile_md0/HASH_BM/SHA256/w_mem_inst/i___45_i_15__0_n_0
    SLICE_X49Y145        CARRY4 (Prop_carry4_DI[3]_CO[3])
                                                      0.385     6.973 r  hash_tile_md0/HASH_BM/SHA256/w_mem_inst/i___45_i_13__0/CO[3]
                         net (fo=1, routed)           0.000     6.973    hash_tile_md0/HASH_BM/SHA256/w_mem_inst/i___45_i_13__0_n_0
    SLICE_X49Y146        CARRY4 (Prop_carry4_CI_CO[3])
                                                      0.114     7.087 r  hash_tile_md0/HASH_BM/SHA256/w_mem_inst/i___41_i_13__0/CO[3]
                         net (fo=1, routed)           0.000     7.087    hash_tile_md0/HASH_BM/SHA256/w_mem_inst/i___41_i_13__0_n_0
    SLICE_X49Y147        CARRY4 (Prop_carry4_CI_CO[3])
                                                      0.114     7.201 r  hash_tile_md0/HASH_BM/SHA256/w_mem_inst/i___37_i_13__0/CO[3]
                         net (fo=1, routed)           0.000     7.201    hash_tile_md0/HASH_BM/SHA256/w_mem_inst/i___37_i_13__0_n_0
    SLICE_X49Y148        CARRY4 (Prop_carry4_CI_CO[3])
                                                      0.114     7.315 r  hash_tile_md0/HASH_BM/SHA256/w_mem_inst/i___33_i_13__0/CO[3]
                         net (fo=1, routed)           0.000     7.315    hash_tile_md0/HASH_BM/SHA256/w_mem_inst/i___33_i_13__0_n_0
    SLICE_X49Y149        CARRY4 (Prop_carry4_CI_O[1])
                                                      0.334     7.649 r  hash_tile_md0/HASH_BM/SHA256/w_mem_inst/i___29_i_13__0/O[1]
                         net (fo=2, routed)           0.460     8.109    hash_tile_md0/HASH_BM/SHA256/w_mem_inst/i___29_i_13__0_n_6
    SLICE_X52Y150        LUT5 (Prop_lut5_I0_O)        0.303     8.412 r  hash_tile_md0/HASH_BM/SHA256/w_mem_inst/i___33_i_3__0/O
                         net (fo=2, routed)           0.452     8.864    hash_tile_md0/HASH_BM/SHA256/w_mem_inst/i___33_i_3__0_n_0
    SLICE_X53Y150        LUT6 (Prop_lut6_I0_O)        0.124     8.988 r  hash_tile_md0/HASH_BM/SHA256/w_mem_inst/i___33_i_7__0/O
                         net (fo=1, routed)           0.000     8.988    hash_tile_md0/HASH_BM/SHA256/w_mem_inst/i___33_i_7__0_n_0
    SLICE_X53Y150        CARRY4 (Prop_carry4_S[2]_CO[3])
                                                      0.398     9.386 r  hash_tile_md0/HASH_BM/SHA256/w_mem_inst/i___33_i_1__0/CO[3]
                         net (fo=1, routed)           0.000     9.386    hash_tile_md0/HASH_BM/SHA256/w_mem_inst/i___33_i_1__0_n_0
    SLICE_X53Y151        CARRY4 (Prop_carry4_CI_O[2])
                                                      0.239     9.625 r  hash_tile_md0/HASH_BM/SHA256/w_mem_inst/i___29_i_1__0/O[2]
                         net (fo=4, routed)           0.478    10.104    hash_tile_md0/HASH_BM/SHA256/w_mem_inst/e_reg_reg[26][2]
    SLICE_X56Y150        LUT5 (Prop_lut5_I4_O)        0.302    10.406 r  hash_tile_md0/HASH_BM/SHA256/w_mem_inst/a_reg[27]_i_3__0/O
                         net (fo=2, routed)           0.608    11.014    hash_tile_md0/HASH_BM/SHA256/w_mem_inst/a_reg[27]_i_3__0_n_0
    SLICE_X59Y149        LUT6 (Prop_lut6_I0_O)        0.124    11.138 r  hash_tile_md0/HASH_BM/SHA256/w_mem_inst/a_reg[27]_i_7__0/O
                         net (fo=1, routed)           0.000    11.138    hash_tile_md0/HASH_BM/SHA256/w_mem_inst/a_reg[27]_i_7__0_n_0
    SLICE_X59Y149        CARRY4 (Prop_carry4_S[3]_CO[3])
                                                      0.401    11.539 r  hash_tile_md0/HASH_BM/SHA256/w_mem_inst/a_reg_reg[27]_i_2__0/CO[3]
                         net (fo=1, routed)           0.001    11.539    hash_tile_md0/HASH_BM/SHA256/w_mem_inst/a_reg_reg[27]_i_2__0_n_0
    SLICE_X59Y150        CARRY4 (Prop_carry4_CI_O[1])
                                                      0.334    11.873 r  hash_tile_md0/HASH_BM/SHA256/w_mem_inst/a_reg_reg[31]_i_2__0/O[1]
                         net (fo=1, routed)           0.288    12.161    hash_tile_md0/HASH_BM/SHA256/w_mem_inst/a_new0[29]
    SLICE_X61Y150        LUT6 (Prop_lut6_I0_O)        0.303    12.464 r  hash_tile_md0/HASH_BM/SHA256/w_mem_inst/a_reg[29]_i_1__0/O
                         net (fo=1, routed)           0.000    12.464    hash_tile_md0/HASH_BM/SHA256/w_mem_inst_n_6
    SLICE_X61Y150        FDCE                                         r  hash_tile_md0/HASH_BM/SHA256/a_reg_reg[29]/D
  -------------------------------------------------------------------    -------------------

                         (clock clk rise edge)       11.500    11.500 r  
                                                      0.000    11.500 r  clk (IN)
                         net (fo=7013, unset)         0.924    12.424    hash_tile_md0/HASH_BM/SHA256/clk
    SLICE_X61Y150        FDCE                                         r  hash_tile_md0/HASH_BM/SHA256/a_reg_reg[29]/C
                         clock pessimism              0.000    12.424    
                         clock uncertainty           -0.035    12.389    
    SLICE_X61Y150        FDCE (Setup_fdce_C_D)        0.031    12.420    hash_tile_md0/HASH_BM/SHA256/a_reg_reg[29]
  -------------------------------------------------------------------
                         required time                         12.420    
                         arrival time                         -12.464    
  -------------------------------------------------------------------
                         slack                                 -0.044    





Min Delay Paths
--------------------------------------------------------------------------------------
Slack (MET) :             0.032ns  (arrival time - required time)
  Source:                 cl_md0/w_mem_in0_reg[1]/C
                            (rising edge-triggered cell FDCE clocked by clk  {rise@0.000ns fall@5.750ns period=11.500ns})
  Destination:            W_MEM/mem_reg/DIBDI[1]
                            (rising edge-triggered cell RAMB18E1 clocked by clk  {rise@0.000ns fall@5.750ns period=11.500ns})
  Path Group:             clk
  Path Type:              Hold (Min at Fast Process Corner)
  Requirement:            0.000ns  (clk rise@0.000ns - clk rise@0.000ns)
  Data Path Delay:        0.349ns  (logic 0.164ns (46.942%)  route 0.185ns (53.058%))
  Logic Levels:           0  
  Clock Path Skew:        0.022ns (DCD - SCD - CPR)
    Destination Clock Delay (DCD):    0.432ns
    Source Clock Delay      (SCD):    0.410ns
    Clock Pessimism Removal (CPR):    -0.000ns

    Location             Delay type                Incr(ns)  Path(ns)    Netlist Resource(s)
  -------------------------------------------------------------------    -------------------
                         (clock clk rise edge)        0.000     0.000 r  
                                                      0.000     0.000 r  clk (IN)
                         net (fo=7013, unset)         0.410     0.410    cl_md0/clk
    SLICE_X10Y70         FDCE                                         r  cl_md0/w_mem_in0_reg[1]/C
  -------------------------------------------------------------------    -------------------
    SLICE_X10Y70         FDCE (Prop_fdce_C_Q)         0.164     0.574 r  cl_md0/w_mem_in0_reg[1]/Q
                         net (fo=1, routed)           0.185     0.760    W_MEM/mem_reg_5[1]
    RAMB18_X0Y28         RAMB18E1                                     r  W_MEM/mem_reg/DIBDI[1]
  -------------------------------------------------------------------    -------------------

                         (clock clk rise edge)        0.000     0.000 r  
                                                      0.000     0.000 r  clk (IN)
                         net (fo=7013, unset)         0.432     0.432    W_MEM/clk
    RAMB18_X0Y28         RAMB18E1                                     r  W_MEM/mem_reg/CLKBWRCLK
                         clock pessimism              0.000     0.432    
    RAMB18_X0Y28         RAMB18E1 (Hold_ramb18e1_CLKBWRCLK_DIBDI[1])
                                                      0.296     0.728    W_MEM/mem_reg
  -------------------------------------------------------------------
                         required time                         -0.728    
                         arrival time                           0.760    
  -------------------------------------------------------------------
                         slack                                  0.032    





Pulse Width Checks
--------------------------------------------------------------------------------------
Clock Name:         clk
Waveform(ns):       { 0.000 5.750 }
Period(ns):         11.500
Sources:            { clk }

Check Type        Corner  Lib Pin             Reference Pin  Required(ns)  Actual(ns)  Slack(ns)  Location       Pin
Min Period        n/a     RAMB36E1/CLKARDCLK  n/a            2.944         11.500      8.556      RAMB36_X1Y20   hash_tile_md0/BIG_MEM/mem_reg/CLKARDCLK
Low Pulse Width   Slow    RAMD32/CLK          n/a            1.250         5.750       4.500      SLICE_X36Y100  hash_tile_md0/B_FIFO_INSTANCE/fifo_mem_reg_0_7_0_5/RAMA/CLK
High Pulse Width  Slow    RAMD32/CLK          n/a            1.250         5.750       4.500      SLICE_X36Y100  hash_tile_md0/B_FIFO_INSTANCE/fifo_mem_reg_0_7_0_5/RAMA/CLK



