Copyright 1986-2022 Xilinx, Inc. All Rights Reserved. Copyright 2022-2025 Advanced Micro Devices, Inc. All Rights Reserved.
---------------------------------------------------------------------------------------------------------------------------------------------
| Tool Version : Vivado v.2025.2 (lin64) Build 6299465 Fri Nov 14 12:34:56 MST 2025
| Date         : Sat Aug 29 21:37:18 2026
| Host         : MSI running 64-bit Ubuntu 26.04 LTS
| Command      : report_timing_summary -file /tmp/fsrch_slh_192f_optimized_13.0.rpt
| Design       : top
| Device       : 7a200t-fbg676
| Speed File   : -1  PRODUCTION 1.23 2018-06-13
| Design State : Routed
---------------------------------------------------------------------------------------------------------------------------------------------

Timing Summary Report

------------------------------------------------------------------------------------------------
| Timer Settings
| --------------
------------------------------------------------------------------------------------------------

  Enable Multi Corner Analysis               :  Yes
  Enable Pessimism Removal                   :  Yes
  Pessimism Removal Resolution               :  Nearest Common Node
  Enable Input Delay Default Clock           :  No
  Enable Preset / Clear Arcs                 :  No
  Disable Flight Delays                      :  No
  Ignore I/O Paths                           :  No
  Timing Early Launch at Borrowing Latches   :  No
  Borrow Time for Max Delay Exceptions       :  Yes
  Merge Timing Exceptions                    :  Yes
  Inter-SLR Compensation                     :  Conservative

  Corner  Analyze    Analyze    
  Name    Max Paths  Min Paths  
  ------  ---------  ---------  
  Slow    Yes        Yes        
  Fast    Yes        Yes        


------------------------------------------------------------------------------------------------
| Report Methodology
| ------------------
------------------------------------------------------------------------------------------------

No report available as report_methodology has not been run prior. Run report_methodology on the current design for the summary of methodology violations.



check_timing report

Table of Contents
-----------------
1. checking no_clock (4)
2. checking constant_clock (0)
3. checking pulse_width_clock (0)
4. checking unconstrained_internal_endpoints (1)
5. checking no_input_delay (170)
6. checking no_output_delay (80)
7. checking multiple_clock (0)
8. checking generated_clocks (0)
9. checking loops (0)
10. checking partial_input_delay (0)
11. checking partial_output_delay (0)
12. checking latch_loops (0)

1. checking no_clock (4)
------------------------
 There is 1 register/latch pin with no clock driven by root clock pin: wots_xmss_fsm_md0/md0/XMSS_start_reg/Q (HIGH)

 There is 1 register/latch pin with no clock driven by root clock pin: wots_xmss_fsm_md0/md0/cnt_reg[1]/Q (HIGH)

 There is 1 register/latch pin with no clock driven by root clock pin: wots_xmss_fsm_md0/md0/cnt_reg[2]/Q (HIGH)

 There is 1 register/latch pin with no clock driven by root clock pin: wots_xmss_fsm_md0/md0/cnt_reg[3]/Q (HIGH)


2. checking constant_clock (0)
------------------------------
 There are 0 register/latch pins with constant_clock.


3. checking pulse_width_clock (0)
---------------------------------
 There are 0 register/latch pins which need pulse_width check


4. checking unconstrained_internal_endpoints (1)
------------------------------------------------
 There is 1 pin that is not constrained for maximum delay. (HIGH)

 There are 0 pins that are not constrained for maximum delay due to constant clock.


5. checking no_input_delay (170)
--------------------------------
 There are 156 input ports with no input delay specified. (HIGH)

 There are 14 input ports with no input delay but user has a false path constraint. (MEDIUM)


6. checking no_output_delay (80)
--------------------------------
 There are 80 ports with no output delay specified. (HIGH)

 There are 0 ports with no output delay but user has a false path constraint

 There are 0 ports with no output delay but with a timing clock defined on it or propagating through it


7. checking multiple_clock (0)
------------------------------
 There are 0 register/latch pins with multiple clocks.


8. checking generated_clocks (0)
--------------------------------
 There are 0 generated clocks that are not connected to a clock source.


9. checking loops (0)
---------------------
 There are 0 combinational loops in the design.


10. checking partial_input_delay (0)
------------------------------------
 There are 0 input ports with partial input delay specified.


11. checking partial_output_delay (0)
-------------------------------------
 There are 0 ports with partial output delay specified.


12. checking latch_loops (0)
----------------------------
 There are 0 combinational latch loops in the design through latch input



------------------------------------------------------------------------------------------------
| Design Timing Summary
| ---------------------
------------------------------------------------------------------------------------------------

    WNS(ns)      TNS(ns)  TNS Failing Endpoints  TNS Total Endpoints      WHS(ns)      THS(ns)  THS Failing Endpoints  THS Total Endpoints     WPWS(ns)     TPWS(ns)  TPWS Failing Endpoints  TPWS Total Endpoints  
    -------      -------  ---------------------  -------------------      -------      -------  ---------------------  -------------------     --------     --------  ----------------------  --------------------  
      0.373        0.000                      0                36762        0.060        0.000                      0                36762        5.250        0.000                       0                 16299  


All user specified timing constraints are met.


------------------------------------------------------------------------------------------------
| Clock Summary
| -------------
------------------------------------------------------------------------------------------------

Clock  Waveform(ns)       Period(ns)      Frequency(MHz)
-----  ------------       ----------      --------------
clk    {0.000 6.500}      13.000          76.923          


------------------------------------------------------------------------------------------------
| Intra Clock Table
| -----------------
------------------------------------------------------------------------------------------------

Clock             WNS(ns)      TNS(ns)  TNS Failing Endpoints  TNS Total Endpoints      WHS(ns)      THS(ns)  THS Failing Endpoints  THS Total Endpoints     WPWS(ns)     TPWS(ns)  TPWS Failing Endpoints  TPWS Total Endpoints  
-----             -------      -------  ---------------------  -------------------      -------      -------  ---------------------  -------------------     --------     --------  ----------------------  --------------------  
clk                 0.373        0.000                      0                36762        0.060        0.000                      0                36762        5.250        0.000                       0                 16299  


------------------------------------------------------------------------------------------------
| Inter Clock Table
| -----------------
------------------------------------------------------------------------------------------------

From Clock    To Clock          WNS(ns)      TNS(ns)  TNS Failing Endpoints  TNS Total Endpoints      WHS(ns)      THS(ns)  THS Failing Endpoints  THS Total Endpoints  
----------    --------          -------      -------  ---------------------  -------------------      -------      -------  ---------------------  -------------------  


------------------------------------------------------------------------------------------------
| Other Path Groups Table
| -----------------------
------------------------------------------------------------------------------------------------

Path Group    From Clock    To Clock          WNS(ns)      TNS(ns)  TNS Failing Endpoints  TNS Total Endpoints      WHS(ns)      THS(ns)  THS Failing Endpoints  THS Total Endpoints  
----------    ----------    --------          -------      -------  ---------------------  -------------------      -------      -------  ---------------------  -------------------  


------------------------------------------------------------------------------------------------
| Timing Details
| --------------
------------------------------------------------------------------------------------------------


---------------------------------------------------------------------------------------------------
From Clock:  clk
  To Clock:  clk

Setup :            0  Failing Endpoints,  Worst Slack        0.373ns,  Total Violation        0.000ns
Hold  :            0  Failing Endpoints,  Worst Slack        0.060ns,  Total Violation        0.000ns
PW    :            0  Failing Endpoints,  Worst Slack        5.250ns,  Total Violation        0.000ns
---------------------------------------------------------------------------------------------------


Max Delay Paths
--------------------------------------------------------------------------------------
Slack (MET) :             0.373ns  (required time - arrival time)
  Source:                 hash_tile_md0/DUT_SHA512/HASH_SM/SHA512/w_mem_inst/w_mem_reg[14][1]/C
                            (rising edge-triggered cell FDCE clocked by clk  {rise@0.000ns fall@6.500ns period=13.000ns})
  Destination:            hash_tile_md0/DUT_SHA512/HASH_SM/SHA512/a_reg_reg[63]/D
                            (rising edge-triggered cell FDCE clocked by clk  {rise@0.000ns fall@6.500ns period=13.000ns})
  Path Group:             clk
  Path Type:              Setup (Max at Slow Process Corner)
  Requirement:            13.000ns  (clk rise@13.000ns - clk rise@0.000ns)
  Data Path Delay:        12.574ns  (logic 5.623ns (44.720%)  route 6.951ns (55.280%))
  Logic Levels:           26  (CARRY4=17 LUT3=2 LUT4=1 LUT5=3 LUT6=3)
  Clock Path Skew:        -0.049ns (DCD - SCD + CPR)
    Destination Clock Delay (DCD):    0.924ns = ( 13.924 - 13.000 ) 
    Source Clock Delay      (SCD):    0.973ns
    Clock Pessimism Removal (CPR):    0.000ns
  Clock Uncertainty:      0.035ns  ((TSJ^2 + TIJ^2)^1/2 + DJ) / 2 + PE
    Total System Jitter     (TSJ):    0.071ns
    Total Input Jitter      (TIJ):    0.000ns
    Discrete Jitter          (DJ):    0.000ns
    Phase Error              (PE):    0.000ns

    Location             Delay type                Incr(ns)  Path(ns)    Netlist Resource(s)
  -------------------------------------------------------------------    -------------------
                         (clock clk rise edge)        0.000     0.000 r  
                                                      0.000     0.000 r  clk (IN)
                         net (fo=16298, unset)        0.973     0.973    hash_tile_md0/DUT_SHA512/HASH_SM/SHA512/w_mem_inst/clk
    SLICE_X149Y106       FDCE                                         r  hash_tile_md0/DUT_SHA512/HASH_SM/SHA512/w_mem_inst/w_mem_reg[14][1]/C
  -------------------------------------------------------------------    -------------------
    SLICE_X149Y106       FDCE (Prop_fdce_C_Q)         0.456     1.429 r  hash_tile_md0/DUT_SHA512/HASH_SM/SHA512/w_mem_inst/w_mem_reg[14][1]/Q
                         net (fo=6, routed)           1.697     3.126    hash_tile_md0/DUT_SHA512/HASH_SM/SHA512/w_mem_inst/p_2_in[46]
    SLICE_X149Y83        LUT3 (Prop_lut3_I0_O)        0.152     3.278 r  hash_tile_md0/DUT_SHA512/HASH_SM/SHA512/w_mem_inst/w_mem[15][7]_i_22/O
                         net (fo=1, routed)           0.407     3.685    hash_tile_md0/DUT_SHA512/HASH_SM/SHA512/w_mem_inst/w_mem_update_logic.d1__0[4]
    SLICE_X149Y83        LUT5 (Prop_lut5_I4_O)        0.332     4.017 r  hash_tile_md0/DUT_SHA512/HASH_SM/SHA512/w_mem_inst/w_mem[15][7]_i_14__1/O
                         net (fo=2, routed)           0.768     4.785    hash_tile_md0/DUT_SHA512/HASH_SM/SHA512/w_mem_inst/w_mem[15][7]_i_14__1_n_0
    SLICE_X148Y87        LUT3 (Prop_lut3_I2_O)        0.124     4.909 r  hash_tile_md0/DUT_SHA512/HASH_SM/SHA512/w_mem_inst/w_mem[15][7]_i_4__1/O
                         net (fo=2, routed)           0.349     5.258    hash_tile_md0/DUT_SHA512/HASH_SM/SHA512/w_mem_inst/w_mem[15][7]_i_4__1_n_0
    SLICE_X149Y87        LUT4 (Prop_lut4_I3_O)        0.124     5.382 r  hash_tile_md0/DUT_SHA512/HASH_SM/SHA512/w_mem_inst/w_mem[15][7]_i_8__1/O
                         net (fo=1, routed)           0.000     5.382    hash_tile_md0/DUT_SHA512/HASH_SM/SHA512/w_mem_inst/w_mem[15][7]_i_8__1_n_0
    SLICE_X149Y87        CARRY4 (Prop_carry4_S[2]_CO[3])
                                                      0.398     5.780 r  hash_tile_md0/DUT_SHA512/HASH_SM/SHA512/w_mem_inst/w_mem_reg[15][7]_i_2__1/CO[3]
                         net (fo=1, routed)           0.000     5.780    hash_tile_md0/DUT_SHA512/HASH_SM/SHA512/w_mem_inst/w_mem_reg[15][7]_i_2__1_n_0
    SLICE_X149Y88        CARRY4 (Prop_carry4_CI_CO[3])
                                                      0.114     5.894 r  hash_tile_md0/DUT_SHA512/HASH_SM/SHA512/w_mem_inst/w_mem_reg[15][11]_i_2__1/CO[3]
                         net (fo=1, routed)           0.000     5.894    hash_tile_md0/DUT_SHA512/HASH_SM/SHA512/w_mem_inst/w_mem_reg[15][11]_i_2__1_n_0
    SLICE_X149Y89        CARRY4 (Prop_carry4_CI_CO[3])
                                                      0.114     6.008 r  hash_tile_md0/DUT_SHA512/HASH_SM/SHA512/w_mem_inst/w_mem_reg[15][15]_i_2__1/CO[3]
                         net (fo=1, routed)           0.000     6.008    hash_tile_md0/DUT_SHA512/HASH_SM/SHA512/w_mem_inst/w_mem_reg[15][15]_i_2__1_n_0
    SLICE_X149Y90        CARRY4 (Prop_carry4_CI_CO[3])
                                                      0.114     6.122 r  hash_tile_md0/DUT_SHA512/HASH_SM/SHA512/w_mem_inst/w_mem_reg[15][19]_i_2__1/CO[3]
                         net (fo=1, routed)           0.000     6.122    hash_tile_md0/DUT_SHA512/HASH_SM/SHA512/w_mem_inst/w_mem_reg[15][19]_i_2__1_n_0
    SLICE_X149Y91        CARRY4 (Prop_carry4_CI_CO[3])
                                                      0.114     6.236 r  hash_tile_md0/DUT_SHA512/HASH_SM/SHA512/w_mem_inst/w_mem_reg[15][23]_i_2__1/CO[3]
                         net (fo=1, routed)           0.000     6.236    hash_tile_md0/DUT_SHA512/HASH_SM/SHA512/w_mem_inst/w_mem_reg[15][23]_i_2__1_n_0
    SLICE_X149Y92        CARRY4 (Prop_carry4_CI_CO[3])
                                                      0.114     6.350 r  hash_tile_md0/DUT_SHA512/HASH_SM/SHA512/w_mem_inst/w_mem_reg[15][27]_i_2__1/CO[3]
                         net (fo=1, routed)           0.000     6.350    hash_tile_md0/DUT_SHA512/HASH_SM/SHA512/w_mem_inst/w_mem_reg[15][27]_i_2__1_n_0
    SLICE_X149Y93        CARRY4 (Prop_carry4_CI_CO[3])
                                                      0.114     6.464 r  hash_tile_md0/DUT_SHA512/HASH_SM/SHA512/w_mem_inst/w_mem_reg[15][31]_i_2__1/CO[3]
                         net (fo=1, routed)           0.000     6.464    hash_tile_md0/DUT_SHA512/HASH_SM/SHA512/w_mem_inst/w_mem_reg[15][31]_i_2__1_n_0
    SLICE_X149Y94        CARRY4 (Prop_carry4_CI_CO[3])
                                                      0.114     6.578 r  hash_tile_md0/DUT_SHA512/HASH_SM/SHA512/w_mem_inst/w_mem_reg[15][35]_i_2/CO[3]
                         net (fo=1, routed)           0.000     6.578    hash_tile_md0/DUT_SHA512/HASH_SM/SHA512/w_mem_inst/w_mem_reg[15][35]_i_2_n_0
    SLICE_X149Y95        CARRY4 (Prop_carry4_CI_CO[3])
                                                      0.114     6.692 r  hash_tile_md0/DUT_SHA512/HASH_SM/SHA512/w_mem_inst/w_mem_reg[15][39]_i_2/CO[3]
                         net (fo=1, routed)           0.000     6.692    hash_tile_md0/DUT_SHA512/HASH_SM/SHA512/w_mem_inst/w_mem_reg[15][39]_i_2_n_0
    SLICE_X149Y96        CARRY4 (Prop_carry4_CI_CO[3])
                                                      0.114     6.806 r  hash_tile_md0/DUT_SHA512/HASH_SM/SHA512/w_mem_inst/w_mem_reg[15][43]_i_2/CO[3]
                         net (fo=1, routed)           0.000     6.806    hash_tile_md0/DUT_SHA512/HASH_SM/SHA512/w_mem_inst/w_mem_reg[15][43]_i_2_n_0
    SLICE_X149Y97        CARRY4 (Prop_carry4_CI_CO[3])
                                                      0.114     6.920 r  hash_tile_md0/DUT_SHA512/HASH_SM/SHA512/w_mem_inst/w_mem_reg[15][47]_i_2/CO[3]
                         net (fo=1, routed)           0.000     6.920    hash_tile_md0/DUT_SHA512/HASH_SM/SHA512/w_mem_inst/w_mem_reg[15][47]_i_2_n_0
    SLICE_X149Y98        CARRY4 (Prop_carry4_CI_CO[3])
                                                      0.114     7.034 r  hash_tile_md0/DUT_SHA512/HASH_SM/SHA512/w_mem_inst/w_mem_reg[15][51]_i_2/CO[3]
                         net (fo=1, routed)           0.000     7.034    hash_tile_md0/DUT_SHA512/HASH_SM/SHA512/w_mem_inst/w_mem_reg[15][51]_i_2_n_0
    SLICE_X149Y99        CARRY4 (Prop_carry4_CI_O[0])
                                                      0.223     7.257 r  hash_tile_md0/DUT_SHA512/HASH_SM/SHA512/w_mem_inst/w_mem_reg[15][55]_i_2/O[0]
                         net (fo=3, routed)           0.837     8.094    hash_tile_md0/DUT_SHA512/HASH_SM/SHA512/w_mem_inst/w_new[52]
    SLICE_X149Y108       LUT5 (Prop_lut5_I3_O)        0.299     8.393 r  hash_tile_md0/DUT_SHA512/HASH_SM/SHA512/w_mem_inst/i___55_i_30/O
                         net (fo=1, routed)           0.991     9.385    hash_tile_md0/DUT_SHA512/HASH_SM/SHA512/w_mem_inst/w_data[52]
    SLICE_X142Y98        LUT6 (Prop_lut6_I2_O)        0.124     9.509 r  hash_tile_md0/DUT_SHA512/HASH_SM/SHA512/w_mem_inst/i___55_i_8/O
                         net (fo=1, routed)           0.000     9.509    hash_tile_md0/DUT_SHA512/HASH_SM/SHA512/w_mem_inst/i___55_i_8_n_0
    SLICE_X142Y98        CARRY4 (Prop_carry4_S[1]_O[2])
                                                      0.578    10.087 r  hash_tile_md0/DUT_SHA512/HASH_SM/SHA512/w_mem_inst/i___55_i_1/O[2]
                         net (fo=4, routed)           0.714    10.801    hash_tile_md0/DUT_SHA512/HASH_SM/SHA512/w_mem_inst/i___55_i_9_0[2]
    SLICE_X136Y98        LUT5 (Prop_lut5_I4_O)        0.301    11.102 r  hash_tile_md0/DUT_SHA512/HASH_SM/SHA512/w_mem_inst/a_reg[55]_i_4/O
                         net (fo=2, routed)           0.739    11.841    hash_tile_md0/DUT_SHA512/HASH_SM/SHA512/w_mem_inst/a_reg[55]_i_4_n_0
    SLICE_X134Y95        LUT6 (Prop_lut6_I0_O)        0.124    11.965 r  hash_tile_md0/DUT_SHA512/HASH_SM/SHA512/w_mem_inst/a_reg[55]_i_8/O
                         net (fo=1, routed)           0.000    11.965    hash_tile_md0/DUT_SHA512/HASH_SM/SHA512/w_mem_inst/a_reg[55]_i_8_n_0
    SLICE_X134Y95        CARRY4 (Prop_carry4_S[3]_CO[3])
                                                      0.401    12.366 r  hash_tile_md0/DUT_SHA512/HASH_SM/SHA512/w_mem_inst/a_reg_reg[55]_i_2/CO[3]
                         net (fo=1, routed)           0.000    12.366    hash_tile_md0/DUT_SHA512/HASH_SM/SHA512/w_mem_inst/a_reg_reg[55]_i_2_n_0
    SLICE_X134Y96        CARRY4 (Prop_carry4_CI_CO[3])
                                                      0.114    12.480 r  hash_tile_md0/DUT_SHA512/HASH_SM/SHA512/w_mem_inst/a_reg_reg[59]_i_2/CO[3]
                         net (fo=1, routed)           0.000    12.480    hash_tile_md0/DUT_SHA512/HASH_SM/SHA512/w_mem_inst/a_reg_reg[59]_i_2_n_0
    SLICE_X134Y97        CARRY4 (Prop_carry4_CI_O[3])
                                                      0.313    12.793 r  hash_tile_md0/DUT_SHA512/HASH_SM/SHA512/w_mem_inst/a_reg_reg[63]_i_2/O[3]
                         net (fo=1, routed)           0.448    13.241    hash_tile_md0/DUT_SHA512/HASH_SM/SHA512/w_mem_inst/a_new0[63]
    SLICE_X131Y98        LUT6 (Prop_lut6_I3_O)        0.306    13.547 r  hash_tile_md0/DUT_SHA512/HASH_SM/SHA512/w_mem_inst/a_reg[63]_i_1/O
                         net (fo=1, routed)           0.000    13.547    hash_tile_md0/DUT_SHA512/HASH_SM/SHA512/a_new[63]
    SLICE_X131Y98        FDCE                                         r  hash_tile_md0/DUT_SHA512/HASH_SM/SHA512/a_reg_reg[63]/D
  -------------------------------------------------------------------    -------------------

                         (clock clk rise edge)       13.000    13.000 r  
                                                      0.000    13.000 r  clk (IN)
                         net (fo=16298, unset)        0.924    13.924    hash_tile_md0/DUT_SHA512/HASH_SM/SHA512/clk
    SLICE_X131Y98        FDCE                                         r  hash_tile_md0/DUT_SHA512/HASH_SM/SHA512/a_reg_reg[63]/C
                         clock pessimism              0.000    13.924    
                         clock uncertainty           -0.035    13.889    
    SLICE_X131Y98        FDCE (Setup_fdce_C_D)        0.031    13.920    hash_tile_md0/DUT_SHA512/HASH_SM/SHA512/a_reg_reg[63]
  -------------------------------------------------------------------
                         required time                         13.920    
                         arrival time                         -13.547    
  -------------------------------------------------------------------
                         slack                                  0.373    





Min Delay Paths
--------------------------------------------------------------------------------------
Slack (MET) :             0.060ns  (arrival time - required time)
  Source:                 cl_md0/w_mem_in0_reg[1]/C
                            (rising edge-triggered cell FDCE clocked by clk  {rise@0.000ns fall@6.500ns period=13.000ns})
  Destination:            W_MEM/mem_reg/DIBDI[1]
                            (rising edge-triggered cell RAMB18E1 clocked by clk  {rise@0.000ns fall@6.500ns period=13.000ns})
  Path Group:             clk
  Path Type:              Hold (Min at Fast Process Corner)
  Requirement:            0.000ns  (clk rise@0.000ns - clk rise@0.000ns)
  Data Path Delay:        0.377ns  (logic 0.141ns (37.378%)  route 0.236ns (62.622%))
  Logic Levels:           0  
  Clock Path Skew:        0.022ns (DCD - SCD - CPR)
    Destination Clock Delay (DCD):    0.432ns
    Source Clock Delay      (SCD):    0.410ns
    Clock Pessimism Removal (CPR):    -0.000ns

    Location             Delay type                Incr(ns)  Path(ns)    Netlist Resource(s)
  -------------------------------------------------------------------    -------------------
                         (clock clk rise edge)        0.000     0.000 r  
                                                      0.000     0.000 r  clk (IN)
                         net (fo=16298, unset)        0.410     0.410    cl_md0/clk
    SLICE_X47Y46         FDCE                                         r  cl_md0/w_mem_in0_reg[1]/C
  -------------------------------------------------------------------    -------------------
    SLICE_X47Y46         FDCE (Prop_fdce_C_Q)         0.141     0.551 r  cl_md0/w_mem_in0_reg[1]/Q
                         net (fo=1, routed)           0.236     0.787    W_MEM/mem_reg_5[1]
    RAMB18_X2Y18         RAMB18E1                                     r  W_MEM/mem_reg/DIBDI[1]
  -------------------------------------------------------------------    -------------------

                         (clock clk rise edge)        0.000     0.000 r  
                                                      0.000     0.000 r  clk (IN)
                         net (fo=16298, unset)        0.432     0.432    W_MEM/clk
    RAMB18_X2Y18         RAMB18E1                                     r  W_MEM/mem_reg/CLKBWRCLK
                         clock pessimism              0.000     0.432    
    RAMB18_X2Y18         RAMB18E1 (Hold_ramb18e1_CLKBWRCLK_DIBDI[1])
                                                      0.296     0.728    W_MEM/mem_reg
  -------------------------------------------------------------------
                         required time                         -0.728    
                         arrival time                           0.787    
  -------------------------------------------------------------------
                         slack                                  0.060    





Pulse Width Checks
--------------------------------------------------------------------------------------
Clock Name:         clk
Waveform(ns):       { 0.000 6.500 }
Period(ns):         13.000
Sources:            { clk }

Check Type        Corner  Lib Pin             Reference Pin  Required(ns)  Actual(ns)  Slack(ns)  Location      Pin
Min Period        n/a     RAMB36E1/CLKARDCLK  n/a            2.944         13.000      10.056     RAMB36_X5Y12  hash_tile_md0/DUT_SHA256/BIG_MEM/mem_reg/CLKARDCLK
Low Pulse Width   Slow    RAMD32/CLK          n/a            1.250         6.500       5.250      SLICE_X84Y62  hash_tile_md0/DUT_SHA256/B_FIFO_INSTANCE/fifo_mem_reg_0_7_0_5/RAMA/CLK
High Pulse Width  Slow    RAMD32/CLK          n/a            1.250         6.500       5.250      SLICE_X84Y62  hash_tile_md0/DUT_SHA256/B_FIFO_INSTANCE/fifo_mem_reg_0_7_0_5/RAMA/CLK



