Copyright 1986-2022 Xilinx, Inc. All Rights Reserved. Copyright 2022-2025 Advanced Micro Devices, Inc. All Rights Reserved.
---------------------------------------------------------------------------------------------------------------------------------------------
| Tool Version : Vivado v.2025.2 (lin64) Build 6299465 Fri Nov 14 12:34:56 MST 2025
| Date         : Sat Aug 29 22:13:37 2026
| Host         : MSI running 64-bit Ubuntu 26.04 LTS
| Command      : report_timing_summary -file /tmp/fsrch_slh_256s_baseline_14.0.rpt
| Design       : top
| Device       : 7a200t-fbg676
| Speed File   : -1  PRODUCTION 1.23 2018-06-13
| Design State : Routed
---------------------------------------------------------------------------------------------------------------------------------------------

Timing Summary Report

------------------------------------------------------------------------------------------------
| Timer Settings
| --------------
------------------------------------------------------------------------------------------------

  Enable Multi Corner Analysis               :  Yes
  Enable Pessimism Removal                   :  Yes
  Pessimism Removal Resolution               :  Nearest Common Node
  Enable Input Delay Default Clock           :  No
  Enable Preset / Clear Arcs                 :  No
  Disable Flight Delays                      :  No
  Ignore I/O Paths                           :  No
  Timing Early Launch at Borrowing Latches   :  No
  Borrow Time for Max Delay Exceptions       :  Yes
  Merge Timing Exceptions                    :  Yes
  Inter-SLR Compensation                     :  Conservative

  Corner  Analyze    Analyze    
  Name    Max Paths  Min Paths  
  ------  ---------  ---------  
  Slow    Yes        Yes        
  Fast    Yes        Yes        


------------------------------------------------------------------------------------------------
| Report Methodology
| ------------------
------------------------------------------------------------------------------------------------

No report available as report_methodology has not been run prior. Run report_methodology on the current design for the summary of methodology violations.



check_timing report

Table of Contents
-----------------
1. checking no_clock (4)
2. checking constant_clock (0)
3. checking pulse_width_clock (0)
4. checking unconstrained_internal_endpoints (1)
5. checking no_input_delay (170)
6. checking no_output_delay (80)
7. checking multiple_clock (0)
8. checking generated_clocks (0)
9. checking loops (0)
10. checking partial_input_delay (0)
11. checking partial_output_delay (0)
12. checking latch_loops (0)

1. checking no_clock (4)
------------------------
 There is 1 register/latch pin with no clock driven by root clock pin: wots_xmss_fsm_md0/md0/XMSS_start_reg/Q (HIGH)

 There is 1 register/latch pin with no clock driven by root clock pin: wots_xmss_fsm_md0/md0/cnt_reg[1]/Q (HIGH)

 There is 1 register/latch pin with no clock driven by root clock pin: wots_xmss_fsm_md0/md0/cnt_reg[2]/Q (HIGH)

 There is 1 register/latch pin with no clock driven by root clock pin: wots_xmss_fsm_md0/md0/cnt_reg[3]/Q (HIGH)


2. checking constant_clock (0)
------------------------------
 There are 0 register/latch pins with constant_clock.


3. checking pulse_width_clock (0)
---------------------------------
 There are 0 register/latch pins which need pulse_width check


4. checking unconstrained_internal_endpoints (1)
------------------------------------------------
 There is 1 pin that is not constrained for maximum delay. (HIGH)

 There are 0 pins that are not constrained for maximum delay due to constant clock.


5. checking no_input_delay (170)
--------------------------------
 There are 156 input ports with no input delay specified. (HIGH)

 There are 14 input ports with no input delay but user has a false path constraint. (MEDIUM)


6. checking no_output_delay (80)
--------------------------------
 There are 80 ports with no output delay specified. (HIGH)

 There are 0 ports with no output delay but user has a false path constraint

 There are 0 ports with no output delay but with a timing clock defined on it or propagating through it


7. checking multiple_clock (0)
------------------------------
 There are 0 register/latch pins with multiple clocks.


8. checking generated_clocks (0)
--------------------------------
 There are 0 generated clocks that are not connected to a clock source.


9. checking loops (0)
---------------------
 There are 0 combinational loops in the design.


10. checking partial_input_delay (0)
------------------------------------
 There are 0 input ports with partial input delay specified.


11. checking partial_output_delay (0)
-------------------------------------
 There are 0 ports with partial output delay specified.


12. checking latch_loops (0)
----------------------------
 There are 0 combinational latch loops in the design through latch input



------------------------------------------------------------------------------------------------
| Design Timing Summary
| ---------------------
------------------------------------------------------------------------------------------------

    WNS(ns)      TNS(ns)  TNS Failing Endpoints  TNS Total Endpoints      WHS(ns)      THS(ns)  THS Failing Endpoints  THS Total Endpoints     WPWS(ns)     TPWS(ns)  TPWS Failing Endpoints  TPWS Total Endpoints  
    -------      -------  ---------------------  -------------------      -------      -------  ---------------------  -------------------     --------     --------  ----------------------  --------------------  
      0.107        0.000                      0                37333        0.053        0.000                      0                37333        5.750        0.000                       0                 16691  


All user specified timing constraints are met.


------------------------------------------------------------------------------------------------
| Clock Summary
| -------------
------------------------------------------------------------------------------------------------

Clock  Waveform(ns)       Period(ns)      Frequency(MHz)
-----  ------------       ----------      --------------
clk    {0.000 7.000}      14.000          71.429          


------------------------------------------------------------------------------------------------
| Intra Clock Table
| -----------------
------------------------------------------------------------------------------------------------

Clock             WNS(ns)      TNS(ns)  TNS Failing Endpoints  TNS Total Endpoints      WHS(ns)      THS(ns)  THS Failing Endpoints  THS Total Endpoints     WPWS(ns)     TPWS(ns)  TPWS Failing Endpoints  TPWS Total Endpoints  
-----             -------      -------  ---------------------  -------------------      -------      -------  ---------------------  -------------------     --------     --------  ----------------------  --------------------  
clk                 0.107        0.000                      0                37333        0.053        0.000                      0                37333        5.750        0.000                       0                 16691  


------------------------------------------------------------------------------------------------
| Inter Clock Table
| -----------------
------------------------------------------------------------------------------------------------

From Clock    To Clock          WNS(ns)      TNS(ns)  TNS Failing Endpoints  TNS Total Endpoints      WHS(ns)      THS(ns)  THS Failing Endpoints  THS Total Endpoints  
----------    --------          -------      -------  ---------------------  -------------------      -------      -------  ---------------------  -------------------  


------------------------------------------------------------------------------------------------
| Other Path Groups Table
| -----------------------
------------------------------------------------------------------------------------------------

Path Group    From Clock    To Clock          WNS(ns)      TNS(ns)  TNS Failing Endpoints  TNS Total Endpoints      WHS(ns)      THS(ns)  THS Failing Endpoints  THS Total Endpoints  
----------    ----------    --------          -------      -------  ---------------------  -------------------      -------      -------  ---------------------  -------------------  


------------------------------------------------------------------------------------------------
| Timing Details
| --------------
------------------------------------------------------------------------------------------------


---------------------------------------------------------------------------------------------------
From Clock:  clk
  To Clock:  clk

Setup :            0  Failing Endpoints,  Worst Slack        0.107ns,  Total Violation        0.000ns
Hold  :            0  Failing Endpoints,  Worst Slack        0.053ns,  Total Violation        0.000ns
PW    :            0  Failing Endpoints,  Worst Slack        5.750ns,  Total Violation        0.000ns
---------------------------------------------------------------------------------------------------


Max Delay Paths
--------------------------------------------------------------------------------------
Slack (MET) :             0.107ns  (required time - arrival time)
  Source:                 hash_tile_md0/DUT_SHA512/HASH_BM/SHA512/w_mem_inst/w_mem_reg[1][10]/C
                            (rising edge-triggered cell FDCE clocked by clk  {rise@0.000ns fall@7.000ns period=14.000ns})
  Destination:            hash_tile_md0/DUT_SHA512/HASH_BM/SHA512/a_reg_reg[60]/D
                            (rising edge-triggered cell FDCE clocked by clk  {rise@0.000ns fall@7.000ns period=14.000ns})
  Path Group:             clk
  Path Type:              Setup (Max at Slow Process Corner)
  Requirement:            14.000ns  (clk rise@14.000ns - clk rise@0.000ns)
  Data Path Delay:        13.840ns  (logic 6.871ns (49.644%)  route 6.969ns (50.356%))
  Logic Levels:           30  (CARRY4=18 LUT3=2 LUT4=1 LUT5=5 LUT6=4)
  Clock Path Skew:        -0.049ns (DCD - SCD + CPR)
    Destination Clock Delay (DCD):    0.924ns = ( 14.924 - 14.000 ) 
    Source Clock Delay      (SCD):    0.973ns
    Clock Pessimism Removal (CPR):    0.000ns
  Clock Uncertainty:      0.035ns  ((TSJ^2 + TIJ^2)^1/2 + DJ) / 2 + PE
    Total System Jitter     (TSJ):    0.071ns
    Total Input Jitter      (TIJ):    0.000ns
    Discrete Jitter          (DJ):    0.000ns
    Phase Error              (PE):    0.000ns

    Location             Delay type                Incr(ns)  Path(ns)    Netlist Resource(s)
  -------------------------------------------------------------------    -------------------
                         (clock clk rise edge)        0.000     0.000 r  
                                                      0.000     0.000 r  clk (IN)
                         net (fo=16690, unset)        0.973     0.973    hash_tile_md0/DUT_SHA512/HASH_BM/SHA512/w_mem_inst/clk
    SLICE_X48Y85         FDCE                                         r  hash_tile_md0/DUT_SHA512/HASH_BM/SHA512/w_mem_inst/w_mem_reg[1][10]/C
  -------------------------------------------------------------------    -------------------
    SLICE_X48Y85         FDCE (Prop_fdce_C_Q)         0.518     1.491 r  hash_tile_md0/DUT_SHA512/HASH_BM/SHA512/w_mem_inst/w_mem_reg[1][10]/Q
                         net (fo=8, routed)           0.652     2.143    hash_tile_md0/DUT_SHA512/HASH_BM/SHA512/w_mem_inst/p_5_in[9]
    SLICE_X46Y88         LUT3 (Prop_lut3_I0_O)        0.124     2.267 r  hash_tile_md0/DUT_SHA512/HASH_BM/SHA512/w_mem_inst/w_mem[15][3]_i_16__0/O
                         net (fo=1, routed)           0.680     2.947    hash_tile_md0/DUT_SHA512/HASH_BM/SHA512/w_mem_inst/w_mem_update_logic.d0[2]
    SLICE_X46Y88         LUT5 (Prop_lut5_I3_O)        0.124     3.071 r  hash_tile_md0/DUT_SHA512/HASH_BM/SHA512/w_mem_inst/w_mem[15][3]_i_10__2/O
                         net (fo=3, routed)           0.399     3.470    hash_tile_md0/DUT_SHA512/HASH_BM/SHA512/w_mem_inst/w_mem[15][3]_i_10__2_n_0
    SLICE_X46Y88         LUT3 (Prop_lut3_I1_O)        0.124     3.594 r  hash_tile_md0/DUT_SHA512/HASH_BM/SHA512/w_mem_inst/w_mem[15][3]_i_3__2/O
                         net (fo=2, routed)           0.865     4.459    hash_tile_md0/DUT_SHA512/HASH_BM/SHA512/w_mem_inst/w_mem[15][3]_i_3__2_n_0
    SLICE_X47Y90         LUT4 (Prop_lut4_I3_O)        0.124     4.583 r  hash_tile_md0/DUT_SHA512/HASH_BM/SHA512/w_mem_inst/w_mem[15][3]_i_6__2/O
                         net (fo=1, routed)           0.000     4.583    hash_tile_md0/DUT_SHA512/HASH_BM/SHA512/w_mem_inst/w_mem[15][3]_i_6__2_n_0
    SLICE_X47Y90         CARRY4 (Prop_carry4_S[3]_CO[3])
                                                      0.401     4.984 r  hash_tile_md0/DUT_SHA512/HASH_BM/SHA512/w_mem_inst/w_mem_reg[15][3]_i_2__2/CO[3]
                         net (fo=1, routed)           0.000     4.984    hash_tile_md0/DUT_SHA512/HASH_BM/SHA512/w_mem_inst/w_mem_reg[15][3]_i_2__2_n_0
    SLICE_X47Y91         CARRY4 (Prop_carry4_CI_O[3])
                                                      0.313     5.297 r  hash_tile_md0/DUT_SHA512/HASH_BM/SHA512/w_mem_inst/w_mem_reg[15][7]_i_2__2/O[3]
                         net (fo=2, routed)           0.322     5.620    hash_tile_md0/DUT_SHA512/HASH_BM/SHA512/w_mem_inst/w_new[7]
    SLICE_X51Y91         LUT5 (Prop_lut5_I3_O)        0.306     5.926 r  hash_tile_md0/DUT_SHA512/HASH_BM/SHA512/w_mem_inst/i___69_i_26__0/O
                         net (fo=2, routed)           0.607     6.533    hash_tile_md0/DUT_SHA512/HASH_BM/SHA512/w_mem_inst/w_data[7]
    SLICE_X52Y94         LUT5 (Prop_lut5_I3_O)        0.124     6.657 r  hash_tile_md0/DUT_SHA512/HASH_BM/SHA512/w_mem_inst/i___69_i_18__0/O
                         net (fo=2, routed)           0.729     7.386    hash_tile_md0/DUT_SHA512/HASH_BM/SHA512/w_mem_inst/i___69_i_18__0_n_0
    SLICE_X55Y97         LUT6 (Prop_lut6_I0_O)        0.124     7.510 r  hash_tile_md0/DUT_SHA512/HASH_BM/SHA512/w_mem_inst/i___69_i_22__0/O
                         net (fo=1, routed)           0.000     7.510    hash_tile_md0/DUT_SHA512/HASH_BM/SHA512/w_mem_inst/i___69_i_22__0_n_0
    SLICE_X55Y97         CARRY4 (Prop_carry4_S[0]_CO[3])
                                                      0.532     8.042 r  hash_tile_md0/DUT_SHA512/HASH_BM/SHA512/w_mem_inst/i___69_i_13__0/CO[3]
                         net (fo=1, routed)           0.000     8.042    hash_tile_md0/DUT_SHA512/HASH_BM/SHA512/w_mem_inst/i___69_i_13__0_n_0
    SLICE_X55Y98         CARRY4 (Prop_carry4_CI_O[0])
                                                      0.222     8.264 r  hash_tile_md0/DUT_SHA512/HASH_BM/SHA512/w_mem_inst/i___65_i_13__0/O[0]
                         net (fo=2, routed)           0.455     8.718    hash_tile_md0/DUT_SHA512/HASH_BM/SHA512/w_mem_inst/i___65_i_13__0_n_7
    SLICE_X58Y98         LUT5 (Prop_lut5_I0_O)        0.299     9.017 r  hash_tile_md0/DUT_SHA512/HASH_BM/SHA512/w_mem_inst/i___69_i_4__0/O
                         net (fo=2, routed)           0.633     9.650    hash_tile_md0/DUT_SHA512/HASH_BM/SHA512/w_mem_inst/i___69_i_4__0_n_0
    SLICE_X59Y98         LUT6 (Prop_lut6_I0_O)        0.124     9.774 r  hash_tile_md0/DUT_SHA512/HASH_BM/SHA512/w_mem_inst/i___69_i_8__0/O
                         net (fo=1, routed)           0.000     9.774    hash_tile_md0/DUT_SHA512/HASH_BM/SHA512/w_mem_inst/i___69_i_8__0_n_0
    SLICE_X59Y98         CARRY4 (Prop_carry4_S[1]_CO[3])
                                                      0.550    10.324 r  hash_tile_md0/DUT_SHA512/HASH_BM/SHA512/w_mem_inst/i___69_i_1__0/CO[3]
                         net (fo=1, routed)           0.000    10.324    hash_tile_md0/DUT_SHA512/HASH_BM/SHA512/w_mem_inst/i___69_i_1__0_n_0
    SLICE_X59Y99         CARRY4 (Prop_carry4_CI_O[0])
                                                      0.222    10.546 r  hash_tile_md0/DUT_SHA512/HASH_BM/SHA512/w_mem_inst/i___65_i_1__0/O[0]
                         net (fo=4, routed)           0.472    11.018    hash_tile_md0/DUT_SHA512/HASH_BM/SHA512/w_mem_inst/e_reg_reg[18][0]
    SLICE_X61Y97         LUT5 (Prop_lut5_I4_O)        0.299    11.317 r  hash_tile_md0/DUT_SHA512/HASH_BM/SHA512/w_mem_inst/a_reg[19]_i_5__2/O
                         net (fo=2, routed)           0.692    12.009    hash_tile_md0/DUT_SHA512/HASH_BM/SHA512/w_mem_inst/a_reg[19]_i_5__2_n_0
    SLICE_X62Y97         LUT6 (Prop_lut6_I0_O)        0.124    12.133 r  hash_tile_md0/DUT_SHA512/HASH_BM/SHA512/w_mem_inst/a_reg[19]_i_9__2/O
                         net (fo=1, routed)           0.000    12.133    hash_tile_md0/DUT_SHA512/HASH_BM/SHA512/w_mem_inst/a_reg[19]_i_9__2_n_0
    SLICE_X62Y97         CARRY4 (Prop_carry4_S[1]_CO[3])
                                                      0.533    12.666 r  hash_tile_md0/DUT_SHA512/HASH_BM/SHA512/w_mem_inst/a_reg_reg[19]_i_2__2/CO[3]
                         net (fo=1, routed)           0.000    12.666    hash_tile_md0/DUT_SHA512/HASH_BM/SHA512/w_mem_inst/a_reg_reg[19]_i_2__2_n_0
    SLICE_X62Y98         CARRY4 (Prop_carry4_CI_CO[3])
                                                      0.117    12.783 r  hash_tile_md0/DUT_SHA512/HASH_BM/SHA512/w_mem_inst/a_reg_reg[23]_i_2__2/CO[3]
                         net (fo=1, routed)           0.000    12.783    hash_tile_md0/DUT_SHA512/HASH_BM/SHA512/w_mem_inst/a_reg_reg[23]_i_2__2_n_0
    SLICE_X62Y99         CARRY4 (Prop_carry4_CI_CO[3])
                                                      0.117    12.900 r  hash_tile_md0/DUT_SHA512/HASH_BM/SHA512/w_mem_inst/a_reg_reg[27]_i_2__2/CO[3]
                         net (fo=1, routed)           0.001    12.900    hash_tile_md0/DUT_SHA512/HASH_BM/SHA512/w_mem_inst/a_reg_reg[27]_i_2__2_n_0
    SLICE_X62Y100        CARRY4 (Prop_carry4_CI_CO[3])
                                                      0.117    13.017 r  hash_tile_md0/DUT_SHA512/HASH_BM/SHA512/w_mem_inst/a_reg_reg[31]_i_2__2/CO[3]
                         net (fo=1, routed)           0.000    13.017    hash_tile_md0/DUT_SHA512/HASH_BM/SHA512/w_mem_inst/a_reg_reg[31]_i_2__2_n_0
    SLICE_X62Y101        CARRY4 (Prop_carry4_CI_CO[3])
                                                      0.117    13.134 r  hash_tile_md0/DUT_SHA512/HASH_BM/SHA512/w_mem_inst/a_reg_reg[35]_i_2__0/CO[3]
                         net (fo=1, routed)           0.000    13.134    hash_tile_md0/DUT_SHA512/HASH_BM/SHA512/w_mem_inst/a_reg_reg[35]_i_2__0_n_0
    SLICE_X62Y102        CARRY4 (Prop_carry4_CI_CO[3])
                                                      0.117    13.251 r  hash_tile_md0/DUT_SHA512/HASH_BM/SHA512/w_mem_inst/a_reg_reg[39]_i_2__0/CO[3]
                         net (fo=1, routed)           0.000    13.251    hash_tile_md0/DUT_SHA512/HASH_BM/SHA512/w_mem_inst/a_reg_reg[39]_i_2__0_n_0
    SLICE_X62Y103        CARRY4 (Prop_carry4_CI_CO[3])
                                                      0.117    13.368 r  hash_tile_md0/DUT_SHA512/HASH_BM/SHA512/w_mem_inst/a_reg_reg[43]_i_2__0/CO[3]
                         net (fo=1, routed)           0.000    13.368    hash_tile_md0/DUT_SHA512/HASH_BM/SHA512/w_mem_inst/a_reg_reg[43]_i_2__0_n_0
    SLICE_X62Y104        CARRY4 (Prop_carry4_CI_CO[3])
                                                      0.117    13.485 r  hash_tile_md0/DUT_SHA512/HASH_BM/SHA512/w_mem_inst/a_reg_reg[47]_i_2__0/CO[3]
                         net (fo=1, routed)           0.000    13.485    hash_tile_md0/DUT_SHA512/HASH_BM/SHA512/w_mem_inst/a_reg_reg[47]_i_2__0_n_0
    SLICE_X62Y105        CARRY4 (Prop_carry4_CI_CO[3])
                                                      0.117    13.602 r  hash_tile_md0/DUT_SHA512/HASH_BM/SHA512/w_mem_inst/a_reg_reg[51]_i_2__0/CO[3]
                         net (fo=1, routed)           0.000    13.602    hash_tile_md0/DUT_SHA512/HASH_BM/SHA512/w_mem_inst/a_reg_reg[51]_i_2__0_n_0
    SLICE_X62Y106        CARRY4 (Prop_carry4_CI_CO[3])
                                                      0.117    13.719 r  hash_tile_md0/DUT_SHA512/HASH_BM/SHA512/w_mem_inst/a_reg_reg[55]_i_2__0/CO[3]
                         net (fo=1, routed)           0.000    13.719    hash_tile_md0/DUT_SHA512/HASH_BM/SHA512/w_mem_inst/a_reg_reg[55]_i_2__0_n_0
    SLICE_X62Y107        CARRY4 (Prop_carry4_CI_CO[3])
                                                      0.117    13.836 r  hash_tile_md0/DUT_SHA512/HASH_BM/SHA512/w_mem_inst/a_reg_reg[59]_i_2__0/CO[3]
                         net (fo=1, routed)           0.000    13.836    hash_tile_md0/DUT_SHA512/HASH_BM/SHA512/w_mem_inst/a_reg_reg[59]_i_2__0_n_0
    SLICE_X62Y108        CARRY4 (Prop_carry4_CI_O[0])
                                                      0.219    14.055 r  hash_tile_md0/DUT_SHA512/HASH_BM/SHA512/w_mem_inst/a_reg_reg[63]_i_2__0/O[0]
                         net (fo=1, routed)           0.463    14.518    hash_tile_md0/DUT_SHA512/HASH_BM/SHA512/w_mem_inst/a_new0[60]
    SLICE_X63Y107        LUT6 (Prop_lut6_I0_O)        0.295    14.813 r  hash_tile_md0/DUT_SHA512/HASH_BM/SHA512/w_mem_inst/a_reg[60]_i_1__0/O
                         net (fo=1, routed)           0.000    14.813    hash_tile_md0/DUT_SHA512/HASH_BM/SHA512/a_new[60]
    SLICE_X63Y107        FDCE                                         r  hash_tile_md0/DUT_SHA512/HASH_BM/SHA512/a_reg_reg[60]/D
  -------------------------------------------------------------------    -------------------

                         (clock clk rise edge)       14.000    14.000 r  
                                                      0.000    14.000 r  clk (IN)
                         net (fo=16690, unset)        0.924    14.924    hash_tile_md0/DUT_SHA512/HASH_BM/SHA512/clk
    SLICE_X63Y107        FDCE                                         r  hash_tile_md0/DUT_SHA512/HASH_BM/SHA512/a_reg_reg[60]/C
                         clock pessimism              0.000    14.924    
                         clock uncertainty           -0.035    14.889    
    SLICE_X63Y107        FDCE (Setup_fdce_C_D)        0.031    14.920    hash_tile_md0/DUT_SHA512/HASH_BM/SHA512/a_reg_reg[60]
  -------------------------------------------------------------------
                         required time                         14.920    
                         arrival time                         -14.813    
  -------------------------------------------------------------------
                         slack                                  0.107    





Min Delay Paths
--------------------------------------------------------------------------------------
Slack (MET) :             0.053ns  (arrival time - required time)
  Source:                 wots_xmss_fsm_md0/o_WOTS_s_in_0_reg[47]/C
                            (rising edge-triggered cell FDCE clocked by clk  {rise@0.000ns fall@7.000ns period=14.000ns})
  Destination:            MEM_64BIT_1/mem_reg_1/DIBDI[11]
                            (rising edge-triggered cell RAMB36E1 clocked by clk  {rise@0.000ns fall@7.000ns period=14.000ns})
  Path Group:             clk
  Path Type:              Hold (Min at Fast Process Corner)
  Requirement:            0.000ns  (clk rise@0.000ns - clk rise@0.000ns)
  Data Path Delay:        0.371ns  (logic 0.164ns (44.217%)  route 0.207ns (55.783%))
  Logic Levels:           0  
  Clock Path Skew:        0.022ns (DCD - SCD - CPR)
    Destination Clock Delay (DCD):    0.432ns
    Source Clock Delay      (SCD):    0.410ns
    Clock Pessimism Removal (CPR):    -0.000ns

    Location             Delay type                Incr(ns)  Path(ns)    Netlist Resource(s)
  -------------------------------------------------------------------    -------------------
                         (clock clk rise edge)        0.000     0.000 r  
                                                      0.000     0.000 r  clk (IN)
                         net (fo=16690, unset)        0.410     0.410    wots_xmss_fsm_md0/clk
    SLICE_X48Y70         FDCE                                         r  wots_xmss_fsm_md0/o_WOTS_s_in_0_reg[47]/C
  -------------------------------------------------------------------    -------------------
    SLICE_X48Y70         FDCE (Prop_fdce_C_Q)         0.164     0.574 r  wots_xmss_fsm_md0/o_WOTS_s_in_0_reg[47]/Q
                         net (fo=3, routed)           0.207     0.781    MEM_64BIT_1/mem_reg_1_2[47]
    RAMB36_X2Y13         RAMB36E1                                     r  MEM_64BIT_1/mem_reg_1/DIBDI[11]
  -------------------------------------------------------------------    -------------------

                         (clock clk rise edge)        0.000     0.000 r  
                                                      0.000     0.000 r  clk (IN)
                         net (fo=16690, unset)        0.432     0.432    MEM_64BIT_1/clk
    RAMB36_X2Y13         RAMB36E1                                     r  MEM_64BIT_1/mem_reg_1/CLKBWRCLK
                         clock pessimism              0.000     0.432    
    RAMB36_X2Y13         RAMB36E1 (Hold_ramb36e1_CLKBWRCLK_DIBDI[11])
                                                      0.296     0.728    MEM_64BIT_1/mem_reg_1
  -------------------------------------------------------------------
                         required time                         -0.728    
                         arrival time                           0.781    
  -------------------------------------------------------------------
                         slack                                  0.053    





Pulse Width Checks
--------------------------------------------------------------------------------------
Clock Name:         clk
Waveform(ns):       { 0.000 7.000 }
Period(ns):         14.000
Sources:            { clk }

Check Type        Corner  Lib Pin             Reference Pin  Required(ns)  Actual(ns)  Slack(ns)  Location      Pin
Min Period        n/a     RAMB36E1/CLKARDCLK  n/a            2.944         14.000      11.056     RAMB36_X4Y13  hash_tile_md0/DUT_SHA256/BIG_MEM/mem_reg/CLKARDCLK
Low Pulse Width   Slow    RAMD32/CLK          n/a            1.250         7.000       5.750      SLICE_X76Y67  hash_tile_md0/DUT_SHA256/B_FIFO_INSTANCE/fifo_mem_reg_0_7_0_5/RAMA/CLK
High Pulse Width  Slow    RAMD32/CLK          n/a            1.250         7.000       5.750      SLICE_X76Y67  hash_tile_md0/DUT_SHA256/B_FIFO_INSTANCE/fifo_mem_reg_0_7_0_5/RAMA/CLK



