Copyright 1986-2022 Xilinx, Inc. All Rights Reserved. Copyright 2022-2025 Advanced Micro Devices, Inc. All Rights Reserved.
---------------------------------------------------------------------------------------------------------------------------------------------
| Tool Version : Vivado v.2025.2 (lin64) Build 6299465 Fri Nov 14 12:34:56 MST 2025
| Date         : Sat Aug 29 23:54:23 2026
| Host         : MSI running 64-bit Ubuntu 26.04 LTS
| Command      : report_timing_summary -file /tmp/fsrch_slh_256f_optimized_11.0.rpt
| Design       : top
| Device       : 7a200t-fbg676
| Speed File   : -1  PRODUCTION 1.23 2018-06-13
| Design State : Routed
---------------------------------------------------------------------------------------------------------------------------------------------

Timing Summary Report

------------------------------------------------------------------------------------------------
| Timer Settings
| --------------
------------------------------------------------------------------------------------------------

  Enable Multi Corner Analysis               :  Yes
  Enable Pessimism Removal                   :  Yes
  Pessimism Removal Resolution               :  Nearest Common Node
  Enable Input Delay Default Clock           :  No
  Enable Preset / Clear Arcs                 :  No
  Disable Flight Delays                      :  No
  Ignore I/O Paths                           :  No
  Timing Early Launch at Borrowing Latches   :  No
  Borrow Time for Max Delay Exceptions       :  Yes
  Merge Timing Exceptions                    :  Yes
  Inter-SLR Compensation                     :  Conservative

  Corner  Analyze    Analyze    
  Name    Max Paths  Min Paths  
  ------  ---------  ---------  
  Slow    Yes        Yes        
  Fast    Yes        Yes        


------------------------------------------------------------------------------------------------
| Report Methodology
| ------------------
------------------------------------------------------------------------------------------------

No report available as report_methodology has not been run prior. Run report_methodology on the current design for the summary of methodology violations.



check_timing report

Table of Contents
-----------------
1. checking no_clock (4)
2. checking constant_clock (0)
3. checking pulse_width_clock (0)
4. checking unconstrained_internal_endpoints (1)
5. checking no_input_delay (170)
6. checking no_output_delay (80)
7. checking multiple_clock (0)
8. checking generated_clocks (0)
9. checking loops (0)
10. checking partial_input_delay (0)
11. checking partial_output_delay (0)
12. checking latch_loops (0)

1. checking no_clock (4)
------------------------
 There is 1 register/latch pin with no clock driven by root clock pin: wots_xmss_fsm_md0/md0/XMSS_start_reg/Q (HIGH)

 There is 1 register/latch pin with no clock driven by root clock pin: wots_xmss_fsm_md0/md0/cnt_reg[1]/Q (HIGH)

 There is 1 register/latch pin with no clock driven by root clock pin: wots_xmss_fsm_md0/md0/cnt_reg[2]/Q (HIGH)

 There is 1 register/latch pin with no clock driven by root clock pin: wots_xmss_fsm_md0/md0/cnt_reg[3]/Q (HIGH)


2. checking constant_clock (0)
------------------------------
 There are 0 register/latch pins with constant_clock.


3. checking pulse_width_clock (0)
---------------------------------
 There are 0 register/latch pins which need pulse_width check


4. checking unconstrained_internal_endpoints (1)
------------------------------------------------
 There is 1 pin that is not constrained for maximum delay. (HIGH)

 There are 0 pins that are not constrained for maximum delay due to constant clock.


5. checking no_input_delay (170)
--------------------------------
 There are 156 input ports with no input delay specified. (HIGH)

 There are 14 input ports with no input delay but user has a false path constraint. (MEDIUM)


6. checking no_output_delay (80)
--------------------------------
 There are 80 ports with no output delay specified. (HIGH)

 There are 0 ports with no output delay but user has a false path constraint

 There are 0 ports with no output delay but with a timing clock defined on it or propagating through it


7. checking multiple_clock (0)
------------------------------
 There are 0 register/latch pins with multiple clocks.


8. checking generated_clocks (0)
--------------------------------
 There are 0 generated clocks that are not connected to a clock source.


9. checking loops (0)
---------------------
 There are 0 combinational loops in the design.


10. checking partial_input_delay (0)
------------------------------------
 There are 0 input ports with partial input delay specified.


11. checking partial_output_delay (0)
-------------------------------------
 There are 0 ports with partial output delay specified.


12. checking latch_loops (0)
----------------------------
 There are 0 combinational latch loops in the design through latch input



------------------------------------------------------------------------------------------------
| Design Timing Summary
| ---------------------
------------------------------------------------------------------------------------------------

    WNS(ns)      TNS(ns)  TNS Failing Endpoints  TNS Total Endpoints      WHS(ns)      THS(ns)  THS Failing Endpoints  THS Total Endpoints     WPWS(ns)     TPWS(ns)  TPWS Failing Endpoints  TPWS Total Endpoints  
    -------      -------  ---------------------  -------------------      -------      -------  ---------------------  -------------------     --------     --------  ----------------------  --------------------  
      0.002        0.000                      0                37300        0.046        0.000                      0                37300        4.250        0.000                       0                 16676  


All user specified timing constraints are met.


------------------------------------------------------------------------------------------------
| Clock Summary
| -------------
------------------------------------------------------------------------------------------------

Clock  Waveform(ns)       Period(ns)      Frequency(MHz)
-----  ------------       ----------      --------------
clk    {0.000 5.500}      11.000          90.909          


------------------------------------------------------------------------------------------------
| Intra Clock Table
| -----------------
------------------------------------------------------------------------------------------------

Clock             WNS(ns)      TNS(ns)  TNS Failing Endpoints  TNS Total Endpoints      WHS(ns)      THS(ns)  THS Failing Endpoints  THS Total Endpoints     WPWS(ns)     TPWS(ns)  TPWS Failing Endpoints  TPWS Total Endpoints  
-----             -------      -------  ---------------------  -------------------      -------      -------  ---------------------  -------------------     --------     --------  ----------------------  --------------------  
clk                 0.002        0.000                      0                37300        0.046        0.000                      0                37300        4.250        0.000                       0                 16676  


------------------------------------------------------------------------------------------------
| Inter Clock Table
| -----------------
------------------------------------------------------------------------------------------------

From Clock    To Clock          WNS(ns)      TNS(ns)  TNS Failing Endpoints  TNS Total Endpoints      WHS(ns)      THS(ns)  THS Failing Endpoints  THS Total Endpoints  
----------    --------          -------      -------  ---------------------  -------------------      -------      -------  ---------------------  -------------------  


------------------------------------------------------------------------------------------------
| Other Path Groups Table
| -----------------------
------------------------------------------------------------------------------------------------

Path Group    From Clock    To Clock          WNS(ns)      TNS(ns)  TNS Failing Endpoints  TNS Total Endpoints      WHS(ns)      THS(ns)  THS Failing Endpoints  THS Total Endpoints  
----------    ----------    --------          -------      -------  ---------------------  -------------------      -------      -------  ---------------------  -------------------  


------------------------------------------------------------------------------------------------
| Timing Details
| --------------
------------------------------------------------------------------------------------------------


---------------------------------------------------------------------------------------------------
From Clock:  clk
  To Clock:  clk

Setup :            0  Failing Endpoints,  Worst Slack        0.002ns,  Total Violation        0.000ns
Hold  :            0  Failing Endpoints,  Worst Slack        0.046ns,  Total Violation        0.000ns
PW    :            0  Failing Endpoints,  Worst Slack        4.250ns,  Total Violation        0.000ns
---------------------------------------------------------------------------------------------------


Max Delay Paths
--------------------------------------------------------------------------------------
Slack (MET) :             0.002ns  (required time - arrival time)
  Source:                 hash_tile_md0/DUT_SHA256/HASH_BM/SHA256/w_mem_inst/w_mem_reg[1][0]/C
                            (rising edge-triggered cell FDCE clocked by clk  {rise@0.000ns fall@5.500ns period=11.000ns})
  Destination:            hash_tile_md0/DUT_SHA256/HASH_BM/SHA256/a_reg_reg[29]/D
                            (rising edge-triggered cell FDCE clocked by clk  {rise@0.000ns fall@5.500ns period=11.000ns})
  Path Group:             clk
  Path Type:              Setup (Max at Slow Process Corner)
  Requirement:            11.000ns  (clk rise@11.000ns - clk rise@0.000ns)
  Data Path Delay:        10.945ns  (logic 4.668ns (42.651%)  route 6.277ns (57.349%))
  Logic Levels:           16  (CARRY4=7 LUT3=2 LUT5=3 LUT6=4)
  Clock Path Skew:        -0.049ns (DCD - SCD + CPR)
    Destination Clock Delay (DCD):    0.924ns = ( 11.924 - 11.000 ) 
    Source Clock Delay      (SCD):    0.973ns
    Clock Pessimism Removal (CPR):    0.000ns
  Clock Uncertainty:      0.035ns  ((TSJ^2 + TIJ^2)^1/2 + DJ) / 2 + PE
    Total System Jitter     (TSJ):    0.071ns
    Total Input Jitter      (TIJ):    0.000ns
    Discrete Jitter          (DJ):    0.000ns
    Phase Error              (PE):    0.000ns

    Location             Delay type                Incr(ns)  Path(ns)    Netlist Resource(s)
  -------------------------------------------------------------------    -------------------
                         (clock clk rise edge)        0.000     0.000 r  
                                                      0.000     0.000 r  clk (IN)
                         net (fo=16675, unset)        0.973     0.973    hash_tile_md0/DUT_SHA256/HASH_BM/SHA256/w_mem_inst/clk
    SLICE_X145Y82        FDCE                                         r  hash_tile_md0/DUT_SHA256/HASH_BM/SHA256/w_mem_inst/w_mem_reg[1][0]/C
  -------------------------------------------------------------------    -------------------
    SLICE_X145Y82        FDCE (Prop_fdce_C_Q)         0.456     1.429 r  hash_tile_md0/DUT_SHA256/HASH_BM/SHA256/w_mem_inst/w_mem_reg[1][0]/Q
                         net (fo=6, routed)           1.468     2.897    hash_tile_md0/DUT_SHA256/HASH_BM/SHA256/w_mem_inst/p_2_in[25]
    SLICE_X137Y90        LUT5 (Prop_lut5_I2_O)        0.124     3.021 r  hash_tile_md0/DUT_SHA256/HASH_BM/SHA256/w_mem_inst/w_mem[15][15]_i_12__0/O
                         net (fo=2, routed)           0.564     3.585    hash_tile_md0/DUT_SHA256/HASH_BM/SHA256/w_mem_inst/w_mem[15][15]_i_12__0_n_0
    SLICE_X135Y90        LUT5 (Prop_lut5_I3_O)        0.124     3.709 r  hash_tile_md0/DUT_SHA256/HASH_BM/SHA256/w_mem_inst/w_mem[15][15]_i_4__0/O
                         net (fo=2, routed)           0.606     4.315    hash_tile_md0/DUT_SHA256/HASH_BM/SHA256/w_mem_inst/w_mem[15][15]_i_4__0_n_0
    SLICE_X134Y90        LUT6 (Prop_lut6_I0_O)        0.124     4.439 r  hash_tile_md0/DUT_SHA256/HASH_BM/SHA256/w_mem_inst/w_mem[15][15]_i_8__0/O
                         net (fo=1, routed)           0.000     4.439    hash_tile_md0/DUT_SHA256/HASH_BM/SHA256/w_mem_inst/w_mem[15][15]_i_8__0_n_0
    SLICE_X134Y90        CARRY4 (Prop_carry4_S[3]_CO[3])
                                                      0.401     4.840 r  hash_tile_md0/DUT_SHA256/HASH_BM/SHA256/w_mem_inst/w_mem_reg[15][15]_i_2__0/CO[3]
                         net (fo=1, routed)           0.000     4.840    hash_tile_md0/DUT_SHA256/HASH_BM/SHA256/w_mem_inst/w_mem_reg[15][15]_i_2__0_n_0
    SLICE_X134Y91        CARRY4 (Prop_carry4_CI_O[1])
                                                      0.334     5.174 r  hash_tile_md0/DUT_SHA256/HASH_BM/SHA256/w_mem_inst/w_mem_reg[15][19]_i_2__0/O[1]
                         net (fo=2, routed)           0.606     5.780    hash_tile_md0/DUT_SHA256/HASH_BM/SHA256/w_mem_inst/w_new[17]
    SLICE_X126Y91        LUT6 (Prop_lut6_I3_O)        0.303     6.083 r  hash_tile_md0/DUT_SHA256/HASH_BM/SHA256/w_mem_inst/i___19_i_20__0/O
                         net (fo=2, routed)           0.585     6.668    hash_tile_md0/DUT_SHA256/HASH_BM/SHA256/w_mem_inst/w_data[17]
    SLICE_X124Y91        LUT3 (Prop_lut3_I2_O)        0.150     6.818 r  hash_tile_md0/DUT_SHA256/HASH_BM/SHA256/w_mem_inst/i___19_i_13__0/O
                         net (fo=3, routed)           0.196     7.015    hash_tile_md0/DUT_SHA256/HASH_BM/SHA256/w_mem_inst/t1_logic.csa2_s__0[17]
    SLICE_X124Y91        LUT3 (Prop_lut3_I1_O)        0.328     7.343 r  hash_tile_md0/DUT_SHA256/HASH_BM/SHA256/w_mem_inst/i___19_i_4__0/O
                         net (fo=1, routed)           0.767     8.110    hash_tile_md0/DUT_SHA256/HASH_BM/SHA256/w_mem_inst/t1_logic.csa3_s[17]
    SLICE_X123Y92        CARRY4 (Prop_carry4_DI[1]_CO[3])
                                                      0.507     8.617 r  hash_tile_md0/DUT_SHA256/HASH_BM/SHA256/w_mem_inst/i___19_i_1__0/CO[3]
                         net (fo=1, routed)           0.000     8.617    hash_tile_md0/DUT_SHA256/HASH_BM/SHA256/w_mem_inst/i___19_i_1__0_n_0
    SLICE_X123Y93        CARRY4 (Prop_carry4_CI_O[2])
                                                      0.239     8.856 r  hash_tile_md0/DUT_SHA256/HASH_BM/SHA256/w_mem_inst/i___15_i_1__0/O[2]
                         net (fo=4, routed)           0.593     9.449    hash_tile_md0/DUT_SHA256/HASH_BM/SHA256/w_mem_inst/i___15_i_9__0_0[2]
    SLICE_X120Y94        LUT5 (Prop_lut5_I0_O)        0.302     9.751 r  hash_tile_md0/DUT_SHA256/HASH_BM/SHA256/w_mem_inst/a_reg[23]_i_3__0/O
                         net (fo=2, routed)           0.603    10.354    hash_tile_md0/DUT_SHA256/HASH_BM/SHA256/w_mem_inst/a_reg[23]_i_3__0_n_0
    SLICE_X121Y94        LUT6 (Prop_lut6_I0_O)        0.124    10.478 r  hash_tile_md0/DUT_SHA256/HASH_BM/SHA256/w_mem_inst/a_reg[23]_i_7__0/O
                         net (fo=1, routed)           0.000    10.478    hash_tile_md0/DUT_SHA256/HASH_BM/SHA256/w_mem_inst/a_reg[23]_i_7__0_n_0
    SLICE_X121Y94        CARRY4 (Prop_carry4_S[3]_CO[3])
                                                      0.401    10.879 r  hash_tile_md0/DUT_SHA256/HASH_BM/SHA256/w_mem_inst/a_reg_reg[23]_i_2__0/CO[3]
                         net (fo=1, routed)           0.000    10.879    hash_tile_md0/DUT_SHA256/HASH_BM/SHA256/w_mem_inst/a_reg_reg[23]_i_2__0_n_0
    SLICE_X121Y95        CARRY4 (Prop_carry4_CI_CO[3])
                                                      0.114    10.993 r  hash_tile_md0/DUT_SHA256/HASH_BM/SHA256/w_mem_inst/a_reg_reg[27]_i_2__0/CO[3]
                         net (fo=1, routed)           0.000    10.993    hash_tile_md0/DUT_SHA256/HASH_BM/SHA256/w_mem_inst/a_reg_reg[27]_i_2__0_n_0
    SLICE_X121Y96        CARRY4 (Prop_carry4_CI_O[1])
                                                      0.334    11.327 r  hash_tile_md0/DUT_SHA256/HASH_BM/SHA256/w_mem_inst/a_reg_reg[31]_i_2__0/O[1]
                         net (fo=1, routed)           0.288    11.615    hash_tile_md0/DUT_SHA256/HASH_BM/SHA256/w_mem_inst/a_new0[29]
    SLICE_X123Y96        LUT6 (Prop_lut6_I5_O)        0.303    11.918 r  hash_tile_md0/DUT_SHA256/HASH_BM/SHA256/w_mem_inst/a_reg[29]_i_1__0/O
                         net (fo=1, routed)           0.000    11.918    hash_tile_md0/DUT_SHA256/HASH_BM/SHA256/w_mem_inst_n_8
    SLICE_X123Y96        FDCE                                         r  hash_tile_md0/DUT_SHA256/HASH_BM/SHA256/a_reg_reg[29]/D
  -------------------------------------------------------------------    -------------------

                         (clock clk rise edge)       11.000    11.000 r  
                                                      0.000    11.000 r  clk (IN)
                         net (fo=16675, unset)        0.924    11.924    hash_tile_md0/DUT_SHA256/HASH_BM/SHA256/clk
    SLICE_X123Y96        FDCE                                         r  hash_tile_md0/DUT_SHA256/HASH_BM/SHA256/a_reg_reg[29]/C
                         clock pessimism              0.000    11.924    
                         clock uncertainty           -0.035    11.889    
    SLICE_X123Y96        FDCE (Setup_fdce_C_D)        0.031    11.920    hash_tile_md0/DUT_SHA256/HASH_BM/SHA256/a_reg_reg[29]
  -------------------------------------------------------------------
                         required time                         11.920    
                         arrival time                         -11.918    
  -------------------------------------------------------------------
                         slack                                  0.002    





Min Delay Paths
--------------------------------------------------------------------------------------
Slack (MET) :             0.046ns  (arrival time - required time)
  Source:                 cl_md0/w_mem_in1_reg[2]/C
                            (rising edge-triggered cell FDCE clocked by clk  {rise@0.000ns fall@5.500ns period=11.000ns})
  Destination:            W_MEM/mem_reg/DIADI[2]
                            (rising edge-triggered cell RAMB18E1 clocked by clk  {rise@0.000ns fall@5.500ns period=11.000ns})
  Path Group:             clk
  Path Type:              Hold (Min at Fast Process Corner)
  Requirement:            0.000ns  (clk rise@0.000ns - clk rise@0.000ns)
  Data Path Delay:        0.364ns  (logic 0.141ns (38.729%)  route 0.223ns (61.271%))
  Logic Levels:           0  
  Clock Path Skew:        0.022ns (DCD - SCD - CPR)
    Destination Clock Delay (DCD):    0.432ns
    Source Clock Delay      (SCD):    0.410ns
    Clock Pessimism Removal (CPR):    -0.000ns

    Location             Delay type                Incr(ns)  Path(ns)    Netlist Resource(s)
  -------------------------------------------------------------------    -------------------
                         (clock clk rise edge)        0.000     0.000 r  
                                                      0.000     0.000 r  clk (IN)
                         net (fo=16675, unset)        0.410     0.410    cl_md0/clk
    SLICE_X103Y76        FDCE                                         r  cl_md0/w_mem_in1_reg[2]/C
  -------------------------------------------------------------------    -------------------
    SLICE_X103Y76        FDCE (Prop_fdce_C_Q)         0.141     0.551 r  cl_md0/w_mem_in1_reg[2]/Q
                         net (fo=1, routed)           0.223     0.774    W_MEM/Q[2]
    RAMB18_X6Y32         RAMB18E1                                     r  W_MEM/mem_reg/DIADI[2]
  -------------------------------------------------------------------    -------------------

                         (clock clk rise edge)        0.000     0.000 r  
                                                      0.000     0.000 r  clk (IN)
                         net (fo=16675, unset)        0.432     0.432    W_MEM/clk
    RAMB18_X6Y32         RAMB18E1                                     r  W_MEM/mem_reg/CLKARDCLK
                         clock pessimism              0.000     0.432    
    RAMB18_X6Y32         RAMB18E1 (Hold_ramb18e1_CLKARDCLK_DIADI[2])
                                                      0.296     0.728    W_MEM/mem_reg
  -------------------------------------------------------------------
                         required time                         -0.728    
                         arrival time                           0.774    
  -------------------------------------------------------------------
                         slack                                  0.046    





Pulse Width Checks
--------------------------------------------------------------------------------------
Clock Name:         clk
Waveform(ns):       { 0.000 5.500 }
Period(ns):         11.000
Sources:            { clk }

Check Type        Corner  Lib Pin             Reference Pin  Required(ns)  Actual(ns)  Slack(ns)  Location        Pin
Min Period        n/a     RAMB36E1/CLKARDCLK  n/a            2.944         11.000      8.056      RAMB36_X7Y22    hash_tile_md0/DUT_SHA256/BIG_MEM/mem_reg/CLKARDCLK
Low Pulse Width   Slow    RAMD32/CLK          n/a            1.250         5.500       4.250      SLICE_X132Y111  hash_tile_md0/DUT_SHA256/B_FIFO_INSTANCE/fifo_mem_reg_0_7_0_5/RAMA/CLK
High Pulse Width  Slow    RAMD32/CLK          n/a            1.250         5.500       4.250      SLICE_X132Y111  hash_tile_md0/DUT_SHA256/B_FIFO_INSTANCE/fifo_mem_reg_0_7_0_5/RAMA/CLK



