Copyright 1986-2022 Xilinx, Inc. All Rights Reserved. Copyright 2022-2025 Advanced Micro Devices, Inc. All Rights Reserved.
---------------------------------------------------------------------------------------------------------------------------------------------
| Tool Version : Vivado v.2025.2 (lin64) Build 6299465 Fri Nov 14 12:34:56 MST 2025
| Date         : Sat Aug 29 14:28:09 2026
| Host         : MSI running 64-bit Ubuntu 26.04 LTS
| Command      : report_timing_summary -file /tmp/fsrch_slh_128f_optimized_10.25.rpt
| Design       : top
| Device       : 7a200t-fbg676
| Speed File   : -1  PRODUCTION 1.23 2018-06-13
| Design State : Routed
---------------------------------------------------------------------------------------------------------------------------------------------

Timing Summary Report

------------------------------------------------------------------------------------------------
| Timer Settings
| --------------
------------------------------------------------------------------------------------------------

  Enable Multi Corner Analysis               :  Yes
  Enable Pessimism Removal                   :  Yes
  Pessimism Removal Resolution               :  Nearest Common Node
  Enable Input Delay Default Clock           :  No
  Enable Preset / Clear Arcs                 :  No
  Disable Flight Delays                      :  No
  Ignore I/O Paths                           :  No
  Timing Early Launch at Borrowing Latches   :  No
  Borrow Time for Max Delay Exceptions       :  Yes
  Merge Timing Exceptions                    :  Yes
  Inter-SLR Compensation                     :  Conservative

  Corner  Analyze    Analyze    
  Name    Max Paths  Min Paths  
  ------  ---------  ---------  
  Slow    Yes        Yes        
  Fast    Yes        Yes        


------------------------------------------------------------------------------------------------
| Report Methodology
| ------------------
------------------------------------------------------------------------------------------------

No report available as report_methodology has not been run prior. Run report_methodology on the current design for the summary of methodology violations.



check_timing report

Table of Contents
-----------------
1. checking no_clock (4)
2. checking constant_clock (0)
3. checking pulse_width_clock (0)
4. checking unconstrained_internal_endpoints (1)
5. checking no_input_delay (170)
6. checking no_output_delay (80)
7. checking multiple_clock (0)
8. checking generated_clocks (0)
9. checking loops (0)
10. checking partial_input_delay (0)
11. checking partial_output_delay (0)
12. checking latch_loops (0)

1. checking no_clock (4)
------------------------
 There is 1 register/latch pin with no clock driven by root clock pin: wots_xmss_fsm_md0/md0/XMSS_start_reg/Q (HIGH)

 There is 1 register/latch pin with no clock driven by root clock pin: wots_xmss_fsm_md0/md0/cnt_reg[1]/Q (HIGH)

 There is 1 register/latch pin with no clock driven by root clock pin: wots_xmss_fsm_md0/md0/cnt_reg[2]/Q (HIGH)

 There is 1 register/latch pin with no clock driven by root clock pin: wots_xmss_fsm_md0/md0/cnt_reg[3]/Q (HIGH)


2. checking constant_clock (0)
------------------------------
 There are 0 register/latch pins with constant_clock.


3. checking pulse_width_clock (0)
---------------------------------
 There are 0 register/latch pins which need pulse_width check


4. checking unconstrained_internal_endpoints (1)
------------------------------------------------
 There is 1 pin that is not constrained for maximum delay. (HIGH)

 There are 0 pins that are not constrained for maximum delay due to constant clock.


5. checking no_input_delay (170)
--------------------------------
 There are 156 input ports with no input delay specified. (HIGH)

 There are 14 input ports with no input delay but user has a false path constraint. (MEDIUM)


6. checking no_output_delay (80)
--------------------------------
 There are 80 ports with no output delay specified. (HIGH)

 There are 0 ports with no output delay but user has a false path constraint

 There are 0 ports with no output delay but with a timing clock defined on it or propagating through it


7. checking multiple_clock (0)
------------------------------
 There are 0 register/latch pins with multiple clocks.


8. checking generated_clocks (0)
--------------------------------
 There are 0 generated clocks that are not connected to a clock source.


9. checking loops (0)
---------------------
 There are 0 combinational loops in the design.


10. checking partial_input_delay (0)
------------------------------------
 There are 0 input ports with partial input delay specified.


11. checking partial_output_delay (0)
-------------------------------------
 There are 0 ports with partial output delay specified.


12. checking latch_loops (0)
----------------------------
 There are 0 combinational latch loops in the design through latch input



------------------------------------------------------------------------------------------------
| Design Timing Summary
| ---------------------
------------------------------------------------------------------------------------------------

    WNS(ns)      TNS(ns)  TNS Failing Endpoints  TNS Total Endpoints      WHS(ns)      THS(ns)  THS Failing Endpoints  THS Total Endpoints     WPWS(ns)     TPWS(ns)  TPWS Failing Endpoints  TPWS Total Endpoints  
    -------      -------  ---------------------  -------------------      -------      -------  ---------------------  -------------------     --------     --------  ----------------------  --------------------  
     -0.006       -0.006                      1                15365        0.064        0.000                      0                15365        3.875        0.000                       0                  6979  


Timing constraints are not met.


------------------------------------------------------------------------------------------------
| Clock Summary
| -------------
------------------------------------------------------------------------------------------------

Clock  Waveform(ns)       Period(ns)      Frequency(MHz)
-----  ------------       ----------      --------------
clk    {0.000 5.125}      10.250          97.561          


------------------------------------------------------------------------------------------------
| Intra Clock Table
| -----------------
------------------------------------------------------------------------------------------------

Clock             WNS(ns)      TNS(ns)  TNS Failing Endpoints  TNS Total Endpoints      WHS(ns)      THS(ns)  THS Failing Endpoints  THS Total Endpoints     WPWS(ns)     TPWS(ns)  TPWS Failing Endpoints  TPWS Total Endpoints  
-----             -------      -------  ---------------------  -------------------      -------      -------  ---------------------  -------------------     --------     --------  ----------------------  --------------------  
clk                -0.006       -0.006                      1                15365        0.064        0.000                      0                15365        3.875        0.000                       0                  6979  


------------------------------------------------------------------------------------------------
| Inter Clock Table
| -----------------
------------------------------------------------------------------------------------------------

From Clock    To Clock          WNS(ns)      TNS(ns)  TNS Failing Endpoints  TNS Total Endpoints      WHS(ns)      THS(ns)  THS Failing Endpoints  THS Total Endpoints  
----------    --------          -------      -------  ---------------------  -------------------      -------      -------  ---------------------  -------------------  


------------------------------------------------------------------------------------------------
| Other Path Groups Table
| -----------------------
------------------------------------------------------------------------------------------------

Path Group    From Clock    To Clock          WNS(ns)      TNS(ns)  TNS Failing Endpoints  TNS Total Endpoints      WHS(ns)      THS(ns)  THS Failing Endpoints  THS Total Endpoints  
----------    ----------    --------          -------      -------  ---------------------  -------------------      -------      -------  ---------------------  -------------------  


------------------------------------------------------------------------------------------------
| Timing Details
| --------------
------------------------------------------------------------------------------------------------


---------------------------------------------------------------------------------------------------
From Clock:  clk
  To Clock:  clk

Setup :            1  Failing Endpoint ,  Worst Slack       -0.006ns,  Total Violation       -0.006ns
Hold  :            0  Failing Endpoints,  Worst Slack        0.064ns,  Total Violation        0.000ns
PW    :            0  Failing Endpoints,  Worst Slack        3.875ns,  Total Violation        0.000ns
---------------------------------------------------------------------------------------------------


Max Delay Paths
--------------------------------------------------------------------------------------
Slack (VIOLATED) :        -0.006ns  (required time - arrival time)
  Source:                 hash_tile_md0/HASH_BM/SHA256/w_mem_inst/w_mem_reg[9][11]/C
                            (rising edge-triggered cell FDCE clocked by clk  {rise@0.000ns fall@5.125ns period=10.250ns})
  Destination:            hash_tile_md0/HASH_BM/SHA256/a_reg_reg[29]/D
                            (rising edge-triggered cell FDCE clocked by clk  {rise@0.000ns fall@5.125ns period=10.250ns})
  Path Group:             clk
  Path Type:              Setup (Max at Slow Process Corner)
  Requirement:            10.250ns  (clk rise@10.250ns - clk rise@0.000ns)
  Data Path Delay:        10.203ns  (logic 4.455ns (43.665%)  route 5.748ns (56.335%))
  Logic Levels:           15  (CARRY4=7 LUT3=2 LUT5=3 LUT6=3)
  Clock Path Skew:        -0.049ns (DCD - SCD + CPR)
    Destination Clock Delay (DCD):    0.924ns = ( 11.174 - 10.250 ) 
    Source Clock Delay      (SCD):    0.973ns
    Clock Pessimism Removal (CPR):    0.000ns
  Clock Uncertainty:      0.035ns  ((TSJ^2 + TIJ^2)^1/2 + DJ) / 2 + PE
    Total System Jitter     (TSJ):    0.071ns
    Total Input Jitter      (TIJ):    0.000ns
    Discrete Jitter          (DJ):    0.000ns
    Phase Error              (PE):    0.000ns

    Location             Delay type                Incr(ns)  Path(ns)    Netlist Resource(s)
  -------------------------------------------------------------------    -------------------
                         (clock clk rise edge)        0.000     0.000 r  
                                                      0.000     0.000 r  clk (IN)
                         net (fo=6978, unset)         0.973     0.973    hash_tile_md0/HASH_BM/SHA256/w_mem_inst/clk
    SLICE_X47Y109        FDCE                                         r  hash_tile_md0/HASH_BM/SHA256/w_mem_inst/w_mem_reg[9][11]/C
  -------------------------------------------------------------------    -------------------
    SLICE_X47Y109        FDCE (Prop_fdce_C_Q)         0.456     1.429 r  hash_tile_md0/HASH_BM/SHA256/w_mem_inst/w_mem_reg[9][11]/Q
                         net (fo=4, routed)           1.184     2.613    hash_tile_md0/HASH_BM/SHA256/w_mem_inst/w_mem_reg[9]_19[11]
    SLICE_X51Y113        LUT5 (Prop_lut5_I1_O)        0.124     2.737 r  hash_tile_md0/HASH_BM/SHA256/w_mem_inst/w_mem[15][15]_i_18__0/O
                         net (fo=2, routed)           0.441     3.178    hash_tile_md0/HASH_BM/SHA256/w_mem_inst/w_mem[15][15]_i_18__0_n_0
    SLICE_X49Y112        LUT5 (Prop_lut5_I3_O)        0.124     3.302 r  hash_tile_md0/HASH_BM/SHA256/w_mem_inst/w_mem[15][15]_i_7__0/O
                         net (fo=2, routed)           0.580     3.882    hash_tile_md0/HASH_BM/SHA256/w_mem_inst/w_mem[15][15]_i_7__0_n_0
    SLICE_X48Y112        CARRY4 (Prop_carry4_DI[0]_CO[3])
                                                      0.550     4.432 r  hash_tile_md0/HASH_BM/SHA256/w_mem_inst/w_mem_reg[15][15]_i_2__0/CO[3]
                         net (fo=1, routed)           0.000     4.432    hash_tile_md0/HASH_BM/SHA256/w_mem_inst/w_mem_reg[15][15]_i_2__0_n_0
    SLICE_X48Y113        CARRY4 (Prop_carry4_CI_O[1])
                                                      0.323     4.755 r  hash_tile_md0/HASH_BM/SHA256/w_mem_inst/w_mem_reg[15][19]_i_2__0/O[1]
                         net (fo=2, routed)           0.519     5.274    hash_tile_md0/HASH_BM/SHA256/w_mem_inst/w_new[17]
    SLICE_X52Y118        LUT6 (Prop_lut6_I3_O)        0.306     5.580 r  hash_tile_md0/HASH_BM/SHA256/w_mem_inst/i___38_i_20__0/O
                         net (fo=2, routed)           0.535     6.116    hash_tile_md0/HASH_BM/SHA256/w_mem_inst/w_data[17]
    SLICE_X46Y118        LUT3 (Prop_lut3_I2_O)        0.124     6.240 r  hash_tile_md0/HASH_BM/SHA256/w_mem_inst/i___38_i_13__0/O
                         net (fo=3, routed)           0.448     6.688    hash_tile_md0/HASH_BM/SHA256/w_mem_inst/t1_logic.csa2_s__0[17]
    SLICE_X49Y118        LUT3 (Prop_lut3_I1_O)        0.124     6.812 r  hash_tile_md0/HASH_BM/SHA256/w_mem_inst/i___38_i_4__0/O
                         net (fo=1, routed)           0.513     7.325    hash_tile_md0/HASH_BM/SHA256/w_mem_inst/t1_logic.csa3_s[17]
    SLICE_X47Y118        CARRY4 (Prop_carry4_DI[1]_CO[3])
                                                      0.507     7.832 r  hash_tile_md0/HASH_BM/SHA256/w_mem_inst/i___38_i_1__0/CO[3]
                         net (fo=1, routed)           0.000     7.832    hash_tile_md0/HASH_BM/SHA256/w_mem_inst/i___38_i_1__0_n_0
    SLICE_X47Y119        CARRY4 (Prop_carry4_CI_CO[3])
                                                      0.114     7.946 r  hash_tile_md0/HASH_BM/SHA256/w_mem_inst/i___34_i_1__0/CO[3]
                         net (fo=1, routed)           0.000     7.946    hash_tile_md0/HASH_BM/SHA256/w_mem_inst/i___34_i_1__0_n_0
    SLICE_X47Y120        CARRY4 (Prop_carry4_CI_O[2])
                                                      0.239     8.185 r  hash_tile_md0/HASH_BM/SHA256/w_mem_inst/i___30_i_1__0/O[2]
                         net (fo=4, routed)           0.537     8.722    hash_tile_md0/HASH_BM/SHA256/w_mem_inst/i___30_i_9__0_0[2]
    SLICE_X44Y120        LUT5 (Prop_lut5_I0_O)        0.302     9.024 r  hash_tile_md0/HASH_BM/SHA256/w_mem_inst/a_reg[27]_i_3__0/O
                         net (fo=2, routed)           0.683     9.707    hash_tile_md0/HASH_BM/SHA256/w_mem_inst/a_reg[27]_i_3__0_n_0
    SLICE_X45Y117        LUT6 (Prop_lut6_I0_O)        0.124     9.831 r  hash_tile_md0/HASH_BM/SHA256/w_mem_inst/a_reg[27]_i_7__0/O
                         net (fo=1, routed)           0.000     9.831    hash_tile_md0/HASH_BM/SHA256/w_mem_inst/a_reg[27]_i_7__0_n_0
    SLICE_X45Y117        CARRY4 (Prop_carry4_S[3]_CO[3])
                                                      0.401    10.232 r  hash_tile_md0/HASH_BM/SHA256/w_mem_inst/a_reg_reg[27]_i_2__0/CO[3]
                         net (fo=1, routed)           0.000    10.232    hash_tile_md0/HASH_BM/SHA256/w_mem_inst/a_reg_reg[27]_i_2__0_n_0
    SLICE_X45Y118        CARRY4 (Prop_carry4_CI_O[1])
                                                      0.334    10.566 r  hash_tile_md0/HASH_BM/SHA256/w_mem_inst/a_reg_reg[31]_i_2__0/O[1]
                         net (fo=1, routed)           0.307    10.873    hash_tile_md0/HASH_BM/SHA256/w_mem_inst/a_new0[29]
    SLICE_X43Y118        LUT6 (Prop_lut6_I5_O)        0.303    11.176 r  hash_tile_md0/HASH_BM/SHA256/w_mem_inst/a_reg[29]_i_1__0/O
                         net (fo=1, routed)           0.000    11.176    hash_tile_md0/HASH_BM/SHA256/w_mem_inst_n_8
    SLICE_X43Y118        FDCE                                         r  hash_tile_md0/HASH_BM/SHA256/a_reg_reg[29]/D
  -------------------------------------------------------------------    -------------------

                         (clock clk rise edge)       10.250    10.250 r  
                                                      0.000    10.250 r  clk (IN)
                         net (fo=6978, unset)         0.924    11.174    hash_tile_md0/HASH_BM/SHA256/clk
    SLICE_X43Y118        FDCE                                         r  hash_tile_md0/HASH_BM/SHA256/a_reg_reg[29]/C
                         clock pessimism              0.000    11.174    
                         clock uncertainty           -0.035    11.139    
    SLICE_X43Y118        FDCE (Setup_fdce_C_D)        0.031    11.170    hash_tile_md0/HASH_BM/SHA256/a_reg_reg[29]
  -------------------------------------------------------------------
                         required time                         11.170    
                         arrival time                         -11.176    
  -------------------------------------------------------------------
                         slack                                 -0.006    





Min Delay Paths
--------------------------------------------------------------------------------------
Slack (MET) :             0.064ns  (arrival time - required time)
  Source:                 mti_md0/indices_addr0_reg[5]/C
                            (rising edge-triggered cell FDCE clocked by clk  {rise@0.000ns fall@5.125ns period=10.250ns})
  Destination:            INDICES_MEM/mem_reg/DIADI[11]
                            (rising edge-triggered cell RAMB18E1 clocked by clk  {rise@0.000ns fall@5.125ns period=10.250ns})
  Path Group:             clk
  Path Type:              Hold (Min at Fast Process Corner)
  Requirement:            0.000ns  (clk rise@0.000ns - clk rise@0.000ns)
  Data Path Delay:        0.328ns  (logic 0.148ns (45.105%)  route 0.180ns (54.895%))
  Logic Levels:           0  
  Clock Path Skew:        0.022ns (DCD - SCD - CPR)
    Destination Clock Delay (DCD):    0.432ns
    Source Clock Delay      (SCD):    0.410ns
    Clock Pessimism Removal (CPR):    -0.000ns

    Location             Delay type                Incr(ns)  Path(ns)    Netlist Resource(s)
  -------------------------------------------------------------------    -------------------
                         (clock clk rise edge)        0.000     0.000 r  
                                                      0.000     0.000 r  clk (IN)
                         net (fo=6978, unset)         0.410     0.410    mti_md0/clk
    SLICE_X76Y56         FDCE                                         r  mti_md0/indices_addr0_reg[5]/C
  -------------------------------------------------------------------    -------------------
    SLICE_X76Y56         FDCE (Prop_fdce_C_Q)         0.148     0.558 r  mti_md0/indices_addr0_reg[5]/Q
                         net (fo=3, routed)           0.180     0.738    INDICES_MEM/DIADI[11]
    RAMB18_X4Y22         RAMB18E1                                     r  INDICES_MEM/mem_reg/DIADI[11]
  -------------------------------------------------------------------    -------------------

                         (clock clk rise edge)        0.000     0.000 r  
                                                      0.000     0.000 r  clk (IN)
                         net (fo=6978, unset)         0.432     0.432    INDICES_MEM/clk
    RAMB18_X4Y22         RAMB18E1                                     r  INDICES_MEM/mem_reg/CLKARDCLK
                         clock pessimism              0.000     0.432    
    RAMB18_X4Y22         RAMB18E1 (Hold_ramb18e1_CLKARDCLK_DIADI[11])
                                                      0.243     0.675    INDICES_MEM/mem_reg
  -------------------------------------------------------------------
                         required time                         -0.675    
                         arrival time                           0.738    
  -------------------------------------------------------------------
                         slack                                  0.064    





Pulse Width Checks
--------------------------------------------------------------------------------------
Clock Name:         clk
Waveform(ns):       { 0.000 5.125 }
Period(ns):         10.250
Sources:            { clk }

Check Type        Corner  Lib Pin             Reference Pin  Required(ns)  Actual(ns)  Slack(ns)  Location      Pin
Min Period        n/a     RAMB36E1/CLKARDCLK  n/a            2.944         10.250      7.306      RAMB36_X1Y16  hash_tile_md0/BIG_MEM/mem_reg/CLKARDCLK
Low Pulse Width   Slow    RAMD32/CLK          n/a            1.250         5.125       3.875      SLICE_X22Y83  hash_tile_md0/B_FIFO_INSTANCE/fifo_mem_reg_0_7_0_5/RAMA/CLK
High Pulse Width  Slow    RAMD32/CLK          n/a            1.250         5.125       3.875      SLICE_X22Y83  hash_tile_md0/B_FIFO_INSTANCE/fifo_mem_reg_0_7_0_5/RAMA/CLK



