Copyright 1986-2022 Xilinx, Inc. All Rights Reserved. Copyright 2022-2025 Advanced Micro Devices, Inc. All Rights Reserved.
---------------------------------------------------------------------------------------------------------------------------------------------
| Tool Version : Vivado v.2025.2 (lin64) Build 6299465 Fri Nov 14 12:34:56 MST 2025
| Date         : Sat Aug 29 20:37:52 2026
| Host         : MSI running 64-bit Ubuntu 26.04 LTS
| Command      : report_timing_summary -file /tmp/fsrch_slh_192s_optimized_11.5.rpt
| Design       : top
| Device       : 7a200t-fbg676
| Speed File   : -1  PRODUCTION 1.23 2018-06-13
| Design State : Routed
---------------------------------------------------------------------------------------------------------------------------------------------

Timing Summary Report

------------------------------------------------------------------------------------------------
| Timer Settings
| --------------
------------------------------------------------------------------------------------------------

  Enable Multi Corner Analysis               :  Yes
  Enable Pessimism Removal                   :  Yes
  Pessimism Removal Resolution               :  Nearest Common Node
  Enable Input Delay Default Clock           :  No
  Enable Preset / Clear Arcs                 :  No
  Disable Flight Delays                      :  No
  Ignore I/O Paths                           :  No
  Timing Early Launch at Borrowing Latches   :  No
  Borrow Time for Max Delay Exceptions       :  Yes
  Merge Timing Exceptions                    :  Yes
  Inter-SLR Compensation                     :  Conservative

  Corner  Analyze    Analyze    
  Name    Max Paths  Min Paths  
  ------  ---------  ---------  
  Slow    Yes        Yes        
  Fast    Yes        Yes        


------------------------------------------------------------------------------------------------
| Report Methodology
| ------------------
------------------------------------------------------------------------------------------------

No report available as report_methodology has not been run prior. Run report_methodology on the current design for the summary of methodology violations.



check_timing report

Table of Contents
-----------------
1. checking no_clock (4)
2. checking constant_clock (0)
3. checking pulse_width_clock (0)
4. checking unconstrained_internal_endpoints (1)
5. checking no_input_delay (170)
6. checking no_output_delay (80)
7. checking multiple_clock (0)
8. checking generated_clocks (0)
9. checking loops (0)
10. checking partial_input_delay (0)
11. checking partial_output_delay (0)
12. checking latch_loops (0)

1. checking no_clock (4)
------------------------
 There is 1 register/latch pin with no clock driven by root clock pin: wots_xmss_fsm_md0/md0/XMSS_start_reg/Q (HIGH)

 There is 1 register/latch pin with no clock driven by root clock pin: wots_xmss_fsm_md0/md0/cnt_reg[1]/Q (HIGH)

 There is 1 register/latch pin with no clock driven by root clock pin: wots_xmss_fsm_md0/md0/cnt_reg[2]/Q (HIGH)

 There is 1 register/latch pin with no clock driven by root clock pin: wots_xmss_fsm_md0/md0/cnt_reg[3]/Q (HIGH)


2. checking constant_clock (0)
------------------------------
 There are 0 register/latch pins with constant_clock.


3. checking pulse_width_clock (0)
---------------------------------
 There are 0 register/latch pins which need pulse_width check


4. checking unconstrained_internal_endpoints (1)
------------------------------------------------
 There is 1 pin that is not constrained for maximum delay. (HIGH)

 There are 0 pins that are not constrained for maximum delay due to constant clock.


5. checking no_input_delay (170)
--------------------------------
 There are 156 input ports with no input delay specified. (HIGH)

 There are 14 input ports with no input delay but user has a false path constraint. (MEDIUM)


6. checking no_output_delay (80)
--------------------------------
 There are 80 ports with no output delay specified. (HIGH)

 There are 0 ports with no output delay but user has a false path constraint

 There are 0 ports with no output delay but with a timing clock defined on it or propagating through it


7. checking multiple_clock (0)
------------------------------
 There are 0 register/latch pins with multiple clocks.


8. checking generated_clocks (0)
--------------------------------
 There are 0 generated clocks that are not connected to a clock source.


9. checking loops (0)
---------------------
 There are 0 combinational loops in the design.


10. checking partial_input_delay (0)
------------------------------------
 There are 0 input ports with partial input delay specified.


11. checking partial_output_delay (0)
-------------------------------------
 There are 0 ports with partial output delay specified.


12. checking latch_loops (0)
----------------------------
 There are 0 combinational latch loops in the design through latch input



------------------------------------------------------------------------------------------------
| Design Timing Summary
| ---------------------
------------------------------------------------------------------------------------------------

    WNS(ns)      TNS(ns)  TNS Failing Endpoints  TNS Total Endpoints      WHS(ns)      THS(ns)  THS Failing Endpoints  THS Total Endpoints     WPWS(ns)     TPWS(ns)  TPWS Failing Endpoints  TPWS Total Endpoints  
    -------      -------  ---------------------  -------------------      -------      -------  ---------------------  -------------------     --------     --------  ----------------------  --------------------  
      0.021        0.000                      0                36837        0.037        0.000                      0                36837        4.500        0.000                       0                 16331  


All user specified timing constraints are met.


------------------------------------------------------------------------------------------------
| Clock Summary
| -------------
------------------------------------------------------------------------------------------------

Clock  Waveform(ns)       Period(ns)      Frequency(MHz)
-----  ------------       ----------      --------------
clk    {0.000 5.750}      11.500          86.957          


------------------------------------------------------------------------------------------------
| Intra Clock Table
| -----------------
------------------------------------------------------------------------------------------------

Clock             WNS(ns)      TNS(ns)  TNS Failing Endpoints  TNS Total Endpoints      WHS(ns)      THS(ns)  THS Failing Endpoints  THS Total Endpoints     WPWS(ns)     TPWS(ns)  TPWS Failing Endpoints  TPWS Total Endpoints  
-----             -------      -------  ---------------------  -------------------      -------      -------  ---------------------  -------------------     --------     --------  ----------------------  --------------------  
clk                 0.021        0.000                      0                36837        0.037        0.000                      0                36837        4.500        0.000                       0                 16331  


------------------------------------------------------------------------------------------------
| Inter Clock Table
| -----------------
------------------------------------------------------------------------------------------------

From Clock    To Clock          WNS(ns)      TNS(ns)  TNS Failing Endpoints  TNS Total Endpoints      WHS(ns)      THS(ns)  THS Failing Endpoints  THS Total Endpoints  
----------    --------          -------      -------  ---------------------  -------------------      -------      -------  ---------------------  -------------------  


------------------------------------------------------------------------------------------------
| Other Path Groups Table
| -----------------------
------------------------------------------------------------------------------------------------

Path Group    From Clock    To Clock          WNS(ns)      TNS(ns)  TNS Failing Endpoints  TNS Total Endpoints      WHS(ns)      THS(ns)  THS Failing Endpoints  THS Total Endpoints  
----------    ----------    --------          -------      -------  ---------------------  -------------------      -------      -------  ---------------------  -------------------  


------------------------------------------------------------------------------------------------
| Timing Details
| --------------
------------------------------------------------------------------------------------------------


---------------------------------------------------------------------------------------------------
From Clock:  clk
  To Clock:  clk

Setup :            0  Failing Endpoints,  Worst Slack        0.021ns,  Total Violation        0.000ns
Hold  :            0  Failing Endpoints,  Worst Slack        0.037ns,  Total Violation        0.000ns
PW    :            0  Failing Endpoints,  Worst Slack        4.500ns,  Total Violation        0.000ns
---------------------------------------------------------------------------------------------------


Max Delay Paths
--------------------------------------------------------------------------------------
Slack (MET) :             0.021ns  (required time - arrival time)
  Source:                 hash_tile_md0/DUT_SHA256/HASH_SM/SHA256/w_mem_inst/w_mem_reg[9][8]/C
                            (rising edge-triggered cell FDCE clocked by clk  {rise@0.000ns fall@5.750ns period=11.500ns})
  Destination:            hash_tile_md0/DUT_SHA256/HASH_SM/SHA256/a_reg_reg[27]/D
                            (rising edge-triggered cell FDCE clocked by clk  {rise@0.000ns fall@5.750ns period=11.500ns})
  Path Group:             clk
  Path Type:              Setup (Max at Slow Process Corner)
  Requirement:            11.500ns  (clk rise@11.500ns - clk rise@0.000ns)
  Data Path Delay:        11.426ns  (logic 4.866ns (42.587%)  route 6.560ns (57.413%))
  Logic Levels:           15  (CARRY4=7 LUT3=2 LUT5=3 LUT6=3)
  Clock Path Skew:        -0.049ns (DCD - SCD + CPR)
    Destination Clock Delay (DCD):    0.924ns = ( 12.424 - 11.500 ) 
    Source Clock Delay      (SCD):    0.973ns
    Clock Pessimism Removal (CPR):    0.000ns
  Clock Uncertainty:      0.035ns  ((TSJ^2 + TIJ^2)^1/2 + DJ) / 2 + PE
    Total System Jitter     (TSJ):    0.071ns
    Total Input Jitter      (TIJ):    0.000ns
    Discrete Jitter          (DJ):    0.000ns
    Phase Error              (PE):    0.000ns

    Location             Delay type                Incr(ns)  Path(ns)    Netlist Resource(s)
  -------------------------------------------------------------------    -------------------
                         (clock clk rise edge)        0.000     0.000 r  
                                                      0.000     0.000 r  clk (IN)
                         net (fo=16330, unset)        0.973     0.973    hash_tile_md0/DUT_SHA256/HASH_SM/SHA256/w_mem_inst/clk
    SLICE_X40Y119        FDCE                                         r  hash_tile_md0/DUT_SHA256/HASH_SM/SHA256/w_mem_inst/w_mem_reg[9][8]/C
  -------------------------------------------------------------------    -------------------
    SLICE_X40Y119        FDCE (Prop_fdce_C_Q)         0.518     1.491 r  hash_tile_md0/DUT_SHA256/HASH_SM/SHA256/w_mem_inst/w_mem_reg[9][8]/Q
                         net (fo=4, routed)           1.136     2.627    hash_tile_md0/DUT_SHA256/HASH_SM/SHA256/w_mem_inst/w_mem_reg[9]_4[8]
    SLICE_X42Y127        LUT5 (Prop_lut5_I1_O)        0.153     2.780 r  hash_tile_md0/DUT_SHA256/HASH_SM/SHA256/w_mem_inst/w_mem[15][11]_i_17/O
                         net (fo=2, routed)           0.571     3.351    hash_tile_md0/DUT_SHA256/HASH_SM/SHA256/w_mem_inst/w_mem[15][11]_i_17_n_0
    SLICE_X45Y127        LUT5 (Prop_lut5_I3_O)        0.331     3.682 r  hash_tile_md0/DUT_SHA256/HASH_SM/SHA256/w_mem_inst/w_mem[15][11]_i_6/O
                         net (fo=2, routed)           0.624     4.306    hash_tile_md0/DUT_SHA256/HASH_SM/SHA256/w_mem_inst/w_mem[15][11]_i_6_n_0
    SLICE_X44Y127        CARRY4 (Prop_carry4_DI[1]_CO[3])
                                                      0.520     4.826 r  hash_tile_md0/DUT_SHA256/HASH_SM/SHA256/w_mem_inst/w_mem_reg[15][11]_i_2/CO[3]
                         net (fo=1, routed)           0.000     4.826    hash_tile_md0/DUT_SHA256/HASH_SM/SHA256/w_mem_inst/w_mem_reg[15][11]_i_2_n_0
    SLICE_X44Y128        CARRY4 (Prop_carry4_CI_O[2])
                                                      0.239     5.065 r  hash_tile_md0/DUT_SHA256/HASH_SM/SHA256/w_mem_inst/w_mem_reg[15][15]_i_2/O[2]
                         net (fo=2, routed)           0.527     5.592    hash_tile_md0/DUT_SHA256/HASH_SM/SHA256/w_mem_inst/w_new[14]
    SLICE_X46Y128        LUT6 (Prop_lut6_I3_O)        0.301     5.893 r  hash_tile_md0/DUT_SHA256/HASH_SM/SHA256/w_mem_inst/i___34_i_29/O
                         net (fo=2, routed)           0.737     6.630    hash_tile_md0/DUT_SHA256/HASH_SM/SHA256/w_mem_inst/w_data[14]
    SLICE_X52Y128        LUT3 (Prop_lut3_I2_O)        0.150     6.780 r  hash_tile_md0/DUT_SHA256/HASH_SM/SHA256/w_mem_inst/i___38_i_11/O
                         net (fo=3, routed)           0.599     7.379    hash_tile_md0/DUT_SHA256/HASH_SM/SHA256/w_mem_inst/t1_logic.csa2_s__0[14]
    SLICE_X50Y127        LUT3 (Prop_lut3_I1_O)        0.328     7.707 r  hash_tile_md0/DUT_SHA256/HASH_SM/SHA256/w_mem_inst/i___38_i_3/O
                         net (fo=1, routed)           0.568     8.275    hash_tile_md0/DUT_SHA256/HASH_SM/SHA256/w_mem_inst/t1_logic.csa3_s[14]
    SLICE_X51Y127        CARRY4 (Prop_carry4_DI[2]_CO[3])
                                                      0.398     8.673 r  hash_tile_md0/DUT_SHA256/HASH_SM/SHA256/w_mem_inst/i___38_i_1/CO[3]
                         net (fo=1, routed)           0.000     8.673    hash_tile_md0/DUT_SHA256/HASH_SM/SHA256/w_mem_inst/i___38_i_1_n_0
    SLICE_X51Y128        CARRY4 (Prop_carry4_CI_O[0])
                                                      0.222     8.895 r  hash_tile_md0/DUT_SHA256/HASH_SM/SHA256/w_mem_inst/i___34_i_1/O[0]
                         net (fo=4, routed)           0.480     9.375    hash_tile_md0/DUT_SHA256/HASH_SM/SHA256/w_mem_inst/i___34_i_9_0[0]
    SLICE_X53Y128        LUT5 (Prop_lut5_I0_O)        0.299     9.674 r  hash_tile_md0/DUT_SHA256/HASH_SM/SHA256/w_mem_inst/a_reg[19]_i_5/O
                         net (fo=2, routed)           0.738    10.412    hash_tile_md0/DUT_SHA256/HASH_SM/SHA256/w_mem_inst/a_reg[19]_i_5_n_0
    SLICE_X58Y125        LUT6 (Prop_lut6_I0_O)        0.124    10.536 r  hash_tile_md0/DUT_SHA256/HASH_SM/SHA256/w_mem_inst/a_reg[19]_i_9/O
                         net (fo=1, routed)           0.000    10.536    hash_tile_md0/DUT_SHA256/HASH_SM/SHA256/w_mem_inst/a_reg[19]_i_9_n_0
    SLICE_X58Y125        CARRY4 (Prop_carry4_S[1]_CO[3])
                                                      0.550    11.086 r  hash_tile_md0/DUT_SHA256/HASH_SM/SHA256/w_mem_inst/a_reg_reg[19]_i_2/CO[3]
                         net (fo=1, routed)           0.000    11.086    hash_tile_md0/DUT_SHA256/HASH_SM/SHA256/w_mem_inst/a_reg_reg[19]_i_2_n_0
    SLICE_X58Y126        CARRY4 (Prop_carry4_CI_CO[3])
                                                      0.114    11.200 r  hash_tile_md0/DUT_SHA256/HASH_SM/SHA256/w_mem_inst/a_reg_reg[23]_i_2/CO[3]
                         net (fo=1, routed)           0.000    11.200    hash_tile_md0/DUT_SHA256/HASH_SM/SHA256/w_mem_inst/a_reg_reg[23]_i_2_n_0
    SLICE_X58Y127        CARRY4 (Prop_carry4_CI_O[3])
                                                      0.313    11.513 r  hash_tile_md0/DUT_SHA256/HASH_SM/SHA256/w_mem_inst/a_reg_reg[27]_i_2/O[3]
                         net (fo=1, routed)           0.580    12.093    hash_tile_md0/DUT_SHA256/HASH_SM/SHA256/w_mem_inst/a_new0[27]
    SLICE_X59Y127        LUT6 (Prop_lut6_I5_O)        0.306    12.399 r  hash_tile_md0/DUT_SHA256/HASH_SM/SHA256/w_mem_inst/a_reg[27]_i_1/O
                         net (fo=1, routed)           0.000    12.399    hash_tile_md0/DUT_SHA256/HASH_SM/SHA256/w_mem_inst_n_10
    SLICE_X59Y127        FDCE                                         r  hash_tile_md0/DUT_SHA256/HASH_SM/SHA256/a_reg_reg[27]/D
  -------------------------------------------------------------------    -------------------

                         (clock clk rise edge)       11.500    11.500 r  
                                                      0.000    11.500 r  clk (IN)
                         net (fo=16330, unset)        0.924    12.424    hash_tile_md0/DUT_SHA256/HASH_SM/SHA256/clk
    SLICE_X59Y127        FDCE                                         r  hash_tile_md0/DUT_SHA256/HASH_SM/SHA256/a_reg_reg[27]/C
                         clock pessimism              0.000    12.424    
                         clock uncertainty           -0.035    12.389    
    SLICE_X59Y127        FDCE (Setup_fdce_C_D)        0.031    12.420    hash_tile_md0/DUT_SHA256/HASH_SM/SHA256/a_reg_reg[27]
  -------------------------------------------------------------------
                         required time                         12.420    
                         arrival time                         -12.399    
  -------------------------------------------------------------------
                         slack                                  0.021    





Min Delay Paths
--------------------------------------------------------------------------------------
Slack (MET) :             0.037ns  (arrival time - required time)
  Source:                 cl_md0/w_mem_in1_reg[2]/C
                            (rising edge-triggered cell FDCE clocked by clk  {rise@0.000ns fall@5.750ns period=11.500ns})
  Destination:            W_MEM/mem_reg/DIADI[2]
                            (rising edge-triggered cell RAMB18E1 clocked by clk  {rise@0.000ns fall@5.750ns period=11.500ns})
  Path Group:             clk
  Path Type:              Hold (Min at Fast Process Corner)
  Requirement:            0.000ns  (clk rise@0.000ns - clk rise@0.000ns)
  Data Path Delay:        0.300ns  (logic 0.128ns (42.622%)  route 0.172ns (57.378%))
  Logic Levels:           0  
  Clock Path Skew:        0.022ns (DCD - SCD - CPR)
    Destination Clock Delay (DCD):    0.432ns
    Source Clock Delay      (SCD):    0.410ns
    Clock Pessimism Removal (CPR):    -0.000ns

    Location             Delay type                Incr(ns)  Path(ns)    Netlist Resource(s)
  -------------------------------------------------------------------    -------------------
                         (clock clk rise edge)        0.000     0.000 r  
                                                      0.000     0.000 r  clk (IN)
                         net (fo=16330, unset)        0.410     0.410    cl_md0/clk
    SLICE_X45Y46         FDCE                                         r  cl_md0/w_mem_in1_reg[2]/C
  -------------------------------------------------------------------    -------------------
    SLICE_X45Y46         FDCE (Prop_fdce_C_Q)         0.128     0.538 r  cl_md0/w_mem_in1_reg[2]/Q
                         net (fo=1, routed)           0.172     0.710    W_MEM/Q[2]
    RAMB18_X2Y18         RAMB18E1                                     r  W_MEM/mem_reg/DIADI[2]
  -------------------------------------------------------------------    -------------------

                         (clock clk rise edge)        0.000     0.000 r  
                                                      0.000     0.000 r  clk (IN)
                         net (fo=16330, unset)        0.432     0.432    W_MEM/clk
    RAMB18_X2Y18         RAMB18E1                                     r  W_MEM/mem_reg/CLKARDCLK
                         clock pessimism              0.000     0.432    
    RAMB18_X2Y18         RAMB18E1 (Hold_ramb18e1_CLKARDCLK_DIADI[2])
                                                      0.242     0.674    W_MEM/mem_reg
  -------------------------------------------------------------------
                         required time                         -0.674    
                         arrival time                           0.710    
  -------------------------------------------------------------------
                         slack                                  0.037    





Pulse Width Checks
--------------------------------------------------------------------------------------
Clock Name:         clk
Waveform(ns):       { 0.000 5.750 }
Period(ns):         11.500
Sources:            { clk }

Check Type        Corner  Lib Pin             Reference Pin  Required(ns)  Actual(ns)  Slack(ns)  Location      Pin
Min Period        n/a     RAMB36E1/CLKARDCLK  n/a            2.944         11.500      8.556      RAMB36_X2Y16  hash_tile_md0/DUT_SHA256/BIG_MEM/mem_reg/CLKARDCLK
Low Pulse Width   Slow    RAMD32/CLK          n/a            1.250         5.750       4.500      SLICE_X46Y80  hash_tile_md0/DUT_SHA256/B_FIFO_INSTANCE/fifo_mem_reg_0_7_0_5/RAMA/CLK
High Pulse Width  Slow    RAMD32/CLK          n/a            1.250         5.750       4.500      SLICE_X46Y80  hash_tile_md0/DUT_SHA256/B_FIFO_INSTANCE/fifo_mem_reg_0_7_0_5/RAMA/CLK



