Copyright 1986-2022 Xilinx, Inc. All Rights Reserved. Copyright 2022-2025 Advanced Micro Devices, Inc. All Rights Reserved.
---------------------------------------------------------------------------------------------------------------------------------------------
| Tool Version : Vivado v.2025.2 (lin64) Build 6299465 Fri Nov 14 12:34:56 MST 2025
| Date         : Sat Aug 29 20:00:45 2026
| Host         : MSI running 64-bit Ubuntu 26.04 LTS
| Command      : report_timing_summary -file /tmp/fsrch_slh_192s_baseline_12.25.rpt
| Design       : top
| Device       : 7a200t-fbg676
| Speed File   : -1  PRODUCTION 1.23 2018-06-13
| Design State : Routed
---------------------------------------------------------------------------------------------------------------------------------------------

Timing Summary Report

------------------------------------------------------------------------------------------------
| Timer Settings
| --------------
------------------------------------------------------------------------------------------------

  Enable Multi Corner Analysis               :  Yes
  Enable Pessimism Removal                   :  Yes
  Pessimism Removal Resolution               :  Nearest Common Node
  Enable Input Delay Default Clock           :  No
  Enable Preset / Clear Arcs                 :  No
  Disable Flight Delays                      :  No
  Ignore I/O Paths                           :  No
  Timing Early Launch at Borrowing Latches   :  No
  Borrow Time for Max Delay Exceptions       :  Yes
  Merge Timing Exceptions                    :  Yes
  Inter-SLR Compensation                     :  Conservative

  Corner  Analyze    Analyze    
  Name    Max Paths  Min Paths  
  ------  ---------  ---------  
  Slow    Yes        Yes        
  Fast    Yes        Yes        


------------------------------------------------------------------------------------------------
| Report Methodology
| ------------------
------------------------------------------------------------------------------------------------

No report available as report_methodology has not been run prior. Run report_methodology on the current design for the summary of methodology violations.



check_timing report

Table of Contents
-----------------
1. checking no_clock (4)
2. checking constant_clock (0)
3. checking pulse_width_clock (0)
4. checking unconstrained_internal_endpoints (1)
5. checking no_input_delay (170)
6. checking no_output_delay (80)
7. checking multiple_clock (0)
8. checking generated_clocks (0)
9. checking loops (0)
10. checking partial_input_delay (0)
11. checking partial_output_delay (0)
12. checking latch_loops (0)

1. checking no_clock (4)
------------------------
 There is 1 register/latch pin with no clock driven by root clock pin: wots_xmss_fsm_md0/md0/XMSS_start_reg/Q (HIGH)

 There is 1 register/latch pin with no clock driven by root clock pin: wots_xmss_fsm_md0/md0/cnt_reg[1]/Q (HIGH)

 There is 1 register/latch pin with no clock driven by root clock pin: wots_xmss_fsm_md0/md0/cnt_reg[2]/Q (HIGH)

 There is 1 register/latch pin with no clock driven by root clock pin: wots_xmss_fsm_md0/md0/cnt_reg[3]/Q (HIGH)


2. checking constant_clock (0)
------------------------------
 There are 0 register/latch pins with constant_clock.


3. checking pulse_width_clock (0)
---------------------------------
 There are 0 register/latch pins which need pulse_width check


4. checking unconstrained_internal_endpoints (1)
------------------------------------------------
 There is 1 pin that is not constrained for maximum delay. (HIGH)

 There are 0 pins that are not constrained for maximum delay due to constant clock.


5. checking no_input_delay (170)
--------------------------------
 There are 156 input ports with no input delay specified. (HIGH)

 There are 14 input ports with no input delay but user has a false path constraint. (MEDIUM)


6. checking no_output_delay (80)
--------------------------------
 There are 80 ports with no output delay specified. (HIGH)

 There are 0 ports with no output delay but user has a false path constraint

 There are 0 ports with no output delay but with a timing clock defined on it or propagating through it


7. checking multiple_clock (0)
------------------------------
 There are 0 register/latch pins with multiple clocks.


8. checking generated_clocks (0)
--------------------------------
 There are 0 generated clocks that are not connected to a clock source.


9. checking loops (0)
---------------------
 There are 0 combinational loops in the design.


10. checking partial_input_delay (0)
------------------------------------
 There are 0 input ports with partial input delay specified.


11. checking partial_output_delay (0)
-------------------------------------
 There are 0 ports with partial output delay specified.


12. checking latch_loops (0)
----------------------------
 There are 0 combinational latch loops in the design through latch input



------------------------------------------------------------------------------------------------
| Design Timing Summary
| ---------------------
------------------------------------------------------------------------------------------------

    WNS(ns)      TNS(ns)  TNS Failing Endpoints  TNS Total Endpoints      WHS(ns)      THS(ns)  THS Failing Endpoints  THS Total Endpoints     WPWS(ns)     TPWS(ns)  TPWS Failing Endpoints  TPWS Total Endpoints  
    -------      -------  ---------------------  -------------------      -------      -------  ---------------------  -------------------     --------     --------  ----------------------  --------------------  
     -1.098      -49.857                    106                36855        0.051        0.000                      0                36855        4.875        0.000                       0                 16341  


Timing constraints are not met.


------------------------------------------------------------------------------------------------
| Clock Summary
| -------------
------------------------------------------------------------------------------------------------

Clock  Waveform(ns)       Period(ns)      Frequency(MHz)
-----  ------------       ----------      --------------
clk    {0.000 6.125}      12.250          81.633          


------------------------------------------------------------------------------------------------
| Intra Clock Table
| -----------------
------------------------------------------------------------------------------------------------

Clock             WNS(ns)      TNS(ns)  TNS Failing Endpoints  TNS Total Endpoints      WHS(ns)      THS(ns)  THS Failing Endpoints  THS Total Endpoints     WPWS(ns)     TPWS(ns)  TPWS Failing Endpoints  TPWS Total Endpoints  
-----             -------      -------  ---------------------  -------------------      -------      -------  ---------------------  -------------------     --------     --------  ----------------------  --------------------  
clk                -1.098      -49.857                    106                36855        0.051        0.000                      0                36855        4.875        0.000                       0                 16341  


------------------------------------------------------------------------------------------------
| Inter Clock Table
| -----------------
------------------------------------------------------------------------------------------------

From Clock    To Clock          WNS(ns)      TNS(ns)  TNS Failing Endpoints  TNS Total Endpoints      WHS(ns)      THS(ns)  THS Failing Endpoints  THS Total Endpoints  
----------    --------          -------      -------  ---------------------  -------------------      -------      -------  ---------------------  -------------------  


------------------------------------------------------------------------------------------------
| Other Path Groups Table
| -----------------------
------------------------------------------------------------------------------------------------

Path Group    From Clock    To Clock          WNS(ns)      TNS(ns)  TNS Failing Endpoints  TNS Total Endpoints      WHS(ns)      THS(ns)  THS Failing Endpoints  THS Total Endpoints  
----------    ----------    --------          -------      -------  ---------------------  -------------------      -------      -------  ---------------------  -------------------  


------------------------------------------------------------------------------------------------
| Timing Details
| --------------
------------------------------------------------------------------------------------------------


---------------------------------------------------------------------------------------------------
From Clock:  clk
  To Clock:  clk

Setup :          106  Failing Endpoints,  Worst Slack       -1.098ns,  Total Violation      -49.857ns
Hold  :            0  Failing Endpoints,  Worst Slack        0.051ns,  Total Violation        0.000ns
PW    :            0  Failing Endpoints,  Worst Slack        4.875ns,  Total Violation        0.000ns
---------------------------------------------------------------------------------------------------


Max Delay Paths
--------------------------------------------------------------------------------------
Slack (VIOLATED) :        -1.098ns  (required time - arrival time)
  Source:                 hash_tile_md0/DUT_SHA512/HASH_BM/SHA512/w_mem_inst/w_mem_reg[1][9]/C
                            (rising edge-triggered cell FDCE clocked by clk  {rise@0.000ns fall@6.125ns period=12.250ns})
  Destination:            hash_tile_md0/DUT_SHA512/HASH_BM/SHA512/a_reg_reg[63]/D
                            (rising edge-triggered cell FDCE clocked by clk  {rise@0.000ns fall@6.125ns period=12.250ns})
  Path Group:             clk
  Path Type:              Setup (Max at Slow Process Corner)
  Requirement:            12.250ns  (clk rise@12.250ns - clk rise@0.000ns)
  Data Path Delay:        13.295ns  (logic 6.657ns (50.071%)  route 6.638ns (49.929%))
  Logic Levels:           28  (CARRY4=16 LUT2=1 LUT3=1 LUT5=5 LUT6=5)
  Clock Path Skew:        -0.049ns (DCD - SCD + CPR)
    Destination Clock Delay (DCD):    0.924ns = ( 13.174 - 12.250 ) 
    Source Clock Delay      (SCD):    0.973ns
    Clock Pessimism Removal (CPR):    0.000ns
  Clock Uncertainty:      0.035ns  ((TSJ^2 + TIJ^2)^1/2 + DJ) / 2 + PE
    Total System Jitter     (TSJ):    0.071ns
    Total Input Jitter      (TIJ):    0.000ns
    Discrete Jitter          (DJ):    0.000ns
    Phase Error              (PE):    0.000ns

    Location             Delay type                Incr(ns)  Path(ns)    Netlist Resource(s)
  -------------------------------------------------------------------    -------------------
                         (clock clk rise edge)        0.000     0.000 r  
                                                      0.000     0.000 r  clk (IN)
                         net (fo=16340, unset)        0.973     0.973    hash_tile_md0/DUT_SHA512/HASH_BM/SHA512/w_mem_inst/clk
    SLICE_X83Y143        FDCE                                         r  hash_tile_md0/DUT_SHA512/HASH_BM/SHA512/w_mem_inst/w_mem_reg[1][9]/C
  -------------------------------------------------------------------    -------------------
    SLICE_X83Y143        FDCE (Prop_fdce_C_Q)         0.456     1.429 r  hash_tile_md0/DUT_SHA512/HASH_BM/SHA512/w_mem_inst/w_mem_reg[1][9]/Q
                         net (fo=4, routed)           0.443     1.872    hash_tile_md0/DUT_SHA512/HASH_BM/SHA512/w_mem_inst/p_5_in[8]
    SLICE_X82Y142        LUT2 (Prop_lut2_I0_O)        0.124     1.996 r  hash_tile_md0/DUT_SHA512/HASH_BM/SHA512/w_mem_inst/w_mem[15][11]_i_23__0_rewire/O
                         net (fo=1, routed)           0.622     2.617    hash_tile_md0/DUT_SHA512/HASH_BM/SHA512/w_mem_inst/w_mem_update_logic.d0[8]
    SLICE_X84Y147        LUT6 (Prop_lut6_I4_O)        0.124     2.741 r  hash_tile_md0/DUT_SHA512/HASH_BM/SHA512/w_mem_inst/w_mem[15][11]_i_15__2_rewire/O
                         net (fo=2, routed)           0.604     3.346    hash_tile_md0/DUT_SHA512/HASH_BM/SHA512/w_mem_inst/w_mem[15][11]_i_15__2_n_0
    SLICE_X85Y148        LUT3 (Prop_lut3_I1_O)        0.124     3.470 r  hash_tile_md0/DUT_SHA512/HASH_BM/SHA512/w_mem_inst/w_mem[15][11]_i_5__2/O
                         net (fo=2, routed)           0.785     4.255    hash_tile_md0/DUT_SHA512/HASH_BM/SHA512/w_mem_inst/w_mem[15][11]_i_5__2_n_0
    SLICE_X86Y148        LUT5 (Prop_lut5_I4_O)        0.124     4.379 r  hash_tile_md0/DUT_SHA512/HASH_BM/SHA512/w_mem_inst/w_mem[15][11]_i_9__2_rewire/O
                         net (fo=1, routed)           0.000     4.379    hash_tile_md0/DUT_SHA512/HASH_BM/SHA512/w_mem_inst/w_mem[15][11]_i_9__2_n_0
    SLICE_X86Y148        CARRY4 (Prop_carry4_S[1]_CO[3])
                                                      0.550     4.929 r  hash_tile_md0/DUT_SHA512/HASH_BM/SHA512/w_mem_inst/w_mem_reg[15][11]_i_2__2/CO[3]
                         net (fo=1, routed)           0.000     4.929    hash_tile_md0/DUT_SHA512/HASH_BM/SHA512/w_mem_inst/w_mem_reg[15][11]_i_2__2_n_0
    SLICE_X86Y149        CARRY4 (Prop_carry4_CI_CO[3])
                                                      0.114     5.043 r  hash_tile_md0/DUT_SHA512/HASH_BM/SHA512/w_mem_inst/w_mem_reg[15][15]_i_2__2/CO[3]
                         net (fo=1, routed)           0.001     5.043    hash_tile_md0/DUT_SHA512/HASH_BM/SHA512/w_mem_inst/w_mem_reg[15][15]_i_2__2_n_0
    SLICE_X86Y150        CARRY4 (Prop_carry4_CI_CO[3])
                                                      0.114     5.157 r  hash_tile_md0/DUT_SHA512/HASH_BM/SHA512/w_mem_inst/w_mem_reg[15][19]_i_2__2/CO[3]
                         net (fo=1, routed)           0.000     5.157    hash_tile_md0/DUT_SHA512/HASH_BM/SHA512/w_mem_inst/w_mem_reg[15][19]_i_2__2_n_0
    SLICE_X86Y151        CARRY4 (Prop_carry4_CI_CO[3])
                                                      0.114     5.271 r  hash_tile_md0/DUT_SHA512/HASH_BM/SHA512/w_mem_inst/w_mem_reg[15][23]_i_2__2/CO[3]
                         net (fo=1, routed)           0.000     5.271    hash_tile_md0/DUT_SHA512/HASH_BM/SHA512/w_mem_inst/w_mem_reg[15][23]_i_2__2_n_0
    SLICE_X86Y152        CARRY4 (Prop_carry4_CI_CO[3])
                                                      0.114     5.385 r  hash_tile_md0/DUT_SHA512/HASH_BM/SHA512/w_mem_inst/w_mem_reg[15][27]_i_2__2/CO[3]
                         net (fo=1, routed)           0.000     5.385    hash_tile_md0/DUT_SHA512/HASH_BM/SHA512/w_mem_inst/w_mem_reg[15][27]_i_2__2_n_0
    SLICE_X86Y153        CARRY4 (Prop_carry4_CI_CO[3])
                                                      0.114     5.499 r  hash_tile_md0/DUT_SHA512/HASH_BM/SHA512/w_mem_inst/w_mem_reg[15][31]_i_2__2/CO[3]
                         net (fo=1, routed)           0.000     5.499    hash_tile_md0/DUT_SHA512/HASH_BM/SHA512/w_mem_inst/w_mem_reg[15][31]_i_2__2_n_0
    SLICE_X86Y154        CARRY4 (Prop_carry4_CI_O[2])
                                                      0.239     5.738 r  hash_tile_md0/DUT_SHA512/HASH_BM/SHA512/w_mem_inst/w_mem_reg[15][35]_i_2__0/O[2]
                         net (fo=2, routed)           0.452     6.190    hash_tile_md0/DUT_SHA512/HASH_BM/SHA512/w_mem_inst/w_new[34]
    SLICE_X83Y154        LUT5 (Prop_lut5_I3_O)        0.302     6.492 r  hash_tile_md0/DUT_SHA512/HASH_BM/SHA512/w_mem_inst/i___52_i_23__0/O
                         net (fo=2, routed)           0.483     6.975    hash_tile_md0/DUT_SHA512/HASH_BM/SHA512/w_mem_inst/w_data[34]
    SLICE_X81Y154        LUT5 (Prop_lut5_I3_O)        0.124     7.099 r  hash_tile_md0/DUT_SHA512/HASH_BM/SHA512/w_mem_inst/i___52_i_15__0/O
                         net (fo=2, routed)           0.607     7.706    hash_tile_md0/DUT_SHA512/HASH_BM/SHA512/w_mem_inst/i___52_i_15__0_n_0
    SLICE_X79Y154        LUT6 (Prop_lut6_I0_O)        0.124     7.830 r  hash_tile_md0/DUT_SHA512/HASH_BM/SHA512/w_mem_inst/i___52_i_19__0/O
                         net (fo=1, routed)           0.000     7.830    hash_tile_md0/DUT_SHA512/HASH_BM/SHA512/w_mem_inst/i___52_i_19__0_n_0
    SLICE_X79Y154        CARRY4 (Prop_carry4_S[3]_CO[3])
                                                      0.401     8.231 r  hash_tile_md0/DUT_SHA512/HASH_BM/SHA512/w_mem_inst/i___52_i_13__0/CO[3]
                         net (fo=1, routed)           0.000     8.231    hash_tile_md0/DUT_SHA512/HASH_BM/SHA512/w_mem_inst/i___52_i_13__0_n_0
    SLICE_X79Y155        CARRY4 (Prop_carry4_CI_CO[3])
                                                      0.114     8.345 r  hash_tile_md0/DUT_SHA512/HASH_BM/SHA512/w_mem_inst/i___48_i_13__0/CO[3]
                         net (fo=1, routed)           0.000     8.345    hash_tile_md0/DUT_SHA512/HASH_BM/SHA512/w_mem_inst/i___48_i_13__0_n_0
    SLICE_X79Y156        CARRY4 (Prop_carry4_CI_CO[3])
                                                      0.114     8.459 r  hash_tile_md0/DUT_SHA512/HASH_BM/SHA512/w_mem_inst/i___44_i_13__0/CO[3]
                         net (fo=1, routed)           0.000     8.459    hash_tile_md0/DUT_SHA512/HASH_BM/SHA512/w_mem_inst/i___44_i_13__0_n_0
    SLICE_X79Y157        CARRY4 (Prop_carry4_CI_CO[3])
                                                      0.114     8.573 r  hash_tile_md0/DUT_SHA512/HASH_BM/SHA512/w_mem_inst/i___40_i_13__0/CO[3]
                         net (fo=1, routed)           0.000     8.573    hash_tile_md0/DUT_SHA512/HASH_BM/SHA512/w_mem_inst/i___40_i_13__0_n_0
    SLICE_X79Y158        CARRY4 (Prop_carry4_CI_O[1])
                                                      0.334     8.907 r  hash_tile_md0/DUT_SHA512/HASH_BM/SHA512/w_mem_inst/i___36_i_13__0/O[1]
                         net (fo=2, routed)           0.457     9.364    hash_tile_md0/DUT_SHA512/HASH_BM/SHA512/w_mem_inst/i___36_i_13__0_n_6
    SLICE_X80Y158        LUT5 (Prop_lut5_I0_O)        0.303     9.667 r  hash_tile_md0/DUT_SHA512/HASH_BM/SHA512/w_mem_inst/i___40_i_3__0/O
                         net (fo=2, routed)           0.734    10.401    hash_tile_md0/DUT_SHA512/HASH_BM/SHA512/w_mem_inst/i___40_i_3__0_n_0
    SLICE_X78Y156        LUT6 (Prop_lut6_I0_O)        0.124    10.525 r  hash_tile_md0/DUT_SHA512/HASH_BM/SHA512/w_mem_inst/i___40_i_7__0/O
                         net (fo=1, routed)           0.000    10.525    hash_tile_md0/DUT_SHA512/HASH_BM/SHA512/w_mem_inst/i___40_i_7__0_n_0
    SLICE_X78Y156        CARRY4 (Prop_carry4_S[2]_CO[3])
                                                      0.398    10.923 r  hash_tile_md0/DUT_SHA512/HASH_BM/SHA512/w_mem_inst/i___40_i_1__0/CO[3]
                         net (fo=1, routed)           0.000    10.923    hash_tile_md0/DUT_SHA512/HASH_BM/SHA512/w_mem_inst/i___40_i_1__0_n_0
    SLICE_X78Y157        CARRY4 (Prop_carry4_CI_O[3])
                                                      0.313    11.236 r  hash_tile_md0/DUT_SHA512/HASH_BM/SHA512/w_mem_inst/i___36_i_1__0/O[3]
                         net (fo=4, routed)           0.435    11.671    hash_tile_md0/DUT_SHA512/HASH_BM/SHA512/w_mem_inst/e_reg_reg[54][3]
    SLICE_X81Y157        LUT5 (Prop_lut5_I4_O)        0.306    11.977 r  hash_tile_md0/DUT_SHA512/HASH_BM/SHA512/w_mem_inst/a_reg[59]_i_6__0/O
                         net (fo=2, routed)           0.721    12.698    hash_tile_md0/DUT_SHA512/HASH_BM/SHA512/w_mem_inst/a_reg[59]_i_6__0_n_0
    SLICE_X75Y153        LUT6 (Prop_lut6_I0_O)        0.124    12.822 r  hash_tile_md0/DUT_SHA512/HASH_BM/SHA512/w_mem_inst/a_reg[59]_i_10__0/O
                         net (fo=1, routed)           0.000    12.822    hash_tile_md0/DUT_SHA512/HASH_BM/SHA512/w_mem_inst/a_reg[59]_i_10__0_n_0
    SLICE_X75Y153        CARRY4 (Prop_carry4_S[0]_CO[3])
                                                      0.532    13.354 r  hash_tile_md0/DUT_SHA512/HASH_BM/SHA512/w_mem_inst/a_reg_reg[59]_i_2__0/CO[3]
                         net (fo=1, routed)           0.000    13.354    hash_tile_md0/DUT_SHA512/HASH_BM/SHA512/w_mem_inst/a_reg_reg[59]_i_2__0_n_0
    SLICE_X75Y154        CARRY4 (Prop_carry4_CI_O[3])
                                                      0.313    13.667 r  hash_tile_md0/DUT_SHA512/HASH_BM/SHA512/w_mem_inst/a_reg_reg[63]_i_2__0/O[3]
                         net (fo=1, routed)           0.295    13.962    hash_tile_md0/DUT_SHA512/HASH_BM/SHA512/w_mem_inst/a_new0[63]
    SLICE_X75Y155        LUT6 (Prop_lut6_I0_O)        0.306    14.268 r  hash_tile_md0/DUT_SHA512/HASH_BM/SHA512/w_mem_inst/a_reg[63]_i_1__0/O
                         net (fo=1, routed)           0.000    14.268    hash_tile_md0/DUT_SHA512/HASH_BM/SHA512/a_new[63]
    SLICE_X75Y155        FDCE                                         r  hash_tile_md0/DUT_SHA512/HASH_BM/SHA512/a_reg_reg[63]/D
  -------------------------------------------------------------------    -------------------

                         (clock clk rise edge)       12.250    12.250 r  
                                                      0.000    12.250 r  clk (IN)
                         net (fo=16340, unset)        0.924    13.174    hash_tile_md0/DUT_SHA512/HASH_BM/SHA512/clk
    SLICE_X75Y155        FDCE                                         r  hash_tile_md0/DUT_SHA512/HASH_BM/SHA512/a_reg_reg[63]/C
                         clock pessimism              0.000    13.174    
                         clock uncertainty           -0.035    13.139    
    SLICE_X75Y155        FDCE (Setup_fdce_C_D)        0.031    13.170    hash_tile_md0/DUT_SHA512/HASH_BM/SHA512/a_reg_reg[63]
  -------------------------------------------------------------------
                         required time                         13.170    
                         arrival time                         -14.268    
  -------------------------------------------------------------------
                         slack                                 -1.098    





Min Delay Paths
--------------------------------------------------------------------------------------
Slack (MET) :             0.051ns  (arrival time - required time)
  Source:                 hash_tile_md0/DUT_SHA512/B_FIFO_INSTANCE/wr_addr_reg[0]/C
                            (rising edge-triggered cell FDRE clocked by clk  {rise@0.000ns fall@6.125ns period=12.250ns})
  Destination:            hash_tile_md0/DUT_SHA512/B_FIFO_INSTANCE/fifo_mem_reg_0_7_54_59/RAMA/WADR0
                            (rising edge-triggered cell RAMD32 clocked by clk  {rise@0.000ns fall@6.125ns period=12.250ns})
  Path Group:             clk
  Path Type:              Hold (Min at Fast Process Corner)
  Requirement:            0.000ns  (clk rise@0.000ns - clk rise@0.000ns)
  Data Path Delay:        0.382ns  (logic 0.141ns (36.866%)  route 0.241ns (63.134%))
  Logic Levels:           0  
  Clock Path Skew:        0.022ns (DCD - SCD - CPR)
    Destination Clock Delay (DCD):    0.432ns
    Source Clock Delay      (SCD):    0.410ns
    Clock Pessimism Removal (CPR):    -0.000ns

    Location             Delay type                Incr(ns)  Path(ns)    Netlist Resource(s)
  -------------------------------------------------------------------    -------------------
                         (clock clk rise edge)        0.000     0.000 r  
                                                      0.000     0.000 r  clk (IN)
                         net (fo=16340, unset)        0.410     0.410    hash_tile_md0/DUT_SHA512/B_FIFO_INSTANCE/clk
    SLICE_X99Y123        FDRE                                         r  hash_tile_md0/DUT_SHA512/B_FIFO_INSTANCE/wr_addr_reg[0]/C
  -------------------------------------------------------------------    -------------------
    SLICE_X99Y123        FDRE (Prop_fdre_C_Q)         0.141     0.551 r  hash_tile_md0/DUT_SHA512/B_FIFO_INSTANCE/wr_addr_reg[0]/Q
                         net (fo=94, routed)          0.241     0.793    hash_tile_md0/DUT_SHA512/B_FIFO_INSTANCE/fifo_mem_reg_0_7_54_59/ADDRD0
    SLICE_X98Y123        RAMD32                                       r  hash_tile_md0/DUT_SHA512/B_FIFO_INSTANCE/fifo_mem_reg_0_7_54_59/RAMA/WADR0
  -------------------------------------------------------------------    -------------------

                         (clock clk rise edge)        0.000     0.000 r  
                                                      0.000     0.000 r  clk (IN)
                         net (fo=16340, unset)        0.432     0.432    hash_tile_md0/DUT_SHA512/B_FIFO_INSTANCE/fifo_mem_reg_0_7_54_59/WCLK
    SLICE_X98Y123        RAMD32                                       r  hash_tile_md0/DUT_SHA512/B_FIFO_INSTANCE/fifo_mem_reg_0_7_54_59/RAMA/CLK
                         clock pessimism              0.000     0.432    
    SLICE_X98Y123        RAMD32 (Hold_ramd32_CLK_WADR0)
                                                      0.310     0.742    hash_tile_md0/DUT_SHA512/B_FIFO_INSTANCE/fifo_mem_reg_0_7_54_59/RAMA
  -------------------------------------------------------------------
                         required time                         -0.742    
                         arrival time                           0.793    
  -------------------------------------------------------------------
                         slack                                  0.051    





Pulse Width Checks
--------------------------------------------------------------------------------------
Clock Name:         clk
Waveform(ns):       { 0.000 6.125 }
Period(ns):         12.250
Sources:            { clk }

Check Type        Corner  Lib Pin             Reference Pin  Required(ns)  Actual(ns)  Slack(ns)  Location       Pin
Min Period        n/a     RAMB36E1/CLKARDCLK  n/a            2.944         12.250      9.306      RAMB36_X5Y23   hash_tile_md0/DUT_SHA256/BIG_MEM/mem_reg/CLKARDCLK
Low Pulse Width   Slow    RAMD32/CLK          n/a            1.250         6.125       4.875      SLICE_X94Y114  hash_tile_md0/DUT_SHA256/B_FIFO_INSTANCE/fifo_mem_reg_0_7_0_5/RAMA/CLK
High Pulse Width  Slow    RAMD32/CLK          n/a            1.250         6.125       4.875      SLICE_X94Y114  hash_tile_md0/DUT_SHA256/B_FIFO_INSTANCE/fifo_mem_reg_0_7_0_5/RAMA/CLK



