Copyright 1986-2022 Xilinx, Inc. All Rights Reserved. Copyright 2022-2025 Advanced Micro Devices, Inc. All Rights Reserved.
---------------------------------------------------------------------------------------------------------------------------------------------
| Tool Version : Vivado v.2025.2 (lin64) Build 6299465 Fri Nov 14 12:34:56 MST 2025
| Date         : Sat Aug 29 13:54:49 2026
| Host         : MSI running 64-bit Ubuntu 26.04 LTS
| Command      : report_timing_summary -file /tmp/fsrch_slh_128s_optimized_11.5.rpt
| Design       : top
| Device       : 7a200t-fbg676
| Speed File   : -1  PRODUCTION 1.23 2018-06-13
| Design State : Routed
---------------------------------------------------------------------------------------------------------------------------------------------

Timing Summary Report

------------------------------------------------------------------------------------------------
| Timer Settings
| --------------
------------------------------------------------------------------------------------------------

  Enable Multi Corner Analysis               :  Yes
  Enable Pessimism Removal                   :  Yes
  Pessimism Removal Resolution               :  Nearest Common Node
  Enable Input Delay Default Clock           :  No
  Enable Preset / Clear Arcs                 :  No
  Disable Flight Delays                      :  No
  Ignore I/O Paths                           :  No
  Timing Early Launch at Borrowing Latches   :  No
  Borrow Time for Max Delay Exceptions       :  Yes
  Merge Timing Exceptions                    :  Yes
  Inter-SLR Compensation                     :  Conservative

  Corner  Analyze    Analyze    
  Name    Max Paths  Min Paths  
  ------  ---------  ---------  
  Slow    Yes        Yes        
  Fast    Yes        Yes        


------------------------------------------------------------------------------------------------
| Report Methodology
| ------------------
------------------------------------------------------------------------------------------------

No report available as report_methodology has not been run prior. Run report_methodology on the current design for the summary of methodology violations.



check_timing report

Table of Contents
-----------------
1. checking no_clock (4)
2. checking constant_clock (0)
3. checking pulse_width_clock (0)
4. checking unconstrained_internal_endpoints (1)
5. checking no_input_delay (170)
6. checking no_output_delay (80)
7. checking multiple_clock (0)
8. checking generated_clocks (0)
9. checking loops (0)
10. checking partial_input_delay (0)
11. checking partial_output_delay (0)
12. checking latch_loops (0)

1. checking no_clock (4)
------------------------
 There is 1 register/latch pin with no clock driven by root clock pin: wots_xmss_fsm_md0/md0/XMSS_start_reg/Q (HIGH)

 There is 1 register/latch pin with no clock driven by root clock pin: wots_xmss_fsm_md0/md0/cnt_reg[1]/Q (HIGH)

 There is 1 register/latch pin with no clock driven by root clock pin: wots_xmss_fsm_md0/md0/cnt_reg[2]/Q (HIGH)

 There is 1 register/latch pin with no clock driven by root clock pin: wots_xmss_fsm_md0/md0/cnt_reg[3]/Q (HIGH)


2. checking constant_clock (0)
------------------------------
 There are 0 register/latch pins with constant_clock.


3. checking pulse_width_clock (0)
---------------------------------
 There are 0 register/latch pins which need pulse_width check


4. checking unconstrained_internal_endpoints (1)
------------------------------------------------
 There is 1 pin that is not constrained for maximum delay. (HIGH)

 There are 0 pins that are not constrained for maximum delay due to constant clock.


5. checking no_input_delay (170)
--------------------------------
 There are 156 input ports with no input delay specified. (HIGH)

 There are 14 input ports with no input delay but user has a false path constraint. (MEDIUM)


6. checking no_output_delay (80)
--------------------------------
 There are 80 ports with no output delay specified. (HIGH)

 There are 0 ports with no output delay but user has a false path constraint

 There are 0 ports with no output delay but with a timing clock defined on it or propagating through it


7. checking multiple_clock (0)
------------------------------
 There are 0 register/latch pins with multiple clocks.


8. checking generated_clocks (0)
--------------------------------
 There are 0 generated clocks that are not connected to a clock source.


9. checking loops (0)
---------------------
 There are 0 combinational loops in the design.


10. checking partial_input_delay (0)
------------------------------------
 There are 0 input ports with partial input delay specified.


11. checking partial_output_delay (0)
-------------------------------------
 There are 0 ports with partial output delay specified.


12. checking latch_loops (0)
----------------------------
 There are 0 combinational latch loops in the design through latch input



------------------------------------------------------------------------------------------------
| Design Timing Summary
| ---------------------
------------------------------------------------------------------------------------------------

    WNS(ns)      TNS(ns)  TNS Failing Endpoints  TNS Total Endpoints      WHS(ns)      THS(ns)  THS Failing Endpoints  THS Total Endpoints     WPWS(ns)     TPWS(ns)  TPWS Failing Endpoints  TPWS Total Endpoints  
    -------      -------  ---------------------  -------------------      -------      -------  ---------------------  -------------------     --------     --------  ----------------------  --------------------  
      0.213        0.000                      0                15434        0.055        0.000                      0                15434        4.500        0.000                       0                  7012  


All user specified timing constraints are met.


------------------------------------------------------------------------------------------------
| Clock Summary
| -------------
------------------------------------------------------------------------------------------------

Clock  Waveform(ns)       Period(ns)      Frequency(MHz)
-----  ------------       ----------      --------------
clk    {0.000 5.750}      11.500          86.957          


------------------------------------------------------------------------------------------------
| Intra Clock Table
| -----------------
------------------------------------------------------------------------------------------------

Clock             WNS(ns)      TNS(ns)  TNS Failing Endpoints  TNS Total Endpoints      WHS(ns)      THS(ns)  THS Failing Endpoints  THS Total Endpoints     WPWS(ns)     TPWS(ns)  TPWS Failing Endpoints  TPWS Total Endpoints  
-----             -------      -------  ---------------------  -------------------      -------      -------  ---------------------  -------------------     --------     --------  ----------------------  --------------------  
clk                 0.213        0.000                      0                15434        0.055        0.000                      0                15434        4.500        0.000                       0                  7012  


------------------------------------------------------------------------------------------------
| Inter Clock Table
| -----------------
------------------------------------------------------------------------------------------------

From Clock    To Clock          WNS(ns)      TNS(ns)  TNS Failing Endpoints  TNS Total Endpoints      WHS(ns)      THS(ns)  THS Failing Endpoints  THS Total Endpoints  
----------    --------          -------      -------  ---------------------  -------------------      -------      -------  ---------------------  -------------------  


------------------------------------------------------------------------------------------------
| Other Path Groups Table
| -----------------------
------------------------------------------------------------------------------------------------

Path Group    From Clock    To Clock          WNS(ns)      TNS(ns)  TNS Failing Endpoints  TNS Total Endpoints      WHS(ns)      THS(ns)  THS Failing Endpoints  THS Total Endpoints  
----------    ----------    --------          -------      -------  ---------------------  -------------------      -------      -------  ---------------------  -------------------  


------------------------------------------------------------------------------------------------
| Timing Details
| --------------
------------------------------------------------------------------------------------------------


---------------------------------------------------------------------------------------------------
From Clock:  clk
  To Clock:  clk

Setup :            0  Failing Endpoints,  Worst Slack        0.213ns,  Total Violation        0.000ns
Hold  :            0  Failing Endpoints,  Worst Slack        0.055ns,  Total Violation        0.000ns
PW    :            0  Failing Endpoints,  Worst Slack        4.500ns,  Total Violation        0.000ns
---------------------------------------------------------------------------------------------------


Max Delay Paths
--------------------------------------------------------------------------------------
Slack (MET) :             0.213ns  (required time - arrival time)
  Source:                 hash_tile_md0/HASH_SM/SHA256/w_mem_inst/w_mem_reg[0][14]/C
                            (rising edge-triggered cell FDCE clocked by clk  {rise@0.000ns fall@5.750ns period=11.500ns})
  Destination:            hash_tile_md0/HASH_SM/SHA256/a_reg_reg[31]/D
                            (rising edge-triggered cell FDCE clocked by clk  {rise@0.000ns fall@5.750ns period=11.500ns})
  Path Group:             clk
  Path Type:              Setup (Max at Slow Process Corner)
  Requirement:            11.500ns  (clk rise@11.500ns - clk rise@0.000ns)
  Data Path Delay:        11.235ns  (logic 4.619ns (41.114%)  route 6.616ns (58.886%))
  Logic Levels:           14  (CARRY4=6 LUT3=2 LUT5=3 LUT6=3)
  Clock Path Skew:        -0.049ns (DCD - SCD + CPR)
    Destination Clock Delay (DCD):    0.924ns = ( 12.424 - 11.500 ) 
    Source Clock Delay      (SCD):    0.973ns
    Clock Pessimism Removal (CPR):    0.000ns
  Clock Uncertainty:      0.035ns  ((TSJ^2 + TIJ^2)^1/2 + DJ) / 2 + PE
    Total System Jitter     (TSJ):    0.071ns
    Total Input Jitter      (TIJ):    0.000ns
    Discrete Jitter          (DJ):    0.000ns
    Phase Error              (PE):    0.000ns

    Location             Delay type                Incr(ns)  Path(ns)    Netlist Resource(s)
  -------------------------------------------------------------------    -------------------
                         (clock clk rise edge)        0.000     0.000 r  
                                                      0.000     0.000 r  clk (IN)
                         net (fo=7011, unset)         0.973     0.973    hash_tile_md0/HASH_SM/SHA256/w_mem_inst/clk
    SLICE_X74Y108        FDCE                                         r  hash_tile_md0/HASH_SM/SHA256/w_mem_inst/w_mem_reg[0][14]/C
  -------------------------------------------------------------------    -------------------
    SLICE_X74Y108        FDCE (Prop_fdce_C_Q)         0.518     1.491 r  hash_tile_md0/HASH_SM/SHA256/w_mem_inst/w_mem_reg[0][14]/Q
                         net (fo=3, routed)           1.168     2.659    hash_tile_md0/HASH_SM/SHA256/w_mem_inst/w_mem_reg[0]_13[14]
    SLICE_X71Y113        LUT5 (Prop_lut5_I4_O)        0.152     2.811 r  hash_tile_md0/HASH_SM/SHA256/w_mem_inst/w_mem[15][19]_i_18/O
                         net (fo=2, routed)           0.745     3.556    hash_tile_md0/HASH_SM/SHA256/w_mem_inst/w_mem[15][19]_i_18_n_0
    SLICE_X67Y115        LUT5 (Prop_lut5_I4_O)        0.332     3.888 r  hash_tile_md0/HASH_SM/SHA256/w_mem_inst/w_mem[15][19]_i_6/O
                         net (fo=2, routed)           0.668     4.556    hash_tile_md0/HASH_SM/SHA256/w_mem_inst/w_mem[15][19]_i_6_n_0
    SLICE_X69Y116        CARRY4 (Prop_carry4_DI[0]_CO[3])
                                                      0.526     5.082 r  hash_tile_md0/HASH_SM/SHA256/w_mem_inst/w_mem_reg[15][19]_i_2/CO[3]
                         net (fo=1, routed)           0.000     5.082    hash_tile_md0/HASH_SM/SHA256/w_mem_inst/w_mem_reg[15][19]_i_2_n_0
    SLICE_X69Y117        CARRY4 (Prop_carry4_CI_CO[3])
                                                      0.114     5.196 r  hash_tile_md0/HASH_SM/SHA256/w_mem_inst/w_mem_reg[15][23]_i_2/CO[3]
                         net (fo=1, routed)           0.000     5.196    hash_tile_md0/HASH_SM/SHA256/w_mem_inst/w_mem_reg[15][23]_i_2_n_0
    SLICE_X69Y118        CARRY4 (Prop_carry4_CI_O[2])
                                                      0.239     5.435 r  hash_tile_md0/HASH_SM/SHA256/w_mem_inst/w_mem_reg[15][27]_i_2/O[2]
                         net (fo=2, routed)           0.725     6.160    hash_tile_md0/HASH_SM/SHA256/w_mem_inst/w_new[26]
    SLICE_X69Y124        LUT6 (Prop_lut6_I3_O)        0.302     6.462 r  hash_tile_md0/HASH_SM/SHA256/w_mem_inst/i___27_i_40/O
                         net (fo=2, routed)           0.451     6.913    hash_tile_md0/HASH_SM/SHA256/w_mem_inst/w_data[26]
    SLICE_X69Y124        LUT3 (Prop_lut3_I2_O)        0.118     7.031 r  hash_tile_md0/HASH_SM/SHA256/w_mem_inst/i___30_i_11/O
                         net (fo=3, routed)           0.617     7.648    hash_tile_md0/HASH_SM/SHA256/w_mem_inst/t1_logic.csa2_s__0[26]
    SLICE_X69Y121        LUT3 (Prop_lut3_I1_O)        0.326     7.974 r  hash_tile_md0/HASH_SM/SHA256/w_mem_inst/i___30_i_3/O
                         net (fo=1, routed)           0.524     8.498    hash_tile_md0/HASH_SM/SHA256/w_mem_inst/t1_logic.csa3_s[26]
    SLICE_X70Y121        CARRY4 (Prop_carry4_DI[2]_CO[3])
                                                      0.404     8.902 r  hash_tile_md0/HASH_SM/SHA256/w_mem_inst/i___30_i_1/CO[3]
                         net (fo=1, routed)           0.000     8.902    hash_tile_md0/HASH_SM/SHA256/w_mem_inst/i___30_i_1_n_0
    SLICE_X70Y122        CARRY4 (Prop_carry4_CI_O[0])
                                                      0.219     9.121 r  hash_tile_md0/HASH_SM/SHA256/w_mem_inst/i___27_i_1/O[0]
                         net (fo=4, routed)           0.634     9.754    hash_tile_md0/HASH_SM/SHA256/w_mem_inst/i___27_i_8_0[0]
    SLICE_X64Y122        LUT5 (Prop_lut5_I0_O)        0.295    10.049 r  hash_tile_md0/HASH_SM/SHA256/w_mem_inst/a_reg[31]_i_4/O
                         net (fo=2, routed)           0.501    10.551    hash_tile_md0/HASH_SM/SHA256/w_mem_inst/a_reg[31]_i_4_n_0
    SLICE_X62Y122        LUT6 (Prop_lut6_I0_O)        0.124    10.675 r  hash_tile_md0/HASH_SM/SHA256/w_mem_inst/a_reg[31]_i_8/O
                         net (fo=1, routed)           0.000    10.675    hash_tile_md0/HASH_SM/SHA256/w_mem_inst/a_reg[31]_i_8_n_0
    SLICE_X62Y122        CARRY4 (Prop_carry4_S[1]_O[3])
                                                      0.643    11.318 r  hash_tile_md0/HASH_SM/SHA256/w_mem_inst/a_reg_reg[31]_i_2/O[3]
                         net (fo=1, routed)           0.583    11.901    hash_tile_md0/HASH_SM/SHA256/w_mem_inst/a_new0[31]
    SLICE_X63Y122        LUT6 (Prop_lut6_I2_O)        0.307    12.208 r  hash_tile_md0/HASH_SM/SHA256/w_mem_inst/a_reg[31]_i_1/O
                         net (fo=1, routed)           0.000    12.208    hash_tile_md0/HASH_SM/SHA256/w_mem_inst_n_7
    SLICE_X63Y122        FDCE                                         r  hash_tile_md0/HASH_SM/SHA256/a_reg_reg[31]/D
  -------------------------------------------------------------------    -------------------

                         (clock clk rise edge)       11.500    11.500 r  
                                                      0.000    11.500 r  clk (IN)
                         net (fo=7011, unset)         0.924    12.424    hash_tile_md0/HASH_SM/SHA256/clk
    SLICE_X63Y122        FDCE                                         r  hash_tile_md0/HASH_SM/SHA256/a_reg_reg[31]/C
                         clock pessimism              0.000    12.424    
                         clock uncertainty           -0.035    12.389    
    SLICE_X63Y122        FDCE (Setup_fdce_C_D)        0.032    12.421    hash_tile_md0/HASH_SM/SHA256/a_reg_reg[31]
  -------------------------------------------------------------------
                         required time                         12.421    
                         arrival time                         -12.208    
  -------------------------------------------------------------------
                         slack                                  0.213    





Min Delay Paths
--------------------------------------------------------------------------------------
Slack (MET) :             0.055ns  (arrival time - required time)
  Source:                 wots_xmss_fsm_md0/o_WOTS_s_in_0_reg[63]/C
                            (rising edge-triggered cell FDCE clocked by clk  {rise@0.000ns fall@5.750ns period=11.500ns})
  Destination:            MEM_64BIT_1/mem_reg_1/DIBDI[27]
                            (rising edge-triggered cell RAMB36E1 clocked by clk  {rise@0.000ns fall@5.750ns period=11.500ns})
  Path Group:             clk
  Path Type:              Hold (Min at Fast Process Corner)
  Requirement:            0.000ns  (clk rise@0.000ns - clk rise@0.000ns)
  Data Path Delay:        0.373ns  (logic 0.141ns (37.799%)  route 0.232ns (62.201%))
  Logic Levels:           0  
  Clock Path Skew:        0.022ns (DCD - SCD - CPR)
    Destination Clock Delay (DCD):    0.432ns
    Source Clock Delay      (SCD):    0.410ns
    Clock Pessimism Removal (CPR):    -0.000ns

    Location             Delay type                Incr(ns)  Path(ns)    Netlist Resource(s)
  -------------------------------------------------------------------    -------------------
                         (clock clk rise edge)        0.000     0.000 r  
                                                      0.000     0.000 r  clk (IN)
                         net (fo=7011, unset)         0.410     0.410    wots_xmss_fsm_md0/clk
    SLICE_X63Y87         FDCE                                         r  wots_xmss_fsm_md0/o_WOTS_s_in_0_reg[63]/C
  -------------------------------------------------------------------    -------------------
    SLICE_X63Y87         FDCE (Prop_fdce_C_Q)         0.141     0.551 r  wots_xmss_fsm_md0/o_WOTS_s_in_0_reg[63]/Q
                         net (fo=3, routed)           0.232     0.783    MEM_64BIT_1/mem_reg_1_2[63]
    RAMB36_X3Y16         RAMB36E1                                     r  MEM_64BIT_1/mem_reg_1/DIBDI[27]
  -------------------------------------------------------------------    -------------------

                         (clock clk rise edge)        0.000     0.000 r  
                                                      0.000     0.000 r  clk (IN)
                         net (fo=7011, unset)         0.432     0.432    MEM_64BIT_1/clk
    RAMB36_X3Y16         RAMB36E1                                     r  MEM_64BIT_1/mem_reg_1/CLKBWRCLK
                         clock pessimism              0.000     0.432    
    RAMB36_X3Y16         RAMB36E1 (Hold_ramb36e1_CLKBWRCLK_DIBDI[27])
                                                      0.296     0.728    MEM_64BIT_1/mem_reg_1
  -------------------------------------------------------------------
                         required time                         -0.728    
                         arrival time                           0.783    
  -------------------------------------------------------------------
                         slack                                  0.055    





Pulse Width Checks
--------------------------------------------------------------------------------------
Clock Name:         clk
Waveform(ns):       { 0.000 5.750 }
Period(ns):         11.500
Sources:            { clk }

Check Type        Corner  Lib Pin             Reference Pin  Required(ns)  Actual(ns)  Slack(ns)  Location      Pin
Min Period        n/a     RAMB36E1/CLKARDCLK  n/a            2.944         11.500      8.556      RAMB36_X1Y18  hash_tile_md0/BIG_MEM/mem_reg/CLKARDCLK
Low Pulse Width   Slow    RAMD32/CLK          n/a            1.250         5.750       4.500      SLICE_X22Y90  hash_tile_md0/B_FIFO_INSTANCE/fifo_mem_reg_0_7_0_5/RAMA/CLK
High Pulse Width  Slow    RAMD32/CLK          n/a            1.250         5.750       4.500      SLICE_X22Y90  hash_tile_md0/B_FIFO_INSTANCE/fifo_mem_reg_0_7_0_5/RAMA/CLK



