Copyright 1986-2022 Xilinx, Inc. All Rights Reserved. Copyright 2022-2025 Advanced Micro Devices, Inc. All Rights Reserved.
---------------------------------------------------------------------------------------------------------------------------------------------
| Tool Version : Vivado v.2025.2 (lin64) Build 6299465 Fri Nov 14 12:34:56 MST 2025
| Date         : Sat Aug 29 23:48:37 2026
| Host         : MSI running 64-bit Ubuntu 26.04 LTS
| Command      : report_timing_summary -file /tmp/fsrch_slh_256f_optimized_14.0.rpt
| Design       : top
| Device       : 7a200t-fbg676
| Speed File   : -1  PRODUCTION 1.23 2018-06-13
| Design State : Routed
---------------------------------------------------------------------------------------------------------------------------------------------

Timing Summary Report

------------------------------------------------------------------------------------------------
| Timer Settings
| --------------
------------------------------------------------------------------------------------------------

  Enable Multi Corner Analysis               :  Yes
  Enable Pessimism Removal                   :  Yes
  Pessimism Removal Resolution               :  Nearest Common Node
  Enable Input Delay Default Clock           :  No
  Enable Preset / Clear Arcs                 :  No
  Disable Flight Delays                      :  No
  Ignore I/O Paths                           :  No
  Timing Early Launch at Borrowing Latches   :  No
  Borrow Time for Max Delay Exceptions       :  Yes
  Merge Timing Exceptions                    :  Yes
  Inter-SLR Compensation                     :  Conservative

  Corner  Analyze    Analyze    
  Name    Max Paths  Min Paths  
  ------  ---------  ---------  
  Slow    Yes        Yes        
  Fast    Yes        Yes        


------------------------------------------------------------------------------------------------
| Report Methodology
| ------------------
------------------------------------------------------------------------------------------------

No report available as report_methodology has not been run prior. Run report_methodology on the current design for the summary of methodology violations.



check_timing report

Table of Contents
-----------------
1. checking no_clock (4)
2. checking constant_clock (0)
3. checking pulse_width_clock (0)
4. checking unconstrained_internal_endpoints (1)
5. checking no_input_delay (170)
6. checking no_output_delay (80)
7. checking multiple_clock (0)
8. checking generated_clocks (0)
9. checking loops (0)
10. checking partial_input_delay (0)
11. checking partial_output_delay (0)
12. checking latch_loops (0)

1. checking no_clock (4)
------------------------
 There is 1 register/latch pin with no clock driven by root clock pin: wots_xmss_fsm_md0/md0/XMSS_start_reg/Q (HIGH)

 There is 1 register/latch pin with no clock driven by root clock pin: wots_xmss_fsm_md0/md0/cnt_reg[1]/Q (HIGH)

 There is 1 register/latch pin with no clock driven by root clock pin: wots_xmss_fsm_md0/md0/cnt_reg[2]/Q (HIGH)

 There is 1 register/latch pin with no clock driven by root clock pin: wots_xmss_fsm_md0/md0/cnt_reg[3]/Q (HIGH)


2. checking constant_clock (0)
------------------------------
 There are 0 register/latch pins with constant_clock.


3. checking pulse_width_clock (0)
---------------------------------
 There are 0 register/latch pins which need pulse_width check


4. checking unconstrained_internal_endpoints (1)
------------------------------------------------
 There is 1 pin that is not constrained for maximum delay. (HIGH)

 There are 0 pins that are not constrained for maximum delay due to constant clock.


5. checking no_input_delay (170)
--------------------------------
 There are 156 input ports with no input delay specified. (HIGH)

 There are 14 input ports with no input delay but user has a false path constraint. (MEDIUM)


6. checking no_output_delay (80)
--------------------------------
 There are 80 ports with no output delay specified. (HIGH)

 There are 0 ports with no output delay but user has a false path constraint

 There are 0 ports with no output delay but with a timing clock defined on it or propagating through it


7. checking multiple_clock (0)
------------------------------
 There are 0 register/latch pins with multiple clocks.


8. checking generated_clocks (0)
--------------------------------
 There are 0 generated clocks that are not connected to a clock source.


9. checking loops (0)
---------------------
 There are 0 combinational loops in the design.


10. checking partial_input_delay (0)
------------------------------------
 There are 0 input ports with partial input delay specified.


11. checking partial_output_delay (0)
-------------------------------------
 There are 0 ports with partial output delay specified.


12. checking latch_loops (0)
----------------------------
 There are 0 combinational latch loops in the design through latch input



------------------------------------------------------------------------------------------------
| Design Timing Summary
| ---------------------
------------------------------------------------------------------------------------------------

    WNS(ns)      TNS(ns)  TNS Failing Endpoints  TNS Total Endpoints      WHS(ns)      THS(ns)  THS Failing Endpoints  THS Total Endpoints     WPWS(ns)     TPWS(ns)  TPWS Failing Endpoints  TPWS Total Endpoints  
    -------      -------  ---------------------  -------------------      -------      -------  ---------------------  -------------------     --------     --------  ----------------------  --------------------  
      0.379        0.000                      0                37300        0.035        0.000                      0                37300        5.750        0.000                       0                 16676  


All user specified timing constraints are met.


------------------------------------------------------------------------------------------------
| Clock Summary
| -------------
------------------------------------------------------------------------------------------------

Clock  Waveform(ns)       Period(ns)      Frequency(MHz)
-----  ------------       ----------      --------------
clk    {0.000 7.000}      14.000          71.429          


------------------------------------------------------------------------------------------------
| Intra Clock Table
| -----------------
------------------------------------------------------------------------------------------------

Clock             WNS(ns)      TNS(ns)  TNS Failing Endpoints  TNS Total Endpoints      WHS(ns)      THS(ns)  THS Failing Endpoints  THS Total Endpoints     WPWS(ns)     TPWS(ns)  TPWS Failing Endpoints  TPWS Total Endpoints  
-----             -------      -------  ---------------------  -------------------      -------      -------  ---------------------  -------------------     --------     --------  ----------------------  --------------------  
clk                 0.379        0.000                      0                37300        0.035        0.000                      0                37300        5.750        0.000                       0                 16676  


------------------------------------------------------------------------------------------------
| Inter Clock Table
| -----------------
------------------------------------------------------------------------------------------------

From Clock    To Clock          WNS(ns)      TNS(ns)  TNS Failing Endpoints  TNS Total Endpoints      WHS(ns)      THS(ns)  THS Failing Endpoints  THS Total Endpoints  
----------    --------          -------      -------  ---------------------  -------------------      -------      -------  ---------------------  -------------------  


------------------------------------------------------------------------------------------------
| Other Path Groups Table
| -----------------------
------------------------------------------------------------------------------------------------

Path Group    From Clock    To Clock          WNS(ns)      TNS(ns)  TNS Failing Endpoints  TNS Total Endpoints      WHS(ns)      THS(ns)  THS Failing Endpoints  THS Total Endpoints  
----------    ----------    --------          -------      -------  ---------------------  -------------------      -------      -------  ---------------------  -------------------  


------------------------------------------------------------------------------------------------
| Timing Details
| --------------
------------------------------------------------------------------------------------------------


---------------------------------------------------------------------------------------------------
From Clock:  clk
  To Clock:  clk

Setup :            0  Failing Endpoints,  Worst Slack        0.379ns,  Total Violation        0.000ns
Hold  :            0  Failing Endpoints,  Worst Slack        0.035ns,  Total Violation        0.000ns
PW    :            0  Failing Endpoints,  Worst Slack        5.750ns,  Total Violation        0.000ns
---------------------------------------------------------------------------------------------------


Max Delay Paths
--------------------------------------------------------------------------------------
Slack (MET) :             0.379ns  (required time - arrival time)
  Source:                 hash_tile_md0/DUT_SHA512/HASH_SM/SHA512/w_mem_inst/w_mem_reg[14][7]/C
                            (rising edge-triggered cell FDCE clocked by clk  {rise@0.000ns fall@7.000ns period=14.000ns})
  Destination:            hash_tile_md0/DUT_SHA512/HASH_SM/SHA512/a_reg_reg[63]/D
                            (rising edge-triggered cell FDCE clocked by clk  {rise@0.000ns fall@7.000ns period=14.000ns})
  Path Group:             clk
  Path Type:              Setup (Max at Slow Process Corner)
  Requirement:            14.000ns  (clk rise@14.000ns - clk rise@0.000ns)
  Data Path Delay:        13.616ns  (logic 5.729ns (42.077%)  route 7.887ns (57.923%))
  Logic Levels:           26  (CARRY4=18 LUT3=3 LUT5=3 LUT6=2)
  Clock Path Skew:        -0.049ns (DCD - SCD + CPR)
    Destination Clock Delay (DCD):    0.924ns = ( 14.924 - 14.000 ) 
    Source Clock Delay      (SCD):    0.973ns
    Clock Pessimism Removal (CPR):    0.000ns
  Clock Uncertainty:      0.035ns  ((TSJ^2 + TIJ^2)^1/2 + DJ) / 2 + PE
    Total System Jitter     (TSJ):    0.071ns
    Total Input Jitter      (TIJ):    0.000ns
    Discrete Jitter          (DJ):    0.000ns
    Phase Error              (PE):    0.000ns

    Location             Delay type                Incr(ns)  Path(ns)    Netlist Resource(s)
  -------------------------------------------------------------------    -------------------
                         (clock clk rise edge)        0.000     0.000 r  
                                                      0.000     0.000 r  clk (IN)
                         net (fo=16675, unset)        0.973     0.973    hash_tile_md0/DUT_SHA512/HASH_SM/SHA512/w_mem_inst/clk
    SLICE_X50Y118        FDCE                                         r  hash_tile_md0/DUT_SHA512/HASH_SM/SHA512/w_mem_inst/w_mem_reg[14][7]/C
  -------------------------------------------------------------------    -------------------
    SLICE_X50Y118        FDCE (Prop_fdce_C_Q)         0.456     1.429 r  hash_tile_md0/DUT_SHA512/HASH_SM/SHA512/w_mem_inst/w_mem_reg[14][7]/Q
                         net (fo=8, routed)           1.214     2.643    hash_tile_md0/DUT_SHA512/HASH_SM/SHA512/w_mem_inst/p_2_in[52]
    SLICE_X45Y143        LUT3 (Prop_lut3_I2_O)        0.124     2.767 r  hash_tile_md0/DUT_SHA512/HASH_SM/SHA512/w_mem_inst/w_mem[15][3]_i_13__1/O
                         net (fo=2, routed)           1.004     3.772    hash_tile_md0/DUT_SHA512/HASH_SM/SHA512/w_mem_inst/w_mem_update_logic.d1__0[1]
    SLICE_X47Y131        LUT5 (Prop_lut5_I4_O)        0.124     3.896 r  hash_tile_md0/DUT_SHA512/HASH_SM/SHA512/w_mem_inst/w_mem[15][3]_i_11__1/O
                         net (fo=2, routed)           0.452     4.348    hash_tile_md0/DUT_SHA512/HASH_SM/SHA512/w_mem_inst/w_mem[15][3]_i_11__1_n_0
    SLICE_X47Y131        LUT3 (Prop_lut3_I0_O)        0.120     4.468 r  hash_tile_md0/DUT_SHA512/HASH_SM/SHA512/w_mem_inst/w_mem[15][3]_i_4__1/O
                         net (fo=1, routed)           0.617     5.085    hash_tile_md0/DUT_SHA512/HASH_SM/SHA512/w_mem_inst/w_mem[15][3]_i_4__1_n_0
    SLICE_X46Y132        CARRY4 (Prop_carry4_DI[2]_CO[3])
                                                      0.607     5.692 r  hash_tile_md0/DUT_SHA512/HASH_SM/SHA512/w_mem_inst/w_mem_reg[15][3]_i_2__1/CO[3]
                         net (fo=1, routed)           0.000     5.692    hash_tile_md0/DUT_SHA512/HASH_SM/SHA512/w_mem_inst/w_mem_reg[15][3]_i_2__1_n_0
    SLICE_X46Y133        CARRY4 (Prop_carry4_CI_O[3])
                                                      0.315     6.007 r  hash_tile_md0/DUT_SHA512/HASH_SM/SHA512/w_mem_inst/w_mem_reg[15][7]_i_2__1/O[3]
                         net (fo=2, routed)           0.912     6.920    hash_tile_md0/DUT_SHA512/HASH_SM/SHA512/w_mem_inst/w_new[7]
    SLICE_X50Y122        LUT5 (Prop_lut5_I3_O)        0.307     7.227 r  hash_tile_md0/DUT_SHA512/HASH_SM/SHA512/w_mem_inst/i___7_i_12__1/O
                         net (fo=3, routed)           0.966     8.192    hash_tile_md0/DUT_SHA512/HASH_SM/SHA512/w_mem_inst/w_data[7]
    SLICE_X61Y131        LUT3 (Prop_lut3_I2_O)        0.124     8.316 r  hash_tile_md0/DUT_SHA512/HASH_SM/SHA512/w_mem_inst/i___7_i_2/O
                         net (fo=1, routed)           0.711     9.027    hash_tile_md0/DUT_SHA512/HASH_SM/SHA512/w_mem_inst/t1_logic.csa3_s[7]
    SLICE_X63Y133        CARRY4 (Prop_carry4_DI[3]_CO[3])
                                                      0.385     9.412 r  hash_tile_md0/DUT_SHA512/HASH_SM/SHA512/w_mem_inst/i___7_i_1/CO[3]
                         net (fo=1, routed)           0.000     9.412    hash_tile_md0/DUT_SHA512/HASH_SM/SHA512/w_mem_inst/i___7_i_1_n_0
    SLICE_X63Y134        CARRY4 (Prop_carry4_CI_O[1])
                                                      0.334     9.746 r  hash_tile_md0/DUT_SHA512/HASH_SM/SHA512/w_mem_inst/i___11_i_1__1/O[1]
                         net (fo=4, routed)           1.010    10.756    hash_tile_md0/DUT_SHA512/HASH_SM/SHA512/w_mem_inst/i___11_i_9__1_0[1]
    SLICE_X74Y128        LUT5 (Prop_lut5_I4_O)        0.303    11.059 r  hash_tile_md0/DUT_SHA512/HASH_SM/SHA512/w_mem_inst/a_reg[11]_i_5__1/O
                         net (fo=2, routed)           0.669    11.729    hash_tile_md0/DUT_SHA512/HASH_SM/SHA512/w_mem_inst/a_reg[11]_i_5__1_n_0
    SLICE_X64Y128        LUT6 (Prop_lut6_I0_O)        0.124    11.853 r  hash_tile_md0/DUT_SHA512/HASH_SM/SHA512/w_mem_inst/a_reg[11]_i_9__1/O
                         net (fo=1, routed)           0.000    11.853    hash_tile_md0/DUT_SHA512/HASH_SM/SHA512/w_mem_inst/a_reg[11]_i_9__1_n_0
    SLICE_X64Y128        CARRY4 (Prop_carry4_S[2]_CO[3])
                                                      0.380    12.233 r  hash_tile_md0/DUT_SHA512/HASH_SM/SHA512/w_mem_inst/a_reg_reg[11]_i_2__1/CO[3]
                         net (fo=1, routed)           0.000    12.233    hash_tile_md0/DUT_SHA512/HASH_SM/SHA512/w_mem_inst/a_reg_reg[11]_i_2__1_n_0
    SLICE_X64Y129        CARRY4 (Prop_carry4_CI_CO[3])
                                                      0.117    12.350 r  hash_tile_md0/DUT_SHA512/HASH_SM/SHA512/w_mem_inst/a_reg_reg[15]_i_2__1/CO[3]
                         net (fo=1, routed)           0.000    12.350    hash_tile_md0/DUT_SHA512/HASH_SM/SHA512/w_mem_inst/a_reg_reg[15]_i_2__1_n_0
    SLICE_X64Y130        CARRY4 (Prop_carry4_CI_CO[3])
                                                      0.117    12.467 r  hash_tile_md0/DUT_SHA512/HASH_SM/SHA512/w_mem_inst/a_reg_reg[19]_i_2__1/CO[3]
                         net (fo=1, routed)           0.000    12.467    hash_tile_md0/DUT_SHA512/HASH_SM/SHA512/w_mem_inst/a_reg_reg[19]_i_2__1_n_0
    SLICE_X64Y131        CARRY4 (Prop_carry4_CI_CO[3])
                                                      0.117    12.584 r  hash_tile_md0/DUT_SHA512/HASH_SM/SHA512/w_mem_inst/a_reg_reg[23]_i_2__1/CO[3]
                         net (fo=1, routed)           0.000    12.584    hash_tile_md0/DUT_SHA512/HASH_SM/SHA512/w_mem_inst/a_reg_reg[23]_i_2__1_n_0
    SLICE_X64Y132        CARRY4 (Prop_carry4_CI_CO[3])
                                                      0.117    12.701 r  hash_tile_md0/DUT_SHA512/HASH_SM/SHA512/w_mem_inst/a_reg_reg[27]_i_2__1/CO[3]
                         net (fo=1, routed)           0.000    12.701    hash_tile_md0/DUT_SHA512/HASH_SM/SHA512/w_mem_inst/a_reg_reg[27]_i_2__1_n_0
    SLICE_X64Y133        CARRY4 (Prop_carry4_CI_CO[3])
                                                      0.117    12.818 r  hash_tile_md0/DUT_SHA512/HASH_SM/SHA512/w_mem_inst/a_reg_reg[31]_i_2__1/CO[3]
                         net (fo=1, routed)           0.000    12.818    hash_tile_md0/DUT_SHA512/HASH_SM/SHA512/w_mem_inst/a_reg_reg[31]_i_2__1_n_0
    SLICE_X64Y134        CARRY4 (Prop_carry4_CI_CO[3])
                                                      0.117    12.935 r  hash_tile_md0/DUT_SHA512/HASH_SM/SHA512/w_mem_inst/a_reg_reg[35]_i_2/CO[3]
                         net (fo=1, routed)           0.000    12.935    hash_tile_md0/DUT_SHA512/HASH_SM/SHA512/w_mem_inst/a_reg_reg[35]_i_2_n_0
    SLICE_X64Y135        CARRY4 (Prop_carry4_CI_CO[3])
                                                      0.117    13.052 r  hash_tile_md0/DUT_SHA512/HASH_SM/SHA512/w_mem_inst/a_reg_reg[39]_i_2/CO[3]
                         net (fo=1, routed)           0.000    13.052    hash_tile_md0/DUT_SHA512/HASH_SM/SHA512/w_mem_inst/a_reg_reg[39]_i_2_n_0
    SLICE_X64Y136        CARRY4 (Prop_carry4_CI_CO[3])
                                                      0.117    13.169 r  hash_tile_md0/DUT_SHA512/HASH_SM/SHA512/w_mem_inst/a_reg_reg[43]_i_2/CO[3]
                         net (fo=1, routed)           0.000    13.169    hash_tile_md0/DUT_SHA512/HASH_SM/SHA512/w_mem_inst/a_reg_reg[43]_i_2_n_0
    SLICE_X64Y137        CARRY4 (Prop_carry4_CI_CO[3])
                                                      0.117    13.286 r  hash_tile_md0/DUT_SHA512/HASH_SM/SHA512/w_mem_inst/a_reg_reg[47]_i_2/CO[3]
                         net (fo=1, routed)           0.000    13.286    hash_tile_md0/DUT_SHA512/HASH_SM/SHA512/w_mem_inst/a_reg_reg[47]_i_2_n_0
    SLICE_X64Y138        CARRY4 (Prop_carry4_CI_CO[3])
                                                      0.117    13.403 r  hash_tile_md0/DUT_SHA512/HASH_SM/SHA512/w_mem_inst/a_reg_reg[51]_i_2/CO[3]
                         net (fo=1, routed)           0.000    13.403    hash_tile_md0/DUT_SHA512/HASH_SM/SHA512/w_mem_inst/a_reg_reg[51]_i_2_n_0
    SLICE_X64Y139        CARRY4 (Prop_carry4_CI_CO[3])
                                                      0.117    13.520 r  hash_tile_md0/DUT_SHA512/HASH_SM/SHA512/w_mem_inst/a_reg_reg[55]_i_2/CO[3]
                         net (fo=1, routed)           0.000    13.520    hash_tile_md0/DUT_SHA512/HASH_SM/SHA512/w_mem_inst/a_reg_reg[55]_i_2_n_0
    SLICE_X64Y140        CARRY4 (Prop_carry4_CI_CO[3])
                                                      0.117    13.637 r  hash_tile_md0/DUT_SHA512/HASH_SM/SHA512/w_mem_inst/a_reg_reg[59]_i_2/CO[3]
                         net (fo=1, routed)           0.000    13.637    hash_tile_md0/DUT_SHA512/HASH_SM/SHA512/w_mem_inst/a_reg_reg[59]_i_2_n_0
    SLICE_X64Y141        CARRY4 (Prop_carry4_CI_O[3])
                                                      0.315    13.952 r  hash_tile_md0/DUT_SHA512/HASH_SM/SHA512/w_mem_inst/a_reg_reg[63]_i_2/O[3]
                         net (fo=1, routed)           0.330    14.282    hash_tile_md0/DUT_SHA512/HASH_SM/SHA512/w_mem_inst/a_new0[63]
    SLICE_X66Y141        LUT6 (Prop_lut6_I3_O)        0.307    14.589 r  hash_tile_md0/DUT_SHA512/HASH_SM/SHA512/w_mem_inst/a_reg[63]_i_1/O
                         net (fo=1, routed)           0.000    14.589    hash_tile_md0/DUT_SHA512/HASH_SM/SHA512/a_new[63]
    SLICE_X66Y141        FDCE                                         r  hash_tile_md0/DUT_SHA512/HASH_SM/SHA512/a_reg_reg[63]/D
  -------------------------------------------------------------------    -------------------

                         (clock clk rise edge)       14.000    14.000 r  
                                                      0.000    14.000 r  clk (IN)
                         net (fo=16675, unset)        0.924    14.924    hash_tile_md0/DUT_SHA512/HASH_SM/SHA512/clk
    SLICE_X66Y141        FDCE                                         r  hash_tile_md0/DUT_SHA512/HASH_SM/SHA512/a_reg_reg[63]/C
                         clock pessimism              0.000    14.924    
                         clock uncertainty           -0.035    14.889    
    SLICE_X66Y141        FDCE (Setup_fdce_C_D)        0.079    14.968    hash_tile_md0/DUT_SHA512/HASH_SM/SHA512/a_reg_reg[63]
  -------------------------------------------------------------------
                         required time                         14.968    
                         arrival time                         -14.589    
  -------------------------------------------------------------------
                         slack                                  0.379    





Min Delay Paths
--------------------------------------------------------------------------------------
Slack (MET) :             0.035ns  (arrival time - required time)
  Source:                 mti_md0/indices_addr0_reg[4]/C
                            (rising edge-triggered cell FDCE clocked by clk  {rise@0.000ns fall@7.000ns period=14.000ns})
  Destination:            INDICES_MEM/mem_reg/DIADI[13]
                            (rising edge-triggered cell RAMB18E1 clocked by clk  {rise@0.000ns fall@7.000ns period=14.000ns})
  Path Group:             clk
  Path Type:              Hold (Min at Fast Process Corner)
  Requirement:            0.000ns  (clk rise@0.000ns - clk rise@0.000ns)
  Data Path Delay:        0.353ns  (logic 0.164ns (46.515%)  route 0.189ns (53.485%))
  Logic Levels:           0  
  Clock Path Skew:        0.022ns (DCD - SCD - CPR)
    Destination Clock Delay (DCD):    0.432ns
    Source Clock Delay      (SCD):    0.410ns
    Clock Pessimism Removal (CPR):    -0.000ns

    Location             Delay type                Incr(ns)  Path(ns)    Netlist Resource(s)
  -------------------------------------------------------------------    -------------------
                         (clock clk rise edge)        0.000     0.000 r  
                                                      0.000     0.000 r  clk (IN)
                         net (fo=16675, unset)        0.410     0.410    mti_md0/clk
    SLICE_X8Y45          FDCE                                         r  mti_md0/indices_addr0_reg[4]/C
  -------------------------------------------------------------------    -------------------
    SLICE_X8Y45          FDCE (Prop_fdce_C_Q)         0.164     0.574 r  mti_md0/indices_addr0_reg[4]/Q
                         net (fo=4, routed)           0.189     0.763    INDICES_MEM/DIADI[13]
    RAMB18_X0Y18         RAMB18E1                                     r  INDICES_MEM/mem_reg/DIADI[13]
  -------------------------------------------------------------------    -------------------

                         (clock clk rise edge)        0.000     0.000 r  
                                                      0.000     0.000 r  clk (IN)
                         net (fo=16675, unset)        0.432     0.432    INDICES_MEM/clk
    RAMB18_X0Y18         RAMB18E1                                     r  INDICES_MEM/mem_reg/CLKARDCLK
                         clock pessimism              0.000     0.432    
    RAMB18_X0Y18         RAMB18E1 (Hold_ramb18e1_CLKARDCLK_DIADI[13])
                                                      0.296     0.728    INDICES_MEM/mem_reg
  -------------------------------------------------------------------
                         required time                         -0.728    
                         arrival time                           0.763    
  -------------------------------------------------------------------
                         slack                                  0.035    





Pulse Width Checks
--------------------------------------------------------------------------------------
Clock Name:         clk
Waveform(ns):       { 0.000 7.000 }
Period(ns):         14.000
Sources:            { clk }

Check Type        Corner  Lib Pin             Reference Pin  Required(ns)  Actual(ns)  Slack(ns)  Location      Pin
Min Period        n/a     RAMB36E1/CLKARDCLK  n/a            2.944         14.000      11.056     RAMB36_X2Y17  hash_tile_md0/DUT_SHA256/BIG_MEM/mem_reg/CLKARDCLK
Low Pulse Width   Slow    RAMD32/CLK          n/a            1.250         7.000       5.750      SLICE_X48Y87  hash_tile_md0/DUT_SHA256/B_FIFO_INSTANCE/fifo_mem_reg_0_7_0_5/RAMA/CLK
High Pulse Width  Slow    RAMD32/CLK          n/a            1.250         7.000       5.750      SLICE_X48Y87  hash_tile_md0/DUT_SHA256/B_FIFO_INSTANCE/fifo_mem_reg_0_7_0_5/RAMA/CLK



