Copyright 1986-2022 Xilinx, Inc. All Rights Reserved. Copyright 2022-2025 Advanced Micro Devices, Inc. All Rights Reserved.
---------------------------------------------------------------------------------------------------------------------------------------------
| Tool Version : Vivado v.2025.2 (lin64) Build 6299465 Fri Nov 14 12:34:56 MST 2025
| Date         : Sat Aug 29 13:33:40 2026
| Host         : MSI running 64-bit Ubuntu 26.04 LTS
| Command      : report_timing_summary -file /tmp/fsrch_slh_128s_baseline_12.0.rpt
| Design       : top
| Device       : 7a200t-fbg676
| Speed File   : -1  PRODUCTION 1.23 2018-06-13
| Design State : Routed
---------------------------------------------------------------------------------------------------------------------------------------------

Timing Summary Report

------------------------------------------------------------------------------------------------
| Timer Settings
| --------------
------------------------------------------------------------------------------------------------

  Enable Multi Corner Analysis               :  Yes
  Enable Pessimism Removal                   :  Yes
  Pessimism Removal Resolution               :  Nearest Common Node
  Enable Input Delay Default Clock           :  No
  Enable Preset / Clear Arcs                 :  No
  Disable Flight Delays                      :  No
  Ignore I/O Paths                           :  No
  Timing Early Launch at Borrowing Latches   :  No
  Borrow Time for Max Delay Exceptions       :  Yes
  Merge Timing Exceptions                    :  Yes
  Inter-SLR Compensation                     :  Conservative

  Corner  Analyze    Analyze    
  Name    Max Paths  Min Paths  
  ------  ---------  ---------  
  Slow    Yes        Yes        
  Fast    Yes        Yes        


------------------------------------------------------------------------------------------------
| Report Methodology
| ------------------
------------------------------------------------------------------------------------------------

No report available as report_methodology has not been run prior. Run report_methodology on the current design for the summary of methodology violations.



check_timing report

Table of Contents
-----------------
1. checking no_clock (4)
2. checking constant_clock (0)
3. checking pulse_width_clock (0)
4. checking unconstrained_internal_endpoints (1)
5. checking no_input_delay (170)
6. checking no_output_delay (80)
7. checking multiple_clock (0)
8. checking generated_clocks (0)
9. checking loops (0)
10. checking partial_input_delay (0)
11. checking partial_output_delay (0)
12. checking latch_loops (0)

1. checking no_clock (4)
------------------------
 There is 1 register/latch pin with no clock driven by root clock pin: wots_xmss_fsm_md0/md0/XMSS_start_reg/Q (HIGH)

 There is 1 register/latch pin with no clock driven by root clock pin: wots_xmss_fsm_md0/md0/cnt_reg[1]/Q (HIGH)

 There is 1 register/latch pin with no clock driven by root clock pin: wots_xmss_fsm_md0/md0/cnt_reg[2]/Q (HIGH)

 There is 1 register/latch pin with no clock driven by root clock pin: wots_xmss_fsm_md0/md0/cnt_reg[3]/Q (HIGH)


2. checking constant_clock (0)
------------------------------
 There are 0 register/latch pins with constant_clock.


3. checking pulse_width_clock (0)
---------------------------------
 There are 0 register/latch pins which need pulse_width check


4. checking unconstrained_internal_endpoints (1)
------------------------------------------------
 There is 1 pin that is not constrained for maximum delay. (HIGH)

 There are 0 pins that are not constrained for maximum delay due to constant clock.


5. checking no_input_delay (170)
--------------------------------
 There are 156 input ports with no input delay specified. (HIGH)

 There are 14 input ports with no input delay but user has a false path constraint. (MEDIUM)


6. checking no_output_delay (80)
--------------------------------
 There are 80 ports with no output delay specified. (HIGH)

 There are 0 ports with no output delay but user has a false path constraint

 There are 0 ports with no output delay but with a timing clock defined on it or propagating through it


7. checking multiple_clock (0)
------------------------------
 There are 0 register/latch pins with multiple clocks.


8. checking generated_clocks (0)
--------------------------------
 There are 0 generated clocks that are not connected to a clock source.


9. checking loops (0)
---------------------
 There are 0 combinational loops in the design.


10. checking partial_input_delay (0)
------------------------------------
 There are 0 input ports with partial input delay specified.


11. checking partial_output_delay (0)
-------------------------------------
 There are 0 ports with partial output delay specified.


12. checking latch_loops (0)
----------------------------
 There are 0 combinational latch loops in the design through latch input



------------------------------------------------------------------------------------------------
| Design Timing Summary
| ---------------------
------------------------------------------------------------------------------------------------

    WNS(ns)      TNS(ns)  TNS Failing Endpoints  TNS Total Endpoints      WHS(ns)      THS(ns)  THS Failing Endpoints  THS Total Endpoints     WPWS(ns)     TPWS(ns)  TPWS Failing Endpoints  TPWS Total Endpoints  
    -------      -------  ---------------------  -------------------      -------      -------  ---------------------  -------------------     --------     --------  ----------------------  --------------------  
      0.083        0.000                      0                15436        0.051        0.000                      0                15436        4.750        0.000                       0                  7014  


All user specified timing constraints are met.


------------------------------------------------------------------------------------------------
| Clock Summary
| -------------
------------------------------------------------------------------------------------------------

Clock  Waveform(ns)       Period(ns)      Frequency(MHz)
-----  ------------       ----------      --------------
clk    {0.000 6.000}      12.000          83.333          


------------------------------------------------------------------------------------------------
| Intra Clock Table
| -----------------
------------------------------------------------------------------------------------------------

Clock             WNS(ns)      TNS(ns)  TNS Failing Endpoints  TNS Total Endpoints      WHS(ns)      THS(ns)  THS Failing Endpoints  THS Total Endpoints     WPWS(ns)     TPWS(ns)  TPWS Failing Endpoints  TPWS Total Endpoints  
-----             -------      -------  ---------------------  -------------------      -------      -------  ---------------------  -------------------     --------     --------  ----------------------  --------------------  
clk                 0.083        0.000                      0                15436        0.051        0.000                      0                15436        4.750        0.000                       0                  7014  


------------------------------------------------------------------------------------------------
| Inter Clock Table
| -----------------
------------------------------------------------------------------------------------------------

From Clock    To Clock          WNS(ns)      TNS(ns)  TNS Failing Endpoints  TNS Total Endpoints      WHS(ns)      THS(ns)  THS Failing Endpoints  THS Total Endpoints  
----------    --------          -------      -------  ---------------------  -------------------      -------      -------  ---------------------  -------------------  


------------------------------------------------------------------------------------------------
| Other Path Groups Table
| -----------------------
------------------------------------------------------------------------------------------------

Path Group    From Clock    To Clock          WNS(ns)      TNS(ns)  TNS Failing Endpoints  TNS Total Endpoints      WHS(ns)      THS(ns)  THS Failing Endpoints  THS Total Endpoints  
----------    ----------    --------          -------      -------  ---------------------  -------------------      -------      -------  ---------------------  -------------------  


------------------------------------------------------------------------------------------------
| Timing Details
| --------------
------------------------------------------------------------------------------------------------


---------------------------------------------------------------------------------------------------
From Clock:  clk
  To Clock:  clk

Setup :            0  Failing Endpoints,  Worst Slack        0.083ns,  Total Violation        0.000ns
Hold  :            0  Failing Endpoints,  Worst Slack        0.051ns,  Total Violation        0.000ns
PW    :            0  Failing Endpoints,  Worst Slack        4.750ns,  Total Violation        0.000ns
---------------------------------------------------------------------------------------------------


Max Delay Paths
--------------------------------------------------------------------------------------
Slack (MET) :             0.083ns  (required time - arrival time)
  Source:                 hash_tile_md0/HASH_SM/SHA256/w_mem_inst/w_mem_reg[1][8]/C
                            (rising edge-triggered cell FDCE clocked by clk  {rise@0.000ns fall@6.000ns period=12.000ns})
  Destination:            hash_tile_md0/HASH_SM/SHA256/a_reg_reg[29]/D
                            (rising edge-triggered cell FDCE clocked by clk  {rise@0.000ns fall@6.000ns period=12.000ns})
  Path Group:             clk
  Path Type:              Setup (Max at Slow Process Corner)
  Requirement:            12.000ns  (clk rise@12.000ns - clk rise@0.000ns)
  Data Path Delay:        11.914ns  (logic 5.843ns (49.045%)  route 6.071ns (50.955%))
  Logic Levels:           22  (CARRY4=11 LUT3=2 LUT4=1 LUT5=2 LUT6=6)
  Clock Path Skew:        -0.049ns (DCD - SCD + CPR)
    Destination Clock Delay (DCD):    0.924ns = ( 12.924 - 12.000 ) 
    Source Clock Delay      (SCD):    0.973ns
    Clock Pessimism Removal (CPR):    0.000ns
  Clock Uncertainty:      0.035ns  ((TSJ^2 + TIJ^2)^1/2 + DJ) / 2 + PE
    Total System Jitter     (TSJ):    0.071ns
    Total Input Jitter      (TIJ):    0.000ns
    Discrete Jitter          (DJ):    0.000ns
    Phase Error              (PE):    0.000ns

    Location             Delay type                Incr(ns)  Path(ns)    Netlist Resource(s)
  -------------------------------------------------------------------    -------------------
                         (clock clk rise edge)        0.000     0.000 r  
                                                      0.000     0.000 r  clk (IN)
                         net (fo=7013, unset)         0.973     0.973    hash_tile_md0/HASH_SM/SHA256/w_mem_inst/clk
    SLICE_X80Y103        FDCE                                         r  hash_tile_md0/HASH_SM/SHA256/w_mem_inst/w_mem_reg[1][8]/C
  -------------------------------------------------------------------    -------------------
    SLICE_X80Y103        FDCE (Prop_fdce_C_Q)         0.518     1.491 r  hash_tile_md0/HASH_SM/SHA256/w_mem_inst/w_mem_reg[1][8]/Q
                         net (fo=9, routed)           0.715     2.206    hash_tile_md0/HASH_SM/SHA256/w_mem_inst/p_2_in[1]
    SLICE_X78Y103        LUT3 (Prop_lut3_I1_O)        0.124     2.330 r  hash_tile_md0/HASH_SM/SHA256/w_mem_inst/w_mem[15][3]_i_13/O
                         net (fo=1, routed)           0.643     2.973    hash_tile_md0/HASH_SM/SHA256/w_mem_inst/w_mem_update_logic.d0[1]
    SLICE_X78Y104        LUT6 (Prop_lut6_I0_O)        0.124     3.097 r  hash_tile_md0/HASH_SM/SHA256/w_mem_inst/w_mem[15][3]_i_5/O
                         net (fo=2, routed)           0.312     3.409    hash_tile_md0/HASH_SM/SHA256/w_mem_inst/w_mem[15][3]_i_5_n_0
    SLICE_X78Y105        LUT6 (Prop_lut6_I0_O)        0.124     3.533 r  hash_tile_md0/HASH_SM/SHA256/w_mem_inst/w_mem[15][3]_i_9/O
                         net (fo=1, routed)           0.000     3.533    hash_tile_md0/HASH_SM/SHA256/w_mem_inst/w_mem[15][3]_i_9_n_0
    SLICE_X78Y105        CARRY4 (Prop_carry4_S[1]_CO[3])
                                                      0.550     4.083 r  hash_tile_md0/HASH_SM/SHA256/w_mem_inst/w_mem_reg[15][3]_i_2/CO[3]
                         net (fo=1, routed)           0.000     4.083    hash_tile_md0/HASH_SM/SHA256/w_mem_inst/w_mem_reg[15][3]_i_2_n_0
    SLICE_X78Y106        CARRY4 (Prop_carry4_CI_O[2])
                                                      0.239     4.322 r  hash_tile_md0/HASH_SM/SHA256/w_mem_inst/w_mem_reg[15][7]_i_2/O[2]
                         net (fo=2, routed)           0.737     5.059    hash_tile_md0/HASH_SM/SHA256/w_mem_inst/w_new[6]
    SLICE_X76Y106        LUT6 (Prop_lut6_I3_O)        0.302     5.361 r  hash_tile_md0/HASH_SM/SHA256/w_mem_inst/i___45_i_23/O
                         net (fo=2, routed)           0.473     5.834    hash_tile_md0/HASH_SM/SHA256/w_mem_inst/w_data[6]
    SLICE_X75Y108        LUT3 (Prop_lut3_I0_O)        0.124     5.958 r  hash_tile_md0/HASH_SM/SHA256/w_mem_inst/i___45_i_15/O
                         net (fo=2, routed)           0.456     6.414    hash_tile_md0/HASH_SM/SHA256/w_mem_inst/i___45_i_15_n_0
    SLICE_X73Y109        LUT4 (Prop_lut4_I3_O)        0.124     6.538 r  hash_tile_md0/HASH_SM/SHA256/w_mem_inst/i___45_i_19/O
                         net (fo=1, routed)           0.000     6.538    hash_tile_md0/HASH_SM/SHA256/w_mem_inst/i___45_i_19_n_0
    SLICE_X73Y109        CARRY4 (Prop_carry4_S[3]_CO[3])
                                                      0.401     6.939 r  hash_tile_md0/HASH_SM/SHA256/w_mem_inst/i___45_i_13/CO[3]
                         net (fo=1, routed)           0.000     6.939    hash_tile_md0/HASH_SM/SHA256/w_mem_inst/i___45_i_13_n_0
    SLICE_X73Y110        CARRY4 (Prop_carry4_CI_O[0])
                                                      0.222     7.161 r  hash_tile_md0/HASH_SM/SHA256/w_mem_inst/i___41_i_13/O[0]
                         net (fo=2, routed)           0.464     7.625    hash_tile_md0/HASH_SM/SHA256/w_mem_inst/i___41_i_13_n_7
    SLICE_X72Y107        LUT5 (Prop_lut5_I0_O)        0.299     7.924 r  hash_tile_md0/HASH_SM/SHA256/w_mem_inst/i___45_i_4/O
                         net (fo=2, routed)           0.622     8.545    hash_tile_md0/HASH_SM/SHA256/w_mem_inst/i___45_i_4_n_0
    SLICE_X71Y110        LUT6 (Prop_lut6_I0_O)        0.124     8.669 r  hash_tile_md0/HASH_SM/SHA256/w_mem_inst/i___45_i_8/O
                         net (fo=1, routed)           0.000     8.669    hash_tile_md0/HASH_SM/SHA256/w_mem_inst/i___45_i_8_n_0
    SLICE_X71Y110        CARRY4 (Prop_carry4_S[1]_CO[3])
                                                      0.550     9.219 r  hash_tile_md0/HASH_SM/SHA256/w_mem_inst/i___45_i_1/CO[3]
                         net (fo=1, routed)           0.000     9.219    hash_tile_md0/HASH_SM/SHA256/w_mem_inst/i___45_i_1_n_0
    SLICE_X71Y111        CARRY4 (Prop_carry4_CI_CO[3])
                                                      0.114     9.333 r  hash_tile_md0/HASH_SM/SHA256/w_mem_inst/i___41_i_1/CO[3]
                         net (fo=1, routed)           0.000     9.333    hash_tile_md0/HASH_SM/SHA256/w_mem_inst/i___41_i_1_n_0
    SLICE_X71Y112        CARRY4 (Prop_carry4_CI_O[2])
                                                      0.239     9.572 r  hash_tile_md0/HASH_SM/SHA256/w_mem_inst/i___37_i_1/O[2]
                         net (fo=4, routed)           0.619    10.191    hash_tile_md0/HASH_SM/SHA256/w_mem_inst/e_reg_reg[18][2]
    SLICE_X71Y107        LUT5 (Prop_lut5_I4_O)        0.302    10.493 r  hash_tile_md0/HASH_SM/SHA256/w_mem_inst/a_reg[19]_i_3/O
                         net (fo=2, routed)           0.582    11.075    hash_tile_md0/HASH_SM/SHA256/w_mem_inst/a_reg[19]_i_3_n_0
    SLICE_X70Y110        LUT6 (Prop_lut6_I0_O)        0.124    11.199 r  hash_tile_md0/HASH_SM/SHA256/w_mem_inst/a_reg[19]_i_7/O
                         net (fo=1, routed)           0.000    11.199    hash_tile_md0/HASH_SM/SHA256/w_mem_inst/a_reg[19]_i_7_n_0
    SLICE_X70Y110        CARRY4 (Prop_carry4_S[3]_CO[3])
                                                      0.376    11.575 r  hash_tile_md0/HASH_SM/SHA256/w_mem_inst/a_reg_reg[19]_i_2/CO[3]
                         net (fo=1, routed)           0.000    11.575    hash_tile_md0/HASH_SM/SHA256/w_mem_inst/a_reg_reg[19]_i_2_n_0
    SLICE_X70Y111        CARRY4 (Prop_carry4_CI_CO[3])
                                                      0.117    11.692 r  hash_tile_md0/HASH_SM/SHA256/w_mem_inst/a_reg_reg[23]_i_2/CO[3]
                         net (fo=1, routed)           0.000    11.692    hash_tile_md0/HASH_SM/SHA256/w_mem_inst/a_reg_reg[23]_i_2_n_0
    SLICE_X70Y112        CARRY4 (Prop_carry4_CI_CO[3])
                                                      0.117    11.809 r  hash_tile_md0/HASH_SM/SHA256/w_mem_inst/a_reg_reg[27]_i_2/CO[3]
                         net (fo=1, routed)           0.000    11.809    hash_tile_md0/HASH_SM/SHA256/w_mem_inst/a_reg_reg[27]_i_2_n_0
    SLICE_X70Y113        CARRY4 (Prop_carry4_CI_O[1])
                                                      0.323    12.132 r  hash_tile_md0/HASH_SM/SHA256/w_mem_inst/a_reg_reg[31]_i_2/O[1]
                         net (fo=1, routed)           0.448    12.581    hash_tile_md0/HASH_SM/SHA256/w_mem_inst/a_new0[29]
    SLICE_X70Y115        LUT6 (Prop_lut6_I0_O)        0.306    12.887 r  hash_tile_md0/HASH_SM/SHA256/w_mem_inst/a_reg[29]_i_1/O
                         net (fo=1, routed)           0.000    12.887    hash_tile_md0/HASH_SM/SHA256/w_mem_inst_n_7
    SLICE_X70Y115        FDCE                                         r  hash_tile_md0/HASH_SM/SHA256/a_reg_reg[29]/D
  -------------------------------------------------------------------    -------------------

                         (clock clk rise edge)       12.000    12.000 r  
                                                      0.000    12.000 r  clk (IN)
                         net (fo=7013, unset)         0.924    12.924    hash_tile_md0/HASH_SM/SHA256/clk
    SLICE_X70Y115        FDCE                                         r  hash_tile_md0/HASH_SM/SHA256/a_reg_reg[29]/C
                         clock pessimism              0.000    12.924    
                         clock uncertainty           -0.035    12.889    
    SLICE_X70Y115        FDCE (Setup_fdce_C_D)        0.081    12.970    hash_tile_md0/HASH_SM/SHA256/a_reg_reg[29]
  -------------------------------------------------------------------
                         required time                         12.970    
                         arrival time                         -12.887    
  -------------------------------------------------------------------
                         slack                                  0.083    





Min Delay Paths
--------------------------------------------------------------------------------------
Slack (MET) :             0.051ns  (arrival time - required time)
  Source:                 hash_tile_md0/S_FIFO_INSTANCE/wr_addr_reg[0]/C
                            (rising edge-triggered cell FDRE clocked by clk  {rise@0.000ns fall@6.000ns period=12.000ns})
  Destination:            hash_tile_md0/S_FIFO_INSTANCE/fifo_mem_reg_0_7_6_11/RAMA/WADR0
                            (rising edge-triggered cell RAMD32 clocked by clk  {rise@0.000ns fall@6.000ns period=12.000ns})
  Path Group:             clk
  Path Type:              Hold (Min at Fast Process Corner)
  Requirement:            0.000ns  (clk rise@0.000ns - clk rise@0.000ns)
  Data Path Delay:        0.382ns  (logic 0.141ns (36.866%)  route 0.241ns (63.134%))
  Logic Levels:           0  
  Clock Path Skew:        0.022ns (DCD - SCD - CPR)
    Destination Clock Delay (DCD):    0.432ns
    Source Clock Delay      (SCD):    0.410ns
    Clock Pessimism Removal (CPR):    -0.000ns

    Location             Delay type                Incr(ns)  Path(ns)    Netlist Resource(s)
  -------------------------------------------------------------------    -------------------
                         (clock clk rise edge)        0.000     0.000 r  
                                                      0.000     0.000 r  clk (IN)
                         net (fo=7013, unset)         0.410     0.410    hash_tile_md0/S_FIFO_INSTANCE/clk
    SLICE_X61Y93         FDRE                                         r  hash_tile_md0/S_FIFO_INSTANCE/wr_addr_reg[0]/C
  -------------------------------------------------------------------    -------------------
    SLICE_X61Y93         FDRE (Prop_fdre_C_Q)         0.141     0.551 r  hash_tile_md0/S_FIFO_INSTANCE/wr_addr_reg[0]/Q
                         net (fo=93, routed)          0.241     0.793    hash_tile_md0/S_FIFO_INSTANCE/fifo_mem_reg_0_7_6_11/ADDRD0
    SLICE_X60Y93         RAMD32                                       r  hash_tile_md0/S_FIFO_INSTANCE/fifo_mem_reg_0_7_6_11/RAMA/WADR0
  -------------------------------------------------------------------    -------------------

                         (clock clk rise edge)        0.000     0.000 r  
                                                      0.000     0.000 r  clk (IN)
                         net (fo=7013, unset)         0.432     0.432    hash_tile_md0/S_FIFO_INSTANCE/fifo_mem_reg_0_7_6_11/WCLK
    SLICE_X60Y93         RAMD32                                       r  hash_tile_md0/S_FIFO_INSTANCE/fifo_mem_reg_0_7_6_11/RAMA/CLK
                         clock pessimism              0.000     0.432    
    SLICE_X60Y93         RAMD32 (Hold_ramd32_CLK_WADR0)
                                                      0.310     0.742    hash_tile_md0/S_FIFO_INSTANCE/fifo_mem_reg_0_7_6_11/RAMA
  -------------------------------------------------------------------
                         required time                         -0.742    
                         arrival time                           0.793    
  -------------------------------------------------------------------
                         slack                                  0.051    





Pulse Width Checks
--------------------------------------------------------------------------------------
Clock Name:         clk
Waveform(ns):       { 0.000 6.000 }
Period(ns):         12.000
Sources:            { clk }

Check Type        Corner  Lib Pin             Reference Pin  Required(ns)  Actual(ns)  Slack(ns)  Location      Pin
Min Period        n/a     RAMB36E1/CLKARDCLK  n/a            2.944         12.000      9.056      RAMB36_X1Y18  hash_tile_md0/BIG_MEM/mem_reg/CLKARDCLK
Low Pulse Width   Slow    RAMD32/CLK          n/a            1.250         6.000       4.750      SLICE_X36Y94  hash_tile_md0/B_FIFO_INSTANCE/fifo_mem_reg_0_7_0_5/RAMA/CLK
High Pulse Width  Slow    RAMD32/CLK          n/a            1.250         6.000       4.750      SLICE_X36Y94  hash_tile_md0/B_FIFO_INSTANCE/fifo_mem_reg_0_7_0_5/RAMA/CLK



