Copyright 1986-2022 Xilinx, Inc. All Rights Reserved. Copyright 2022-2025 Advanced Micro Devices, Inc. All Rights Reserved.
---------------------------------------------------------------------------------------------------------------------------------------------
| Tool Version : Vivado v.2025.2 (lin64) Build 6299465 Fri Nov 14 12:34:56 MST 2025
| Date         : Sat Aug 29 19:55:29 2026
| Host         : MSI running 64-bit Ubuntu 26.04 LTS
| Command      : report_timing_summary -file /tmp/fsrch_slh_192s_baseline_11.5.rpt
| Design       : top
| Device       : 7a200t-fbg676
| Speed File   : -1  PRODUCTION 1.23 2018-06-13
| Design State : Routed
---------------------------------------------------------------------------------------------------------------------------------------------

Timing Summary Report

------------------------------------------------------------------------------------------------
| Timer Settings
| --------------
------------------------------------------------------------------------------------------------

  Enable Multi Corner Analysis               :  Yes
  Enable Pessimism Removal                   :  Yes
  Pessimism Removal Resolution               :  Nearest Common Node
  Enable Input Delay Default Clock           :  No
  Enable Preset / Clear Arcs                 :  No
  Disable Flight Delays                      :  No
  Ignore I/O Paths                           :  No
  Timing Early Launch at Borrowing Latches   :  No
  Borrow Time for Max Delay Exceptions       :  Yes
  Merge Timing Exceptions                    :  Yes
  Inter-SLR Compensation                     :  Conservative

  Corner  Analyze    Analyze    
  Name    Max Paths  Min Paths  
  ------  ---------  ---------  
  Slow    Yes        Yes        
  Fast    Yes        Yes        


------------------------------------------------------------------------------------------------
| Report Methodology
| ------------------
------------------------------------------------------------------------------------------------

No report available as report_methodology has not been run prior. Run report_methodology on the current design for the summary of methodology violations.



check_timing report

Table of Contents
-----------------
1. checking no_clock (4)
2. checking constant_clock (0)
3. checking pulse_width_clock (0)
4. checking unconstrained_internal_endpoints (1)
5. checking no_input_delay (170)
6. checking no_output_delay (80)
7. checking multiple_clock (0)
8. checking generated_clocks (0)
9. checking loops (0)
10. checking partial_input_delay (0)
11. checking partial_output_delay (0)
12. checking latch_loops (0)

1. checking no_clock (4)
------------------------
 There is 1 register/latch pin with no clock driven by root clock pin: wots_xmss_fsm_md0/md0/XMSS_start_reg/Q (HIGH)

 There is 1 register/latch pin with no clock driven by root clock pin: wots_xmss_fsm_md0/md0/cnt_reg[1]/Q (HIGH)

 There is 1 register/latch pin with no clock driven by root clock pin: wots_xmss_fsm_md0/md0/cnt_reg[2]/Q (HIGH)

 There is 1 register/latch pin with no clock driven by root clock pin: wots_xmss_fsm_md0/md0/cnt_reg[3]/Q (HIGH)


2. checking constant_clock (0)
------------------------------
 There are 0 register/latch pins with constant_clock.


3. checking pulse_width_clock (0)
---------------------------------
 There are 0 register/latch pins which need pulse_width check


4. checking unconstrained_internal_endpoints (1)
------------------------------------------------
 There is 1 pin that is not constrained for maximum delay. (HIGH)

 There are 0 pins that are not constrained for maximum delay due to constant clock.


5. checking no_input_delay (170)
--------------------------------
 There are 156 input ports with no input delay specified. (HIGH)

 There are 14 input ports with no input delay but user has a false path constraint. (MEDIUM)


6. checking no_output_delay (80)
--------------------------------
 There are 80 ports with no output delay specified. (HIGH)

 There are 0 ports with no output delay but user has a false path constraint

 There are 0 ports with no output delay but with a timing clock defined on it or propagating through it


7. checking multiple_clock (0)
------------------------------
 There are 0 register/latch pins with multiple clocks.


8. checking generated_clocks (0)
--------------------------------
 There are 0 generated clocks that are not connected to a clock source.


9. checking loops (0)
---------------------
 There are 0 combinational loops in the design.


10. checking partial_input_delay (0)
------------------------------------
 There are 0 input ports with partial input delay specified.


11. checking partial_output_delay (0)
-------------------------------------
 There are 0 ports with partial output delay specified.


12. checking latch_loops (0)
----------------------------
 There are 0 combinational latch loops in the design through latch input



------------------------------------------------------------------------------------------------
| Design Timing Summary
| ---------------------
------------------------------------------------------------------------------------------------

    WNS(ns)      TNS(ns)  TNS Failing Endpoints  TNS Total Endpoints      WHS(ns)      THS(ns)  THS Failing Endpoints  THS Total Endpoints     WPWS(ns)     TPWS(ns)  TPWS Failing Endpoints  TPWS Total Endpoints  
    -------      -------  ---------------------  -------------------      -------      -------  ---------------------  -------------------     --------     --------  ----------------------  --------------------  
     -1.118      -61.695                    130                36885        0.050        0.000                      0                36885        4.500        0.000                       0                 16356  


Timing constraints are not met.


------------------------------------------------------------------------------------------------
| Clock Summary
| -------------
------------------------------------------------------------------------------------------------

Clock  Waveform(ns)       Period(ns)      Frequency(MHz)
-----  ------------       ----------      --------------
clk    {0.000 5.750}      11.500          86.957          


------------------------------------------------------------------------------------------------
| Intra Clock Table
| -----------------
------------------------------------------------------------------------------------------------

Clock             WNS(ns)      TNS(ns)  TNS Failing Endpoints  TNS Total Endpoints      WHS(ns)      THS(ns)  THS Failing Endpoints  THS Total Endpoints     WPWS(ns)     TPWS(ns)  TPWS Failing Endpoints  TPWS Total Endpoints  
-----             -------      -------  ---------------------  -------------------      -------      -------  ---------------------  -------------------     --------     --------  ----------------------  --------------------  
clk                -1.118      -61.695                    130                36885        0.050        0.000                      0                36885        4.500        0.000                       0                 16356  


------------------------------------------------------------------------------------------------
| Inter Clock Table
| -----------------
------------------------------------------------------------------------------------------------

From Clock    To Clock          WNS(ns)      TNS(ns)  TNS Failing Endpoints  TNS Total Endpoints      WHS(ns)      THS(ns)  THS Failing Endpoints  THS Total Endpoints  
----------    --------          -------      -------  ---------------------  -------------------      -------      -------  ---------------------  -------------------  


------------------------------------------------------------------------------------------------
| Other Path Groups Table
| -----------------------
------------------------------------------------------------------------------------------------

Path Group    From Clock    To Clock          WNS(ns)      TNS(ns)  TNS Failing Endpoints  TNS Total Endpoints      WHS(ns)      THS(ns)  THS Failing Endpoints  THS Total Endpoints  
----------    ----------    --------          -------      -------  ---------------------  -------------------      -------      -------  ---------------------  -------------------  


------------------------------------------------------------------------------------------------
| Timing Details
| --------------
------------------------------------------------------------------------------------------------


---------------------------------------------------------------------------------------------------
From Clock:  clk
  To Clock:  clk

Setup :          130  Failing Endpoints,  Worst Slack       -1.118ns,  Total Violation      -61.695ns
Hold  :            0  Failing Endpoints,  Worst Slack        0.050ns,  Total Violation        0.000ns
PW    :            0  Failing Endpoints,  Worst Slack        4.500ns,  Total Violation        0.000ns
---------------------------------------------------------------------------------------------------


Max Delay Paths
--------------------------------------------------------------------------------------
Slack (VIOLATED) :        -1.118ns  (required time - arrival time)
  Source:                 hash_tile_md0/DUT_SHA512/HASH_SM/SHA512/w_mem_inst/w_mem_reg[14][7]/C
                            (rising edge-triggered cell FDCE clocked by clk  {rise@0.000ns fall@5.750ns period=11.500ns})
  Destination:            hash_tile_md0/DUT_SHA512/HASH_SM/SHA512/a_reg_reg[61]/D
                            (rising edge-triggered cell FDCE clocked by clk  {rise@0.000ns fall@5.750ns period=11.500ns})
  Path Group:             clk
  Path Type:              Setup (Max at Slow Process Corner)
  Requirement:            11.500ns  (clk rise@11.500ns - clk rise@0.000ns)
  Data Path Delay:        12.565ns  (logic 6.500ns (51.733%)  route 6.065ns (48.267%))
  Logic Levels:           28  (CARRY4=16 LUT2=1 LUT4=1 LUT5=4 LUT6=6)
  Clock Path Skew:        -0.049ns (DCD - SCD + CPR)
    Destination Clock Delay (DCD):    0.924ns = ( 12.424 - 11.500 ) 
    Source Clock Delay      (SCD):    0.973ns
    Clock Pessimism Removal (CPR):    0.000ns
  Clock Uncertainty:      0.035ns  ((TSJ^2 + TIJ^2)^1/2 + DJ) / 2 + PE
    Total System Jitter     (TSJ):    0.071ns
    Total Input Jitter      (TIJ):    0.000ns
    Discrete Jitter          (DJ):    0.000ns
    Phase Error              (PE):    0.000ns

    Location             Delay type                Incr(ns)  Path(ns)    Netlist Resource(s)
  -------------------------------------------------------------------    -------------------
                         (clock clk rise edge)        0.000     0.000 r  
                                                      0.000     0.000 r  clk (IN)
                         net (fo=16355, unset)        0.973     0.973    hash_tile_md0/DUT_SHA512/HASH_SM/SHA512/w_mem_inst/clk
    SLICE_X133Y83        FDCE                                         r  hash_tile_md0/DUT_SHA512/HASH_SM/SHA512/w_mem_inst/w_mem_reg[14][7]/C
  -------------------------------------------------------------------    -------------------
    SLICE_X133Y83        FDCE (Prop_fdce_C_Q)         0.456     1.429 r  hash_tile_md0/DUT_SHA512/HASH_SM/SHA512/w_mem_inst/w_mem_reg[14][7]/Q
                         net (fo=9, routed)           0.616     2.045    hash_tile_md0/DUT_SHA512/HASH_SM/SHA512/w_mem_inst/p_2_in[52]
    SLICE_X133Y85        LUT2 (Prop_lut2_I0_O)        0.124     2.169 r  hash_tile_md0/DUT_SHA512/HASH_SM/SHA512/w_mem_inst/w_mem[15][15]_i_26_rewire/O
                         net (fo=1, routed)           0.938     3.106    hash_tile_md0/DUT_SHA512/HASH_SM/SHA512/w_mem_inst/w_mem_update_logic.d1__0[10]
    SLICE_X134Y85        LUT6 (Prop_lut6_I5_O)        0.124     3.230 r  hash_tile_md0/DUT_SHA512/HASH_SM/SHA512/w_mem_inst/w_mem[15][15]_i_18__1_rewire/O
                         net (fo=2, routed)           0.414     3.644    hash_tile_md0/DUT_SHA512/HASH_SM/SHA512/w_mem_inst/w_mem[15][15]_i_18__1_n_0
    SLICE_X135Y86        LUT6 (Prop_lut6_I5_O)        0.124     3.768 r  hash_tile_md0/DUT_SHA512/HASH_SM/SHA512/w_mem_inst/w_mem[15][15]_i_6__1_rewire_rewire_rewire/O
                         net (fo=2, routed)           0.594     4.362    hash_tile_md0/DUT_SHA512/HASH_SM/SHA512/w_mem_inst/w_mem[15][15]_i_6__1_n_0
    SLICE_X132Y86        LUT4 (Prop_lut4_I3_O)        0.124     4.486 r  hash_tile_md0/DUT_SHA512/HASH_SM/SHA512/w_mem_inst/w_mem[15][15]_i_10__1/O
                         net (fo=1, routed)           0.000     4.486    hash_tile_md0/DUT_SHA512/HASH_SM/SHA512/w_mem_inst/w_mem[15][15]_i_10__1_n_0
    SLICE_X132Y86        CARRY4 (Prop_carry4_S[0]_CO[3])
                                                      0.513     4.999 r  hash_tile_md0/DUT_SHA512/HASH_SM/SHA512/w_mem_inst/w_mem_reg[15][15]_i_2__1/CO[3]
                         net (fo=1, routed)           0.000     4.999    hash_tile_md0/DUT_SHA512/HASH_SM/SHA512/w_mem_inst/w_mem_reg[15][15]_i_2__1_n_0
    SLICE_X132Y87        CARRY4 (Prop_carry4_CI_CO[3])
                                                      0.117     5.116 r  hash_tile_md0/DUT_SHA512/HASH_SM/SHA512/w_mem_inst/w_mem_reg[15][19]_i_2__1/CO[3]
                         net (fo=1, routed)           0.000     5.116    hash_tile_md0/DUT_SHA512/HASH_SM/SHA512/w_mem_inst/w_mem_reg[15][19]_i_2__1_n_0
    SLICE_X132Y88        CARRY4 (Prop_carry4_CI_CO[3])
                                                      0.117     5.233 r  hash_tile_md0/DUT_SHA512/HASH_SM/SHA512/w_mem_inst/w_mem_reg[15][23]_i_2__1/CO[3]
                         net (fo=1, routed)           0.000     5.233    hash_tile_md0/DUT_SHA512/HASH_SM/SHA512/w_mem_inst/w_mem_reg[15][23]_i_2__1_n_0
    SLICE_X132Y89        CARRY4 (Prop_carry4_CI_O[1])
                                                      0.323     5.556 r  hash_tile_md0/DUT_SHA512/HASH_SM/SHA512/w_mem_inst/w_mem_reg[15][27]_i_2__1/O[1]
                         net (fo=2, routed)           0.442     5.998    hash_tile_md0/DUT_SHA512/HASH_SM/SHA512/w_mem_inst/w_new[25]
    SLICE_X131Y88        LUT5 (Prop_lut5_I3_O)        0.306     6.304 r  hash_tile_md0/DUT_SHA512/HASH_SM/SHA512/w_mem_inst/i___60_i_24/O
                         net (fo=2, routed)           0.562     6.867    hash_tile_md0/DUT_SHA512/HASH_SM/SHA512/w_mem_inst/w_data[25]
    SLICE_X125Y88        LUT5 (Prop_lut5_I3_O)        0.124     6.991 r  hash_tile_md0/DUT_SHA512/HASH_SM/SHA512/w_mem_inst/i___60_i_16/O
                         net (fo=2, routed)           0.432     7.423    hash_tile_md0/DUT_SHA512/HASH_SM/SHA512/w_mem_inst/i___60_i_16_n_0
    SLICE_X124Y86        LUT6 (Prop_lut6_I0_O)        0.124     7.547 r  hash_tile_md0/DUT_SHA512/HASH_SM/SHA512/w_mem_inst/i___60_i_20/O
                         net (fo=1, routed)           0.000     7.547    hash_tile_md0/DUT_SHA512/HASH_SM/SHA512/w_mem_inst/i___60_i_20_n_0
    SLICE_X124Y86        CARRY4 (Prop_carry4_S[2]_CO[3])
                                                      0.380     7.927 r  hash_tile_md0/DUT_SHA512/HASH_SM/SHA512/w_mem_inst/i___60_i_13/CO[3]
                         net (fo=1, routed)           0.000     7.927    hash_tile_md0/DUT_SHA512/HASH_SM/SHA512/w_mem_inst/i___60_i_13_n_0
    SLICE_X124Y87        CARRY4 (Prop_carry4_CI_CO[3])
                                                      0.117     8.044 r  hash_tile_md0/DUT_SHA512/HASH_SM/SHA512/w_mem_inst/i___56_i_13/CO[3]
                         net (fo=1, routed)           0.000     8.044    hash_tile_md0/DUT_SHA512/HASH_SM/SHA512/w_mem_inst/i___56_i_13_n_0
    SLICE_X124Y88        CARRY4 (Prop_carry4_CI_CO[3])
                                                      0.117     8.161 r  hash_tile_md0/DUT_SHA512/HASH_SM/SHA512/w_mem_inst/i___52_i_13/CO[3]
                         net (fo=1, routed)           0.000     8.161    hash_tile_md0/DUT_SHA512/HASH_SM/SHA512/w_mem_inst/i___52_i_13_n_0
    SLICE_X124Y89        CARRY4 (Prop_carry4_CI_O[1])
                                                      0.323     8.484 r  hash_tile_md0/DUT_SHA512/HASH_SM/SHA512/w_mem_inst/i___48_i_13/O[1]
                         net (fo=2, routed)           0.461     8.945    hash_tile_md0/DUT_SHA512/HASH_SM/SHA512/w_mem_inst/i___48_i_13_n_6
    SLICE_X123Y89        LUT5 (Prop_lut5_I0_O)        0.306     9.251 r  hash_tile_md0/DUT_SHA512/HASH_SM/SHA512/w_mem_inst/i___52_i_3/O
                         net (fo=2, routed)           0.409     9.660    hash_tile_md0/DUT_SHA512/HASH_SM/SHA512/w_mem_inst/i___52_i_3_n_0
    SLICE_X121Y89        LUT6 (Prop_lut6_I0_O)        0.124     9.784 r  hash_tile_md0/DUT_SHA512/HASH_SM/SHA512/w_mem_inst/i___52_i_7/O
                         net (fo=1, routed)           0.000     9.784    hash_tile_md0/DUT_SHA512/HASH_SM/SHA512/w_mem_inst/i___52_i_7_n_0
    SLICE_X121Y89        CARRY4 (Prop_carry4_S[2]_CO[3])
                                                      0.398    10.182 r  hash_tile_md0/DUT_SHA512/HASH_SM/SHA512/w_mem_inst/i___52_i_1/CO[3]
                         net (fo=1, routed)           0.000    10.182    hash_tile_md0/DUT_SHA512/HASH_SM/SHA512/w_mem_inst/i___52_i_1_n_0
    SLICE_X121Y90        CARRY4 (Prop_carry4_CI_CO[3])
                                                      0.114    10.296 r  hash_tile_md0/DUT_SHA512/HASH_SM/SHA512/w_mem_inst/i___48_i_1/CO[3]
                         net (fo=1, routed)           0.000    10.296    hash_tile_md0/DUT_SHA512/HASH_SM/SHA512/w_mem_inst/i___48_i_1_n_0
    SLICE_X121Y91        CARRY4 (Prop_carry4_CI_CO[3])
                                                      0.114    10.410 r  hash_tile_md0/DUT_SHA512/HASH_SM/SHA512/w_mem_inst/i___44_i_1/CO[3]
                         net (fo=1, routed)           0.000    10.410    hash_tile_md0/DUT_SHA512/HASH_SM/SHA512/w_mem_inst/i___44_i_1_n_0
    SLICE_X121Y92        CARRY4 (Prop_carry4_CI_O[2])
                                                      0.239    10.649 r  hash_tile_md0/DUT_SHA512/HASH_SM/SHA512/w_mem_inst/i___40_i_1/O[2]
                         net (fo=4, routed)           0.479    11.128    hash_tile_md0/DUT_SHA512/HASH_SM/SHA512/w_mem_inst/e_reg_reg[50][2]
    SLICE_X116Y92        LUT5 (Prop_lut5_I4_O)        0.302    11.430 r  hash_tile_md0/DUT_SHA512/HASH_SM/SHA512/w_mem_inst/a_reg[51]_i_3/O
                         net (fo=2, routed)           0.423    11.852    hash_tile_md0/DUT_SHA512/HASH_SM/SHA512/w_mem_inst/a_reg[51]_i_3_n_0
    SLICE_X117Y91        LUT6 (Prop_lut6_I0_O)        0.124    11.976 r  hash_tile_md0/DUT_SHA512/HASH_SM/SHA512/w_mem_inst/a_reg[51]_i_7/O
                         net (fo=1, routed)           0.000    11.976    hash_tile_md0/DUT_SHA512/HASH_SM/SHA512/w_mem_inst/a_reg[51]_i_7_n_0
    SLICE_X117Y91        CARRY4 (Prop_carry4_S[3]_CO[3])
                                                      0.401    12.377 r  hash_tile_md0/DUT_SHA512/HASH_SM/SHA512/w_mem_inst/a_reg_reg[51]_i_2/CO[3]
                         net (fo=1, routed)           0.000    12.377    hash_tile_md0/DUT_SHA512/HASH_SM/SHA512/w_mem_inst/a_reg_reg[51]_i_2_n_0
    SLICE_X117Y92        CARRY4 (Prop_carry4_CI_CO[3])
                                                      0.114    12.491 r  hash_tile_md0/DUT_SHA512/HASH_SM/SHA512/w_mem_inst/a_reg_reg[55]_i_2/CO[3]
                         net (fo=1, routed)           0.000    12.491    hash_tile_md0/DUT_SHA512/HASH_SM/SHA512/w_mem_inst/a_reg_reg[55]_i_2_n_0
    SLICE_X117Y93        CARRY4 (Prop_carry4_CI_CO[3])
                                                      0.114    12.605 r  hash_tile_md0/DUT_SHA512/HASH_SM/SHA512/w_mem_inst/a_reg_reg[59]_i_2/CO[3]
                         net (fo=1, routed)           0.000    12.605    hash_tile_md0/DUT_SHA512/HASH_SM/SHA512/w_mem_inst/a_reg_reg[59]_i_2_n_0
    SLICE_X117Y94        CARRY4 (Prop_carry4_CI_O[1])
                                                      0.334    12.939 r  hash_tile_md0/DUT_SHA512/HASH_SM/SHA512/w_mem_inst/a_reg_reg[63]_i_2/O[1]
                         net (fo=1, routed)           0.295    13.235    hash_tile_md0/DUT_SHA512/HASH_SM/SHA512/w_mem_inst/a_new0[61]
    SLICE_X118Y94        LUT6 (Prop_lut6_I0_O)        0.303    13.538 r  hash_tile_md0/DUT_SHA512/HASH_SM/SHA512/w_mem_inst/a_reg[61]_i_1/O
                         net (fo=1, routed)           0.000    13.538    hash_tile_md0/DUT_SHA512/HASH_SM/SHA512/a_new[61]
    SLICE_X118Y94        FDCE                                         r  hash_tile_md0/DUT_SHA512/HASH_SM/SHA512/a_reg_reg[61]/D
  -------------------------------------------------------------------    -------------------

                         (clock clk rise edge)       11.500    11.500 r  
                                                      0.000    11.500 r  clk (IN)
                         net (fo=16355, unset)        0.924    12.424    hash_tile_md0/DUT_SHA512/HASH_SM/SHA512/clk
    SLICE_X118Y94        FDCE                                         r  hash_tile_md0/DUT_SHA512/HASH_SM/SHA512/a_reg_reg[61]/C
                         clock pessimism              0.000    12.424    
                         clock uncertainty           -0.035    12.389    
    SLICE_X118Y94        FDCE (Setup_fdce_C_D)        0.031    12.420    hash_tile_md0/DUT_SHA512/HASH_SM/SHA512/a_reg_reg[61]
  -------------------------------------------------------------------
                         required time                         12.420    
                         arrival time                         -13.538    
  -------------------------------------------------------------------
                         slack                                 -1.118    





Min Delay Paths
--------------------------------------------------------------------------------------
Slack (MET) :             0.050ns  (arrival time - required time)
  Source:                 hash_tile_md0/DUT_SHA256/B_FIFO_INSTANCE/wr_addr_reg[0]/C
                            (rising edge-triggered cell FDRE clocked by clk  {rise@0.000ns fall@5.750ns period=11.500ns})
  Destination:            hash_tile_md0/DUT_SHA256/B_FIFO_INSTANCE/fifo_mem_reg_0_7_36_41/RAMA/WADR0
                            (rising edge-triggered cell RAMD32 clocked by clk  {rise@0.000ns fall@5.750ns period=11.500ns})
  Path Group:             clk
  Path Type:              Hold (Min at Fast Process Corner)
  Requirement:            0.000ns  (clk rise@0.000ns - clk rise@0.000ns)
  Data Path Delay:        0.382ns  (logic 0.141ns (36.945%)  route 0.241ns (63.055%))
  Logic Levels:           0  
  Clock Path Skew:        0.022ns (DCD - SCD - CPR)
    Destination Clock Delay (DCD):    0.432ns
    Source Clock Delay      (SCD):    0.410ns
    Clock Pessimism Removal (CPR):    -0.000ns

    Location             Delay type                Incr(ns)  Path(ns)    Netlist Resource(s)
  -------------------------------------------------------------------    -------------------
                         (clock clk rise edge)        0.000     0.000 r  
                                                      0.000     0.000 r  clk (IN)
                         net (fo=16355, unset)        0.410     0.410    hash_tile_md0/DUT_SHA256/B_FIFO_INSTANCE/clk
    SLICE_X65Y82         FDRE                                         r  hash_tile_md0/DUT_SHA256/B_FIFO_INSTANCE/wr_addr_reg[0]/C
  -------------------------------------------------------------------    -------------------
    SLICE_X65Y82         FDRE (Prop_fdre_C_Q)         0.141     0.551 r  hash_tile_md0/DUT_SHA256/B_FIFO_INSTANCE/wr_addr_reg[0]/Q
                         net (fo=93, routed)          0.241     0.792    hash_tile_md0/DUT_SHA256/B_FIFO_INSTANCE/fifo_mem_reg_0_7_36_41/ADDRD0
    SLICE_X64Y82         RAMD32                                       r  hash_tile_md0/DUT_SHA256/B_FIFO_INSTANCE/fifo_mem_reg_0_7_36_41/RAMA/WADR0
  -------------------------------------------------------------------    -------------------

                         (clock clk rise edge)        0.000     0.000 r  
                                                      0.000     0.000 r  clk (IN)
                         net (fo=16355, unset)        0.432     0.432    hash_tile_md0/DUT_SHA256/B_FIFO_INSTANCE/fifo_mem_reg_0_7_36_41/WCLK
    SLICE_X64Y82         RAMD32                                       r  hash_tile_md0/DUT_SHA256/B_FIFO_INSTANCE/fifo_mem_reg_0_7_36_41/RAMA/CLK
                         clock pessimism              0.000     0.432    
    SLICE_X64Y82         RAMD32 (Hold_ramd32_CLK_WADR0)
                                                      0.310     0.742    hash_tile_md0/DUT_SHA256/B_FIFO_INSTANCE/fifo_mem_reg_0_7_36_41/RAMA
  -------------------------------------------------------------------
                         required time                         -0.742    
                         arrival time                           0.792    
  -------------------------------------------------------------------
                         slack                                  0.050    





Pulse Width Checks
--------------------------------------------------------------------------------------
Clock Name:         clk
Waveform(ns):       { 0.000 5.750 }
Period(ns):         11.500
Sources:            { clk }

Check Type        Corner  Lib Pin             Reference Pin  Required(ns)  Actual(ns)  Slack(ns)  Location      Pin
Min Period        n/a     RAMB36E1/CLKARDCLK  n/a            2.944         11.500      8.556      RAMB36_X3Y15  hash_tile_md0/DUT_SHA256/BIG_MEM/mem_reg/CLKARDCLK
Low Pulse Width   Slow    RAMD32/CLK          n/a            1.250         5.750       4.500      SLICE_X66Y79  hash_tile_md0/DUT_SHA256/B_FIFO_INSTANCE/fifo_mem_reg_0_7_0_5/RAMA/CLK
High Pulse Width  Slow    RAMD32/CLK          n/a            1.250         5.750       4.500      SLICE_X66Y79  hash_tile_md0/DUT_SHA256/B_FIFO_INSTANCE/fifo_mem_reg_0_7_0_5/RAMA/CLK



