Copyright 1986-2022 Xilinx, Inc. All Rights Reserved. Copyright 2022-2025 Advanced Micro Devices, Inc. All Rights Reserved.
---------------------------------------------------------------------------------------------------------------------------------------------
| Tool Version : Vivado v.2025.2 (lin64) Build 6299465 Fri Nov 14 12:34:56 MST 2025
| Date         : Sat Aug 29 21:16:15 2026
| Host         : MSI running 64-bit Ubuntu 26.04 LTS
| Command      : report_timing_summary -file /tmp/fsrch_slh_192f_baseline_12.25.rpt
| Design       : top
| Device       : 7a200t-fbg676
| Speed File   : -1  PRODUCTION 1.23 2018-06-13
| Design State : Routed
---------------------------------------------------------------------------------------------------------------------------------------------

Timing Summary Report

------------------------------------------------------------------------------------------------
| Timer Settings
| --------------
------------------------------------------------------------------------------------------------

  Enable Multi Corner Analysis               :  Yes
  Enable Pessimism Removal                   :  Yes
  Pessimism Removal Resolution               :  Nearest Common Node
  Enable Input Delay Default Clock           :  No
  Enable Preset / Clear Arcs                 :  No
  Disable Flight Delays                      :  No
  Ignore I/O Paths                           :  No
  Timing Early Launch at Borrowing Latches   :  No
  Borrow Time for Max Delay Exceptions       :  Yes
  Merge Timing Exceptions                    :  Yes
  Inter-SLR Compensation                     :  Conservative

  Corner  Analyze    Analyze    
  Name    Max Paths  Min Paths  
  ------  ---------  ---------  
  Slow    Yes        Yes        
  Fast    Yes        Yes        


------------------------------------------------------------------------------------------------
| Report Methodology
| ------------------
------------------------------------------------------------------------------------------------

No report available as report_methodology has not been run prior. Run report_methodology on the current design for the summary of methodology violations.



check_timing report

Table of Contents
-----------------
1. checking no_clock (4)
2. checking constant_clock (0)
3. checking pulse_width_clock (0)
4. checking unconstrained_internal_endpoints (1)
5. checking no_input_delay (170)
6. checking no_output_delay (80)
7. checking multiple_clock (0)
8. checking generated_clocks (0)
9. checking loops (0)
10. checking partial_input_delay (0)
11. checking partial_output_delay (0)
12. checking latch_loops (0)

1. checking no_clock (4)
------------------------
 There is 1 register/latch pin with no clock driven by root clock pin: wots_xmss_fsm_md0/md0/XMSS_start_reg/Q (HIGH)

 There is 1 register/latch pin with no clock driven by root clock pin: wots_xmss_fsm_md0/md0/cnt_reg[1]/Q (HIGH)

 There is 1 register/latch pin with no clock driven by root clock pin: wots_xmss_fsm_md0/md0/cnt_reg[2]/Q (HIGH)

 There is 1 register/latch pin with no clock driven by root clock pin: wots_xmss_fsm_md0/md0/cnt_reg[3]/Q (HIGH)


2. checking constant_clock (0)
------------------------------
 There are 0 register/latch pins with constant_clock.


3. checking pulse_width_clock (0)
---------------------------------
 There are 0 register/latch pins which need pulse_width check


4. checking unconstrained_internal_endpoints (1)
------------------------------------------------
 There is 1 pin that is not constrained for maximum delay. (HIGH)

 There are 0 pins that are not constrained for maximum delay due to constant clock.


5. checking no_input_delay (170)
--------------------------------
 There are 156 input ports with no input delay specified. (HIGH)

 There are 14 input ports with no input delay but user has a false path constraint. (MEDIUM)


6. checking no_output_delay (80)
--------------------------------
 There are 80 ports with no output delay specified. (HIGH)

 There are 0 ports with no output delay but user has a false path constraint

 There are 0 ports with no output delay but with a timing clock defined on it or propagating through it


7. checking multiple_clock (0)
------------------------------
 There are 0 register/latch pins with multiple clocks.


8. checking generated_clocks (0)
--------------------------------
 There are 0 generated clocks that are not connected to a clock source.


9. checking loops (0)
---------------------
 There are 0 combinational loops in the design.


10. checking partial_input_delay (0)
------------------------------------
 There are 0 input ports with partial input delay specified.


11. checking partial_output_delay (0)
-------------------------------------
 There are 0 ports with partial output delay specified.


12. checking latch_loops (0)
----------------------------
 There are 0 combinational latch loops in the design through latch input



------------------------------------------------------------------------------------------------
| Design Timing Summary
| ---------------------
------------------------------------------------------------------------------------------------

    WNS(ns)      TNS(ns)  TNS Failing Endpoints  TNS Total Endpoints      WHS(ns)      THS(ns)  THS Failing Endpoints  THS Total Endpoints     WPWS(ns)     TPWS(ns)  TPWS Failing Endpoints  TPWS Total Endpoints  
    -------      -------  ---------------------  -------------------      -------      -------  ---------------------  -------------------     --------     --------  ----------------------  --------------------  
     -0.575      -13.407                     46                36764        0.041        0.000                      0                36764        4.875        0.000                       0                 16298  


Timing constraints are not met.


------------------------------------------------------------------------------------------------
| Clock Summary
| -------------
------------------------------------------------------------------------------------------------

Clock  Waveform(ns)       Period(ns)      Frequency(MHz)
-----  ------------       ----------      --------------
clk    {0.000 6.125}      12.250          81.633          


------------------------------------------------------------------------------------------------
| Intra Clock Table
| -----------------
------------------------------------------------------------------------------------------------

Clock             WNS(ns)      TNS(ns)  TNS Failing Endpoints  TNS Total Endpoints      WHS(ns)      THS(ns)  THS Failing Endpoints  THS Total Endpoints     WPWS(ns)     TPWS(ns)  TPWS Failing Endpoints  TPWS Total Endpoints  
-----             -------      -------  ---------------------  -------------------      -------      -------  ---------------------  -------------------     --------     --------  ----------------------  --------------------  
clk                -0.575      -13.407                     46                36764        0.041        0.000                      0                36764        4.875        0.000                       0                 16298  


------------------------------------------------------------------------------------------------
| Inter Clock Table
| -----------------
------------------------------------------------------------------------------------------------

From Clock    To Clock          WNS(ns)      TNS(ns)  TNS Failing Endpoints  TNS Total Endpoints      WHS(ns)      THS(ns)  THS Failing Endpoints  THS Total Endpoints  
----------    --------          -------      -------  ---------------------  -------------------      -------      -------  ---------------------  -------------------  


------------------------------------------------------------------------------------------------
| Other Path Groups Table
| -----------------------
------------------------------------------------------------------------------------------------

Path Group    From Clock    To Clock          WNS(ns)      TNS(ns)  TNS Failing Endpoints  TNS Total Endpoints      WHS(ns)      THS(ns)  THS Failing Endpoints  THS Total Endpoints  
----------    ----------    --------          -------      -------  ---------------------  -------------------      -------      -------  ---------------------  -------------------  


------------------------------------------------------------------------------------------------
| Timing Details
| --------------
------------------------------------------------------------------------------------------------


---------------------------------------------------------------------------------------------------
From Clock:  clk
  To Clock:  clk

Setup :           46  Failing Endpoints,  Worst Slack       -0.575ns,  Total Violation      -13.407ns
Hold  :            0  Failing Endpoints,  Worst Slack        0.041ns,  Total Violation        0.000ns
PW    :            0  Failing Endpoints,  Worst Slack        4.875ns,  Total Violation        0.000ns
---------------------------------------------------------------------------------------------------


Max Delay Paths
--------------------------------------------------------------------------------------
Slack (VIOLATED) :        -0.575ns  (required time - arrival time)
  Source:                 hash_tile_md0/DUT_SHA512/HASH_SM/SHA512/w_mem_inst/w_mem_reg[1][12]/C
                            (rising edge-triggered cell FDCE clocked by clk  {rise@0.000ns fall@6.125ns period=12.250ns})
  Destination:            hash_tile_md0/DUT_SHA512/HASH_SM/SHA512/a_reg_reg[59]/D
                            (rising edge-triggered cell FDCE clocked by clk  {rise@0.000ns fall@6.125ns period=12.250ns})
  Path Group:             clk
  Path Type:              Setup (Max at Slow Process Corner)
  Requirement:            12.250ns  (clk rise@12.250ns - clk rise@0.000ns)
  Data Path Delay:        12.772ns  (logic 6.333ns (49.587%)  route 6.439ns (50.413%))
  Logic Levels:           23  (CARRY4=14 LUT3=1 LUT5=4 LUT6=4)
  Clock Path Skew:        -0.049ns (DCD - SCD + CPR)
    Destination Clock Delay (DCD):    0.924ns = ( 13.174 - 12.250 ) 
    Source Clock Delay      (SCD):    0.973ns
    Clock Pessimism Removal (CPR):    0.000ns
  Clock Uncertainty:      0.035ns  ((TSJ^2 + TIJ^2)^1/2 + DJ) / 2 + PE
    Total System Jitter     (TSJ):    0.071ns
    Total Input Jitter      (TIJ):    0.000ns
    Discrete Jitter          (DJ):    0.000ns
    Phase Error              (PE):    0.000ns

    Location             Delay type                Incr(ns)  Path(ns)    Netlist Resource(s)
  -------------------------------------------------------------------    -------------------
                         (clock clk rise edge)        0.000     0.000 r  
                                                      0.000     0.000 r  clk (IN)
                         net (fo=16297, unset)        0.973     0.973    hash_tile_md0/DUT_SHA512/HASH_SM/SHA512/w_mem_inst/clk
    SLICE_X43Y100        FDCE                                         r  hash_tile_md0/DUT_SHA512/HASH_SM/SHA512/w_mem_inst/w_mem_reg[1][12]/C
  -------------------------------------------------------------------    -------------------
    SLICE_X43Y100        FDCE (Prop_fdce_C_Q)         0.456     1.429 r  hash_tile_md0/DUT_SHA512/HASH_SM/SHA512/w_mem_inst/w_mem_reg[1][12]/Q
                         net (fo=8, routed)           1.225     2.654    hash_tile_md0/DUT_SHA512/HASH_SM/SHA512/w_mem_inst/p_5_in[11]
    SLICE_X46Y100        LUT6 (Prop_lut6_I0_O)        0.124     2.778 r  hash_tile_md0/DUT_SHA512/HASH_SM/SHA512/w_mem_inst/w_mem[15][7]_i_15__1_rewire/O
                         net (fo=2, routed)           0.603     3.381    hash_tile_md0/DUT_SHA512/HASH_SM/SHA512/w_mem_inst/w_mem[15][7]_i_15__1_n_0
    SLICE_X46Y101        LUT3 (Prop_lut3_I1_O)        0.124     3.505 r  hash_tile_md0/DUT_SHA512/HASH_SM/SHA512/w_mem_inst/w_mem[15][7]_i_5__1/O
                         net (fo=2, routed)           0.722     4.227    hash_tile_md0/DUT_SHA512/HASH_SM/SHA512/w_mem_inst/w_mem[15][7]_i_5__1_n_0
    SLICE_X47Y101        CARRY4 (Prop_carry4_DI[1]_CO[3])
                                                      0.507     4.734 r  hash_tile_md0/DUT_SHA512/HASH_SM/SHA512/w_mem_inst/w_mem_reg[15][7]_i_2__1/CO[3]
                         net (fo=1, routed)           0.000     4.734    hash_tile_md0/DUT_SHA512/HASH_SM/SHA512/w_mem_inst/w_mem_reg[15][7]_i_2__1_n_0
    SLICE_X47Y102        CARRY4 (Prop_carry4_CI_O[3])
                                                      0.313     5.047 r  hash_tile_md0/DUT_SHA512/HASH_SM/SHA512/w_mem_inst/w_mem_reg[15][11]_i_2__1/O[3]
                         net (fo=2, routed)           0.512     5.559    hash_tile_md0/DUT_SHA512/HASH_SM/SHA512/w_mem_inst/w_new[11]
    SLICE_X46Y102        LUT5 (Prop_lut5_I3_O)        0.306     5.865 r  hash_tile_md0/DUT_SHA512/HASH_SM/SHA512/w_mem_inst/i___72_i_26/O
                         net (fo=2, routed)           0.647     6.513    hash_tile_md0/DUT_SHA512/HASH_SM/SHA512/w_mem_inst/w_data[11]
    SLICE_X50Y104        LUT5 (Prop_lut5_I3_O)        0.124     6.637 r  hash_tile_md0/DUT_SHA512/HASH_SM/SHA512/w_mem_inst/i___72_i_18/O
                         net (fo=2, routed)           0.483     7.119    hash_tile_md0/DUT_SHA512/HASH_SM/SHA512/w_mem_inst/i___72_i_18_n_0
    SLICE_X51Y106        CARRY4 (Prop_carry4_DI[0]_CO[3])
                                                      0.526     7.645 r  hash_tile_md0/DUT_SHA512/HASH_SM/SHA512/w_mem_inst/i___72_i_13/CO[3]
                         net (fo=1, routed)           0.000     7.645    hash_tile_md0/DUT_SHA512/HASH_SM/SHA512/w_mem_inst/i___72_i_13_n_0
    SLICE_X51Y107        CARRY4 (Prop_carry4_CI_CO[3])
                                                      0.114     7.759 r  hash_tile_md0/DUT_SHA512/HASH_SM/SHA512/w_mem_inst/i___68_i_13/CO[3]
                         net (fo=1, routed)           0.000     7.759    hash_tile_md0/DUT_SHA512/HASH_SM/SHA512/w_mem_inst/i___68_i_13_n_0
    SLICE_X51Y108        CARRY4 (Prop_carry4_CI_CO[3])
                                                      0.114     7.873 r  hash_tile_md0/DUT_SHA512/HASH_SM/SHA512/w_mem_inst/i___64_i_13/CO[3]
                         net (fo=1, routed)           0.000     7.873    hash_tile_md0/DUT_SHA512/HASH_SM/SHA512/w_mem_inst/i___64_i_13_n_0
    SLICE_X51Y109        CARRY4 (Prop_carry4_CI_O[3])
                                                      0.313     8.186 r  hash_tile_md0/DUT_SHA512/HASH_SM/SHA512/w_mem_inst/i___60_i_13/O[3]
                         net (fo=2, routed)           0.454     8.640    hash_tile_md0/DUT_SHA512/HASH_SM/SHA512/w_mem_inst/i___60_i_13_n_4
    SLICE_X52Y110        LUT5 (Prop_lut5_I0_O)        0.306     8.946 r  hash_tile_md0/DUT_SHA512/HASH_SM/SHA512/w_mem_inst/i___60_i_5/O
                         net (fo=2, routed)           0.416     9.363    hash_tile_md0/DUT_SHA512/HASH_SM/SHA512/w_mem_inst/i___60_i_5_n_0
    SLICE_X55Y110        LUT6 (Prop_lut6_I0_O)        0.124     9.487 r  hash_tile_md0/DUT_SHA512/HASH_SM/SHA512/w_mem_inst/i___60_i_9/O
                         net (fo=1, routed)           0.000     9.487    hash_tile_md0/DUT_SHA512/HASH_SM/SHA512/w_mem_inst/i___60_i_9_n_0
    SLICE_X55Y110        CARRY4 (Prop_carry4_S[0]_CO[3])
                                                      0.532    10.019 r  hash_tile_md0/DUT_SHA512/HASH_SM/SHA512/w_mem_inst/i___60_i_1/CO[3]
                         net (fo=1, routed)           0.000    10.019    hash_tile_md0/DUT_SHA512/HASH_SM/SHA512/w_mem_inst/i___60_i_1_n_0
    SLICE_X55Y111        CARRY4 (Prop_carry4_CI_CO[3])
                                                      0.114    10.133 r  hash_tile_md0/DUT_SHA512/HASH_SM/SHA512/w_mem_inst/i___56_i_1/CO[3]
                         net (fo=1, routed)           0.000    10.133    hash_tile_md0/DUT_SHA512/HASH_SM/SHA512/w_mem_inst/i___56_i_1_n_0
    SLICE_X55Y112        CARRY4 (Prop_carry4_CI_O[3])
                                                      0.313    10.446 r  hash_tile_md0/DUT_SHA512/HASH_SM/SHA512/w_mem_inst/i___52_i_1/O[3]
                         net (fo=4, routed)           0.341    10.786    hash_tile_md0/DUT_SHA512/HASH_SM/SHA512/w_mem_inst/e_reg_reg[38][3]
    SLICE_X59Y112        LUT5 (Prop_lut5_I4_O)        0.306    11.092 r  hash_tile_md0/DUT_SHA512/HASH_SM/SHA512/w_mem_inst/a_reg[43]_i_6/O
                         net (fo=2, routed)           0.597    11.690    hash_tile_md0/DUT_SHA512/HASH_SM/SHA512/w_mem_inst/a_reg[43]_i_6_n_0
    SLICE_X58Y113        LUT6 (Prop_lut6_I0_O)        0.124    11.814 r  hash_tile_md0/DUT_SHA512/HASH_SM/SHA512/w_mem_inst/a_reg[43]_i_10/O
                         net (fo=1, routed)           0.000    11.814    hash_tile_md0/DUT_SHA512/HASH_SM/SHA512/w_mem_inst/a_reg[43]_i_10_n_0
    SLICE_X58Y113        CARRY4 (Prop_carry4_S[0]_CO[3])
                                                      0.532    12.346 r  hash_tile_md0/DUT_SHA512/HASH_SM/SHA512/w_mem_inst/a_reg_reg[43]_i_2/CO[3]
                         net (fo=1, routed)           0.000    12.346    hash_tile_md0/DUT_SHA512/HASH_SM/SHA512/w_mem_inst/a_reg_reg[43]_i_2_n_0
    SLICE_X58Y114        CARRY4 (Prop_carry4_CI_CO[3])
                                                      0.114    12.460 r  hash_tile_md0/DUT_SHA512/HASH_SM/SHA512/w_mem_inst/a_reg_reg[47]_i_2/CO[3]
                         net (fo=1, routed)           0.000    12.460    hash_tile_md0/DUT_SHA512/HASH_SM/SHA512/w_mem_inst/a_reg_reg[47]_i_2_n_0
    SLICE_X58Y115        CARRY4 (Prop_carry4_CI_CO[3])
                                                      0.114    12.574 r  hash_tile_md0/DUT_SHA512/HASH_SM/SHA512/w_mem_inst/a_reg_reg[51]_i_2/CO[3]
                         net (fo=1, routed)           0.000    12.574    hash_tile_md0/DUT_SHA512/HASH_SM/SHA512/w_mem_inst/a_reg_reg[51]_i_2_n_0
    SLICE_X58Y116        CARRY4 (Prop_carry4_CI_CO[3])
                                                      0.114    12.688 r  hash_tile_md0/DUT_SHA512/HASH_SM/SHA512/w_mem_inst/a_reg_reg[55]_i_2/CO[3]
                         net (fo=1, routed)           0.000    12.688    hash_tile_md0/DUT_SHA512/HASH_SM/SHA512/w_mem_inst/a_reg_reg[55]_i_2_n_0
    SLICE_X58Y117        CARRY4 (Prop_carry4_CI_O[3])
                                                      0.313    13.001 r  hash_tile_md0/DUT_SHA512/HASH_SM/SHA512/w_mem_inst/a_reg_reg[59]_i_2/O[3]
                         net (fo=1, routed)           0.438    13.439    hash_tile_md0/DUT_SHA512/HASH_SM/SHA512/w_mem_inst/a_new0[59]
    SLICE_X59Y118        LUT6 (Prop_lut6_I0_O)        0.306    13.745 r  hash_tile_md0/DUT_SHA512/HASH_SM/SHA512/w_mem_inst/a_reg[59]_i_1/O
                         net (fo=1, routed)           0.000    13.745    hash_tile_md0/DUT_SHA512/HASH_SM/SHA512/a_new[59]
    SLICE_X59Y118        FDCE                                         r  hash_tile_md0/DUT_SHA512/HASH_SM/SHA512/a_reg_reg[59]/D
  -------------------------------------------------------------------    -------------------

                         (clock clk rise edge)       12.250    12.250 r  
                                                      0.000    12.250 r  clk (IN)
                         net (fo=16297, unset)        0.924    13.174    hash_tile_md0/DUT_SHA512/HASH_SM/SHA512/clk
    SLICE_X59Y118        FDCE                                         r  hash_tile_md0/DUT_SHA512/HASH_SM/SHA512/a_reg_reg[59]/C
                         clock pessimism              0.000    13.174    
                         clock uncertainty           -0.035    13.139    
    SLICE_X59Y118        FDCE (Setup_fdce_C_D)        0.031    13.170    hash_tile_md0/DUT_SHA512/HASH_SM/SHA512/a_reg_reg[59]
  -------------------------------------------------------------------
                         required time                         13.170    
                         arrival time                         -13.745    
  -------------------------------------------------------------------
                         slack                                 -0.575    





Min Delay Paths
--------------------------------------------------------------------------------------
Slack (MET) :             0.041ns  (arrival time - required time)
  Source:                 cl_md0/w_mem_in0_reg[0]/C
                            (rising edge-triggered cell FDCE clocked by clk  {rise@0.000ns fall@6.125ns period=12.250ns})
  Destination:            W_MEM/mem_reg/DIBDI[0]
                            (rising edge-triggered cell RAMB18E1 clocked by clk  {rise@0.000ns fall@6.125ns period=12.250ns})
  Path Group:             clk
  Path Type:              Hold (Min at Fast Process Corner)
  Requirement:            0.000ns  (clk rise@0.000ns - clk rise@0.000ns)
  Data Path Delay:        0.358ns  (logic 0.164ns (45.783%)  route 0.194ns (54.217%))
  Logic Levels:           0  
  Clock Path Skew:        0.022ns (DCD - SCD - CPR)
    Destination Clock Delay (DCD):    0.432ns
    Source Clock Delay      (SCD):    0.410ns
    Clock Pessimism Removal (CPR):    -0.000ns

    Location             Delay type                Incr(ns)  Path(ns)    Netlist Resource(s)
  -------------------------------------------------------------------    -------------------
                         (clock clk rise edge)        0.000     0.000 r  
                                                      0.000     0.000 r  clk (IN)
                         net (fo=16297, unset)        0.410     0.410    cl_md0/clk
    SLICE_X44Y48         FDCE                                         r  cl_md0/w_mem_in0_reg[0]/C
  -------------------------------------------------------------------    -------------------
    SLICE_X44Y48         FDCE (Prop_fdce_C_Q)         0.164     0.574 r  cl_md0/w_mem_in0_reg[0]/Q
                         net (fo=1, routed)           0.194     0.768    W_MEM/mem_reg_5[0]
    RAMB18_X2Y18         RAMB18E1                                     r  W_MEM/mem_reg/DIBDI[0]
  -------------------------------------------------------------------    -------------------

                         (clock clk rise edge)        0.000     0.000 r  
                                                      0.000     0.000 r  clk (IN)
                         net (fo=16297, unset)        0.432     0.432    W_MEM/clk
    RAMB18_X2Y18         RAMB18E1                                     r  W_MEM/mem_reg/CLKBWRCLK
                         clock pessimism              0.000     0.432    
    RAMB18_X2Y18         RAMB18E1 (Hold_ramb18e1_CLKBWRCLK_DIBDI[0])
                                                      0.296     0.728    W_MEM/mem_reg
  -------------------------------------------------------------------
                         required time                         -0.728    
                         arrival time                           0.768    
  -------------------------------------------------------------------
                         slack                                  0.041    





Pulse Width Checks
--------------------------------------------------------------------------------------
Clock Name:         clk
Waveform(ns):       { 0.000 6.125 }
Period(ns):         12.250
Sources:            { clk }

Check Type        Corner  Lib Pin             Reference Pin  Required(ns)  Actual(ns)  Slack(ns)  Location      Pin
Min Period        n/a     RAMB36E1/CLKARDCLK  n/a            2.944         12.250      9.306      RAMB36_X5Y15  hash_tile_md0/DUT_SHA256/BIG_MEM/mem_reg/CLKARDCLK
Low Pulse Width   Slow    RAMD32/CLK          n/a            1.250         6.125       4.875      SLICE_X94Y76  hash_tile_md0/DUT_SHA256/B_FIFO_INSTANCE/fifo_mem_reg_0_7_0_5/RAMA/CLK
High Pulse Width  Slow    RAMD32/CLK          n/a            1.250         6.125       4.875      SLICE_X94Y76  hash_tile_md0/DUT_SHA256/B_FIFO_INSTANCE/fifo_mem_reg_0_7_0_5/RAMA/CLK



