Copyright 1986-2022 Xilinx, Inc. All Rights Reserved. Copyright 2022-2025 Advanced Micro Devices, Inc. All Rights Reserved.
---------------------------------------------------------------------------------------------------------------------------------------------
| Tool Version : Vivado v.2025.2 (lin64) Build 6299465 Fri Nov 14 12:34:56 MST 2025
| Date         : Sat Aug 29 14:05:20 2026
| Host         : MSI running 64-bit Ubuntu 26.04 LTS
| Command      : report_timing_summary -file /tmp/fsrch_slh_128f_baseline_12.0.rpt
| Design       : top
| Device       : 7a200t-fbg676
| Speed File   : -1  PRODUCTION 1.23 2018-06-13
| Design State : Routed
---------------------------------------------------------------------------------------------------------------------------------------------

Timing Summary Report

------------------------------------------------------------------------------------------------
| Timer Settings
| --------------
------------------------------------------------------------------------------------------------

  Enable Multi Corner Analysis               :  Yes
  Enable Pessimism Removal                   :  Yes
  Pessimism Removal Resolution               :  Nearest Common Node
  Enable Input Delay Default Clock           :  No
  Enable Preset / Clear Arcs                 :  No
  Disable Flight Delays                      :  No
  Ignore I/O Paths                           :  No
  Timing Early Launch at Borrowing Latches   :  No
  Borrow Time for Max Delay Exceptions       :  Yes
  Merge Timing Exceptions                    :  Yes
  Inter-SLR Compensation                     :  Conservative

  Corner  Analyze    Analyze    
  Name    Max Paths  Min Paths  
  ------  ---------  ---------  
  Slow    Yes        Yes        
  Fast    Yes        Yes        


------------------------------------------------------------------------------------------------
| Report Methodology
| ------------------
------------------------------------------------------------------------------------------------

No report available as report_methodology has not been run prior. Run report_methodology on the current design for the summary of methodology violations.



check_timing report

Table of Contents
-----------------
1. checking no_clock (4)
2. checking constant_clock (0)
3. checking pulse_width_clock (0)
4. checking unconstrained_internal_endpoints (1)
5. checking no_input_delay (170)
6. checking no_output_delay (80)
7. checking multiple_clock (0)
8. checking generated_clocks (0)
9. checking loops (0)
10. checking partial_input_delay (0)
11. checking partial_output_delay (0)
12. checking latch_loops (0)

1. checking no_clock (4)
------------------------
 There is 1 register/latch pin with no clock driven by root clock pin: wots_xmss_fsm_md0/md0/XMSS_start_reg/Q (HIGH)

 There is 1 register/latch pin with no clock driven by root clock pin: wots_xmss_fsm_md0/md0/cnt_reg[1]/Q (HIGH)

 There is 1 register/latch pin with no clock driven by root clock pin: wots_xmss_fsm_md0/md0/cnt_reg[2]/Q (HIGH)

 There is 1 register/latch pin with no clock driven by root clock pin: wots_xmss_fsm_md0/md0/cnt_reg[3]/Q (HIGH)


2. checking constant_clock (0)
------------------------------
 There are 0 register/latch pins with constant_clock.


3. checking pulse_width_clock (0)
---------------------------------
 There are 0 register/latch pins which need pulse_width check


4. checking unconstrained_internal_endpoints (1)
------------------------------------------------
 There is 1 pin that is not constrained for maximum delay. (HIGH)

 There are 0 pins that are not constrained for maximum delay due to constant clock.


5. checking no_input_delay (170)
--------------------------------
 There are 156 input ports with no input delay specified. (HIGH)

 There are 14 input ports with no input delay but user has a false path constraint. (MEDIUM)


6. checking no_output_delay (80)
--------------------------------
 There are 80 ports with no output delay specified. (HIGH)

 There are 0 ports with no output delay but user has a false path constraint

 There are 0 ports with no output delay but with a timing clock defined on it or propagating through it


7. checking multiple_clock (0)
------------------------------
 There are 0 register/latch pins with multiple clocks.


8. checking generated_clocks (0)
--------------------------------
 There are 0 generated clocks that are not connected to a clock source.


9. checking loops (0)
---------------------
 There are 0 combinational loops in the design.


10. checking partial_input_delay (0)
------------------------------------
 There are 0 input ports with partial input delay specified.


11. checking partial_output_delay (0)
-------------------------------------
 There are 0 ports with partial output delay specified.


12. checking latch_loops (0)
----------------------------
 There are 0 combinational latch loops in the design through latch input



------------------------------------------------------------------------------------------------
| Design Timing Summary
| ---------------------
------------------------------------------------------------------------------------------------

    WNS(ns)      TNS(ns)  TNS Failing Endpoints  TNS Total Endpoints      WHS(ns)      THS(ns)  THS Failing Endpoints  THS Total Endpoints     WPWS(ns)     TPWS(ns)  TPWS Failing Endpoints  TPWS Total Endpoints  
    -------      -------  ---------------------  -------------------      -------      -------  ---------------------  -------------------     --------     --------  ----------------------  --------------------  
      0.206        0.000                      0                15367        0.020        0.000                      0                15367        4.750        0.000                       0                  6981  


All user specified timing constraints are met.


------------------------------------------------------------------------------------------------
| Clock Summary
| -------------
------------------------------------------------------------------------------------------------

Clock  Waveform(ns)       Period(ns)      Frequency(MHz)
-----  ------------       ----------      --------------
clk    {0.000 6.000}      12.000          83.333          


------------------------------------------------------------------------------------------------
| Intra Clock Table
| -----------------
------------------------------------------------------------------------------------------------

Clock             WNS(ns)      TNS(ns)  TNS Failing Endpoints  TNS Total Endpoints      WHS(ns)      THS(ns)  THS Failing Endpoints  THS Total Endpoints     WPWS(ns)     TPWS(ns)  TPWS Failing Endpoints  TPWS Total Endpoints  
-----             -------      -------  ---------------------  -------------------      -------      -------  ---------------------  -------------------     --------     --------  ----------------------  --------------------  
clk                 0.206        0.000                      0                15367        0.020        0.000                      0                15367        4.750        0.000                       0                  6981  


------------------------------------------------------------------------------------------------
| Inter Clock Table
| -----------------
------------------------------------------------------------------------------------------------

From Clock    To Clock          WNS(ns)      TNS(ns)  TNS Failing Endpoints  TNS Total Endpoints      WHS(ns)      THS(ns)  THS Failing Endpoints  THS Total Endpoints  
----------    --------          -------      -------  ---------------------  -------------------      -------      -------  ---------------------  -------------------  


------------------------------------------------------------------------------------------------
| Other Path Groups Table
| -----------------------
------------------------------------------------------------------------------------------------

Path Group    From Clock    To Clock          WNS(ns)      TNS(ns)  TNS Failing Endpoints  TNS Total Endpoints      WHS(ns)      THS(ns)  THS Failing Endpoints  THS Total Endpoints  
----------    ----------    --------          -------      -------  ---------------------  -------------------      -------      -------  ---------------------  -------------------  


------------------------------------------------------------------------------------------------
| Timing Details
| --------------
------------------------------------------------------------------------------------------------


---------------------------------------------------------------------------------------------------
From Clock:  clk
  To Clock:  clk

Setup :            0  Failing Endpoints,  Worst Slack        0.206ns,  Total Violation        0.000ns
Hold  :            0  Failing Endpoints,  Worst Slack        0.020ns,  Total Violation        0.000ns
PW    :            0  Failing Endpoints,  Worst Slack        4.750ns,  Total Violation        0.000ns
---------------------------------------------------------------------------------------------------


Max Delay Paths
--------------------------------------------------------------------------------------
Slack (MET) :             0.206ns  (required time - arrival time)
  Source:                 hash_tile_md0/HASH_BM/SHA256/w_mem_inst/w_mem_reg[0][2]/C
                            (rising edge-triggered cell FDCE clocked by clk  {rise@0.000ns fall@6.000ns period=12.000ns})
  Destination:            hash_tile_md0/HASH_BM/SHA256/a_reg_reg[29]/D
                            (rising edge-triggered cell FDCE clocked by clk  {rise@0.000ns fall@6.000ns period=12.000ns})
  Path Group:             clk
  Path Type:              Setup (Max at Slow Process Corner)
  Requirement:            12.000ns  (clk rise@12.000ns - clk rise@0.000ns)
  Data Path Delay:        11.742ns  (logic 5.450ns (46.415%)  route 6.292ns (53.585%))
  Logic Levels:           18  (CARRY4=9 LUT3=1 LUT5=4 LUT6=4)
  Clock Path Skew:        -0.049ns (DCD - SCD + CPR)
    Destination Clock Delay (DCD):    0.924ns = ( 12.924 - 12.000 ) 
    Source Clock Delay      (SCD):    0.973ns
    Clock Pessimism Removal (CPR):    0.000ns
  Clock Uncertainty:      0.035ns  ((TSJ^2 + TIJ^2)^1/2 + DJ) / 2 + PE
    Total System Jitter     (TSJ):    0.071ns
    Total Input Jitter      (TIJ):    0.000ns
    Discrete Jitter          (DJ):    0.000ns
    Phase Error              (PE):    0.000ns

    Location             Delay type                Incr(ns)  Path(ns)    Netlist Resource(s)
  -------------------------------------------------------------------    -------------------
                         (clock clk rise edge)        0.000     0.000 r  
                                                      0.000     0.000 r  clk (IN)
                         net (fo=6980, unset)         0.973     0.973    hash_tile_md0/HASH_BM/SHA256/w_mem_inst/clk
    SLICE_X75Y96         FDCE                                         r  hash_tile_md0/HASH_BM/SHA256/w_mem_inst/w_mem_reg[0][2]/C
  -------------------------------------------------------------------    -------------------
    SLICE_X75Y96         FDCE (Prop_fdce_C_Q)         0.456     1.429 r  hash_tile_md0/HASH_BM/SHA256/w_mem_inst/w_mem_reg[0][2]/Q
                         net (fo=3, routed)           0.856     2.285    hash_tile_md0/HASH_BM/SHA256/w_mem_inst/w_mem_reg[0]_27[2]
    SLICE_X76Y97         LUT5 (Prop_lut5_I4_O)        0.124     2.409 r  hash_tile_md0/HASH_BM/SHA256/w_mem_inst/w_mem[15][7]_i_18__0/O
                         net (fo=2, routed)           0.462     2.871    hash_tile_md0/HASH_BM/SHA256/w_mem_inst/w_mem[15][7]_i_18__0_n_0
    SLICE_X74Y96         LUT5 (Prop_lut5_I4_O)        0.124     2.995 r  hash_tile_md0/HASH_BM/SHA256/w_mem_inst/w_mem[15][7]_i_6__0/O
                         net (fo=2, routed)           0.727     3.722    hash_tile_md0/HASH_BM/SHA256/w_mem_inst/w_mem[15][7]_i_6__0_n_0
    SLICE_X74Y99         LUT6 (Prop_lut6_I0_O)        0.124     3.846 r  hash_tile_md0/HASH_BM/SHA256/w_mem_inst/w_mem[15][7]_i_10__0/O
                         net (fo=1, routed)           0.000     3.846    hash_tile_md0/HASH_BM/SHA256/w_mem_inst/w_mem[15][7]_i_10__0_n_0
    SLICE_X74Y99         CARRY4 (Prop_carry4_S[0]_CO[3])
                                                      0.513     4.359 r  hash_tile_md0/HASH_BM/SHA256/w_mem_inst/w_mem_reg[15][7]_i_2__0/CO[3]
                         net (fo=1, routed)           0.001     4.360    hash_tile_md0/HASH_BM/SHA256/w_mem_inst/w_mem_reg[15][7]_i_2__0_n_0
    SLICE_X74Y100        CARRY4 (Prop_carry4_CI_O[1])
                                                      0.323     4.683 r  hash_tile_md0/HASH_BM/SHA256/w_mem_inst/w_mem_reg[15][11]_i_2__0/O[1]
                         net (fo=2, routed)           0.464     5.147    hash_tile_md0/HASH_BM/SHA256/w_mem_inst/w_new[9]
    SLICE_X73Y100        LUT6 (Prop_lut6_I3_O)        0.306     5.453 r  hash_tile_md0/HASH_BM/SHA256/w_mem_inst/i___41_i_24__0/O
                         net (fo=2, routed)           0.447     5.900    hash_tile_md0/HASH_BM/SHA256/w_mem_inst/w_data[9]
    SLICE_X70Y102        LUT3 (Prop_lut3_I0_O)        0.124     6.024 r  hash_tile_md0/HASH_BM/SHA256/w_mem_inst/i___41_i_16__0/O
                         net (fo=2, routed)           0.531     6.554    hash_tile_md0/HASH_BM/SHA256/w_mem_inst/i___41_i_16__0_n_0
    SLICE_X71Y104        CARRY4 (Prop_carry4_DI[2]_CO[3])
                                                      0.398     6.952 r  hash_tile_md0/HASH_BM/SHA256/w_mem_inst/i___41_i_13__0/CO[3]
                         net (fo=1, routed)           0.000     6.952    hash_tile_md0/HASH_BM/SHA256/w_mem_inst/i___41_i_13__0_n_0
    SLICE_X71Y105        CARRY4 (Prop_carry4_CI_O[3])
                                                      0.313     7.265 r  hash_tile_md0/HASH_BM/SHA256/w_mem_inst/i___37_i_13__0/O[3]
                         net (fo=2, routed)           0.471     7.737    hash_tile_md0/HASH_BM/SHA256/w_mem_inst/i___37_i_13__0_n_4
    SLICE_X69Y105        LUT5 (Prop_lut5_I0_O)        0.306     8.043 r  hash_tile_md0/HASH_BM/SHA256/w_mem_inst/i___37_i_5__0/O
                         net (fo=2, routed)           0.687     8.729    hash_tile_md0/HASH_BM/SHA256/w_mem_inst/i___37_i_5__0_n_0
    SLICE_X67Y104        LUT6 (Prop_lut6_I0_O)        0.124     8.853 r  hash_tile_md0/HASH_BM/SHA256/w_mem_inst/i___37_i_9__0/O
                         net (fo=1, routed)           0.000     8.853    hash_tile_md0/HASH_BM/SHA256/w_mem_inst/i___37_i_9__0_n_0
    SLICE_X67Y104        CARRY4 (Prop_carry4_S[0]_CO[3])
                                                      0.532     9.385 r  hash_tile_md0/HASH_BM/SHA256/w_mem_inst/i___37_i_1__0/CO[3]
                         net (fo=1, routed)           0.000     9.385    hash_tile_md0/HASH_BM/SHA256/w_mem_inst/i___37_i_1__0_n_0
    SLICE_X67Y105        CARRY4 (Prop_carry4_CI_O[2])
                                                      0.239     9.624 r  hash_tile_md0/HASH_BM/SHA256/w_mem_inst/i___33_i_1__0/O[2]
                         net (fo=4, routed)           0.446    10.071    hash_tile_md0/HASH_BM/SHA256/w_mem_inst/e_reg_reg[22][2]
    SLICE_X69Y104        LUT5 (Prop_lut5_I4_O)        0.302    10.373 r  hash_tile_md0/HASH_BM/SHA256/w_mem_inst/a_reg[23]_i_3__0/O
                         net (fo=2, routed)           0.785    11.157    hash_tile_md0/HASH_BM/SHA256/w_mem_inst/a_reg[23]_i_3__0_n_0
    SLICE_X66Y104        CARRY4 (Prop_carry4_DI[3]_CO[3])
                                                      0.396    11.553 r  hash_tile_md0/HASH_BM/SHA256/w_mem_inst/a_reg_reg[23]_i_2__0/CO[3]
                         net (fo=1, routed)           0.000    11.553    hash_tile_md0/HASH_BM/SHA256/w_mem_inst/a_reg_reg[23]_i_2__0_n_0
    SLICE_X66Y105        CARRY4 (Prop_carry4_CI_CO[3])
                                                      0.117    11.670 r  hash_tile_md0/HASH_BM/SHA256/w_mem_inst/a_reg_reg[27]_i_2__0/CO[3]
                         net (fo=1, routed)           0.000    11.670    hash_tile_md0/HASH_BM/SHA256/w_mem_inst/a_reg_reg[27]_i_2__0_n_0
    SLICE_X66Y106        CARRY4 (Prop_carry4_CI_O[1])
                                                      0.323    11.993 r  hash_tile_md0/HASH_BM/SHA256/w_mem_inst/a_reg_reg[31]_i_2__0/O[1]
                         net (fo=1, routed)           0.415    12.409    hash_tile_md0/HASH_BM/SHA256/w_mem_inst/a_new0[29]
    SLICE_X69Y107        LUT6 (Prop_lut6_I0_O)        0.306    12.715 r  hash_tile_md0/HASH_BM/SHA256/w_mem_inst/a_reg[29]_i_1__0/O
                         net (fo=1, routed)           0.000    12.715    hash_tile_md0/HASH_BM/SHA256/w_mem_inst_n_6
    SLICE_X69Y107        FDCE                                         r  hash_tile_md0/HASH_BM/SHA256/a_reg_reg[29]/D
  -------------------------------------------------------------------    -------------------

                         (clock clk rise edge)       12.000    12.000 r  
                                                      0.000    12.000 r  clk (IN)
                         net (fo=6980, unset)         0.924    12.924    hash_tile_md0/HASH_BM/SHA256/clk
    SLICE_X69Y107        FDCE                                         r  hash_tile_md0/HASH_BM/SHA256/a_reg_reg[29]/C
                         clock pessimism              0.000    12.924    
                         clock uncertainty           -0.035    12.889    
    SLICE_X69Y107        FDCE (Setup_fdce_C_D)        0.032    12.921    hash_tile_md0/HASH_BM/SHA256/a_reg_reg[29]
  -------------------------------------------------------------------
                         required time                         12.921    
                         arrival time                         -12.715    
  -------------------------------------------------------------------
                         slack                                  0.206    





Min Delay Paths
--------------------------------------------------------------------------------------
Slack (MET) :             0.020ns  (arrival time - required time)
  Source:                 cl_md0/w_mem_in0_reg[1]/C
                            (rising edge-triggered cell FDCE clocked by clk  {rise@0.000ns fall@6.000ns period=12.000ns})
  Destination:            W_MEM/mem_reg/DIBDI[1]
                            (rising edge-triggered cell RAMB18E1 clocked by clk  {rise@0.000ns fall@6.000ns period=12.000ns})
  Path Group:             clk
  Path Type:              Hold (Min at Fast Process Corner)
  Requirement:            0.000ns  (clk rise@0.000ns - clk rise@0.000ns)
  Data Path Delay:        0.338ns  (logic 0.141ns (41.777%)  route 0.197ns (58.223%))
  Logic Levels:           0  
  Clock Path Skew:        0.022ns (DCD - SCD - CPR)
    Destination Clock Delay (DCD):    0.432ns
    Source Clock Delay      (SCD):    0.410ns
    Clock Pessimism Removal (CPR):    -0.000ns

    Location             Delay type                Incr(ns)  Path(ns)    Netlist Resource(s)
  -------------------------------------------------------------------    -------------------
                         (clock clk rise edge)        0.000     0.000 r  
                                                      0.000     0.000 r  clk (IN)
                         net (fo=6980, unset)         0.410     0.410    cl_md0/clk
    SLICE_X75Y52         FDCE                                         r  cl_md0/w_mem_in0_reg[1]/C
  -------------------------------------------------------------------    -------------------
    SLICE_X75Y52         FDCE (Prop_fdce_C_Q)         0.141     0.551 r  cl_md0/w_mem_in0_reg[1]/Q
                         net (fo=1, routed)           0.197     0.748    W_MEM/mem_reg_7[1]
    RAMB18_X4Y20         RAMB18E1                                     r  W_MEM/mem_reg/DIBDI[1]
  -------------------------------------------------------------------    -------------------

                         (clock clk rise edge)        0.000     0.000 r  
                                                      0.000     0.000 r  clk (IN)
                         net (fo=6980, unset)         0.432     0.432    W_MEM/clk
    RAMB18_X4Y20         RAMB18E1                                     r  W_MEM/mem_reg/CLKBWRCLK
                         clock pessimism              0.000     0.432    
    RAMB18_X4Y20         RAMB18E1 (Hold_ramb18e1_CLKBWRCLK_DIBDI[1])
                                                      0.296     0.728    W_MEM/mem_reg
  -------------------------------------------------------------------
                         required time                         -0.728    
                         arrival time                           0.748    
  -------------------------------------------------------------------
                         slack                                  0.020    





Pulse Width Checks
--------------------------------------------------------------------------------------
Clock Name:         clk
Waveform(ns):       { 0.000 6.000 }
Period(ns):         12.000
Sources:            { clk }

Check Type        Corner  Lib Pin             Reference Pin  Required(ns)  Actual(ns)  Slack(ns)  Location      Pin
Min Period        n/a     RAMB36E1/CLKARDCLK  n/a            2.944         12.000      9.056      RAMB36_X4Y14  hash_tile_md0/BIG_MEM/mem_reg/CLKARDCLK
Low Pulse Width   Slow    RAMD32/CLK          n/a            1.250         6.000       4.750      SLICE_X76Y72  hash_tile_md0/B_FIFO_INSTANCE/fifo_mem_reg_0_7_0_5/RAMA/CLK
High Pulse Width  Slow    RAMD32/CLK          n/a            1.250         6.000       4.750      SLICE_X76Y72  hash_tile_md0/B_FIFO_INSTANCE/fifo_mem_reg_0_7_0_5/RAMA/CLK



