============================================================
  Generated by:           Genus(TM) Synthesis Solution 25.12-s067_1
  Generated on:           Aug 12 2026  11:50:56 am
  Module:                 butterfly2x2
  Operating conditions:   PVT_0P7V_25C 
  Interconnect mode:      global
  Area mode:              physical library
============================================================


Path 1: MET (0 ps) Setup Check with Pin BF2_2_barrett_datai_reg[45]/CLK->D
          Group: clk
     Startpoint: (R) BF1_1_modei_reg[2]/CLK
          Clock: (R) clk
       Endpoint: (R) BF2_2_barrett_datai_reg[45]/D
          Clock: (R) clk

                     Capture       Launch     
        Clock Edge:+     700            0     
       Src Latency:+       0            0     
       Net Latency:+       0 (I)        0 (I) 
           Arrival:=     700            0     
                                              
             Setup:-      10                  
       Uncertainty:-      35                  
     Required Time:=     655                  
      Launch Clock:-       0                  
         Data Path:-     655                  
             Slack:=       0                  

#----------------------------------------------------------------------------------------------------------------------
#         Timing Point          Flags    Arc    Edge          Cell            Fanout Load Trans Delay Arrival Instance 
#                                                                                    (fF)  (ps)  (ps)   (ps)  Location 
#----------------------------------------------------------------------------------------------------------------------
  BF1_1_modei_reg[2]/CLK        -       -       R     (arrival)                 2845    -     0     0       0    (-,-) 
  BF1_1_modei_reg[2]/QN         -       CLK->QN F     DFFHQNx2_ASAP7_75t_SL        1  4.0    26    40      40    (-,-) 
  g52245/Y                      -       A->Y    R     INVx4_ASAP7_75t_SL           2  5.8    17    11      51    (-,-) 
  g52174__5477/Y                -       A->Y    R     AND3x4_ASAP7_75t_SL          2 13.2    28    28      79    (-,-) 
  g52153/Y                      -       A->Y    F     CKINVDCx16_ASAP7_75t_SL     15 55.3    30    17      97    (-,-) 
  g64971/Y                      -       A->Y    R     INVx8_ASAP7_75t_SL           4 12.3    19    12     109    (-,-) 
  g64969/Y                      -       A->Y    F     INVx11_ASAP7_75t_SL          8 16.2    15     9     118    (-,-) 
  g61817__7482/Y                -       B->Y    F     AND2x2_ASAP7_75t_SL          1  2.6    13    17     135    (-,-) 
  g61801__5526/Y                -       B->Y    F     OR2x6_ASAP7_75t_SL          12 21.9    27    28     163    (-,-) 
  BF2_2_mul_170_29_g16452/Y     -       A->Y    F     XOR2xp5_ASAP7_75t_L          2  3.4    51    27     190    (-,-) 
  BF2_2_mul_170_29_g16170/Y     -       B2->Y   F     AO22x1_ASAP7_75t_SL          2  4.4    29    35     225    (-,-) 
  BF2_2_mul_170_29_g15776/Y     -       A->Y    F     XNOR2xp5_ASAP7_75t_L         1  2.6    36    32     257    (-,-) 
  BF2_2_mul_170_29_g15620/Y     -       A->Y    F     XOR2xp5_ASAP7_75t_SL         2  5.1    65    28     285    (-,-) 
  BF2_2_mul_170_29_g15425/Y     -       B->Y    F     XNOR2x1_ASAP7_75t_SL         1  3.1    34    27     311    (-,-) 
  BF2_2_mul_170_29_g15292/Y     -       B->Y    F     XNOR2x1_ASAP7_75t_L          2  4.3    35    30     341    (-,-) 
  BF2_2_mul_170_29_g15196/Y     -       B->Y    R     XNOR2xp5_ASAP7_75t_SL        1  2.6    45    27     368    (-,-) 
  BF2_2_mul_170_29_g15101/Y     -       A->Y    R     XOR2xp5_ASAP7_75t_SL         2  4.5    68    39     408    (-,-) 
  BF2_2_mul_170_29_g15028/Y     -       B->Y    F     XNOR2x1_ASAP7_75t_SL         1  3.1    32    14     421    (-,-) 
  BF2_2_mul_170_29_g14949/Y     -       B->Y    F     XNOR2x1_ASAP7_75t_L          2  3.5    33    28     449    (-,-) 
  BF2_2_mul_170_29_g14938/Y     -       A->Y    R     INVx1_ASAP7_75t_SL           1  2.6    26    17     465    (-,-) 
  BF2_2_mul_170_29_g14901/Y     -       B->Y    F     NAND2x1_ASAP7_75t_SL         3  4.6    35    16     481    (-,-) 
  BF2_2_mul_170_29_g14854/Y     -       A1->Y   F     AO21x1_ASAP7_75t_SL          2  3.5    23    27     508    (-,-) 
  BF2_2_mul_170_29_g14808/Y     -       A1->Y   R     AOI21xp5_ASAP7_75t_SL        1  2.5    47    20     529    (-,-) 
  BF2_2_mul_170_29_g14788/Y     -       A2->Y   F     OAI21x1_ASAP7_75t_L          2  3.4    33    18     547    (-,-) 
  BF2_2_mul_170_29_g14780/Y     -       A2->Y   F     AO21x1_ASAP7_75t_SL          1  2.1    16    22     568    (-,-) 
  BF2_2_mul_170_29_g14752/Y     -       B->Y    F     AO21x2_ASAP7_75t_SL          4  7.8    25    28     596    (-,-) 
  BF2_2_mul_170_29_g14743/Y     -       A2->Y   F     AO21x2_ASAP7_75t_SL          2  4.3    18    24     620    (-,-) 
  BF2_2_mul_170_29_g14722/Y     -       A2->Y   R     AOI21x1_ASAP7_75t_SL         1  3.2    43    15     636    (-,-) 
  BF2_2_mul_170_29_g14721/Y     -       A->Y    R     XOR2x1_ASAP7_75t_SL          1  2.1    31    20     655    (-,-) 
  BF2_2_barrett_datai_reg[45]/D <<<     -       R     DFFHQx4_ASAP7_75t_SL         1    -     -     0     655    (-,-) 
#----------------------------------------------------------------------------------------------------------------------

