============================================================
  Generated by:           Genus(TM) Synthesis Solution 25.12-s067_1
  Generated on:           Aug 12 2026  01:47:35 pm
  Operating conditions:   PVT_0P7V_25C 
  Interconnect mode:      global
  Area mode:              physical library
============================================================

                                                                                       
           Gate             Instances    Area                   Library                
---------------------------------------------------------------------------------------
A2O1A1Ixp33_ASAP7_75t_SL           33    46.189     asap7sc7p5t_AO_SLVT_TT_nldm_211120 
A2O1A1O1Ixp25_ASAP7_75t_SL         14    29.393     asap7sc7p5t_AO_SLVT_TT_nldm_211120 
AND2x2_ASAP7_75t_L                  4     5.599  asap7sc7p5t_SIMPLE_LVT_TT_nldm_211120 
AND2x2_ASAP7_75t_SL               618   865.002 asap7sc7p5t_SIMPLE_SLVT_TT_nldm_211120 
AND2x4_ASAP7_75t_L                  4     9.331  asap7sc7p5t_SIMPLE_LVT_TT_nldm_211120 
AND2x4_ASAP7_75t_SL                84   195.955 asap7sc7p5t_SIMPLE_SLVT_TT_nldm_211120 
AND2x6_ASAP7_75t_SL                 5    13.997 asap7sc7p5t_SIMPLE_SLVT_TT_nldm_211120 
AND3x1_ASAP7_75t_L                  9    12.597  asap7sc7p5t_SIMPLE_LVT_TT_nldm_211120 
AND3x1_ASAP7_75t_SL                63    88.180 asap7sc7p5t_SIMPLE_SLVT_TT_nldm_211120 
AND3x2_ASAP7_75t_SL                 7    11.431 asap7sc7p5t_SIMPLE_SLVT_TT_nldm_211120 
AND3x4_ASAP7_75t_L                  2     6.532  asap7sc7p5t_SIMPLE_LVT_TT_nldm_211120 
AND3x4_ASAP7_75t_SL                11    35.925 asap7sc7p5t_SIMPLE_SLVT_TT_nldm_211120 
AND4x1_ASAP7_75t_SL                 7    11.431 asap7sc7p5t_SIMPLE_SLVT_TT_nldm_211120 
AND4x2_ASAP7_75t_SL                 4     7.465 asap7sc7p5t_SIMPLE_SLVT_TT_nldm_211120 
AND5x1_ASAP7_75t_SL                 5     9.331 asap7sc7p5t_SIMPLE_SLVT_TT_nldm_211120 
AO211x2_ASAP7_75t_SL                8    29.860     asap7sc7p5t_AO_SLVT_TT_nldm_211120 
AO21x1_ASAP7_75t_L                 25    34.992      asap7sc7p5t_AO_LVT_TT_nldm_211120 
AO21x1_ASAP7_75t_SL               285   398.909     asap7sc7p5t_AO_SLVT_TT_nldm_211120 
AO21x2_ASAP7_75t_SL                90   146.966     asap7sc7p5t_AO_SLVT_TT_nldm_211120 
AO221x1_ASAP7_75t_L                 2     4.666      asap7sc7p5t_AO_LVT_TT_nldm_211120 
AO221x1_ASAP7_75t_SL              109   254.275     asap7sc7p5t_AO_SLVT_TT_nldm_211120 
AO221x2_ASAP7_75t_SL                7    17.963     asap7sc7p5t_AO_SLVT_TT_nldm_211120 
AO222x2_ASAP7_75t_SL              176   492.687     asap7sc7p5t_AO_SLVT_TT_nldm_211120 
AO22x1_ASAP7_75t_SL               589  1236.617     asap7sc7p5t_AO_SLVT_TT_nldm_211120 
AO22x2_ASAP7_75t_L                 10    23.328      asap7sc7p5t_AO_LVT_TT_nldm_211120 
AO22x2_ASAP7_75t_SL                98   228.614     asap7sc7p5t_AO_SLVT_TT_nldm_211120 
AO31x2_ASAP7_75t_SL                 9    33.592     asap7sc7p5t_AO_SLVT_TT_nldm_211120 
AO32x1_ASAP7_75t_SL                 5     9.331     asap7sc7p5t_AO_SLVT_TT_nldm_211120 
AO32x2_ASAP7_75t_SL                 1     2.100     asap7sc7p5t_AO_SLVT_TT_nldm_211120 
AO331x1_ASAP7_75t_L                 3     6.998      asap7sc7p5t_AO_LVT_TT_nldm_211120 
AO331x2_ASAP7_75t_SL                4    10.264     asap7sc7p5t_AO_SLVT_TT_nldm_211120 
AOI211x1_ASAP7_75t_L                1     2.799      asap7sc7p5t_AO_LVT_TT_nldm_211120 
AOI211x1_ASAP7_75t_SL               5    13.997     asap7sc7p5t_AO_SLVT_TT_nldm_211120 
AOI211xp5_ASAP7_75t_SL             13    18.196     asap7sc7p5t_AO_SLVT_TT_nldm_211120 
AOI21x1_ASAP7_75t_L                 9    16.796      asap7sc7p5t_AO_LVT_TT_nldm_211120 
AOI21x1_ASAP7_75t_SL               87   162.363     asap7sc7p5t_AO_SLVT_TT_nldm_211120 
AOI21xp33_ASAP7_75t_SL              9    10.498     asap7sc7p5t_AO_SLVT_TT_nldm_211120 
AOI21xp5_ASAP7_75t_SL             318   370.915     asap7sc7p5t_AO_SLVT_TT_nldm_211120 
AOI221x1_ASAP7_75t_L                2     6.532      asap7sc7p5t_AO_LVT_TT_nldm_211120 
AOI221x1_ASAP7_75t_SL               6    19.596     asap7sc7p5t_AO_SLVT_TT_nldm_211120 
AOI221xp5_ASAP7_75t_SL            258   421.304     asap7sc7p5t_AO_SLVT_TT_nldm_211120 
AOI222xp33_ASAP7_75t_SL           245   571.536     asap7sc7p5t_AO_SLVT_TT_nldm_211120 
AOI22x1_ASAP7_75t_L                59   137.635      asap7sc7p5t_AO_LVT_TT_nldm_211120 
AOI22x1_ASAP7_75t_SL              172   401.242     asap7sc7p5t_AO_SLVT_TT_nldm_211120 
AOI22xp33_ASAP7_75t_SL              2     2.799     asap7sc7p5t_AO_SLVT_TT_nldm_211120 
AOI22xp5_ASAP7_75t_L                1     1.400      asap7sc7p5t_AO_LVT_TT_nldm_211120 
AOI22xp5_ASAP7_75t_SL             766  1072.155     asap7sc7p5t_AO_SLVT_TT_nldm_211120 
AOI31xp33_ASAP7_75t_SL             16    22.395     asap7sc7p5t_AO_SLVT_TT_nldm_211120 
AOI31xp67_ASAP7_75t_L               1     3.033      asap7sc7p5t_AO_LVT_TT_nldm_211120 
AOI31xp67_ASAP7_75t_SL              2     6.065     asap7sc7p5t_AO_SLVT_TT_nldm_211120 
AOI321xp33_ASAP7_75t_SL            32    59.720     asap7sc7p5t_AO_SLVT_TT_nldm_211120 
AOI322xp5_ASAP7_75t_SL             45    94.478     asap7sc7p5t_AO_SLVT_TT_nldm_211120 
AOI32xp33_ASAP7_75t_SL              7    11.431     asap7sc7p5t_AO_SLVT_TT_nldm_211120 
AOI332xp33_ASAP7_75t_SL             4     9.331     asap7sc7p5t_AO_SLVT_TT_nldm_211120 
BUFx10_ASAP7_75t_L                  1     3.266  asap7sc7p5t_INVBUF_LVT_TT_nldm_211120 
BUFx12f_ASAP7_75t_SL               43   180.559 asap7sc7p5t_INVBUF_SLVT_TT_nldm_211120 
BUFx16f_ASAP7_75t_SL                2    10.264 asap7sc7p5t_INVBUF_SLVT_TT_nldm_211120 
BUFx2_ASAP7_75t_L                  20    23.328  asap7sc7p5t_INVBUF_LVT_TT_nldm_211120 
BUFx2_ASAP7_75t_SL                 18    20.995 asap7sc7p5t_INVBUF_SLVT_TT_nldm_211120 
BUFx3_ASAP7_75t_SL                 16    22.395 asap7sc7p5t_INVBUF_SLVT_TT_nldm_211120 
BUFx4f_ASAP7_75t_SL                16    29.860 asap7sc7p5t_INVBUF_SLVT_TT_nldm_211120 
BUFx6f_ASAP7_75t_SL                30    69.984 asap7sc7p5t_INVBUF_SLVT_TT_nldm_211120 
BUFx8_ASAP7_75t_SL                  2     5.599 asap7sc7p5t_INVBUF_SLVT_TT_nldm_211120 
CKINVDCx14_ASAP7_75t_SL             1     6.532 asap7sc7p5t_INVBUF_SLVT_TT_nldm_211120 
CKINVDCx16_ASAP7_75t_SL             1     6.998 asap7sc7p5t_INVBUF_SLVT_TT_nldm_211120 
DFFHQNx1_ASAP7_75t_L              242  1129.075     asap7sc7p5t_SEQ_LVT_TT_nldm_220123 
DFFHQNx1_ASAP7_75t_SL            1333  6219.245    asap7sc7p5t_SEQ_SLVT_TT_nldm_220123 
DFFHQNx2_ASAP7_75t_SL               4    19.596    asap7sc7p5t_SEQ_SLVT_TT_nldm_220123 
DFFHQx4_ASAP7_75t_L                 8    46.656     asap7sc7p5t_SEQ_LVT_TT_nldm_220123 
DFFHQx4_ASAP7_75t_SL             1205  7027.560    asap7sc7p5t_SEQ_SLVT_TT_nldm_220123 
FAx1_ASAP7_75t_SL                  59   192.689 asap7sc7p5t_SIMPLE_SLVT_TT_nldm_211120 
HAxp5_ASAP7_75t_L                  15    31.493  asap7sc7p5t_SIMPLE_LVT_TT_nldm_211120 
HAxp5_ASAP7_75t_SL                 23    48.289 asap7sc7p5t_SIMPLE_SLVT_TT_nldm_211120 
HB1xp67_ASAP7_75t_L                31    28.927  asap7sc7p5t_INVBUF_LVT_TT_nldm_211120 
HB1xp67_ASAP7_75t_SL               50    46.656 asap7sc7p5t_INVBUF_SLVT_TT_nldm_211120 
INVx11_ASAP7_75t_SL                11    33.359 asap7sc7p5t_INVBUF_SLVT_TT_nldm_211120 
INVx13_ASAP7_75t_SL                 2     6.998 asap7sc7p5t_INVBUF_SLVT_TT_nldm_211120 
INVx1_ASAP7_75t_L                  19    13.297  asap7sc7p5t_INVBUF_LVT_TT_nldm_211120 
INVx1_ASAP7_75t_SL               2373  1660.720 asap7sc7p5t_INVBUF_SLVT_TT_nldm_211120 
INVx2_ASAP7_75t_L                  12    11.197  asap7sc7p5t_INVBUF_LVT_TT_nldm_211120 
INVx2_ASAP7_75t_SL                226   210.885 asap7sc7p5t_INVBUF_SLVT_TT_nldm_211120 
INVx3_ASAP7_75t_L                   3     3.499  asap7sc7p5t_INVBUF_LVT_TT_nldm_211120 
INVx3_ASAP7_75t_SL                 87   101.477 asap7sc7p5t_INVBUF_SLVT_TT_nldm_211120 
INVx4_ASAP7_75t_L                   2     2.799  asap7sc7p5t_INVBUF_LVT_TT_nldm_211120 
INVx4_ASAP7_75t_SL                 54    75.583 asap7sc7p5t_INVBUF_SLVT_TT_nldm_211120 
INVx5_ASAP7_75t_SL                 45    73.483 asap7sc7p5t_INVBUF_SLVT_TT_nldm_211120 
INVx6_ASAP7_75t_SL                 42    78.382 asap7sc7p5t_INVBUF_SLVT_TT_nldm_211120 
INVx8_ASAP7_75t_SL                 55   128.304 asap7sc7p5t_INVBUF_SLVT_TT_nldm_211120 
INVxp33_ASAP7_75t_SL               10     6.998 asap7sc7p5t_INVBUF_SLVT_TT_nldm_211120 
INVxp67_ASAP7_75t_SL                6     4.199 asap7sc7p5t_INVBUF_SLVT_TT_nldm_211120 
MAJIxp5_ASAP7_75t_SL              568   927.521 asap7sc7p5t_SIMPLE_SLVT_TT_nldm_211120 
MAJx2_ASAP7_75t_L                   2     4.199  asap7sc7p5t_SIMPLE_LVT_TT_nldm_211120 
MAJx2_ASAP7_75t_SL                544  1142.139 asap7sc7p5t_SIMPLE_SLVT_TT_nldm_211120 
NAND2x1_ASAP7_75t_L                17    23.795  asap7sc7p5t_SIMPLE_LVT_TT_nldm_211120 
NAND2x1_ASAP7_75t_SL              148   207.153 asap7sc7p5t_SIMPLE_SLVT_TT_nldm_211120 
NAND2x1p5_ASAP7_75t_L              14    26.127  asap7sc7p5t_SIMPLE_LVT_TT_nldm_211120 
NAND2x1p5_ASAP7_75t_SL             83   154.898 asap7sc7p5t_SIMPLE_SLVT_TT_nldm_211120 
NAND2x2_ASAP7_75t_SL               21    48.989 asap7sc7p5t_SIMPLE_SLVT_TT_nldm_211120 
NAND2xp33_ASAP7_75t_L               3     2.799  asap7sc7p5t_SIMPLE_LVT_TT_nldm_211120 
NAND2xp33_ASAP7_75t_SL              9     8.398 asap7sc7p5t_SIMPLE_SLVT_TT_nldm_211120 
NAND2xp5_ASAP7_75t_L                3     2.799  asap7sc7p5t_SIMPLE_LVT_TT_nldm_211120 
NAND2xp5_ASAP7_75t_SL            1816  1694.546 asap7sc7p5t_SIMPLE_SLVT_TT_nldm_211120 
NAND2xp67_ASAP7_75t_SL             12    16.796 asap7sc7p5t_SIMPLE_SLVT_TT_nldm_211120 
NAND3x1_ASAP7_75t_L                 1     2.566  asap7sc7p5t_SIMPLE_LVT_TT_nldm_211120 
NAND3x1_ASAP7_75t_SL               23    59.020 asap7sc7p5t_SIMPLE_SLVT_TT_nldm_211120 
NAND3x2_ASAP7_75t_L                 1     4.666  asap7sc7p5t_SIMPLE_LVT_TT_nldm_211120 
NAND3x2_ASAP7_75t_SL               13    60.653 asap7sc7p5t_SIMPLE_SLVT_TT_nldm_211120 
NAND3xp33_ASAP7_75t_SL             38    44.323 asap7sc7p5t_SIMPLE_SLVT_TT_nldm_211120 
NAND4xp25_ASAP7_75t_SL             28    39.191 asap7sc7p5t_SIMPLE_SLVT_TT_nldm_211120 
NAND4xp75_ASAP7_75t_L               3     9.798  asap7sc7p5t_SIMPLE_LVT_TT_nldm_211120 
NAND4xp75_ASAP7_75t_SL             43   140.435 asap7sc7p5t_SIMPLE_SLVT_TT_nldm_211120 
NAND5xp2_ASAP7_75t_SL               1     1.633 asap7sc7p5t_SIMPLE_SLVT_TT_nldm_211120 
NOR2x1_ASAP7_75t_SL               276   386.312 asap7sc7p5t_SIMPLE_SLVT_TT_nldm_211120 
NOR2x1p5_ASAP7_75t_L                8    14.930  asap7sc7p5t_SIMPLE_LVT_TT_nldm_211120 
NOR2x1p5_ASAP7_75t_SL              83   154.898 asap7sc7p5t_SIMPLE_SLVT_TT_nldm_211120 
NOR2x2_ASAP7_75t_SL                12    27.994 asap7sc7p5t_SIMPLE_SLVT_TT_nldm_211120 
NOR2xp33_ASAP7_75t_L              111   103.576  asap7sc7p5t_SIMPLE_LVT_TT_nldm_211120 
NOR2xp33_ASAP7_75t_SL             537   501.085 asap7sc7p5t_SIMPLE_SLVT_TT_nldm_211120 
NOR2xp67_ASAP7_75t_L               13    18.196  asap7sc7p5t_SIMPLE_LVT_TT_nldm_211120 
NOR2xp67_ASAP7_75t_SL               3     4.199 asap7sc7p5t_SIMPLE_SLVT_TT_nldm_211120 
NOR3x1_ASAP7_75t_SL                 2     5.132 asap7sc7p5t_SIMPLE_SLVT_TT_nldm_211120 
NOR3x2_ASAP7_75t_L                  1     4.666  asap7sc7p5t_SIMPLE_LVT_TT_nldm_211120 
NOR3xp33_ASAP7_75t_SL              29    33.826 asap7sc7p5t_SIMPLE_SLVT_TT_nldm_211120 
NOR4xp25_ASAP7_75t_SL               6     8.398 asap7sc7p5t_SIMPLE_SLVT_TT_nldm_211120 
NOR4xp75_ASAP7_75t_L                1     3.266  asap7sc7p5t_SIMPLE_LVT_TT_nldm_211120 
NOR4xp75_ASAP7_75t_SL               2     6.532 asap7sc7p5t_SIMPLE_SLVT_TT_nldm_211120 
O2A1O1Ixp33_ASAP7_75t_SL           47    65.785     asap7sc7p5t_OA_SLVT_TT_nldm_211120 
O2A1O1Ixp5_ASAP7_75t_SL             2     3.732     asap7sc7p5t_OA_SLVT_TT_nldm_211120 
OA211x2_ASAP7_75t_SL               44    82.115     asap7sc7p5t_OA_SLVT_TT_nldm_211120 
OA21x2_ASAP7_75t_SL               190   310.262     asap7sc7p5t_OA_SLVT_TT_nldm_211120 
OA221x2_ASAP7_75t_SL               14    52.255     asap7sc7p5t_OA_SLVT_TT_nldm_211120 
OA222x2_ASAP7_75t_SL                8    22.395     asap7sc7p5t_OA_SLVT_TT_nldm_211120 
OA22x2_ASAP7_75t_SL               211   492.221     asap7sc7p5t_OA_SLVT_TT_nldm_211120 
OA31x2_ASAP7_75t_SL                 4    13.997     asap7sc7p5t_OA_SLVT_TT_nldm_211120 
OA331x1_ASAP7_75t_SL                2     4.666     asap7sc7p5t_OA_SLVT_TT_nldm_211120 
OA33x2_ASAP7_75t_SL                 1     2.333     asap7sc7p5t_OA_SLVT_TT_nldm_211120 
OAI211xp5_ASAP7_75t_SL             35    48.989     asap7sc7p5t_OA_SLVT_TT_nldm_211120 
OAI21x1_ASAP7_75t_L                 8    14.930      asap7sc7p5t_OA_LVT_TT_nldm_211120 
OAI21x1_ASAP7_75t_SL              111   207.153     asap7sc7p5t_OA_SLVT_TT_nldm_211120 
OAI21xp33_ASAP7_75t_L               1     1.166      asap7sc7p5t_OA_LVT_TT_nldm_211120 
OAI21xp33_ASAP7_75t_SL              2     2.333     asap7sc7p5t_OA_SLVT_TT_nldm_211120 
OAI21xp5_ASAP7_75t_L               15    17.496      asap7sc7p5t_OA_LVT_TT_nldm_211120 
OAI21xp5_ASAP7_75t_SL             289   337.090     asap7sc7p5t_OA_SLVT_TT_nldm_211120 
OAI221xp5_ASAP7_75t_SL             15    24.494     asap7sc7p5t_OA_SLVT_TT_nldm_211120 
OAI22x1_ASAP7_75t_L                40    93.312      asap7sc7p5t_OA_LVT_TT_nldm_211120 
OAI22x1_ASAP7_75t_SL               65   151.632     asap7sc7p5t_OA_SLVT_TT_nldm_211120 
OAI22xp33_ASAP7_75t_SL              1     1.400     asap7sc7p5t_OA_SLVT_TT_nldm_211120 
OAI22xp5_ASAP7_75t_SL             303   424.103     asap7sc7p5t_OA_SLVT_TT_nldm_211120 
OAI31xp33_ASAP7_75t_SL              7     9.798     asap7sc7p5t_OA_SLVT_TT_nldm_211120 
OAI31xp67_ASAP7_75t_SL              1     3.033     asap7sc7p5t_OA_SLVT_TT_nldm_211120 
OAI321xp33_ASAP7_75t_SL             6    11.197     asap7sc7p5t_OA_SLVT_TT_nldm_211120 
OAI322xp33_ASAP7_75t_SL             1     2.100     asap7sc7p5t_OA_SLVT_TT_nldm_211120 
OAI32xp33_ASAP7_75t_SL              7    11.431     asap7sc7p5t_OA_SLVT_TT_nldm_211120 
OAI331xp33_ASAP7_75t_SL             1     2.100     asap7sc7p5t_OA_SLVT_TT_nldm_211120 
OR2x2_ASAP7_75t_L                   4     5.599  asap7sc7p5t_SIMPLE_LVT_TT_nldm_211120 
OR2x2_ASAP7_75t_SL                412   576.668 asap7sc7p5t_SIMPLE_SLVT_TT_nldm_211120 
OR2x4_ASAP7_75t_SL                 10    18.662 asap7sc7p5t_SIMPLE_SLVT_TT_nldm_211120 
OR2x6_ASAP7_75t_SL                103   288.334 asap7sc7p5t_SIMPLE_SLVT_TT_nldm_211120 
OR3x1_ASAP7_75t_L                   2     2.799  asap7sc7p5t_SIMPLE_LVT_TT_nldm_211120 
OR3x1_ASAP7_75t_SL                 18    25.194 asap7sc7p5t_SIMPLE_SLVT_TT_nldm_211120 
OR3x2_ASAP7_75t_SL                  7    11.431 asap7sc7p5t_SIMPLE_SLVT_TT_nldm_211120 
OR4x1_ASAP7_75t_SL                  7    11.431 asap7sc7p5t_SIMPLE_SLVT_TT_nldm_211120 
OR5x1_ASAP7_75t_SL                  8    14.930 asap7sc7p5t_SIMPLE_SLVT_TT_nldm_211120 
SDFHx1_ASAP7_75t_L                  5    29.160     asap7sc7p5t_SEQ_LVT_TT_nldm_220123 
SDFHx1_ASAP7_75t_SL                43   250.776    asap7sc7p5t_SEQ_SLVT_TT_nldm_220123 
SDFHx2_ASAP7_75t_SL                 3    18.196    asap7sc7p5t_SEQ_SLVT_TT_nldm_220123 
SDFHx4_ASAP7_75t_SL                 2    14.463    asap7sc7p5t_SEQ_SLVT_TT_nldm_220123 
XNOR2x1_ASAP7_75t_L                30    83.981  asap7sc7p5t_SIMPLE_LVT_TT_nldm_211120 
XNOR2x1_ASAP7_75t_SL              286   800.617 asap7sc7p5t_SIMPLE_SLVT_TT_nldm_211120 
XNOR2x2_ASAP7_75t_L               127   325.892  asap7sc7p5t_SIMPLE_LVT_TT_nldm_211120 
XNOR2x2_ASAP7_75t_SL              398  1021.300 asap7sc7p5t_SIMPLE_SLVT_TT_nldm_211120 
XNOR2xp5_ASAP7_75t_L              179   375.814  asap7sc7p5t_SIMPLE_LVT_TT_nldm_211120 
XNOR2xp5_ASAP7_75t_SL            1319  2769.267 asap7sc7p5t_SIMPLE_SLVT_TT_nldm_211120 
XOR2x1_ASAP7_75t_L                  3     8.398  asap7sc7p5t_SIMPLE_LVT_TT_nldm_211120 
XOR2x1_ASAP7_75t_SL                49   137.169 asap7sc7p5t_SIMPLE_SLVT_TT_nldm_211120 
XOR2x2_ASAP7_75t_L                 60   153.965  asap7sc7p5t_SIMPLE_LVT_TT_nldm_211120 
XOR2x2_ASAP7_75t_SL               558  1431.873 asap7sc7p5t_SIMPLE_SLVT_TT_nldm_211120 
XOR2xp5_ASAP7_75t_L               107   224.649  asap7sc7p5t_SIMPLE_LVT_TT_nldm_211120 
XOR2xp5_ASAP7_75t_SL              733  1538.948 asap7sc7p5t_SIMPLE_SLVT_TT_nldm_211120 
---------------------------------------------------------------------------------------
total                           20797 43745.365                                        
                                                                       
                Library                Instances    Area   Instances % 
-----------------------------------------------------------------------
asap7sc7p5t_AO_LVT_TT_nldm_211120            113   238.179         0.5 
asap7sc7p5t_AO_SLVT_TT_nldm_211120          3415  6204.781        16.4 
asap7sc7p5t_INVBUF_LVT_TT_nldm_211120         88    86.314         0.4 
asap7sc7p5t_INVBUF_SLVT_TT_nldm_211120      3090  2780.231        14.9 
asap7sc7p5t_OA_LVT_TT_nldm_211120             64   126.904         0.3 
asap7sc7p5t_OA_SLVT_TT_nldm_211120          1367  2286.611         6.6 
asap7sc7p5t_SEQ_LVT_TT_nldm_220123           255  1204.891         1.2 
asap7sc7p5t_SEQ_SLVT_TT_nldm_220123         2590 13549.836        12.5 
asap7sc7p5t_SIMPLE_LVT_TT_nldm_211120        724  1468.031         3.5 
asap7sc7p5t_SIMPLE_SLVT_TT_nldm_211120      9091 15799.588        43.7 
                                          
     Type      Instances    Area   Area % 
------------------------------------------
sequential          2845 14754.727   33.7 
inverter            2949  2424.712    5.5 
buffer               229   441.832    1.0 
logic              14774 26124.094   59.7 
physical_cells         0     0.000    0.0 
------------------------------------------
total              20797 43745.365  100.0 
