============================================================
  Generated by:           Genus(TM) Synthesis Solution 25.12-s067_1
  Generated on:           Aug 12 2026  04:03:58 pm
  Module:                 butterfly2x2
  Operating conditions:   PVT_0P7V_25C 
  Interconnect mode:      global
  Area mode:              physical library
============================================================


Path 1: MET (-0 ps) Setup Check with Pin BF2_2_barrett_datai_reg[38]/CLK->D
          Group: clk
     Startpoint: (R) BF1_1_modei_reg[0]/CLK
          Clock: (R) clk
       Endpoint: (F) BF2_2_barrett_datai_reg[38]/D
          Clock: (R) clk

                     Capture       Launch     
        Clock Edge:+     583            0     
       Src Latency:+       0            0     
       Net Latency:+       0 (I)        0 (I) 
           Arrival:=     583            0     
                                              
             Setup:-       7                  
       Uncertainty:-      29                  
     Required Time:=     547                  
      Launch Clock:-       0                  
         Data Path:-     548                  
             Slack:=      -0                  

#--------------------------------------------------------------------------------------------------------------------
#         Timing Point          Flags    Arc    Edge         Cell           Fanout Load Trans Delay Arrival Instance 
#                                                                                  (fF)  (ps)  (ps)   (ps)  Location 
#--------------------------------------------------------------------------------------------------------------------
  BF1_1_modei_reg[0]/CLK        -       -       R     (arrival)               2845    -     0     0       0    (-,-) 
  BF1_1_modei_reg[0]/QN         -       CLK->QN R     DFFHQNx1_ASAP7_75t_SL      1  2.8    28    38      38    (-,-) 
  fopt79426/Y                   -       A->Y    R     BUFx6f_ASAP7_75t_SL        5 10.1    16    18      56    (-,-) 
  g80455/Y                      -       A->Y    R     AND3x4_ASAP7_75t_SL        2  9.7    23    25      82    (-,-) 
  fopt80457/Y                   -       A->Y    R     BUFx12f_ASAP7_75t_SL       9 25.3    21    20     101    (-,-) 
  g80467/Y                      -       A->Y    R     BUFx12f_ASAP7_75t_SL       5 11.8    12    16     117    (-,-) 
  g66560/Y                      -       A->Y    F     INVx8_ASAP7_75t_SL         8 11.3    12     8     124    (-,-) 
  g63374__77790/Y               -       B2->Y   F     AO22x2_ASAP7_75t_SL        1  4.0    17    22     147    (-,-) 
  g70306/Y                      -       A->Y    F     BUFx12f_ASAP7_75t_SL      14 30.4    20    21     167    (-,-) 
  BF2_2_mul_170_29_g70309/Y     -       A->Y    R     INVx13_ASAP7_75t_SL        8 14.1    15    10     177    (-,-) 
  BF2_2_mul_170_29_g77664/Y     -       B1->Y   F     AOI22x1_ASAP7_75t_SL       2  3.3    34    13     190    (-,-) 
  BF2_2_mul_170_29_g18752_dup/Y -       B1->Y   F     OA22x2_ASAP7_75t_SL        1  3.2    17    25     214    (-,-) 
  g77665/Y                      -       A->Y    F     XNOR2x1_ASAP7_75t_SL       1  2.6    27    18     233    (-,-) 
  g76516/Y                      -       B->Y    F     XOR2x2_ASAP7_75t_SL        2  5.0    19    26     259    (-,-) 
  g75909/Y                      -       B->Y    F     XNOR2x1_ASAP7_75t_SL       1  3.2    23    21     279    (-,-) 
  g435/Y                        -       B->Y    F     XNOR2x1_ASAP7_75t_SL       2  4.5    30    24     303    (-,-) 
  g75190/Y                      -       B->Y    F     XNOR2x1_ASAP7_75t_SL       1  3.2    26    22     325    (-,-) 
  g75189/Y                      -       A->Y    F     XNOR2x1_ASAP7_75t_SL       2  4.5    29    24     349    (-,-) 
  g73406/Y                      -       B->Y    F     XNOR2x1_ASAP7_75t_SL       1  3.2    26    22     371    (-,-) 
  g73582/Y                      -       B->Y    F     XNOR2x1_ASAP7_75t_SL       2  3.8    27    23     394    (-,-) 
  g73581/Y                      -       A->Y    F     AND2x4_ASAP7_75t_SL        2  5.6    12    21     415    (-,-) 
  g70/Y                         -       A->Y    R     NOR2x2_ASAP7_75t_SL        1  3.6    19    10     425    (-,-) 
  g458/Y                        -       A->Y    F     NAND2x2_ASAP7_75t_SL       3  6.1    21    11     436    (-,-) 
  g452/Y                        -       A2->Y   R     OAI21x1_ASAP7_75t_SL       1  2.4    25    14     450    (-,-) 
  g75305/Y                      -       C->Y    R     AO211x2_ASAP7_75t_SL       2  5.1    23    26     475    (-,-) 
  BF2_2_mul_170_29_g69770/Y     -       B->Y    F     NAND2x2_ASAP7_75t_SL       2  4.4    18    10     485    (-,-) 
  g77767/Y                      -       B->Y    F     AND2x6_ASAP7_75t_SL        7 12.2    17    23     508    (-,-) 
  g77764/Y                      -       A2->Y   F     OA21x2_ASAP7_75t_SL        1  3.2    14    21     529    (-,-) 
  BF2_2_mul_170_29_g17142/Y     -       A->Y    F     XOR2x1_ASAP7_75t_SL        1  2.1    24    18     548    (-,-) 
  BF2_2_barrett_datai_reg[38]/D <<<     -       F     DFFHQx4_ASAP7_75t_SL       1    -     -     0     548    (-,-) 
#--------------------------------------------------------------------------------------------------------------------

