============================================================
  Generated by:           Genus(TM) Synthesis Solution 25.12-s067_1
  Generated on:           Aug 12 2026  01:20:32 pm
  Module:                 butterfly2x2
  Operating conditions:   PVT_0P7V_25C 
  Interconnect mode:      global
  Area mode:              physical library
============================================================


Path 1: VIOLATED (-25 ps) Setup Check with Pin BF2_1_barrett_datai_reg[33]/CLK->D
          Group: clk
     Startpoint: (R) BF1_1_modei_reg[1]/CLK
          Clock: (R) clk
       Endpoint: (F) BF2_1_barrett_datai_reg[33]/D
          Clock: (R) clk

                     Capture       Launch     
        Clock Edge:+     550            0     
       Src Latency:+       0            0     
       Net Latency:+       0 (I)        0 (I) 
           Arrival:=     550            0     
                                              
             Setup:-       6                  
       Uncertainty:-      28                  
     Required Time:=     516                  
      Launch Clock:-       0                  
         Data Path:-     541                  
             Slack:=     -25                  

#-------------------------------------------------------------------------------------------------------------------
#         Timing Point          Flags    Arc   Edge         Cell           Fanout Load Trans Delay Arrival Instance 
#                                                                                 (fF)  (ps)  (ps)   (ps)  Location 
#-------------------------------------------------------------------------------------------------------------------
  BF1_1_modei_reg[1]/CLK        -       -      R     (arrival)               2845    -     0     0       0    (-,-) 
  BF1_1_modei_reg[1]/Q          -       CLK->Q R     DFFHQx4_ASAP7_75t_SL       1  4.6    13    44      44    (-,-) 
  g92402/Y                      -       A->Y   F     INVx5_ASAP7_75t_SL         3  5.5    10     6      50    (-,-) 
  g92400/Y                      -       B->Y   F     AND3x4_ASAP7_75t_SL        2  8.5    18    24      74    (-,-) 
  fopt89398/Y                   -       A->Y   R     INVx8_ASAP7_75t_SL         5 15.7    19    12      86    (-,-) 
  fopt90194/Y                   -       A->Y   R     BUFx12f_ASAP7_75t_SL       6 15.5    14    16     102    (-,-) 
  g69223/Y                      -       A->Y   R     BUFx6f_ASAP7_75t_SL        6 10.2    15    16     118    (-,-) 
  g88211/Y                      -       B2->Y  R     AO22x2_ASAP7_75t_SL        1  4.0    18    21     140    (-,-) 
  g88210/Y                      -       A->Y   R     BUFx12f_ASAP7_75t_SL      13 28.0    22    20     160    (-,-) 
  BF2_1_mul_170_29_g87727/Y     -       A->Y   F     INVx11_ASAP7_75t_SL        7 11.9    13     8     167    (-,-) 
  BF2_1_mul_170_29_g87726/Y     -       B2->Y  F     AO22x2_ASAP7_75t_SL        2  4.7    19    24     191    (-,-) 
  BF2_1_mul_170_29_g17418/Y     -       A->Y   R     INVx3_ASAP7_75t_SL         1  2.6    11     8     199    (-,-) 
  g87393/Y                      -       B1->Y  F     OAI22x1_ASAP7_75t_SL       2  4.5    38    15     213    (-,-) 
  g87394/Y                      -       B->Y   F     XNOR2x1_ASAP7_75t_SL       1  2.5    26    22     235    (-,-) 
  g88221/Y                      -       A->Y   R     XOR2x2_ASAP7_75t_SL        2  4.5    21    31     266    (-,-) 
  BF2_1_mul_170_29_g75886/Y     -       B->Y   R     XNOR2x1_ASAP7_75t_SL       1  2.4    24    18     284    (-,-) 
  BF2_1_mul_170_29_g77617/Y     -       A->Y   F     XOR2x2_ASAP7_75t_SL        3  6.2    22    26     310    (-,-) 
  g86125/Y                      -       B->Y   F     XNOR2x1_ASAP7_75t_SL       1  3.2    23    21     331    (-,-) 
  g87265/Y                      -       A->Y   F     XNOR2x1_ASAP7_75t_SL       1  3.2    23    20     352    (-,-) 
  g87264/Y                      -       A->Y   F     XNOR2x1_ASAP7_75t_SL       2  3.8    25    22     374    (-,-) 
  g77412/Y                      -       A->Y   R     XOR2x2_ASAP7_75t_SL        3  7.6    30    36     410    (-,-) 
  g85978/Y                      -       A->Y   F     NOR2x2_ASAP7_75t_SL        2  3.5    21    14     423    (-,-) 
  g85977/Y                      -       B->Y   F     AO31x2_ASAP7_75t_SL        2  3.5    14    20     443    (-,-) 
  BF2_1_mul_170_29_g75893/Y     -       A2->Y  F     AO21x2_ASAP7_75t_SL        2  4.6    18    22     465    (-,-) 
  BF2_1_mul_170_29_g67985/Y     -       A2->Y  R     AOI21x1_ASAP7_75t_SL       2  4.4    35    18     483    (-,-) 
  g80367/Y                      -       A->Y   R     AND2x6_ASAP7_75t_SL        8 14.9    23    24     507    (-,-) 
  g86633/Y                      -       A1->Y  F     OAI21x1_ASAP7_75t_SL       1  2.6    21    10     518    (-,-) 
  g86632/Y                      -       A->Y   F     XNOR2xp5_ASAP7_75t_SL      1  2.1    28    24     541    (-,-) 
  BF2_1_barrett_datai_reg[33]/D <<<     -      F     DFFHQx4_ASAP7_75t_SL       1    -     -     0     541    (-,-) 
#-------------------------------------------------------------------------------------------------------------------

