============================================================
  Generated by:           Genus(TM) Synthesis Solution 25.12-s067_1
  Generated on:           Aug 12 2026  05:47:22 pm
  Module:                 butterfly2x2
  Operating conditions:   PVT_0P7V_25C 
  Interconnect mode:      global
  Area mode:              physical library
============================================================


Path 1: VIOLATED (-44 ps) Setup Check with Pin BF2_2_mult_p_reg[38]/CLK->D
          Group: clk
     Startpoint: (R) BF1_1_modei_reg[2]/CLK
          Clock: (R) clk
       Endpoint: (F) BF2_2_mult_p_reg[38]/D
          Clock: (R) clk

                     Capture       Launch     
        Clock Edge:+     569            0     
       Src Latency:+       0            0     
       Net Latency:+       0 (I)        0 (I) 
           Arrival:=     569            0     
                                              
             Setup:-       7                  
       Uncertainty:-      28                  
     Required Time:=     534                  
      Launch Clock:-       0                  
         Data Path:-     577                  
             Slack:=     -44                  

#----------------------------------------------------------------------------------------------------------------
#       Timing Point        Flags    Arc    Edge         Cell           Fanout Load Trans Delay Arrival Instance 
#                                                                              (fF)  (ps)  (ps)   (ps)  Location 
#----------------------------------------------------------------------------------------------------------------
  BF1_1_modei_reg[2]/CLK    -       -       R     (arrival)               3513    -     0     0       0    (-,-) 
  BF1_1_modei_reg[2]/QN     -       CLK->QN F     DFFHQNx2_ASAP7_75t_SL      1  4.0    26    40      40    (-,-) 
  g48951/Y                  -       A->Y    R     INVx4_ASAP7_75t_SL         2  5.7    17    11      51    (-,-) 
  g48943__2802/Y            -       B->Y    F     NAND2x2_ASAP7_75t_SL       2  4.0    16     9      60    (-,-) 
  g48892__6260/Y            -       A->Y    F     OR2x6_ASAP7_75t_SL         7 20.2    26    28      88    (-,-) 
  g67401/Y                  -       A->Y    F     BUFx12f_ASAP7_75t_SL       4 20.6    16    20     108    (-,-) 
  g67380/Y                  -       A->Y    F     BUFx12f_ASAP7_75t_SL       6 12.2    11    16     124    (-,-) 
  g63808/Y                  -       B2->Y   F     AO22x2_ASAP7_75t_SL        1  4.0    18    22     146    (-,-) 
  g63800/Y                  -       A->Y    F     BUFx12f_ASAP7_75t_SL      14 24.5    17    20     166    (-,-) 
  BF2_2_mul_175_29_g17876/Y -       A->Y    R     INVx8_ASAP7_75t_SL         8 11.1    15    10     176    (-,-) 
  BF2_2_mul_175_29_g17254/Y -       B1->Y   F     AOI22xp5_ASAP7_75t_SL      2  4.1    50    22     197    (-,-) 
  BF2_2_mul_175_29_g17145/Y -       A->Y    R     INVx2_ASAP7_75t_SL         1  2.7    22    14     211    (-,-) 
  BF2_2_mul_175_29_g17013/Y -       A1->Y   F     AOI22x1_ASAP7_75t_SL       2  4.4    48    15     226    (-,-) 
  BF2_2_mul_175_29_g16480/Y -       C->Y    F     MAJx2_ASAP7_75t_SL         2  3.9    18    28     254    (-,-) 
  BF2_2_mul_175_29_g16304/Y -       B->Y    R     XOR2x2_ASAP7_75t_SL        2  3.8    18    29     283    (-,-) 
  BF2_2_mul_175_29_g16127/Y -       A->Y    F     XOR2x2_ASAP7_75t_SL        1  2.5    13    21     304    (-,-) 
  BF2_2_mul_175_29_g15965/Y -       A->Y    R     XOR2x2_ASAP7_75t_SL        2  3.8    18    28     332    (-,-) 
  BF2_2_mul_175_29_g15840/Y -       A->Y    F     XOR2x2_ASAP7_75t_SL        1  3.2    15    22     354    (-,-) 
  BF2_2_mul_175_29_g15785/Y -       B->Y    F     XNOR2x1_ASAP7_75t_SL       2  3.8    24    21     374    (-,-) 
  BF2_2_mul_175_29_g15680/Y -       A->Y    R     XOR2x2_ASAP7_75t_SL        1  3.2    16    29     403    (-,-) 
  BF2_2_mul_175_29_g17962/Y -       A->Y    R     XOR2x1_ASAP7_75t_SL        2  3.9    32    22     425    (-,-) 
  BF2_2_mul_175_29_g15571/Y -       B->Y    R     AND2x4_ASAP7_75t_SL        3  5.4    14    19     444    (-,-) 
  BF2_2_mul_175_29_g15516/Y -       A2->Y   R     AO21x2_ASAP7_75t_SL        2  3.4    16    19     463    (-,-) 
  BF2_2_mul_175_29_g15490/Y -       A2->Y   R     AO21x2_ASAP7_75t_SL        2  3.8    17    20     483    (-,-) 
  BF2_2_mul_175_29_g15457/Y -       A1->Y   F     AOI221x1_ASAP7_75t_SL      1  2.8    41    23     506    (-,-) 
  BF2_2_mul_175_29_g15455/Y -       B->Y    R     OAI21x1_ASAP7_75t_SL       1  4.0    33    16     522    (-,-) 
  BF2_2_mul_175_29_g15449/Y -       A->Y    R     BUFx12f_ASAP7_75t_SL      14 28.2    23    21     543    (-,-) 
  BF2_2_mul_175_29_g15421/Y -       A1->Y   F     AOI21x1_ASAP7_75t_SL       1  3.2    24    14     557    (-,-) 
  BF2_2_mul_175_29_g15418/Y -       A->Y    F     XOR2x1_ASAP7_75t_SL        1  2.1    23    20     577    (-,-) 
  BF2_2_mult_p_reg[38]/D    -       -       F     DFFHQx4_ASAP7_75t_SL       1    -     -     0     577    (-,-) 
#----------------------------------------------------------------------------------------------------------------



Path 2: VIOLATED (-44 ps) Setup Check with Pin BF2_2_mult_p_reg[38]/CLK->D
          Group: clk
     Startpoint: (R) BF1_1_modei_reg[2]/CLK
          Clock: (R) clk
       Endpoint: (F) BF2_2_mult_p_reg[38]/D
          Clock: (R) clk

                     Capture       Launch     
        Clock Edge:+     569            0     
       Src Latency:+       0            0     
       Net Latency:+       0 (I)        0 (I) 
           Arrival:=     569            0     
                                              
             Setup:-       7                  
       Uncertainty:-      28                  
     Required Time:=     534                  
      Launch Clock:-       0                  
         Data Path:-     577                  
             Slack:=     -44                  

#-----------------------------------------------------------------------------------------------------------------
#       Timing Point        Flags    Arc    Edge          Cell           Fanout Load Trans Delay Arrival Instance 
#                                                                               (fF)  (ps)  (ps)   (ps)  Location 
#-----------------------------------------------------------------------------------------------------------------
  BF1_1_modei_reg[2]/CLK    -       -       R     (arrival)                3513    -     0     0       0    (-,-) 
  BF1_1_modei_reg[2]/QN     -       CLK->QN F     DFFHQNx2_ASAP7_75t_SL       1  4.0    26    40      40    (-,-) 
  g48951/Y                  -       A->Y    R     INVx4_ASAP7_75t_SL          2  5.7    17    11      51    (-,-) 
  g48943__2802/Y            -       B->Y    F     NAND2x2_ASAP7_75t_SL        2  4.0    16     9      60    (-,-) 
  g48892__6260/Y            -       A->Y    F     OR2x6_ASAP7_75t_SL          7 20.2    26    28      88    (-,-) 
  g67434/Y                  -       A->Y    F     BUFx12f_ASAP7_75t_SL        4 15.0    13    18     107    (-,-) 
  g67425/Y                  -       A->Y    F     BUFx12f_ASAP7_75t_SL       12 24.0    17    18     125    (-,-) 
  g63892/Y                  -       B->Y    F     AND2x4_ASAP7_75t_SL         1  2.6    10    15     140    (-,-) 
  g63834/Y                  -       A->Y    F     OR2x6_ASAP7_75t_SL         12 22.1    27    28     168    (-,-) 
  BF2_2_mul_175_29_g17875/Y -       A->Y    R     INVx8_ASAP7_75t_SL          8 11.2    18    11     180    (-,-) 
  BF2_2_mul_175_29_g17272/Y -       B1->Y   R     AO22x1_ASAP7_75t_SL         2  3.7    31    24     204    (-,-) 
  BF2_2_mul_175_29_g16638/Y -       A2->Y   R     AO211x2_ASAP7_75t_SL        2  4.5    22    27     231    (-,-) 
  BF2_2_mul_175_29_g16331/Y -       B->Y    R     MAJx2_ASAP7_75t_SL          2  4.6    22    26     257    (-,-) 
  BF2_2_mul_175_29_g16168/Y -       B->Y    R     XNOR2x1_ASAP7_75t_SL        1  2.6    25    18     275    (-,-) 
  BF2_2_mul_175_29_g16029/Y -       A->Y    F     XNOR2x2_ASAP7_75t_SL        3  7.0    24    34     308    (-,-) 
  BF2_2_mul_175_29_g15946/Y -       B->Y    F     AND2x2_ASAP7_75t_SL         2  3.4    14    20     329    (-,-) 
  BF2_2_mul_175_29_g15849/Y -       A2->Y   F     OA21x2_ASAP7_75t_SL         2  5.2    19    23     352    (-,-) 
  BF2_2_mul_175_29_g15835/Y -       A->Y    R     INVx2_ASAP7_75t_SL          1  2.1    12     8     361    (-,-) 
  BF2_2_mul_175_29_g15756/Y -       A2->Y   R     AO21x2_ASAP7_75t_SL         2  4.5    20    20     381    (-,-) 
  BF2_2_mul_175_29_g15686/Y -       A->Y    R     XNOR2x1_ASAP7_75t_SL        1  2.5    24    19     400    (-,-) 
  BF2_2_mul_175_29_g15601/Y -       B->Y    F     XNOR2x2_ASAP7_75t_SL        2  5.4    20    31     431    (-,-) 
  BF2_2_mul_175_29_g15555/Y -       B->Y    R     NAND2x1p5_ASAP7_75t_SL      2  3.4    22    14     445    (-,-) 
  BF2_2_mul_175_29_g15516/Y -       A1->Y   R     AO21x2_ASAP7_75t_SL         2  3.4    16    18     463    (-,-) 
  BF2_2_mul_175_29_g15490/Y -       A2->Y   R     AO21x2_ASAP7_75t_SL         2  3.8    17    20     483    (-,-) 
  BF2_2_mul_175_29_g15457/Y -       A1->Y   F     AOI221x1_ASAP7_75t_SL       1  2.8    41    23     506    (-,-) 
  BF2_2_mul_175_29_g15455/Y -       B->Y    R     OAI21x1_ASAP7_75t_SL        1  4.0    33    16     522    (-,-) 
  BF2_2_mul_175_29_g15449/Y -       A->Y    R     BUFx12f_ASAP7_75t_SL       14 28.2    23    21     543    (-,-) 
  BF2_2_mul_175_29_g15421/Y -       A1->Y   F     AOI21x1_ASAP7_75t_SL        1  3.2    24    14     557    (-,-) 
  BF2_2_mul_175_29_g15418/Y -       A->Y    F     XOR2x1_ASAP7_75t_SL         1  2.1    23    20     577    (-,-) 
  BF2_2_mult_p_reg[38]/D    -       -       F     DFFHQx4_ASAP7_75t_SL        1    -     -     0     577    (-,-) 
#-----------------------------------------------------------------------------------------------------------------



Path 3: VIOLATED (-44 ps) Setup Check with Pin BF2_2_mult_p_reg[37]/CLK->D
          Group: clk
     Startpoint: (R) BF1_1_modei_reg[2]/CLK
          Clock: (R) clk
       Endpoint: (F) BF2_2_mult_p_reg[37]/D
          Clock: (R) clk

                     Capture       Launch     
        Clock Edge:+     569            0     
       Src Latency:+       0            0     
       Net Latency:+       0 (I)        0 (I) 
           Arrival:=     569            0     
                                              
             Setup:-       7                  
       Uncertainty:-      28                  
     Required Time:=     534                  
      Launch Clock:-       0                  
         Data Path:-     577                  
             Slack:=     -44                  

#----------------------------------------------------------------------------------------------------------------
#       Timing Point        Flags    Arc    Edge         Cell           Fanout Load Trans Delay Arrival Instance 
#                                                                              (fF)  (ps)  (ps)   (ps)  Location 
#----------------------------------------------------------------------------------------------------------------
  BF1_1_modei_reg[2]/CLK    -       -       R     (arrival)               3513    -     0     0       0    (-,-) 
  BF1_1_modei_reg[2]/QN     -       CLK->QN F     DFFHQNx2_ASAP7_75t_SL      1  4.0    26    40      40    (-,-) 
  g48951/Y                  -       A->Y    R     INVx4_ASAP7_75t_SL         2  5.7    17    11      51    (-,-) 
  g48943__2802/Y            -       B->Y    F     NAND2x2_ASAP7_75t_SL       2  4.0    16     9      60    (-,-) 
  g48892__6260/Y            -       A->Y    F     OR2x6_ASAP7_75t_SL         7 20.2    26    28      88    (-,-) 
  g67401/Y                  -       A->Y    F     BUFx12f_ASAP7_75t_SL       4 20.6    16    20     108    (-,-) 
  g67380/Y                  -       A->Y    F     BUFx12f_ASAP7_75t_SL       6 12.2    11    16     124    (-,-) 
  g63808/Y                  -       B2->Y   F     AO22x2_ASAP7_75t_SL        1  4.0    18    22     146    (-,-) 
  g63800/Y                  -       A->Y    F     BUFx12f_ASAP7_75t_SL      14 24.5    17    20     166    (-,-) 
  BF2_2_mul_175_29_g17876/Y -       A->Y    R     INVx8_ASAP7_75t_SL         8 11.1    15    10     176    (-,-) 
  BF2_2_mul_175_29_g17254/Y -       B1->Y   F     AOI22xp5_ASAP7_75t_SL      2  4.1    50    22     197    (-,-) 
  BF2_2_mul_175_29_g17145/Y -       A->Y    R     INVx2_ASAP7_75t_SL         1  2.7    22    14     211    (-,-) 
  BF2_2_mul_175_29_g17013/Y -       A1->Y   F     AOI22x1_ASAP7_75t_SL       2  4.4    48    15     226    (-,-) 
  BF2_2_mul_175_29_g16480/Y -       C->Y    F     MAJx2_ASAP7_75t_SL         2  3.9    18    28     254    (-,-) 
  BF2_2_mul_175_29_g16304/Y -       B->Y    R     XOR2x2_ASAP7_75t_SL        2  3.8    18    29     283    (-,-) 
  BF2_2_mul_175_29_g16127/Y -       A->Y    F     XOR2x2_ASAP7_75t_SL        1  2.5    13    21     304    (-,-) 
  BF2_2_mul_175_29_g15965/Y -       A->Y    R     XOR2x2_ASAP7_75t_SL        2  3.8    18    28     332    (-,-) 
  BF2_2_mul_175_29_g15840/Y -       A->Y    F     XOR2x2_ASAP7_75t_SL        1  3.2    15    22     354    (-,-) 
  BF2_2_mul_175_29_g15785/Y -       B->Y    F     XNOR2x1_ASAP7_75t_SL       2  3.8    24    21     374    (-,-) 
  BF2_2_mul_175_29_g15680/Y -       A->Y    R     XOR2x2_ASAP7_75t_SL        1  3.2    16    29     403    (-,-) 
  BF2_2_mul_175_29_g17962/Y -       A->Y    R     XOR2x1_ASAP7_75t_SL        2  3.9    32    22     425    (-,-) 
  BF2_2_mul_175_29_g15571/Y -       B->Y    R     AND2x4_ASAP7_75t_SL        3  5.4    14    19     444    (-,-) 
  BF2_2_mul_175_29_g15516/Y -       A2->Y   R     AO21x2_ASAP7_75t_SL        2  3.4    16    19     463    (-,-) 
  BF2_2_mul_175_29_g15490/Y -       A2->Y   R     AO21x2_ASAP7_75t_SL        2  3.8    17    20     483    (-,-) 
  BF2_2_mul_175_29_g15457/Y -       A1->Y   F     AOI221x1_ASAP7_75t_SL      1  2.8    41    23     506    (-,-) 
  BF2_2_mul_175_29_g15455/Y -       B->Y    R     OAI21x1_ASAP7_75t_SL       1  4.0    33    16     522    (-,-) 
  BF2_2_mul_175_29_g15449/Y -       A->Y    R     BUFx12f_ASAP7_75t_SL      14 28.2    23    21     543    (-,-) 
  BF2_2_mul_175_29_g15434/Y -       A1->Y   F     AOI21x1_ASAP7_75t_SL       1  3.2    24    14     557    (-,-) 
  BF2_2_mul_175_29_g15410/Y -       A->Y    F     XOR2x1_ASAP7_75t_SL        1  2.1    23    20     577    (-,-) 
  BF2_2_mult_p_reg[37]/D    -       -       F     DFFHQx4_ASAP7_75t_SL       1    -     -     0     577    (-,-) 
#----------------------------------------------------------------------------------------------------------------



Path 4: VIOLATED (-44 ps) Setup Check with Pin BF2_2_mult_p_reg[37]/CLK->D
          Group: clk
     Startpoint: (R) BF1_1_modei_reg[2]/CLK
          Clock: (R) clk
       Endpoint: (F) BF2_2_mult_p_reg[37]/D
          Clock: (R) clk

                     Capture       Launch     
        Clock Edge:+     569            0     
       Src Latency:+       0            0     
       Net Latency:+       0 (I)        0 (I) 
           Arrival:=     569            0     
                                              
             Setup:-       7                  
       Uncertainty:-      28                  
     Required Time:=     534                  
      Launch Clock:-       0                  
         Data Path:-     577                  
             Slack:=     -44                  

#-----------------------------------------------------------------------------------------------------------------
#       Timing Point        Flags    Arc    Edge          Cell           Fanout Load Trans Delay Arrival Instance 
#                                                                               (fF)  (ps)  (ps)   (ps)  Location 
#-----------------------------------------------------------------------------------------------------------------
  BF1_1_modei_reg[2]/CLK    -       -       R     (arrival)                3513    -     0     0       0    (-,-) 
  BF1_1_modei_reg[2]/QN     -       CLK->QN F     DFFHQNx2_ASAP7_75t_SL       1  4.0    26    40      40    (-,-) 
  g48951/Y                  -       A->Y    R     INVx4_ASAP7_75t_SL          2  5.7    17    11      51    (-,-) 
  g48943__2802/Y            -       B->Y    F     NAND2x2_ASAP7_75t_SL        2  4.0    16     9      60    (-,-) 
  g48892__6260/Y            -       A->Y    F     OR2x6_ASAP7_75t_SL          7 20.2    26    28      88    (-,-) 
  g67434/Y                  -       A->Y    F     BUFx12f_ASAP7_75t_SL        4 15.0    13    18     107    (-,-) 
  g67425/Y                  -       A->Y    F     BUFx12f_ASAP7_75t_SL       12 24.0    17    18     125    (-,-) 
  g63892/Y                  -       B->Y    F     AND2x4_ASAP7_75t_SL         1  2.6    10    15     140    (-,-) 
  g63834/Y                  -       A->Y    F     OR2x6_ASAP7_75t_SL         12 22.1    27    28     168    (-,-) 
  BF2_2_mul_175_29_g17875/Y -       A->Y    R     INVx8_ASAP7_75t_SL          8 11.2    18    11     180    (-,-) 
  BF2_2_mul_175_29_g17272/Y -       B1->Y   R     AO22x1_ASAP7_75t_SL         2  3.7    31    24     204    (-,-) 
  BF2_2_mul_175_29_g16638/Y -       A2->Y   R     AO211x2_ASAP7_75t_SL        2  4.5    22    27     231    (-,-) 
  BF2_2_mul_175_29_g16331/Y -       B->Y    R     MAJx2_ASAP7_75t_SL          2  4.6    22    26     257    (-,-) 
  BF2_2_mul_175_29_g16168/Y -       B->Y    R     XNOR2x1_ASAP7_75t_SL        1  2.6    25    18     275    (-,-) 
  BF2_2_mul_175_29_g16029/Y -       A->Y    F     XNOR2x2_ASAP7_75t_SL        3  7.0    24    34     308    (-,-) 
  BF2_2_mul_175_29_g15946/Y -       B->Y    F     AND2x2_ASAP7_75t_SL         2  3.4    14    20     329    (-,-) 
  BF2_2_mul_175_29_g15849/Y -       A2->Y   F     OA21x2_ASAP7_75t_SL         2  5.2    19    23     352    (-,-) 
  BF2_2_mul_175_29_g15835/Y -       A->Y    R     INVx2_ASAP7_75t_SL          1  2.1    12     8     361    (-,-) 
  BF2_2_mul_175_29_g15756/Y -       A2->Y   R     AO21x2_ASAP7_75t_SL         2  4.5    20    20     381    (-,-) 
  BF2_2_mul_175_29_g15686/Y -       A->Y    R     XNOR2x1_ASAP7_75t_SL        1  2.5    24    19     400    (-,-) 
  BF2_2_mul_175_29_g15601/Y -       B->Y    F     XNOR2x2_ASAP7_75t_SL        2  5.4    20    31     431    (-,-) 
  BF2_2_mul_175_29_g15555/Y -       B->Y    R     NAND2x1p5_ASAP7_75t_SL      2  3.4    22    14     445    (-,-) 
  BF2_2_mul_175_29_g15516/Y -       A1->Y   R     AO21x2_ASAP7_75t_SL         2  3.4    16    18     463    (-,-) 
  BF2_2_mul_175_29_g15490/Y -       A2->Y   R     AO21x2_ASAP7_75t_SL         2  3.8    17    20     483    (-,-) 
  BF2_2_mul_175_29_g15457/Y -       A1->Y   F     AOI221x1_ASAP7_75t_SL       1  2.8    41    23     506    (-,-) 
  BF2_2_mul_175_29_g15455/Y -       B->Y    R     OAI21x1_ASAP7_75t_SL        1  4.0    33    16     522    (-,-) 
  BF2_2_mul_175_29_g15449/Y -       A->Y    R     BUFx12f_ASAP7_75t_SL       14 28.2    23    21     543    (-,-) 
  BF2_2_mul_175_29_g15434/Y -       A1->Y   F     AOI21x1_ASAP7_75t_SL        1  3.2    24    14     557    (-,-) 
  BF2_2_mul_175_29_g15410/Y -       A->Y    F     XOR2x1_ASAP7_75t_SL         1  2.1    23    20     577    (-,-) 
  BF2_2_mult_p_reg[37]/D    -       -       F     DFFHQx4_ASAP7_75t_SL        1    -     -     0     577    (-,-) 
#-----------------------------------------------------------------------------------------------------------------



Path 5: VIOLATED (-44 ps) Setup Check with Pin BF2_2_mult_p_reg[34]/CLK->D
          Group: clk
     Startpoint: (R) BF1_1_modei_reg[2]/CLK
          Clock: (R) clk
       Endpoint: (F) BF2_2_mult_p_reg[34]/D
          Clock: (R) clk

                     Capture       Launch     
        Clock Edge:+     569            0     
       Src Latency:+       0            0     
       Net Latency:+       0 (I)        0 (I) 
           Arrival:=     569            0     
                                              
             Setup:-       7                  
       Uncertainty:-      28                  
     Required Time:=     534                  
      Launch Clock:-       0                  
         Data Path:-     577                  
             Slack:=     -44                  

#----------------------------------------------------------------------------------------------------------------
#       Timing Point        Flags    Arc    Edge         Cell           Fanout Load Trans Delay Arrival Instance 
#                                                                              (fF)  (ps)  (ps)   (ps)  Location 
#----------------------------------------------------------------------------------------------------------------
  BF1_1_modei_reg[2]/CLK    -       -       R     (arrival)               3513    -     0     0       0    (-,-) 
  BF1_1_modei_reg[2]/QN     -       CLK->QN F     DFFHQNx2_ASAP7_75t_SL      1  4.0    26    40      40    (-,-) 
  g48951/Y                  -       A->Y    R     INVx4_ASAP7_75t_SL         2  5.7    17    11      51    (-,-) 
  g48943__2802/Y            -       B->Y    F     NAND2x2_ASAP7_75t_SL       2  4.0    16     9      60    (-,-) 
  g48892__6260/Y            -       A->Y    F     OR2x6_ASAP7_75t_SL         7 20.2    26    28      88    (-,-) 
  g67401/Y                  -       A->Y    F     BUFx12f_ASAP7_75t_SL       4 20.6    16    20     108    (-,-) 
  g67380/Y                  -       A->Y    F     BUFx12f_ASAP7_75t_SL       6 12.2    11    16     124    (-,-) 
  g63808/Y                  -       B2->Y   F     AO22x2_ASAP7_75t_SL        1  4.0    18    22     146    (-,-) 
  g63800/Y                  -       A->Y    F     BUFx12f_ASAP7_75t_SL      14 24.5    17    20     166    (-,-) 
  BF2_2_mul_175_29_g17876/Y -       A->Y    R     INVx8_ASAP7_75t_SL         8 11.1    15    10     176    (-,-) 
  BF2_2_mul_175_29_g17254/Y -       B1->Y   F     AOI22xp5_ASAP7_75t_SL      2  4.1    50    22     197    (-,-) 
  BF2_2_mul_175_29_g17145/Y -       A->Y    R     INVx2_ASAP7_75t_SL         1  2.7    22    14     211    (-,-) 
  BF2_2_mul_175_29_g17013/Y -       A1->Y   F     AOI22x1_ASAP7_75t_SL       2  4.4    48    15     226    (-,-) 
  BF2_2_mul_175_29_g16480/Y -       C->Y    F     MAJx2_ASAP7_75t_SL         2  3.9    18    28     254    (-,-) 
  BF2_2_mul_175_29_g16304/Y -       B->Y    R     XOR2x2_ASAP7_75t_SL        2  3.8    18    29     283    (-,-) 
  BF2_2_mul_175_29_g16127/Y -       A->Y    F     XOR2x2_ASAP7_75t_SL        1  2.5    13    21     304    (-,-) 
  BF2_2_mul_175_29_g15965/Y -       A->Y    R     XOR2x2_ASAP7_75t_SL        2  3.8    18    28     332    (-,-) 
  BF2_2_mul_175_29_g15840/Y -       A->Y    F     XOR2x2_ASAP7_75t_SL        1  3.2    15    22     354    (-,-) 
  BF2_2_mul_175_29_g15785/Y -       B->Y    F     XNOR2x1_ASAP7_75t_SL       2  3.8    24    21     374    (-,-) 
  BF2_2_mul_175_29_g15680/Y -       A->Y    R     XOR2x2_ASAP7_75t_SL        1  3.2    16    29     403    (-,-) 
  BF2_2_mul_175_29_g17962/Y -       A->Y    R     XOR2x1_ASAP7_75t_SL        2  3.9    32    22     425    (-,-) 
  BF2_2_mul_175_29_g15571/Y -       B->Y    R     AND2x4_ASAP7_75t_SL        3  5.4    14    19     444    (-,-) 
  BF2_2_mul_175_29_g15516/Y -       A2->Y   R     AO21x2_ASAP7_75t_SL        2  3.4    16    19     463    (-,-) 
  BF2_2_mul_175_29_g15490/Y -       A2->Y   R     AO21x2_ASAP7_75t_SL        2  3.8    17    20     483    (-,-) 
  BF2_2_mul_175_29_g15457/Y -       A1->Y   F     AOI221x1_ASAP7_75t_SL      1  2.8    41    23     506    (-,-) 
  BF2_2_mul_175_29_g15455/Y -       B->Y    R     OAI21x1_ASAP7_75t_SL       1  4.0    33    16     522    (-,-) 
  BF2_2_mul_175_29_g15449/Y -       A->Y    R     BUFx12f_ASAP7_75t_SL      14 28.2    23    21     543    (-,-) 
  BF2_2_mul_175_29_g15422/Y -       A1->Y   F     AOI21x1_ASAP7_75t_SL       1  3.2    24    14     557    (-,-) 
  BF2_2_mul_175_29_g15413/Y -       A->Y    F     XOR2x1_ASAP7_75t_SL        1  2.1    23    20     577    (-,-) 
  BF2_2_mult_p_reg[34]/D    -       -       F     DFFHQx4_ASAP7_75t_SL       1    -     -     0     577    (-,-) 
#----------------------------------------------------------------------------------------------------------------



Path 6: VIOLATED (-44 ps) Setup Check with Pin BF2_2_mult_p_reg[34]/CLK->D
          Group: clk
     Startpoint: (R) BF1_1_modei_reg[2]/CLK
          Clock: (R) clk
       Endpoint: (F) BF2_2_mult_p_reg[34]/D
          Clock: (R) clk

                     Capture       Launch     
        Clock Edge:+     569            0     
       Src Latency:+       0            0     
       Net Latency:+       0 (I)        0 (I) 
           Arrival:=     569            0     
                                              
             Setup:-       7                  
       Uncertainty:-      28                  
     Required Time:=     534                  
      Launch Clock:-       0                  
         Data Path:-     577                  
             Slack:=     -44                  

#-----------------------------------------------------------------------------------------------------------------
#       Timing Point        Flags    Arc    Edge          Cell           Fanout Load Trans Delay Arrival Instance 
#                                                                               (fF)  (ps)  (ps)   (ps)  Location 
#-----------------------------------------------------------------------------------------------------------------
  BF1_1_modei_reg[2]/CLK    -       -       R     (arrival)                3513    -     0     0       0    (-,-) 
  BF1_1_modei_reg[2]/QN     -       CLK->QN F     DFFHQNx2_ASAP7_75t_SL       1  4.0    26    40      40    (-,-) 
  g48951/Y                  -       A->Y    R     INVx4_ASAP7_75t_SL          2  5.7    17    11      51    (-,-) 
  g48943__2802/Y            -       B->Y    F     NAND2x2_ASAP7_75t_SL        2  4.0    16     9      60    (-,-) 
  g48892__6260/Y            -       A->Y    F     OR2x6_ASAP7_75t_SL          7 20.2    26    28      88    (-,-) 
  g67434/Y                  -       A->Y    F     BUFx12f_ASAP7_75t_SL        4 15.0    13    18     107    (-,-) 
  g67425/Y                  -       A->Y    F     BUFx12f_ASAP7_75t_SL       12 24.0    17    18     125    (-,-) 
  g63892/Y                  -       B->Y    F     AND2x4_ASAP7_75t_SL         1  2.6    10    15     140    (-,-) 
  g63834/Y                  -       A->Y    F     OR2x6_ASAP7_75t_SL         12 22.1    27    28     168    (-,-) 
  BF2_2_mul_175_29_g17875/Y -       A->Y    R     INVx8_ASAP7_75t_SL          8 11.2    18    11     180    (-,-) 
  BF2_2_mul_175_29_g17272/Y -       B1->Y   R     AO22x1_ASAP7_75t_SL         2  3.7    31    24     204    (-,-) 
  BF2_2_mul_175_29_g16638/Y -       A2->Y   R     AO211x2_ASAP7_75t_SL        2  4.5    22    27     231    (-,-) 
  BF2_2_mul_175_29_g16331/Y -       B->Y    R     MAJx2_ASAP7_75t_SL          2  4.6    22    26     257    (-,-) 
  BF2_2_mul_175_29_g16168/Y -       B->Y    R     XNOR2x1_ASAP7_75t_SL        1  2.6    25    18     275    (-,-) 
  BF2_2_mul_175_29_g16029/Y -       A->Y    F     XNOR2x2_ASAP7_75t_SL        3  7.0    24    34     308    (-,-) 
  BF2_2_mul_175_29_g15946/Y -       B->Y    F     AND2x2_ASAP7_75t_SL         2  3.4    14    20     329    (-,-) 
  BF2_2_mul_175_29_g15849/Y -       A2->Y   F     OA21x2_ASAP7_75t_SL         2  5.2    19    23     352    (-,-) 
  BF2_2_mul_175_29_g15835/Y -       A->Y    R     INVx2_ASAP7_75t_SL          1  2.1    12     8     361    (-,-) 
  BF2_2_mul_175_29_g15756/Y -       A2->Y   R     AO21x2_ASAP7_75t_SL         2  4.5    20    20     381    (-,-) 
  BF2_2_mul_175_29_g15686/Y -       A->Y    R     XNOR2x1_ASAP7_75t_SL        1  2.5    24    19     400    (-,-) 
  BF2_2_mul_175_29_g15601/Y -       B->Y    F     XNOR2x2_ASAP7_75t_SL        2  5.4    20    31     431    (-,-) 
  BF2_2_mul_175_29_g15555/Y -       B->Y    R     NAND2x1p5_ASAP7_75t_SL      2  3.4    22    14     445    (-,-) 
  BF2_2_mul_175_29_g15516/Y -       A1->Y   R     AO21x2_ASAP7_75t_SL         2  3.4    16    18     463    (-,-) 
  BF2_2_mul_175_29_g15490/Y -       A2->Y   R     AO21x2_ASAP7_75t_SL         2  3.8    17    20     483    (-,-) 
  BF2_2_mul_175_29_g15457/Y -       A1->Y   F     AOI221x1_ASAP7_75t_SL       1  2.8    41    23     506    (-,-) 
  BF2_2_mul_175_29_g15455/Y -       B->Y    R     OAI21x1_ASAP7_75t_SL        1  4.0    33    16     522    (-,-) 
  BF2_2_mul_175_29_g15449/Y -       A->Y    R     BUFx12f_ASAP7_75t_SL       14 28.2    23    21     543    (-,-) 
  BF2_2_mul_175_29_g15422/Y -       A1->Y   F     AOI21x1_ASAP7_75t_SL        1  3.2    24    14     557    (-,-) 
  BF2_2_mul_175_29_g15413/Y -       A->Y    F     XOR2x1_ASAP7_75t_SL         1  2.1    23    20     577    (-,-) 
  BF2_2_mult_p_reg[34]/D    -       -       F     DFFHQx4_ASAP7_75t_SL        1    -     -     0     577    (-,-) 
#-----------------------------------------------------------------------------------------------------------------



Path 7: VIOLATED (-44 ps) Setup Check with Pin BF2_2_mult_p_reg[33]/CLK->D
          Group: clk
     Startpoint: (R) BF1_1_modei_reg[2]/CLK
          Clock: (R) clk
       Endpoint: (F) BF2_2_mult_p_reg[33]/D
          Clock: (R) clk

                     Capture       Launch     
        Clock Edge:+     569            0     
       Src Latency:+       0            0     
       Net Latency:+       0 (I)        0 (I) 
           Arrival:=     569            0     
                                              
             Setup:-       7                  
       Uncertainty:-      28                  
     Required Time:=     534                  
      Launch Clock:-       0                  
         Data Path:-     577                  
             Slack:=     -44                  

#----------------------------------------------------------------------------------------------------------------
#       Timing Point        Flags    Arc    Edge         Cell           Fanout Load Trans Delay Arrival Instance 
#                                                                              (fF)  (ps)  (ps)   (ps)  Location 
#----------------------------------------------------------------------------------------------------------------
  BF1_1_modei_reg[2]/CLK    -       -       R     (arrival)               3513    -     0     0       0    (-,-) 
  BF1_1_modei_reg[2]/QN     -       CLK->QN F     DFFHQNx2_ASAP7_75t_SL      1  4.0    26    40      40    (-,-) 
  g48951/Y                  -       A->Y    R     INVx4_ASAP7_75t_SL         2  5.7    17    11      51    (-,-) 
  g48943__2802/Y            -       B->Y    F     NAND2x2_ASAP7_75t_SL       2  4.0    16     9      60    (-,-) 
  g48892__6260/Y            -       A->Y    F     OR2x6_ASAP7_75t_SL         7 20.2    26    28      88    (-,-) 
  g67401/Y                  -       A->Y    F     BUFx12f_ASAP7_75t_SL       4 20.6    16    20     108    (-,-) 
  g67380/Y                  -       A->Y    F     BUFx12f_ASAP7_75t_SL       6 12.2    11    16     124    (-,-) 
  g63808/Y                  -       B2->Y   F     AO22x2_ASAP7_75t_SL        1  4.0    18    22     146    (-,-) 
  g63800/Y                  -       A->Y    F     BUFx12f_ASAP7_75t_SL      14 24.5    17    20     166    (-,-) 
  BF2_2_mul_175_29_g17876/Y -       A->Y    R     INVx8_ASAP7_75t_SL         8 11.1    15    10     176    (-,-) 
  BF2_2_mul_175_29_g17254/Y -       B1->Y   F     AOI22xp5_ASAP7_75t_SL      2  4.1    50    22     197    (-,-) 
  BF2_2_mul_175_29_g17145/Y -       A->Y    R     INVx2_ASAP7_75t_SL         1  2.7    22    14     211    (-,-) 
  BF2_2_mul_175_29_g17013/Y -       A1->Y   F     AOI22x1_ASAP7_75t_SL       2  4.4    48    15     226    (-,-) 
  BF2_2_mul_175_29_g16480/Y -       C->Y    F     MAJx2_ASAP7_75t_SL         2  3.9    18    28     254    (-,-) 
  BF2_2_mul_175_29_g16304/Y -       B->Y    R     XOR2x2_ASAP7_75t_SL        2  3.8    18    29     283    (-,-) 
  BF2_2_mul_175_29_g16127/Y -       A->Y    F     XOR2x2_ASAP7_75t_SL        1  2.5    13    21     304    (-,-) 
  BF2_2_mul_175_29_g15965/Y -       A->Y    R     XOR2x2_ASAP7_75t_SL        2  3.8    18    28     332    (-,-) 
  BF2_2_mul_175_29_g15840/Y -       A->Y    F     XOR2x2_ASAP7_75t_SL        1  3.2    15    22     354    (-,-) 
  BF2_2_mul_175_29_g15785/Y -       B->Y    F     XNOR2x1_ASAP7_75t_SL       2  3.8    24    21     374    (-,-) 
  BF2_2_mul_175_29_g15680/Y -       A->Y    R     XOR2x2_ASAP7_75t_SL        1  3.2    16    29     403    (-,-) 
  BF2_2_mul_175_29_g17962/Y -       A->Y    R     XOR2x1_ASAP7_75t_SL        2  3.9    32    22     425    (-,-) 
  BF2_2_mul_175_29_g15571/Y -       B->Y    R     AND2x4_ASAP7_75t_SL        3  5.4    14    19     444    (-,-) 
  BF2_2_mul_175_29_g15516/Y -       A2->Y   R     AO21x2_ASAP7_75t_SL        2  3.4    16    19     463    (-,-) 
  BF2_2_mul_175_29_g15490/Y -       A2->Y   R     AO21x2_ASAP7_75t_SL        2  3.8    17    20     483    (-,-) 
  BF2_2_mul_175_29_g15457/Y -       A1->Y   F     AOI221x1_ASAP7_75t_SL      1  2.8    41    23     506    (-,-) 
  BF2_2_mul_175_29_g15455/Y -       B->Y    R     OAI21x1_ASAP7_75t_SL       1  4.0    33    16     522    (-,-) 
  BF2_2_mul_175_29_g15449/Y -       A->Y    R     BUFx12f_ASAP7_75t_SL      14 28.2    23    21     543    (-,-) 
  BF2_2_mul_175_29_g15426/Y -       A1->Y   F     AOI21x1_ASAP7_75t_SL       1  3.2    24    14     557    (-,-) 
  BF2_2_mul_175_29_g15414/Y -       A->Y    F     XOR2x1_ASAP7_75t_SL        1  2.1    23    20     577    (-,-) 
  BF2_2_mult_p_reg[33]/D    -       -       F     DFFHQx4_ASAP7_75t_SL       1    -     -     0     577    (-,-) 
#----------------------------------------------------------------------------------------------------------------



Path 8: VIOLATED (-44 ps) Setup Check with Pin BF2_2_mult_p_reg[33]/CLK->D
          Group: clk
     Startpoint: (R) BF1_1_modei_reg[2]/CLK
          Clock: (R) clk
       Endpoint: (F) BF2_2_mult_p_reg[33]/D
          Clock: (R) clk

                     Capture       Launch     
        Clock Edge:+     569            0     
       Src Latency:+       0            0     
       Net Latency:+       0 (I)        0 (I) 
           Arrival:=     569            0     
                                              
             Setup:-       7                  
       Uncertainty:-      28                  
     Required Time:=     534                  
      Launch Clock:-       0                  
         Data Path:-     577                  
             Slack:=     -44                  

#-----------------------------------------------------------------------------------------------------------------
#       Timing Point        Flags    Arc    Edge          Cell           Fanout Load Trans Delay Arrival Instance 
#                                                                               (fF)  (ps)  (ps)   (ps)  Location 
#-----------------------------------------------------------------------------------------------------------------
  BF1_1_modei_reg[2]/CLK    -       -       R     (arrival)                3513    -     0     0       0    (-,-) 
  BF1_1_modei_reg[2]/QN     -       CLK->QN F     DFFHQNx2_ASAP7_75t_SL       1  4.0    26    40      40    (-,-) 
  g48951/Y                  -       A->Y    R     INVx4_ASAP7_75t_SL          2  5.7    17    11      51    (-,-) 
  g48943__2802/Y            -       B->Y    F     NAND2x2_ASAP7_75t_SL        2  4.0    16     9      60    (-,-) 
  g48892__6260/Y            -       A->Y    F     OR2x6_ASAP7_75t_SL          7 20.2    26    28      88    (-,-) 
  g67434/Y                  -       A->Y    F     BUFx12f_ASAP7_75t_SL        4 15.0    13    18     107    (-,-) 
  g67425/Y                  -       A->Y    F     BUFx12f_ASAP7_75t_SL       12 24.0    17    18     125    (-,-) 
  g63892/Y                  -       B->Y    F     AND2x4_ASAP7_75t_SL         1  2.6    10    15     140    (-,-) 
  g63834/Y                  -       A->Y    F     OR2x6_ASAP7_75t_SL         12 22.1    27    28     168    (-,-) 
  BF2_2_mul_175_29_g17875/Y -       A->Y    R     INVx8_ASAP7_75t_SL          8 11.2    18    11     180    (-,-) 
  BF2_2_mul_175_29_g17272/Y -       B1->Y   R     AO22x1_ASAP7_75t_SL         2  3.7    31    24     204    (-,-) 
  BF2_2_mul_175_29_g16638/Y -       A2->Y   R     AO211x2_ASAP7_75t_SL        2  4.5    22    27     231    (-,-) 
  BF2_2_mul_175_29_g16331/Y -       B->Y    R     MAJx2_ASAP7_75t_SL          2  4.6    22    26     257    (-,-) 
  BF2_2_mul_175_29_g16168/Y -       B->Y    R     XNOR2x1_ASAP7_75t_SL        1  2.6    25    18     275    (-,-) 
  BF2_2_mul_175_29_g16029/Y -       A->Y    F     XNOR2x2_ASAP7_75t_SL        3  7.0    24    34     308    (-,-) 
  BF2_2_mul_175_29_g15946/Y -       B->Y    F     AND2x2_ASAP7_75t_SL         2  3.4    14    20     329    (-,-) 
  BF2_2_mul_175_29_g15849/Y -       A2->Y   F     OA21x2_ASAP7_75t_SL         2  5.2    19    23     352    (-,-) 
  BF2_2_mul_175_29_g15835/Y -       A->Y    R     INVx2_ASAP7_75t_SL          1  2.1    12     8     361    (-,-) 
  BF2_2_mul_175_29_g15756/Y -       A2->Y   R     AO21x2_ASAP7_75t_SL         2  4.5    20    20     381    (-,-) 
  BF2_2_mul_175_29_g15686/Y -       A->Y    R     XNOR2x1_ASAP7_75t_SL        1  2.5    24    19     400    (-,-) 
  BF2_2_mul_175_29_g15601/Y -       B->Y    F     XNOR2x2_ASAP7_75t_SL        2  5.4    20    31     431    (-,-) 
  BF2_2_mul_175_29_g15555/Y -       B->Y    R     NAND2x1p5_ASAP7_75t_SL      2  3.4    22    14     445    (-,-) 
  BF2_2_mul_175_29_g15516/Y -       A1->Y   R     AO21x2_ASAP7_75t_SL         2  3.4    16    18     463    (-,-) 
  BF2_2_mul_175_29_g15490/Y -       A2->Y   R     AO21x2_ASAP7_75t_SL         2  3.8    17    20     483    (-,-) 
  BF2_2_mul_175_29_g15457/Y -       A1->Y   F     AOI221x1_ASAP7_75t_SL       1  2.8    41    23     506    (-,-) 
  BF2_2_mul_175_29_g15455/Y -       B->Y    R     OAI21x1_ASAP7_75t_SL        1  4.0    33    16     522    (-,-) 
  BF2_2_mul_175_29_g15449/Y -       A->Y    R     BUFx12f_ASAP7_75t_SL       14 28.2    23    21     543    (-,-) 
  BF2_2_mul_175_29_g15426/Y -       A1->Y   F     AOI21x1_ASAP7_75t_SL        1  3.2    24    14     557    (-,-) 
  BF2_2_mul_175_29_g15414/Y -       A->Y    F     XOR2x1_ASAP7_75t_SL         1  2.1    23    20     577    (-,-) 
  BF2_2_mult_p_reg[33]/D    -       -       F     DFFHQx4_ASAP7_75t_SL        1    -     -     0     577    (-,-) 
#-----------------------------------------------------------------------------------------------------------------



Path 9: VIOLATED (-44 ps) Setup Check with Pin BF2_2_mult_p_reg[39]/CLK->D
          Group: clk
     Startpoint: (R) BF1_1_modei_reg[2]/CLK
          Clock: (R) clk
       Endpoint: (F) BF2_2_mult_p_reg[39]/D
          Clock: (R) clk

                     Capture       Launch     
        Clock Edge:+     569            0     
       Src Latency:+       0            0     
       Net Latency:+       0 (I)        0 (I) 
           Arrival:=     569            0     
                                              
             Setup:-       7                  
       Uncertainty:-      28                  
     Required Time:=     534                  
      Launch Clock:-       0                  
         Data Path:-     577                  
             Slack:=     -44                  

#----------------------------------------------------------------------------------------------------------------
#       Timing Point        Flags    Arc    Edge         Cell           Fanout Load Trans Delay Arrival Instance 
#                                                                              (fF)  (ps)  (ps)   (ps)  Location 
#----------------------------------------------------------------------------------------------------------------
  BF1_1_modei_reg[2]/CLK    -       -       R     (arrival)               3513    -     0     0       0    (-,-) 
  BF1_1_modei_reg[2]/QN     -       CLK->QN F     DFFHQNx2_ASAP7_75t_SL      1  4.0    26    40      40    (-,-) 
  g48951/Y                  -       A->Y    R     INVx4_ASAP7_75t_SL         2  5.7    17    11      51    (-,-) 
  g48943__2802/Y            -       B->Y    F     NAND2x2_ASAP7_75t_SL       2  4.0    16     9      60    (-,-) 
  g48892__6260/Y            -       A->Y    F     OR2x6_ASAP7_75t_SL         7 20.2    26    28      88    (-,-) 
  g67401/Y                  -       A->Y    F     BUFx12f_ASAP7_75t_SL       4 20.6    16    20     108    (-,-) 
  g67380/Y                  -       A->Y    F     BUFx12f_ASAP7_75t_SL       6 12.2    11    16     124    (-,-) 
  g63808/Y                  -       B2->Y   F     AO22x2_ASAP7_75t_SL        1  4.0    18    22     146    (-,-) 
  g63800/Y                  -       A->Y    F     BUFx12f_ASAP7_75t_SL      14 24.5    17    20     166    (-,-) 
  BF2_2_mul_175_29_g17876/Y -       A->Y    R     INVx8_ASAP7_75t_SL         8 11.1    15    10     176    (-,-) 
  BF2_2_mul_175_29_g17254/Y -       B1->Y   F     AOI22xp5_ASAP7_75t_SL      2  4.1    50    22     197    (-,-) 
  BF2_2_mul_175_29_g17145/Y -       A->Y    R     INVx2_ASAP7_75t_SL         1  2.7    22    14     211    (-,-) 
  BF2_2_mul_175_29_g17013/Y -       A1->Y   F     AOI22x1_ASAP7_75t_SL       2  4.4    48    15     226    (-,-) 
  BF2_2_mul_175_29_g16480/Y -       C->Y    F     MAJx2_ASAP7_75t_SL         2  3.9    18    28     254    (-,-) 
  BF2_2_mul_175_29_g16304/Y -       B->Y    R     XOR2x2_ASAP7_75t_SL        2  3.8    18    29     283    (-,-) 
  BF2_2_mul_175_29_g16127/Y -       A->Y    F     XOR2x2_ASAP7_75t_SL        1  2.5    13    21     304    (-,-) 
  BF2_2_mul_175_29_g15965/Y -       A->Y    R     XOR2x2_ASAP7_75t_SL        2  3.8    18    28     332    (-,-) 
  BF2_2_mul_175_29_g15840/Y -       A->Y    F     XOR2x2_ASAP7_75t_SL        1  3.2    15    22     354    (-,-) 
  BF2_2_mul_175_29_g15785/Y -       B->Y    F     XNOR2x1_ASAP7_75t_SL       2  3.8    24    21     374    (-,-) 
  BF2_2_mul_175_29_g15680/Y -       A->Y    R     XOR2x2_ASAP7_75t_SL        1  3.2    16    29     403    (-,-) 
  BF2_2_mul_175_29_g17962/Y -       A->Y    R     XOR2x1_ASAP7_75t_SL        2  3.9    32    22     425    (-,-) 
  BF2_2_mul_175_29_g15571/Y -       B->Y    R     AND2x4_ASAP7_75t_SL        3  5.4    14    19     444    (-,-) 
  BF2_2_mul_175_29_g15516/Y -       A2->Y   R     AO21x2_ASAP7_75t_SL        2  3.4    16    19     463    (-,-) 
  BF2_2_mul_175_29_g15490/Y -       A2->Y   R     AO21x2_ASAP7_75t_SL        2  3.8    17    20     483    (-,-) 
  BF2_2_mul_175_29_g15457/Y -       A1->Y   F     AOI221x1_ASAP7_75t_SL      1  2.8    41    23     506    (-,-) 
  BF2_2_mul_175_29_g15455/Y -       B->Y    R     OAI21x1_ASAP7_75t_SL       1  4.0    33    16     522    (-,-) 
  BF2_2_mul_175_29_g15449/Y -       A->Y    R     BUFx12f_ASAP7_75t_SL      14 28.2    23    21     543    (-,-) 
  BF2_2_mul_175_29_g15437/Y -       A1->Y   F     AOI21x1_ASAP7_75t_SL       1  3.2    24    14     557    (-,-) 
  BF2_2_mul_175_29_g15409/Y -       A->Y    F     XOR2x1_ASAP7_75t_SL        1  2.1    23    20     577    (-,-) 
  BF2_2_mult_p_reg[39]/D    -       -       F     DFFHQx4_ASAP7_75t_SL       1    -     -     0     577    (-,-) 
#----------------------------------------------------------------------------------------------------------------



Path 10: VIOLATED (-44 ps) Setup Check with Pin BF2_2_mult_p_reg[39]/CLK->D
          Group: clk
     Startpoint: (R) BF1_1_modei_reg[2]/CLK
          Clock: (R) clk
       Endpoint: (F) BF2_2_mult_p_reg[39]/D
          Clock: (R) clk

                     Capture       Launch     
        Clock Edge:+     569            0     
       Src Latency:+       0            0     
       Net Latency:+       0 (I)        0 (I) 
           Arrival:=     569            0     
                                              
             Setup:-       7                  
       Uncertainty:-      28                  
     Required Time:=     534                  
      Launch Clock:-       0                  
         Data Path:-     577                  
             Slack:=     -44                  

#-----------------------------------------------------------------------------------------------------------------
#       Timing Point        Flags    Arc    Edge          Cell           Fanout Load Trans Delay Arrival Instance 
#                                                                               (fF)  (ps)  (ps)   (ps)  Location 
#-----------------------------------------------------------------------------------------------------------------
  BF1_1_modei_reg[2]/CLK    -       -       R     (arrival)                3513    -     0     0       0    (-,-) 
  BF1_1_modei_reg[2]/QN     -       CLK->QN F     DFFHQNx2_ASAP7_75t_SL       1  4.0    26    40      40    (-,-) 
  g48951/Y                  -       A->Y    R     INVx4_ASAP7_75t_SL          2  5.7    17    11      51    (-,-) 
  g48943__2802/Y            -       B->Y    F     NAND2x2_ASAP7_75t_SL        2  4.0    16     9      60    (-,-) 
  g48892__6260/Y            -       A->Y    F     OR2x6_ASAP7_75t_SL          7 20.2    26    28      88    (-,-) 
  g67434/Y                  -       A->Y    F     BUFx12f_ASAP7_75t_SL        4 15.0    13    18     107    (-,-) 
  g67425/Y                  -       A->Y    F     BUFx12f_ASAP7_75t_SL       12 24.0    17    18     125    (-,-) 
  g63892/Y                  -       B->Y    F     AND2x4_ASAP7_75t_SL         1  2.6    10    15     140    (-,-) 
  g63834/Y                  -       A->Y    F     OR2x6_ASAP7_75t_SL         12 22.1    27    28     168    (-,-) 
  BF2_2_mul_175_29_g17875/Y -       A->Y    R     INVx8_ASAP7_75t_SL          8 11.2    18    11     180    (-,-) 
  BF2_2_mul_175_29_g17272/Y -       B1->Y   R     AO22x1_ASAP7_75t_SL         2  3.7    31    24     204    (-,-) 
  BF2_2_mul_175_29_g16638/Y -       A2->Y   R     AO211x2_ASAP7_75t_SL        2  4.5    22    27     231    (-,-) 
  BF2_2_mul_175_29_g16331/Y -       B->Y    R     MAJx2_ASAP7_75t_SL          2  4.6    22    26     257    (-,-) 
  BF2_2_mul_175_29_g16168/Y -       B->Y    R     XNOR2x1_ASAP7_75t_SL        1  2.6    25    18     275    (-,-) 
  BF2_2_mul_175_29_g16029/Y -       A->Y    F     XNOR2x2_ASAP7_75t_SL        3  7.0    24    34     308    (-,-) 
  BF2_2_mul_175_29_g15946/Y -       B->Y    F     AND2x2_ASAP7_75t_SL         2  3.4    14    20     329    (-,-) 
  BF2_2_mul_175_29_g15849/Y -       A2->Y   F     OA21x2_ASAP7_75t_SL         2  5.2    19    23     352    (-,-) 
  BF2_2_mul_175_29_g15835/Y -       A->Y    R     INVx2_ASAP7_75t_SL          1  2.1    12     8     361    (-,-) 
  BF2_2_mul_175_29_g15756/Y -       A2->Y   R     AO21x2_ASAP7_75t_SL         2  4.5    20    20     381    (-,-) 
  BF2_2_mul_175_29_g15686/Y -       A->Y    R     XNOR2x1_ASAP7_75t_SL        1  2.5    24    19     400    (-,-) 
  BF2_2_mul_175_29_g15601/Y -       B->Y    F     XNOR2x2_ASAP7_75t_SL        2  5.4    20    31     431    (-,-) 
  BF2_2_mul_175_29_g15555/Y -       B->Y    R     NAND2x1p5_ASAP7_75t_SL      2  3.4    22    14     445    (-,-) 
  BF2_2_mul_175_29_g15516/Y -       A1->Y   R     AO21x2_ASAP7_75t_SL         2  3.4    16    18     463    (-,-) 
  BF2_2_mul_175_29_g15490/Y -       A2->Y   R     AO21x2_ASAP7_75t_SL         2  3.8    17    20     483    (-,-) 
  BF2_2_mul_175_29_g15457/Y -       A1->Y   F     AOI221x1_ASAP7_75t_SL       1  2.8    41    23     506    (-,-) 
  BF2_2_mul_175_29_g15455/Y -       B->Y    R     OAI21x1_ASAP7_75t_SL        1  4.0    33    16     522    (-,-) 
  BF2_2_mul_175_29_g15449/Y -       A->Y    R     BUFx12f_ASAP7_75t_SL       14 28.2    23    21     543    (-,-) 
  BF2_2_mul_175_29_g15437/Y -       A1->Y   F     AOI21x1_ASAP7_75t_SL        1  3.2    24    14     557    (-,-) 
  BF2_2_mul_175_29_g15409/Y -       A->Y    F     XOR2x1_ASAP7_75t_SL         1  2.1    23    20     577    (-,-) 
  BF2_2_mult_p_reg[39]/D    -       -       F     DFFHQx4_ASAP7_75t_SL        1    -     -     0     577    (-,-) 
#-----------------------------------------------------------------------------------------------------------------



Path 11: VIOLATED (-43 ps) Setup Check with Pin BF1_2_mult_p_reg[43]/CLK->D
          Group: clk
     Startpoint: (R) BF1_1_modei_reg[2]/CLK
          Clock: (R) clk
       Endpoint: (R) BF1_2_mult_p_reg[43]/D
          Clock: (R) clk

                     Capture       Launch     
        Clock Edge:+     569            0     
       Src Latency:+       0            0     
       Net Latency:+       0 (I)        0 (I) 
           Arrival:=     569            0     
                                              
             Setup:-       9                  
       Uncertainty:-      28                  
     Required Time:=     531                  
      Launch Clock:-       0                  
         Data Path:-     575                  
             Slack:=     -43                  

#-----------------------------------------------------------------------------------------------------------------
#       Timing Point        Flags    Arc    Edge          Cell           Fanout Load Trans Delay Arrival Instance 
#                                                                               (fF)  (ps)  (ps)   (ps)  Location 
#-----------------------------------------------------------------------------------------------------------------
  BF1_1_modei_reg[2]/CLK    -       -       R     (arrival)                3513    -     0     0       0    (-,-) 
  BF1_1_modei_reg[2]/QN     -       CLK->QN F     DFFHQNx2_ASAP7_75t_SL       1  4.0    26    40      40    (-,-) 
  g48951/Y                  -       A->Y    R     INVx4_ASAP7_75t_SL          2  5.7    17    11      51    (-,-) 
  g48943__2802/Y            -       B->Y    F     NAND2x2_ASAP7_75t_SL        2  4.0    16     9      60    (-,-) 
  g48892__6260/Y            -       A->Y    F     OR2x6_ASAP7_75t_SL          7 20.2    26    28      88    (-,-) 
  g50468/Y                  -       A->Y    F     BUFx12f_ASAP7_75t_SL        5 18.8    15    20     108    (-,-) 
  g50462/Y                  -       A->Y    F     BUFx6f_ASAP7_75t_SL         8 14.1    17    19     127    (-,-) 
  g49748__1705/Y            -       B->Y    F     AND2x2_ASAP7_75t_SL         1  2.6    13    18     144    (-,-) 
  g49634__3680/Y            -       A->Y    F     OR2x6_ASAP7_75t_SL         14 27.8    32    31     176    (-,-) 
  BF1_2_mul_175_29_g17830/Y -       A->Y    R     INVx8_ASAP7_75t_SL          6  9.7    18    11     187    (-,-) 
  BF1_2_mul_175_29_g17439/Y -       B2->Y   R     AO22x2_ASAP7_75t_SL         2  3.5    19    21     208    (-,-) 
  BF1_2_mul_175_29_g16928/Y -       A2->Y   R     AO22x2_ASAP7_75t_SL         2  4.4    21    24     232    (-,-) 
  BF1_2_mul_175_29_g16656/Y -       A->Y    R     XNOR2x1_ASAP7_75t_SL        1  3.1    31    20     252    (-,-) 
  BF1_2_mul_175_29_g16372/Y -       A->Y    R     XNOR2x1_ASAP7_75t_SL        2  4.9    40    24     276    (-,-) 
  BF1_2_mul_175_29_g16236/Y -       A->Y    R     XNOR2x1_ASAP7_75t_SL        1  3.1    32    23     298    (-,-) 
  BF1_2_mul_175_29_g16070/Y -       A->Y    R     XNOR2x1_ASAP7_75t_SL        2  4.4    37    24     322    (-,-) 
  BF1_2_mul_175_29_g16042/Y -       A->Y    F     INVx2_ASAP7_75t_SL          1  2.1    15     7     330    (-,-) 
  BF1_2_mul_175_29_g15912/Y -       A->Y    F     MAJx2_ASAP7_75t_SL          2  5.0    19    25     355    (-,-) 
  BF1_2_mul_175_29_g15777/Y -       C->Y    F     MAJx2_ASAP7_75t_SL          2  4.3    18    25     379    (-,-) 
  BF1_2_mul_175_29_g15683/Y -       A->Y    F     XOR2x2_ASAP7_75t_SL         1  3.2    15    23     402    (-,-) 
  BF1_2_mul_175_29_g15599/Y -       B->Y    F     XNOR2x1_ASAP7_75t_SL        2  3.4    22    20     422    (-,-) 
  BF1_2_mul_175_29_g15550/Y -       B->Y    F     OR2x2_ASAP7_75t_SL          3  6.4    22    26     449    (-,-) 
  BF1_2_mul_175_29_g15524/Y -       A->Y    R     NAND2x1p5_ASAP7_75t_SL      2  4.6    27    18     466    (-,-) 
  BF1_2_mul_175_29_g15487/Y -       A2->Y   F     OAI21x1_ASAP7_75t_SL        2  3.9    27    14     480    (-,-) 
  BF1_2_mul_175_29_g15457/Y -       B1->Y   R     AOI221x1_ASAP7_75t_SL       1  2.8    37    20     500    (-,-) 
  BF1_2_mul_175_29_g15455/Y -       B->Y    F     OAI21x1_ASAP7_75t_SL        1  4.0    30    18     518    (-,-) 
  BF1_2_mul_175_29_g15449/Y -       A->Y    F     BUFx12f_ASAP7_75t_SL       14 28.2    20    23     540    (-,-) 
  BF1_2_mul_175_29_g15436/Y -       A1->Y   R     AOI21x1_ASAP7_75t_SL        1  3.2    32    15     556    (-,-) 
  BF1_2_mul_175_29_g15405/Y -       A->Y    R     XOR2x1_ASAP7_75t_SL         1  2.1    25    19     575    (-,-) 
  BF1_2_mult_p_reg[43]/D    -       -       R     DFFHQx4_ASAP7_75t_SL        1    -     -     0     575    (-,-) 
#-----------------------------------------------------------------------------------------------------------------



Path 12: VIOLATED (-43 ps) Setup Check with Pin BF1_2_mult_p_reg[43]/CLK->D
          Group: clk
     Startpoint: (R) BF1_1_modei_reg[2]/CLK
          Clock: (R) clk
       Endpoint: (R) BF1_2_mult_p_reg[43]/D
          Clock: (R) clk

                     Capture       Launch     
        Clock Edge:+     569            0     
       Src Latency:+       0            0     
       Net Latency:+       0 (I)        0 (I) 
           Arrival:=     569            0     
                                              
             Setup:-       9                  
       Uncertainty:-      28                  
     Required Time:=     531                  
      Launch Clock:-       0                  
         Data Path:-     575                  
             Slack:=     -43                  

#----------------------------------------------------------------------------------------------------------------
#       Timing Point        Flags    Arc    Edge         Cell           Fanout Load Trans Delay Arrival Instance 
#                                                                              (fF)  (ps)  (ps)   (ps)  Location 
#----------------------------------------------------------------------------------------------------------------
  BF1_1_modei_reg[2]/CLK    -       -       R     (arrival)               3513    -     0     0       0    (-,-) 
  BF1_1_modei_reg[2]/QN     -       CLK->QN R     DFFHQNx2_ASAP7_75t_SL      1  4.0    26    41      41    (-,-) 
  g48951/Y                  -       A->Y    F     INVx4_ASAP7_75t_SL         2  5.7    14     9      50    (-,-) 
  g48943__2802/Y            -       B->Y    R     NAND2x2_ASAP7_75t_SL       2  4.0    21    12      62    (-,-) 
  g48892__6260/Y            -       A->Y    R     OR2x6_ASAP7_75t_SL         7 20.2    28    27      89    (-,-) 
  g50468/Y                  -       A->Y    R     BUFx12f_ASAP7_75t_SL       5 18.8    17    18     108    (-,-) 
  g50460/Y                  -       A->Y    F     INVx8_ASAP7_75t_SL         4  9.9    12     7     115    (-,-) 
  g50455/Y                  -       A->Y    R     INVx4_ASAP7_75t_SL         6  8.7    18    11     126    (-,-) 
  g49399__5107/Y            -       B2->Y   R     AO22x2_ASAP7_75t_SL        1  4.0    19    22     147    (-,-) 
  g49394/Y                  -       A->Y    R     BUFx12f_ASAP7_75t_SL      15 29.2    23    20     168    (-,-) 
  BF1_2_mul_175_29_g17829/Y -       A->Y    F     INVx11_ASAP7_75t_SL        8 12.4    14     8     176    (-,-) 
  BF1_2_mul_175_29_g17214/Y -       A2->Y   R     OAI22x1_ASAP7_75t_SL       2  3.5    34    17     193    (-,-) 
  BF1_2_mul_175_29_g17111/Y -       A->Y    F     INVx1_ASAP7_75t_SL         1  2.1    20    12     204    (-,-) 
  BF1_2_mul_175_29_g16800/Y -       A2->Y   F     OA22x2_ASAP7_75t_SL        2  3.9    18    24     228    (-,-) 
  BF1_2_mul_175_29_g16572/Y -       A->Y    R     XNOR2x2_ASAP7_75t_SL       1  2.6    14    23     251    (-,-) 
  BF1_2_mul_175_29_g17991/Y -       A->Y    F     XNOR2x2_ASAP7_75t_SL       2  5.0    19    30     280    (-,-) 
  BF1_2_mul_175_29_g16159/Y -       C->Y    F     MAJx2_ASAP7_75t_SL         2  4.5    18    25     305    (-,-) 
  BF1_2_mul_175_29_g16002/Y -       B->Y    R     XOR2x2_ASAP7_75t_SL        1  2.6    14    27     333    (-,-) 
  BF1_2_mul_175_29_g15887/Y -       B->Y    F     XOR2x2_ASAP7_75t_SL        2  5.0    20    23     356    (-,-) 
  BF1_2_mul_175_29_g15806/Y -       A->Y    F     XNOR2x1_ASAP7_75t_SL       1  3.2    23    20     376    (-,-) 
  BF1_2_mul_175_29_g15728/Y -       B->Y    F     XNOR2x1_ASAP7_75t_SL       2  4.5    30    24     400    (-,-) 
  BF1_2_mul_175_29_g15597/Y -       A->Y    F     XNOR2x1_ASAP7_75t_SL       2  4.4    31    24     424    (-,-) 
  BF1_2_mul_175_29_g15552/Y -       A->Y    F     OR2x6_ASAP7_75t_SL         3  5.2    13    24     448    (-,-) 
  BF1_2_mul_175_29_g15513/Y -       A2->Y   R     AOI21x1_ASAP7_75t_SL       2  4.7    36    18     466    (-,-) 
  BF1_2_mul_175_29_g15487/Y -       A1->Y   F     OAI21x1_ASAP7_75t_SL       2  3.9    27    14     480    (-,-) 
  BF1_2_mul_175_29_g15457/Y -       B1->Y   R     AOI221x1_ASAP7_75t_SL      1  2.8    37    20     500    (-,-) 
  BF1_2_mul_175_29_g15455/Y -       B->Y    F     OAI21x1_ASAP7_75t_SL       1  4.0    30    18     518    (-,-) 
  BF1_2_mul_175_29_g15449/Y -       A->Y    F     BUFx12f_ASAP7_75t_SL      14 28.2    20    23     540    (-,-) 
  BF1_2_mul_175_29_g15436/Y -       A1->Y   R     AOI21x1_ASAP7_75t_SL       1  3.2    32    15     556    (-,-) 
  BF1_2_mul_175_29_g15405/Y -       A->Y    R     XOR2x1_ASAP7_75t_SL        1  2.1    25    19     575    (-,-) 
  BF1_2_mult_p_reg[43]/D    -       -       R     DFFHQx4_ASAP7_75t_SL       1    -     -     0     575    (-,-) 
#----------------------------------------------------------------------------------------------------------------



Path 13: VIOLATED (-43 ps) Setup Check with Pin BF2_1_mult_p_reg[29]/CLK->D
          Group: clk
     Startpoint: (R) BF1_1_modei_reg[2]/CLK
          Clock: (R) clk
       Endpoint: (R) BF2_1_mult_p_reg[29]/D
          Clock: (R) clk

                     Capture       Launch     
        Clock Edge:+     569            0     
       Src Latency:+       0            0     
       Net Latency:+       0 (I)        0 (I) 
           Arrival:=     569            0     
                                              
             Setup:-      10                  
       Uncertainty:-      28                  
     Required Time:=     531                  
      Launch Clock:-       0                  
         Data Path:-     574                  
             Slack:=     -43                  

#----------------------------------------------------------------------------------------------------------------
#       Timing Point        Flags    Arc    Edge         Cell           Fanout Load Trans Delay Arrival Instance 
#                                                                              (fF)  (ps)  (ps)   (ps)  Location 
#----------------------------------------------------------------------------------------------------------------
  BF1_1_modei_reg[2]/CLK    -       -       R     (arrival)               3513    -     0     0       0    (-,-) 
  BF1_1_modei_reg[2]/QN     -       CLK->QN R     DFFHQNx2_ASAP7_75t_SL      1  4.0    26    41      41    (-,-) 
  g48951/Y                  -       A->Y    F     INVx4_ASAP7_75t_SL         2  5.7    14     9      50    (-,-) 
  g48943__2802/Y            -       B->Y    R     NAND2x2_ASAP7_75t_SL       2  4.0    21    12      62    (-,-) 
  g48892__6260/Y            -       A->Y    R     OR2x6_ASAP7_75t_SL         7 20.2    28    27      89    (-,-) 
  g67401/Y                  -       A->Y    R     BUFx12f_ASAP7_75t_SL       4 20.6    18    19     108    (-,-) 
  g67375/Y                  -       A->Y    R     BUFx6f_ASAP7_75t_SL        8 11.3    16    18     126    (-,-) 
  g65864/Y                  -       B2->Y   R     AO22x2_ASAP7_75t_SL        1  4.0    19    21     147    (-,-) 
  g65754/Y                  -       A->Y    R     BUFx12f_ASAP7_75t_SL      15 26.5    21    20     167    (-,-) 
  BF2_1_mul_175_29_g17878/Y -       A->Y    F     INVx8_ASAP7_75t_SL         8 11.0    14     8     175    (-,-) 
  BF2_1_mul_175_29_g17568/Y -       B2->Y   F     AO22x1_ASAP7_75t_SL        2  3.9    27    27     202    (-,-) 
  BF2_1_mul_175_29_g17388/Y -       A->Y    R     INVx2_ASAP7_75t_L          1  2.7    17    13     215    (-,-) 
  BF2_1_mul_175_29_g16970/Y -       A1->Y   F     OAI22x1_ASAP7_75t_SL       2  4.6    40    17     232    (-,-) 
  BF2_1_mul_175_29_g16642/Y -       B->Y    F     XNOR2x1_ASAP7_75t_SL       1  3.2    28    24     255    (-,-) 
  BF2_1_mul_175_29_g16452/Y -       A->Y    F     XNOR2x1_ASAP7_75t_SL       2  4.5    35    24     279    (-,-) 
  BF2_1_mul_175_29_g16253/Y -       A->Y    F     XNOR2x1_ASAP7_75t_SL       1  3.2    25    22     301    (-,-) 
  BF2_1_mul_175_29_g16109/Y -       A->Y    F     XNOR2x1_ASAP7_75t_SL       2  4.3    39    23     324    (-,-) 
  BF2_1_mul_175_29_g15956/Y -       A->Y    F     XOR2x2_ASAP7_75t_SL        1  2.6    14    27     351    (-,-) 
  BF2_1_mul_175_29_g15855/Y -       B->Y    R     XOR2x2_ASAP7_75t_SL        2  4.5    20    30     381    (-,-) 
  BF2_1_mul_175_29_g15777/Y -       B->Y    R     XNOR2x1_ASAP7_75t_SL       1  3.2    29    19     400    (-,-) 
  BF2_1_mul_175_29_g15692/Y -       B->Y    R     XNOR2x1_ASAP7_75t_SL       2  5.2    41    22     422    (-,-) 
  fopt69106/Y               -       A->Y    F     INVx3_ASAP7_75t_SL         2  3.5    16     8     431    (-,-) 
  BF2_1_mul_175_29_g15580/Y -       A2->Y   F     AO21x2_ASAP7_75t_SL        2  3.8    16    22     452    (-,-) 
  BF2_1_mul_175_29_g15504/Y -       A2->Y   F     AO31x2_ASAP7_75t_SL        1  2.6    11    16     468    (-,-) 
  BF2_1_mul_175_29_g15479/Y -       A2->Y   R     AOI21x1_ASAP7_75t_SL       1  2.6    27    13     481    (-,-) 
  BF2_1_mul_175_29_g15469/Y -       A->Y    R     AND3x4_ASAP7_75t_SL        2  5.2    16    23     504    (-,-) 
  fopt69230/Y               -       A->Y    F     INVx3_ASAP7_75t_SL         3  5.3    14     9     513    (-,-) 
  BF2_1_mul_175_29_g15454/Y -       A2->Y   R     AOI21x1_ASAP7_75t_SL       2  5.3    40    20     533    (-,-) 
  BF2_1_mul_175_29_g15448/Y -       A->Y    F     INVx4_ASAP7_75t_SL         2  5.1    17     9     542    (-,-) 
  BF2_1_mul_175_29_g15427/Y -       A1->Y   R     AOI21x1_ASAP7_75t_SL       1  3.2    29    15     556    (-,-) 
  BF2_1_mul_175_29_g15416/Y -       B->Y    R     XNOR2x1_ASAP7_75t_SL       1  2.1    34    18     574    (-,-) 
  BF2_1_mult_p_reg[29]/D    -       -       R     DFFHQx4_ASAP7_75t_SL       1    -     -     0     574    (-,-) 
#----------------------------------------------------------------------------------------------------------------



Path 14: VIOLATED (-43 ps) Setup Check with Pin BF2_1_mult_p_reg[29]/CLK->D
          Group: clk
     Startpoint: (R) BF1_1_modei_reg[2]/CLK
          Clock: (R) clk
       Endpoint: (R) BF2_1_mult_p_reg[29]/D
          Clock: (R) clk

                     Capture       Launch     
        Clock Edge:+     569            0     
       Src Latency:+       0            0     
       Net Latency:+       0 (I)        0 (I) 
           Arrival:=     569            0     
                                              
             Setup:-      10                  
       Uncertainty:-      28                  
     Required Time:=     531                  
      Launch Clock:-       0                  
         Data Path:-     574                  
             Slack:=     -43                  

#------------------------------------------------------------------------------------------------------------------
#       Timing Point        Flags    Arc    Edge          Cell            Fanout Load Trans Delay Arrival Instance 
#                                                                                (fF)  (ps)  (ps)   (ps)  Location 
#------------------------------------------------------------------------------------------------------------------
  BF1_1_modei_reg[2]/CLK    -       -       R     (arrival)                 3513    -     0     0       0    (-,-) 
  BF1_1_modei_reg[2]/QN     -       CLK->QN F     DFFHQNx2_ASAP7_75t_SL        1  4.0    26    40      40    (-,-) 
  g48951/Y                  -       A->Y    R     INVx4_ASAP7_75t_SL           2  5.7    17    11      51    (-,-) 
  g48943__2802/Y            -       B->Y    F     NAND2x2_ASAP7_75t_SL         2  4.0    16     9      60    (-,-) 
  g48892__6260/Y            -       A->Y    F     OR2x6_ASAP7_75t_SL           7 20.2    26    28      88    (-,-) 
  g67434/Y                  -       A->Y    F     BUFx12f_ASAP7_75t_SL         4 15.0    13    18     107    (-,-) 
  g67428/Y                  -       A->Y    R     INVx6_ASAP7_75t_SL          13 21.2    27    15     122    (-,-) 
  g65868/Y                  -       A2->Y   R     AO22x2_ASAP7_75t_SL          1  4.0    19    24     146    (-,-) 
  g65757/Y                  -       A->Y    R     BUFx16f_ASAP7_75t_SL        30 52.8    33    26     172    (-,-) 
  BF2_1_mul_175_29_g17879/Y -       A->Y    F     CKINVDCx16_ASAP7_75t_SL     18 28.0    20    12     184    (-,-) 
  BF2_1_mul_175_29_g17203/Y -       B->Y    F     XNOR2xp5_ASAP7_75t_SL        1  2.1    36    22     206    (-,-) 
  BF2_1_mul_175_29_g17058/Y -       A2->Y   R     AOI22xp5_ASAP7_75t_SL        2  4.5    70    34     241    (-,-) 
  BF2_1_mul_175_29_g16489/Y -       B->Y    R     MAJx2_ASAP7_75t_SL           2  4.1    20    30     271    (-,-) 
  BF2_1_mul_175_29_g16267/Y -       B->Y    F     MAJIxp5_ASAP7_75t_SL         2  5.1    55    30     301    (-,-) 
  BF2_1_mul_175_29_g16060/Y -       B->Y    F     XNOR2x1_ASAP7_75t_SL         1  3.2    33    26     326    (-,-) 
  BF2_1_mul_175_29_g15990/Y -       A->Y    F     XNOR2x1_ASAP7_75t_SL         2  3.9    27    23     350    (-,-) 
  BF2_1_mul_175_29_g15855/Y -       A->Y    R     XOR2x2_ASAP7_75t_SL          2  4.5    20    31     381    (-,-) 
  BF2_1_mul_175_29_g15777/Y -       B->Y    R     XNOR2x1_ASAP7_75t_SL         1  3.2    29    19     400    (-,-) 
  BF2_1_mul_175_29_g15692/Y -       B->Y    R     XNOR2x1_ASAP7_75t_SL         2  5.2    41    22     422    (-,-) 
  fopt69106/Y               -       A->Y    F     INVx3_ASAP7_75t_SL           2  3.5    16     8     431    (-,-) 
  BF2_1_mul_175_29_g15580/Y -       A2->Y   F     AO21x2_ASAP7_75t_SL          2  3.8    16    22     452    (-,-) 
  BF2_1_mul_175_29_g15504/Y -       A2->Y   F     AO31x2_ASAP7_75t_SL          1  2.6    11    16     468    (-,-) 
  BF2_1_mul_175_29_g15479/Y -       A2->Y   R     AOI21x1_ASAP7_75t_SL         1  2.6    27    13     481    (-,-) 
  BF2_1_mul_175_29_g15469/Y -       A->Y    R     AND3x4_ASAP7_75t_SL          2  5.2    16    23     504    (-,-) 
  fopt69230/Y               -       A->Y    F     INVx3_ASAP7_75t_SL           3  5.3    14     9     513    (-,-) 
  BF2_1_mul_175_29_g15454/Y -       A2->Y   R     AOI21x1_ASAP7_75t_SL         2  5.3    40    20     533    (-,-) 
  BF2_1_mul_175_29_g15448/Y -       A->Y    F     INVx4_ASAP7_75t_SL           2  5.1    17     9     542    (-,-) 
  BF2_1_mul_175_29_g15427/Y -       A1->Y   R     AOI21x1_ASAP7_75t_SL         1  3.2    29    15     556    (-,-) 
  BF2_1_mul_175_29_g15416/Y -       B->Y    R     XNOR2x1_ASAP7_75t_SL         1  2.1    34    18     574    (-,-) 
  BF2_1_mult_p_reg[29]/D    -       -       R     DFFHQx4_ASAP7_75t_SL         1    -     -     0     574    (-,-) 
#------------------------------------------------------------------------------------------------------------------



Path 15: VIOLATED (-43 ps) Setup Check with Pin BF2_2_mult_p_reg[45]/CLK->D
          Group: clk
     Startpoint: (R) BF1_1_modei_reg[2]/CLK
          Clock: (R) clk
       Endpoint: (R) BF2_2_mult_p_reg[45]/D
          Clock: (R) clk

                     Capture       Launch     
        Clock Edge:+     569            0     
       Src Latency:+       0            0     
       Net Latency:+       0 (I)        0 (I) 
           Arrival:=     569            0     
                                              
             Setup:-       9                  
       Uncertainty:-      28                  
     Required Time:=     531                  
      Launch Clock:-       0                  
         Data Path:-     575                  
             Slack:=     -43                  

#----------------------------------------------------------------------------------------------------------------
#       Timing Point        Flags    Arc    Edge         Cell           Fanout Load Trans Delay Arrival Instance 
#                                                                              (fF)  (ps)  (ps)   (ps)  Location 
#----------------------------------------------------------------------------------------------------------------
  BF1_1_modei_reg[2]/CLK    -       -       R     (arrival)               3513    -     0     0       0    (-,-) 
  BF1_1_modei_reg[2]/QN     -       CLK->QN F     DFFHQNx2_ASAP7_75t_SL      1  4.0    26    40      40    (-,-) 
  g48951/Y                  -       A->Y    R     INVx4_ASAP7_75t_SL         2  5.7    17    11      51    (-,-) 
  g48943__2802/Y            -       B->Y    F     NAND2x2_ASAP7_75t_SL       2  4.0    16     9      60    (-,-) 
  g48892__6260/Y            -       A->Y    F     OR2x6_ASAP7_75t_SL         7 20.2    26    28      88    (-,-) 
  g67434/Y                  -       A->Y    F     BUFx12f_ASAP7_75t_SL       4 15.0    13    18     107    (-,-) 
  g67425/Y                  -       A->Y    F     BUFx12f_ASAP7_75t_SL      12 24.0    17    18     125    (-,-) 
  g67432/Y                  -       A->Y    R     INVx8_ASAP7_75t_SL         7 11.1    15    10     135    (-,-) 
  g63910/Y                  -       A2->Y   R     AO22x2_ASAP7_75t_SL        1  4.0    19    22     157    (-,-) 
  g63900/Y                  -       A->Y    R     BUFx12f_ASAP7_75t_SL      14 24.7    20    19     176    (-,-) 
  BF2_2_mul_175_29_g17873/Y -       A->Y    F     INVx4_ASAP7_75t_SL         4  5.9    13     8     184    (-,-) 
  BF2_2_mul_175_29_g17558/Y -       B1->Y   R     AOI22xp5_ASAP7_75t_SL      2  3.4    57    26     210    (-,-) 
  BF2_2_mul_175_29_g16818/Y -       B2->Y   R     OA22x2_ASAP7_75t_SL        2  3.8    19    22     232    (-,-) 
  BF2_2_mul_175_29_g16660/Y -       B->Y    F     XNOR2x2_ASAP7_75t_SL       1  3.2    15    27     259    (-,-) 
  BF2_2_mul_175_29_g16348/Y -       B->Y    F     XNOR2x1_ASAP7_75t_SL       2  3.9    25    21     280    (-,-) 
  BF2_2_mul_175_29_g16050/Y -       A->Y    F     MAJx2_ASAP7_75t_SL         2  5.2    20    28     308    (-,-) 
  BF2_2_mul_175_29_g16032/Y -       A->Y    R     INVx4_ASAP7_75t_SL         3  5.6    15    10     318    (-,-) 
  BF2_2_mul_175_29_g15898/Y -       B->Y    F     XOR2x2_ASAP7_75t_SL        1  2.5    13    20     338    (-,-) 
  BF2_2_mul_175_29_g15830/Y -       A->Y    R     XOR2x2_ASAP7_75t_SL        2  4.4    20    29     366    (-,-) 
  BF2_2_mul_175_29_g15815/Y -       A->Y    F     INVx2_ASAP7_75t_SL         1  2.1    11     7     373    (-,-) 
  BF2_2_mul_175_29_g15733/Y -       A->Y    F     MAJx2_ASAP7_75t_SL         2  4.9    20    24     397    (-,-) 
  BF2_2_mul_175_29_g17962/Y -       B->Y    F     XOR2x1_ASAP7_75t_SL        2  3.9    27    23     420    (-,-) 
  BF2_2_mul_175_29_g15571/Y -       B->Y    F     AND2x4_ASAP7_75t_SL        3  5.4    12    20     440    (-,-) 
  BF2_2_mul_175_29_g15516/Y -       A2->Y   F     AO21x2_ASAP7_75t_SL        2  3.4    15    20     460    (-,-) 
  BF2_2_mul_175_29_g15490/Y -       A2->Y   F     AO21x2_ASAP7_75t_SL        2  3.9    16    21     481    (-,-) 
  BF2_2_mul_175_29_g15457/Y -       A1->Y   R     AOI221x1_ASAP7_75t_SL      1  2.8    36    18     500    (-,-) 
  BF2_2_mul_175_29_g15455/Y -       B->Y    F     OAI21x1_ASAP7_75t_SL       1  4.0    30    18     518    (-,-) 
  BF2_2_mul_175_29_g15449/Y -       A->Y    F     BUFx12f_ASAP7_75t_SL      14 28.2    20    23     540    (-,-) 
  BF2_2_mul_175_29_g15420/Y -       A1->Y   R     AOI21x1_ASAP7_75t_SL       1  3.2    30    15     556    (-,-) 
  BF2_2_mul_175_29_g15407/Y -       A->Y    R     XOR2x1_ASAP7_75t_SL        1  2.1    25    19     575    (-,-) 
  BF2_2_mult_p_reg[45]/D    -       -       R     DFFHQx4_ASAP7_75t_SL       1    -     -     0     575    (-,-) 
#----------------------------------------------------------------------------------------------------------------



Path 16: VIOLATED (-43 ps) Setup Check with Pin BF2_2_mult_p_reg[45]/CLK->D
          Group: clk
     Startpoint: (R) BF1_1_modei_reg[2]/CLK
          Clock: (R) clk
       Endpoint: (R) BF2_2_mult_p_reg[45]/D
          Clock: (R) clk

                     Capture       Launch     
        Clock Edge:+     569            0     
       Src Latency:+       0            0     
       Net Latency:+       0 (I)        0 (I) 
           Arrival:=     569            0     
                                              
             Setup:-       9                  
       Uncertainty:-      28                  
     Required Time:=     531                  
      Launch Clock:-       0                  
         Data Path:-     575                  
             Slack:=     -43                  

#----------------------------------------------------------------------------------------------------------------
#       Timing Point        Flags    Arc    Edge         Cell           Fanout Load Trans Delay Arrival Instance 
#                                                                              (fF)  (ps)  (ps)   (ps)  Location 
#----------------------------------------------------------------------------------------------------------------
  BF1_1_modei_reg[2]/CLK    -       -       R     (arrival)               3513    -     0     0       0    (-,-) 
  BF1_1_modei_reg[2]/QN     -       CLK->QN F     DFFHQNx2_ASAP7_75t_SL      1  4.0    26    40      40    (-,-) 
  g48951/Y                  -       A->Y    R     INVx4_ASAP7_75t_SL         2  5.7    17    11      51    (-,-) 
  g48943__2802/Y            -       B->Y    F     NAND2x2_ASAP7_75t_SL       2  4.0    16     9      60    (-,-) 
  g48892__6260/Y            -       A->Y    F     OR2x6_ASAP7_75t_SL         7 20.2    26    28      88    (-,-) 
  g67434/Y                  -       A->Y    F     BUFx12f_ASAP7_75t_SL       4 15.0    13    18     107    (-,-) 
  g67425/Y                  -       A->Y    F     BUFx12f_ASAP7_75t_SL      12 24.0    17    18     125    (-,-) 
  g67432/Y                  -       A->Y    R     INVx8_ASAP7_75t_SL         7 11.1    15    10     135    (-,-) 
  g63910/Y                  -       A2->Y   R     AO22x2_ASAP7_75t_SL        1  4.0    19    22     157    (-,-) 
  g63900/Y                  -       A->Y    R     BUFx12f_ASAP7_75t_SL      14 24.7    20    19     176    (-,-) 
  BF2_2_mul_175_29_g17873/Y -       A->Y    F     INVx4_ASAP7_75t_SL         4  5.9    13     8     184    (-,-) 
  BF2_2_mul_175_29_g17532/Y -       B2->Y   F     AO22x1_ASAP7_75t_SL        2  4.1    28    27     212    (-,-) 
  BF2_2_mul_175_29_g16995/Y -       B2->Y   F     AO22x2_ASAP7_75t_SL        2  4.4    19    26     238    (-,-) 
  BF2_2_mul_175_29_g16479/Y -       A->Y    R     MAJIxp5_ASAP7_75t_SL       2  4.0    60    30     268    (-,-) 
  BF2_2_mul_175_29_g16462/Y -       A->Y    F     INVx1_ASAP7_75t_SL         1  2.1    26    13     282    (-,-) 
  BF2_2_mul_175_29_g16322/Y -       A->Y    F     MAJx2_ASAP7_75t_SL         2  4.5    20    27     308    (-,-) 
  BF2_2_mul_175_29_g16083/Y -       B->Y    F     XNOR2x1_ASAP7_75t_SL       2  4.6    29    24     332    (-,-) 
  BF2_2_mul_175_29_g15847/Y -       A->Y    F     XNOR2x1_ASAP7_75t_SL       1  2.5    22    20     352    (-,-) 
  BF2_2_mul_175_29_g17970/Y -       A->Y    R     XOR2x2_ASAP7_75t_SL        2  4.5    20    30     382    (-,-) 
  BF2_2_mul_175_29_g15683/Y -       A->Y    R     XNOR2x1_ASAP7_75t_SL       1  2.4    24    19     401    (-,-) 
  BF2_2_mul_175_29_g17967/Y -       A->Y    F     XOR2x2_ASAP7_75t_SL        2  4.4    18    24     425    (-,-) 
  BF2_2_mul_175_29_g15556/Y -       A->Y    F     OR2x6_ASAP7_75t_SL         4  7.6    14    22     448    (-,-) 
  BF2_2_mul_175_29_g15521/Y -       B->Y    F     AND2x4_ASAP7_75t_SL        2  5.1    12    17     464    (-,-) 
  BF2_2_mul_175_29_g15494/Y -       C->Y    R     NAND3x1_ASAP7_75t_SL       1  2.6    30    18     482    (-,-) 
  BF2_2_mul_175_29_g15469/Y -       C->Y    R     AND3x4_ASAP7_75t_SL        2  5.8    17    22     505    (-,-) 
  BF2_2_mul_175_29_g15455/Y -       A2->Y   F     OAI21x1_ASAP7_75t_SL       1  4.0    30    13     518    (-,-) 
  BF2_2_mul_175_29_g15449/Y -       A->Y    F     BUFx12f_ASAP7_75t_SL      14 28.2    20    23     540    (-,-) 
  BF2_2_mul_175_29_g15420/Y -       A1->Y   R     AOI21x1_ASAP7_75t_SL       1  3.2    30    15     556    (-,-) 
  BF2_2_mul_175_29_g15407/Y -       A->Y    R     XOR2x1_ASAP7_75t_SL        1  2.1    25    19     575    (-,-) 
  BF2_2_mult_p_reg[45]/D    -       -       R     DFFHQx4_ASAP7_75t_SL       1    -     -     0     575    (-,-) 
#----------------------------------------------------------------------------------------------------------------



Path 17: VIOLATED (-43 ps) Setup Check with Pin BF2_2_mult_p_reg[45]/CLK->D
          Group: clk
     Startpoint: (R) BF1_1_modei_reg[2]/CLK
          Clock: (R) clk
       Endpoint: (R) BF2_2_mult_p_reg[45]/D
          Clock: (R) clk

                     Capture       Launch     
        Clock Edge:+     569            0     
       Src Latency:+       0            0     
       Net Latency:+       0 (I)        0 (I) 
           Arrival:=     569            0     
                                              
             Setup:-       9                  
       Uncertainty:-      28                  
     Required Time:=     531                  
      Launch Clock:-       0                  
         Data Path:-     575                  
             Slack:=     -43                  

#----------------------------------------------------------------------------------------------------------------
#       Timing Point        Flags    Arc    Edge         Cell           Fanout Load Trans Delay Arrival Instance 
#                                                                              (fF)  (ps)  (ps)   (ps)  Location 
#----------------------------------------------------------------------------------------------------------------
  BF1_1_modei_reg[2]/CLK    -       -       R     (arrival)               3513    -     0     0       0    (-,-) 
  BF1_1_modei_reg[2]/QN     -       CLK->QN R     DFFHQNx2_ASAP7_75t_SL      1  4.0    26    41      41    (-,-) 
  g48951/Y                  -       A->Y    F     INVx4_ASAP7_75t_SL         2  5.7    14     9      50    (-,-) 
  g48943__2802/Y            -       B->Y    R     NAND2x2_ASAP7_75t_SL       2  4.0    21    12      62    (-,-) 
  g48892__6260/Y            -       A->Y    R     OR2x6_ASAP7_75t_SL         7 20.2    28    27      89    (-,-) 
  g67401/Y                  -       A->Y    R     BUFx12f_ASAP7_75t_SL       4 20.6    18    19     108    (-,-) 
  g67375/Y                  -       A->Y    R     BUFx6f_ASAP7_75t_SL        8 11.3    16    18     126    (-,-) 
  g63952/Y                  -       B2->Y   R     AO22x2_ASAP7_75t_SL        1  4.0    19    21     147    (-,-) 
  g63943/Y                  -       A->Y    R     BUFx12f_ASAP7_75t_SL      15 26.5    21    20     167    (-,-) 
  BF2_2_mul_175_29_g17878/Y -       A->Y    F     INVx8_ASAP7_75t_SL         8 11.0    14     8     175    (-,-) 
  BF2_2_mul_175_29_g17568/Y -       B2->Y   F     AO22x1_ASAP7_75t_SL        2  3.9    27    27     202    (-,-) 
  BF2_2_mul_175_29_g17388/Y -       A->Y    R     INVx2_ASAP7_75t_L          1  2.7    17    13     215    (-,-) 
  BF2_2_mul_175_29_g16970/Y -       A1->Y   F     OAI22x1_ASAP7_75t_SL       2  4.6    40    17     232    (-,-) 
  BF2_2_mul_175_29_g16642/Y -       B->Y    F     XNOR2x1_ASAP7_75t_SL       1  3.2    28    24     255    (-,-) 
  BF2_2_mul_175_29_g16452/Y -       A->Y    F     XNOR2x1_ASAP7_75t_SL       2  4.5    35    24     279    (-,-) 
  BF2_2_mul_175_29_g16253/Y -       A->Y    F     XNOR2x1_ASAP7_75t_SL       1  3.2    25    22     301    (-,-) 
  BF2_2_mul_175_29_g16109/Y -       A->Y    F     XNOR2x1_ASAP7_75t_SL       2  4.3    39    23     324    (-,-) 
  BF2_2_mul_175_29_g15956/Y -       A->Y    F     XOR2x2_ASAP7_75t_SL        1  2.6    14    27     351    (-,-) 
  BF2_2_mul_175_29_g15855/Y -       B->Y    R     XOR2x2_ASAP7_75t_SL        2  4.5    20    30     381    (-,-) 
  BF2_2_mul_175_29_g15777/Y -       B->Y    R     XNOR2x1_ASAP7_75t_SL       1  3.2    29    19     400    (-,-) 
  BF2_2_mul_175_29_g15692/Y -       B->Y    R     XNOR2x1_ASAP7_75t_SL       2  5.2    41    22     422    (-,-) 
  fopt69193/Y               -       A->Y    F     INVx3_ASAP7_75t_SL         2  3.5    16     8     431    (-,-) 
  BF2_2_mul_175_29_g15580/Y -       A2->Y   F     AO21x2_ASAP7_75t_SL        2  3.8    16    22     452    (-,-) 
  BF2_2_mul_175_29_g15504/Y -       A2->Y   F     AO31x2_ASAP7_75t_SL        1  2.6    11    16     468    (-,-) 
  BF2_2_mul_175_29_g15479/Y -       A2->Y   R     AOI21x1_ASAP7_75t_SL       1  2.6    27    13     481    (-,-) 
  BF2_2_mul_175_29_g15469/Y -       A->Y    R     AND3x4_ASAP7_75t_SL        2  5.8    17    24     505    (-,-) 
  BF2_2_mul_175_29_g15455/Y -       A2->Y   F     OAI21x1_ASAP7_75t_SL       1  4.0    30    13     518    (-,-) 
  BF2_2_mul_175_29_g15449/Y -       A->Y    F     BUFx12f_ASAP7_75t_SL      14 28.2    20    23     540    (-,-) 
  BF2_2_mul_175_29_g15420/Y -       A1->Y   R     AOI21x1_ASAP7_75t_SL       1  3.2    30    15     556    (-,-) 
  BF2_2_mul_175_29_g15407/Y -       A->Y    R     XOR2x1_ASAP7_75t_SL        1  2.1    25    19     575    (-,-) 
  BF2_2_mult_p_reg[45]/D    -       -       R     DFFHQx4_ASAP7_75t_SL       1    -     -     0     575    (-,-) 
#----------------------------------------------------------------------------------------------------------------



Path 18: VIOLATED (-43 ps) Setup Check with Pin BF2_2_mult_p_reg[45]/CLK->D
          Group: clk
     Startpoint: (R) BF1_1_modei_reg[2]/CLK
          Clock: (R) clk
       Endpoint: (R) BF2_2_mult_p_reg[45]/D
          Clock: (R) clk

                     Capture       Launch     
        Clock Edge:+     569            0     
       Src Latency:+       0            0     
       Net Latency:+       0 (I)        0 (I) 
           Arrival:=     569            0     
                                              
             Setup:-       9                  
       Uncertainty:-      28                  
     Required Time:=     531                  
      Launch Clock:-       0                  
         Data Path:-     575                  
             Slack:=     -43                  

#----------------------------------------------------------------------------------------------------------------
#       Timing Point        Flags    Arc    Edge         Cell           Fanout Load Trans Delay Arrival Instance 
#                                                                              (fF)  (ps)  (ps)   (ps)  Location 
#----------------------------------------------------------------------------------------------------------------
  BF1_1_modei_reg[2]/CLK    -       -       R     (arrival)               3513    -     0     0       0    (-,-) 
  BF1_1_modei_reg[2]/QN     -       CLK->QN F     DFFHQNx2_ASAP7_75t_SL      1  4.0    26    40      40    (-,-) 
  g48951/Y                  -       A->Y    R     INVx4_ASAP7_75t_SL         2  5.7    17    11      51    (-,-) 
  g48943__2802/Y            -       B->Y    F     NAND2x2_ASAP7_75t_SL       2  4.0    16     9      60    (-,-) 
  g48892__6260/Y            -       A->Y    F     OR2x6_ASAP7_75t_SL         7 20.2    26    28      88    (-,-) 
  g67434/Y                  -       A->Y    F     BUFx12f_ASAP7_75t_SL       4 15.0    13    18     107    (-,-) 
  g67418/Y                  -       A->Y    F     BUFx12f_ASAP7_75t_SL       6 16.3    13    16     123    (-,-) 
  g67417/Y                  -       A->Y    R     INVx4_ASAP7_75t_SL         4  6.1    14     9     132    (-,-) 
  g63835/Y                  -       A2->Y   R     AO22x2_ASAP7_75t_SL        1  4.0    20    22     154    (-,-) 
  g63825/Y                  -       A->Y    R     BUFx12f_ASAP7_75t_SL      15 26.5    21    20     174    (-,-) 
  BF2_2_mul_175_29_g17667/Y -       A->Y    F     INVx8_ASAP7_75t_SL         9 13.3    15     9     183    (-,-) 
  BF2_2_mul_175_29_g17475/Y -       B2->Y   F     AO22x1_ASAP7_75t_SL        2  4.7    31    29     212    (-,-) 
  BF2_2_mul_175_29_g16813/Y -       A1->Y   R     AOI22x1_ASAP7_75t_SL       2  5.1    45    26     238    (-,-) 
  BF2_2_mul_175_29_g16474/Y -       B->Y    R     XNOR2x1_ASAP7_75t_SL       1  2.4    29    19     258    (-,-) 
  BF2_2_mul_175_29_g16304/Y -       A->Y    F     XOR2x2_ASAP7_75t_SL        2  3.9    17    24     281    (-,-) 
  BF2_2_mul_175_29_g16127/Y -       A->Y    R     XOR2x2_ASAP7_75t_SL        1  2.4    13    26     307    (-,-) 
  BF2_2_mul_175_29_g15965/Y -       A->Y    F     XOR2x2_ASAP7_75t_SL        2  3.9    16    22     330    (-,-) 
  BF2_2_mul_175_29_g15840/Y -       A->Y    R     XOR2x2_ASAP7_75t_SL        1  3.2    16    27     357    (-,-) 
  BF2_2_mul_175_29_g15785/Y -       B->Y    R     XNOR2x1_ASAP7_75t_SL       2  3.7    32    19     376    (-,-) 
  BF2_2_mul_175_29_g15680/Y -       A->Y    F     XOR2x2_ASAP7_75t_SL        1  3.2    15    23     399    (-,-) 
  BF2_2_mul_175_29_g17962/Y -       A->Y    F     XOR2x1_ASAP7_75t_SL        2  3.9    27    21     420    (-,-) 
  BF2_2_mul_175_29_g15571/Y -       B->Y    F     AND2x4_ASAP7_75t_SL        3  5.4    12    20     440    (-,-) 
  BF2_2_mul_175_29_g15516/Y -       A2->Y   F     AO21x2_ASAP7_75t_SL        2  3.4    15    20     460    (-,-) 
  BF2_2_mul_175_29_g15490/Y -       A2->Y   F     AO21x2_ASAP7_75t_SL        2  3.9    16    21     481    (-,-) 
  BF2_2_mul_175_29_g15457/Y -       A1->Y   R     AOI221x1_ASAP7_75t_SL      1  2.8    36    18     500    (-,-) 
  BF2_2_mul_175_29_g15455/Y -       B->Y    F     OAI21x1_ASAP7_75t_SL       1  4.0    30    18     518    (-,-) 
  BF2_2_mul_175_29_g15449/Y -       A->Y    F     BUFx12f_ASAP7_75t_SL      14 28.2    20    23     540    (-,-) 
  BF2_2_mul_175_29_g15420/Y -       A1->Y   R     AOI21x1_ASAP7_75t_SL       1  3.2    30    15     556    (-,-) 
  BF2_2_mul_175_29_g15407/Y -       A->Y    R     XOR2x1_ASAP7_75t_SL        1  2.1    25    19     575    (-,-) 
  BF2_2_mult_p_reg[45]/D    -       -       R     DFFHQx4_ASAP7_75t_SL       1    -     -     0     575    (-,-) 
#----------------------------------------------------------------------------------------------------------------



Path 19: VIOLATED (-43 ps) Setup Check with Pin BF2_2_mult_p_reg[44]/CLK->D
          Group: clk
     Startpoint: (R) BF1_1_modei_reg[2]/CLK
          Clock: (R) clk
       Endpoint: (R) BF2_2_mult_p_reg[44]/D
          Clock: (R) clk

                     Capture       Launch     
        Clock Edge:+     569            0     
       Src Latency:+       0            0     
       Net Latency:+       0 (I)        0 (I) 
           Arrival:=     569            0     
                                              
             Setup:-       9                  
       Uncertainty:-      28                  
     Required Time:=     531                  
      Launch Clock:-       0                  
         Data Path:-     575                  
             Slack:=     -43                  

#----------------------------------------------------------------------------------------------------------------
#       Timing Point        Flags    Arc    Edge         Cell           Fanout Load Trans Delay Arrival Instance 
#                                                                              (fF)  (ps)  (ps)   (ps)  Location 
#----------------------------------------------------------------------------------------------------------------
  BF1_1_modei_reg[2]/CLK    -       -       R     (arrival)               3513    -     0     0       0    (-,-) 
  BF1_1_modei_reg[2]/QN     -       CLK->QN F     DFFHQNx2_ASAP7_75t_SL      1  4.0    26    40      40    (-,-) 
  g48951/Y                  -       A->Y    R     INVx4_ASAP7_75t_SL         2  5.7    17    11      51    (-,-) 
  g48943__2802/Y            -       B->Y    F     NAND2x2_ASAP7_75t_SL       2  4.0    16     9      60    (-,-) 
  g48892__6260/Y            -       A->Y    F     OR2x6_ASAP7_75t_SL         7 20.2    26    28      88    (-,-) 
  g67434/Y                  -       A->Y    F     BUFx12f_ASAP7_75t_SL       4 15.0    13    18     107    (-,-) 
  g67425/Y                  -       A->Y    F     BUFx12f_ASAP7_75t_SL      12 24.0    17    18     125    (-,-) 
  g67432/Y                  -       A->Y    R     INVx8_ASAP7_75t_SL         7 11.1    15    10     135    (-,-) 
  g63910/Y                  -       A2->Y   R     AO22x2_ASAP7_75t_SL        1  4.0    19    22     157    (-,-) 
  g63900/Y                  -       A->Y    R     BUFx12f_ASAP7_75t_SL      14 24.7    20    19     176    (-,-) 
  BF2_2_mul_175_29_g17873/Y -       A->Y    F     INVx4_ASAP7_75t_SL         4  5.9    13     8     184    (-,-) 
  BF2_2_mul_175_29_g17558/Y -       B1->Y   R     AOI22xp5_ASAP7_75t_SL      2  3.4    57    26     210    (-,-) 
  BF2_2_mul_175_29_g16818/Y -       B2->Y   R     OA22x2_ASAP7_75t_SL        2  3.8    19    22     232    (-,-) 
  BF2_2_mul_175_29_g16660/Y -       B->Y    F     XNOR2x2_ASAP7_75t_SL       1  3.2    15    27     259    (-,-) 
  BF2_2_mul_175_29_g16348/Y -       B->Y    F     XNOR2x1_ASAP7_75t_SL       2  3.9    25    21     280    (-,-) 
  BF2_2_mul_175_29_g16050/Y -       A->Y    F     MAJx2_ASAP7_75t_SL         2  5.2    20    28     308    (-,-) 
  BF2_2_mul_175_29_g16032/Y -       A->Y    R     INVx4_ASAP7_75t_SL         3  5.6    15    10     318    (-,-) 
  BF2_2_mul_175_29_g15898/Y -       B->Y    F     XOR2x2_ASAP7_75t_SL        1  2.5    13    20     338    (-,-) 
  BF2_2_mul_175_29_g15830/Y -       A->Y    R     XOR2x2_ASAP7_75t_SL        2  4.4    20    29     366    (-,-) 
  BF2_2_mul_175_29_g15815/Y -       A->Y    F     INVx2_ASAP7_75t_SL         1  2.1    11     7     373    (-,-) 
  BF2_2_mul_175_29_g15733/Y -       A->Y    F     MAJx2_ASAP7_75t_SL         2  4.9    20    24     397    (-,-) 
  BF2_2_mul_175_29_g17962/Y -       B->Y    F     XOR2x1_ASAP7_75t_SL        2  3.9    27    23     420    (-,-) 
  BF2_2_mul_175_29_g15571/Y -       B->Y    F     AND2x4_ASAP7_75t_SL        3  5.4    12    20     440    (-,-) 
  BF2_2_mul_175_29_g15516/Y -       A2->Y   F     AO21x2_ASAP7_75t_SL        2  3.4    15    20     460    (-,-) 
  BF2_2_mul_175_29_g15490/Y -       A2->Y   F     AO21x2_ASAP7_75t_SL        2  3.9    16    21     481    (-,-) 
  BF2_2_mul_175_29_g15457/Y -       A1->Y   R     AOI221x1_ASAP7_75t_SL      1  2.8    36    18     500    (-,-) 
  BF2_2_mul_175_29_g15455/Y -       B->Y    F     OAI21x1_ASAP7_75t_SL       1  4.0    30    18     518    (-,-) 
  BF2_2_mul_175_29_g15449/Y -       A->Y    F     BUFx12f_ASAP7_75t_SL      14 28.2    20    23     540    (-,-) 
  BF2_2_mul_175_29_g15438/Y -       A1->Y   R     AOI21x1_ASAP7_75t_SL       1  3.2    29    15     556    (-,-) 
  BF2_2_mul_175_29_g15404/Y -       A->Y    R     XOR2x1_ASAP7_75t_SL        1  2.1    27    19     575    (-,-) 
  BF2_2_mult_p_reg[44]/D    -       -       R     DFFHQx4_ASAP7_75t_SL       1    -     -     0     575    (-,-) 
#----------------------------------------------------------------------------------------------------------------



Path 20: VIOLATED (-43 ps) Setup Check with Pin BF2_2_mult_p_reg[44]/CLK->D
          Group: clk
     Startpoint: (R) BF1_1_modei_reg[2]/CLK
          Clock: (R) clk
       Endpoint: (R) BF2_2_mult_p_reg[44]/D
          Clock: (R) clk

                     Capture       Launch     
        Clock Edge:+     569            0     
       Src Latency:+       0            0     
       Net Latency:+       0 (I)        0 (I) 
           Arrival:=     569            0     
                                              
             Setup:-       9                  
       Uncertainty:-      28                  
     Required Time:=     531                  
      Launch Clock:-       0                  
         Data Path:-     575                  
             Slack:=     -43                  

#----------------------------------------------------------------------------------------------------------------
#       Timing Point        Flags    Arc    Edge         Cell           Fanout Load Trans Delay Arrival Instance 
#                                                                              (fF)  (ps)  (ps)   (ps)  Location 
#----------------------------------------------------------------------------------------------------------------
  BF1_1_modei_reg[2]/CLK    -       -       R     (arrival)               3513    -     0     0       0    (-,-) 
  BF1_1_modei_reg[2]/QN     -       CLK->QN F     DFFHQNx2_ASAP7_75t_SL      1  4.0    26    40      40    (-,-) 
  g48951/Y                  -       A->Y    R     INVx4_ASAP7_75t_SL         2  5.7    17    11      51    (-,-) 
  g48943__2802/Y            -       B->Y    F     NAND2x2_ASAP7_75t_SL       2  4.0    16     9      60    (-,-) 
  g48892__6260/Y            -       A->Y    F     OR2x6_ASAP7_75t_SL         7 20.2    26    28      88    (-,-) 
  g67434/Y                  -       A->Y    F     BUFx12f_ASAP7_75t_SL       4 15.0    13    18     107    (-,-) 
  g67425/Y                  -       A->Y    F     BUFx12f_ASAP7_75t_SL      12 24.0    17    18     125    (-,-) 
  g67432/Y                  -       A->Y    R     INVx8_ASAP7_75t_SL         7 11.1    15    10     135    (-,-) 
  g63910/Y                  -       A2->Y   R     AO22x2_ASAP7_75t_SL        1  4.0    19    22     157    (-,-) 
  g63900/Y                  -       A->Y    R     BUFx12f_ASAP7_75t_SL      14 24.7    20    19     176    (-,-) 
  BF2_2_mul_175_29_g17873/Y -       A->Y    F     INVx4_ASAP7_75t_SL         4  5.9    13     8     184    (-,-) 
  BF2_2_mul_175_29_g17532/Y -       B2->Y   F     AO22x1_ASAP7_75t_SL        2  4.1    28    27     212    (-,-) 
  BF2_2_mul_175_29_g16995/Y -       B2->Y   F     AO22x2_ASAP7_75t_SL        2  4.4    19    26     238    (-,-) 
  BF2_2_mul_175_29_g16479/Y -       A->Y    R     MAJIxp5_ASAP7_75t_SL       2  4.0    60    30     268    (-,-) 
  BF2_2_mul_175_29_g16462/Y -       A->Y    F     INVx1_ASAP7_75t_SL         1  2.1    26    13     282    (-,-) 
  BF2_2_mul_175_29_g16322/Y -       A->Y    F     MAJx2_ASAP7_75t_SL         2  4.5    20    27     308    (-,-) 
  BF2_2_mul_175_29_g16083/Y -       B->Y    F     XNOR2x1_ASAP7_75t_SL       2  4.6    29    24     332    (-,-) 
  BF2_2_mul_175_29_g15847/Y -       A->Y    F     XNOR2x1_ASAP7_75t_SL       1  2.5    22    20     352    (-,-) 
  BF2_2_mul_175_29_g17970/Y -       A->Y    R     XOR2x2_ASAP7_75t_SL        2  4.5    20    30     382    (-,-) 
  BF2_2_mul_175_29_g15683/Y -       A->Y    R     XNOR2x1_ASAP7_75t_SL       1  2.4    24    19     401    (-,-) 
  BF2_2_mul_175_29_g17967/Y -       A->Y    F     XOR2x2_ASAP7_75t_SL        2  4.4    18    24     425    (-,-) 
  BF2_2_mul_175_29_g15556/Y -       A->Y    F     OR2x6_ASAP7_75t_SL         4  7.6    14    22     448    (-,-) 
  BF2_2_mul_175_29_g15521/Y -       B->Y    F     AND2x4_ASAP7_75t_SL        2  5.1    12    17     464    (-,-) 
  BF2_2_mul_175_29_g15494/Y -       C->Y    R     NAND3x1_ASAP7_75t_SL       1  2.6    30    18     482    (-,-) 
  BF2_2_mul_175_29_g15469/Y -       C->Y    R     AND3x4_ASAP7_75t_SL        2  5.8    17    22     505    (-,-) 
  BF2_2_mul_175_29_g15455/Y -       A2->Y   F     OAI21x1_ASAP7_75t_SL       1  4.0    30    13     518    (-,-) 
  BF2_2_mul_175_29_g15449/Y -       A->Y    F     BUFx12f_ASAP7_75t_SL      14 28.2    20    23     540    (-,-) 
  BF2_2_mul_175_29_g15438/Y -       A1->Y   R     AOI21x1_ASAP7_75t_SL       1  3.2    29    15     556    (-,-) 
  BF2_2_mul_175_29_g15404/Y -       A->Y    R     XOR2x1_ASAP7_75t_SL        1  2.1    27    19     575    (-,-) 
  BF2_2_mult_p_reg[44]/D    -       -       R     DFFHQx4_ASAP7_75t_SL       1    -     -     0     575    (-,-) 
#----------------------------------------------------------------------------------------------------------------

