Copyright 1986-2022 Xilinx, Inc. All Rights Reserved. Copyright 2022-2025 Advanced Micro Devices, Inc. All Rights Reserved.
---------------------------------------------------------------------------------------------------------------------------------------------
| Tool Version : Vivado v.2025.2 (lin64) Build 6299465 Fri Nov 14 12:34:56 MST 2025
| Date         : Wed May 20 14:51:46 2026
| Host         : MSI running 64-bit Ubuntu 26.04 LTS
| Command      : report_timing_summary -file {./synth_out/encap/encap_SUGGESTION_MODE synth_property_timing.rpt}
| Design       : encap
| Device       : 7a200t-fbg676
| Speed File   : -1  PRODUCTION 1.23 2018-06-13
| Design State : Synthesized
---------------------------------------------------------------------------------------------------------------------------------------------

Timing Summary Report

------------------------------------------------------------------------------------------------
| Timer Settings
| --------------
------------------------------------------------------------------------------------------------

  Enable Multi Corner Analysis               :  Yes
  Enable Pessimism Removal                   :  Yes
  Pessimism Removal Resolution               :  Nearest Common Node
  Enable Input Delay Default Clock           :  No
  Enable Preset / Clear Arcs                 :  No
  Disable Flight Delays                      :  No
  Ignore I/O Paths                           :  No
  Timing Early Launch at Borrowing Latches   :  No
  Borrow Time for Max Delay Exceptions       :  Yes
  Merge Timing Exceptions                    :  Yes
  Inter-SLR Compensation                     :  Conservative

  Corner  Analyze    Analyze    
  Name    Max Paths  Min Paths  
  ------  ---------  ---------  
  Slow    Yes        Yes        
  Fast    Yes        Yes        


------------------------------------------------------------------------------------------------
| Report Methodology
| ------------------
------------------------------------------------------------------------------------------------

No report available as report_methodology has not been run prior. Run report_methodology on the current design for the summary of methodology violations.



check_timing report

Table of Contents
-----------------
1. checking no_clock (418)
2. checking constant_clock (0)
3. checking pulse_width_clock (0)
4. checking unconstrained_internal_endpoints (28)
5. checking no_input_delay (476)
6. checking no_output_delay (201)
7. checking multiple_clock (0)
8. checking generated_clocks (0)
9. checking loops (0)
10. checking partial_input_delay (0)
11. checking partial_output_delay (0)
12. checking latch_loops (0)

1. checking no_clock (418)
--------------------------
 There is 1 register/latch pin with no clock driven by root clock pin: ENCRYPT/ENCODE/REED_SOLOMON_CODE/FSM_onehot_state_reg[0]/Q (HIGH)

 There is 1 register/latch pin with no clock driven by root clock pin: ENCRYPT/ENCODE/REED_SOLOMON_CODE/FSM_onehot_state_reg[1]/Q (HIGH)

 There is 1 register/latch pin with no clock driven by root clock pin: ENCRYPT/ENCODE/REED_SOLOMON_CODE/FSM_onehot_state_reg[2]/Q (HIGH)

 There is 1 register/latch pin with no clock driven by root clock pin: ENCRYPT/ENCODE/REED_SOLOMON_CODE/FSM_onehot_state_reg[3]/Q (HIGH)

 There are 3 register/latch pins with no clock driven by root clock pin: ENCRYPT/FIXEDWEIGHT/FSM_onehot_state_shake_reg[0]/Q (HIGH)

 There are 3 register/latch pins with no clock driven by root clock pin: ENCRYPT/FIXEDWEIGHT/FSM_onehot_state_shake_reg[1]/Q (HIGH)

 There are 3 register/latch pins with no clock driven by root clock pin: ENCRYPT/FIXEDWEIGHT/FSM_onehot_state_shake_reg[2]/Q (HIGH)

 There are 3 register/latch pins with no clock driven by root clock pin: ENCRYPT/FIXEDWEIGHT/FSM_onehot_state_shake_reg[3]/Q (HIGH)

 There are 3 register/latch pins with no clock driven by root clock pin: ENCRYPT/FIXEDWEIGHT/FSM_onehot_state_shake_reg[4]/Q (HIGH)

 There are 3 register/latch pins with no clock driven by root clock pin: ENCRYPT/FIXEDWEIGHT/FSM_onehot_state_shake_reg[5]/Q (HIGH)

 There are 3 register/latch pins with no clock driven by root clock pin: ENCRYPT/FIXEDWEIGHT/FSM_onehot_state_shake_reg[6]/Q (HIGH)

 There are 3 register/latch pins with no clock driven by root clock pin: ENCRYPT/FIXEDWEIGHT/FSM_onehot_state_shake_reg[7]/Q (HIGH)

 There are 3 register/latch pins with no clock driven by root clock pin: ENCRYPT/FIXEDWEIGHT/FSM_onehot_state_shake_reg[8]/Q (HIGH)

 There are 2 register/latch pins with no clock driven by root clock pin: ENCRYPT/FIXEDWEIGHT/FSM_sequential_ctx_state_reg[0]/Q (HIGH)

 There are 2 register/latch pins with no clock driven by root clock pin: ENCRYPT/FIXEDWEIGHT/FSM_sequential_ctx_state_reg[1]/Q (HIGH)

 There are 2 register/latch pins with no clock driven by root clock pin: ENCRYPT/FIXEDWEIGHT/FSM_sequential_ctx_state_reg[2]/Q (HIGH)

 There are 2 register/latch pins with no clock driven by root clock pin: ENCRYPT/FIXEDWEIGHT/count_steps_reg[0]/Q (HIGH)

 There are 4 register/latch pins with no clock driven by root clock pin: ENCRYPT/FIXEDWEIGHT/onegen_instance/state_reg[0]/Q (HIGH)

 There are 4 register/latch pins with no clock driven by root clock pin: ENCRYPT/FIXEDWEIGHT/onegen_instance/state_reg[1]/Q (HIGH)

 There are 4 register/latch pins with no clock driven by root clock pin: ENCRYPT/FIXEDWEIGHT/onegen_instance/state_reg[2]/Q (HIGH)

 There are 4 register/latch pins with no clock driven by root clock pin: ENCRYPT/FIXEDWEIGHT/onegen_instance/state_reg[3]/Q (HIGH)

 There are 3 register/latch pins with no clock driven by root clock pin: ENCRYPT/FIXEDWEIGHT/red_state_reg[0]/Q (HIGH)

 There are 3 register/latch pins with no clock driven by root clock pin: ENCRYPT/FIXEDWEIGHT/red_state_reg[1]/Q (HIGH)

 There are 3 register/latch pins with no clock driven by root clock pin: ENCRYPT/FIXEDWEIGHT/red_state_reg[2]/Q (HIGH)

 There are 3 register/latch pins with no clock driven by root clock pin: ENCRYPT/FIXEDWEIGHT/red_state_reg[3]/Q (HIGH)

 There is 1 register/latch pin with no clock driven by root clock pin: ENCRYPT/FSM_sequential_state_reg[0]/Q (HIGH)

 There is 1 register/latch pin with no clock driven by root clock pin: ENCRYPT/FSM_sequential_state_reg[1]/Q (HIGH)

 There is 1 register/latch pin with no clock driven by root clock pin: ENCRYPT/FSM_sequential_state_reg[2]/Q (HIGH)

 There are 14 register/latch pins with no clock driven by root clock pin: FSM_onehot_state_reg[0]/Q (HIGH)

 There are 14 register/latch pins with no clock driven by root clock pin: FSM_onehot_state_reg[10]/Q (HIGH)

 There are 14 register/latch pins with no clock driven by root clock pin: FSM_onehot_state_reg[11]/Q (HIGH)

 There are 14 register/latch pins with no clock driven by root clock pin: FSM_onehot_state_reg[12]/Q (HIGH)

 There are 14 register/latch pins with no clock driven by root clock pin: FSM_onehot_state_reg[13]/Q (HIGH)

 There are 14 register/latch pins with no clock driven by root clock pin: FSM_onehot_state_reg[16]/Q (HIGH)

 There are 14 register/latch pins with no clock driven by root clock pin: FSM_onehot_state_reg[17]/Q (HIGH)

 There are 14 register/latch pins with no clock driven by root clock pin: FSM_onehot_state_reg[18]/Q (HIGH)

 There are 13 register/latch pins with no clock driven by root clock pin: FSM_onehot_state_reg[19]/Q (HIGH)

 There are 14 register/latch pins with no clock driven by root clock pin: FSM_onehot_state_reg[1]/Q (HIGH)

 There are 14 register/latch pins with no clock driven by root clock pin: FSM_onehot_state_reg[20]/Q (HIGH)

 There are 14 register/latch pins with no clock driven by root clock pin: FSM_onehot_state_reg[21]/Q (HIGH)

 There are 14 register/latch pins with no clock driven by root clock pin: FSM_onehot_state_reg[22]/Q (HIGH)

 There are 12 register/latch pins with no clock driven by root clock pin: FSM_onehot_state_reg[23]/Q (HIGH)

 There are 12 register/latch pins with no clock driven by root clock pin: FSM_onehot_state_reg[24]/Q (HIGH)

 There are 12 register/latch pins with no clock driven by root clock pin: FSM_onehot_state_reg[25]/Q (HIGH)

 There are 12 register/latch pins with no clock driven by root clock pin: FSM_onehot_state_reg[26]/Q (HIGH)

 There are 14 register/latch pins with no clock driven by root clock pin: FSM_onehot_state_reg[2]/Q (HIGH)

 There are 14 register/latch pins with no clock driven by root clock pin: FSM_onehot_state_reg[3]/Q (HIGH)

 There are 14 register/latch pins with no clock driven by root clock pin: FSM_onehot_state_reg[4]/Q (HIGH)

 There are 14 register/latch pins with no clock driven by root clock pin: FSM_onehot_state_reg[5]/Q (HIGH)

 There are 14 register/latch pins with no clock driven by root clock pin: FSM_onehot_state_reg[6]/Q (HIGH)

 There are 11 register/latch pins with no clock driven by root clock pin: FSM_onehot_state_reg[7]/Q (HIGH)

 There are 14 register/latch pins with no clock driven by root clock pin: FSM_onehot_state_reg[8]/Q (HIGH)

 There are 14 register/latch pins with no clock driven by root clock pin: FSM_onehot_state_reg[9]/Q (HIGH)

 There is 1 register/latch pin with no clock driven by root clock pin: count_hash_inputs_reg[10]/Q (HIGH)

 There is 1 register/latch pin with no clock driven by root clock pin: count_hash_inputs_reg[11]/Q (HIGH)

 There is 1 register/latch pin with no clock driven by root clock pin: count_hash_inputs_reg[2]/Q (HIGH)

 There is 1 register/latch pin with no clock driven by root clock pin: count_hash_inputs_reg[3]/Q (HIGH)

 There is 1 register/latch pin with no clock driven by root clock pin: count_hash_inputs_reg[4]/Q (HIGH)

 There is 1 register/latch pin with no clock driven by root clock pin: count_hash_inputs_reg[5]/Q (HIGH)

 There is 1 register/latch pin with no clock driven by root clock pin: count_hash_inputs_reg[6]/Q (HIGH)

 There is 1 register/latch pin with no clock driven by root clock pin: count_hash_inputs_reg[7]/Q (HIGH)

 There is 1 register/latch pin with no clock driven by root clock pin: count_hash_inputs_reg[8]/Q (HIGH)

 There is 1 register/latch pin with no clock driven by root clock pin: count_hash_inputs_reg[9]/Q (HIGH)


2. checking constant_clock (0)
------------------------------
 There are 0 register/latch pins with constant_clock.


3. checking pulse_width_clock (0)
---------------------------------
 There are 0 register/latch pins which need pulse_width check


4. checking unconstrained_internal_endpoints (28)
-------------------------------------------------
 There are 28 pins that are not constrained for maximum delay. (HIGH)

 There are 0 pins that are not constrained for maximum delay due to constant clock.


5. checking no_input_delay (476)
--------------------------------
 There are 476 input ports with no input delay specified. (HIGH)

 There are 0 input ports with no input delay but user has a false path constraint.


6. checking no_output_delay (201)
---------------------------------
 There are 201 ports with no output delay specified. (HIGH)

 There are 0 ports with no output delay but user has a false path constraint

 There are 0 ports with no output delay but with a timing clock defined on it or propagating through it


7. checking multiple_clock (0)
------------------------------
 There are 0 register/latch pins with multiple clocks.


8. checking generated_clocks (0)
--------------------------------
 There are 0 generated clocks that are not connected to a clock source.


9. checking loops (0)
---------------------
 There are 0 combinational loops in the design.


10. checking partial_input_delay (0)
------------------------------------
 There are 0 input ports with partial input delay specified.


11. checking partial_output_delay (0)
-------------------------------------
 There are 0 ports with partial output delay specified.


12. checking latch_loops (0)
----------------------------
 There are 0 combinational latch loops in the design through latch input



------------------------------------------------------------------------------------------------
| Design Timing Summary
| ---------------------
------------------------------------------------------------------------------------------------

    WNS(ns)      TNS(ns)  TNS Failing Endpoints  TNS Total Endpoints      WHS(ns)      THS(ns)  THS Failing Endpoints  THS Total Endpoints     WPWS(ns)     TPWS(ns)  TPWS Failing Endpoints  TPWS Total Endpoints  
    -------      -------  ---------------------  -------------------      -------      -------  ---------------------  -------------------     --------     --------  ----------------------  --------------------  
     -1.317      -81.376                    265                 4174        0.258        0.000                      0                 4174        1.520        0.000                       0                  1994  


Timing constraints are not met.


------------------------------------------------------------------------------------------------
| Clock Summary
| -------------
------------------------------------------------------------------------------------------------

Clock  Waveform(ns)         Period(ns)      Frequency(MHz)
-----  ------------         ----------      --------------
clk    {0.000 2.500}        5.000           200.000         


------------------------------------------------------------------------------------------------
| Intra Clock Table
| -----------------
------------------------------------------------------------------------------------------------

Clock             WNS(ns)      TNS(ns)  TNS Failing Endpoints  TNS Total Endpoints      WHS(ns)      THS(ns)  THS Failing Endpoints  THS Total Endpoints     WPWS(ns)     TPWS(ns)  TPWS Failing Endpoints  TPWS Total Endpoints  
-----             -------      -------  ---------------------  -------------------      -------      -------  ---------------------  -------------------     --------     --------  ----------------------  --------------------  
clk                -1.317      -81.376                    265                 4174        0.258        0.000                      0                 4174        1.520        0.000                       0                  1994  


------------------------------------------------------------------------------------------------
| Inter Clock Table
| -----------------
------------------------------------------------------------------------------------------------

From Clock    To Clock          WNS(ns)      TNS(ns)  TNS Failing Endpoints  TNS Total Endpoints      WHS(ns)      THS(ns)  THS Failing Endpoints  THS Total Endpoints  
----------    --------          -------      -------  ---------------------  -------------------      -------      -------  ---------------------  -------------------  


------------------------------------------------------------------------------------------------
| Other Path Groups Table
| -----------------------
------------------------------------------------------------------------------------------------

Path Group    From Clock    To Clock          WNS(ns)      TNS(ns)  TNS Failing Endpoints  TNS Total Endpoints      WHS(ns)      THS(ns)  THS Failing Endpoints  THS Total Endpoints  
----------    ----------    --------          -------      -------  ---------------------  -------------------      -------      -------  ---------------------  -------------------  


------------------------------------------------------------------------------------------------
| Timing Details
| --------------
------------------------------------------------------------------------------------------------


---------------------------------------------------------------------------------------------------
From Clock:  clk
  To Clock:  clk

Setup :          265  Failing Endpoints,  Worst Slack       -1.317ns,  Total Violation      -81.376ns
Hold  :            0  Failing Endpoints,  Worst Slack        0.258ns,  Total Violation        0.000ns
PW    :            0  Failing Endpoints,  Worst Slack        1.520ns,  Total Violation        0.000ns
---------------------------------------------------------------------------------------------------


Max Delay Paths
--------------------------------------------------------------------------------------
Slack (VIOLATED) :        -1.317ns  (required time - arrival time)
  Source:                 ENCRYPT/FIXEDWEIGHT/wr_addr_ctx_reg[9]/C
                            (rising edge-triggered cell FDRE clocked by clk  {rise@0.000ns fall@2.500ns period=5.000ns})
  Destination:            ENCRYPT/FIXEDWEIGHT/wr_addr_ctx_reg[2]/R
                            (rising edge-triggered cell FDRE clocked by clk  {rise@0.000ns fall@2.500ns period=5.000ns})
  Path Group:             clk
  Path Type:              Setup (Max at Slow Process Corner)
  Requirement:            5.000ns  (clk rise@5.000ns - clk rise@0.000ns)
  Data Path Delay:        5.800ns  (logic 1.247ns (21.500%)  route 4.553ns (78.500%))
  Logic Levels:           5  (LUT4=1 LUT5=2 LUT6=2)
  Clock Path Skew:        -0.049ns (DCD - SCD + CPR)
    Destination Clock Delay (DCD):    0.924ns = ( 5.924 - 5.000 ) 
    Source Clock Delay      (SCD):    0.973ns
    Clock Pessimism Removal (CPR):    0.000ns
  Clock Uncertainty:      0.035ns  ((TSJ^2 + TIJ^2)^1/2 + DJ) / 2 + PE
    Total System Jitter     (TSJ):    0.071ns
    Total Input Jitter      (TIJ):    0.000ns
    Discrete Jitter          (DJ):    0.000ns
    Phase Error              (PE):    0.000ns

    Location             Delay type                Incr(ns)  Path(ns)    Netlist Resource(s)
  -------------------------------------------------------------------    -------------------
                         (clock clk rise edge)        0.000     0.000 r  
                                                      0.000     0.000 r  clk (IN)
                         net (fo=1993, unset)         0.973     0.973    ENCRYPT/FIXEDWEIGHT/clk
                         FDRE                                         r  ENCRYPT/FIXEDWEIGHT/wr_addr_ctx_reg[9]/C
  -------------------------------------------------------------------    -------------------
                         FDRE (Prop_fdre_C_Q)         0.456     1.429 r  ENCRYPT/FIXEDWEIGHT/wr_addr_ctx_reg[9]/Q
                         net (fo=11, unplaced)        0.787     2.216    ENCRYPT/FIXEDWEIGHT/wr_addr_ctx_reg_n_0_[9]
                         LUT4 (Prop_lut4_I1_O)        0.295     2.511 r  ENCRYPT/FIXEDWEIGHT/shake_dout_ready_INST_0_i_21/O
                         net (fo=2, unplaced)         0.913     3.424    ENCRYPT/FIXEDWEIGHT/shake_dout_ready_INST_0_i_21_n_0
                         LUT6 (Prop_lut6_I3_O)        0.124     3.548 f  ENCRYPT/FIXEDWEIGHT/shake_dout_ready_INST_0_i_11/O
                         net (fo=2, unplaced)         1.122     4.670    ENCRYPT/FIXEDWEIGHT/shake_dout_ready_INST_0_i_11_n_0
                         LUT5 (Prop_lut5_I0_O)        0.124     4.794 r  ENCRYPT/FIXEDWEIGHT/wr_addr_ctx[9]_i_5/O
                         net (fo=1, unplaced)         0.449     5.243    ENCRYPT/FIXEDWEIGHT/wr_addr_ctx[9]_i_5_n_0
                         LUT6 (Prop_lut6_I4_O)        0.124     5.367 r  ENCRYPT/FIXEDWEIGHT/wr_addr_ctx[9]_i_1/O
                         net (fo=11, unplaced)        0.495     5.862    ENCRYPT/FIXEDWEIGHT/wr_addr_ctx[9]_i_1_n_0
                         LUT5 (Prop_lut5_I0_O)        0.124     5.986 r  ENCRYPT/FIXEDWEIGHT/wr_addr_ctx[3]_i_1/O
                         net (fo=2, unplaced)         0.787     6.773    ENCRYPT/FIXEDWEIGHT/wr_addr_ctx[3]_i_1_n_0
                         FDRE                                         r  ENCRYPT/FIXEDWEIGHT/wr_addr_ctx_reg[2]/R
  -------------------------------------------------------------------    -------------------

                         (clock clk rise edge)        5.000     5.000 r  
                                                      0.000     5.000 r  clk (IN)
                         net (fo=1993, unset)         0.924     5.924    ENCRYPT/FIXEDWEIGHT/clk
                         FDRE                                         r  ENCRYPT/FIXEDWEIGHT/wr_addr_ctx_reg[2]/C
                         clock pessimism              0.000     5.924    
                         clock uncertainty           -0.035     5.889    
                         FDRE (Setup_fdre_C_R)       -0.433     5.456    ENCRYPT/FIXEDWEIGHT/wr_addr_ctx_reg[2]
  -------------------------------------------------------------------
                         required time                          5.456    
                         arrival time                          -6.773    
  -------------------------------------------------------------------
                         slack                                 -1.317    





Min Delay Paths
--------------------------------------------------------------------------------------
Slack (MET) :             0.258ns  (arrival time - required time)
  Source:                 msg_in_reg[0]/C
                            (rising edge-triggered cell FDRE clocked by clk  {rise@0.000ns fall@2.500ns period=5.000ns})
  Destination:            ENCRYPT/ENCODE/REED_SOLOMON_CODE/msg_reg[0]/D
                            (rising edge-triggered cell FDRE clocked by clk  {rise@0.000ns fall@2.500ns period=5.000ns})
  Path Group:             clk
  Path Type:              Hold (Min at Fast Process Corner)
  Requirement:            0.000ns  (clk rise@0.000ns - clk rise@0.000ns)
  Data Path Delay:        0.370ns  (logic 0.239ns (64.578%)  route 0.131ns (35.422%))
  Logic Levels:           1  (LUT4=1)
  Clock Path Skew:        0.022ns (DCD - SCD - CPR)
    Destination Clock Delay (DCD):    0.432ns
    Source Clock Delay      (SCD):    0.410ns
    Clock Pessimism Removal (CPR):    -0.000ns

    Location             Delay type                Incr(ns)  Path(ns)    Netlist Resource(s)
  -------------------------------------------------------------------    -------------------
                         (clock clk rise edge)        0.000     0.000 r  
                                                      0.000     0.000 r  clk (IN)
                         net (fo=1993, unset)         0.410     0.410    clk
                         FDRE                                         r  msg_in_reg[0]/C
  -------------------------------------------------------------------    -------------------
                         FDRE (Prop_fdre_C_Q)         0.141     0.551 r  msg_in_reg[0]/Q
                         net (fo=1, unplaced)         0.131     0.682    ENCRYPT/ENCODE/REED_SOLOMON_CODE/msg_reg[31]_0[0]
                         LUT4 (Prop_lut4_I3_O)        0.098     0.780 r  ENCRYPT/ENCODE/REED_SOLOMON_CODE/msg[0]_i_1/O
                         net (fo=1, unplaced)         0.000     0.780    ENCRYPT/ENCODE/REED_SOLOMON_CODE/p_1_in[0]
                         FDRE                                         r  ENCRYPT/ENCODE/REED_SOLOMON_CODE/msg_reg[0]/D
  -------------------------------------------------------------------    -------------------

                         (clock clk rise edge)        0.000     0.000 r  
                                                      0.000     0.000 r  clk (IN)
                         net (fo=1993, unset)         0.432     0.432    ENCRYPT/ENCODE/REED_SOLOMON_CODE/clk
                         FDRE                                         r  ENCRYPT/ENCODE/REED_SOLOMON_CODE/msg_reg[0]/C
                         clock pessimism              0.000     0.432    
                         FDRE (Hold_fdre_C_D)         0.091     0.523    ENCRYPT/ENCODE/REED_SOLOMON_CODE/msg_reg[0]
  -------------------------------------------------------------------
                         required time                         -0.523    
                         arrival time                           0.780    
  -------------------------------------------------------------------
                         slack                                  0.258    





Pulse Width Checks
--------------------------------------------------------------------------------------
Clock Name:         clk
Waveform(ns):       { 0.000 2.500 }
Period(ns):         5.000
Sources:            { clk }

Check Type        Corner  Lib Pin             Reference Pin  Required(ns)  Actual(ns)  Slack(ns)  Location  Pin
Min Period        n/a     RAMB18E1/CLKARDCLK  n/a            2.944         5.000       2.056                D_MEM/mem_reg/CLKARDCLK
Low Pulse Width   Slow    SRL16E/CLK          n/a            0.980         2.500       1.520                ENCRYPT/LOC_BASED_ADDER/done_reg_reg_reg_srl2/CLK
High Pulse Width  Slow    SRL16E/CLK          n/a            0.980         2.500       1.520                ENCRYPT/LOC_BASED_ADDER/done_reg_reg_reg_srl2/CLK



