============================================================
  Generated by:           Genus(TM) Synthesis Solution 25.12-s067_1
  Generated on:           Aug 08 2026  12:07:39 am
  Module:                 combined_top
  Operating conditions:   PVT_0P7V_25C 
  Interconnect mode:      global
  Area mode:              physical library
============================================================


Path 1: MET (1 ps) Setup Check with Pin genblk2[0].OPERATOR_BF_CIRCUIT_BF2_1_aj4_reg[23]/CLK->D
          Group: clk
     Startpoint: (R) genblk2[0].OPERATOR_BF_CIRCUIT_BF1_1_modei_reg[0]/CLK
          Clock: (R) clk
       Endpoint: (R) genblk2[0].OPERATOR_BF_CIRCUIT_BF2_1_aj4_reg[23]/D
          Clock: (R) clk

                     Capture       Launch     
        Clock Edge:+    2000            0     
       Src Latency:+       0            0     
       Net Latency:+       0 (I)        0 (I) 
           Arrival:=    2000            0     
                                              
             Setup:-      18                  
       Uncertainty:-     100                  
     Required Time:=    1882                  
      Launch Clock:-       0                  
         Data Path:-    1882                  
             Slack:=       1                  

#--------------------------------------------------------------------------------------------------------------------------------------------------
#                      Timing Point                       Flags    Arc    Edge          Cell            Fanout   Load Trans Delay Arrival Instance 
#                                                                                                                (fF)  (ps)  (ps)   (ps)  Location 
#--------------------------------------------------------------------------------------------------------------------------------------------------
  genblk2[0].OPERATOR_BF_CIRCUIT_BF1_1_modei_reg[0]/CLK   -       -       R     (arrival)               1717624     -     0     0       0    (-,-) 
  genblk2[0].OPERATOR_BF_CIRCUIT_BF1_1_modei_reg[0]/Q     -       CLK->Q  R     DFFHQx4_ASAP7_75t_SL          7  11.1    23    49      49    (-,-) 
  genblk2[0].OPERATOR_g121332/Y                           -       A->Y    F     INVx2_ASAP7_75t_SL           47  59.2   160    79     128    (-,-) 
  genblk2[0].OPERATOR_g106055/Y                           -       B->Y    R     NAND2xp5_ASAP7_75t_SL         3   6.2   100    64     192    (-,-) 
  genblk2[0].OPERATOR_g105996/Y                           -       B->Y    R     OR2x2_ASAP7_75t_SL           43  53.7   183    98     290    (-,-) 
  genblk2[0].OPERATOR_g102089/Y                           -       A->Y    F     INVx1_ASAP7_75t_SL            3   4.6    66    29     319    (-,-) 
  genblk2[0].OPERATOR_g105978/Y                           -       B->Y    F     OR2x4_ASAP7_75t_SL           96 127.3   181   115     434    (-,-) 
  genblk2[0].OPERATOR_g105888/Y                           -       A1->Y   R     AOI22xp5_ASAP7_75t_SL         1   2.1    81    39     473    (-,-) 
  genblk2[0].OPERATOR_g105849/Y                           -       A->Y    F     NAND3xp33_ASAP7_75t_SL        2   3.4    67    36     509    (-,-) 
  genblk2[0].OPERATOR_BF_CIRCUIT_BF2_1_add_169_28_g2785/Y -       B->Y    R     NAND2xp5_ASAP7_75t_SL         2   3.5    51    33     542    (-,-) 
  genblk2[0].OPERATOR_BF_CIRCUIT_BF2_1_add_169_28_g2784/Y -       A->Y    F     INVx1_ASAP7_75t_SL            1   3.5    31    18     560    (-,-) 
  g4021/CON                                               -       A->CON  R     FAx1_ASAP7_75t_SL             1   1.8    53    23     584    (-,-) 
  g4022/Y                                                 -       A->Y    F     INVxp33_ASAP7_75t_SL          1   3.1    60    36     620    (-,-) 
  g160954/CON                                             -       CI->CON R     FAx1_ASAP7_75t_SL             1   1.8    55    31     650    (-,-) 
  g161373/Y                                               -       A->Y    F     INVxp33_ASAP7_75t_SL          1   3.1    60    36     686    (-,-) 
  g4015/CON                                               -       CI->CON R     FAx1_ASAP7_75t_SL             1   1.8    55    31     717    (-,-) 
  g4016/Y                                                 -       A->Y    F     INVxp33_ASAP7_75t_SL          1   3.1    60    36     753    (-,-) 
  g4082/CON                                               -       CI->CON R     FAx1_ASAP7_75t_SL             1   2.2    59    33     786    (-,-) 
  g4083/Y                                                 -       A->Y    F     INVx1_ASAP7_75t_SL            1   3.1    31    17     804    (-,-) 
  g4006/CON                                               -       CI->CON R     FAx1_ASAP7_75t_SL             1   1.8    55    25     829    (-,-) 
  g4007/Y                                                 -       A->Y    F     INVxp33_ASAP7_75t_SL          1   3.1    60    36     865    (-,-) 
  g4035/CON                                               -       CI->CON R     FAx1_ASAP7_75t_SL             1   1.8    55    31     896    (-,-) 
  g4036/Y                                                 -       A->Y    F     INVxp33_ASAP7_75t_SL          2   3.8    70    42     937    (-,-) 
  genblk2[0].OPERATOR_BF_CIRCUIT_BF2_1_add_169_28_g2746/Y -       A->Y    F     MAJx2_ASAP7_75t_SL            1   3.1    17    32     970    (-,-) 
  g4049/CON                                               -       CI->CON R     FAx1_ASAP7_75t_SL             1   1.8    55    22     991    (-,-) 
  g4050/Y                                                 -       A->Y    F     INVxp33_ASAP7_75t_SL          1   3.1    60    36    1027    (-,-) 
  g4059/CON                                               -       CI->CON R     FAx1_ASAP7_75t_SL             1   1.8    55    31    1058    (-,-) 
  g4060/Y                                                 -       A->Y    F     INVxp33_ASAP7_75t_SL          1   3.1    60    36    1094    (-,-) 
  g4177/CON                                               -       CI->CON R     FAx1_ASAP7_75t_SL             1   2.2    59    33    1127    (-,-) 
  g4178/Y                                                 -       A->Y    F     INVx1_ASAP7_75t_SL            2   3.8    34    20    1147    (-,-) 
  genblk2[0].OPERATOR_BF_CIRCUIT_BF2_1_add_169_28_g2738/Y -       A->Y    F     MAJx2_ASAP7_75t_SL            1   3.1    17    26    1173    (-,-) 
  g4068/CON                                               -       CI->CON R     FAx1_ASAP7_75t_SL             1   1.8    55    22    1195    (-,-) 
  g4069/Y                                                 -       A->Y    F     INVxp33_ASAP7_75t_SL          1   3.1    60    36    1231    (-,-) 
  g160995/CON                                             -       CI->CON R     FAx1_ASAP7_75t_SL             1   1.8    55    31    1262    (-,-) 
  g161078/Y                                               -       A->Y    F     INVxp33_ASAP7_75t_SL          2   3.8    70    42    1304    (-,-) 
  genblk2[0].OPERATOR_BF_CIRCUIT_BF2_1_add_169_28_g2732/Y -       A->Y    F     MAJx2_ASAP7_75t_SL            1   3.1    17    32    1336    (-,-) 
  g160971/CON                                             -       CI->CON R     FAx1_ASAP7_75t_SL             1   1.8    55    22    1357    (-,-) 
  g161055/Y                                               -       A->Y    F     INVxp33_ASAP7_75t_SL          2   3.8    70    42    1399    (-,-) 
  genblk2[0].OPERATOR_BF_CIRCUIT_BF2_1_add_169_28_g2728/Y -       A->Y    F     MAJx2_ASAP7_75t_SL            2   3.8    19    33    1432    (-,-) 
  genblk2[0].OPERATOR_BF_CIRCUIT_BF2_1_add_169_28_g2726/Y -       A->Y    F     MAJx2_ASAP7_75t_SL            2   3.8    19    24    1457    (-,-) 
  genblk2[0].OPERATOR_BF_CIRCUIT_BF2_1_add_169_28_g2724/Y -       A->Y    F     MAJx2_ASAP7_75t_SL            1   3.1    17    23    1480    (-,-) 
  g160950/CON                                             -       CI->CON R     FAx1_ASAP7_75t_SL             1   1.8    55    22    1502    (-,-) 
  g3669/Y                                                 -       A->Y    F     INVxp33_ASAP7_75t_SL          2   3.8    70    42    1543    (-,-) 
  genblk2[0].OPERATOR_BF_CIRCUIT_BF2_1_add_169_28_g2720/Y -       A->Y    F     MAJx2_ASAP7_75t_SL            1   3.1    17    32    1576    (-,-) 
  g3977/CON                                               -       CI->CON R     FAx1_ASAP7_75t_SL             1   1.8    55    22    1597    (-,-) 
  g3980/Y                                                 -       A->Y    F     INVxp33_ASAP7_75t_SL          1   3.1    60    36    1634    (-,-) 
  g161080/CON                                             -       CI->CON R     FAx1_ASAP7_75t_SL             1   3.1    69    39    1672    (-,-) 
  g1689/SN                                                -       CI->SN  F     FAx1_ASAP7_75t_SL             5   7.2   115   115    1787    (-,-) 
  genblk2[0].OPERATOR_g195645/Y                           -       A2->Y   R     OAI22xp5_ASAP7_75t_SL         1   1.9    57    35    1822    (-,-) 
  genblk2[0].OPERATOR_g195640/Y                           -       B->Y    F     NOR2xp33_ASAP7_75t_SL         1   2.0    48    29    1850    (-,-) 
  genblk2[0].OPERATOR_g195613/Y                           -       C->Y    R     AOI221xp5_ASAP7_75t_SL        1   2.1    79    31    1882    (-,-) 
  genblk2[0].OPERATOR_BF_CIRCUIT_BF2_1_aj4_reg[23]/D      <<<     -       R     DFFHQNx1_ASAP7_75t_SL         1     -     -     0    1882    (-,-) 
#--------------------------------------------------------------------------------------------------------------------------------------------------

