#-----------------------------------------------------------
# Vivado v2025.2 (64-bit)
# SW Build 6299465 on Fri Nov 14 12:34:56 MST 2025
# IP Build 6300035 on Fri Nov 14 10:48:45 MST 2025
# SharedData Build 6298862 on Thu Nov 13 04:50:51 MST 2025
# Start of session at: Wed Aug 12 12:33:43 2026
# Process ID         : 363646
# Current directory  : /mnt/c/PQC/hqc
# Command line       : vivado -mode batch -source /tmp/bb_check.tcl -journal /tmp/bb_check.jou -log /tmp/bb_check.log
# Log file           : /tmp/bb_check.log
# Journal file       : /tmp/bb_check.jou
# Running On         : MSI
# Platform           : Ubuntu
# Operating System   : Ubuntu 26.04 LTS
# Processor Detail   : Intel(R) Core(TM) i7-14650HX
# CPU Frequency      : 2419.200 MHz
# CPU Physical cores : 12
# CPU Logical cores  : 24
# Host memory        : 12538 MB
# Swap memory        : 8589 MB
# Total Virtual      : 21128 MB
# Available Virtual  : 20427 MB
#-----------------------------------------------------------
source /tmp/bb_check.tcl
# read_verilog {
# /mnt/c/PQC/ML_DSA/ML-DSA-OSH-main_7653/ML-DSA-OSH-main/ref_combined/src/Barrett_8380417.v
# ./asic/arms/bf2x2_baseline/butterfly.v
# ./asic/arms/bf2x2_baseline/butterfly2x2.v
# }
# synth_design -top butterfly2x2 -part xc7a200tfbg676-1 -mode out_of_context -include_dirs {./build/keygen ./build/encap ./build/decap ./hardware/common/shake256/rtl ./hardware/common}
Command: synth_design -top butterfly2x2 -part xc7a200tfbg676-1 -mode out_of_context -include_dirs {./build/keygen ./build/encap ./build/decap ./hardware/common/shake256/rtl ./hardware/common}
Starting synth_design
Attempting to get a license for feature 'Synthesis' and/or device 'xc7a200t'
INFO: [Common 17-349] Got license for feature 'Synthesis' and/or device 'xc7a200t'
INFO: [Synth 8-7079] Multithreading enabled for synth_design using a maximum of 7 processes.
INFO: [Synth 8-7078] Launching helper process for spawning children vivado processes
INFO: [Synth 8-7075] Helper process launched with PID 363677
---------------------------------------------------------------------------------
Starting Synthesize : Time (s): cpu = 00:00:02 ; elapsed = 00:00:03 . Memory (MB): peak = 2042.480 ; gain = 460.453 ; free physical = 9231 ; free virtual = 18460
---------------------------------------------------------------------------------
INFO: [Synth 8-6157] synthesizing module 'butterfly2x2' [/mnt/c/PQC/hqc/asic/arms/bf2x2_baseline/butterfly2x2.v:27]
INFO: [Synth 8-155] case statement is not full and has no default [/mnt/c/PQC/hqc/asic/arms/bf2x2_baseline/butterfly2x2.v:81]
INFO: [Synth 8-6157] synthesizing module 'butterfly' [/mnt/c/PQC/hqc/asic/arms/bf2x2_baseline/butterfly.v:27]
INFO: [Synth 8-6157] synthesizing module 'Barrett' [/mnt/c/PQC/ML_DSA/ML-DSA-OSH-main_7653/ML-DSA-OSH-main/ref_combined/src/Barrett_8380417.v:146]
INFO: [Synth 8-6157] synthesizing module 'DecoupledStage' [/mnt/c/PQC/ML_DSA/ML-DSA-OSH-main_7653/ML-DSA-OSH-main/ref_combined/src/Barrett_8380417.v:25]
INFO: [Synth 8-6155] done synthesizing module 'DecoupledStage' (0#1) [/mnt/c/PQC/ML_DSA/ML-DSA-OSH-main_7653/ML-DSA-OSH-main/ref_combined/src/Barrett_8380417.v:25]
INFO: [Synth 8-6157] synthesizing module 'DecoupledStage_1' [/mnt/c/PQC/ML_DSA/ML-DSA-OSH-main_7653/ML-DSA-OSH-main/ref_combined/src/Barrett_8380417.v:63]
INFO: [Synth 8-6155] done synthesizing module 'DecoupledStage_1' (0#1) [/mnt/c/PQC/ML_DSA/ML-DSA-OSH-main_7653/ML-DSA-OSH-main/ref_combined/src/Barrett_8380417.v:63]
INFO: [Synth 8-6157] synthesizing module 'DecoupledStage_2' [/mnt/c/PQC/ML_DSA/ML-DSA-OSH-main_7653/ML-DSA-OSH-main/ref_combined/src/Barrett_8380417.v:108]
INFO: [Synth 8-6155] done synthesizing module 'DecoupledStage_2' (0#1) [/mnt/c/PQC/ML_DSA/ML-DSA-OSH-main_7653/ML-DSA-OSH-main/ref_combined/src/Barrett_8380417.v:108]
INFO: [Synth 8-6155] done synthesizing module 'Barrett' (0#1) [/mnt/c/PQC/ML_DSA/ML-DSA-OSH-main_7653/ML-DSA-OSH-main/ref_combined/src/Barrett_8380417.v:146]
INFO: [Synth 8-155] case statement is not full and has no default [/mnt/c/PQC/hqc/asic/arms/bf2x2_baseline/butterfly.v:125]
INFO: [Synth 8-155] case statement is not full and has no default [/mnt/c/PQC/hqc/asic/arms/bf2x2_baseline/butterfly.v:201]
INFO: [Synth 8-6155] done synthesizing module 'butterfly' (0#1) [/mnt/c/PQC/hqc/asic/arms/bf2x2_baseline/butterfly.v:27]
INFO: [Synth 8-6155] done synthesizing module 'butterfly2x2' (0#1) [/mnt/c/PQC/hqc/asic/arms/bf2x2_baseline/butterfly2x2.v:27]
WARNING: [Synth 8-6014] Unused sequential element ajlen4_sub_reg was removed.  [/mnt/c/PQC/hqc/asic/arms/bf2x2_baseline/butterfly.v:200]
---------------------------------------------------------------------------------
Finished Synthesize : Time (s): cpu = 00:00:03 ; elapsed = 00:00:04 . Memory (MB): peak = 2129.449 ; gain = 547.422 ; free physical = 9124 ; free virtual = 18354
---------------------------------------------------------------------------------
---------------------------------------------------------------------------------
Finished Constraint Validation : Time (s): cpu = 00:00:04 ; elapsed = 00:00:04 . Memory (MB): peak = 2144.293 ; gain = 562.266 ; free physical = 9124 ; free virtual = 18354
---------------------------------------------------------------------------------
---------------------------------------------------------------------------------
Start Loading Part and Timing Information
---------------------------------------------------------------------------------
Loading part: xc7a200tfbg676-1
---------------------------------------------------------------------------------
INFO: [Device 21-403] Loading part xc7a200tfbg676-1
Finished Loading Part and Timing Information : Time (s): cpu = 00:00:04 ; elapsed = 00:00:04 . Memory (MB): peak = 2144.293 ; gain = 562.266 ; free physical = 9123 ; free virtual = 18354
---------------------------------------------------------------------------------
---------------------------------------------------------------------------------
Finished RTL Optimization Phase 2 : Time (s): cpu = 00:00:04 ; elapsed = 00:00:05 . Memory (MB): peak = 2176.324 ; gain = 594.297 ; free physical = 9065 ; free virtual = 18312
---------------------------------------------------------------------------------
No constraint files found.
---------------------------------------------------------------------------------
Start RTL Component Statistics 
---------------------------------------------------------------------------------
Detailed RTL Component Info : 
+---Adders : 
	   3 Input   35 Bit       Adders := 4     
	   3 Input   28 Bit       Adders := 4     
	   3 Input   24 Bit       Adders := 8     
	   2 Input   24 Bit       Adders := 32    
	   4 Input   23 Bit       Adders := 4     
	   4 Input   11 Bit       Adders := 4     
+---Registers : 
	               46 Bit    Registers := 4     
	               25 Bit    Registers := 8     
	               24 Bit    Registers := 106   
	               23 Bit    Registers := 8     
	               10 Bit    Registers := 4     
	                3 Bit    Registers := 4     
	                1 Bit    Registers := 12    
+---Muxes : 
	   4 Input   96 Bit        Muxes := 1     
	   2 Input   24 Bit        Muxes := 42    
	   6 Input   24 Bit        Muxes := 24    
	   6 Input    1 Bit        Muxes := 16    
	   2 Input    1 Bit        Muxes := 4     
	   4 Input    1 Bit        Muxes := 6     
---------------------------------------------------------------------------------
Finished RTL Component Statistics 
---------------------------------------------------------------------------------
---------------------------------------------------------------------------------
Start Part Resource Summary
---------------------------------------------------------------------------------
Part Resources:
DSPs: 740 (col length:100)
BRAMs: 730 (col length: RAMB18 100 RAMB36 50)
---------------------------------------------------------------------------------
Finished Part Resource Summary
---------------------------------------------------------------------------------
No constraint files found.
---------------------------------------------------------------------------------
Start Cross Boundary and Area Optimization
---------------------------------------------------------------------------------
DSP Report: Generating DSP barrett_datai_reg0, operation Mode is: A2*B.
DSP Report: register barrett_datai_reg0 is absorbed into DSP barrett_datai_reg0.
DSP Report: operator barrett_datai_reg0 is absorbed into DSP barrett_datai_reg0.
DSP Report: operator barrett_datai_reg0 is absorbed into DSP barrett_datai_reg0.
DSP Report: Generating DSP barrett_datai_reg0, operation Mode is: (PCIN>>17)+A2*B.
DSP Report: register barrett_datai_reg0 is absorbed into DSP barrett_datai_reg0.
DSP Report: operator barrett_datai_reg0 is absorbed into DSP barrett_datai_reg0.
DSP Report: operator barrett_datai_reg0 is absorbed into DSP barrett_datai_reg0.
DSP Report: Generating DSP barrett_datai_reg0, operation Mode is: A2*B.
DSP Report: register barrett_datai_reg0 is absorbed into DSP barrett_datai_reg0.
DSP Report: operator barrett_datai_reg0 is absorbed into DSP barrett_datai_reg0.
DSP Report: operator barrett_datai_reg0 is absorbed into DSP barrett_datai_reg0.
DSP Report: Generating DSP barrett_datai_reg0, operation Mode is: (PCIN>>17)+A2*B.
DSP Report: register barrett_datai_reg0 is absorbed into DSP barrett_datai_reg0.
DSP Report: operator barrett_datai_reg0 is absorbed into DSP barrett_datai_reg0.
DSP Report: operator barrett_datai_reg0 is absorbed into DSP barrett_datai_reg0.
DSP Report: Generating DSP barrett_datai_reg0, operation Mode is: A2*B.
DSP Report: register barrett_datai_reg0 is absorbed into DSP barrett_datai_reg0.
DSP Report: operator barrett_datai_reg0 is absorbed into DSP barrett_datai_reg0.
DSP Report: operator barrett_datai_reg0 is absorbed into DSP barrett_datai_reg0.
DSP Report: Generating DSP barrett_datai_reg0, operation Mode is: (PCIN>>17)+A2*B.
DSP Report: register barrett_datai_reg0 is absorbed into DSP barrett_datai_reg0.
DSP Report: operator barrett_datai_reg0 is absorbed into DSP barrett_datai_reg0.
DSP Report: operator barrett_datai_reg0 is absorbed into DSP barrett_datai_reg0.
DSP Report: Generating DSP barrett_datai_reg0, operation Mode is: A2*B.
DSP Report: register barrett_datai_reg0 is absorbed into DSP barrett_datai_reg0.
DSP Report: operator barrett_datai_reg0 is absorbed into DSP barrett_datai_reg0.
DSP Report: operator barrett_datai_reg0 is absorbed into DSP barrett_datai_reg0.
DSP Report: Generating DSP barrett_datai_reg0, operation Mode is: (PCIN>>17)+A2*B.
DSP Report: register barrett_datai_reg0 is absorbed into DSP barrett_datai_reg0.
DSP Report: operator barrett_datai_reg0 is absorbed into DSP barrett_datai_reg0.
DSP Report: operator barrett_datai_reg0 is absorbed into DSP barrett_datai_reg0.
---------------------------------------------------------------------------------
Finished Cross Boundary and Area Optimization : Time (s): cpu = 00:00:11 ; elapsed = 00:00:12 . Memory (MB): peak = 2377.434 ; gain = 795.406 ; free physical = 8848 ; free virtual = 18106
---------------------------------------------------------------------------------
 Sort Area is  barrett_datai_reg0_0 : 0 0 : 3471 4804 : Used 1 time 0
 Sort Area is  barrett_datai_reg0_0 : 0 1 : 1333 4804 : Used 1 time 0
 Sort Area is  barrett_datai_reg0_3 : 0 0 : 3471 4804 : Used 1 time 0
 Sort Area is  barrett_datai_reg0_3 : 0 1 : 1333 4804 : Used 1 time 0
 Sort Area is  barrett_datai_reg0_4 : 0 0 : 3471 4804 : Used 1 time 0
 Sort Area is  barrett_datai_reg0_4 : 0 1 : 1333 4804 : Used 1 time 0
 Sort Area is  barrett_datai_reg0_5 : 0 0 : 3471 4804 : Used 1 time 0
 Sort Area is  barrett_datai_reg0_5 : 0 1 : 1333 4804 : Used 1 time 0
---------------------------------------------------------------------------------
Start ROM, RAM, DSP, Shift Register and Retiming Reporting
---------------------------------------------------------------------------------

DSP: Preliminary Mapping Report (see note below. The ' indicates corresponding REG is set)
+------------+-----------------+--------+--------+--------+--------+--------+------+------+------+------+-------+------+------+
|Module Name | DSP Mapping     | A Size | B Size | C Size | D Size | P Size | AREG | BREG | CREG | DREG | ADREG | MREG | PREG | 
+------------+-----------------+--------+--------+--------+--------+--------+------+------+------+------+-------+------+------+
|butterfly   | A2*B            | 25     | 18     | -      | -      | 48     | 1    | 0    | -    | -    | -     | 0    | 0    | 
|butterfly   | (PCIN>>17)+A2*B | 25     | 8      | -      | -      | 29     | 1    | 0    | -    | -    | -     | 0    | 0    | 
|butterfly   | A2*B            | 25     | 18     | -      | -      | 48     | 1    | 0    | -    | -    | -     | 0    | 0    | 
|butterfly   | (PCIN>>17)+A2*B | 25     | 8      | -      | -      | 29     | 1    | 0    | -    | -    | -     | 0    | 0    | 
|butterfly   | A2*B            | 25     | 18     | -      | -      | 48     | 1    | 0    | -    | -    | -     | 0    | 0    | 
|butterfly   | (PCIN>>17)+A2*B | 25     | 8      | -      | -      | 29     | 1    | 0    | -    | -    | -     | 0    | 0    | 
|butterfly   | A2*B            | 25     | 18     | -      | -      | 48     | 1    | 0    | -    | -    | -     | 0    | 0    | 
|butterfly   | (PCIN>>17)+A2*B | 25     | 8      | -      | -      | 29     | 1    | 0    | -    | -    | -     | 0    | 0    | 
+------------+-----------------+--------+--------+--------+--------+--------+------+------+------+------+-------+------+------+

Note: The table above is a preliminary report that shows the DSPs inferred at the current stage of the synthesis flow. Some DSP may be reimplemented as non DSP primitives later in the synthesis flow. Multiple instantiated DSPs are reported only once.
---------------------------------------------------------------------------------
Finished ROM, RAM, DSP, Shift Register and Retiming Reporting
---------------------------------------------------------------------------------
No constraint files found.
---------------------------------------------------------------------------------
Start Timing Optimization
---------------------------------------------------------------------------------
---------------------------------------------------------------------------------
Finished Timing Optimization : Time (s): cpu = 00:00:11 ; elapsed = 00:00:12 . Memory (MB): peak = 2377.434 ; gain = 795.406 ; free physical = 8848 ; free virtual = 18106
---------------------------------------------------------------------------------
---------------------------------------------------------------------------------
Start Technology Mapping
---------------------------------------------------------------------------------
---------------------------------------------------------------------------------
Finished Technology Mapping : Time (s): cpu = 00:00:12 ; elapsed = 00:00:13 . Memory (MB): peak = 2377.434 ; gain = 795.406 ; free physical = 8847 ; free virtual = 18106
---------------------------------------------------------------------------------
---------------------------------------------------------------------------------
Start IO Insertion
---------------------------------------------------------------------------------
---------------------------------------------------------------------------------
Start Flattening Before IO Insertion
---------------------------------------------------------------------------------
---------------------------------------------------------------------------------
Finished Flattening Before IO Insertion
---------------------------------------------------------------------------------
---------------------------------------------------------------------------------
Start Final Netlist Cleanup
---------------------------------------------------------------------------------
---------------------------------------------------------------------------------
Finished Final Netlist Cleanup
---------------------------------------------------------------------------------
---------------------------------------------------------------------------------
Finished IO Insertion : Time (s): cpu = 00:00:13 ; elapsed = 00:00:15 . Memory (MB): peak = 2519.246 ; gain = 937.219 ; free physical = 8736 ; free virtual = 17994
---------------------------------------------------------------------------------
---------------------------------------------------------------------------------
Start Renaming Generated Instances
---------------------------------------------------------------------------------
---------------------------------------------------------------------------------
Finished Renaming Generated Instances : Time (s): cpu = 00:00:13 ; elapsed = 00:00:15 . Memory (MB): peak = 2519.246 ; gain = 937.219 ; free physical = 8736 ; free virtual = 17994
---------------------------------------------------------------------------------
---------------------------------------------------------------------------------
Start Rebuilding User Hierarchy
---------------------------------------------------------------------------------
---------------------------------------------------------------------------------
Finished Rebuilding User Hierarchy : Time (s): cpu = 00:00:13 ; elapsed = 00:00:15 . Memory (MB): peak = 2519.246 ; gain = 937.219 ; free physical = 8734 ; free virtual = 17992
---------------------------------------------------------------------------------
---------------------------------------------------------------------------------
Start Renaming Generated Ports
---------------------------------------------------------------------------------
---------------------------------------------------------------------------------
Finished Renaming Generated Ports : Time (s): cpu = 00:00:13 ; elapsed = 00:00:15 . Memory (MB): peak = 2519.246 ; gain = 937.219 ; free physical = 8734 ; free virtual = 17992
---------------------------------------------------------------------------------
---------------------------------------------------------------------------------
Start Handling Custom Attributes
---------------------------------------------------------------------------------
---------------------------------------------------------------------------------
Finished Handling Custom Attributes : Time (s): cpu = 00:00:14 ; elapsed = 00:00:15 . Memory (MB): peak = 2519.246 ; gain = 937.219 ; free physical = 8734 ; free virtual = 17992
---------------------------------------------------------------------------------
---------------------------------------------------------------------------------
Start Renaming Generated Nets
---------------------------------------------------------------------------------
---------------------------------------------------------------------------------
Finished Renaming Generated Nets : Time (s): cpu = 00:00:14 ; elapsed = 00:00:15 . Memory (MB): peak = 2519.246 ; gain = 937.219 ; free physical = 8734 ; free virtual = 17992
---------------------------------------------------------------------------------
---------------------------------------------------------------------------------
Start ROM, RAM, DSP, Shift Register and Retiming Reporting
---------------------------------------------------------------------------------

Static Shift Register Report:
+-------------+-----------------------+--------+-------+--------------+--------------------+-------------------+--------+---------+
|Module Name  | RTL Name              | Length | Width | Reset Signal | Pull out first Reg | Pull out last Reg | SRL16E | SRLC32E | 
+-------------+-----------------------+--------+-------+--------------+--------------------+-------------------+--------+---------+
|butterfly2x2 | BF1_1/aj3_reg[3][23]  | 4      | 24    | NO           | NO                 | YES               | 24     | 0       | 
|butterfly2x2 | BF1_2/aj3_reg[3][23]  | 4      | 24    | NO           | NO                 | YES               | 24     | 0       | 
|butterfly2x2 | BF2_1/aj3_reg[3][23]  | 4      | 24    | NO           | NO                 | YES               | 24     | 0       | 
|butterfly2x2 | BF2_2/aj3_reg[3][23]  | 4      | 24    | NO           | NO                 | YES               | 24     | 0       | 
|butterfly2x2 | z2_sr_reg[5][23]      | 6      | 24    | YES          | NO                 | YES               | 24     | 0       | 
|butterfly2x2 | z3_sr_reg[5][23]      | 6      | 24    | YES          | NO                 | YES               | 24     | 0       | 
|butterfly2x2 | BF1_2/valid_sr_reg[3] | 4      | 2     | YES          | NO                 | YES               | 2      | 0       | 
|butterfly2x2 | BF2_2/valid_sr_reg[3] | 4      | 2     | YES          | NO                 | YES               | 2      | 0       | 
+-------------+-----------------------+--------+-------+--------------+--------------------+-------------------+--------+---------+

---------------------------------------------------------------------------------
Finished ROM, RAM, DSP, Shift Register and Retiming Reporting
---------------------------------------------------------------------------------
---------------------------------------------------------------------------------
Start Writing Synthesis Report
---------------------------------------------------------------------------------

DSP Final Report (the ' indicates corresponding REG is set)
+------------+--------------+--------+--------+--------+--------+--------+------+------+------+------+-------+------+------+
|Module Name | DSP Mapping  | A Size | B Size | C Size | D Size | P Size | AREG | BREG | CREG | DREG | ADREG | MREG | PREG | 
+------------+--------------+--------+--------+--------+--------+--------+------+------+------+------+-------+------+------+
|butterfly   | A'*B         | 24     | 17     | -      | -      | 48     | 1    | 0    | -    | -    | -     | 0    | 0    | 
|butterfly   | PCIN>>17+A*B | 0      | 7      | -      | -      | 29     | 0    | 0    | -    | -    | -     | 0    | 0    | 
|butterfly   | A'*B         | 24     | 17     | -      | -      | 48     | 1    | 0    | -    | -    | -     | 0    | 0    | 
|butterfly   | PCIN>>17+A*B | 0      | 7      | -      | -      | 29     | 0    | 0    | -    | -    | -     | 0    | 0    | 
|butterfly   | A'*B         | 24     | 17     | -      | -      | 48     | 1    | 0    | -    | -    | -     | 0    | 0    | 
|butterfly   | PCIN>>17+A*B | 0      | 7      | -      | -      | 29     | 0    | 0    | -    | -    | -     | 0    | 0    | 
|butterfly   | A'*B         | 24     | 17     | -      | -      | 48     | 1    | 0    | -    | -    | -     | 0    | 0    | 
|butterfly   | PCIN>>17+A*B | 0      | 7      | -      | -      | 29     | 0    | 0    | -    | -    | -     | 0    | 0    | 
+------------+--------------+--------+--------+--------+--------+--------+------+------+------+------+-------+------+------+


Report BlackBoxes: 
+-+--------------+----------+
| |BlackBox name |Instances |
+-+--------------+----------+
+-+--------------+----------+

Report Cell Usage: 
+------+--------+------+
|      |Cell    |Count |
+------+--------+------+
|1     |CARRY4  |   340|
|2     |DSP48E1 |     8|
|3     |LUT1    |   190|
|4     |LUT2    |   554|
|5     |LUT3    |   595|
|6     |LUT4    |   444|
|7     |LUT5    |   689|
|8     |LUT6    |   808|
|9     |SRL16E  |   148|
|10    |FDRE    |  2271|
+------+--------+------+

Report Instance Areas: 
+------+------------+--------------------+------+
|      |Instance    |Module              |Cells |
+------+------------+--------------------+------+
|1     |top         |                    |  6047|
|2     |  BF1_1     |butterfly           |  1355|
|3     |    REDUCER |Barrett_11          |   291|
|4     |      stg0  |DecoupledStage_12   |    59|
|5     |      stg1  |DecoupledStage_1_13 |   111|
|6     |      stg2  |DecoupledStage_2_14 |    23|
|7     |  BF1_2     |butterfly_0         |  1365|
|8     |    REDUCER |Barrett_7           |   291|
|9     |      stg0  |DecoupledStage_8    |    59|
|10    |      stg1  |DecoupledStage_1_9  |   111|
|11    |      stg2  |DecoupledStage_2_10 |    23|
|12    |  BF2_1     |butterfly_1         |  1321|
|13    |    REDUCER |Barrett_3           |   291|
|14    |      stg0  |DecoupledStage_4    |    59|
|15    |      stg1  |DecoupledStage_1_5  |   111|
|16    |      stg2  |DecoupledStage_2_6  |    23|
|17    |  BF2_2     |butterfly_2         |  1665|
|18    |    REDUCER |Barrett             |   293|
|19    |      stg0  |DecoupledStage      |    60|
|20    |      stg1  |DecoupledStage_1    |   112|
|21    |      stg2  |DecoupledStage_2    |    23|
+------+------------+--------------------+------+
---------------------------------------------------------------------------------
Finished Writing Synthesis Report : Time (s): cpu = 00:00:14 ; elapsed = 00:00:15 . Memory (MB): peak = 2519.246 ; gain = 937.219 ; free physical = 8734 ; free virtual = 17992
---------------------------------------------------------------------------------
Synthesis finished with 0 errors, 0 critical warnings and 1 warnings.
Synthesis Optimization Runtime : Time (s): cpu = 00:00:14 ; elapsed = 00:00:15 . Memory (MB): peak = 2519.246 ; gain = 937.219 ; free physical = 8733 ; free virtual = 17991
Synthesis Optimization Complete : Time (s): cpu = 00:00:14 ; elapsed = 00:00:15 . Memory (MB): peak = 2519.254 ; gain = 937.219 ; free physical = 8731 ; free virtual = 17991
INFO: [Project 1-571] Translating synthesized netlist
Netlist sorting complete. Time (s): cpu = 00:00:00.03 ; elapsed = 00:00:00.03 . Memory (MB): peak = 2535.090 ; gain = 0.000 ; free physical = 8880 ; free virtual = 18142
INFO: [Netlist 29-17] Analyzing 348 Unisim elements for replacement
INFO: [Netlist 29-28] Unisim Transformation completed in 0 CPU seconds
INFO: [Project 1-570] Preparing netlist for logic optimization
INFO: [Opt 31-138] Pushed 0 inverter(s) to 0 load pin(s).
Netlist sorting complete. Time (s): cpu = 00:00:00 ; elapsed = 00:00:00 . Memory (MB): peak = 2680.672 ; gain = 0.000 ; free physical = 8760 ; free virtual = 18036
INFO: [Project 1-111] Unisim Transformation Summary:
No Unisim elements were transformed.

Synth Design complete | Checksum: fffdbe1a
INFO: [Common 17-83] Releasing license: Synthesis
27 Infos, 1 Warnings, 0 Critical Warnings and 0 Errors encountered.
synth_design completed successfully
synth_design: Time (s): cpu = 00:00:18 ; elapsed = 00:00:18 . Memory (MB): peak = 2680.707 ; gain = 1098.680 ; free physical = 8760 ; free virtual = 18036
INFO: [Common 17-2834] synth_design peak Physical Memory [PSS] (MB): overall = 2071.904; main = 2071.904; forked = 346.996
INFO: [Common 17-2834] synth_design peak Virtual Memory [VSS] (MB): overall = 3357.160; main = 2680.672; forked = 995.742
# report_utilization -file /tmp/bb_check.util
# puts DONE
DONE
INFO: [Common 17-206] Exiting Vivado at Wed Aug 12 12:34:07 2026...
