Copyright 1986-2022 Xilinx, Inc. All Rights Reserved. Copyright 2022-2025 Advanced Micro Devices, Inc. All Rights Reserved.
---------------------------------------------------------------------------------------------------------------------------------------------
| Tool Version : Vivado v.2025.2 (lin64) Build 6299465 Fri Nov 14 12:34:56 MST 2025
| Date         : Wed Aug 12 11:30:48 2026
| Host         : MSI running 64-bit Ubuntu 26.04 LTS
| Command      : report_timing_summary -file /tmp/fsrch_bf2x2_opt_fpga2_10.0.rpt
| Design       : butterfly2x2
| Device       : 7a200t-fbg676
| Speed File   : -1  PRODUCTION 1.23 2018-06-13
| Design State : Routed
---------------------------------------------------------------------------------------------------------------------------------------------

Timing Summary Report

------------------------------------------------------------------------------------------------
| Timer Settings
| --------------
------------------------------------------------------------------------------------------------

  Enable Multi Corner Analysis               :  Yes
  Enable Pessimism Removal                   :  Yes
  Pessimism Removal Resolution               :  Nearest Common Node
  Enable Input Delay Default Clock           :  No
  Enable Preset / Clear Arcs                 :  No
  Disable Flight Delays                      :  No
  Ignore I/O Paths                           :  No
  Timing Early Launch at Borrowing Latches   :  No
  Borrow Time for Max Delay Exceptions       :  Yes
  Merge Timing Exceptions                    :  Yes
  Inter-SLR Compensation                     :  Conservative

  Corner  Analyze    Analyze    
  Name    Max Paths  Min Paths  
  ------  ---------  ---------  
  Slow    Yes        Yes        
  Fast    Yes        Yes        


------------------------------------------------------------------------------------------------
| Report Methodology
| ------------------
------------------------------------------------------------------------------------------------

No report available as report_methodology has not been run prior. Run report_methodology on the current design for the summary of methodology violations.



check_timing report

Table of Contents
-----------------
1. checking no_clock (0)
2. checking constant_clock (0)
3. checking pulse_width_clock (0)
4. checking unconstrained_internal_endpoints (0)
5. checking no_input_delay (293)
6. checking no_output_delay (97)
7. checking multiple_clock (0)
8. checking generated_clocks (0)
9. checking loops (0)
10. checking partial_input_delay (0)
11. checking partial_output_delay (0)
12. checking latch_loops (0)

1. checking no_clock (0)
------------------------
 There are 0 register/latch pins with no clock.


2. checking constant_clock (0)
------------------------------
 There are 0 register/latch pins with constant_clock.


3. checking pulse_width_clock (0)
---------------------------------
 There are 0 register/latch pins which need pulse_width check


4. checking unconstrained_internal_endpoints (0)
------------------------------------------------
 There are 0 pins that are not constrained for maximum delay.

 There are 0 pins that are not constrained for maximum delay due to constant clock.


5. checking no_input_delay (293)
--------------------------------
 There are 293 input ports with no input delay specified. (HIGH)

 There are 0 input ports with no input delay but user has a false path constraint.


6. checking no_output_delay (97)
--------------------------------
 There are 97 ports with no output delay specified. (HIGH)

 There are 0 ports with no output delay but user has a false path constraint

 There are 0 ports with no output delay but with a timing clock defined on it or propagating through it


7. checking multiple_clock (0)
------------------------------
 There are 0 register/latch pins with multiple clocks.


8. checking generated_clocks (0)
--------------------------------
 There are 0 generated clocks that are not connected to a clock source.


9. checking loops (0)
---------------------
 There are 0 combinational loops in the design.


10. checking partial_input_delay (0)
------------------------------------
 There are 0 input ports with partial input delay specified.


11. checking partial_output_delay (0)
-------------------------------------
 There are 0 ports with partial output delay specified.


12. checking latch_loops (0)
----------------------------
 There are 0 combinational latch loops in the design through latch input



------------------------------------------------------------------------------------------------
| Design Timing Summary
| ---------------------
------------------------------------------------------------------------------------------------

    WNS(ns)      TNS(ns)  TNS Failing Endpoints  TNS Total Endpoints      WHS(ns)      THS(ns)  THS Failing Endpoints  THS Total Endpoints     WPWS(ns)     TPWS(ns)  TPWS Failing Endpoints  TPWS Total Endpoints  
    -------      -------  ---------------------  -------------------      -------      -------  ---------------------  -------------------     --------     --------  ----------------------  --------------------  
      0.092        0.000                      0                 3264        0.046        0.000                      0                 3264        4.020        0.000                       0                  2877  


All user specified timing constraints are met.


------------------------------------------------------------------------------------------------
| Clock Summary
| -------------
------------------------------------------------------------------------------------------------

Clock  Waveform(ns)       Period(ns)      Frequency(MHz)
-----  ------------       ----------      --------------
clk    {0.000 5.000}      10.000          100.000         


------------------------------------------------------------------------------------------------
| Intra Clock Table
| -----------------
------------------------------------------------------------------------------------------------

Clock             WNS(ns)      TNS(ns)  TNS Failing Endpoints  TNS Total Endpoints      WHS(ns)      THS(ns)  THS Failing Endpoints  THS Total Endpoints     WPWS(ns)     TPWS(ns)  TPWS Failing Endpoints  TPWS Total Endpoints  
-----             -------      -------  ---------------------  -------------------      -------      -------  ---------------------  -------------------     --------     --------  ----------------------  --------------------  
clk                 0.092        0.000                      0                 3264        0.046        0.000                      0                 3264        4.020        0.000                       0                  2877  


------------------------------------------------------------------------------------------------
| Inter Clock Table
| -----------------
------------------------------------------------------------------------------------------------

From Clock    To Clock          WNS(ns)      TNS(ns)  TNS Failing Endpoints  TNS Total Endpoints      WHS(ns)      THS(ns)  THS Failing Endpoints  THS Total Endpoints  
----------    --------          -------      -------  ---------------------  -------------------      -------      -------  ---------------------  -------------------  


------------------------------------------------------------------------------------------------
| Other Path Groups Table
| -----------------------
------------------------------------------------------------------------------------------------

Path Group    From Clock    To Clock          WNS(ns)      TNS(ns)  TNS Failing Endpoints  TNS Total Endpoints      WHS(ns)      THS(ns)  THS Failing Endpoints  THS Total Endpoints  
----------    ----------    --------          -------      -------  ---------------------  -------------------      -------      -------  ---------------------  -------------------  


------------------------------------------------------------------------------------------------
| Timing Details
| --------------
------------------------------------------------------------------------------------------------


---------------------------------------------------------------------------------------------------
From Clock:  clk
  To Clock:  clk

Setup :            0  Failing Endpoints,  Worst Slack        0.092ns,  Total Violation        0.000ns
Hold  :            0  Failing Endpoints,  Worst Slack        0.046ns,  Total Violation        0.000ns
PW    :            0  Failing Endpoints,  Worst Slack        4.020ns,  Total Violation        0.000ns
---------------------------------------------------------------------------------------------------


Max Delay Paths
--------------------------------------------------------------------------------------
Slack (MET) :             0.092ns  (required time - arrival time)
  Source:                 BF2_2/modei_reg[2]_rep__1/C
                            (rising edge-triggered cell FDRE clocked by clk  {rise@0.000ns fall@5.000ns period=10.000ns})
  Destination:            BF1_2/ajlen5_reg[17]/D
                            (rising edge-triggered cell FDRE clocked by clk  {rise@0.000ns fall@5.000ns period=10.000ns})
  Path Group:             clk
  Path Type:              Setup (Max at Slow Process Corner)
  Requirement:            10.000ns  (clk rise@10.000ns - clk rise@0.000ns)
  Data Path Delay:        9.901ns  (logic 4.076ns (41.168%)  route 5.825ns (58.832%))
  Logic Levels:           14  (CARRY4=8 LUT2=1 LUT3=2 LUT4=1 LUT6=2)
  Clock Path Skew:        -0.049ns (DCD - SCD + CPR)
    Destination Clock Delay (DCD):    0.924ns = ( 10.924 - 10.000 ) 
    Source Clock Delay      (SCD):    0.973ns
    Clock Pessimism Removal (CPR):    0.000ns
  Clock Uncertainty:      0.035ns  ((TSJ^2 + TIJ^2)^1/2 + DJ) / 2 + PE
    Total System Jitter     (TSJ):    0.071ns
    Total Input Jitter      (TIJ):    0.000ns
    Discrete Jitter          (DJ):    0.000ns
    Phase Error              (PE):    0.000ns

    Location             Delay type                Incr(ns)  Path(ns)    Netlist Resource(s)
  -------------------------------------------------------------------    -------------------
                         (clock clk rise edge)        0.000     0.000 r  
                                                      0.000     0.000 r  clk (IN)
                         net (fo=2880, unset)         0.973     0.973    BF2_2/clk
    SLICE_X24Y74         FDRE                                         r  BF2_2/modei_reg[2]_rep__1/C
  -------------------------------------------------------------------    -------------------
    SLICE_X24Y74         FDRE (Prop_fdre_C_Q)         0.456     1.429 f  BF2_2/modei_reg[2]_rep__1/Q
                         net (fo=110, routed)         1.000     2.429    BF2_2/modei_reg[2]_rep__1_0
    SLICE_X24Y64         LUT3 (Prop_lut3_I2_O)        0.150     2.579 r  BF2_2/ajlen4[23]_i_10__1/O
                         net (fo=136, routed)         1.369     3.948    BF1_2/ajlen4_reg[3]_0
    SLICE_X17Y57         LUT3 (Prop_lut3_I0_O)        0.352     4.300 f  BF1_2/sub_r[3]_i_12__0/O
                         net (fo=3, routed)           0.630     4.930    BF1_2/suba[1]
    SLICE_X21Y57         LUT6 (Prop_lut6_I3_O)        0.326     5.256 r  BF1_2/sub_r[23]_i_54__0/O
                         net (fo=1, routed)           0.514     5.770    BF1_2/sub_r[23]_i_54__0_n_0
    SLICE_X20Y58         CARRY4 (Prop_carry4_DI[0]_CO[3])
                                                      0.550     6.320 r  BF1_2/sub_r_reg[23]_i_41__0/CO[3]
                         net (fo=1, routed)           0.000     6.320    BF1_2/sub_r_reg[23]_i_41__0_n_0
    SLICE_X20Y59         CARRY4 (Prop_carry4_CI_CO[3])
                                                      0.117     6.437 r  BF1_2/sub_r_reg[23]_i_17__0/CO[3]
                         net (fo=1, routed)           0.000     6.437    BF1_2/sub_r_reg[23]_i_17__0_n_0
    SLICE_X20Y60         CARRY4 (Prop_carry4_CI_CO[3])
                                                      0.117     6.554 r  BF1_2/sub_r_reg[23]_i_11__0/CO[3]
                         net (fo=24, routed)          1.014     7.568    BF1_2/sub_r_reg[23]_i_11__0_n_0
    SLICE_X19Y57         LUT4 (Prop_lut4_I1_O)        0.124     7.692 r  BF1_2/sub_r[3]_i_8__0/O
                         net (fo=1, routed)           0.000     7.692    BF1_2/sub_r[3]_i_8__0_n_0
    SLICE_X19Y57         CARRY4 (Prop_carry4_S[1]_CO[3])
                                                      0.550     8.242 r  BF1_2/sub_r_reg[3]_i_1__0/CO[3]
                         net (fo=1, routed)           0.000     8.242    BF1_2/sub_r_reg[3]_i_1__0_n_0
    SLICE_X19Y58         CARRY4 (Prop_carry4_CI_CO[3])
                                                      0.114     8.356 r  BF1_2/sub_r_reg[7]_i_1__0/CO[3]
                         net (fo=1, routed)           0.000     8.356    BF1_2/sub_r_reg[7]_i_1__0_n_0
    SLICE_X19Y59         CARRY4 (Prop_carry4_CI_CO[3])
                                                      0.114     8.470 r  BF1_2/sub_r_reg[11]_i_1__0/CO[3]
                         net (fo=1, routed)           0.000     8.470    BF1_2/sub_r_reg[11]_i_1__0_n_0
    SLICE_X19Y60         CARRY4 (Prop_carry4_CI_CO[3])
                                                      0.114     8.584 r  BF1_2/sub_r_reg[15]_i_1__0/CO[3]
                         net (fo=1, routed)           0.000     8.584    BF1_2/sub_r_reg[15]_i_1__0_n_0
    SLICE_X19Y61         CARRY4 (Prop_carry4_CI_O[1])
                                                      0.348     8.932 r  BF1_2/sub_r_reg[19]_i_1__0/O[1]
                         net (fo=4, routed)           0.582     9.514    BF1_2/data0[17]
    SLICE_X16Y64         LUT2 (Prop_lut2_I1_O)        0.296     9.810 f  BF1_2/ajlen5[17]_i_4__0/O
                         net (fo=1, routed)           0.716    10.526    BF1_2/ajlen5[17]_i_4__0_n_0
    SLICE_X16Y64         LUT6 (Prop_lut6_I5_O)        0.348    10.874 r  BF1_2/ajlen5[17]_i_1__0/O
                         net (fo=1, routed)           0.000    10.874    BF1_2/ajlen5[17]
    SLICE_X16Y64         FDRE                                         r  BF1_2/ajlen5_reg[17]/D
  -------------------------------------------------------------------    -------------------

                         (clock clk rise edge)       10.000    10.000 r  
                                                      0.000    10.000 r  clk (IN)
                         net (fo=2880, unset)         0.924    10.924    BF1_2/clk
    SLICE_X16Y64         FDRE                                         r  BF1_2/ajlen5_reg[17]/C
                         clock pessimism              0.000    10.924    
                         clock uncertainty           -0.035    10.889    
    SLICE_X16Y64         FDRE (Setup_fdre_C_D)        0.077    10.966    BF1_2/ajlen5_reg[17]
  -------------------------------------------------------------------
                         required time                         10.966    
                         arrival time                         -10.874    
  -------------------------------------------------------------------
                         slack                                  0.092    





Min Delay Paths
--------------------------------------------------------------------------------------
Slack (MET) :             0.046ns  (arrival time - required time)
  Source:                 BF1_2/aj2_reg[7]/C
                            (rising edge-triggered cell FDRE clocked by clk  {rise@0.000ns fall@5.000ns period=10.000ns})
  Destination:            BF1_2/aj3_reg[3][7]_srl4/D
                            (rising edge-triggered cell SRL16E clocked by clk  {rise@0.000ns fall@5.000ns period=10.000ns})
  Path Group:             clk
  Path Type:              Hold (Min at Fast Process Corner)
  Requirement:            0.000ns  (clk rise@0.000ns - clk rise@0.000ns)
  Data Path Delay:        0.251ns  (logic 0.141ns (56.174%)  route 0.110ns (43.826%))
  Logic Levels:           0  
  Clock Path Skew:        0.022ns (DCD - SCD - CPR)
    Destination Clock Delay (DCD):    0.432ns
    Source Clock Delay      (SCD):    0.410ns
    Clock Pessimism Removal (CPR):    -0.000ns

    Location             Delay type                Incr(ns)  Path(ns)    Netlist Resource(s)
  -------------------------------------------------------------------    -------------------
                         (clock clk rise edge)        0.000     0.000 r  
                                                      0.000     0.000 r  clk (IN)
                         net (fo=2880, unset)         0.410     0.410    BF1_2/clk
    SLICE_X11Y59         FDRE                                         r  BF1_2/aj2_reg[7]/C
  -------------------------------------------------------------------    -------------------
    SLICE_X11Y59         FDRE (Prop_fdre_C_Q)         0.141     0.551 r  BF1_2/aj2_reg[7]/Q
                         net (fo=1, routed)           0.110     0.661    BF1_2/aj2[7]
    SLICE_X10Y58         SRL16E                                       r  BF1_2/aj3_reg[3][7]_srl4/D
  -------------------------------------------------------------------    -------------------

                         (clock clk rise edge)        0.000     0.000 r  
                                                      0.000     0.000 r  clk (IN)
                         net (fo=2880, unset)         0.432     0.432    BF1_2/clk
    SLICE_X10Y58         SRL16E                                       r  BF1_2/aj3_reg[3][7]_srl4/CLK
                         clock pessimism              0.000     0.432    
    SLICE_X10Y58         SRL16E (Hold_srl16e_CLK_D)
                                                      0.183     0.615    BF1_2/aj3_reg[3][7]_srl4
  -------------------------------------------------------------------
                         required time                         -0.615    
                         arrival time                           0.661    
  -------------------------------------------------------------------
                         slack                                  0.046    





Pulse Width Checks
--------------------------------------------------------------------------------------
Clock Name:         clk
Waveform(ns):       { 0.000 5.000 }
Period(ns):         10.000
Sources:            { clk }

Check Type        Corner  Lib Pin      Reference Pin  Required(ns)  Actual(ns)  Slack(ns)  Location      Pin
Min Period        n/a     DSP48E1/CLK  n/a            2.154         10.000      7.846      DSP48_X2Y23   BF1_1/mult_p_reg/CLK
Low Pulse Width   Slow    SRL16E/CLK   n/a            0.980         5.000       4.020      SLICE_X40Y88  z2_sr_reg[3][0]_srl4___z2_sr_reg_r_2/CLK
High Pulse Width  Slow    SRL16E/CLK   n/a            0.980         5.000       4.020      SLICE_X40Y88  z2_sr_reg[3][0]_srl4___z2_sr_reg_r_2/CLK



