Copyright 1986-2022 Xilinx, Inc. All Rights Reserved. Copyright 2022-2025 Advanced Micro Devices, Inc. All Rights Reserved.
---------------------------------------------------------------------------------------------------------------------------------------------
| Tool Version : Vivado v.2025.2 (lin64) Build 6299465 Fri Nov 14 12:34:56 MST 2025
| Date         : Wed Aug 12 11:33:00 2026
| Host         : MSI running 64-bit Ubuntu 26.04 LTS
| Command      : report_timing_summary -file /tmp/fsrch_bf2x2_base_fpga2_9.0.rpt
| Design       : butterfly2x2
| Device       : 7a200t-fbg676
| Speed File   : -1  PRODUCTION 1.23 2018-06-13
| Design State : Routed
---------------------------------------------------------------------------------------------------------------------------------------------

Timing Summary Report

------------------------------------------------------------------------------------------------
| Timer Settings
| --------------
------------------------------------------------------------------------------------------------

  Enable Multi Corner Analysis               :  Yes
  Enable Pessimism Removal                   :  Yes
  Pessimism Removal Resolution               :  Nearest Common Node
  Enable Input Delay Default Clock           :  No
  Enable Preset / Clear Arcs                 :  No
  Disable Flight Delays                      :  No
  Ignore I/O Paths                           :  No
  Timing Early Launch at Borrowing Latches   :  No
  Borrow Time for Max Delay Exceptions       :  Yes
  Merge Timing Exceptions                    :  Yes
  Inter-SLR Compensation                     :  Conservative

  Corner  Analyze    Analyze    
  Name    Max Paths  Min Paths  
  ------  ---------  ---------  
  Slow    Yes        Yes        
  Fast    Yes        Yes        


------------------------------------------------------------------------------------------------
| Report Methodology
| ------------------
------------------------------------------------------------------------------------------------

No report available as report_methodology has not been run prior. Run report_methodology on the current design for the summary of methodology violations.



check_timing report

Table of Contents
-----------------
1. checking no_clock (0)
2. checking constant_clock (0)
3. checking pulse_width_clock (0)
4. checking unconstrained_internal_endpoints (0)
5. checking no_input_delay (293)
6. checking no_output_delay (97)
7. checking multiple_clock (0)
8. checking generated_clocks (0)
9. checking loops (0)
10. checking partial_input_delay (0)
11. checking partial_output_delay (0)
12. checking latch_loops (0)

1. checking no_clock (0)
------------------------
 There are 0 register/latch pins with no clock.


2. checking constant_clock (0)
------------------------------
 There are 0 register/latch pins with constant_clock.


3. checking pulse_width_clock (0)
---------------------------------
 There are 0 register/latch pins which need pulse_width check


4. checking unconstrained_internal_endpoints (0)
------------------------------------------------
 There are 0 pins that are not constrained for maximum delay.

 There are 0 pins that are not constrained for maximum delay due to constant clock.


5. checking no_input_delay (293)
--------------------------------
 There are 293 input ports with no input delay specified. (HIGH)

 There are 0 input ports with no input delay but user has a false path constraint.


6. checking no_output_delay (97)
--------------------------------
 There are 97 ports with no output delay specified. (HIGH)

 There are 0 ports with no output delay but user has a false path constraint

 There are 0 ports with no output delay but with a timing clock defined on it or propagating through it


7. checking multiple_clock (0)
------------------------------
 There are 0 register/latch pins with multiple clocks.


8. checking generated_clocks (0)
--------------------------------
 There are 0 generated clocks that are not connected to a clock source.


9. checking loops (0)
---------------------
 There are 0 combinational loops in the design.


10. checking partial_input_delay (0)
------------------------------------
 There are 0 input ports with partial input delay specified.


11. checking partial_output_delay (0)
-------------------------------------
 There are 0 ports with partial output delay specified.


12. checking latch_loops (0)
----------------------------
 There are 0 combinational latch loops in the design through latch input



------------------------------------------------------------------------------------------------
| Design Timing Summary
| ---------------------
------------------------------------------------------------------------------------------------

    WNS(ns)      TNS(ns)  TNS Failing Endpoints  TNS Total Endpoints      WHS(ns)      THS(ns)  THS Failing Endpoints  THS Total Endpoints     WPWS(ns)     TPWS(ns)  TPWS Failing Endpoints  TPWS Total Endpoints  
    -------      -------  ---------------------  -------------------      -------      -------  ---------------------  -------------------     --------     --------  ----------------------  --------------------  
     -0.180       -1.031                     19                 2694        0.072        0.000                      0                 2694        3.520        0.000                       0                  2307  


Timing constraints are not met.


------------------------------------------------------------------------------------------------
| Clock Summary
| -------------
------------------------------------------------------------------------------------------------

Clock  Waveform(ns)         Period(ns)      Frequency(MHz)
-----  ------------         ----------      --------------
clk    {0.000 4.500}        9.000           111.111         


------------------------------------------------------------------------------------------------
| Intra Clock Table
| -----------------
------------------------------------------------------------------------------------------------

Clock             WNS(ns)      TNS(ns)  TNS Failing Endpoints  TNS Total Endpoints      WHS(ns)      THS(ns)  THS Failing Endpoints  THS Total Endpoints     WPWS(ns)     TPWS(ns)  TPWS Failing Endpoints  TPWS Total Endpoints  
-----             -------      -------  ---------------------  -------------------      -------      -------  ---------------------  -------------------     --------     --------  ----------------------  --------------------  
clk                -0.180       -1.031                     19                 2694        0.072        0.000                      0                 2694        3.520        0.000                       0                  2307  


------------------------------------------------------------------------------------------------
| Inter Clock Table
| -----------------
------------------------------------------------------------------------------------------------

From Clock    To Clock          WNS(ns)      TNS(ns)  TNS Failing Endpoints  TNS Total Endpoints      WHS(ns)      THS(ns)  THS Failing Endpoints  THS Total Endpoints  
----------    --------          -------      -------  ---------------------  -------------------      -------      -------  ---------------------  -------------------  


------------------------------------------------------------------------------------------------
| Other Path Groups Table
| -----------------------
------------------------------------------------------------------------------------------------

Path Group    From Clock    To Clock          WNS(ns)      TNS(ns)  TNS Failing Endpoints  TNS Total Endpoints      WHS(ns)      THS(ns)  THS Failing Endpoints  THS Total Endpoints  
----------    ----------    --------          -------      -------  ---------------------  -------------------      -------      -------  ---------------------  -------------------  


------------------------------------------------------------------------------------------------
| Timing Details
| --------------
------------------------------------------------------------------------------------------------


---------------------------------------------------------------------------------------------------
From Clock:  clk
  To Clock:  clk

Setup :           19  Failing Endpoints,  Worst Slack       -0.180ns,  Total Violation       -1.031ns
Hold  :            0  Failing Endpoints,  Worst Slack        0.072ns,  Total Violation        0.000ns
PW    :            0  Failing Endpoints,  Worst Slack        3.520ns,  Total Violation        0.000ns
---------------------------------------------------------------------------------------------------


Max Delay Paths
--------------------------------------------------------------------------------------
Slack (VIOLATED) :        -0.180ns  (required time - arrival time)
  Source:                 BF2_2/modei_reg[1]_rep__1/C
                            (rising edge-triggered cell FDRE clocked by clk  {rise@0.000ns fall@4.500ns period=9.000ns})
  Destination:            BF1_1/barrett_datai_reg0/A[22]
                            (rising edge-triggered cell DSP48E1 clocked by clk  {rise@0.000ns fall@4.500ns period=9.000ns})
  Path Group:             clk
  Path Type:              Setup (Max at Slow Process Corner)
  Requirement:            9.000ns  (clk rise@9.000ns - clk rise@0.000ns)
  Data Path Delay:        8.527ns  (logic 3.040ns (35.650%)  route 5.487ns (64.350%))
  Logic Levels:           11  (CARRY4=6 LUT3=3 LUT4=1 LUT6=1)
  Clock Path Skew:        -0.049ns (DCD - SCD + CPR)
    Destination Clock Delay (DCD):    0.924ns = ( 9.924 - 9.000 ) 
    Source Clock Delay      (SCD):    0.973ns
    Clock Pessimism Removal (CPR):    0.000ns
  Clock Uncertainty:      0.035ns  ((TSJ^2 + TIJ^2)^1/2 + DJ) / 2 + PE
    Total System Jitter     (TSJ):    0.071ns
    Total Input Jitter      (TIJ):    0.000ns
    Discrete Jitter          (DJ):    0.000ns
    Phase Error              (PE):    0.000ns

    Location             Delay type                Incr(ns)  Path(ns)    Netlist Resource(s)
  -------------------------------------------------------------------    -------------------
                         (clock clk rise edge)        0.000     0.000 r  
                                                      0.000     0.000 r  clk (IN)
                         net (fo=2310, unset)         0.973     0.973    BF2_2/clk
    SLICE_X21Y81         FDRE                                         r  BF2_2/modei_reg[1]_rep__1/C
  -------------------------------------------------------------------    -------------------
    SLICE_X21Y81         FDRE (Prop_fdre_C_Q)         0.456     1.429 r  BF2_2/modei_reg[1]_rep__1/Q
                         net (fo=116, routed)         0.928     2.357    BF2_2/modei_reg[1]_rep__1_0
    SLICE_X22Y80         LUT3 (Prop_lut3_I1_O)        0.124     2.481 r  BF2_2/ajlen4[23]_i_10__2/O
                         net (fo=136, routed)         1.055     3.536    BF1_1/ajlen4_reg[3]_0
    SLICE_X25Y80         LUT3 (Prop_lut3_I0_O)        0.152     3.688 f  BF1_1/ajlen5[23]_i_21/O
                         net (fo=4, routed)           0.586     4.274    BF1_1/suba[22]
    SLICE_X22Y79         LUT6 (Prop_lut6_I4_O)        0.326     4.600 r  BF1_1/ajlen5[23]_i_26/O
                         net (fo=1, routed)           0.548     5.148    BF1_1/ajlen5[23]_i_26_n_0
    SLICE_X20Y79         CARRY4 (Prop_carry4_DI[3]_CO[3])
                                                      0.396     5.544 r  BF1_1/ajlen5_reg[23]_i_19/CO[3]
                         net (fo=24, routed)          1.121     6.665    BF1_1/ajlen5_reg[23]_i_19_n_0
    SLICE_X23Y76         LUT4 (Prop_lut4_I1_O)        0.124     6.789 r  BF1_1/ajlen5[7]_i_11/O
                         net (fo=1, routed)           0.000     6.789    BF1_1/ajlen5[7]_i_11_n_0
    SLICE_X23Y76         CARRY4 (Prop_carry4_S[1]_CO[3])
                                                      0.550     7.339 r  BF1_1/ajlen5_reg[7]_i_4/CO[3]
                         net (fo=1, routed)           0.000     7.339    BF1_1/ajlen5_reg[7]_i_4_n_0
    SLICE_X23Y77         CARRY4 (Prop_carry4_CI_CO[3])
                                                      0.114     7.453 r  BF1_1/ajlen5_reg[11]_i_4/CO[3]
                         net (fo=1, routed)           0.000     7.453    BF1_1/ajlen5_reg[11]_i_4_n_0
    SLICE_X23Y78         CARRY4 (Prop_carry4_CI_CO[3])
                                                      0.114     7.567 r  BF1_1/ajlen5_reg[15]_i_4/CO[3]
                         net (fo=1, routed)           0.000     7.567    BF1_1/ajlen5_reg[15]_i_4_n_0
    SLICE_X23Y79         CARRY4 (Prop_carry4_CI_CO[3])
                                                      0.114     7.681 r  BF1_1/ajlen5_reg[19]_i_4/CO[3]
                         net (fo=1, routed)           0.000     7.681    BF1_1/ajlen5_reg[19]_i_4_n_0
    SLICE_X23Y80         CARRY4 (Prop_carry4_CI_O[2])
                                                      0.239     7.920 r  BF1_1/ajlen5_reg[23]_i_4/O[2]
                         net (fo=3, routed)           0.868     8.788    BF1_1/data0[22]
    SLICE_X20Y81         LUT3 (Prop_lut3_I0_O)        0.331     9.119 r  BF1_1/barrett_datai_reg0_i_19/O
                         net (fo=1, routed)           0.381     9.500    BF1_1/ajlen2_INTT[22]
    DSP48_X1Y32          DSP48E1                                      r  BF1_1/barrett_datai_reg0/A[22]
  -------------------------------------------------------------------    -------------------

                         (clock clk rise edge)        9.000     9.000 r  
                                                      0.000     9.000 r  clk (IN)
                         net (fo=2310, unset)         0.924     9.924    BF1_1/clk
    DSP48_X1Y32          DSP48E1                                      r  BF1_1/barrett_datai_reg0/CLK
                         clock pessimism              0.000     9.924    
                         clock uncertainty           -0.035     9.889    
    DSP48_X1Y32          DSP48E1 (Setup_dsp48e1_CLK_A[22])
                                                     -0.569     9.320    BF1_1/barrett_datai_reg0
  -------------------------------------------------------------------
                         required time                          9.320    
                         arrival time                          -9.500    
  -------------------------------------------------------------------
                         slack                                 -0.180    





Min Delay Paths
--------------------------------------------------------------------------------------
Slack (MET) :             0.072ns  (arrival time - required time)
  Source:                 BF1_1/aj2_reg[23]/C
                            (rising edge-triggered cell FDRE clocked by clk  {rise@0.000ns fall@4.500ns period=9.000ns})
  Destination:            BF1_1/aj3_reg[2][23]_srl3/D
                            (rising edge-triggered cell SRL16E clocked by clk  {rise@0.000ns fall@4.500ns period=9.000ns})
  Path Group:             clk
  Path Type:              Hold (Min at Fast Process Corner)
  Requirement:            0.000ns  (clk rise@0.000ns - clk rise@0.000ns)
  Data Path Delay:        0.277ns  (logic 0.164ns (59.205%)  route 0.113ns (40.795%))
  Logic Levels:           0  
  Clock Path Skew:        0.022ns (DCD - SCD - CPR)
    Destination Clock Delay (DCD):    0.432ns
    Source Clock Delay      (SCD):    0.410ns
    Clock Pessimism Removal (CPR):    -0.000ns

    Location             Delay type                Incr(ns)  Path(ns)    Netlist Resource(s)
  -------------------------------------------------------------------    -------------------
                         (clock clk rise edge)        0.000     0.000 r  
                                                      0.000     0.000 r  clk (IN)
                         net (fo=2310, unset)         0.410     0.410    BF1_1/clk
    SLICE_X36Y70         FDRE                                         r  BF1_1/aj2_reg[23]/C
  -------------------------------------------------------------------    -------------------
    SLICE_X36Y70         FDRE (Prop_fdre_C_Q)         0.164     0.574 r  BF1_1/aj2_reg[23]/Q
                         net (fo=1, routed)           0.113     0.687    BF1_1/aj2[23]
    SLICE_X36Y69         SRL16E                                       r  BF1_1/aj3_reg[2][23]_srl3/D
  -------------------------------------------------------------------    -------------------

                         (clock clk rise edge)        0.000     0.000 r  
                                                      0.000     0.000 r  clk (IN)
                         net (fo=2310, unset)         0.432     0.432    BF1_1/clk
    SLICE_X36Y69         SRL16E                                       r  BF1_1/aj3_reg[2][23]_srl3/CLK
                         clock pessimism              0.000     0.432    
    SLICE_X36Y69         SRL16E (Hold_srl16e_CLK_D)
                                                      0.183     0.615    BF1_1/aj3_reg[2][23]_srl3
  -------------------------------------------------------------------
                         required time                         -0.615    
                         arrival time                           0.687    
  -------------------------------------------------------------------
                         slack                                  0.072    





Pulse Width Checks
--------------------------------------------------------------------------------------
Clock Name:         clk
Waveform(ns):       { 0.000 4.500 }
Period(ns):         9.000
Sources:            { clk }

Check Type        Corner  Lib Pin      Reference Pin  Required(ns)  Actual(ns)  Slack(ns)  Location      Pin
Min Period        n/a     DSP48E1/CLK  n/a            2.154         9.000       6.846      DSP48_X1Y33   BF1_1/barrett_datai_reg0__0/CLK
Low Pulse Width   Slow    SRL16E/CLK   n/a            0.980         4.500       3.520      SLICE_X14Y63  z2_sr_reg[3][0]_srl4___z2_sr_reg_r_2/CLK
High Pulse Width  Slow    SRL16E/CLK   n/a            0.980         4.500       3.520      SLICE_X14Y63  z2_sr_reg[3][0]_srl4___z2_sr_reg_r_2/CLK



