Copyright 1986-2022 Xilinx, Inc. All Rights Reserved. Copyright 2022-2025 Advanced Micro Devices, Inc. All Rights Reserved.
---------------------------------------------------------------------------------------------------------------------------------------------
| Tool Version : Vivado v.2025.2 (lin64) Build 6299465 Fri Nov 14 12:34:56 MST 2025
| Date         : Wed Aug 12 11:33:43 2026
| Host         : MSI running 64-bit Ubuntu 26.04 LTS
| Command      : report_timing_summary -file /tmp/fsrch_bf2x2_opt_fpga2_8.5.rpt
| Design       : butterfly2x2
| Device       : 7a200t-fbg676
| Speed File   : -1  PRODUCTION 1.23 2018-06-13
| Design State : Routed
---------------------------------------------------------------------------------------------------------------------------------------------

Timing Summary Report

------------------------------------------------------------------------------------------------
| Timer Settings
| --------------
------------------------------------------------------------------------------------------------

  Enable Multi Corner Analysis               :  Yes
  Enable Pessimism Removal                   :  Yes
  Pessimism Removal Resolution               :  Nearest Common Node
  Enable Input Delay Default Clock           :  No
  Enable Preset / Clear Arcs                 :  No
  Disable Flight Delays                      :  No
  Ignore I/O Paths                           :  No
  Timing Early Launch at Borrowing Latches   :  No
  Borrow Time for Max Delay Exceptions       :  Yes
  Merge Timing Exceptions                    :  Yes
  Inter-SLR Compensation                     :  Conservative

  Corner  Analyze    Analyze    
  Name    Max Paths  Min Paths  
  ------  ---------  ---------  
  Slow    Yes        Yes        
  Fast    Yes        Yes        


------------------------------------------------------------------------------------------------
| Report Methodology
| ------------------
------------------------------------------------------------------------------------------------

No report available as report_methodology has not been run prior. Run report_methodology on the current design for the summary of methodology violations.



check_timing report

Table of Contents
-----------------
1. checking no_clock (0)
2. checking constant_clock (0)
3. checking pulse_width_clock (0)
4. checking unconstrained_internal_endpoints (0)
5. checking no_input_delay (293)
6. checking no_output_delay (97)
7. checking multiple_clock (0)
8. checking generated_clocks (0)
9. checking loops (0)
10. checking partial_input_delay (0)
11. checking partial_output_delay (0)
12. checking latch_loops (0)

1. checking no_clock (0)
------------------------
 There are 0 register/latch pins with no clock.


2. checking constant_clock (0)
------------------------------
 There are 0 register/latch pins with constant_clock.


3. checking pulse_width_clock (0)
---------------------------------
 There are 0 register/latch pins which need pulse_width check


4. checking unconstrained_internal_endpoints (0)
------------------------------------------------
 There are 0 pins that are not constrained for maximum delay.

 There are 0 pins that are not constrained for maximum delay due to constant clock.


5. checking no_input_delay (293)
--------------------------------
 There are 293 input ports with no input delay specified. (HIGH)

 There are 0 input ports with no input delay but user has a false path constraint.


6. checking no_output_delay (97)
--------------------------------
 There are 97 ports with no output delay specified. (HIGH)

 There are 0 ports with no output delay but user has a false path constraint

 There are 0 ports with no output delay but with a timing clock defined on it or propagating through it


7. checking multiple_clock (0)
------------------------------
 There are 0 register/latch pins with multiple clocks.


8. checking generated_clocks (0)
--------------------------------
 There are 0 generated clocks that are not connected to a clock source.


9. checking loops (0)
---------------------
 There are 0 combinational loops in the design.


10. checking partial_input_delay (0)
------------------------------------
 There are 0 input ports with partial input delay specified.


11. checking partial_output_delay (0)
-------------------------------------
 There are 0 ports with partial output delay specified.


12. checking latch_loops (0)
----------------------------
 There are 0 combinational latch loops in the design through latch input



------------------------------------------------------------------------------------------------
| Design Timing Summary
| ---------------------
------------------------------------------------------------------------------------------------

    WNS(ns)      TNS(ns)  TNS Failing Endpoints  TNS Total Endpoints      WHS(ns)      THS(ns)  THS Failing Endpoints  THS Total Endpoints     WPWS(ns)     TPWS(ns)  TPWS Failing Endpoints  TPWS Total Endpoints  
    -------      -------  ---------------------  -------------------      -------      -------  ---------------------  -------------------     --------     --------  ----------------------  --------------------  
     -0.111       -0.244                      5                 3264        0.049        0.000                      0                 3264        3.270        0.000                       0                  2877  


Timing constraints are not met.


------------------------------------------------------------------------------------------------
| Clock Summary
| -------------
------------------------------------------------------------------------------------------------

Clock  Waveform(ns)         Period(ns)      Frequency(MHz)
-----  ------------         ----------      --------------
clk    {0.000 4.250}        8.500           117.647         


------------------------------------------------------------------------------------------------
| Intra Clock Table
| -----------------
------------------------------------------------------------------------------------------------

Clock             WNS(ns)      TNS(ns)  TNS Failing Endpoints  TNS Total Endpoints      WHS(ns)      THS(ns)  THS Failing Endpoints  THS Total Endpoints     WPWS(ns)     TPWS(ns)  TPWS Failing Endpoints  TPWS Total Endpoints  
-----             -------      -------  ---------------------  -------------------      -------      -------  ---------------------  -------------------     --------     --------  ----------------------  --------------------  
clk                -0.111       -0.244                      5                 3264        0.049        0.000                      0                 3264        3.270        0.000                       0                  2877  


------------------------------------------------------------------------------------------------
| Inter Clock Table
| -----------------
------------------------------------------------------------------------------------------------

From Clock    To Clock          WNS(ns)      TNS(ns)  TNS Failing Endpoints  TNS Total Endpoints      WHS(ns)      THS(ns)  THS Failing Endpoints  THS Total Endpoints  
----------    --------          -------      -------  ---------------------  -------------------      -------      -------  ---------------------  -------------------  


------------------------------------------------------------------------------------------------
| Other Path Groups Table
| -----------------------
------------------------------------------------------------------------------------------------

Path Group    From Clock    To Clock          WNS(ns)      TNS(ns)  TNS Failing Endpoints  TNS Total Endpoints      WHS(ns)      THS(ns)  THS Failing Endpoints  THS Total Endpoints  
----------    ----------    --------          -------      -------  ---------------------  -------------------      -------      -------  ---------------------  -------------------  


------------------------------------------------------------------------------------------------
| Timing Details
| --------------
------------------------------------------------------------------------------------------------


---------------------------------------------------------------------------------------------------
From Clock:  clk
  To Clock:  clk

Setup :            5  Failing Endpoints,  Worst Slack       -0.111ns,  Total Violation       -0.244ns
Hold  :            0  Failing Endpoints,  Worst Slack        0.049ns,  Total Violation        0.000ns
PW    :            0  Failing Endpoints,  Worst Slack        3.270ns,  Total Violation        0.000ns
---------------------------------------------------------------------------------------------------


Max Delay Paths
--------------------------------------------------------------------------------------
Slack (VIOLATED) :        -0.111ns  (required time - arrival time)
  Source:                 BF2_2/modei_reg[1]_rep__1/C
                            (rising edge-triggered cell FDRE clocked by clk  {rise@0.000ns fall@4.250ns period=8.500ns})
  Destination:            BF1_1/ajlen5_reg[22]/D
                            (rising edge-triggered cell FDRE clocked by clk  {rise@0.000ns fall@4.250ns period=8.500ns})
  Path Group:             clk
  Path Type:              Setup (Max at Slow Process Corner)
  Requirement:            8.500ns  (clk rise@8.500ns - clk rise@0.000ns)
  Data Path Delay:        8.604ns  (logic 3.152ns (36.636%)  route 5.452ns (63.364%))
  Logic Levels:           14  (CARRY4=8 LUT2=1 LUT4=1 LUT6=4)
  Clock Path Skew:        -0.049ns (DCD - SCD + CPR)
    Destination Clock Delay (DCD):    0.924ns = ( 9.424 - 8.500 ) 
    Source Clock Delay      (SCD):    0.973ns
    Clock Pessimism Removal (CPR):    0.000ns
  Clock Uncertainty:      0.035ns  ((TSJ^2 + TIJ^2)^1/2 + DJ) / 2 + PE
    Total System Jitter     (TSJ):    0.071ns
    Total Input Jitter      (TIJ):    0.000ns
    Discrete Jitter          (DJ):    0.000ns
    Phase Error              (PE):    0.000ns

    Location             Delay type                Incr(ns)  Path(ns)    Netlist Resource(s)
  -------------------------------------------------------------------    -------------------
                         (clock clk rise edge)        0.000     0.000 r  
                                                      0.000     0.000 r  clk (IN)
                         net (fo=2880, unset)         0.973     0.973    BF2_2/clk
    SLICE_X35Y63         FDRE                                         r  BF2_2/modei_reg[1]_rep__1/C
  -------------------------------------------------------------------    -------------------
    SLICE_X35Y63         FDRE (Prop_fdre_C_Q)         0.456     1.429 f  BF2_2/modei_reg[1]_rep__1/Q
                         net (fo=116, routed)         0.783     2.212    BF2_2/modei_reg[1]_rep__1_0
    SLICE_X33Y59         LUT2 (Prop_lut2_I1_O)        0.124     2.336 r  BF2_2/sub_r[15]_i_10__2/O
                         net (fo=48, routed)          0.955     3.291    BF1_1/sub_r_reg[3]_3
    SLICE_X42Y60         LUT6 (Prop_lut6_I3_O)        0.124     3.415 f  BF1_1/sub_r[15]_i_5/O
                         net (fo=4, routed)           0.929     4.344    BF1_1/sub_r[15]_i_5_n_0
    SLICE_X34Y65         LUT6 (Prop_lut6_I5_O)        0.124     4.468 r  BF1_1/sub_r[23]_i_43/O
                         net (fo=1, routed)           0.733     5.201    BF1_1/sub_r[23]_i_43_n_0
    SLICE_X34Y63         CARRY4 (Prop_carry4_DI[2]_CO[3])
                                                      0.398     5.599 r  BF1_1/sub_r_reg[23]_i_17/CO[3]
                         net (fo=1, routed)           0.000     5.599    BF1_1/sub_r_reg[23]_i_17_n_0
    SLICE_X34Y64         CARRY4 (Prop_carry4_CI_CO[3])
                                                      0.114     5.713 r  BF1_1/sub_r_reg[23]_i_11/CO[3]
                         net (fo=24, routed)          0.863     6.576    BF1_1/sub_r_reg[23]_i_11_n_0
    SLICE_X35Y62         LUT4 (Prop_lut4_I1_O)        0.124     6.700 r  BF1_1/sub_r[3]_i_8/O
                         net (fo=1, routed)           0.000     6.700    BF1_1/sub_r[3]_i_8_n_0
    SLICE_X35Y62         CARRY4 (Prop_carry4_S[1]_CO[3])
                                                      0.550     7.250 r  BF1_1/sub_r_reg[3]_i_1/CO[3]
                         net (fo=1, routed)           0.000     7.250    BF1_1/sub_r_reg[3]_i_1_n_0
    SLICE_X35Y63         CARRY4 (Prop_carry4_CI_CO[3])
                                                      0.114     7.364 r  BF1_1/sub_r_reg[7]_i_1/CO[3]
                         net (fo=1, routed)           0.000     7.364    BF1_1/sub_r_reg[7]_i_1_n_0
    SLICE_X35Y64         CARRY4 (Prop_carry4_CI_CO[3])
                                                      0.114     7.478 r  BF1_1/sub_r_reg[11]_i_1/CO[3]
                         net (fo=1, routed)           0.000     7.478    BF1_1/sub_r_reg[11]_i_1_n_0
    SLICE_X35Y65         CARRY4 (Prop_carry4_CI_CO[3])
                                                      0.114     7.592 r  BF1_1/sub_r_reg[15]_i_1/CO[3]
                         net (fo=1, routed)           0.000     7.592    BF1_1/sub_r_reg[15]_i_1_n_0
    SLICE_X35Y66         CARRY4 (Prop_carry4_CI_CO[3])
                                                      0.114     7.706 r  BF1_1/sub_r_reg[19]_i_1/CO[3]
                         net (fo=1, routed)           0.000     7.706    BF1_1/sub_r_reg[19]_i_1_n_0
    SLICE_X35Y67         CARRY4 (Prop_carry4_CI_O[2])
                                                      0.256     7.962 r  BF1_1/sub_r_reg[23]_i_1/O[2]
                         net (fo=3, routed)           0.603     8.564    BF1_1/data0[22]
    SLICE_X39Y69         LUT6 (Prop_lut6_I3_O)        0.302     8.866 f  BF1_1/ajlen5[22]_i_3/O
                         net (fo=1, routed)           0.586     9.453    BF1_1/ajlen5[22]_i_3_n_0
    SLICE_X40Y69         LUT6 (Prop_lut6_I3_O)        0.124     9.577 r  BF1_1/ajlen5[22]_i_1/O
                         net (fo=1, routed)           0.000     9.577    BF1_1/ajlen5[22]
    SLICE_X40Y69         FDRE                                         r  BF1_1/ajlen5_reg[22]/D
  -------------------------------------------------------------------    -------------------

                         (clock clk rise edge)        8.500     8.500 r  
                                                      0.000     8.500 r  clk (IN)
                         net (fo=2880, unset)         0.924     9.424    BF1_1/clk
    SLICE_X40Y69         FDRE                                         r  BF1_1/ajlen5_reg[22]/C
                         clock pessimism              0.000     9.424    
                         clock uncertainty           -0.035     9.389    
    SLICE_X40Y69         FDRE (Setup_fdre_C_D)        0.077     9.466    BF1_1/ajlen5_reg[22]
  -------------------------------------------------------------------
                         required time                          9.466    
                         arrival time                          -9.577    
  -------------------------------------------------------------------
                         slack                                 -0.111    





Min Delay Paths
--------------------------------------------------------------------------------------
Slack (MET) :             0.049ns  (arrival time - required time)
  Source:                 BF1_1/aj2_reg[15]/C
                            (rising edge-triggered cell FDRE clocked by clk  {rise@0.000ns fall@4.250ns period=8.500ns})
  Destination:            BF1_1/aj3_reg[3][15]_srl4/D
                            (rising edge-triggered cell SRL16E clocked by clk  {rise@0.000ns fall@4.250ns period=8.500ns})
  Path Group:             clk
  Path Type:              Hold (Min at Fast Process Corner)
  Requirement:            0.000ns  (clk rise@0.000ns - clk rise@0.000ns)
  Data Path Delay:        0.254ns  (logic 0.141ns (55.511%)  route 0.113ns (44.489%))
  Logic Levels:           0  
  Clock Path Skew:        0.022ns (DCD - SCD - CPR)
    Destination Clock Delay (DCD):    0.432ns
    Source Clock Delay      (SCD):    0.410ns
    Clock Pessimism Removal (CPR):    -0.000ns

    Location             Delay type                Incr(ns)  Path(ns)    Netlist Resource(s)
  -------------------------------------------------------------------    -------------------
                         (clock clk rise edge)        0.000     0.000 r  
                                                      0.000     0.000 r  clk (IN)
                         net (fo=2880, unset)         0.410     0.410    BF1_1/clk
    SLICE_X57Y65         FDRE                                         r  BF1_1/aj2_reg[15]/C
  -------------------------------------------------------------------    -------------------
    SLICE_X57Y65         FDRE (Prop_fdre_C_Q)         0.141     0.551 r  BF1_1/aj2_reg[15]/Q
                         net (fo=1, routed)           0.113     0.664    BF1_1/aj2[15]
    SLICE_X56Y64         SRL16E                                       r  BF1_1/aj3_reg[3][15]_srl4/D
  -------------------------------------------------------------------    -------------------

                         (clock clk rise edge)        0.000     0.000 r  
                                                      0.000     0.000 r  clk (IN)
                         net (fo=2880, unset)         0.432     0.432    BF1_1/clk
    SLICE_X56Y64         SRL16E                                       r  BF1_1/aj3_reg[3][15]_srl4/CLK
                         clock pessimism              0.000     0.432    
    SLICE_X56Y64         SRL16E (Hold_srl16e_CLK_D)
                                                      0.183     0.615    BF1_1/aj3_reg[3][15]_srl4
  -------------------------------------------------------------------
                         required time                         -0.615    
                         arrival time                           0.664    
  -------------------------------------------------------------------
                         slack                                  0.049    





Pulse Width Checks
--------------------------------------------------------------------------------------
Clock Name:         clk
Waveform(ns):       { 0.000 4.250 }
Period(ns):         8.500
Sources:            { clk }

Check Type        Corner  Lib Pin      Reference Pin  Required(ns)  Actual(ns)  Slack(ns)  Location      Pin
Min Period        n/a     DSP48E1/CLK  n/a            2.154         8.500       6.346      DSP48_X1Y21   BF1_1/mult_p_reg/CLK
Low Pulse Width   Slow    SRL16E/CLK   n/a            0.980         4.250       3.270      SLICE_X36Y49  z2_sr_reg[3][0]_srl4___z2_sr_reg_r_2/CLK
High Pulse Width  Slow    SRL16E/CLK   n/a            0.980         4.250       3.270      SLICE_X36Y49  z2_sr_reg[3][0]_srl4___z2_sr_reg_r_2/CLK



