Copyright 1986-2022 Xilinx, Inc. All Rights Reserved. Copyright 2022-2025 Advanced Micro Devices, Inc. All Rights Reserved.
---------------------------------------------------------------------------------------------------------------------------------------------
| Tool Version : Vivado v.2025.2 (lin64) Build 6299465 Fri Nov 14 12:34:56 MST 2025
| Date         : Wed Aug 12 11:32:07 2026
| Host         : MSI running 64-bit Ubuntu 26.04 LTS
| Command      : report_timing_summary -file /tmp/fsrch_bf2x2_opt_fpga2_9.0.rpt
| Design       : butterfly2x2
| Device       : 7a200t-fbg676
| Speed File   : -1  PRODUCTION 1.23 2018-06-13
| Design State : Routed
---------------------------------------------------------------------------------------------------------------------------------------------

Timing Summary Report

------------------------------------------------------------------------------------------------
| Timer Settings
| --------------
------------------------------------------------------------------------------------------------

  Enable Multi Corner Analysis               :  Yes
  Enable Pessimism Removal                   :  Yes
  Pessimism Removal Resolution               :  Nearest Common Node
  Enable Input Delay Default Clock           :  No
  Enable Preset / Clear Arcs                 :  No
  Disable Flight Delays                      :  No
  Ignore I/O Paths                           :  No
  Timing Early Launch at Borrowing Latches   :  No
  Borrow Time for Max Delay Exceptions       :  Yes
  Merge Timing Exceptions                    :  Yes
  Inter-SLR Compensation                     :  Conservative

  Corner  Analyze    Analyze    
  Name    Max Paths  Min Paths  
  ------  ---------  ---------  
  Slow    Yes        Yes        
  Fast    Yes        Yes        


------------------------------------------------------------------------------------------------
| Report Methodology
| ------------------
------------------------------------------------------------------------------------------------

No report available as report_methodology has not been run prior. Run report_methodology on the current design for the summary of methodology violations.



check_timing report

Table of Contents
-----------------
1. checking no_clock (0)
2. checking constant_clock (0)
3. checking pulse_width_clock (0)
4. checking unconstrained_internal_endpoints (0)
5. checking no_input_delay (293)
6. checking no_output_delay (97)
7. checking multiple_clock (0)
8. checking generated_clocks (0)
9. checking loops (0)
10. checking partial_input_delay (0)
11. checking partial_output_delay (0)
12. checking latch_loops (0)

1. checking no_clock (0)
------------------------
 There are 0 register/latch pins with no clock.


2. checking constant_clock (0)
------------------------------
 There are 0 register/latch pins with constant_clock.


3. checking pulse_width_clock (0)
---------------------------------
 There are 0 register/latch pins which need pulse_width check


4. checking unconstrained_internal_endpoints (0)
------------------------------------------------
 There are 0 pins that are not constrained for maximum delay.

 There are 0 pins that are not constrained for maximum delay due to constant clock.


5. checking no_input_delay (293)
--------------------------------
 There are 293 input ports with no input delay specified. (HIGH)

 There are 0 input ports with no input delay but user has a false path constraint.


6. checking no_output_delay (97)
--------------------------------
 There are 97 ports with no output delay specified. (HIGH)

 There are 0 ports with no output delay but user has a false path constraint

 There are 0 ports with no output delay but with a timing clock defined on it or propagating through it


7. checking multiple_clock (0)
------------------------------
 There are 0 register/latch pins with multiple clocks.


8. checking generated_clocks (0)
--------------------------------
 There are 0 generated clocks that are not connected to a clock source.


9. checking loops (0)
---------------------
 There are 0 combinational loops in the design.


10. checking partial_input_delay (0)
------------------------------------
 There are 0 input ports with partial input delay specified.


11. checking partial_output_delay (0)
-------------------------------------
 There are 0 ports with partial output delay specified.


12. checking latch_loops (0)
----------------------------
 There are 0 combinational latch loops in the design through latch input



------------------------------------------------------------------------------------------------
| Design Timing Summary
| ---------------------
------------------------------------------------------------------------------------------------

    WNS(ns)      TNS(ns)  TNS Failing Endpoints  TNS Total Endpoints      WHS(ns)      THS(ns)  THS Failing Endpoints  THS Total Endpoints     WPWS(ns)     TPWS(ns)  TPWS Failing Endpoints  TPWS Total Endpoints  
    -------      -------  ---------------------  -------------------      -------      -------  ---------------------  -------------------     --------     --------  ----------------------  --------------------  
      0.047        0.000                      0                 3264        0.037        0.000                      0                 3264        3.520        0.000                       0                  2877  


All user specified timing constraints are met.


------------------------------------------------------------------------------------------------
| Clock Summary
| -------------
------------------------------------------------------------------------------------------------

Clock  Waveform(ns)         Period(ns)      Frequency(MHz)
-----  ------------         ----------      --------------
clk    {0.000 4.500}        9.000           111.111         


------------------------------------------------------------------------------------------------
| Intra Clock Table
| -----------------
------------------------------------------------------------------------------------------------

Clock             WNS(ns)      TNS(ns)  TNS Failing Endpoints  TNS Total Endpoints      WHS(ns)      THS(ns)  THS Failing Endpoints  THS Total Endpoints     WPWS(ns)     TPWS(ns)  TPWS Failing Endpoints  TPWS Total Endpoints  
-----             -------      -------  ---------------------  -------------------      -------      -------  ---------------------  -------------------     --------     --------  ----------------------  --------------------  
clk                 0.047        0.000                      0                 3264        0.037        0.000                      0                 3264        3.520        0.000                       0                  2877  


------------------------------------------------------------------------------------------------
| Inter Clock Table
| -----------------
------------------------------------------------------------------------------------------------

From Clock    To Clock          WNS(ns)      TNS(ns)  TNS Failing Endpoints  TNS Total Endpoints      WHS(ns)      THS(ns)  THS Failing Endpoints  THS Total Endpoints  
----------    --------          -------      -------  ---------------------  -------------------      -------      -------  ---------------------  -------------------  


------------------------------------------------------------------------------------------------
| Other Path Groups Table
| -----------------------
------------------------------------------------------------------------------------------------

Path Group    From Clock    To Clock          WNS(ns)      TNS(ns)  TNS Failing Endpoints  TNS Total Endpoints      WHS(ns)      THS(ns)  THS Failing Endpoints  THS Total Endpoints  
----------    ----------    --------          -------      -------  ---------------------  -------------------      -------      -------  ---------------------  -------------------  


------------------------------------------------------------------------------------------------
| Timing Details
| --------------
------------------------------------------------------------------------------------------------


---------------------------------------------------------------------------------------------------
From Clock:  clk
  To Clock:  clk

Setup :            0  Failing Endpoints,  Worst Slack        0.047ns,  Total Violation        0.000ns
Hold  :            0  Failing Endpoints,  Worst Slack        0.037ns,  Total Violation        0.000ns
PW    :            0  Failing Endpoints,  Worst Slack        3.520ns,  Total Violation        0.000ns
---------------------------------------------------------------------------------------------------


Max Delay Paths
--------------------------------------------------------------------------------------
Slack (MET) :             0.047ns  (required time - arrival time)
  Source:                 BF2_2/modei_reg[0]_rep/C
                            (rising edge-triggered cell FDRE clocked by clk  {rise@0.000ns fall@4.500ns period=9.000ns})
  Destination:            BF1_2/ajlen5_reg[22]/D
                            (rising edge-triggered cell FDRE clocked by clk  {rise@0.000ns fall@4.500ns period=9.000ns})
  Path Group:             clk
  Path Type:              Setup (Max at Slow Process Corner)
  Requirement:            9.000ns  (clk rise@9.000ns - clk rise@0.000ns)
  Data Path Delay:        8.950ns  (logic 3.394ns (37.923%)  route 5.556ns (62.077%))
  Logic Levels:           15  (CARRY4=9 LUT3=1 LUT4=1 LUT6=4)
  Clock Path Skew:        -0.049ns (DCD - SCD + CPR)
    Destination Clock Delay (DCD):    0.924ns = ( 9.924 - 9.000 ) 
    Source Clock Delay      (SCD):    0.973ns
    Clock Pessimism Removal (CPR):    0.000ns
  Clock Uncertainty:      0.035ns  ((TSJ^2 + TIJ^2)^1/2 + DJ) / 2 + PE
    Total System Jitter     (TSJ):    0.071ns
    Total Input Jitter      (TIJ):    0.000ns
    Discrete Jitter          (DJ):    0.000ns
    Phase Error              (PE):    0.000ns

    Location             Delay type                Incr(ns)  Path(ns)    Netlist Resource(s)
  -------------------------------------------------------------------    -------------------
                         (clock clk rise edge)        0.000     0.000 r  
                                                      0.000     0.000 r  clk (IN)
                         net (fo=2880, unset)         0.973     0.973    BF2_2/clk
    SLICE_X37Y79         FDRE                                         r  BF2_2/modei_reg[0]_rep/C
  -------------------------------------------------------------------    -------------------
    SLICE_X37Y79         FDRE (Prop_fdre_C_Q)         0.456     1.429 r  BF2_2/modei_reg[0]_rep/Q
                         net (fo=96, routed)          1.418     2.847    BF1_2/sub_r_reg[3]_0
    SLICE_X36Y69         LUT6 (Prop_lut6_I1_O)        0.124     2.971 f  BF1_2/sub_r[3]_i_15__0/O
                         net (fo=2, routed)           0.731     3.702    BF1_2/sub_r[3]_i_15__0_n_0
    SLICE_X29Y68         LUT3 (Prop_lut3_I2_O)        0.124     3.826 f  BF1_2/sub_r[3]_i_12__0/O
                         net (fo=3, routed)           0.416     4.242    BF1_2/suba[1]
    SLICE_X29Y69         LUT6 (Prop_lut6_I3_O)        0.124     4.366 r  BF1_2/sub_r[23]_i_54__0/O
                         net (fo=1, routed)           0.379     4.745    BF1_2/sub_r[23]_i_54__0_n_0
    SLICE_X29Y70         CARRY4 (Prop_carry4_DI[0]_CO[3])
                                                      0.526     5.271 r  BF1_2/sub_r_reg[23]_i_41__0/CO[3]
                         net (fo=1, routed)           0.000     5.271    BF1_2/sub_r_reg[23]_i_41__0_n_0
    SLICE_X29Y71         CARRY4 (Prop_carry4_CI_CO[3])
                                                      0.114     5.385 r  BF1_2/sub_r_reg[23]_i_17__0/CO[3]
                         net (fo=1, routed)           0.000     5.385    BF1_2/sub_r_reg[23]_i_17__0_n_0
    SLICE_X29Y72         CARRY4 (Prop_carry4_CI_CO[3])
                                                      0.114     5.499 r  BF1_2/sub_r_reg[23]_i_11__0/CO[3]
                         net (fo=24, routed)          1.325     6.824    BF1_2/sub_r_reg[23]_i_11__0_n_0
    SLICE_X39Y69         LUT4 (Prop_lut4_I1_O)        0.124     6.948 r  BF1_2/sub_r[3]_i_8__0/O
                         net (fo=1, routed)           0.000     6.948    BF1_2/sub_r[3]_i_8__0_n_0
    SLICE_X39Y69         CARRY4 (Prop_carry4_S[1]_CO[3])
                                                      0.550     7.498 r  BF1_2/sub_r_reg[3]_i_1__0/CO[3]
                         net (fo=1, routed)           0.000     7.498    BF1_2/sub_r_reg[3]_i_1__0_n_0
    SLICE_X39Y70         CARRY4 (Prop_carry4_CI_CO[3])
                                                      0.114     7.612 r  BF1_2/sub_r_reg[7]_i_1__0/CO[3]
                         net (fo=1, routed)           0.000     7.612    BF1_2/sub_r_reg[7]_i_1__0_n_0
    SLICE_X39Y71         CARRY4 (Prop_carry4_CI_CO[3])
                                                      0.114     7.726 r  BF1_2/sub_r_reg[11]_i_1__0/CO[3]
                         net (fo=1, routed)           0.000     7.726    BF1_2/sub_r_reg[11]_i_1__0_n_0
    SLICE_X39Y72         CARRY4 (Prop_carry4_CI_CO[3])
                                                      0.114     7.840 r  BF1_2/sub_r_reg[15]_i_1__0/CO[3]
                         net (fo=1, routed)           0.000     7.840    BF1_2/sub_r_reg[15]_i_1__0_n_0
    SLICE_X39Y73         CARRY4 (Prop_carry4_CI_CO[3])
                                                      0.114     7.954 r  BF1_2/sub_r_reg[19]_i_1__0/CO[3]
                         net (fo=1, routed)           0.000     7.954    BF1_2/sub_r_reg[19]_i_1__0_n_0
    SLICE_X39Y74         CARRY4 (Prop_carry4_CI_O[2])
                                                      0.256     8.210 r  BF1_2/sub_r_reg[23]_i_1__0/O[2]
                         net (fo=3, routed)           0.719     8.930    BF1_2/data0[22]
    SLICE_X42Y76         LUT6 (Prop_lut6_I3_O)        0.302     9.232 f  BF1_2/ajlen5[22]_i_3__0/O
                         net (fo=1, routed)           0.567     9.799    BF1_2/ajlen5[22]_i_3__0_n_0
    SLICE_X42Y76         LUT6 (Prop_lut6_I3_O)        0.124     9.923 r  BF1_2/ajlen5[22]_i_1__0/O
                         net (fo=1, routed)           0.000     9.923    BF1_2/ajlen5[22]
    SLICE_X42Y76         FDRE                                         r  BF1_2/ajlen5_reg[22]/D
  -------------------------------------------------------------------    -------------------

                         (clock clk rise edge)        9.000     9.000 r  
                                                      0.000     9.000 r  clk (IN)
                         net (fo=2880, unset)         0.924     9.924    BF1_2/clk
    SLICE_X42Y76         FDRE                                         r  BF1_2/ajlen5_reg[22]/C
                         clock pessimism              0.000     9.924    
                         clock uncertainty           -0.035     9.889    
    SLICE_X42Y76         FDRE (Setup_fdre_C_D)        0.081     9.970    BF1_2/ajlen5_reg[22]
  -------------------------------------------------------------------
                         required time                          9.970    
                         arrival time                          -9.923    
  -------------------------------------------------------------------
                         slack                                  0.047    





Min Delay Paths
--------------------------------------------------------------------------------------
Slack (MET) :             0.037ns  (arrival time - required time)
  Source:                 BF2_2/aj2_reg[7]/C
                            (rising edge-triggered cell FDRE clocked by clk  {rise@0.000ns fall@4.500ns period=9.000ns})
  Destination:            BF2_2/aj3_reg[3][7]_srl4/D
                            (rising edge-triggered cell SRL16E clocked by clk  {rise@0.000ns fall@4.500ns period=9.000ns})
  Path Group:             clk
  Path Type:              Hold (Min at Fast Process Corner)
  Requirement:            0.000ns  (clk rise@0.000ns - clk rise@0.000ns)
  Data Path Delay:        0.241ns  (logic 0.141ns (58.447%)  route 0.100ns (41.553%))
  Logic Levels:           0  
  Clock Path Skew:        0.022ns (DCD - SCD - CPR)
    Destination Clock Delay (DCD):    0.432ns
    Source Clock Delay      (SCD):    0.410ns
    Clock Pessimism Removal (CPR):    -0.000ns

    Location             Delay type                Incr(ns)  Path(ns)    Netlist Resource(s)
  -------------------------------------------------------------------    -------------------
                         (clock clk rise edge)        0.000     0.000 r  
                                                      0.000     0.000 r  clk (IN)
                         net (fo=2880, unset)         0.410     0.410    BF2_2/clk
    SLICE_X5Y78          FDRE                                         r  BF2_2/aj2_reg[7]/C
  -------------------------------------------------------------------    -------------------
    SLICE_X5Y78          FDRE (Prop_fdre_C_Q)         0.141     0.551 r  BF2_2/aj2_reg[7]/Q
                         net (fo=1, routed)           0.100     0.651    BF2_2/aj2[7]
    SLICE_X6Y77          SRL16E                                       r  BF2_2/aj3_reg[3][7]_srl4/D
  -------------------------------------------------------------------    -------------------

                         (clock clk rise edge)        0.000     0.000 r  
                                                      0.000     0.000 r  clk (IN)
                         net (fo=2880, unset)         0.432     0.432    BF2_2/clk
    SLICE_X6Y77          SRL16E                                       r  BF2_2/aj3_reg[3][7]_srl4/CLK
                         clock pessimism              0.000     0.432    
    SLICE_X6Y77          SRL16E (Hold_srl16e_CLK_D)
                                                      0.183     0.615    BF2_2/aj3_reg[3][7]_srl4
  -------------------------------------------------------------------
                         required time                         -0.615    
                         arrival time                           0.651    
  -------------------------------------------------------------------
                         slack                                  0.037    





Pulse Width Checks
--------------------------------------------------------------------------------------
Clock Name:         clk
Waveform(ns):       { 0.000 4.500 }
Period(ns):         9.000
Sources:            { clk }

Check Type        Corner  Lib Pin      Reference Pin  Required(ns)  Actual(ns)  Slack(ns)  Location      Pin
Min Period        n/a     DSP48E1/CLK  n/a            2.154         9.000       6.846      DSP48_X1Y27   BF1_1/mult_p_reg/CLK
Low Pulse Width   Slow    SRL16E/CLK   n/a            0.980         4.500       3.520      SLICE_X36Y94  z2_sr_reg[3][0]_srl4___z2_sr_reg_r_2/CLK
High Pulse Width  Slow    SRL16E/CLK   n/a            0.980         4.500       3.520      SLICE_X36Y94  z2_sr_reg[3][0]_srl4___z2_sr_reg_r_2/CLK



