Copyright 1986-2022 Xilinx, Inc. All Rights Reserved. Copyright 2022-2025 Advanced Micro Devices, Inc. All Rights Reserved.
---------------------------------------------------------------------------------------------------------------------------------------------
| Tool Version : Vivado v.2025.2 (lin64) Build 6299465 Fri Nov 14 12:34:56 MST 2025
| Date         : Wed Aug 12 11:36:59 2026
| Host         : MSI running 64-bit Ubuntu 26.04 LTS
| Command      : report_timing_summary -file /tmp/fsrch_bf2x2_opt_fpga2_8.62.rpt
| Design       : butterfly2x2
| Device       : 7a200t-fbg676
| Speed File   : -1  PRODUCTION 1.23 2018-06-13
| Design State : Routed
---------------------------------------------------------------------------------------------------------------------------------------------

Timing Summary Report

------------------------------------------------------------------------------------------------
| Timer Settings
| --------------
------------------------------------------------------------------------------------------------

  Enable Multi Corner Analysis               :  Yes
  Enable Pessimism Removal                   :  Yes
  Pessimism Removal Resolution               :  Nearest Common Node
  Enable Input Delay Default Clock           :  No
  Enable Preset / Clear Arcs                 :  No
  Disable Flight Delays                      :  No
  Ignore I/O Paths                           :  No
  Timing Early Launch at Borrowing Latches   :  No
  Borrow Time for Max Delay Exceptions       :  Yes
  Merge Timing Exceptions                    :  Yes
  Inter-SLR Compensation                     :  Conservative

  Corner  Analyze    Analyze    
  Name    Max Paths  Min Paths  
  ------  ---------  ---------  
  Slow    Yes        Yes        
  Fast    Yes        Yes        


------------------------------------------------------------------------------------------------
| Report Methodology
| ------------------
------------------------------------------------------------------------------------------------

No report available as report_methodology has not been run prior. Run report_methodology on the current design for the summary of methodology violations.



check_timing report

Table of Contents
-----------------
1. checking no_clock (0)
2. checking constant_clock (0)
3. checking pulse_width_clock (0)
4. checking unconstrained_internal_endpoints (0)
5. checking no_input_delay (293)
6. checking no_output_delay (97)
7. checking multiple_clock (0)
8. checking generated_clocks (0)
9. checking loops (0)
10. checking partial_input_delay (0)
11. checking partial_output_delay (0)
12. checking latch_loops (0)

1. checking no_clock (0)
------------------------
 There are 0 register/latch pins with no clock.


2. checking constant_clock (0)
------------------------------
 There are 0 register/latch pins with constant_clock.


3. checking pulse_width_clock (0)
---------------------------------
 There are 0 register/latch pins which need pulse_width check


4. checking unconstrained_internal_endpoints (0)
------------------------------------------------
 There are 0 pins that are not constrained for maximum delay.

 There are 0 pins that are not constrained for maximum delay due to constant clock.


5. checking no_input_delay (293)
--------------------------------
 There are 293 input ports with no input delay specified. (HIGH)

 There are 0 input ports with no input delay but user has a false path constraint.


6. checking no_output_delay (97)
--------------------------------
 There are 97 ports with no output delay specified. (HIGH)

 There are 0 ports with no output delay but user has a false path constraint

 There are 0 ports with no output delay but with a timing clock defined on it or propagating through it


7. checking multiple_clock (0)
------------------------------
 There are 0 register/latch pins with multiple clocks.


8. checking generated_clocks (0)
--------------------------------
 There are 0 generated clocks that are not connected to a clock source.


9. checking loops (0)
---------------------
 There are 0 combinational loops in the design.


10. checking partial_input_delay (0)
------------------------------------
 There are 0 input ports with partial input delay specified.


11. checking partial_output_delay (0)
-------------------------------------
 There are 0 ports with partial output delay specified.


12. checking latch_loops (0)
----------------------------
 There are 0 combinational latch loops in the design through latch input



------------------------------------------------------------------------------------------------
| Design Timing Summary
| ---------------------
------------------------------------------------------------------------------------------------

    WNS(ns)      TNS(ns)  TNS Failing Endpoints  TNS Total Endpoints      WHS(ns)      THS(ns)  THS Failing Endpoints  THS Total Endpoints     WPWS(ns)     TPWS(ns)  TPWS Failing Endpoints  TPWS Total Endpoints  
    -------      -------  ---------------------  -------------------      -------      -------  ---------------------  -------------------     --------     --------  ----------------------  --------------------  
     -0.174       -0.974                     11                 3264        0.048        0.000                      0                 3264        3.330        0.000                       0                  2878  


Timing constraints are not met.


------------------------------------------------------------------------------------------------
| Clock Summary
| -------------
------------------------------------------------------------------------------------------------

Clock  Waveform(ns)         Period(ns)      Frequency(MHz)
-----  ------------         ----------      --------------
clk    {0.000 4.310}        8.620           116.009         


------------------------------------------------------------------------------------------------
| Intra Clock Table
| -----------------
------------------------------------------------------------------------------------------------

Clock             WNS(ns)      TNS(ns)  TNS Failing Endpoints  TNS Total Endpoints      WHS(ns)      THS(ns)  THS Failing Endpoints  THS Total Endpoints     WPWS(ns)     TPWS(ns)  TPWS Failing Endpoints  TPWS Total Endpoints  
-----             -------      -------  ---------------------  -------------------      -------      -------  ---------------------  -------------------     --------     --------  ----------------------  --------------------  
clk                -0.174       -0.974                     11                 3264        0.048        0.000                      0                 3264        3.330        0.000                       0                  2878  


------------------------------------------------------------------------------------------------
| Inter Clock Table
| -----------------
------------------------------------------------------------------------------------------------

From Clock    To Clock          WNS(ns)      TNS(ns)  TNS Failing Endpoints  TNS Total Endpoints      WHS(ns)      THS(ns)  THS Failing Endpoints  THS Total Endpoints  
----------    --------          -------      -------  ---------------------  -------------------      -------      -------  ---------------------  -------------------  


------------------------------------------------------------------------------------------------
| Other Path Groups Table
| -----------------------
------------------------------------------------------------------------------------------------

Path Group    From Clock    To Clock          WNS(ns)      TNS(ns)  TNS Failing Endpoints  TNS Total Endpoints      WHS(ns)      THS(ns)  THS Failing Endpoints  THS Total Endpoints  
----------    ----------    --------          -------      -------  ---------------------  -------------------      -------      -------  ---------------------  -------------------  


------------------------------------------------------------------------------------------------
| Timing Details
| --------------
------------------------------------------------------------------------------------------------


---------------------------------------------------------------------------------------------------
From Clock:  clk
  To Clock:  clk

Setup :           11  Failing Endpoints,  Worst Slack       -0.174ns,  Total Violation       -0.974ns
Hold  :            0  Failing Endpoints,  Worst Slack        0.048ns,  Total Violation        0.000ns
PW    :            0  Failing Endpoints,  Worst Slack        3.330ns,  Total Violation        0.000ns
---------------------------------------------------------------------------------------------------


Max Delay Paths
--------------------------------------------------------------------------------------
Slack (VIOLATED) :        -0.174ns  (required time - arrival time)
  Source:                 BF2_2/modei_reg[0]_rep__2/C
                            (rising edge-triggered cell FDRE clocked by clk  {rise@0.000ns fall@4.310ns period=8.620ns})
  Destination:            BF2_2/ajlen5_reg[22]/D
                            (rising edge-triggered cell FDRE clocked by clk  {rise@0.000ns fall@4.310ns period=8.620ns})
  Path Group:             clk
  Path Type:              Setup (Max at Slow Process Corner)
  Requirement:            8.620ns  (clk rise@8.620ns - clk rise@0.000ns)
  Data Path Delay:        8.742ns  (logic 3.388ns (38.753%)  route 5.354ns (61.247%))
  Logic Levels:           13  (CARRY4=7 LUT3=2 LUT4=1 LUT6=3)
  Clock Path Skew:        -0.049ns (DCD - SCD + CPR)
    Destination Clock Delay (DCD):    0.924ns = ( 9.544 - 8.620 ) 
    Source Clock Delay      (SCD):    0.973ns
    Clock Pessimism Removal (CPR):    0.000ns
  Clock Uncertainty:      0.035ns  ((TSJ^2 + TIJ^2)^1/2 + DJ) / 2 + PE
    Total System Jitter     (TSJ):    0.071ns
    Total Input Jitter      (TIJ):    0.000ns
    Discrete Jitter          (DJ):    0.000ns
    Phase Error              (PE):    0.000ns

    Location             Delay type                Incr(ns)  Path(ns)    Netlist Resource(s)
  -------------------------------------------------------------------    -------------------
                         (clock clk rise edge)        0.000     0.000 r  
                                                      0.000     0.000 r  clk (IN)
                         net (fo=2881, unset)         0.973     0.973    BF2_2/clk
    SLICE_X43Y122        FDRE                                         r  BF2_2/modei_reg[0]_rep__2/C
  -------------------------------------------------------------------    -------------------
    SLICE_X43Y122        FDRE (Prop_fdre_C_Q)         0.456     1.429 r  BF2_2/modei_reg[0]_rep__2/Q
                         net (fo=99, routed)          1.204     2.633    BF2_2/modei_reg[0]_rep__2_0
    SLICE_X39Y117        LUT3 (Prop_lut3_I0_O)        0.124     2.757 r  BF2_2/ajlen4[23]_i_10/O
                         net (fo=136, routed)         1.119     3.876    BF2_2/ajlen4[23]_i_10_n_0
    SLICE_X39Y122        LUT3 (Prop_lut3_I0_O)        0.150     4.026 r  BF2_2/sub_r[19]_i_10__2/O
                         net (fo=4, routed)           0.493     4.519    BF2_2/sub_r[23]_i_38__2_n_0
    SLICE_X40Y121        LUT6 (Prop_lut6_I3_O)        0.326     4.845 r  BF2_2/sub_r[23]_i_20__2/O
                         net (fo=1, routed)           0.520     5.365    BF2_2/sub_r[23]_i_20__2_n_0
    SLICE_X40Y120        CARRY4 (Prop_carry4_DI[1]_CO[3])
                                                      0.520     5.885 r  BF2_2/sub_r_reg[23]_i_11__2/CO[3]
                         net (fo=24, routed)          0.887     6.772    BF2_2/sub_r_reg[23]_i_11__2_n_0
    SLICE_X41Y118        LUT4 (Prop_lut4_I1_O)        0.124     6.896 r  BF2_2/sub_r[3]_i_8__2/O
                         net (fo=1, routed)           0.000     6.896    BF2_2/sub_r[3]_i_8__2_n_0
    SLICE_X41Y118        CARRY4 (Prop_carry4_S[1]_CO[3])
                                                      0.550     7.446 r  BF2_2/sub_r_reg[3]_i_1__2/CO[3]
                         net (fo=1, routed)           0.000     7.446    BF2_2/sub_r_reg[3]_i_1__2_n_0
    SLICE_X41Y119        CARRY4 (Prop_carry4_CI_CO[3])
                                                      0.114     7.560 r  BF2_2/sub_r_reg[7]_i_1__2/CO[3]
                         net (fo=1, routed)           0.000     7.560    BF2_2/sub_r_reg[7]_i_1__2_n_0
    SLICE_X41Y120        CARRY4 (Prop_carry4_CI_CO[3])
                                                      0.114     7.674 r  BF2_2/sub_r_reg[11]_i_1__2/CO[3]
                         net (fo=1, routed)           0.000     7.674    BF2_2/sub_r_reg[11]_i_1__2_n_0
    SLICE_X41Y121        CARRY4 (Prop_carry4_CI_CO[3])
                                                      0.114     7.788 r  BF2_2/sub_r_reg[15]_i_1__2/CO[3]
                         net (fo=1, routed)           0.000     7.788    BF2_2/sub_r_reg[15]_i_1__2_n_0
    SLICE_X41Y122        CARRY4 (Prop_carry4_CI_CO[3])
                                                      0.114     7.902 r  BF2_2/sub_r_reg[19]_i_1__2/CO[3]
                         net (fo=1, routed)           0.000     7.902    BF2_2/sub_r_reg[19]_i_1__2_n_0
    SLICE_X41Y123        CARRY4 (Prop_carry4_CI_O[2])
                                                      0.256     8.158 r  BF2_2/sub_r_reg[23]_i_1__2/O[2]
                         net (fo=3, routed)           0.564     8.722    BF2_2/data0[22]
    SLICE_X41Y125        LUT6 (Prop_lut6_I3_O)        0.302     9.024 f  BF2_2/ajlen5[22]_i_3__2/O
                         net (fo=1, routed)           0.567     9.591    BF2_2/ajlen5[22]_i_3__2_n_0
    SLICE_X38Y125        LUT6 (Prop_lut6_I3_O)        0.124     9.715 r  BF2_2/ajlen5[22]_i_1__2/O
                         net (fo=1, routed)           0.000     9.715    BF2_2/ajlen5[22]
    SLICE_X38Y125        FDRE                                         r  BF2_2/ajlen5_reg[22]/D
  -------------------------------------------------------------------    -------------------

                         (clock clk rise edge)        8.620     8.620 r  
                                                      0.000     8.620 r  clk (IN)
                         net (fo=2881, unset)         0.924     9.544    BF2_2/clk
    SLICE_X38Y125        FDRE                                         r  BF2_2/ajlen5_reg[22]/C
                         clock pessimism              0.000     9.544    
                         clock uncertainty           -0.035     9.509    
    SLICE_X38Y125        FDRE (Setup_fdre_C_D)        0.032     9.541    BF2_2/ajlen5_reg[22]
  -------------------------------------------------------------------
                         required time                          9.541    
                         arrival time                          -9.715    
  -------------------------------------------------------------------
                         slack                                 -0.174    





Min Delay Paths
--------------------------------------------------------------------------------------
Slack (MET) :             0.048ns  (arrival time - required time)
  Source:                 BF1_1/aj2_reg[23]/C
                            (rising edge-triggered cell FDRE clocked by clk  {rise@0.000ns fall@4.310ns period=8.620ns})
  Destination:            BF1_1/aj3_reg[3][23]_srl4/D
                            (rising edge-triggered cell SRL16E clocked by clk  {rise@0.000ns fall@4.310ns period=8.620ns})
  Path Group:             clk
  Path Type:              Hold (Min at Fast Process Corner)
  Requirement:            0.000ns  (clk rise@0.000ns - clk rise@0.000ns)
  Data Path Delay:        0.253ns  (logic 0.141ns (55.730%)  route 0.112ns (44.270%))
  Logic Levels:           0  
  Clock Path Skew:        0.022ns (DCD - SCD - CPR)
    Destination Clock Delay (DCD):    0.432ns
    Source Clock Delay      (SCD):    0.410ns
    Clock Pessimism Removal (CPR):    -0.000ns

    Location             Delay type                Incr(ns)  Path(ns)    Netlist Resource(s)
  -------------------------------------------------------------------    -------------------
                         (clock clk rise edge)        0.000     0.000 r  
                                                      0.000     0.000 r  clk (IN)
                         net (fo=2881, unset)         0.410     0.410    BF1_1/clk
    SLICE_X57Y120        FDRE                                         r  BF1_1/aj2_reg[23]/C
  -------------------------------------------------------------------    -------------------
    SLICE_X57Y120        FDRE (Prop_fdre_C_Q)         0.141     0.551 r  BF1_1/aj2_reg[23]/Q
                         net (fo=1, routed)           0.112     0.663    BF1_1/aj2[23]
    SLICE_X56Y121        SRL16E                                       r  BF1_1/aj3_reg[3][23]_srl4/D
  -------------------------------------------------------------------    -------------------

                         (clock clk rise edge)        0.000     0.000 r  
                                                      0.000     0.000 r  clk (IN)
                         net (fo=2881, unset)         0.432     0.432    BF1_1/clk
    SLICE_X56Y121        SRL16E                                       r  BF1_1/aj3_reg[3][23]_srl4/CLK
                         clock pessimism              0.000     0.432    
    SLICE_X56Y121        SRL16E (Hold_srl16e_CLK_D)
                                                      0.183     0.615    BF1_1/aj3_reg[3][23]_srl4
  -------------------------------------------------------------------
                         required time                         -0.615    
                         arrival time                           0.663    
  -------------------------------------------------------------------
                         slack                                  0.048    





Pulse Width Checks
--------------------------------------------------------------------------------------
Clock Name:         clk
Waveform(ns):       { 0.000 4.310 }
Period(ns):         8.620
Sources:            { clk }

Check Type        Corner  Lib Pin      Reference Pin  Required(ns)  Actual(ns)  Slack(ns)  Location       Pin
Min Period        n/a     DSP48E1/CLK  n/a            2.154         8.620       6.466      DSP48_X2Y45    BF1_1/mult_p_reg/CLK
Low Pulse Width   Slow    SRL16E/CLK   n/a            0.980         4.310       3.330      SLICE_X44Y151  z2_sr_reg[3][0]_srl4___z2_sr_reg_r_2/CLK
High Pulse Width  Slow    SRL16E/CLK   n/a            0.980         4.310       3.330      SLICE_X44Y151  z2_sr_reg[3][0]_srl4___z2_sr_reg_r_2/CLK



