Copyright 1986-2022 Xilinx, Inc. All Rights Reserved. Copyright 2022-2025 Advanced Micro Devices, Inc. All Rights Reserved.
---------------------------------------------------------------------------------------------------------------------------------------------
| Tool Version : Vivado v.2025.2 (lin64) Build 6299465 Fri Nov 14 12:34:56 MST 2025
| Date         : Wed May 20 14:39:51 2026
| Host         : MSI running 64-bit Ubuntu 26.04 LTS
| Command      : report_timing_summary -file ./synth_out/fixed_weight/fixed_weight_hqc192_timing.rpt
| Design       : fixed_weight
| Device       : 7a200t-fbg676
| Speed File   : -1  PRODUCTION 1.23 2018-06-13
| Design State : Synthesized
---------------------------------------------------------------------------------------------------------------------------------------------

Timing Summary Report

------------------------------------------------------------------------------------------------
| Timer Settings
| --------------
------------------------------------------------------------------------------------------------

  Enable Multi Corner Analysis               :  Yes
  Enable Pessimism Removal                   :  Yes
  Pessimism Removal Resolution               :  Nearest Common Node
  Enable Input Delay Default Clock           :  No
  Enable Preset / Clear Arcs                 :  No
  Disable Flight Delays                      :  No
  Ignore I/O Paths                           :  No
  Timing Early Launch at Borrowing Latches   :  No
  Borrow Time for Max Delay Exceptions       :  Yes
  Merge Timing Exceptions                    :  Yes
  Inter-SLR Compensation                     :  Conservative

  Corner  Analyze    Analyze    
  Name    Max Paths  Min Paths  
  ------  ---------  ---------  
  Slow    Yes        Yes        
  Fast    Yes        Yes        


------------------------------------------------------------------------------------------------
| Report Methodology
| ------------------
------------------------------------------------------------------------------------------------

No report available as report_methodology has not been run prior. Run report_methodology on the current design for the summary of methodology violations.



check_timing report

Table of Contents
-----------------
1. checking no_clock (47)
2. checking constant_clock (0)
3. checking pulse_width_clock (0)
4. checking unconstrained_internal_endpoints (8)
5. checking no_input_delay (74)
6. checking no_output_delay (36)
7. checking multiple_clock (0)
8. checking generated_clocks (0)
9. checking loops (0)
10. checking partial_input_delay (0)
11. checking partial_output_delay (0)
12. checking latch_loops (0)

1. checking no_clock (47)
-------------------------
 There are 3 register/latch pins with no clock driven by root clock pin: FSM_onehot_state_shake_reg[0]/Q (HIGH)

 There are 3 register/latch pins with no clock driven by root clock pin: FSM_onehot_state_shake_reg[1]/Q (HIGH)

 There are 3 register/latch pins with no clock driven by root clock pin: FSM_onehot_state_shake_reg[2]/Q (HIGH)

 There are 3 register/latch pins with no clock driven by root clock pin: FSM_onehot_state_shake_reg[3]/Q (HIGH)

 There are 3 register/latch pins with no clock driven by root clock pin: FSM_onehot_state_shake_reg[4]/Q (HIGH)

 There are 3 register/latch pins with no clock driven by root clock pin: FSM_onehot_state_shake_reg[5]/Q (HIGH)

 There are 3 register/latch pins with no clock driven by root clock pin: FSM_onehot_state_shake_reg[6]/Q (HIGH)

 There are 3 register/latch pins with no clock driven by root clock pin: FSM_onehot_state_shake_reg[7]/Q (HIGH)

 There are 3 register/latch pins with no clock driven by root clock pin: FSM_onehot_state_shake_reg[8]/Q (HIGH)

 There are 2 register/latch pins with no clock driven by root clock pin: FSM_sequential_ctx_state_reg[0]/Q (HIGH)

 There are 2 register/latch pins with no clock driven by root clock pin: FSM_sequential_ctx_state_reg[1]/Q (HIGH)

 There are 2 register/latch pins with no clock driven by root clock pin: FSM_sequential_ctx_state_reg[2]/Q (HIGH)

 There are 2 register/latch pins with no clock driven by root clock pin: count_steps_reg[0]/Q (HIGH)

 There are 3 register/latch pins with no clock driven by root clock pin: onegen_instance/state_reg[0]/Q (HIGH)

 There are 3 register/latch pins with no clock driven by root clock pin: onegen_instance/state_reg[1]/Q (HIGH)

 There are 3 register/latch pins with no clock driven by root clock pin: onegen_instance/state_reg[2]/Q (HIGH)

 There are 3 register/latch pins with no clock driven by root clock pin: onegen_instance/state_reg[3]/Q (HIGH)


2. checking constant_clock (0)
------------------------------
 There are 0 register/latch pins with constant_clock.


3. checking pulse_width_clock (0)
---------------------------------
 There are 0 register/latch pins which need pulse_width check


4. checking unconstrained_internal_endpoints (8)
------------------------------------------------
 There are 8 pins that are not constrained for maximum delay. (HIGH)

 There are 0 pins that are not constrained for maximum delay due to constant clock.


5. checking no_input_delay (74)
-------------------------------
 There are 74 input ports with no input delay specified. (HIGH)

 There are 0 input ports with no input delay but user has a false path constraint.


6. checking no_output_delay (36)
--------------------------------
 There are 36 ports with no output delay specified. (HIGH)

 There are 0 ports with no output delay but user has a false path constraint

 There are 0 ports with no output delay but with a timing clock defined on it or propagating through it


7. checking multiple_clock (0)
------------------------------
 There are 0 register/latch pins with multiple clocks.


8. checking generated_clocks (0)
--------------------------------
 There are 0 generated clocks that are not connected to a clock source.


9. checking loops (0)
---------------------
 There are 0 combinational loops in the design.


10. checking partial_input_delay (0)
------------------------------------
 There are 0 input ports with partial input delay specified.


11. checking partial_output_delay (0)
-------------------------------------
 There are 0 ports with partial output delay specified.


12. checking latch_loops (0)
----------------------------
 There are 0 combinational latch loops in the design through latch input



------------------------------------------------------------------------------------------------
| Design Timing Summary
| ---------------------
------------------------------------------------------------------------------------------------

    WNS(ns)      TNS(ns)  TNS Failing Endpoints  TNS Total Endpoints      WHS(ns)      THS(ns)  THS Failing Endpoints  THS Total Endpoints     WPWS(ns)     TPWS(ns)  TPWS Failing Endpoints  TPWS Total Endpoints  
    -------      -------  ---------------------  -------------------      -------      -------  ---------------------  -------------------     --------     --------  ----------------------  --------------------  
     -1.622      -24.953                     22                  287        0.265        0.000                      0                  287        2.000        0.000                       0                   118  


Timing constraints are not met.


------------------------------------------------------------------------------------------------
| Clock Summary
| -------------
------------------------------------------------------------------------------------------------

Clock  Waveform(ns)         Period(ns)      Frequency(MHz)
-----  ------------         ----------      --------------
clk    {0.000 2.500}        5.000           200.000         


------------------------------------------------------------------------------------------------
| Intra Clock Table
| -----------------
------------------------------------------------------------------------------------------------

Clock             WNS(ns)      TNS(ns)  TNS Failing Endpoints  TNS Total Endpoints      WHS(ns)      THS(ns)  THS Failing Endpoints  THS Total Endpoints     WPWS(ns)     TPWS(ns)  TPWS Failing Endpoints  TPWS Total Endpoints  
-----             -------      -------  ---------------------  -------------------      -------      -------  ---------------------  -------------------     --------     --------  ----------------------  --------------------  
clk                -1.622      -24.953                     22                  287        0.265        0.000                      0                  287        2.000        0.000                       0                   118  


------------------------------------------------------------------------------------------------
| Inter Clock Table
| -----------------
------------------------------------------------------------------------------------------------

From Clock    To Clock          WNS(ns)      TNS(ns)  TNS Failing Endpoints  TNS Total Endpoints      WHS(ns)      THS(ns)  THS Failing Endpoints  THS Total Endpoints  
----------    --------          -------      -------  ---------------------  -------------------      -------      -------  ---------------------  -------------------  


------------------------------------------------------------------------------------------------
| Other Path Groups Table
| -----------------------
------------------------------------------------------------------------------------------------

Path Group    From Clock    To Clock          WNS(ns)      TNS(ns)  TNS Failing Endpoints  TNS Total Endpoints      WHS(ns)      THS(ns)  THS Failing Endpoints  THS Total Endpoints  
----------    ----------    --------          -------      -------  ---------------------  -------------------      -------      -------  ---------------------  -------------------  


------------------------------------------------------------------------------------------------
| Timing Details
| --------------
------------------------------------------------------------------------------------------------


---------------------------------------------------------------------------------------------------
From Clock:  clk
  To Clock:  clk

Setup :           22  Failing Endpoints,  Worst Slack       -1.622ns,  Total Violation      -24.953ns
Hold  :            0  Failing Endpoints,  Worst Slack        0.265ns,  Total Violation        0.000ns
PW    :            0  Failing Endpoints,  Worst Slack        2.000ns,  Total Violation        0.000ns
---------------------------------------------------------------------------------------------------


Max Delay Paths
--------------------------------------------------------------------------------------
Slack (VIOLATED) :        -1.622ns  (required time - arrival time)
  Source:                 shake_ctx/mem_reg/CLKARDCLK
                            (rising edge-triggered cell RAMB18E1 clocked by clk  {rise@0.000ns fall@2.500ns period=5.000ns})
  Destination:            weight_count_reg[6]/D
                            (rising edge-triggered cell FDRE clocked by clk  {rise@0.000ns fall@2.500ns period=5.000ns})
  Path Group:             clk
  Path Type:              Setup (Max at Slow Process Corner)
  Requirement:            5.000ns  (clk rise@5.000ns - clk rise@0.000ns)
  Data Path Delay:        6.647ns  (logic 3.800ns (57.171%)  route 2.847ns (42.829%))
  Logic Levels:           5  (CARRY4=2 LUT5=1 LUT6=2)
  Clock Path Skew:        -0.049ns (DCD - SCD + CPR)
    Destination Clock Delay (DCD):    0.924ns = ( 5.924 - 5.000 ) 
    Source Clock Delay      (SCD):    0.973ns
    Clock Pessimism Removal (CPR):    0.000ns
  Clock Uncertainty:      0.035ns  ((TSJ^2 + TIJ^2)^1/2 + DJ) / 2 + PE
    Total System Jitter     (TSJ):    0.071ns
    Total Input Jitter      (TIJ):    0.000ns
    Discrete Jitter          (DJ):    0.000ns
    Phase Error              (PE):    0.000ns

    Location             Delay type                Incr(ns)  Path(ns)    Netlist Resource(s)
  -------------------------------------------------------------------    -------------------
                         (clock clk rise edge)        0.000     0.000 r  
                                                      0.000     0.000 r  clk (IN)
                         net (fo=117, unset)          0.973     0.973    shake_ctx/clk
                         RAMB18E1                                     r  shake_ctx/mem_reg/CLKARDCLK
  -------------------------------------------------------------------    -------------------
                         RAMB18E1 (Prop_ramb18e1_CLKARDCLK_DOADO[1])
                                                      2.454     3.427 f  shake_ctx/mem_reg/DOADO[1]
                         net (fo=1, unplaced)         0.800     4.227    shake_ctx/shake_ctx_out[1]
                         LUT5 (Prop_lut5_I4_O)        0.124     4.351 f  shake_ctx/weight_count[7]_i_12/O
                         net (fo=2, unplaced)         0.460     4.811    shake_ctx/weight_count[7]_i_12_n_0
                         LUT6 (Prop_lut6_I5_O)        0.124     4.935 r  shake_ctx/weight_count[4]_i_8/O
                         net (fo=2, unplaced)         0.913     5.848    shake_ctx/weight_count[4]_i_8_n_0
                         LUT6 (Prop_lut6_I4_O)        0.124     5.972 r  shake_ctx/weight_count[4]_i_6/O
                         net (fo=1, unplaced)         0.665     6.637    shake_ctx/weight_count[4]_i_6_n_0
                         CARRY4 (Prop_carry4_S[0]_CO[3])
                                                      0.637     7.274 r  shake_ctx/weight_count_reg[4]_i_1/CO[3]
                         net (fo=1, unplaced)         0.009     7.283    shake_ctx/weight_count_reg[4]_i_1_n_0
                         CARRY4 (Prop_carry4_CI_O[1])
                                                      0.337     7.620 r  shake_ctx/weight_count_reg[7]_i_3/O[1]
                         net (fo=1, unplaced)         0.000     7.620    shake_ctx_n_4
                         FDRE                                         r  weight_count_reg[6]/D
  -------------------------------------------------------------------    -------------------

                         (clock clk rise edge)        5.000     5.000 r  
                                                      0.000     5.000 r  clk (IN)
                         net (fo=117, unset)          0.924     5.924    clk
                         FDRE                                         r  weight_count_reg[6]/C
                         clock pessimism              0.000     5.924    
                         clock uncertainty           -0.035     5.889    
                         FDRE (Setup_fdre_C_D)        0.109     5.998    weight_count_reg[6]
  -------------------------------------------------------------------
                         required time                          5.998    
                         arrival time                          -7.620    
  -------------------------------------------------------------------
                         slack                                 -1.622    





Min Delay Paths
--------------------------------------------------------------------------------------
Slack (MET) :             0.265ns  (arrival time - required time)
  Source:                 onegen_instance/rd_addr_reg[0]/C
                            (rising edge-triggered cell FDRE clocked by clk  {rise@0.000ns fall@2.500ns period=5.000ns})
  Destination:            onegen_instance/rd_addr_reg[0]/D
                            (rising edge-triggered cell FDRE clocked by clk  {rise@0.000ns fall@2.500ns period=5.000ns})
  Path Group:             clk
  Path Type:              Hold (Min at Fast Process Corner)
  Requirement:            0.000ns  (clk rise@0.000ns - clk rise@0.000ns)
  Data Path Delay:        0.378ns  (logic 0.239ns (63.281%)  route 0.139ns (36.719%))
  Logic Levels:           1  (LUT1=1)
  Clock Path Skew:        0.022ns (DCD - SCD - CPR)
    Destination Clock Delay (DCD):    0.432ns
    Source Clock Delay      (SCD):    0.410ns
    Clock Pessimism Removal (CPR):    -0.000ns

    Location             Delay type                Incr(ns)  Path(ns)    Netlist Resource(s)
  -------------------------------------------------------------------    -------------------
                         (clock clk rise edge)        0.000     0.000 r  
                                                      0.000     0.000 r  clk (IN)
                         net (fo=117, unset)          0.410     0.410    onegen_instance/clk
                         FDRE                                         r  onegen_instance/rd_addr_reg[0]/C
  -------------------------------------------------------------------    -------------------
                         FDRE (Prop_fdre_C_Q)         0.141     0.551 f  onegen_instance/rd_addr_reg[0]/Q
                         net (fo=3, unplaced)         0.139     0.690    onegen_instance/rd_addr_ms[0]
                         LUT1 (Prop_lut1_I0_O)        0.098     0.788 r  onegen_instance/rd_addr[0]_i_1/O
                         net (fo=1, unplaced)         0.000     0.788    onegen_instance/p_0_in[0]
                         FDRE                                         r  onegen_instance/rd_addr_reg[0]/D
  -------------------------------------------------------------------    -------------------

                         (clock clk rise edge)        0.000     0.000 r  
                                                      0.000     0.000 r  clk (IN)
                         net (fo=117, unset)          0.432     0.432    onegen_instance/clk
                         FDRE                                         r  onegen_instance/rd_addr_reg[0]/C
                         clock pessimism              0.000     0.432    
                         FDRE (Hold_fdre_C_D)         0.091     0.523    onegen_instance/rd_addr_reg[0]
  -------------------------------------------------------------------
                         required time                         -0.523    
                         arrival time                           0.788    
  -------------------------------------------------------------------
                         slack                                  0.265    





Pulse Width Checks
--------------------------------------------------------------------------------------
Clock Name:         clk
Waveform(ns):       { 0.000 2.500 }
Period(ns):         5.000
Sources:            { clk }

Check Type        Corner  Lib Pin             Reference Pin  Required(ns)  Actual(ns)  Slack(ns)  Location  Pin
Min Period        n/a     RAMB18E1/CLKARDCLK  n/a            2.944         5.000       2.056                mem_single_seed/mem_reg/CLKARDCLK
Low Pulse Width   Slow    FDSE/C              n/a            0.500         2.500       2.000                FSM_onehot_red_state_reg[0]/C
High Pulse Width  Slow    FDSE/C              n/a            0.500         2.500       2.000                FSM_onehot_red_state_reg[0]/C



