============================================================
  Generated by:           Genus(TM) Synthesis Solution 25.12-s067_1
  Generated on:           Aug 11 2026  02:37:28 am
  Module:                 butterfly2x2
  Operating conditions:   PVT_0P7V_25C 
  Interconnect mode:      global
  Area mode:              physical library
============================================================


Path 1: VIOLATED (-19 ps) Setup Check with Pin BF1_2_mult_p_reg[44]/CLK->D
          Group: clk
     Startpoint: (R) BF1_1_modei_reg[1]/CLK
          Clock: (R) clk
       Endpoint: (R) BF1_2_mult_p_reg[44]/D
          Clock: (R) clk

                     Capture       Launch     
        Clock Edge:+     538            0     
       Src Latency:+       0            0     
       Net Latency:+       0 (I)        0 (I) 
           Arrival:=     538            0     
                                              
             Setup:-       9                  
       Uncertainty:-      27                  
     Required Time:=     502                  
      Launch Clock:-       0                  
         Data Path:-     521                  
             Slack:=     -19                  

#--------------------------------------------------------------------------------------------------------------
#       Timing Point        Flags    Arc   Edge         Cell          Fanout Load Trans Delay Arrival Instance 
#                                                                            (fF)  (ps)  (ps)   (ps)  Location 
#--------------------------------------------------------------------------------------------------------------
  BF1_1_modei_reg[1]/CLK    -       -      R     (arrival)              3033    -     0     0       0    (-,-) 
  BF1_1_modei_reg[1]/Q      -       CLK->Q R     DFFHQx4_ASAP7_75t_SL      1  6.5    16    45      45    (-,-) 
  fopt107139/Y              -       A->Y   F     INVx8_ASAP7_75t_SL        5 10.6    12     8      53    (-,-) 
  g81047_dup107509/Y        -       B->Y   F     AND3x4_ASAP7_75t_SL       3  9.2    19    25      78    (-,-) 
  fopt108399/Y              -       A->Y   F     BUFx16f_ASAP7_75t_SL     26 40.9    24    24     102    (-,-) 
  g108401/Y                 -       A->Y   F     AND2x2_ASAP7_75t_SL       3  5.4    19    24     126    (-,-) 
  g108404/Y                 -       B->Y   F     OR2x6_ASAP7_75t_SL        3 11.4    18    24     150    (-,-) 
  fopt107217/Y              -       A->Y   R     INVx8_ASAP7_75t_SL        6 11.1    15    10     160    (-,-) 
  g92758/Y                  -       B2->Y  F     OAI22x1_ASAP7_75t_SL      2  3.8    30    14     173    (-,-) 
  g105161/Y                 -       B1->Y  R     AOI22x1_ASAP7_75t_SL      2  4.3    41    22     195    (-,-) 
  g105160/Y                 -       A->Y   F     XOR2x2_ASAP7_75t_SL       1  3.2    15    24     219    (-,-) 
  g105158/Y                 -       B->Y   F     XNOR2x1_ASAP7_75t_SL      2  4.4    27    22     241    (-,-) 
  g96716/Y                  -       A->Y   F     XNOR2x1_ASAP7_75t_SL      1  3.2    25    21     262    (-,-) 
  g96715/Y                  -       A->Y   F     XNOR2x1_ASAP7_75t_SL      2  4.5    28    24     285    (-,-) 
  g91649/Y                  -       A->Y   F     XNOR2x1_ASAP7_75t_SL      2  4.5    30    24     309    (-,-) 
  g91648/Y                  -       A->Y   F     XNOR2x1_ASAP7_75t_SL      1  3.2    24    21     331    (-,-) 
  g93014/Y                  -       B->Y   F     XNOR2x1_ASAP7_75t_SL      2  4.6    30    24     355    (-,-) 
  g102139/Y                 -       A->Y   F     XNOR2x1_ASAP7_75t_SL      2  3.2    24    22     376    (-,-) 
  g46/Y                     -       A->Y   F     OR2x2_ASAP7_75t_SL        2  3.0    14    20     396    (-,-) 
  g96710/Y                  -       B1->Y  F     OA31x2_ASAP7_75t_SL       2  3.1    16    24     420    (-,-) 
  g96709/Y                  -       A1->Y  F     OA21x2_ASAP7_75t_SL       3  4.4    17    22     442    (-,-) 
  g97046/Y                  -       A1->Y  F     OA21x2_ASAP7_75t_SL       2  4.4    17    22     464    (-,-) 
  g97044/Y                  -       B->Y   F     AND2x6_ASAP7_75t_SL       7 13.7    18    23     487    (-,-) 
  BF1_2_mul_175_29_g84536/Y -       A1->Y  R     OAI21x1_ASAP7_75t_SL      1  3.2    28    17     504    (-,-) 
  BF1_2_mul_175_29_g17039/Y -       B->Y   R     XNOR2x1_ASAP7_75t_SL      1  2.1    25    18     521    (-,-) 
  BF1_2_mult_p_reg[44]/D    <<<     -      R     DFFHQx4_ASAP7_75t_SL      1    -     -     0     521    (-,-) 
#--------------------------------------------------------------------------------------------------------------

