============================================================
  Generated by:           Genus(TM) Synthesis Solution 25.12-s067_1
  Generated on:           Aug 11 2026  04:12:16 am
  Module:                 butterfly2x2
  Operating conditions:   PVT_0P7V_25C 
  Interconnect mode:      global
  Area mode:              physical library
============================================================


Path 1: MET (0 ps) Setup Check with Pin BF2_2_ajlen5_reg[22]/CLK->D
          Group: clk
     Startpoint: (R) BF1_1_modei_reg[2]/CLK
          Clock: (R) clk
       Endpoint: (R) BF2_2_ajlen5_reg[22]/D
          Clock: (R) clk

                     Capture       Launch     
        Clock Edge:+     577            0     
       Src Latency:+       0            0     
       Net Latency:+       0 (I)        0 (I) 
           Arrival:=     577            0     
                                              
             Setup:-      11                  
       Uncertainty:-      29                  
     Required Time:=     537                  
      Launch Clock:-       0                  
         Data Path:-     537                  
             Slack:=       0                  

#-------------------------------------------------------------------------------------------------------------------------
#            Timing Point             Flags    Arc   Edge         Cell           Fanout Load Trans Delay Arrival Instance 
#                                                                                       (fF)  (ps)  (ps)   (ps)  Location 
#-------------------------------------------------------------------------------------------------------------------------
  BF1_1_modei_reg[2]/CLK              -       -      R     (arrival)               3033    -     0     0       0    (-,-) 
  BF1_1_modei_reg[2]/Q                -       CLK->Q R     DFFHQx4_ASAP7_75t_SL       2  6.6    16    46      46    (-,-) 
  fopt93953/Y                         -       A->Y   F     INVx4_ASAP7_75t_SL         2  7.5    14     9      54    (-,-) 
  fopt93952/Y                         -       A->Y   R     INVx4_ASAP7_75t_SL         3  8.3    18    11      66    (-,-) 
  g82846/Y                            -       A->Y   F     NOR2x1p5_ASAP7_75t_SL      3  6.3    27    17      82    (-,-) 
  g82650/Y                            -       B->Y   F     AND2x4_ASAP7_75t_SL        5 16.9    26    27     109    (-,-) 
  g82402/Y                            -       A->Y   F     BUFx12f_ASAP7_75t_SL      17 26.7    19    22     131    (-,-) 
  g81281/Y                            -       B->Y   R     NAND2x1_ASAP7_75t_SL       2  3.8    32    19     150    (-,-) 
  g78557/Y                            -       A->Y   F     NAND2x1_ASAP7_75t_SL       1  2.0    20     8     158    (-,-) 
  g95230/Y                            -       C->Y   F     AO221x1_ASAP7_75t_SL       4  6.5    40    38     196    (-,-) 
  g40541__5107/Y                      -       A2->Y  F     OA21x2_ASAP7_75t_SL        2  3.2    15    26     221    (-,-) 
  g95227/Y                            -       A2->Y  F     AO221x1_ASAP7_75t_SL       1  2.5    20    26     247    (-,-) 
  g40515__4319/Y                      -       B1->Y  R     AOI221x1_ASAP7_75t_SL      1  2.1    35    16     263    (-,-) 
  g40513__5107/Y                      -       B->Y   R     OA21x2_ASAP7_75t_SL        1  2.1    13    18     282    (-,-) 
  g40512__2398/Y                      -       A2->Y  R     OA21x2_ASAP7_75t_SL        4  6.1    26    23     305    (-,-) 
  WALLACE_CSA_DUMMY_OP_groupi_g2485/Y -       A2->Y  F     AOI21x1_ASAP7_75t_SL       1  2.1    27    10     314    (-,-) 
  WALLACE_CSA_DUMMY_OP_groupi_g2466/Y -       A1->Y  F     OA21x2_ASAP7_75t_SL        2  3.8    18    22     337    (-,-) 
  WALLACE_CSA_DUMMY_OP_groupi_g2460/Y -       A2->Y  F     OA21x2_ASAP7_75t_SL        3  4.8    20    24     360    (-,-) 
  WALLACE_CSA_DUMMY_OP_groupi_g2456/Y -       A2->Y  F     OA21x2_ASAP7_75t_SL        2  4.0    17    23     383    (-,-) 
  g92429/Y                            -       A1->Y  R     OAI21x1_ASAP7_75t_SL       3  5.0    46    21     405    (-,-) 
  g92428/Y                            -       A2->Y  R     AO21x2_ASAP7_75t_SL        2  4.0    19    24     428    (-,-) 
  WALLACE_CSA_DUMMY_OP_groupi_g2432/Y -       A1->Y  R     AO221x2_ASAP7_75t_SL       4  6.4    29    34     462    (-,-) 
  WALLACE_CSA_DUMMY_OP_groupi_g2431/Y -       A->Y   F     INVx1_ASAP7_75t_SL         1  2.6    21    13     475    (-,-) 
  WALLACE_CSA_DUMMY_OP_groupi_g2421/Y -       A1->Y  R     OAI21x1_ASAP7_75t_L        1  2.5    32    18     494    (-,-) 
  WALLACE_CSA_DUMMY_OP_groupi_g2417/Y -       B->Y   F     XNOR2x2_ASAP7_75t_SL       2  3.7    17    29     522    (-,-) 
  g67456/Y                            -       A1->Y  R     AOI211x1_ASAP7_75t_SL      1  2.1    43    15     537    (-,-) 
  BF2_2_ajlen5_reg[22]/D              <<<     -      R     DFFHQNx3_ASAP7_75t_SL      1    -     -     0     537    (-,-) 
#-------------------------------------------------------------------------------------------------------------------------

