============================================================
  Generated by:           Genus(TM) Synthesis Solution 25.12-s067_1
  Generated on:           Aug 11 2026  04:44:20 am
  Module:                 butterfly2x2
  Operating conditions:   PVT_0P7V_25C 
  Interconnect mode:      global
  Area mode:              physical library
============================================================


Path 1: MET (0 ps) Setup Check with Pin BF2_2_ajlen5_reg[23]/CLK->D
          Group: clk
     Startpoint: (R) BF1_1_modei_reg[2]/CLK
          Clock: (R) clk
       Endpoint: (R) BF2_2_ajlen5_reg[23]/D
          Clock: (R) clk

                     Capture       Launch     
        Clock Edge:+     573            0     
       Src Latency:+       0            0     
       Net Latency:+       0 (I)        0 (I) 
           Arrival:=     573            0     
                                              
             Setup:-      16                  
       Uncertainty:-      29                  
     Required Time:=     528                  
      Launch Clock:-       0                  
         Data Path:-     528                  
             Slack:=       0                  

#-------------------------------------------------------------------------------------------------------------------------------
#              Timing Point               Flags    Arc   Edge          Cell            Fanout Load Trans Delay Arrival Instance 
#                                                                                             (fF)  (ps)  (ps)   (ps)  Location 
#-------------------------------------------------------------------------------------------------------------------------------
  BF1_1_modei_reg[2]/CLK                  -       -      R     (arrival)                 3033    -     0     0       0    (-,-) 
  BF1_1_modei_reg[2]/Q                    -       CLK->Q F     DFFHQx4_ASAP7_75t_SL         2  6.2    13    46      46    (-,-) 
  g84758/Y                                -       A->Y   R     INVx3_ASAP7_75t_SL           2  8.1    21    13      58    (-,-) 
  g84757/Y                                -       A->Y   F     INVx5_ASAP7_75t_SL           4 10.6    17    11      69    (-,-) 
  g84756/Y                                -       A->Y   R     INVx6_ASAP7_75t_SL           4  7.6    14     9      78    (-,-) 
  g84373/Y                                -       C->Y   R     AND3x2_ASAP7_75t_SL          2  5.3    24    26     104    (-,-) 
  g84189/Y                                -       A->Y   R     BUFx12f_ASAP7_75t_SL        35 45.0    33    25     129    (-,-) 
  g80900/Y                                -       B2->Y  R     AO22x2_ASAP7_75t_SL          2  3.2    16    22     152    (-,-) 
  g105009/Y                               -       C->Y   R     AO221x2_ASAP7_75t_SL         3  5.7    26    24     176    (-,-) 
  g40586/Y                                -       A->Y   F     INVx2_ASAP7_75t_SL           1  2.6    14     8     184    (-,-) 
  g40572__5122/Y                          -       B->Y   R     NAND2x1_ASAP7_75t_SL         2  3.4    33    16     200    (-,-) 
  g40523__4733/Y                          -       A2->Y  R     AO21x1_ASAP7_75t_SL          1  2.0    17    19     219    (-,-) 
  g105001/Y                               -       A1->Y  R     AO221x1_ASAP7_75t_SL         1  2.4    22    27     246    (-,-) 
  g40508__4319/Y                          -       B1->Y  F     AOI221x1_ASAP7_75t_SL        1  2.1    42    19     264    (-,-) 
  g40506__5107/Y                          -       B->Y   F     OA21x2_ASAP7_75t_SL          1  2.1    12    20     284    (-,-) 
  g40505__2398/Y                          -       A2->Y  F     OA21x2_ASAP7_75t_SL          3  5.8    22    24     308    (-,-) 
  WALLACE_CSA_DUMMY_OP_groupi_g1511/Y     -       B->Y   R     NAND2x1p5_ASAP7_75t_SL       2  3.7    32    14     323    (-,-) 
  WALLACE_CSA_DUMMY_OP_groupi_g1459/Y     -       A1->Y  F     OAI21x1_ASAP7_75t_SL         2  3.1    36    12     334    (-,-) 
  WALLACE_CSA_DUMMY_OP_groupi_g1404/Y     -       A2->Y  F     AO21x2_ASAP7_75t_SL          3  4.7    18    27     361    (-,-) 
  WALLACE_CSA_DUMMY_OP_groupi_g1392/Y     -       A2->Y  F     AO21x2_ASAP7_75t_SL          2  4.0    17    22     384    (-,-) 
  WALLACE_CSA_DUMMY_OP_groupi_g1372/Y     -       A1->Y  F     AO221x2_ASAP7_75t_SL         4  6.2    26    32     415    (-,-) 
  WALLACE_CSA_DUMMY_OP_groupi_g103453/Y   -       A2->Y  F     AO21x2_ASAP7_75t_SL          4  6.9    23    28     443    (-,-) 
  WALLACE_CSA_DUMMY_OP_groupi_g1357_dup/Y -       B2->Y  R     AOI221x1_ASAP7_75t_SL        1  2.6    55    19     462    (-,-) 
  WALLACE_CSA_DUMMY_OP_groupi_g103458/Y   -       A2->Y  F     OAI21x1_ASAP7_75t_SL         1  3.2    30    13     476    (-,-) 
  WALLACE_CSA_DUMMY_OP_groupi_g1349/Y     -       B->Y   F     XNOR2x1_ASAP7_75t_SL         2  3.3    27    22     498    (-,-) 
  g87283/Y                                -       A2->Y  R     AOI222xp33_ASAP7_75t_SL      1  2.1   110    30     528    (-,-) 
  BF2_2_ajlen5_reg[23]/D                  <<<     -      R     DFFHQNx1_ASAP7_75t_SL        1    -     -     0     528    (-,-) 
#-------------------------------------------------------------------------------------------------------------------------------

