============================================================
  Generated by:           Genus(TM) Synthesis Solution 25.12-s067_1
  Generated on:           Aug 11 2026  03:13:54 am
  Module:                 butterfly2x2
  Operating conditions:   PVT_0P7V_25C 
  Interconnect mode:      global
  Area mode:              physical library
============================================================


Path 1: VIOLATED (-5 ps) Setup Check with Pin BF2_2_mult_p_reg[45]/CLK->D
          Group: clk
     Startpoint: (R) BF1_1_modei_reg[1]/CLK
          Clock: (R) clk
       Endpoint: (F) BF2_2_mult_p_reg[45]/D
          Clock: (R) clk

                     Capture       Launch     
        Clock Edge:+     569            0     
       Src Latency:+       0            0     
       Net Latency:+       0 (I)        0 (I) 
           Arrival:=     569            0     
                                              
             Setup:-       7                  
       Uncertainty:-      28                  
     Required Time:=     533                  
      Launch Clock:-       0                  
         Data Path:-     538                  
             Slack:=      -5                  

#-----------------------------------------------------------------------------------------------------------------
#       Timing Point         Flags    Arc   Edge          Cell           Fanout Load Trans Delay Arrival Instance 
#                                                                               (fF)  (ps)  (ps)   (ps)  Location 
#-----------------------------------------------------------------------------------------------------------------
  BF1_1_modei_reg[1]/CLK     -       -      R     (arrival)                3033    -     0     0       0    (-,-) 
  BF1_1_modei_reg[1]/Q       -       CLK->Q F     DFFHQx4_ASAP7_75t_SL        3  8.1    16    47      47    (-,-) 
  g41228/Y                   -       B->Y   R     NOR2x2_ASAP7_75t_SL         2  3.8    18    11      58    (-,-) 
  g107127/Y                  -       A->Y   R     AND2x6_ASAP7_75t_SL         4 13.7    21    22      80    (-,-) 
  fopt93595/Y                -       A->Y   R     BUFx12f_ASAP7_75t_SL       21 34.6    26    22     102    (-,-) 
  g86285__108907/Y           -       A2->Y  R     AO22x2_ASAP7_75t_SL         1  4.0    19    24     126    (-,-) 
  fopt101528/Y               -       A->Y   R     BUFx12f_ASAP7_75t_SL       13 27.6    22    20     146    (-,-) 
  fopt101524/Y               -       A->Y   F     INVx8_ASAP7_75t_SL          6  9.0    12     7     154    (-,-) 
  BF2_2_mul_175_29_g28806/Y  -       A2->Y  F     OA22x2_ASAP7_75t_SL         2  3.5    17    21     175    (-,-) 
  g106179/Y                  -       B1->Y  F     OA22x2_ASAP7_75t_SL         2  4.4    18    24     199    (-,-) 
  g106093/Y                  -       A->Y   F     XNOR2x1_ASAP7_75t_SL        2  4.2    27    22     220    (-,-) 
  g101175/Y                  -       A->Y   F     XNOR2x1_ASAP7_75t_SL        1  3.2    27    21     242    (-,-) 
  g108236/Y                  -       A->Y   F     XNOR2x1_ASAP7_75t_SL        2  4.5    29    24     265    (-,-) 
  g108788/Y                  -       A->Y   F     XNOR2x1_ASAP7_75t_SL        1  2.6    22    20     285    (-,-) 
  g108786/Y                  -       B->Y   R     XOR2x2_ASAP7_75t_SL         2  4.4    20    31     317    (-,-) 
  BF2_2_mul_175_29_g107814/Y -       A->Y   R     XNOR2x1_ASAP7_75t_SL        2  4.1    34    22     338    (-,-) 
  BF2_2_mul_175_29_g107813/Y -       A->Y   R     XNOR2x1_ASAP7_75t_SL        1  3.2    31    22     360    (-,-) 
  BF2_2_mul_175_29_g93450/Y  -       B->Y   R     XNOR2x1_ASAP7_75t_SL        2  3.9    33    21     381    (-,-) 
  g421/Y                     -       B->Y   R     OR2x2_ASAP7_75t_SL          2  3.8    17    21     402    (-,-) 
  g106628/Y                  -       B->Y   F     OAI21x1_ASAP7_75t_SL        2  3.1    22    13     415    (-,-) 
  g105738/Y                  -       A2->Y  F     AO21x2_ASAP7_75t_SL         1  2.4    13    21     436    (-,-) 
  g99729/Y                   -       A2->Y  F     AO211x2_ASAP7_75t_SL        2  5.1    18    22     458    (-,-) 
  g99734/Y                   -       B->Y   R     NAND2x1p5_ASAP7_75t_SL      1  2.6    16    12     469    (-,-) 
  g105707/Y                  -       B->Y   R     AND2x4_ASAP7_75t_SL         3  6.6    16    18     487    (-,-) 
  g105709/Y                  -       A2->Y  R     OA21x2_ASAP7_75t_SL         1  2.8    14    18     506    (-,-) 
  BF2_2_mul_175_29_g26979/Y  -       B->Y   F     OAI21x1_ASAP7_75t_SL        1  3.2    21    13     518    (-,-) 
  BF2_2_mul_175_29_g26965/Y  -       A->Y   F     XOR2x1_ASAP7_75t_SL         1  2.1    20    20     538    (-,-) 
  BF2_2_mult_p_reg[45]/D     <<<     -      F     DFFHQx4_ASAP7_75t_SL        1    -     -     0     538    (-,-) 
#-----------------------------------------------------------------------------------------------------------------

