============================================================
  Generated by:           Genus(TM) Synthesis Solution 25.12-s067_1
  Generated on:           Aug 11 2026  01:03:05 am
  Operating conditions:   PVT_0P7V_25C 
  Interconnect mode:      global
  Area mode:              physical library
============================================================

                                                                                       
           Gate             Instances    Area                   Library                
---------------------------------------------------------------------------------------
A2O1A1Ixp33_ASAP7_75t_SL           69    96.578     asap7sc7p5t_AO_SLVT_TT_nldm_211120 
A2O1A1O1Ixp25_ASAP7_75t_SL          4     8.398     asap7sc7p5t_AO_SLVT_TT_nldm_211120 
AND2x2_ASAP7_75t_L                 11    15.396  asap7sc7p5t_SIMPLE_LVT_TT_nldm_211120 
AND2x2_ASAP7_75t_SL               762  1066.556 asap7sc7p5t_SIMPLE_SLVT_TT_nldm_211120 
AND2x4_ASAP7_75t_L                  7    16.330  asap7sc7p5t_SIMPLE_LVT_TT_nldm_211120 
AND2x4_ASAP7_75t_SL               220   513.216 asap7sc7p5t_SIMPLE_SLVT_TT_nldm_211120 
AND2x6_ASAP7_75t_SL                22    61.586 asap7sc7p5t_SIMPLE_SLVT_TT_nldm_211120 
AND3x1_ASAP7_75t_L                  7     9.798  asap7sc7p5t_SIMPLE_LVT_TT_nldm_211120 
AND3x1_ASAP7_75t_SL                31    43.390 asap7sc7p5t_SIMPLE_SLVT_TT_nldm_211120 
AND3x2_ASAP7_75t_SL                16    26.127 asap7sc7p5t_SIMPLE_SLVT_TT_nldm_211120 
AND3x4_ASAP7_75t_SL                12    39.191 asap7sc7p5t_SIMPLE_SLVT_TT_nldm_211120 
AND4x1_ASAP7_75t_SL                18    29.393 asap7sc7p5t_SIMPLE_SLVT_TT_nldm_211120 
AND4x2_ASAP7_75t_SL                 4     7.465 asap7sc7p5t_SIMPLE_SLVT_TT_nldm_211120 
AND5x1_ASAP7_75t_SL                 4     7.465 asap7sc7p5t_SIMPLE_SLVT_TT_nldm_211120 
AND5x2_ASAP7_75t_SL                 1     4.666 asap7sc7p5t_SIMPLE_SLVT_TT_nldm_211120 
AO211x2_ASAP7_75t_SL               22    82.115     asap7sc7p5t_AO_SLVT_TT_nldm_211120 
AO21x1_ASAP7_75t_L                 28    39.191      asap7sc7p5t_AO_LVT_TT_nldm_211120 
AO21x1_ASAP7_75t_SL               223   312.129     asap7sc7p5t_AO_SLVT_TT_nldm_211120 
AO21x2_ASAP7_75t_L                  1     1.633      asap7sc7p5t_AO_LVT_TT_nldm_211120 
AO21x2_ASAP7_75t_SL               229   373.948     asap7sc7p5t_AO_SLVT_TT_nldm_211120 
AO221x1_ASAP7_75t_L                 2     4.666      asap7sc7p5t_AO_LVT_TT_nldm_211120 
AO221x1_ASAP7_75t_SL              163   380.246     asap7sc7p5t_AO_SLVT_TT_nldm_211120 
AO221x2_ASAP7_75t_SL               50   128.304     asap7sc7p5t_AO_SLVT_TT_nldm_211120 
AO222x2_ASAP7_75t_SL              238   666.248     asap7sc7p5t_AO_SLVT_TT_nldm_211120 
AO22x1_ASAP7_75t_L                  6    12.597      asap7sc7p5t_AO_LVT_TT_nldm_211120 
AO22x1_ASAP7_75t_SL              1016  2133.112     asap7sc7p5t_AO_SLVT_TT_nldm_211120 
AO22x2_ASAP7_75t_L                121   282.269      asap7sc7p5t_AO_LVT_TT_nldm_211120 
AO22x2_ASAP7_75t_SL               607  1416.010     asap7sc7p5t_AO_SLVT_TT_nldm_211120 
AO31x2_ASAP7_75t_L                  1     3.732      asap7sc7p5t_AO_LVT_TT_nldm_211120 
AO31x2_ASAP7_75t_SL                12    44.790     asap7sc7p5t_AO_SLVT_TT_nldm_211120 
AO322x2_ASAP7_75t_SL                1     3.499     asap7sc7p5t_AO_SLVT_TT_nldm_211120 
AO32x1_ASAP7_75t_SL                 9    16.796     asap7sc7p5t_AO_SLVT_TT_nldm_211120 
AO32x2_ASAP7_75t_SL                 2     4.199     asap7sc7p5t_AO_SLVT_TT_nldm_211120 
AO331x2_ASAP7_75t_SL                5    12.830     asap7sc7p5t_AO_SLVT_TT_nldm_211120 
AO332x1_ASAP7_75t_SL                1     2.566     asap7sc7p5t_AO_SLVT_TT_nldm_211120 
AO33x2_ASAP7_75t_SL                 1     2.333     asap7sc7p5t_AO_SLVT_TT_nldm_211120 
AOI211x1_ASAP7_75t_L                1     2.799      asap7sc7p5t_AO_LVT_TT_nldm_211120 
AOI211x1_ASAP7_75t_SL               9    25.194     asap7sc7p5t_AO_SLVT_TT_nldm_211120 
AOI211xp5_ASAP7_75t_SL             28    39.191     asap7sc7p5t_AO_SLVT_TT_nldm_211120 
AOI21x1_ASAP7_75t_L                15    27.994      asap7sc7p5t_AO_LVT_TT_nldm_211120 
AOI21x1_ASAP7_75t_SL              338   630.789     asap7sc7p5t_AO_SLVT_TT_nldm_211120 
AOI21xp33_ASAP7_75t_L               1     1.166      asap7sc7p5t_AO_LVT_TT_nldm_211120 
AOI21xp33_ASAP7_75t_SL             24    27.994     asap7sc7p5t_AO_SLVT_TT_nldm_211120 
AOI21xp5_ASAP7_75t_L                3     3.499      asap7sc7p5t_AO_LVT_TT_nldm_211120 
AOI21xp5_ASAP7_75t_SL             349   407.074     asap7sc7p5t_AO_SLVT_TT_nldm_211120 
AOI221x1_ASAP7_75t_L                2     6.532      asap7sc7p5t_AO_LVT_TT_nldm_211120 
AOI221x1_ASAP7_75t_SL              49   160.030     asap7sc7p5t_AO_SLVT_TT_nldm_211120 
AOI221xp5_ASAP7_75t_L               1     1.633      asap7sc7p5t_AO_LVT_TT_nldm_211120 
AOI221xp5_ASAP7_75t_SL            136   222.083     asap7sc7p5t_AO_SLVT_TT_nldm_211120 
AOI222xp33_ASAP7_75t_L              2     4.666      asap7sc7p5t_AO_LVT_TT_nldm_211120 
AOI222xp33_ASAP7_75t_SL            85   198.288     asap7sc7p5t_AO_SLVT_TT_nldm_211120 
AOI22x1_ASAP7_75t_L                93   216.950      asap7sc7p5t_AO_LVT_TT_nldm_211120 
AOI22x1_ASAP7_75t_SL              402   937.786     asap7sc7p5t_AO_SLVT_TT_nldm_211120 
AOI22xp33_ASAP7_75t_SL              9    12.597     asap7sc7p5t_AO_SLVT_TT_nldm_211120 
AOI22xp5_ASAP7_75t_L                7     9.798      asap7sc7p5t_AO_LVT_TT_nldm_211120 
AOI22xp5_ASAP7_75t_SL             370   517.882     asap7sc7p5t_AO_SLVT_TT_nldm_211120 
AOI311xp33_ASAP7_75t_SL             2     3.266     asap7sc7p5t_AO_SLVT_TT_nldm_211120 
AOI31xp33_ASAP7_75t_SL             19    26.594     asap7sc7p5t_AO_SLVT_TT_nldm_211120 
AOI321xp33_ASAP7_75t_SL            27    50.388     asap7sc7p5t_AO_SLVT_TT_nldm_211120 
AOI322xp5_ASAP7_75t_SL             38    79.782     asap7sc7p5t_AO_SLVT_TT_nldm_211120 
AOI32xp33_ASAP7_75t_L               1     1.633      asap7sc7p5t_AO_LVT_TT_nldm_211120 
AOI32xp33_ASAP7_75t_SL              4     6.532     asap7sc7p5t_AO_SLVT_TT_nldm_211120 
AOI331xp33_ASAP7_75t_SL             1     2.100     asap7sc7p5t_AO_SLVT_TT_nldm_211120 
AOI33xp33_ASAP7_75t_SL              2     3.732     asap7sc7p5t_AO_SLVT_TT_nldm_211120 
BUFx10_ASAP7_75t_L                  6    19.596  asap7sc7p5t_INVBUF_LVT_TT_nldm_211120 
BUFx10_ASAP7_75t_SL                13    42.457 asap7sc7p5t_INVBUF_SLVT_TT_nldm_211120 
BUFx12_ASAP7_75t_SL                 2     7.465 asap7sc7p5t_INVBUF_SLVT_TT_nldm_211120 
BUFx12f_ASAP7_75t_SL              163   684.444 asap7sc7p5t_INVBUF_SLVT_TT_nldm_211120 
BUFx16f_ASAP7_75t_L                 1     5.132  asap7sc7p5t_INVBUF_LVT_TT_nldm_211120 
BUFx16f_ASAP7_75t_SL                9    46.189 asap7sc7p5t_INVBUF_SLVT_TT_nldm_211120 
BUFx24_ASAP7_75t_SL                 3    20.995 asap7sc7p5t_INVBUF_SLVT_TT_nldm_211120 
BUFx2_ASAP7_75t_L                  67    78.149  asap7sc7p5t_INVBUF_LVT_TT_nldm_211120 
BUFx2_ASAP7_75t_SL                 93   108.475 asap7sc7p5t_INVBUF_SLVT_TT_nldm_211120 
BUFx3_ASAP7_75t_L                   2     2.799  asap7sc7p5t_INVBUF_LVT_TT_nldm_211120 
BUFx3_ASAP7_75t_SL                118   165.162 asap7sc7p5t_INVBUF_SLVT_TT_nldm_211120 
BUFx4_ASAP7_75t_L                   3     4.899  asap7sc7p5t_INVBUF_LVT_TT_nldm_211120 
BUFx4_ASAP7_75t_SL                  1     1.633 asap7sc7p5t_INVBUF_SLVT_TT_nldm_211120 
BUFx4f_ASAP7_75t_L                  1     1.866  asap7sc7p5t_INVBUF_LVT_TT_nldm_211120 
BUFx4f_ASAP7_75t_SL                10    18.662 asap7sc7p5t_INVBUF_SLVT_TT_nldm_211120 
BUFx6f_ASAP7_75t_SL                39    90.979 asap7sc7p5t_INVBUF_SLVT_TT_nldm_211120 
BUFx8_ASAP7_75t_SL                  2     5.599 asap7sc7p5t_INVBUF_SLVT_TT_nldm_211120 
CKINVDCx14_ASAP7_75t_L              3    19.596  asap7sc7p5t_INVBUF_LVT_TT_nldm_211120 
CKINVDCx14_ASAP7_75t_SL             1     6.532 asap7sc7p5t_INVBUF_SLVT_TT_nldm_211120 
CKINVDCx16_ASAP7_75t_SL            39   272.938 asap7sc7p5t_INVBUF_SLVT_TT_nldm_211120 
CKINVDCx20_ASAP7_75t_SL             3    26.594 asap7sc7p5t_INVBUF_SLVT_TT_nldm_211120 
CKINVDCx5p33_ASAP7_75t_L            2    10.264  asap7sc7p5t_INVBUF_LVT_TT_nldm_211120 
CKINVDCx6p67_ASAP7_75t_L            1     5.599  asap7sc7p5t_INVBUF_LVT_TT_nldm_211120 
CKINVDCx8_ASAP7_75t_SL              2    10.264 asap7sc7p5t_INVBUF_SLVT_TT_nldm_211120 
CKINVDCx9p33_ASAP7_75t_L            1     6.532  asap7sc7p5t_INVBUF_LVT_TT_nldm_211120 
DFFHQNx1_ASAP7_75t_L               57   265.939     asap7sc7p5t_SEQ_LVT_TT_nldm_220123 
DFFHQNx1_ASAP7_75t_SL            1003  4679.597    asap7sc7p5t_SEQ_SLVT_TT_nldm_220123 
DFFHQNx2_ASAP7_75t_L                4    19.596     asap7sc7p5t_SEQ_LVT_TT_nldm_220123 
DFFHQNx2_ASAP7_75t_SL              90   440.899    asap7sc7p5t_SEQ_SLVT_TT_nldm_220123 
DFFHQNx3_ASAP7_75t_SL              51   261.740    asap7sc7p5t_SEQ_SLVT_TT_nldm_220123 
DFFHQx4_ASAP7_75t_L                49   285.768     asap7sc7p5t_SEQ_LVT_TT_nldm_220123 
DFFHQx4_ASAP7_75t_SL             1697  9896.904    asap7sc7p5t_SEQ_SLVT_TT_nldm_220123 
FAx1_ASAP7_75t_SL                   1     3.266 asap7sc7p5t_SIMPLE_SLVT_TT_nldm_211120 
HAxp5_ASAP7_75t_L                  11    23.095  asap7sc7p5t_SIMPLE_LVT_TT_nldm_211120 
HAxp5_ASAP7_75t_SL                 14    29.393 asap7sc7p5t_SIMPLE_SLVT_TT_nldm_211120 
HB1xp67_ASAP7_75t_L                52    48.522  asap7sc7p5t_INVBUF_LVT_TT_nldm_211120 
HB1xp67_ASAP7_75t_SL              107    99.844 asap7sc7p5t_INVBUF_SLVT_TT_nldm_211120 
HB2xp67_ASAP7_75t_SL                1     1.166 asap7sc7p5t_INVBUF_SLVT_TT_nldm_211120 
HB4xp67_ASAP7_75t_L                 1     1.633  asap7sc7p5t_INVBUF_LVT_TT_nldm_211120 
INVx11_ASAP7_75t_SL                54   163.763 asap7sc7p5t_INVBUF_SLVT_TT_nldm_211120 
INVx13_ASAP7_75t_L                  3    10.498  asap7sc7p5t_INVBUF_LVT_TT_nldm_211120 
INVx13_ASAP7_75t_SL                38   132.970 asap7sc7p5t_INVBUF_SLVT_TT_nldm_211120 
INVx1_ASAP7_75t_L                 137    95.878  asap7sc7p5t_INVBUF_LVT_TT_nldm_211120 
INVx1_ASAP7_75t_SL               2364  1654.422 asap7sc7p5t_INVBUF_SLVT_TT_nldm_211120 
INVx2_ASAP7_75t_L                 108   100.777  asap7sc7p5t_INVBUF_LVT_TT_nldm_211120 
INVx2_ASAP7_75t_SL                337   314.461 asap7sc7p5t_INVBUF_SLVT_TT_nldm_211120 
INVx3_ASAP7_75t_L                  11    12.830  asap7sc7p5t_INVBUF_LVT_TT_nldm_211120 
INVx3_ASAP7_75t_SL                140   163.296 asap7sc7p5t_INVBUF_SLVT_TT_nldm_211120 
INVx4_ASAP7_75t_L                   1     1.400  asap7sc7p5t_INVBUF_LVT_TT_nldm_211120 
INVx4_ASAP7_75t_SL                159   222.549 asap7sc7p5t_INVBUF_SLVT_TT_nldm_211120 
INVx5_ASAP7_75t_SL                 57    93.079 asap7sc7p5t_INVBUF_SLVT_TT_nldm_211120 
INVx6_ASAP7_75t_SL                 32    59.720 asap7sc7p5t_INVBUF_SLVT_TT_nldm_211120 
INVx8_ASAP7_75t_SL                 35    81.648 asap7sc7p5t_INVBUF_SLVT_TT_nldm_211120 
INVxp33_ASAP7_75t_SL               29    20.295 asap7sc7p5t_INVBUF_SLVT_TT_nldm_211120 
INVxp67_ASAP7_75t_L                 8     5.599  asap7sc7p5t_INVBUF_LVT_TT_nldm_211120 
INVxp67_ASAP7_75t_SL               61    42.690 asap7sc7p5t_INVBUF_SLVT_TT_nldm_211120 
MAJIxp5_ASAP7_75t_SL               97   158.397 asap7sc7p5t_SIMPLE_SLVT_TT_nldm_211120 
MAJx2_ASAP7_75t_L                   6    12.597  asap7sc7p5t_SIMPLE_LVT_TT_nldm_211120 
MAJx2_ASAP7_75t_SL                929  1950.454 asap7sc7p5t_SIMPLE_SLVT_TT_nldm_211120 
MAJx3_ASAP7_75t_SL                 16    37.325 asap7sc7p5t_SIMPLE_SLVT_TT_nldm_211120 
NAND2x1_ASAP7_75t_L                29    40.591  asap7sc7p5t_SIMPLE_LVT_TT_nldm_211120 
NAND2x1_ASAP7_75t_SL              196   274.337 asap7sc7p5t_SIMPLE_SLVT_TT_nldm_211120 
NAND2x1p5_ASAP7_75t_L              32    59.720  asap7sc7p5t_SIMPLE_LVT_TT_nldm_211120 
NAND2x1p5_ASAP7_75t_SL            167   311.662 asap7sc7p5t_SIMPLE_SLVT_TT_nldm_211120 
NAND2x2_ASAP7_75t_L                 2     4.666  asap7sc7p5t_SIMPLE_LVT_TT_nldm_211120 
NAND2x2_ASAP7_75t_SL               63   146.966 asap7sc7p5t_SIMPLE_SLVT_TT_nldm_211120 
NAND2xp33_ASAP7_75t_L              10     9.331  asap7sc7p5t_SIMPLE_LVT_TT_nldm_211120 
NAND2xp33_ASAP7_75t_SL             40    37.325 asap7sc7p5t_SIMPLE_SLVT_TT_nldm_211120 
NAND2xp5_ASAP7_75t_L               17    15.863  asap7sc7p5t_SIMPLE_LVT_TT_nldm_211120 
NAND2xp5_ASAP7_75t_SL            1843  1719.740 asap7sc7p5t_SIMPLE_SLVT_TT_nldm_211120 
NAND2xp67_ASAP7_75t_SL             17    23.795 asap7sc7p5t_SIMPLE_SLVT_TT_nldm_211120 
NAND3x1_ASAP7_75t_L                 2     5.132  asap7sc7p5t_SIMPLE_LVT_TT_nldm_211120 
NAND3x1_ASAP7_75t_SL               17    43.623 asap7sc7p5t_SIMPLE_SLVT_TT_nldm_211120 
NAND3x2_ASAP7_75t_SL               21    97.978 asap7sc7p5t_SIMPLE_SLVT_TT_nldm_211120 
NAND3xp33_ASAP7_75t_L               1     1.166  asap7sc7p5t_SIMPLE_LVT_TT_nldm_211120 
NAND3xp33_ASAP7_75t_SL             35    40.824 asap7sc7p5t_SIMPLE_SLVT_TT_nldm_211120 
NAND4xp25_ASAP7_75t_SL             10    13.997 asap7sc7p5t_SIMPLE_SLVT_TT_nldm_211120 
NAND4xp75_ASAP7_75t_L               1     3.266  asap7sc7p5t_SIMPLE_LVT_TT_nldm_211120 
NAND4xp75_ASAP7_75t_SL              9    29.393 asap7sc7p5t_SIMPLE_SLVT_TT_nldm_211120 
NAND5xp2_ASAP7_75t_SL               1     1.633 asap7sc7p5t_SIMPLE_SLVT_TT_nldm_211120 
NOR2x1_ASAP7_75t_L                 11    15.396  asap7sc7p5t_SIMPLE_LVT_TT_nldm_211120 
NOR2x1_ASAP7_75t_SL               430   601.862 asap7sc7p5t_SIMPLE_SLVT_TT_nldm_211120 
NOR2x1p5_ASAP7_75t_L               24    44.790  asap7sc7p5t_SIMPLE_LVT_TT_nldm_211120 
NOR2x1p5_ASAP7_75t_SL              94   175.427 asap7sc7p5t_SIMPLE_SLVT_TT_nldm_211120 
NOR2x2_ASAP7_75t_L                  1     2.333  asap7sc7p5t_SIMPLE_LVT_TT_nldm_211120 
NOR2x2_ASAP7_75t_SL                45   104.976 asap7sc7p5t_SIMPLE_SLVT_TT_nldm_211120 
NOR2xp33_ASAP7_75t_L              189   176.360  asap7sc7p5t_SIMPLE_LVT_TT_nldm_211120 
NOR2xp33_ASAP7_75t_SL             476   444.165 asap7sc7p5t_SIMPLE_SLVT_TT_nldm_211120 
NOR2xp67_ASAP7_75t_L               83   116.173  asap7sc7p5t_SIMPLE_LVT_TT_nldm_211120 
NOR2xp67_ASAP7_75t_SL              31    43.390 asap7sc7p5t_SIMPLE_SLVT_TT_nldm_211120 
NOR3x1_ASAP7_75t_L                  4    10.264  asap7sc7p5t_SIMPLE_LVT_TT_nldm_211120 
NOR3x1_ASAP7_75t_SL                20    51.322 asap7sc7p5t_SIMPLE_SLVT_TT_nldm_211120 
NOR3x2_ASAP7_75t_L                  1     4.666  asap7sc7p5t_SIMPLE_LVT_TT_nldm_211120 
NOR3x2_ASAP7_75t_SL                13    60.653 asap7sc7p5t_SIMPLE_SLVT_TT_nldm_211120 
NOR3xp33_ASAP7_75t_L                1     1.166  asap7sc7p5t_SIMPLE_LVT_TT_nldm_211120 
NOR3xp33_ASAP7_75t_SL              67    78.149 asap7sc7p5t_SIMPLE_SLVT_TT_nldm_211120 
NOR4xp25_ASAP7_75t_L                1     1.400  asap7sc7p5t_SIMPLE_LVT_TT_nldm_211120 
NOR4xp25_ASAP7_75t_SL              15    20.995 asap7sc7p5t_SIMPLE_SLVT_TT_nldm_211120 
NOR4xp75_ASAP7_75t_L                1     3.266  asap7sc7p5t_SIMPLE_LVT_TT_nldm_211120 
NOR4xp75_ASAP7_75t_SL              10    32.659 asap7sc7p5t_SIMPLE_SLVT_TT_nldm_211120 
NOR5xp2_ASAP7_75t_SL                1     1.633 asap7sc7p5t_SIMPLE_SLVT_TT_nldm_211120 
O2A1O1Ixp33_ASAP7_75t_L             7     9.798      asap7sc7p5t_OA_LVT_TT_nldm_211120 
O2A1O1Ixp33_ASAP7_75t_SL           65    90.979     asap7sc7p5t_OA_SLVT_TT_nldm_211120 
O2A1O1Ixp5_ASAP7_75t_SL             8    14.930     asap7sc7p5t_OA_SLVT_TT_nldm_211120 
OA211x2_ASAP7_75t_SL               28    52.255     asap7sc7p5t_OA_SLVT_TT_nldm_211120 
OA21x2_ASAP7_75t_SL               380   620.525     asap7sc7p5t_OA_SLVT_TT_nldm_211120 
OA221x2_ASAP7_75t_SL                5    18.662     asap7sc7p5t_OA_SLVT_TT_nldm_211120 
OA222x2_ASAP7_75t_SL                2     5.599     asap7sc7p5t_OA_SLVT_TT_nldm_211120 
OA22x2_ASAP7_75t_L                  3     6.998      asap7sc7p5t_OA_LVT_TT_nldm_211120 
OA22x2_ASAP7_75t_SL               224   522.547     asap7sc7p5t_OA_SLVT_TT_nldm_211120 
OA31x2_ASAP7_75t_SL                 7    24.494     asap7sc7p5t_OA_SLVT_TT_nldm_211120 
OA331x1_ASAP7_75t_L                 1     2.333      asap7sc7p5t_OA_LVT_TT_nldm_211120 
OA331x1_ASAP7_75t_SL                2     4.666     asap7sc7p5t_OA_SLVT_TT_nldm_211120 
OA331x2_ASAP7_75t_SL                3     7.698     asap7sc7p5t_OA_SLVT_TT_nldm_211120 
OA332x1_ASAP7_75t_SL                1     2.566     asap7sc7p5t_OA_SLVT_TT_nldm_211120 
OA33x2_ASAP7_75t_SL                 2     4.666     asap7sc7p5t_OA_SLVT_TT_nldm_211120 
OAI211xp5_ASAP7_75t_L               3     4.199      asap7sc7p5t_OA_LVT_TT_nldm_211120 
OAI211xp5_ASAP7_75t_SL             69    96.578     asap7sc7p5t_OA_SLVT_TT_nldm_211120 
OAI21x1_ASAP7_75t_L                28    52.255      asap7sc7p5t_OA_LVT_TT_nldm_211120 
OAI21x1_ASAP7_75t_SL              281   524.413     asap7sc7p5t_OA_SLVT_TT_nldm_211120 
OAI21xp33_ASAP7_75t_L               4     4.666      asap7sc7p5t_OA_LVT_TT_nldm_211120 
OAI21xp33_ASAP7_75t_SL             31    36.158     asap7sc7p5t_OA_SLVT_TT_nldm_211120 
OAI21xp5_ASAP7_75t_L               30    34.992      asap7sc7p5t_OA_LVT_TT_nldm_211120 
OAI21xp5_ASAP7_75t_SL             389   453.730     asap7sc7p5t_OA_SLVT_TT_nldm_211120 
OAI221xp5_ASAP7_75t_SL             55    89.813     asap7sc7p5t_OA_SLVT_TT_nldm_211120 
OAI222xp33_ASAP7_75t_SL             2     4.666     asap7sc7p5t_OA_SLVT_TT_nldm_211120 
OAI22x1_ASAP7_75t_L                12    27.994      asap7sc7p5t_OA_LVT_TT_nldm_211120 
OAI22x1_ASAP7_75t_SL               82   191.290     asap7sc7p5t_OA_SLVT_TT_nldm_211120 
OAI22xp33_ASAP7_75t_SL              3     4.199     asap7sc7p5t_OA_SLVT_TT_nldm_211120 
OAI22xp5_ASAP7_75t_L                2     2.799      asap7sc7p5t_OA_LVT_TT_nldm_211120 
OAI22xp5_ASAP7_75t_SL             169   236.546     asap7sc7p5t_OA_SLVT_TT_nldm_211120 
OAI311xp33_ASAP7_75t_SL            14    22.861     asap7sc7p5t_OA_SLVT_TT_nldm_211120 
OAI31xp33_ASAP7_75t_SL             42    58.787     asap7sc7p5t_OA_SLVT_TT_nldm_211120 
OAI31xp67_ASAP7_75t_L               1     3.033      asap7sc7p5t_OA_LVT_TT_nldm_211120 
OAI31xp67_ASAP7_75t_SL              4    12.131     asap7sc7p5t_OA_SLVT_TT_nldm_211120 
OAI321xp33_ASAP7_75t_SL            25    46.656     asap7sc7p5t_OA_SLVT_TT_nldm_211120 
OAI322xp33_ASAP7_75t_SL             7    14.697     asap7sc7p5t_OA_SLVT_TT_nldm_211120 
OAI32xp33_ASAP7_75t_SL              5     8.165     asap7sc7p5t_OA_SLVT_TT_nldm_211120 
OAI331xp33_ASAP7_75t_SL             1     2.100     asap7sc7p5t_OA_SLVT_TT_nldm_211120 
OR2x2_ASAP7_75t_L                   6     8.398  asap7sc7p5t_SIMPLE_LVT_TT_nldm_211120 
OR2x2_ASAP7_75t_SL                502   702.639 asap7sc7p5t_SIMPLE_SLVT_TT_nldm_211120 
OR2x4_ASAP7_75t_SL                  4     7.465 asap7sc7p5t_SIMPLE_SLVT_TT_nldm_211120 
OR2x6_ASAP7_75t_L                   1     2.799  asap7sc7p5t_SIMPLE_LVT_TT_nldm_211120 
OR2x6_ASAP7_75t_SL                 57   159.564 asap7sc7p5t_SIMPLE_SLVT_TT_nldm_211120 
OR3x1_ASAP7_75t_L                   4     5.599  asap7sc7p5t_SIMPLE_LVT_TT_nldm_211120 
OR3x1_ASAP7_75t_SL                 24    33.592 asap7sc7p5t_SIMPLE_SLVT_TT_nldm_211120 
OR3x2_ASAP7_75t_L                   1     1.633  asap7sc7p5t_SIMPLE_LVT_TT_nldm_211120 
OR3x2_ASAP7_75t_SL                  7    11.431 asap7sc7p5t_SIMPLE_SLVT_TT_nldm_211120 
OR3x4_ASAP7_75t_SL                  1     2.100 asap7sc7p5t_SIMPLE_SLVT_TT_nldm_211120 
OR4x1_ASAP7_75t_SL                 20    32.659 asap7sc7p5t_SIMPLE_SLVT_TT_nldm_211120 
OR4x2_ASAP7_75t_SL                  2     3.732 asap7sc7p5t_SIMPLE_SLVT_TT_nldm_211120 
OR5x1_ASAP7_75t_SL                  1     1.866 asap7sc7p5t_SIMPLE_SLVT_TT_nldm_211120 
SDFHx1_ASAP7_75t_SL                 3    17.496    asap7sc7p5t_SEQ_SLVT_TT_nldm_220123 
SDFHx2_ASAP7_75t_SL                12    72.783    asap7sc7p5t_SEQ_SLVT_TT_nldm_220123 
SDFHx4_ASAP7_75t_L                  1     7.232     asap7sc7p5t_SEQ_LVT_TT_nldm_220123 
SDFHx4_ASAP7_75t_SL                62   448.364    asap7sc7p5t_SEQ_SLVT_TT_nldm_220123 
XNOR2x1_ASAP7_75t_L                13    36.392  asap7sc7p5t_SIMPLE_LVT_TT_nldm_211120 
XNOR2x1_ASAP7_75t_SL              808  2261.883 asap7sc7p5t_SIMPLE_SLVT_TT_nldm_211120 
XNOR2x2_ASAP7_75t_L                47   120.606  asap7sc7p5t_SIMPLE_LVT_TT_nldm_211120 
XNOR2x2_ASAP7_75t_SL              464  1190.661 asap7sc7p5t_SIMPLE_SLVT_TT_nldm_211120 
XNOR2xp5_ASAP7_75t_L               77   161.663  asap7sc7p5t_SIMPLE_LVT_TT_nldm_211120 
XNOR2xp5_ASAP7_75t_SL             590  1238.717 asap7sc7p5t_SIMPLE_SLVT_TT_nldm_211120 
XOR2x1_ASAP7_75t_L                  8    22.395  asap7sc7p5t_SIMPLE_LVT_TT_nldm_211120 
XOR2x1_ASAP7_75t_SL                97   271.538 asap7sc7p5t_SIMPLE_SLVT_TT_nldm_211120 
XOR2x2_ASAP7_75t_L                 31    79.548  asap7sc7p5t_SIMPLE_LVT_TT_nldm_211120 
XOR2x2_ASAP7_75t_SL               685  1757.765 asap7sc7p5t_SIMPLE_SLVT_TT_nldm_211120 
XOR2xp5_ASAP7_75t_L                82   172.161  asap7sc7p5t_SIMPLE_LVT_TT_nldm_211120 
XOR2xp5_ASAP7_75t_SL              462   969.978 asap7sc7p5t_SIMPLE_SLVT_TT_nldm_211120 
---------------------------------------------------------------------------------------
total                           24389 52547.720                                        
                                                                       
                Library                Instances    Area   Instances % 
-----------------------------------------------------------------------
asap7sc7p5t_AO_LVT_TT_nldm_211120            285   620.758         1.2 
asap7sc7p5t_AO_SLVT_TT_nldm_211120          4544  9035.401        18.6 
asap7sc7p5t_INVBUF_LVT_TT_nldm_211120        408   431.568         1.7 
asap7sc7p5t_INVBUF_SLVT_TT_nldm_211120      3912  4558.291        16.0 
asap7sc7p5t_OA_LVT_TT_nldm_211120             91   149.066         0.4 
asap7sc7p5t_OA_SLVT_TT_nldm_211120          1906  3172.375         7.8 
asap7sc7p5t_SEQ_LVT_TT_nldm_220123           111   578.534         0.5 
asap7sc7p5t_SEQ_SLVT_TT_nldm_220123         2918 15817.784        12.0 
asap7sc7p5t_SIMPLE_LVT_TT_nldm_211120        722  1203.958         3.0 
asap7sc7p5t_SIMPLE_SLVT_TT_nldm_211120      9492 16979.985        38.9 
                                          
     Type      Instances    Area   Area % 
------------------------------------------
sequential          3029 16396.318   31.2 
inverter            3626  3534.192    6.7 
buffer               694  1455.667    2.8 
unresolved             4     0.000    0.0 
logic              17040 31161.542   59.3 
physical_cells         0     0.000    0.0 
------------------------------------------
total              24393 52547.720  100.0 
