============================================================
  Generated by:           Genus(TM) Synthesis Solution 25.12-s067_1
  Generated on:           Aug 11 2026  01:57:29 am
  Operating conditions:   PVT_0P7V_25C 
  Interconnect mode:      global
  Area mode:              physical library
============================================================

                                                                                       
           Gate             Instances    Area                   Library                
---------------------------------------------------------------------------------------
A2O1A1Ixp33_ASAP7_75t_SL           44    61.586     asap7sc7p5t_AO_SLVT_TT_nldm_211120 
A2O1A1O1Ixp25_ASAP7_75t_SL         12    25.194     asap7sc7p5t_AO_SLVT_TT_nldm_211120 
AND2x2_ASAP7_75t_L                  7     9.798  asap7sc7p5t_SIMPLE_LVT_TT_nldm_211120 
AND2x2_ASAP7_75t_SL               478   669.047 asap7sc7p5t_SIMPLE_SLVT_TT_nldm_211120 
AND2x4_ASAP7_75t_L                  6    13.997  asap7sc7p5t_SIMPLE_LVT_TT_nldm_211120 
AND2x4_ASAP7_75t_SL               166   387.245 asap7sc7p5t_SIMPLE_SLVT_TT_nldm_211120 
AND2x6_ASAP7_75t_SL                18    50.388 asap7sc7p5t_SIMPLE_SLVT_TT_nldm_211120 
AND3x1_ASAP7_75t_L                  4     5.599  asap7sc7p5t_SIMPLE_LVT_TT_nldm_211120 
AND3x1_ASAP7_75t_SL                20    27.994 asap7sc7p5t_SIMPLE_SLVT_TT_nldm_211120 
AND3x2_ASAP7_75t_L                  1     1.633  asap7sc7p5t_SIMPLE_LVT_TT_nldm_211120 
AND3x2_ASAP7_75t_SL                 6     9.798 asap7sc7p5t_SIMPLE_SLVT_TT_nldm_211120 
AND3x4_ASAP7_75t_L                  3     9.798  asap7sc7p5t_SIMPLE_LVT_TT_nldm_211120 
AND3x4_ASAP7_75t_SL                 7    22.861 asap7sc7p5t_SIMPLE_SLVT_TT_nldm_211120 
AND4x1_ASAP7_75t_L                  2     3.266  asap7sc7p5t_SIMPLE_LVT_TT_nldm_211120 
AND4x1_ASAP7_75t_SL                20    32.659 asap7sc7p5t_SIMPLE_SLVT_TT_nldm_211120 
AND4x2_ASAP7_75t_SL                 6    11.197 asap7sc7p5t_SIMPLE_SLVT_TT_nldm_211120 
AND5x1_ASAP7_75t_SL                 1     1.866 asap7sc7p5t_SIMPLE_SLVT_TT_nldm_211120 
AND5x2_ASAP7_75t_SL                 1     4.666 asap7sc7p5t_SIMPLE_SLVT_TT_nldm_211120 
AO211x2_ASAP7_75t_SL                5    18.662     asap7sc7p5t_AO_SLVT_TT_nldm_211120 
AO21x1_ASAP7_75t_L                 10    13.997      asap7sc7p5t_AO_LVT_TT_nldm_211120 
AO21x1_ASAP7_75t_SL               122   170.761     asap7sc7p5t_AO_SLVT_TT_nldm_211120 
AO21x2_ASAP7_75t_L                  4     6.532      asap7sc7p5t_AO_LVT_TT_nldm_211120 
AO21x2_ASAP7_75t_SL               123   200.854     asap7sc7p5t_AO_SLVT_TT_nldm_211120 
AO221x1_ASAP7_75t_SL               99   230.947     asap7sc7p5t_AO_SLVT_TT_nldm_211120 
AO221x2_ASAP7_75t_SL               29    74.416     asap7sc7p5t_AO_SLVT_TT_nldm_211120 
AO222x2_ASAP7_75t_SL              133   372.315     asap7sc7p5t_AO_SLVT_TT_nldm_211120 
AO22x1_ASAP7_75t_L                  4     8.398      asap7sc7p5t_AO_LVT_TT_nldm_211120 
AO22x1_ASAP7_75t_SL               729  1530.550     asap7sc7p5t_AO_SLVT_TT_nldm_211120 
AO22x2_ASAP7_75t_L                 81   188.957      asap7sc7p5t_AO_LVT_TT_nldm_211120 
AO22x2_ASAP7_75t_SL               455  1061.424     asap7sc7p5t_AO_SLVT_TT_nldm_211120 
AO31x2_ASAP7_75t_SL                 2     7.465     asap7sc7p5t_AO_SLVT_TT_nldm_211120 
AO322x2_ASAP7_75t_SL                1     3.499     asap7sc7p5t_AO_SLVT_TT_nldm_211120 
AO32x1_ASAP7_75t_SL                27    50.388     asap7sc7p5t_AO_SLVT_TT_nldm_211120 
AO32x2_ASAP7_75t_SL                 2     4.199     asap7sc7p5t_AO_SLVT_TT_nldm_211120 
AO33x2_ASAP7_75t_SL                 1     2.333     asap7sc7p5t_AO_SLVT_TT_nldm_211120 
AOI211x1_ASAP7_75t_SL               3     8.398     asap7sc7p5t_AO_SLVT_TT_nldm_211120 
AOI211xp5_ASAP7_75t_SL             13    18.196     asap7sc7p5t_AO_SLVT_TT_nldm_211120 
AOI21x1_ASAP7_75t_L                14    26.127      asap7sc7p5t_AO_LVT_TT_nldm_211120 
AOI21x1_ASAP7_75t_SL              159   296.732     asap7sc7p5t_AO_SLVT_TT_nldm_211120 
AOI21xp33_ASAP7_75t_SL             20    23.328     asap7sc7p5t_AO_SLVT_TT_nldm_211120 
AOI21xp5_ASAP7_75t_L                2     2.333      asap7sc7p5t_AO_LVT_TT_nldm_211120 
AOI21xp5_ASAP7_75t_SL             213   248.443     asap7sc7p5t_AO_SLVT_TT_nldm_211120 
AOI221x1_ASAP7_75t_SL             104   339.656     asap7sc7p5t_AO_SLVT_TT_nldm_211120 
AOI221xp5_ASAP7_75t_L               1     1.633      asap7sc7p5t_AO_LVT_TT_nldm_211120 
AOI221xp5_ASAP7_75t_SL            174   284.135     asap7sc7p5t_AO_SLVT_TT_nldm_211120 
AOI222xp33_ASAP7_75t_SL           104   242.611     asap7sc7p5t_AO_SLVT_TT_nldm_211120 
AOI22x1_ASAP7_75t_L                72   167.962      asap7sc7p5t_AO_LVT_TT_nldm_211120 
AOI22x1_ASAP7_75t_SL              433  1010.102     asap7sc7p5t_AO_SLVT_TT_nldm_211120 
AOI22xp33_ASAP7_75t_SL              1     1.400     asap7sc7p5t_AO_SLVT_TT_nldm_211120 
AOI22xp5_ASAP7_75t_L                7     9.798      asap7sc7p5t_AO_LVT_TT_nldm_211120 
AOI22xp5_ASAP7_75t_SL             458   641.053     asap7sc7p5t_AO_SLVT_TT_nldm_211120 
AOI311xp33_ASAP7_75t_SL             1     1.633     asap7sc7p5t_AO_SLVT_TT_nldm_211120 
AOI31xp33_ASAP7_75t_SL              3     4.199     asap7sc7p5t_AO_SLVT_TT_nldm_211120 
AOI31xp67_ASAP7_75t_SL              8    24.261     asap7sc7p5t_AO_SLVT_TT_nldm_211120 
AOI321xp33_ASAP7_75t_SL             9    16.796     asap7sc7p5t_AO_SLVT_TT_nldm_211120 
AOI322xp5_ASAP7_75t_SL             18    37.791     asap7sc7p5t_AO_SLVT_TT_nldm_211120 
AOI32xp33_ASAP7_75t_SL              8    13.064     asap7sc7p5t_AO_SLVT_TT_nldm_211120 
BUFx10_ASAP7_75t_L                  3     9.798  asap7sc7p5t_INVBUF_LVT_TT_nldm_211120 
BUFx10_ASAP7_75t_SL                 8    26.127 asap7sc7p5t_INVBUF_SLVT_TT_nldm_211120 
BUFx12_ASAP7_75t_SL                 2     7.465 asap7sc7p5t_INVBUF_SLVT_TT_nldm_211120 
BUFx12f_ASAP7_75t_SL              167   701.240 asap7sc7p5t_INVBUF_SLVT_TT_nldm_211120 
BUFx16f_ASAP7_75t_L                 6    30.793  asap7sc7p5t_INVBUF_LVT_TT_nldm_211120 
BUFx16f_ASAP7_75t_SL                8    41.057 asap7sc7p5t_INVBUF_SLVT_TT_nldm_211120 
BUFx24_ASAP7_75t_SL                 2    13.997 asap7sc7p5t_INVBUF_SLVT_TT_nldm_211120 
BUFx2_ASAP7_75t_L                  56    65.318  asap7sc7p5t_INVBUF_LVT_TT_nldm_211120 
BUFx2_ASAP7_75t_SL                100   116.640 asap7sc7p5t_INVBUF_SLVT_TT_nldm_211120 
BUFx3_ASAP7_75t_L                   2     2.799  asap7sc7p5t_INVBUF_LVT_TT_nldm_211120 
BUFx3_ASAP7_75t_SL                 73   102.177 asap7sc7p5t_INVBUF_SLVT_TT_nldm_211120 
BUFx4_ASAP7_75t_SL                  2     3.266 asap7sc7p5t_INVBUF_SLVT_TT_nldm_211120 
BUFx4f_ASAP7_75t_SL                 9    16.796 asap7sc7p5t_INVBUF_SLVT_TT_nldm_211120 
BUFx5_ASAP7_75t_SL                  1     1.866 asap7sc7p5t_INVBUF_SLVT_TT_nldm_211120 
BUFx6f_ASAP7_75t_SL                45   104.976 asap7sc7p5t_INVBUF_SLVT_TT_nldm_211120 
BUFx8_ASAP7_75t_SL                  2     5.599 asap7sc7p5t_INVBUF_SLVT_TT_nldm_211120 
CKINVDCx14_ASAP7_75t_L              1     6.532  asap7sc7p5t_INVBUF_LVT_TT_nldm_211120 
CKINVDCx14_ASAP7_75t_SL             2    13.064 asap7sc7p5t_INVBUF_SLVT_TT_nldm_211120 
CKINVDCx16_ASAP7_75t_SL            27   188.957 asap7sc7p5t_INVBUF_SLVT_TT_nldm_211120 
CKINVDCx20_ASAP7_75t_SL             3    26.594 asap7sc7p5t_INVBUF_SLVT_TT_nldm_211120 
CKINVDCx8_ASAP7_75t_SL              3    15.396 asap7sc7p5t_INVBUF_SLVT_TT_nldm_211120 
DFFHQNx1_ASAP7_75t_L              213   993.773     asap7sc7p5t_SEQ_LVT_TT_nldm_220123 
DFFHQNx1_ASAP7_75t_SL            1266  5906.650    asap7sc7p5t_SEQ_SLVT_TT_nldm_220123 
DFFHQNx2_ASAP7_75t_L               13    63.685     asap7sc7p5t_SEQ_LVT_TT_nldm_220123 
DFFHQNx2_ASAP7_75t_SL              31   151.865    asap7sc7p5t_SEQ_SLVT_TT_nldm_220123 
DFFHQNx3_ASAP7_75t_SL              71   364.383    asap7sc7p5t_SEQ_SLVT_TT_nldm_220123 
DFFHQx4_ASAP7_75t_L                21   122.472     asap7sc7p5t_SEQ_LVT_TT_nldm_220123 
DFFHQx4_ASAP7_75t_SL             1396  8141.472    asap7sc7p5t_SEQ_SLVT_TT_nldm_220123 
FAx1_ASAP7_75t_SL                   1     3.266 asap7sc7p5t_SIMPLE_SLVT_TT_nldm_211120 
HAxp5_ASAP7_75t_L                   4     8.398  asap7sc7p5t_SIMPLE_LVT_TT_nldm_211120 
HAxp5_ASAP7_75t_SL                 32    67.185 asap7sc7p5t_SIMPLE_SLVT_TT_nldm_211120 
HB1xp67_ASAP7_75t_L                45    41.990  asap7sc7p5t_INVBUF_LVT_TT_nldm_211120 
HB1xp67_ASAP7_75t_SL              105    97.978 asap7sc7p5t_INVBUF_SLVT_TT_nldm_211120 
INVx11_ASAP7_75t_SL                37   112.208 asap7sc7p5t_INVBUF_SLVT_TT_nldm_211120 
INVx13_ASAP7_75t_L                  5    17.496  asap7sc7p5t_INVBUF_LVT_TT_nldm_211120 
INVx13_ASAP7_75t_SL                37   129.470 asap7sc7p5t_INVBUF_SLVT_TT_nldm_211120 
INVx1_ASAP7_75t_L                  87    60.886  asap7sc7p5t_INVBUF_LVT_TT_nldm_211120 
INVx1_ASAP7_75t_SL               2103  1471.764 asap7sc7p5t_INVBUF_SLVT_TT_nldm_211120 
INVx2_ASAP7_75t_L                  88    82.115  asap7sc7p5t_INVBUF_LVT_TT_nldm_211120 
INVx2_ASAP7_75t_SL                349   325.659 asap7sc7p5t_INVBUF_SLVT_TT_nldm_211120 
INVx3_ASAP7_75t_L                   7     8.165  asap7sc7p5t_INVBUF_LVT_TT_nldm_211120 
INVx3_ASAP7_75t_SL                 72    83.981 asap7sc7p5t_INVBUF_SLVT_TT_nldm_211120 
INVx4_ASAP7_75t_L                   3     4.199  asap7sc7p5t_INVBUF_LVT_TT_nldm_211120 
INVx4_ASAP7_75t_SL                 80   111.974 asap7sc7p5t_INVBUF_SLVT_TT_nldm_211120 
INVx5_ASAP7_75t_SL                 39    63.685 asap7sc7p5t_INVBUF_SLVT_TT_nldm_211120 
INVx6_ASAP7_75t_SL                 30    55.987 asap7sc7p5t_INVBUF_SLVT_TT_nldm_211120 
INVx8_ASAP7_75t_SL                 64   149.299 asap7sc7p5t_INVBUF_SLVT_TT_nldm_211120 
INVxp33_ASAP7_75t_SL               19    13.297 asap7sc7p5t_INVBUF_SLVT_TT_nldm_211120 
INVxp67_ASAP7_75t_L                15    10.498  asap7sc7p5t_INVBUF_LVT_TT_nldm_211120 
INVxp67_ASAP7_75t_SL               57    39.891 asap7sc7p5t_INVBUF_SLVT_TT_nldm_211120 
MAJIxp5_ASAP7_75t_SL               97   158.397 asap7sc7p5t_SIMPLE_SLVT_TT_nldm_211120 
MAJx2_ASAP7_75t_L                   7    14.697  asap7sc7p5t_SIMPLE_LVT_TT_nldm_211120 
MAJx2_ASAP7_75t_SL                919  1929.459 asap7sc7p5t_SIMPLE_SLVT_TT_nldm_211120 
MAJx3_ASAP7_75t_SL                 11    25.661 asap7sc7p5t_SIMPLE_SLVT_TT_nldm_211120 
NAND2x1_ASAP7_75t_L                46    64.385  asap7sc7p5t_SIMPLE_LVT_TT_nldm_211120 
NAND2x1_ASAP7_75t_SL              222   310.729 asap7sc7p5t_SIMPLE_SLVT_TT_nldm_211120 
NAND2x1p5_ASAP7_75t_L              22    41.057  asap7sc7p5t_SIMPLE_LVT_TT_nldm_211120 
NAND2x1p5_ASAP7_75t_SL             99   184.758 asap7sc7p5t_SIMPLE_SLVT_TT_nldm_211120 
NAND2x2_ASAP7_75t_SL               51   118.973 asap7sc7p5t_SIMPLE_SLVT_TT_nldm_211120 
NAND2xp33_ASAP7_75t_L              15    13.997  asap7sc7p5t_SIMPLE_LVT_TT_nldm_211120 
NAND2xp33_ASAP7_75t_SL             29    27.060 asap7sc7p5t_SIMPLE_SLVT_TT_nldm_211120 
NAND2xp5_ASAP7_75t_L               15    13.997  asap7sc7p5t_SIMPLE_LVT_TT_nldm_211120 
NAND2xp5_ASAP7_75t_SL            1599  1492.059 asap7sc7p5t_SIMPLE_SLVT_TT_nldm_211120 
NAND2xp67_ASAP7_75t_L               3     4.199  asap7sc7p5t_SIMPLE_LVT_TT_nldm_211120 
NAND2xp67_ASAP7_75t_SL             22    30.793 asap7sc7p5t_SIMPLE_SLVT_TT_nldm_211120 
NAND3x1_ASAP7_75t_L                 2     5.132  asap7sc7p5t_SIMPLE_LVT_TT_nldm_211120 
NAND3x1_ASAP7_75t_SL               34    87.247 asap7sc7p5t_SIMPLE_SLVT_TT_nldm_211120 
NAND3x2_ASAP7_75t_L                 1     4.666  asap7sc7p5t_SIMPLE_LVT_TT_nldm_211120 
NAND3x2_ASAP7_75t_SL               31   144.634 asap7sc7p5t_SIMPLE_SLVT_TT_nldm_211120 
NAND3xp33_ASAP7_75t_SL             58    67.651 asap7sc7p5t_SIMPLE_SLVT_TT_nldm_211120 
NAND4xp25_ASAP7_75t_SL              6     8.398 asap7sc7p5t_SIMPLE_SLVT_TT_nldm_211120 
NAND4xp75_ASAP7_75t_L               1     3.266  asap7sc7p5t_SIMPLE_LVT_TT_nldm_211120 
NAND4xp75_ASAP7_75t_SL             61   199.221 asap7sc7p5t_SIMPLE_SLVT_TT_nldm_211120 
NAND5xp2_ASAP7_75t_SL               6     9.798 asap7sc7p5t_SIMPLE_SLVT_TT_nldm_211120 
NOR2x1_ASAP7_75t_L                 12    16.796  asap7sc7p5t_SIMPLE_LVT_TT_nldm_211120 
NOR2x1_ASAP7_75t_SL               284   397.509 asap7sc7p5t_SIMPLE_SLVT_TT_nldm_211120 
NOR2x1p5_ASAP7_75t_L               17    31.726  asap7sc7p5t_SIMPLE_LVT_TT_nldm_211120 
NOR2x1p5_ASAP7_75t_SL              88   164.229 asap7sc7p5t_SIMPLE_SLVT_TT_nldm_211120 
NOR2x2_ASAP7_75t_SL                35    81.648 asap7sc7p5t_SIMPLE_SLVT_TT_nldm_211120 
NOR2xp33_ASAP7_75t_L               41    38.258  asap7sc7p5t_SIMPLE_LVT_TT_nldm_211120 
NOR2xp33_ASAP7_75t_SL             251   234.213 asap7sc7p5t_SIMPLE_SLVT_TT_nldm_211120 
NOR2xp67_ASAP7_75t_L               34    47.589  asap7sc7p5t_SIMPLE_LVT_TT_nldm_211120 
NOR2xp67_ASAP7_75t_SL              12    16.796 asap7sc7p5t_SIMPLE_SLVT_TT_nldm_211120 
NOR3x1_ASAP7_75t_L                  2     5.132  asap7sc7p5t_SIMPLE_LVT_TT_nldm_211120 
NOR3x1_ASAP7_75t_SL                 5    12.830 asap7sc7p5t_SIMPLE_SLVT_TT_nldm_211120 
NOR3x2_ASAP7_75t_SL                 2     9.331 asap7sc7p5t_SIMPLE_SLVT_TT_nldm_211120 
NOR3xp33_ASAP7_75t_SL              24    27.994 asap7sc7p5t_SIMPLE_SLVT_TT_nldm_211120 
NOR4xp25_ASAP7_75t_SL               7     9.798 asap7sc7p5t_SIMPLE_SLVT_TT_nldm_211120 
NOR4xp75_ASAP7_75t_L                2     6.532  asap7sc7p5t_SIMPLE_LVT_TT_nldm_211120 
NOR4xp75_ASAP7_75t_SL               1     3.266 asap7sc7p5t_SIMPLE_SLVT_TT_nldm_211120 
O2A1O1Ixp33_ASAP7_75t_L             1     1.400      asap7sc7p5t_OA_LVT_TT_nldm_211120 
O2A1O1Ixp33_ASAP7_75t_SL           12    16.796     asap7sc7p5t_OA_SLVT_TT_nldm_211120 
O2A1O1Ixp5_ASAP7_75t_SL             6    11.197     asap7sc7p5t_OA_SLVT_TT_nldm_211120 
OA211x2_ASAP7_75t_SL                8    14.930     asap7sc7p5t_OA_SLVT_TT_nldm_211120 
OA21x2_ASAP7_75t_SL               270   440.899     asap7sc7p5t_OA_SLVT_TT_nldm_211120 
OA221x2_ASAP7_75t_SL               13    48.522     asap7sc7p5t_OA_SLVT_TT_nldm_211120 
OA222x2_ASAP7_75t_SL                9    25.194     asap7sc7p5t_OA_SLVT_TT_nldm_211120 
OA22x2_ASAP7_75t_SL               303   706.838     asap7sc7p5t_OA_SLVT_TT_nldm_211120 
OA31x2_ASAP7_75t_SL                 2     6.998     asap7sc7p5t_OA_SLVT_TT_nldm_211120 
OA33x2_ASAP7_75t_SL                 4     9.331     asap7sc7p5t_OA_SLVT_TT_nldm_211120 
OAI211xp5_ASAP7_75t_SL             45    62.986     asap7sc7p5t_OA_SLVT_TT_nldm_211120 
OAI21x1_ASAP7_75t_L                13    24.261      asap7sc7p5t_OA_LVT_TT_nldm_211120 
OAI21x1_ASAP7_75t_SL              211   393.777     asap7sc7p5t_OA_SLVT_TT_nldm_211120 
OAI21xp33_ASAP7_75t_L               1     1.166      asap7sc7p5t_OA_LVT_TT_nldm_211120 
OAI21xp33_ASAP7_75t_SL             13    15.163     asap7sc7p5t_OA_SLVT_TT_nldm_211120 
OAI21xp5_ASAP7_75t_L               20    23.328      asap7sc7p5t_OA_LVT_TT_nldm_211120 
OAI21xp5_ASAP7_75t_SL             209   243.778     asap7sc7p5t_OA_SLVT_TT_nldm_211120 
OAI221xp5_ASAP7_75t_SL             33    53.888     asap7sc7p5t_OA_SLVT_TT_nldm_211120 
OAI222xp33_ASAP7_75t_SL             5    11.664     asap7sc7p5t_OA_SLVT_TT_nldm_211120 
OAI22x1_ASAP7_75t_L                29    67.651      asap7sc7p5t_OA_LVT_TT_nldm_211120 
OAI22x1_ASAP7_75t_SL              117   272.938     asap7sc7p5t_OA_SLVT_TT_nldm_211120 
OAI22xp33_ASAP7_75t_SL              1     1.400     asap7sc7p5t_OA_SLVT_TT_nldm_211120 
OAI22xp5_ASAP7_75t_SL             159   222.549     asap7sc7p5t_OA_SLVT_TT_nldm_211120 
OAI311xp33_ASAP7_75t_SL             5     8.165     asap7sc7p5t_OA_SLVT_TT_nldm_211120 
OAI31xp33_ASAP7_75t_SL              4     5.599     asap7sc7p5t_OA_SLVT_TT_nldm_211120 
OAI31xp67_ASAP7_75t_SL              1     3.033     asap7sc7p5t_OA_SLVT_TT_nldm_211120 
OAI321xp33_ASAP7_75t_SL             4     7.465     asap7sc7p5t_OA_SLVT_TT_nldm_211120 
OAI322xp33_ASAP7_75t_SL             4     8.398     asap7sc7p5t_OA_SLVT_TT_nldm_211120 
OAI32xp33_ASAP7_75t_SL             11    17.963     asap7sc7p5t_OA_SLVT_TT_nldm_211120 
OAI332xp33_ASAP7_75t_SL             5    11.664     asap7sc7p5t_OA_SLVT_TT_nldm_211120 
OR2x2_ASAP7_75t_L                  10    13.997  asap7sc7p5t_SIMPLE_LVT_TT_nldm_211120 
OR2x2_ASAP7_75t_SL                405   566.870 asap7sc7p5t_SIMPLE_SLVT_TT_nldm_211120 
OR2x4_ASAP7_75t_SL                  5     9.331 asap7sc7p5t_SIMPLE_SLVT_TT_nldm_211120 
OR2x6_ASAP7_75t_L                   1     2.799  asap7sc7p5t_SIMPLE_LVT_TT_nldm_211120 
OR2x6_ASAP7_75t_SL                 39   109.175 asap7sc7p5t_SIMPLE_SLVT_TT_nldm_211120 
OR3x1_ASAP7_75t_L                   3     4.199  asap7sc7p5t_SIMPLE_LVT_TT_nldm_211120 
OR3x1_ASAP7_75t_SL                 16    22.395 asap7sc7p5t_SIMPLE_SLVT_TT_nldm_211120 
OR3x2_ASAP7_75t_SL                  6     9.798 asap7sc7p5t_SIMPLE_SLVT_TT_nldm_211120 
OR3x4_ASAP7_75t_SL                  1     2.100 asap7sc7p5t_SIMPLE_SLVT_TT_nldm_211120 
OR4x1_ASAP7_75t_SL                  9    14.697 asap7sc7p5t_SIMPLE_SLVT_TT_nldm_211120 
OR4x2_ASAP7_75t_SL                  3     5.599 asap7sc7p5t_SIMPLE_SLVT_TT_nldm_211120 
OR5x1_ASAP7_75t_SL                  9    16.796 asap7sc7p5t_SIMPLE_SLVT_TT_nldm_211120 
SDFHx1_ASAP7_75t_SL                 8    46.656    asap7sc7p5t_SEQ_SLVT_TT_nldm_220123 
SDFHx2_ASAP7_75t_L                  1     6.065     asap7sc7p5t_SEQ_LVT_TT_nldm_220123 
SDFHx2_ASAP7_75t_SL                 2    12.131    asap7sc7p5t_SEQ_SLVT_TT_nldm_220123 
SDFHx3_ASAP7_75t_SL                 2    12.597    asap7sc7p5t_SEQ_SLVT_TT_nldm_220123 
SDFHx4_ASAP7_75t_SL                 5    36.158    asap7sc7p5t_SEQ_SLVT_TT_nldm_220123 
XNOR2x1_ASAP7_75t_L                 6    16.796  asap7sc7p5t_SIMPLE_LVT_TT_nldm_211120 
XNOR2x1_ASAP7_75t_SL              804  2250.685 asap7sc7p5t_SIMPLE_SLVT_TT_nldm_211120 
XNOR2x2_ASAP7_75t_L                52   133.436  asap7sc7p5t_SIMPLE_LVT_TT_nldm_211120 
XNOR2x2_ASAP7_75t_SL              370   949.450 asap7sc7p5t_SIMPLE_SLVT_TT_nldm_211120 
XNOR2xp5_ASAP7_75t_L               60   125.971  asap7sc7p5t_SIMPLE_LVT_TT_nldm_211120 
XNOR2xp5_ASAP7_75t_SL             521  1093.850 asap7sc7p5t_SIMPLE_SLVT_TT_nldm_211120 
XOR2x1_ASAP7_75t_L                  1     2.799  asap7sc7p5t_SIMPLE_LVT_TT_nldm_211120 
XOR2x1_ASAP7_75t_SL                42   117.573 asap7sc7p5t_SIMPLE_SLVT_TT_nldm_211120 
XOR2x2_ASAP7_75t_L                 48   123.172  asap7sc7p5t_SIMPLE_LVT_TT_nldm_211120 
XOR2x2_ASAP7_75t_SL               754  1934.824 asap7sc7p5t_SIMPLE_SLVT_TT_nldm_211120 
XOR2xp5_ASAP7_75t_L                76   159.564  asap7sc7p5t_SIMPLE_LVT_TT_nldm_211120 
XOR2xp5_ASAP7_75t_SL              308   646.652 asap7sc7p5t_SIMPLE_SLVT_TT_nldm_211120 
---------------------------------------------------------------------------------------
total                           20525 46167.045                                        
                                                                       
                Library                Instances    Area   Instances % 
-----------------------------------------------------------------------
asap7sc7p5t_AO_LVT_TT_nldm_211120            195   425.736         1.0 
asap7sc7p5t_AO_SLVT_TT_nldm_211120          3513  7026.394        17.1 
asap7sc7p5t_INVBUF_LVT_TT_nldm_211120        318   340.589         1.5 
asap7sc7p5t_INVBUF_SLVT_TT_nldm_211120      3446  4040.410        16.8 
asap7sc7p5t_OA_LVT_TT_nldm_211120             64   117.806         0.3 
asap7sc7p5t_OA_SLVT_TT_nldm_211120          1454  2621.134         7.1 
asap7sc7p5t_SEQ_LVT_TT_nldm_220123           248  1185.996         1.2 
asap7sc7p5t_SEQ_SLVT_TT_nldm_220123         2781 14671.912        13.5 
asap7sc7p5t_SIMPLE_LVT_TT_nldm_211120        504   946.650         2.5 
asap7sc7p5t_SIMPLE_SLVT_TT_nldm_211120      8002 14790.419        39.0 
                                          
     Type      Instances    Area   Area % 
------------------------------------------
sequential          3029 15857.908   34.3 
inverter            3128  2991.116    6.5 
buffer               636  1389.882    3.0 
unresolved             4     0.000    0.0 
logic              13732 25928.139   56.2 
physical_cells         0     0.000    0.0 
------------------------------------------
total              20529 46167.045  100.0 
